******************************************************************************
            TI ARM Clang Linker PC v4.0.1                      
******************************************************************************
>> Linked Mon Apr 14 21:28:55 2025

OUTPUT FILE NAME:   <MadMines.out>
ENTRY POINT SYMBOL: "_c_int00_noargs"  address: 0000ac49


MEMORY CONFIGURATION

         name            origin    length      used     unused   attr    fill
----------------------  --------  ---------  --------  --------  ----  --------
  FLASH                 00000000   00020000  0000b0b0  00014f50  R  X
  SRAM                  20200000   00008000  00000880  00007780  RW X
  BCR_CONFIG            41c00000   00000080  00000000  00000080  R   
  BSL_CONFIG            41c00100   00000080  00000000  00000080  R   


SEGMENT ALLOCATION MAP

run origin  load origin   length   init length attrs members
----------  ----------- ---------- ----------- ----- -------
00000000    00000000    0000b0b0   0000b0b0    r-x
  00000000    00000000    000000c0   000000c0    r-- .intvecs
  000000c0    000000c0    00007cb0   00007cb0    r-- .rodata
  00007d70    00007d70    00003240   00003240    r-x .text
  0000afb0    0000afb0    00000008   00000008    r-- .init_array
  0000afb8    0000afb8    000000f8   000000f8    r-- .cinit
20200000    20200000    00000687   00000000    rw-
  20200000    20200000    000002a1   00000000    rw- .data
  202002a8    202002a8    00000200   00000000    rw- .sysmem
  202004a8    202004a8    000001df   00000000    rw- .bss
20207e00    20207e00    00000200   00000000    rw-
  20207e00    20207e00    00000200   00000000    rw- .stack


SECTION ALLOCATION MAP

 output                                  attributes/
section   page    origin      length       input sections
--------  ----  ----------  ----------   ----------------
.intvecs   0    00000000    000000c0     
                  00000000    000000c0     startup_mspm0g3507_ticlang.o (.intvecs)

.binit     0    00000000    00000000     

.text      0    00007d70    00003240     
                  00007d70    00000354     Lab9HMain.o (.text.main)
                  000080c4    00000210     ST7735.o (.text._Z17ST7735_DrawBitmapssPKtss)
                  000082d4    000001b4     Clock.o (.text._Z15Clock_Init80MHzi)
                  00008488    000001a0     ST7735.o (.text._Z16ST7735_DrawCharSsscssh)
                  00008628    0000015c     Machine.o (.text._ZN7Machine10updateRockEh)
                  00008784    00000154     libc.a : fopen.c.obj (.text._openfile)
                  000088d8    0000012c     Player.o (.text._ZN6Player8moveDownEv)
                  00008a04    00000128     TExaS.o (.text._Z8ADC_InitP10ADC12_Regsjj)
                  00008b2c    00000118     ST7735.o (.text._Z15ST7735_FillRectsssst)
                  00008c44    00000114     libc.a : memory.c.obj (.text.aligned_alloc)
                  00008d58    00000108     Player.o (.text._ZN6Player6moveUpEv)
                  00008e60    00000108     Machine.o (.text._ZN7Machine11updateAnvilEh)
                  00008f68    000000f8     SPI.o (.text._Z8SPI_Initv)
                  00009060    000000f4     ST7735.o (.text._Z18ST7735_SetRotationh)
                  00009154    000000ec     libsysbm.a : add_device.c.obj (.text.add_device)
                  00009240    000000e8     TExaS.o (.text._Z9UART_Initv)
                  00009328    000000e8     libc.a : memory.c.obj (.text.free)
                  00009410    000000e0            : setvbuf.c.obj (.text.setvbuf)
                  000094f0    000000d0     ST7735.o (.text._Z14ST7735_OutCharc)
                  000095c0    000000b0     ST7735.o (.text._Z20ST7735_DrawFastHLinessst)
                  00009670    000000b0     ST7735.o (.text._Z20ST7735_DrawFastVLinessst)
                  00009720    000000a8     Timer.o (.text._Z14TimerG7_IntArmtjj)
                  000097c8    000000a6     Player.o (.text._ZN6Player14checkProximityE7Machine)
                  0000986e    000000a6     Player.o (.text._ZN6Player15getMachineInputE7Machine)
                  00009914    000000a2     ST7735.o (.text._ZL11commandListPKh)
                  000099b6    00000002     Sound.o (.text.SysTick_Handler)
                  000099b8    000000a0     libsysbm.a : open.c.obj (.text.open)
                  00009a58    0000009c     ST7735.o (.text._Z17ST7735_InitPrintfv)
                  00009af4    00000098     ST7735.o (.text._Z12ST7735_InitR10initRFlags)
                  00009b8c    00000094     Timer.o (.text._Z15TimerG12_IntArmjj)
                  00009c20    0000008c     SlidePot.o (.text._ZN8SlidePot4InitEv)
                  00009cac    00000088     ST7735.o (.text._ZL13setAddrWindowhhhh)
                  00009d34    0000000c     Clock.o (.text._Z10Clock_Freqv)
                  00009d40    00000088     libc.a : strcmp-armv6m.S.obj (.text:strcmp)
                  00009dc8    00000084     ST7735.o (.text._Z17ST7735_DrawStringttPcs)
                  00009e4c    00000080     Player.o (.text._ZN6Player16resetCoordinatesEv)
                  00009ecc    0000007c     LaunchPad.o (.text._Z14LaunchPad_Initv)
                  00009f48    0000007c     libc.a : fclose.c.obj (.text.__TI_closefile)
                  00009fc4    0000007c            : copy_decompress_lzss.c.obj (.text:decompress:lzss)
                  0000a040    00000070     ST7735.o (.text._Z16ST7735_DrawPixelsst)
                  0000a0b0    00000070     Machine.o (.text._ZN7Machine10printAnvilEh)
                  0000a120    00000070     Machine.o (.text._ZN7Machine9printRockEh)
                  0000a190    0000006c     libsysbm.a : hostlseek.c.obj (.text.HOSTlseek)
                  0000a1fc    0000006c                : hostrename.c.obj (.text.HOSTrename)
                  0000a268    0000006c     libc.a : getdevice.c.obj (.text.getdevice)
                  0000a2d4    00000064            : memory.c.obj (.text.split)
                  0000a338    00000060     libsysbm.a : hostopen.c.obj (.text.HOSTopen)
                  0000a398    00000058                : hostread.c.obj (.text.HOSTread)
                  0000a3f0    00000058                : hostwrite.c.obj (.text.HOSTwrite)
                  0000a448    00000058     TExaS.o (.text._Z10TExaS_InitP10ADC12_RegsjPFhvE)
                  0000a4a0    00000054     SlidePot.o (.text._ZN8SlidePot2InEv)
                  0000a4f4    00000054     libc.a : autoinit.c.obj (.text:__TI_auto_init_nobinit)
                  0000a548    00000052            : fflush.c.obj (.text.__TI_doflush)
                  0000a59a    00000002     Sound.o (.text._Z10Sound_Initv)
                  0000a59c    00000050     libsysbm.a : close.c.obj (.text.close)
                  0000a5ec    0000004c     Player.o (.text._ZN6Player8moveLeftEv)
                  0000a638    0000004c     Player.o (.text._ZN6Player9moveRightEv)
                  0000a684    00000048     libsysbm.a : hostclose.c.obj (.text.HOSTclose)
                  0000a6cc    00000048                : hostunlink.c.obj (.text.HOSTunlink)
                  0000a714    00000048     SPI.o (.text._Z14SPI_OutCommandc)
                  0000a75c    00000040     TExaS.o (.text.TIMG7_IRQHandler)
                  0000a79c    00000040     SPI.o (.text._Z9SPI_Resetv)
                  0000a7dc    00000040     libclang_rt.builtins.a : aeabi_uidivmod.S.obj (.text.__aeabi_uidivmod)
                  0000a81c    00000040     libc.a : fopen.c.obj (.text._search_fp)
                  0000a85c    0000003c     Lab9HMain.o (.text.TIMG12_IRQHandler)
                  0000a898    0000003a     Machine.o (.text._ZN7MachineC2Ehhhh)
                  0000a8d2    00000002     libclang_rt.builtins.a : aeabi_div0.c.obj (.text.__aeabi_idiv0)
                  0000a8d4    00000038     SPI.o (.text._Z11SPI_OutDatac)
                  0000a90c    00000038     LaunchPad.o (.text._Z15ActivatePortA_Bv)
                  0000a944    00000034     ST7735.o (.text._Z12ST7735_writeiPKcj)
                  0000a978    00000034     Clock.o (.text._Z14Clock_Delay1msj)
                  0000a9ac    00000034     ST7735.o (.text._Z16ST7735_SetCursorjj)
                  0000a9e0    00000034     libc.a : fopen.c.obj (.text.__TI_cleanup)
                  0000aa14    00000034     libsysbm.a : trgmsg.c.obj (.text.__TI_readmsg)
                  0000aa48    00000034                : trgmsg.c.obj (.text.__TI_writemsg)
                  0000aa7c    00000034     libc.a : exit.c.obj (.text.exit)
                  0000aab0    00000034            : getdevice.c.obj (.text.finddevice)
                  0000aae4    00000034            : fopen.c.obj (.text.freopen)
                  0000ab18    00000030     ST7735.o (.text._ZL10commonInitPKh)
                  0000ab48    00000030     libc.a : fopen.c.obj (.text.fopen)
                  0000ab78    0000002c     ST7735.o (.text._Z17ST7735_FillScreent)
                  0000aba4    0000002c     libsysbm.a : unlink.c.obj (.text.unlink)
                  0000abd0    00000028     TExaS.o (.text._Z9ADC_StartP10ADC12_Regs)
                  0000abf8    00000028     libc.a : memory.c.obj (.text.free_list_insert)
                  0000ac20    00000028     libsysbm.a : write.c.obj (.text.write)
                  0000ac48    00000028     libc.a : boot_cortex_m.c.obj (.text:_c_int00_noargs)
                  0000ac70    00000024     SlidePot.o (.text._ZN8SlidePot4SaveEj)
                  0000ac94    00000020     Machine.o (.text._Z8Random32v)
                  0000acb4    00000020     SlidePot.o (.text._ZN8SlidePot4SyncEv)
                  0000acd4    0000001e     ST7735.o (.text._ZL9pushColort)
                  0000acf2    00000002     libc.a : _lock.c.obj (.text._nop)
                  0000acf4    0000001c     startup_mspm0g3507_ticlang.o (.text.Default_Handler)
                  0000ad10    0000001c     startup_mspm0g3507_ticlang.o (.text.HardFault_Handler)
                  0000ad2c    0000001c     Switch.o (.text._Z9Switch_Inv)
                  0000ad48    0000001c     Player.o (.text._ZN6PlayerC2Ev)
                  0000ad64    0000001c     Lab9HMain.o (.text.__cxx_global_var_init.2)
                  0000ad80    0000001c     Lab9HMain.o (.text.__cxx_global_var_init.3)
                  0000ad9c    0000001c     Lab9HMain.o (.text.__cxx_global_var_init.4)
                  0000adb8    0000001c     libc.a : memory.c.obj (.text.free_list_remove)
                  0000add4    00000018     Lab9HMain.o (.text._GLOBAL__sub_I_Lab9HMain.cpp)
                  0000adec    00000018     Switch.o (.text._Z11Switch_Initv)
                  0000ae04    00000016     ST7735.o (.text._Z11ST7735_openPKcji)
                  0000ae1a    00000016     ST7735.o (.text._Z11ST7735_readiPcj)
                  0000ae30    00000016     libc.a : copy_zero_init.c.obj (.text:decompress:ZI:__TI_zero_init_nomemset)
                  0000ae46    00000012     Player.o (.text._ZN6Player13setPossessionEh)
                  0000ae58    00000012     libc.a : memcpy16.S.obj (.text:TI_memcpy_small)
                  0000ae6a    00000012            : copy_decompress_none.c.obj (.text:decompress:none)
                  0000ae7c    00000010     Clock.o (.text._Z11Clock_Delayj)
                  0000ae8c    00000010     Lab9HMain.o (.text._Z28TExaS_LaunchPadLogicPB27PB26v)
                  0000ae9c    00000010     Lab9HMain.o (.text.__cxx_global_var_init.1)
                  0000aeac    00000010     Lab9HMain.o (.text.__cxx_global_var_init)
                  0000aebc    0000000e     libc.a : memory.c.obj (.text.OUTLINED_FUNCTION_0)
                  0000aeca    0000000e     ST7735.o (.text._Z12ST7735_lseekili)
                  0000aed8    0000000e     Player.o (.text._ZN6Player7getXPosEv)
                  0000aee6    0000000e     Player.o (.text._ZN6Player7getYPosEv)
                  0000aef4    0000000e     SlidePot.o (.text._ZN8SlidePotC2Ev)
                  0000af02    0000000e     libsysbm.a : hostrename.c.obj (.text.strcpy)
                  0000af10    0000000e                : hostrename.c.obj (.text.strlen)
                  0000af1e    0000000e     libc.a : memset16.S.obj (.text:TI_memset_small)
                  0000af2c    0000000c     ST7735.o (.text._Z13ST7735_renamePKcS0_)
                  0000af38    0000000c     Player.o (.text._ZN6Player7getSizeEv)
                  0000af44    0000000c     SlidePot.o (.text._ZN8SlidePot9DistanceXEv)
                  0000af50    0000000c     SlidePot.o (.text._ZN8SlidePot9DistanceYEv)
                  0000af5c    0000000c     libclang_rt.builtins.a : aeabi_memset.S.obj (.text.__aeabi_memclr)
                  0000af68    0000000c     libc.a : memory.c.obj (.text.malloc)
                  0000af74    0000000a     ST7735.o (.text._Z12ST7735_closei)
                  0000af7e    0000000a     ST7735.o (.text._Z13ST7735_unlinkPKc)
                  0000af88    0000000a     Lab9HMain.o (.text._Z8PLL_Initv)
                  0000af92    00000002     --HOLE-- [fill = 0]
                  0000af94    00000008     libclang_rt.builtins.a : aeabi_memcpy.S.obj (.text.__aeabi_memcpy)
                  0000af9c    00000008     libsysbm.a : remove.c.obj (.text.remove)
                  0000afa4    00000004     startup_mspm0g3507_ticlang.o (.text.Reset_Handler)
                  0000afa8    00000004     libc.a : pre_init.c.obj (.text._system_pre_init)
                  0000afac    00000004            : exit.c.obj (.text:abort)

.cinit     0    0000afb8    000000f8     
                  0000afb8    000000d3     (.cinit..data.load) [load image, compression = lzss]
                  0000b08b    00000001     --HOLE-- [fill = 0]
                  0000b08c    0000000c     (__TI_handler_table)
                  0000b098    00000008     (.cinit..bss.load) [load image, compression = zero_init]
                  0000b0a0    00000010     (__TI_cinit_table)

.rodata    0    000000c0    00007cb0     
                  000000c0    00000f78     Machine.o (.rodata._ZL12anvilWorking)
                  00001038    00000f78     Machine.o (.rodata._ZL14anvilHighlight)
                  00001fb0    00000f78     Machine.o (.rodata._ZL5anvil)
                  00002f28    00000bb0     Machine.o (.rodata._ZL11workingRock)
                  00003ad8    00000bb0     Machine.o (.rodata._ZL13highlightRock)
                  00004688    00000bb0     Machine.o (.rodata._ZL4rock)
                  00005238    00000882     Lab9HMain.o (.rodata._ZL5miner)
                  00005aba    000004fb     ST7735.o (.rodata._ZL4Font)
                  00005fb5    00000001     --HOLE-- [fill = 0]
                  00005fb6    00000348     Lab9HMain.o (.rodata._ZL5watch)
                  000062fe    00000320     Lab9HMain.o (.rodata._ZL5trash)
                  0000661e    000002d2     Lab9HMain.o (.rodata._ZL5sword)
                  000068f0    000002ac     Lab9HMain.o (.rodata._ZL3key)
                  00006b9c    000002a0     Lab9HMain.o (.rodata._ZL6shield)
                  00006e3c    00000220     Lab9HMain.o (.rodata._ZL4ring)
                  0000705c    0000018c     Lab9HMain.o (.rodata._ZL10rawDiamond)
                  000071e8    0000018c     Lab9HMain.o (.rodata._ZL10rawEmerald)
                  00007374    0000018c     Lab9HMain.o (.rodata._ZL7rawGold)
                  00007500    0000018c     Lab9HMain.o (.rodata._ZL7rawRuby)
                  0000768c    0000018c     Lab9HMain.o (.rodata._ZL9rawSilver)
                  00007818    0000010e     Lab9HMain.o (.rodata._ZL4gold)
                  00007926    0000010e     Lab9HMain.o (.rodata._ZL6silver)
                  00007a34    000000d8     Lab9HMain.o (.rodata._ZL4Ruby)
                  00007b0c    000000d8     Lab9HMain.o (.rodata._ZL7Diamond)
                  00007be4    000000d8     Lab9HMain.o (.rodata._ZL7Emerald)
                  00007cbc    0000003b     ST7735.o (.rodata._ZL5Rcmd1)
                  00007cf7    0000002b     ST7735.o (.rodata._ZL5Rcmd3)
                  00007d22    00000016     ST7735.o (.rodata.str1.43788427057889536241)
                  00007d38    0000000d     ST7735.o (.rodata._ZL10Rcmd2green)
                  00007d45    0000000d     ST7735.o (.rodata._ZL8Rcmd2red)
                  00007d52    00000008     ST7735.o (.rodata.str1.54535931475021008601)
                  00007d5a    00000007     ST7735.o (.rodata.str1.103567388005067375301)
                  00007d61    00000007     ST7735.o (.rodata.str1.132933244321656697041)
                  00007d68    00000002     ST7735.o (.rodata.str1.18657686242476325171)
                  00007d6a    00000006     --HOLE-- [fill = 0]

.init_array 
*          0    0000afb0    00000008     
                  0000afb0    00000004     Lab9HMain.o (.init_array)
                  0000afb4    00000004     --HOLE-- [fill = 0]

.data      0    20200000    000002a1     UNINITIALIZED
                  20200000    000000f0     libc.a : defs.c.obj (.data._ftable)
                  202000f0    00000088     Lab9HMain.o (.data.sprites)
                  20200178    00000078     libsysbm.a : host_device.c.obj (.data._device)
                  202001f0    00000050                : host_device.c.obj (.data._stream)
                  20200240    0000000c     Lab9HMain.o (.data.Sensor)
                  2020024c    00000008     libc.a : exit.c.obj (.data..L_MergedGlobals)
                  20200254    00000008     Lab9HMain.o (.data.m_anvil)
                  2020025c    00000008     Lab9HMain.o (.data.m_refiner)
                  20200264    00000008     Lab9HMain.o (.data.m_rock)
                  2020026c    00000008     Lab9HMain.o (.data.p1)
                  20200274    00000004     Clock.o (.data.BusFreq)
                  20200278    00000004     Machine.o (.data.M)
                  2020027c    00000004     ST7735.o (.data.StX)
                  20200280    00000004     ST7735.o (.data.StY)
                  20200284    00000004     libc.a : defs.c.obj (.data.__TI_ft_end)
                  20200288    00000004            : _lock.c.obj (.data._lock)
                  2020028c    00000004            : _lock.c.obj (.data._unlock)
                  20200290    00000002     ST7735.o (.data.StTextColor)
                  20200292    00000002     ST7735.o (.data._ZL6_width)
                  20200294    00000002     ST7735.o (.data._ZL7_height)
                  20200296    00000001     Machine.o (.data._ZZN7Machine10updateRockEhE10wasWorking)
                  20200297    00000001     Lab9HMain.o (.data.input)
                  20200298    00000001     libsysbm.a : add_device.c.obj (.data.add_device.device_init)
                  20200299    00000003     --HOLE--
                  2020029c    00000001     libc.a : memory.c.obj (.data.memory_is_initialized)
                  2020029d    00000003     --HOLE--
                  202002a0    00000001     libsysbm.a : open.c.obj (.data.open.stream_init)

.sysmem    0    202002a8    00000200     UNINITIALIZED
                  202002a8    00000010     libc.a : memory.c.obj (.sysmem)
                  202002b8    000001f0     --HOLE--

.bss       0    202004a8    000001df     UNINITIALIZED
                  202004a8    00000120     libsysbm.a : trgmsg.c.obj (.bss:_CIOBUF_)
                  202005c8    000000a0     libc.a : defs.c.obj (.bss.__TI_tmpnams)
                  20200668    00000008     libsysbm.a : hostopen.c.obj (.bss.parmbuf)
                  20200670    00000005     Machine.o (.bss._ZZN7Machine11updateAnvilEhE10AnvilItems)
                  20200675    00000001     ST7735.o (.bss._ZL8ColStart)
                  20200676    00000001     ST7735.o (.bss._ZL8Rotation)
                  20200677    00000001     ST7735.o (.bss._ZL8RowStart)
                  20200678    00000004     TExaS.o (.bss.TExaSLogic)
                  2020067c    00000004     TExaS.o (.bss.TExaSadc)
                  20200680    00000004     libc.a : memory.c.obj (.bss.sys_free)
                  20200684    00000001     ST7735.o (.bss._ZL8TabColor)
                  20200685    00000001     Machine.o (.bss._ZZN7Machine11updateAnvilEhE11anvilLength)
                  20200686    00000001     Lab9HMain.o (.bss.buttons)

.stack     0    20207e00    00000200     UNINITIALIZED
                  20207e00    00000004     libc.a : boot_cortex_m.c.obj (.stack)
                  20207e04    000001fc     --HOLE--

__llvm_prf_cnts 
*          0    20200000    00000000     UNINITIALIZED

__llvm_prf_bits 
*          0    20200000    00000000     UNINITIALIZED

MODULE SUMMARY

       Module                         code    ro data   rw data
       ------                         ----    -------   -------
    .\
       Machine.o                      926     20856     11     
       Lab9HMain.o                    1078    9612      182    
       ST7735.o                       3194    1449      18     
       Player.o                       1262    0         0      
       TExaS.o                        720     0         8      
       Clock.o                        516     0         4      
       SPI.o                          440     0         0      
       SlidePot.o                     330     0         0      
       Timer.o                        316     0         0      
       LaunchPad.o                    180     0         0      
       Switch.o                       52      0         0      
       Sound.o                        4       0         0      
    +--+------------------------------+-------+---------+---------+
       Total:                         9018    31917     223    
                                                               
    .\ticlang\
       startup_mspm0g3507_ticlang.o   60      192       0      
    +--+------------------------------+-------+---------+---------+
       Total:                         60      192       0      
                                                               
    C:\ti\ccs\tools\compiler\ti-cgt-armllvm_4.0.1.LTS\lib\armv6m-ti-none-eabi/c/libc.a
       memory.c.obj                   702     0         5      
       fopen.c.obj                    556     0         0      
       defs.c.obj                     0       0         404    
       setvbuf.c.obj                  224     0         0      
       getdevice.c.obj                160     0         0      
       strcmp-armv6m.S.obj            136     0         0      
       copy_decompress_lzss.c.obj     124     0         0      
       fclose.c.obj                   124     0         0      
       autoinit.c.obj                 84      0         0      
       fflush.c.obj                   82      0         0      
       exit.c.obj                     56      0         8      
       boot_cortex_m.c.obj            40      0         0      
       copy_zero_init.c.obj           22      0         0      
       copy_decompress_none.c.obj     18      0         0      
       memcpy16.S.obj                 18      0         0      
       memset16.S.obj                 14      0         0      
       _lock.c.obj                    2       0         8      
       pre_init.c.obj                 4       0         0      
    +--+------------------------------+-------+---------+---------+
       Total:                         2366    0         425    
                                                               
    C:\ti\ccs\tools\compiler\ti-cgt-armllvm_4.0.1.LTS\lib\armv6m-ti-none-eabi/c/libsysbm.a
       trgmsg.c.obj                   104     0         288    
       add_device.c.obj               236     0         1      
       host_device.c.obj              0       0         200    
       open.c.obj                     160     0         1      
       hostrename.c.obj               136     0         0      
       hostlseek.c.obj                108     0         0      
       hostopen.c.obj                 96      0         8      
       hostread.c.obj                 88      0         0      
       hostwrite.c.obj                88      0         0      
       close.c.obj                    80      0         0      
       hostclose.c.obj                72      0         0      
       hostunlink.c.obj               72      0         0      
       unlink.c.obj                   44      0         0      
       write.c.obj                    40      0         0      
       remove.c.obj                   8       0         0      
    +--+------------------------------+-------+---------+---------+
       Total:                         1332    0         498    
                                                               
    C:\ti\ccs\tools\compiler\ti-cgt-armllvm_4.0.1.LTS\lib\armv6m-ti-none-eabi/libclang_rt.builtins.a
       aeabi_uidivmod.S.obj           64      0         0      
       aeabi_memset.S.obj             12      0         0      
       aeabi_memcpy.S.obj             8       0         0      
       aeabi_div0.c.obj               2       0         0      
    +--+------------------------------+-------+---------+---------+
       Total:                         86      0         0      
                                                               
       Heap:                          0       0         512    
       Stack:                         0       0         512    
       Linker Generated:              0       247       0      
    +--+------------------------------+-------+---------+---------+
       Grand Total:                   12862   32356     2170   


LINKER GENERATED COPY TABLES

__TI_cinit_table @ 0000b0a0 records: 2, size/record: 8, table size: 16
	.data: load addr=0000afb8, load size=000000d3 bytes, run addr=20200000, run size=000002a1 bytes, compression=lzss
	.bss: load addr=0000b098, load size=00000008 bytes, run addr=202004a8, run size=000001df bytes, compression=zero_init


LINKER GENERATED HANDLER TABLE

__TI_handler_table @ 0000b08c records: 3, size/record: 4, table size: 12
	index: 0, handler: __TI_decompress_lzss
	index: 1, handler: __TI_decompress_none
	index: 2, handler: __TI_zero_init


GLOBAL SYMBOLS: SORTED ALPHABETICALLY BY Name 

address   name                                
-------   ----                                
0000acf5  ADC0_IRQHandler                     
0000acf5  ADC1_IRQHandler                     
0000acf5  AES_IRQHandler                      
20200274  BusFreq                             
0000afac  C$$EXIT                             
0000aa75  C$$IO$$                             
0000acf5  CANFD0_IRQHandler                   
0000acf5  DAC0_IRQHandler                     
0000acf5  DMA_IRQHandler                      
0000acf5  Default_Handler                     
0000acf5  GROUP0_IRQHandler                   
0000acf5  GROUP1_IRQHandler                   
0000a685  HOSTclose                           
0000a191  HOSTlseek                           
0000a339  HOSTopen                            
0000a399  HOSTread                            
0000a1fd  HOSTrename                          
0000a6cd  HOSTunlink                          
0000a3f1  HOSTwrite                           
0000ad11  HardFault_Handler                   
0000acf5  I2C0_IRQHandler                     
0000acf5  I2C1_IRQHandler                     
20200278  M                                   
0000acf5  NMI_Handler                         
0000acf5  PendSV_Handler                      
0000acf5  RTC_IRQHandler                      
0000afa5  Reset_Handler                       
0000afb0  SHT$$INIT_ARRAY$$Base               
0000afb4  SHT$$INIT_ARRAY$$Limit              
0000acf5  SPI0_IRQHandler                     
0000acf5  SPI1_IRQHandler                     
0000acf5  SVC_Handler                         
20200240  Sensor                              
20200290  StTextColor                         
2020027c  StX                                 
20200280  StY                                 
000099b7  SysTick_Handler                     
20200678  TExaSLogic                          
2020067c  TExaSadc                            
0000acf5  TIMA0_IRQHandler                    
0000acf5  TIMA1_IRQHandler                    
0000acf5  TIMG0_IRQHandler                    
0000a85d  TIMG12_IRQHandler                   
0000acf5  TIMG6_IRQHandler                    
0000a75d  TIMG7_IRQHandler                    
0000acf5  TIMG8_IRQHandler                    
0000ae59  TI_memcpy_small                     
0000af1f  TI_memset_small                     
0000acf5  UART0_IRQHandler                    
0000acf5  UART1_IRQHandler                    
0000acf5  UART2_IRQHandler                    
0000acf5  UART3_IRQHandler                    
202004a8  _CIOBUF_                            
00009d35  _Z10Clock_Freqv                     
0000a59b  _Z10Sound_Initv                     
0000a449  _Z10TExaS_InitP10ADC12_RegsjPFhvE   
0000ae7d  _Z11Clock_Delayj                    
0000a8d5  _Z11SPI_OutDatac                    
0000ae05  _Z11ST7735_openPKcji                
0000ae1b  _Z11ST7735_readiPcj                 
0000aded  _Z11Switch_Initv                    
00009af5  _Z12ST7735_InitR10initRFlags        
0000af75  _Z12ST7735_closei                   
0000aecb  _Z12ST7735_lseekili                 
0000a945  _Z12ST7735_writeiPKcj               
0000af2d  _Z13ST7735_renamePKcS0_             
0000af7f  _Z13ST7735_unlinkPKc                
0000a979  _Z14Clock_Delay1msj                 
00009ecd  _Z14LaunchPad_Initv                 
0000a715  _Z14SPI_OutCommandc                 
000094f1  _Z14ST7735_OutCharc                 
00009721  _Z14TimerG7_IntArmtjj               
0000a90d  _Z15ActivatePortA_Bv                
000082d5  _Z15Clock_Init80MHzi                
00008b2d  _Z15ST7735_FillRectsssst            
00009b8d  _Z15TimerG12_IntArmjj               
00008489  _Z16ST7735_DrawCharSsscssh          
0000a041  _Z16ST7735_DrawPixelsst             
0000a9ad  _Z16ST7735_SetCursorjj              
000080c5  _Z17ST7735_DrawBitmapssPKtss        
00009dc9  _Z17ST7735_DrawStringttPcs          
0000ab79  _Z17ST7735_FillScreent              
00009a59  _Z17ST7735_InitPrintfv              
00009061  _Z18ST7735_SetRotationh             
000095c1  _Z20ST7735_DrawFastHLinessst        
00009671  _Z20ST7735_DrawFastVLinessst        
0000ae8d  _Z28TExaS_LaunchPadLogicPB27PB26v   
00008a05  _Z8ADC_InitP10ADC12_Regsjj          
0000af89  _Z8PLL_Initv                        
0000ac95  _Z8Random32v                        
00008f69  _Z8SPI_Initv                        
0000abd1  _Z9ADC_StartP10ADC12_Regs           
0000a79d  _Z9SPI_Resetv                       
0000ad2d  _Z9Switch_Inv                       
00009241  _Z9UART_Initv                       
0000ae47  _ZN6Player13setPossessionEh         
000097c9  _ZN6Player14checkProximityE7Machine 
0000986f  _ZN6Player15getMachineInputE7Machine
00009e4d  _ZN6Player16resetCoordinatesEv      
00008d59  _ZN6Player6moveUpEv                 
0000af39  _ZN6Player7getSizeEv                
0000aed9  _ZN6Player7getXPosEv                
0000aee7  _ZN6Player7getYPosEv                
000088d9  _ZN6Player8moveDownEv               
0000a5ed  _ZN6Player8moveLeftEv               
0000a639  _ZN6Player9moveRightEv              
0000ad49  _ZN6PlayerC1Ev                      
0000ad49  _ZN6PlayerC2Ev                      
0000a0b1  _ZN7Machine10printAnvilEh           
00008629  _ZN7Machine10updateRockEh           
00008e61  _ZN7Machine11updateAnvilEh          
0000a121  _ZN7Machine9printRockEh             
0000a899  _ZN7MachineC1Ehhhh                  
0000a899  _ZN7MachineC2Ehhhh                  
0000a4a1  _ZN8SlidePot2InEv                   
00009c21  _ZN8SlidePot4InitEv                 
0000ac71  _ZN8SlidePot4SaveEj                 
0000acb5  _ZN8SlidePot4SyncEv                 
0000af45  _ZN8SlidePot9DistanceXEv            
0000af51  _ZN8SlidePot9DistanceYEv            
0000aef5  _ZN8SlidePotC1Ev                    
0000aef5  _ZN8SlidePotC2Ev                    
202004a8  __CIOBUF_                           
20208000  __STACK_END                         
00000200  __STACK_SIZE                        
00000200  __SYSMEM_SIZE                       
00000000  __TI_ATRegion0_region_sz            
00000000  __TI_ATRegion0_src_addr             
00000000  __TI_ATRegion0_trg_addr             
00000000  __TI_ATRegion1_region_sz            
00000000  __TI_ATRegion1_src_addr             
00000000  __TI_ATRegion1_trg_addr             
00000000  __TI_ATRegion2_region_sz            
00000000  __TI_ATRegion2_src_addr             
00000000  __TI_ATRegion2_trg_addr             
0000b0a0  __TI_CINIT_Base                     
0000b0b0  __TI_CINIT_Limit                    
0000b0b0  __TI_CINIT_Warm                     
0000b08c  __TI_Handler_Table_Base             
0000b098  __TI_Handler_Table_Limit            
0000a4f5  __TI_auto_init_nobinit              
0000a9e1  __TI_cleanup                        
2020024c  __TI_cleanup_ptr                    
00009f49  __TI_closefile                      
00009fc5  __TI_decompress_lzss                
0000ae6b  __TI_decompress_none                
0000a549  __TI_doflush                        
20200250  __TI_dtors_ptr                      
20200284  __TI_ft_end                         
ffffffff  __TI_pprof_out_hndl                 
ffffffff  __TI_prof_data_size                 
ffffffff  __TI_prof_data_start                
0000aa15  __TI_readmsg                        
00000000  __TI_static_base__                  
202005c8  __TI_tmpnams                        
0000aa49  __TI_writemsg                       
0000ae31  __TI_zero_init_nomemset             
0000a8d3  __aeabi_idiv0                       
0000af5d  __aeabi_memclr                      
0000af5d  __aeabi_memclr4                     
0000af5d  __aeabi_memclr8                     
0000af95  __aeabi_memcpy                      
0000af95  __aeabi_memcpy4                     
0000af95  __aeabi_memcpy8                     
0000a7dd  __aeabi_uidiv                       
0000a7dd  __aeabi_uidivmod                    
ffffffff  __binit__                           
UNDEFED   __mpu_init                          
20207e00  __stack                             
20200000  __start___llvm_prf_bits             
20200000  __start___llvm_prf_cnts             
20200000  __stop___llvm_prf_bits              
20200000  __stop___llvm_prf_cnts              
0000ac49  _c_int00_noargs                     
20200178  _device                             
20200000  _ftable                             
20200288  _lock                               
0000acf3  _nop                                
202001f0  _stream                             
202002a8  _sys_memory                         
UNDEFED   _system_post_cinit                  
0000afa9  _system_pre_init                    
2020028c  _unlock                             
0000afad  abort                               
00009155  add_device                          
00008c45  aligned_alloc                       
ffffffff  binit                               
20200686  buttons                             
0000a59d  close                               
0000aa7d  exit                                
0000aab1  finddevice                          
0000ab49  fopen                               
00009329  free                                
0000aae5  freopen                             
0000a269  getdevice                           
20200297  input                               
00000000  interruptVectors                    
20200254  m_anvil                             
2020025c  m_refiner                           
20200264  m_rock                              
00007d71  main                                
0000af69  malloc                              
00008c45  memalign                            
000099b9  open                                
2020026c  p1                                  
20200668  parmbuf                             
0000af9d  remove                              
00009411  setvbuf                             
202000f0  sprites                             
00009d41  strcmp                              
0000aba5  unlink                              
0000ac21  write                               


GLOBAL SYMBOLS: SORTED BY Symbol Address 

address   name                                
-------   ----                                
00000000  __TI_ATRegion0_region_sz            
00000000  __TI_ATRegion0_src_addr             
00000000  __TI_ATRegion0_trg_addr             
00000000  __TI_ATRegion1_region_sz            
00000000  __TI_ATRegion1_src_addr             
00000000  __TI_ATRegion1_trg_addr             
00000000  __TI_ATRegion2_region_sz            
00000000  __TI_ATRegion2_src_addr             
00000000  __TI_ATRegion2_trg_addr             
00000000  __TI_static_base__                  
00000000  interruptVectors                    
00000200  __STACK_SIZE                        
00000200  __SYSMEM_SIZE                       
00007d71  main                                
000080c5  _Z17ST7735_DrawBitmapssPKtss        
000082d5  _Z15Clock_Init80MHzi                
00008489  _Z16ST7735_DrawCharSsscssh          
00008629  _ZN7Machine10updateRockEh           
000088d9  _ZN6Player8moveDownEv               
00008a05  _Z8ADC_InitP10ADC12_Regsjj          
00008b2d  _Z15ST7735_FillRectsssst            
00008c45  aligned_alloc                       
00008c45  memalign                            
00008d59  _ZN6Player6moveUpEv                 
00008e61  _ZN7Machine11updateAnvilEh          
00008f69  _Z8SPI_Initv                        
00009061  _Z18ST7735_SetRotationh             
00009155  add_device                          
00009241  _Z9UART_Initv                       
00009329  free                                
00009411  setvbuf                             
000094f1  _Z14ST7735_OutCharc                 
000095c1  _Z20ST7735_DrawFastHLinessst        
00009671  _Z20ST7735_DrawFastVLinessst        
00009721  _Z14TimerG7_IntArmtjj               
000097c9  _ZN6Player14checkProximityE7Machine 
0000986f  _ZN6Player15getMachineInputE7Machine
000099b7  SysTick_Handler                     
000099b9  open                                
00009a59  _Z17ST7735_InitPrintfv              
00009af5  _Z12ST7735_InitR10initRFlags        
00009b8d  _Z15TimerG12_IntArmjj               
00009c21  _ZN8SlidePot4InitEv                 
00009d35  _Z10Clock_Freqv                     
00009d41  strcmp                              
00009dc9  _Z17ST7735_DrawStringttPcs          
00009e4d  _ZN6Player16resetCoordinatesEv      
00009ecd  _Z14LaunchPad_Initv                 
00009f49  __TI_closefile                      
00009fc5  __TI_decompress_lzss                
0000a041  _Z16ST7735_DrawPixelsst             
0000a0b1  _ZN7Machine10printAnvilEh           
0000a121  _ZN7Machine9printRockEh             
0000a191  HOSTlseek                           
0000a1fd  HOSTrename                          
0000a269  getdevice                           
0000a339  HOSTopen                            
0000a399  HOSTread                            
0000a3f1  HOSTwrite                           
0000a449  _Z10TExaS_InitP10ADC12_RegsjPFhvE   
0000a4a1  _ZN8SlidePot2InEv                   
0000a4f5  __TI_auto_init_nobinit              
0000a549  __TI_doflush                        
0000a59b  _Z10Sound_Initv                     
0000a59d  close                               
0000a5ed  _ZN6Player8moveLeftEv               
0000a639  _ZN6Player9moveRightEv              
0000a685  HOSTclose                           
0000a6cd  HOSTunlink                          
0000a715  _Z14SPI_OutCommandc                 
0000a75d  TIMG7_IRQHandler                    
0000a79d  _Z9SPI_Resetv                       
0000a7dd  __aeabi_uidiv                       
0000a7dd  __aeabi_uidivmod                    
0000a85d  TIMG12_IRQHandler                   
0000a899  _ZN7MachineC1Ehhhh                  
0000a899  _ZN7MachineC2Ehhhh                  
0000a8d3  __aeabi_idiv0                       
0000a8d5  _Z11SPI_OutDatac                    
0000a90d  _Z15ActivatePortA_Bv                
0000a945  _Z12ST7735_writeiPKcj               
0000a979  _Z14Clock_Delay1msj                 
0000a9ad  _Z16ST7735_SetCursorjj              
0000a9e1  __TI_cleanup                        
0000aa15  __TI_readmsg                        
0000aa49  __TI_writemsg                       
0000aa75  C$$IO$$                             
0000aa7d  exit                                
0000aab1  finddevice                          
0000aae5  freopen                             
0000ab49  fopen                               
0000ab79  _Z17ST7735_FillScreent              
0000aba5  unlink                              
0000abd1  _Z9ADC_StartP10ADC12_Regs           
0000ac21  write                               
0000ac49  _c_int00_noargs                     
0000ac71  _ZN8SlidePot4SaveEj                 
0000ac95  _Z8Random32v                        
0000acb5  _ZN8SlidePot4SyncEv                 
0000acf3  _nop                                
0000acf5  ADC0_IRQHandler                     
0000acf5  ADC1_IRQHandler                     
0000acf5  AES_IRQHandler                      
0000acf5  CANFD0_IRQHandler                   
0000acf5  DAC0_IRQHandler                     
0000acf5  DMA_IRQHandler                      
0000acf5  Default_Handler                     
0000acf5  GROUP0_IRQHandler                   
0000acf5  GROUP1_IRQHandler                   
0000acf5  I2C0_IRQHandler                     
0000acf5  I2C1_IRQHandler                     
0000acf5  NMI_Handler                         
0000acf5  PendSV_Handler                      
0000acf5  RTC_IRQHandler                      
0000acf5  SPI0_IRQHandler                     
0000acf5  SPI1_IRQHandler                     
0000acf5  SVC_Handler                         
0000acf5  TIMA0_IRQHandler                    
0000acf5  TIMA1_IRQHandler                    
0000acf5  TIMG0_IRQHandler                    
0000acf5  TIMG6_IRQHandler                    
0000acf5  TIMG8_IRQHandler                    
0000acf5  UART0_IRQHandler                    
0000acf5  UART1_IRQHandler                    
0000acf5  UART2_IRQHandler                    
0000acf5  UART3_IRQHandler                    
0000ad11  HardFault_Handler                   
0000ad2d  _Z9Switch_Inv                       
0000ad49  _ZN6PlayerC1Ev                      
0000ad49  _ZN6PlayerC2Ev                      
0000aded  _Z11Switch_Initv                    
0000ae05  _Z11ST7735_openPKcji                
0000ae1b  _Z11ST7735_readiPcj                 
0000ae31  __TI_zero_init_nomemset             
0000ae47  _ZN6Player13setPossessionEh         
0000ae59  TI_memcpy_small                     
0000ae6b  __TI_decompress_none                
0000ae7d  _Z11Clock_Delayj                    
0000ae8d  _Z28TExaS_LaunchPadLogicPB27PB26v   
0000aecb  _Z12ST7735_lseekili                 
0000aed9  _ZN6Player7getXPosEv                
0000aee7  _ZN6Player7getYPosEv                
0000aef5  _ZN8SlidePotC1Ev                    
0000aef5  _ZN8SlidePotC2Ev                    
0000af1f  TI_memset_small                     
0000af2d  _Z13ST7735_renamePKcS0_             
0000af39  _ZN6Player7getSizeEv                
0000af45  _ZN8SlidePot9DistanceXEv            
0000af51  _ZN8SlidePot9DistanceYEv            
0000af5d  __aeabi_memclr                      
0000af5d  __aeabi_memclr4                     
0000af5d  __aeabi_memclr8                     
0000af69  malloc                              
0000af75  _Z12ST7735_closei                   
0000af7f  _Z13ST7735_unlinkPKc                
0000af89  _Z8PLL_Initv                        
0000af95  __aeabi_memcpy                      
0000af95  __aeabi_memcpy4                     
0000af95  __aeabi_memcpy8                     
0000af9d  remove                              
0000afa5  Reset_Handler                       
0000afa9  _system_pre_init                    
0000afac  C$$EXIT                             
0000afad  abort                               
0000afb0  SHT$$INIT_ARRAY$$Base               
0000afb4  SHT$$INIT_ARRAY$$Limit              
0000b08c  __TI_Handler_Table_Base             
0000b098  __TI_Handler_Table_Limit            
0000b0a0  __TI_CINIT_Base                     
0000b0b0  __TI_CINIT_Limit                    
0000b0b0  __TI_CINIT_Warm                     
20200000  __start___llvm_prf_bits             
20200000  __start___llvm_prf_cnts             
20200000  __stop___llvm_prf_bits              
20200000  __stop___llvm_prf_cnts              
20200000  _ftable                             
202000f0  sprites                             
20200178  _device                             
202001f0  _stream                             
20200240  Sensor                              
2020024c  __TI_cleanup_ptr                    
20200250  __TI_dtors_ptr                      
20200254  m_anvil                             
2020025c  m_refiner                           
20200264  m_rock                              
2020026c  p1                                  
20200274  BusFreq                             
20200278  M                                   
2020027c  StX                                 
20200280  StY                                 
20200284  __TI_ft_end                         
20200288  _lock                               
2020028c  _unlock                             
20200290  StTextColor                         
20200297  input                               
202002a8  _sys_memory                         
202004a8  _CIOBUF_                            
202004a8  __CIOBUF_                           
202005c8  __TI_tmpnams                        
20200668  parmbuf                             
20200678  TExaSLogic                          
2020067c  TExaSadc                            
20200686  buttons                             
20207e00  __stack                             
20208000  __STACK_END                         
ffffffff  __TI_pprof_out_hndl                 
ffffffff  __TI_prof_data_size                 
ffffffff  __TI_prof_data_start                
ffffffff  __binit__                           
ffffffff  binit                               
UNDEFED   __mpu_init                          
UNDEFED   _system_post_cinit                  

[212 symbols]
