******************************************************************************
            TI ARM Clang Linker PC v4.0.1                      
******************************************************************************
>> Linked Wed Apr 23 18:38:14 2025

OUTPUT FILE NAME:   <MadMines.out>
ENTRY POINT SYMBOL: "_c_int00_noargs"  address: 0001f6f9


MEMORY CONFIGURATION

         name            origin    length      used     unused   attr    fill
----------------------  --------  ---------  --------  --------  ----  --------
  FLASH                 00000000   00020000  0001fca8  00000358  R  X
  SRAM                  20200000   00008000  00001a84  0000657c  RW X
  BCR_CONFIG            41c00000   00000080  00000000  00000080  R   
  BSL_CONFIG            41c00100   00000080  00000000  00000080  R   


SEGMENT ALLOCATION MAP

run origin  load origin   length   init length attrs members
----------  ----------- ---------- ----------- ----- -------
00000000    00000000    000000c0   000000c0    r--
  00000000    00000000    000000c0   000000c0    r-- .intvecs
00000000    00000000    00000638   00000638    r--
  00000000    00000000    00000638   00000638    r-- .cinit
000000c0    000000c0    0001fbe8   0001fbe8    r-x
  000000c0    000000c0    00018a90   00018a90    r-- .rodata
  00018b50    00018b50    00007150   00007150    r-x .text
  0001fca0    0001fca0    00000008   00000008    r-- .init_array
20200000    20200000    00001888   00000000    rw-
  20200000    20200000    00001481   00000000    rw- .data
  20201484    20201484    00000203   00000000    rw- .bss
  20201688    20201688    00000200   00000000    rw- .sysmem
20207e00    20207e00    00000200   00000000    rw-
  20207e00    20207e00    00000200   00000000    rw- .stack


SECTION ALLOCATION MAP

 output                                  attributes/
section   page    origin      length       input sections
--------  ----  ----------  ----------   ----------------
.intvecs   0    00000000    000000c0     
                  00000000    000000c0     startup_mspm0g3507_ticlang.o (.intvecs)

.text      0    00018b50    00007150     
                  00018b50    00000efc     Lab9HMain.o (.text.main)
                  00019a4c    00000528     Machine.o (.text._ZN7Machine10updateCartEh)
                  00019f74    000004dc     Machine.o (.text._ZN7Machine11updateAnvilEh)
                  0001a450    00000448     Machine.o (.text._ZN7Machine10updateRockEh)
                  0001a898    000003f0     Lab9HMain.o (.text._Z17setUpInstructionsh)
                  0001ac88    0000038c     Machine.o (.text._ZN7Machine14updateCountersEhPS_)
                  0001b014    00000340     Machine.o (.text._ZN7Machine13updateSmelterEh)
                  0001b354    000002b8     Machine.o (.text._ZN7Machine10printAnvilEv)
                  0001b60c    000002b0     Machine.o (.text._ZN7Machine13printCountersEPS_)
                  0001b8bc    00000244     Player.o (.text._ZN6Player8inBoundsEssPP7Machinehh)
                  0001bb00    00000210     ST7735.o (.text._Z17ST7735_DrawBitmapssPKtss)
                  0001bd10    000001d8     Machine.o (.text._ZN7Machine9printCartEv)
                  0001bee8    000001b8     Machine.o (.text._ZN7Machine12printSmelterEv)
                  0001c0a0    000001b4     Clock.o (.text._Z15Clock_Init80MHzi)
                  0001c254    000001a4     ST7735.o (.text._Z15ST7735_DrawCharsscssh)
                  0001c3f8    000001a0     ST7735.o (.text._Z16ST7735_DrawCharSsscssh)
                  0001c598    00000198     Machine.o (.text._ZN7Machine13computeRecipeEPaa)
                  0001c730    0000017c     Machine.o (.text._ZN7Machine9printRockEv)
                  0001c8ac    00000170     Machine.o (.text._ZN7Machine13cartSendErrorEhh)
                  0001ca1c    00000160     Machine.o (.text._ZN7Machine15updateAnvilMenuEPaa)
                  0001cb7c    00000154     libc.a : fopen.c.obj (.text._openfile)
                  0001ccd0    00000128     TExaS.o (.text._Z8ADC_InitP10ADC12_Regsjj)
                  0001cdf8    00000118     ST7735.o (.text._Z15ST7735_FillRectsssst)
                  0001cf10    00000114     libc.a : memory.c.obj (.text.aligned_alloc)
                  0001d024    000000f8     SPI.o (.text._Z8SPI_Initv)
                  0001d11c    000000f4     ST7735.o (.text._Z18ST7735_SetRotationh)
                  0001d210    000000ec     libsysbm.a : add_device.c.obj (.text.add_device)
                  0001d2fc    000000e8     TExaS.o (.text._Z9UART_Initv)
                  0001d3e4    000000e8     libc.a : memory.c.obj (.text.free)
                  0001d4cc    000000e0            : setvbuf.c.obj (.text.setvbuf)
                  0001d5ac    000000dc     UART2.o (.text._Z10UART2_Initv)
                  0001d688    000000d8     ST7735.o (.text._Z14ST7735_OutCharc)
                  0001d760    000000cc     Lab9HMain.o (.text._Z10printScoreshhh)
                  0001d82c    000000b0     ST7735.o (.text._Z20ST7735_DrawFastHLinessst)
                  0001d8dc    000000b0     ST7735.o (.text._Z20ST7735_DrawFastVLinessst)
                  0001d98c    000000a8     Timer.o (.text._Z14TimerG7_IntArmtjj)
                  0001da34    000000a2     ST7735.o (.text._ZL11commandListPKh)
                  0001dad6    00000002     libclang_rt.builtins.a : aeabi_div0.c.obj (.text.__aeabi_idiv0)
                  0001dad8    000000a0     libsysbm.a : open.c.obj (.text.open)
                  0001db78    0000009c     ST7735.o (.text._Z17ST7735_InitPrintfv)
                  0001dc14    0000009c     Player.o (.text._ZN6Player14checkProximityE7Machine)
                  0001dcb0    00000098     ST7735.o (.text._Z12ST7735_InitR10initRFlags)
                  0001dd48    00000098     Player.o (.text._ZN6Player16resetCoordinatesEPsS0_)
                  0001dde0    00000094     Timer.o (.text._Z15TimerG12_IntArmjj)
                  0001de74    00000090     Sound.o (.text._Z11Sound_Starth)
                  0001df04    0000008c     ST7735.o (.text._Z17ST7735_DrawStringttPcs)
                  0001df90    0000008c     Machine.o (.text._ZN7MachineC2Ehhhhhhhhhh)
                  0001e01c    0000008c     SlidePot.o (.text._ZN8SlidePot4InitEv)
                  0001e0a8    00000088     ST7735.o (.text._ZL13setAddrWindowhhhh)
                  0001e130    00000088     libc.a : strcmp-armv6m.S.obj (.text:strcmp)
                  0001e1b8    00000084     Machine.o (.text._ZN7MachineC2Ehhhhhhhhh)
                  0001e23c    0000007c     LaunchPad.o (.text._Z14LaunchPad_Initv)
                  0001e2b8    0000007c     libc.a : fclose.c.obj (.text.__TI_closefile)
                  0001e334    0000007c            : copy_decompress_lzss.c.obj (.text:decompress:lzss)
                  0001e3b0    00000074     UART2.o (.text.UART2_IRQHandler)
                  0001e424    00000074     IRxmt.o (.text._Z13IRxmt_SendBiti)
                  0001e498    00000070     ST7735.o (.text._Z16ST7735_DrawPixelsst)
                  0001e508    0000006e     Player.o (.text._ZN6Player15getMachineInputE7Machine)
                  0001e576    00000002     libc.a : _lock.c.obj (.text._nop)
                  0001e578    0000006c     libsysbm.a : hostlseek.c.obj (.text.HOSTlseek)
                  0001e5e4    0000006c                : hostrename.c.obj (.text.HOSTrename)
                  0001e650    0000006c     Lab9HMain.o (.text._GLOBAL__sub_I_Lab9HMain.cpp)
                  0001e6bc    0000006c     libc.a : getdevice.c.obj (.text.getdevice)
                  0001e728    00000064     Machine.o (.text._ZN7MachineC2Ehhhhhh)
                  0001e78c    00000064     libc.a : memory.c.obj (.text.split)
                  0001e7f0    00000060     libsysbm.a : hostopen.c.obj (.text.HOSTopen)
                  0001e850    00000058                : hostread.c.obj (.text.HOSTread)
                  0001e8a8    00000058                : hostwrite.c.obj (.text.HOSTwrite)
                  0001e900    00000058     Sound.o (.text.SysTick_Handler)
                  0001e958    00000058     TExaS.o (.text._Z10TExaS_InitP10ADC12_RegsjPFhvE)
                  0001e9b0    00000056     libclang_rt.builtins.a : aeabi_idivmod.S.obj (.text.__aeabi_idivmod)
                  0001ea06    00000002     --HOLE-- [fill = 0]
                  0001ea08    00000054     Player.o (.text._ZN6Player14printPosessionEh)
                  0001ea5c    00000054     Player.o (.text._ZN6Player8moveLeftEv)
                  0001eab0    00000054     Player.o (.text._ZN6Player9moveRightEv)
                  0001eb04    00000054     SlidePot.o (.text._ZN8SlidePot2InEv)
                  0001eb58    00000054     libc.a : autoinit.c.obj (.text:__TI_auto_init_nobinit)
                  0001ebac    00000052     Player.o (.text._ZN6Player8moveDownEv)
                  0001ebfe    00000052     libc.a : fflush.c.obj (.text.__TI_doflush)
                  0001ec50    00000050     Lab9HMain.o (.text.__cxx_global_var_init.14)
                  0001eca0    00000050     libsysbm.a : close.c.obj (.text.close)
                  0001ecf0    00000048                : hostclose.c.obj (.text.HOSTclose)
                  0001ed38    00000048                : hostunlink.c.obj (.text.HOSTunlink)
                  0001ed80    00000048     IRxmt.o (.text._Z13IRxmt_OutCharc)
                  0001edc8    00000048     SPI.o (.text._Z14SPI_OutCommandc)
                  0001ee10    00000048     FIFO2.o (.text._ZN5Queue3GetEPc)
                  0001ee58    00000048     FIFO2.o (.text._ZN5Queue3PutEc)
                  0001eea0    00000040     TExaS.o (.text.TIMG7_IRQHandler)
                  0001eee0    00000040     Sound.o (.text._Z10Sound_Initv)
                  0001ef20    00000040     SPI.o (.text._Z9SPI_Resetv)
                  0001ef60    00000040     libclang_rt.builtins.a : aeabi_uidivmod.S.obj (.text.__aeabi_uidivmod)
                  0001efa0    00000040     Lab9HMain.o (.text.__cxx_global_var_init.26)
                  0001efe0    00000040     libc.a : fopen.c.obj (.text._search_fp)
                  0001f020    0000003c     Lab9HMain.o (.text.TIMG12_IRQHandler)
                  0001f05c    0000003c     DAC5.o (.text._Z9DAC5_Initv)
                  0001f098    0000003c     Player.o (.text._ZN6Player6moveUpEv)
                  0001f0d4    00000038     SPI.o (.text._Z11SPI_OutDatac)
                  0001f10c    00000038     LaunchPad.o (.text._Z15ActivatePortA_Bv)
                  0001f144    00000034     ST7735.o (.text._Z12ST7735_writeiPKcj)
                  0001f178    00000034     Clock.o (.text._Z14Clock_Delay1msj)
                  0001f1ac    00000034     ST7735.o (.text._Z16ST7735_SetCursorjj)
                  0001f1e0    00000034     libc.a : fopen.c.obj (.text.__TI_cleanup)
                  0001f214    00000034     libsysbm.a : trgmsg.c.obj (.text.__TI_readmsg)
                  0001f248    00000034                : trgmsg.c.obj (.text.__TI_writemsg)
                  0001f27c    00000034     libc.a : exit.c.obj (.text.exit)
                  0001f2b0    00000034            : getdevice.c.obj (.text.finddevice)
                  0001f2e4    00000034            : fopen.c.obj (.text.freopen)
                  0001f318    00000030     ST7735.o (.text._ZL10commonInitPKh)
                  0001f348    00000030     Player.o (.text._ZN6Player14translateRightEv)
                  0001f378    00000030     Lab9HMain.o (.text.__cxx_global_var_init.11)
                  0001f3a8    00000030     Lab9HMain.o (.text.__cxx_global_var_init.12)
                  0001f3d8    00000030     Lab9HMain.o (.text.__cxx_global_var_init.13)
                  0001f408    00000030     Lab9HMain.o (.text.__cxx_global_var_init.17)
                  0001f438    00000030     Lab9HMain.o (.text.__cxx_global_var_init.23)
                  0001f468    00000030     Lab9HMain.o (.text.__cxx_global_var_init.24)
                  0001f498    00000030     Lab9HMain.o (.text.__cxx_global_var_init.25)
                  0001f4c8    00000030     Lab9HMain.o (.text.__cxx_global_var_init.6)
                  0001f4f8    00000030     libc.a : fopen.c.obj (.text.fopen)
                  0001f528    0000002c     UART2.o (.text._Z12UART2_InCharv)
                  0001f554    0000002c     ST7735.o (.text._Z17ST7735_FillScreent)
                  0001f580    0000002c     Player.o (.text._ZN6Player13translateDownEv)
                  0001f5ac    0000002c     Player.o (.text._ZN6Player13translateLeftEv)
                  0001f5d8    0000002c     Lab9HMain.o (.text.__cxx_global_var_init.10)
                  0001f604    0000002c     libsysbm.a : unlink.c.obj (.text.unlink)
                  0001f630    00000028     IRxmt.o (.text._Z10IRxmt_Initv)
                  0001f658    00000028     TExaS.o (.text._Z9ADC_StartP10ADC12_Regs)
                  0001f680    00000028     Lab9HMain.o (.text.__cxx_global_var_init.5)
                  0001f6a8    00000028     libc.a : memory.c.obj (.text.free_list_insert)
                  0001f6d0    00000028     libsysbm.a : write.c.obj (.text.write)
                  0001f6f8    00000028     libc.a : boot_cortex_m.c.obj (.text:_c_int00_noargs)
                  0001f720    00000026     ST7735.o (.text._Z16ST7735_OutStringPc)
                  0001f746    00000002     --HOLE-- [fill = 0]
                  0001f748    00000024     SlidePot.o (.text._ZN8SlidePot4SaveEj)
                  0001f76c    00000024     Lab9HMain.o (.text.__cxx_global_var_init.16)
                  0001f790    00000024     Lab9HMain.o (.text.__cxx_global_var_init.18)
                  0001f7b4    00000024     Lab9HMain.o (.text.__cxx_global_var_init.19)
                  0001f7d8    00000024     Lab9HMain.o (.text.__cxx_global_var_init.20)
                  0001f7fc    00000024     Lab9HMain.o (.text.__cxx_global_var_init.21)
                  0001f820    00000024     Lab9HMain.o (.text.__cxx_global_var_init.22)
                  0001f844    00000024     Lab9HMain.o (.text.__cxx_global_var_init.3)
                  0001f868    00000024     Lab9HMain.o (.text.__cxx_global_var_init.4)
                  0001f88c    00000024     Lab9HMain.o (.text.__cxx_global_var_init.7)
                  0001f8b0    00000024     Lab9HMain.o (.text.__cxx_global_var_init.9)
                  0001f8d4    00000022     FIFO2.o (.text._ZN5Queue6IsFullEv)
                  0001f8f6    00000002     --HOLE-- [fill = 0]
                  0001f8f8    00000020     DAC5.o (.text._Z8DAC5_Outj)
                  0001f918    00000020     SlidePot.o (.text._ZN8SlidePot4SyncEv)
                  0001f938    00000020     Lab9HMain.o (.text.__cxx_global_var_init.15)
                  0001f958    00000020     Lab9HMain.o (.text.__cxx_global_var_init.8)
                  0001f978    0000001e     ST7735.o (.text._ZL9pushColort)
                  0001f996    00000002     --HOLE-- [fill = 0]
                  0001f998    0000001c     startup_mspm0g3507_ticlang.o (.text.Default_Handler)
                  0001f9b4    0000001c     startup_mspm0g3507_ticlang.o (.text.HardFault_Handler)
                  0001f9d0    0000001c     Switch.o (.text._Z9Switch_Inv)
                  0001f9ec    0000001c     Player.o (.text._ZN6PlayerC2Ev)
                  0001fa08    0000001c     libc.a : memory.c.obj (.text.free_list_remove)
                  0001fa24    00000018     Switch.o (.text._Z11Switch_Initv)
                  0001fa3c    00000016     ST7735.o (.text._Z11ST7735_openPKcji)
                  0001fa52    00000016     ST7735.o (.text._Z11ST7735_readiPcj)
                  0001fa68    00000016     libc.a : copy_zero_init.c.obj (.text:decompress:ZI:__TI_zero_init_nomemset)
                  0001fa7e    00000014     FIFO2.o (.text._ZN5Queue7IsEmptyEv)
                  0001fa92    00000012     Player.o (.text._ZN6Player13setPossessionEh)
                  0001faa4    00000012     Player.o (.text._ZN6Player7setXPosEs)
                  0001fab6    00000012     Player.o (.text._ZN6Player7setYPosEs)
                  0001fac8    00000012     Machine.o (.text._ZN7Machine11setRockTypeEh)
                  0001fada    00000012     libc.a : memcpy16.S.obj (.text:TI_memcpy_small)
                  0001faec    00000012            : copy_decompress_none.c.obj (.text:decompress:none)
                  0001fafe    00000010     Clock.o (.text._Z11Clock_Delayj)
                  0001fb0e    00000002     --HOLE-- [fill = 0]
                  0001fb10    00000010     UART2.o (.text._Z12UART2_Enablev)
                  0001fb20    00000010     UART2.o (.text._Z13UART2_Disablev)
                  0001fb30    00000010     Lab9HMain.o (.text._Z28TExaS_LaunchPadLogicPB27PB26v)
                  0001fb40    00000010     FIFO2.o (.text._ZN5QueueC2Ev)
                  0001fb50    00000010     Lab9HMain.o (.text.__cxx_global_var_init.2)
                  0001fb60    00000010     Lab9HMain.o (.text.__cxx_global_var_init)
                  0001fb70    00000010     UART2.o (.text.__cxx_global_var_init)
                  0001fb80    0000000e     libc.a : memory.c.obj (.text.OUTLINED_FUNCTION_0)
                  0001fb8e    0000000e     ST7735.o (.text._Z12ST7735_lseekili)
                  0001fb9c    0000000e     Player.o (.text._ZN6Player7getXPosEv)
                  0001fbaa    0000000e     Player.o (.text._ZN6Player7getYPosEv)
                  0001fbb8    0000000e     SlidePot.o (.text._ZN8SlidePotC2Ev)
                  0001fbc6    0000000e     libsysbm.a : hostrename.c.obj (.text.strcpy)
                  0001fbd4    0000000e                : hostrename.c.obj (.text.strlen)
                  0001fbe2    0000000e     libc.a : memset16.S.obj (.text:TI_memset_small)
                  0001fbf0    0000000c     Clock.o (.text._Z10Clock_Freqv)
                  0001fbfc    0000000c     ST7735.o (.text._Z13ST7735_renamePKcS0_)
                  0001fc08    0000000c     IRxmt.o (.text._Z5Delayj)
                  0001fc14    0000000c     Player.o (.text._ZN6Player7getSizeEv)
                  0001fc20    0000000c     SlidePot.o (.text._ZN8SlidePot9DistanceXEv)
                  0001fc2c    0000000c     SlidePot.o (.text._ZN8SlidePot9DistanceYEv)
                  0001fc38    0000000c     libclang_rt.builtins.a : aeabi_memset.S.obj (.text.__aeabi_memclr)
                  0001fc44    0000000c     libc.a : memory.c.obj (.text.malloc)
                  0001fc50    0000000a     Sound.o (.text._Z11Sound_Clangv)
                  0001fc5a    0000000a     ST7735.o (.text._Z12ST7735_closei)
                  0001fc64    0000000a     ST7735.o (.text._Z13ST7735_unlinkPKc)
                  0001fc6e    0000000a     Lab9HMain.o (.text._Z8PLL_Initv)
                  0001fc78    00000008     UART2.o (.text._GLOBAL__sub_I_UART2.cpp)
                  0001fc80    00000008     libclang_rt.builtins.a : aeabi_memcpy.S.obj (.text.__aeabi_memcpy)
                  0001fc88    00000008     libsysbm.a : remove.c.obj (.text.remove)
                  0001fc90    00000004     startup_mspm0g3507_ticlang.o (.text.Reset_Handler)
                  0001fc94    00000004     libc.a : pre_init.c.obj (.text._system_pre_init)
                  0001fc98    00000004            : exit.c.obj (.text:abort)
                  0001fc9c    00000004     --HOLE-- [fill = 0]

.cinit     0    00000000    00000638     FAILED TO ALLOCATE
.binit     0    00000000    00000000     

.rodata    0    000000c0    00018a90     
                  000000c0    00002800     Machine.o (.rodata._ZL4todo)
                  000028c0    00002700     Machine.o (.rodata._ZL9anvilMenu)
                  00004fc0    00001ba8     Sound.o (.rodata._ZL7correct)
                  00006b68    00001b44     Sound.o (.rodata._ZL5clang)
                  000086ac    00001008     Machine.o (.rodata._ZL11smelterFail)
                  000096b4    00001008     Machine.o (.rodata._ZL14smelterWorking)
                  0000a6bc    00001008     Machine.o (.rodata._ZL16smelterHighlight)
                  0000b6c4    00001008     Machine.o (.rodata._ZL20smelterFailHighlight)
                  0000c6cc    00001008     Machine.o (.rodata._ZL7smelter)
                  0000d6d4    00000f78     Machine.o (.rodata._ZL12anvilWorking)
                  0000e64c    00000f78     Machine.o (.rodata._ZL14anvilHighlight)
                  0000f5c4    00000f78     Machine.o (.rodata._ZL5anvil)
                  0001053c    00000f74     Machine.o (.rodata._ZL13cartHighlight)
                  000114b0    00000f74     Machine.o (.rodata._ZL4cart)
                  00012424    00000738     Machine.o (.rodata._ZL13rockWorking_b)
                  00012b5c    00000738     Machine.o (.rodata._ZL15rockHighlight_b)
                  00013294    00000738     Machine.o (.rodata._ZL22rockWorkingHighlight_b)
                  000139cc    00000738     Machine.o (.rodata._ZL6rock_b)
                  00014104    000006e0     Machine.o (.rodata._ZL6ladder)
                  000147e4    00000548     Lab9HMain.o (.rodata._ZL5miner)
                  00014d2c    00000540     Machine.o (.rodata._ZL7counter)
                  0001526c    000004fb     ST7735.o (.rodata._ZL4Font)
                  00015767    00000001     --HOLE-- [fill = 0]
                  00015768    00000348     Machine.o (.rodata._ZL5watch)
                  00015ab0    00000320     Machine.o (.rodata._ZL4boot)
                  00015dd0    000002d2     Machine.o (.rodata._ZL5sword)
                  000160a2    000002ac     Machine.o (.rodata._ZL3key)
                  0001634e    000002a0     Machine.o (.rodata._ZL6shield)
                  000165ee    00000220     Machine.o (.rodata._ZL4ring)
                  0001680e    000001ee     Machine.o (.rodata._ZL6turnip)
                  000169fc    0000018c     Machine.o (.rodata._ZL10rawDiamond)
                  00016b88    0000018c     Machine.o (.rodata._ZL10rawEmerald)
                  00016d14    0000018c     Machine.o (.rodata._ZL7rawGold)
                  00016ea0    0000018c     Machine.o (.rodata._ZL7rawRuby)
                  0001702c    0000018c     Machine.o (.rodata._ZL9rawSilver)
                  000171b8    00000168     Machine.o (.rodata._ZL13rockWorking_m)
                  00017320    00000168     Machine.o (.rodata._ZL15rockHighlight_m)
                  00017488    00000168     Machine.o (.rodata._ZL22rockWorkingHighlight_m)
                  000175f0    00000168     Machine.o (.rodata._ZL6rock_m)
                  00017758    0000010e     Machine.o (.rodata._ZL4gold)
                  00017866    0000010e     Machine.o (.rodata._ZL6silver)
                  00017974    0000010a     Machine.o (.rodata._ZL13rockWorking_t)
                  00017a7e    0000010a     Machine.o (.rodata._ZL15rockHighlight_t)
                  00017b88    0000010a     Machine.o (.rodata._ZL22rockWorkingHighlight_t)
                  00017c92    0000010a     Machine.o (.rodata._ZL6rock_t)
                  00017d9c    000000dd     Lab9HMain.o (.rodata._ZL13Page3_Spanish)
                  00017e79    000000d8     Lab9HMain.o (.rodata._ZL13Page2_English)
                  00017f51    00000001     --HOLE-- [fill = 0]
                  00017f52    000000d8     Lab9HMain.o (.rodata._ZL4Ruby)
                  0001802a    000000d8     Machine.o (.rodata._ZL4Ruby)
                  00018102    000000d8     Lab9HMain.o (.rodata._ZL7Diamond)
                  000181da    000000d8     Machine.o (.rodata._ZL7Diamond)
                  000182b2    000000d8     Lab9HMain.o (.rodata._ZL7Emerald)
                  0001838a    000000d8     Machine.o (.rodata._ZL7Emerald)
                  00018462    000000ce     Lab9HMain.o (.rodata._ZL13Page3_English)
                  00018530    000000c9     Lab9HMain.o (.rodata._ZL13Page2_Spanish)
                  000185f9    000000ac     Lab9HMain.o (.rodata._ZL13Page1_English)
                  000186a5    000000a7     Lab9HMain.o (.rodata._ZL13Page1_Spanish)
                  0001874c    000000a4     Lab9HMain.o (.rodata._ZL13Page4_English)
                  000187f0    000000a2     Lab9HMain.o (.rodata._ZL13Page4_Spanish)
                  00018892    00000096     Lab9HMain.o (.rodata._ZL13Page5_Spanish)
                  00018928    00000066     Lab9HMain.o (.rodata._ZL13Page5_English)
                  0001898e    0000003b     ST7735.o (.rodata._ZL5Rcmd1)
                  000189c9    0000002b     ST7735.o (.rodata._ZL5Rcmd3)
                  000189f4    0000001f     Lab9HMain.o (.rodata._ZL11Won_Spanish)
                  00018a13    0000001f     Lab9HMain.o (.rodata._ZL12Lost_Spanish)
                  00018a32    0000001f     Lab9HMain.o (.rodata._ZL12Wait_Spanish)
                  00018a51    0000001d     Lab9HMain.o (.rodata._ZL12Lost_English)
                  00018a6e    0000001d     Lab9HMain.o (.rodata._ZL12Wait_English)
                  00018a8b    0000001c     Lab9HMain.o (.rodata._ZL11Won_English)
                  00018aa7    00000016     ST7735.o (.rodata.str1.128370289436029622301)
                  00018abd    00000013     Lab9HMain.o (.rodata.str1.173505494541024909531)
                  00018ad0    00000010     Lab9HMain.o (.rodata.str1.36435047076059183751)
                  00018ae0    0000000f     Machine.o (.rodata._ZL7recipes)
                  00018aef    0000000d     ST7735.o (.rodata._ZL10Rcmd2green)
                  00018afc    0000000d     ST7735.o (.rodata._ZL8Rcmd2red)
                  00018b09    00000008     Lab9HMain.o (.rodata._ZL15Goodbye_English)
                  00018b11    00000008     Lab9HMain.o (.rodata._ZL16Language_English)
                  00018b19    00000008     Lab9HMain.o (.rodata._ZL16Language_Spanish)
                  00018b21    00000008     ST7735.o (.rodata.str1.53591972959378542101)
                  00018b29    00000007     Lab9HMain.o (.rodata._ZL13Hello_Spanish)
                  00018b30    00000007     ST7735.o (.rodata.str1.28611865845488554281)
                  00018b37    00000007     ST7735.o (.rodata.str1.63348317913043414121)
                  00018b3e    00000006     Lab9HMain.o (.rodata._ZL13Hello_English)
                  00018b44    00000006     Lab9HMain.o (.rodata._ZL15Goodbye_Spanish)
                  00018b4a    00000002     ST7735.o (.rodata.str1.90642305370257400361)
                  00018b4c    00000004     --HOLE-- [fill = 0]

.init_array 
*          0    0001fca0    00000008     
                  0001fca0    00000004     UART2.o (.init_array)
                  0001fca4    00000004     Lab9HMain.o (.init_array)

.data      0    20200000    00001481     UNINITIALIZED
                  20200000    00000f83     Sound.o (.data._ZL5wrong)
                  20200f83    00000001     Lab9HMain.o (.data._ZZ17setUpInstructionshE10currOption)
                  20200f84    000000f0     libc.a : defs.c.obj (.data._ftable)
                  20201074    00000090     Machine.o (.data.sprites)
                  20201104    00000078     libsysbm.a : host_device.c.obj (.data._device)
                  2020117c    00000050                : host_device.c.obj (.data._stream)
                  202011cc    0000003c     Lab9HMain.o (.data.Counters)
                  20201208    00000030     Lab9HMain.o (.data.Phrases)
                  20201238    0000002d     Lab9HMain.o (.data.Counters2)
                  20201265    00000003     Machine.o (.data._ZZN7Machine10updateRockEhE8lastOuts)
                  20201268    0000002c     UART2.o (.data.FIFO2)
                  20201294    00000028     Lab9HMain.o (.data.Instructions)
                  202012bc    00000028     Lab9HMain.o (.data.machineArr2)
                  202012e4    0000000f     Lab9HMain.o (.data.m_anvil)
                  202012f3    0000000f     Lab9HMain.o (.data.m_cart1)
                  20201302    0000000f     Lab9HMain.o (.data.m_cart2)
                  20201311    0000000f     Lab9HMain.o (.data.m_counter1)
                  20201320    0000000f     Lab9HMain.o (.data.m_counter2)
                  2020132f    0000000f     Lab9HMain.o (.data.m_counter3)
                  2020133e    0000000f     Lab9HMain.o (.data.m_counter4)
                  2020134d    0000000f     Lab9HMain.o (.data.m_counter5)
                  2020135c    0000000f     Lab9HMain.o (.data.m_counter6)
                  2020136b    0000000f     Lab9HMain.o (.data.m_portal)
                  2020137a    0000000f     Lab9HMain.o (.data.m_refiner)
                  20201389    0000000f     Lab9HMain.o (.data.m_rock1)
                  20201398    0000000f     Lab9HMain.o (.data.m_rock1Mid)
                  202013a7    0000000f     Lab9HMain.o (.data.m_rock1Progress)
                  202013b6    0000000f     Lab9HMain.o (.data.m_rock1Top)
                  202013c5    0000000f     Lab9HMain.o (.data.m_rock2)
                  202013d4    0000000f     Lab9HMain.o (.data.m_rock2Mid)
                  202013e3    0000000f     Lab9HMain.o (.data.m_rock2Top)
                  202013f2    0000000f     Lab9HMain.o (.data.m_smelter)
                  20201401    0000000f     Lab9HMain.o (.data.m_smelterProgress)
                  20201410    0000000f     Lab9HMain.o (.data.m_todo)
                  2020141f    0000000f     Lab9HMain.o (.data.m_todoDown)
                  2020142e    00000002     ST7735.o (.data.StTextColor)
                  20201430    0000000c     Lab9HMain.o (.data.Sensor)
                  2020143c    00000008     libc.a : exit.c.obj (.data..L_MergedGlobals)
                  20201444    00000008     Lab9HMain.o (.data.p1)
                  2020144c    00000004     Clock.o (.data.BusFreq)
                  20201450    00000004     ST7735.o (.data.StX)
                  20201454    00000004     ST7735.o (.data.StY)
                  20201458    00000004     libc.a : defs.c.obj (.data.__TI_ft_end)
                  2020145c    00000004            : _lock.c.obj (.data._lock)
                  20201460    00000004            : _lock.c.obj (.data._unlock)
                  20201464    00000002     ST7735.o (.data._ZL6_width)
                  20201466    00000002     ST7735.o (.data._ZL7_height)
                  20201468    00000002     Sound.o (.data.clang_size)
                  2020146a    00000002     Sound.o (.data.correct_size)
                  2020146c    00000002     Sound.o (.data.wrong_size)
                  2020146e    00000001     Machine.o (.data._ZZN7Machine10updateCartEhE8debounce)
                  2020146f    00000001     Machine.o (.data._ZZN7Machine10updateRockEhE7halfway)
                  20201470    00000001     Machine.o (.data._ZZN7Machine11updateAnvilEhE10wasWorking)
                  20201471    00000001     Machine.o (.data._ZZN7Machine11updateAnvilEhE11anvilLength)
                  20201472    00000001     Machine.o (.data._ZZN7Machine11updateAnvilEhE12menuDebounce)
                  20201473    00000001     Machine.o (.data._ZZN7Machine14updateCountersEhPS_E8debounce)
                  20201474    00000001     Machine.o (.data._ZZN7Machine9printCartEvE2in)
                  20201475    00000001     Machine.o (.data._ZZN7Machine9printCartEvE4sent)
                  20201476    00000001     Lab9HMain.o (.data.deadTimer)
                  20201477    00000001     Lab9HMain.o (.data.input)
                  20201478    00000001     libsysbm.a : add_device.c.obj (.data.add_device.device_init)
                  20201479    00000001     Lab9HMain.o (.data.numCounters)
                  2020147a    00000001     Machine.o (.data.progH)
                  2020147b    00000001     Machine.o (.data.progW)
                  2020147c    00000001     libc.a : memory.c.obj (.data.memory_is_initialized)
                  2020147d    00000003     --HOLE--
                  20201480    00000001     libsysbm.a : open.c.obj (.data.open.stream_init)

.bss       0    20201484    00000203     UNINITIALIZED
                  20201484    00000120     libsysbm.a : trgmsg.c.obj (.bss:_CIOBUF_)
                  202015a4    000000a0     libc.a : defs.c.obj (.bss.__TI_tmpnams)
                  20201644    00000014     Machine.o (.bss.ToDoArr)
                  20201658    00000008     libsysbm.a : hostopen.c.obj (.bss.parmbuf)
                  20201660    00000005     Machine.o (.bss._ZZN7Machine11updateAnvilEhE10AnvilItems)
                  20201665    00000001     ST7735.o (.bss._ZL8ColStart)
                  20201666    00000002     Sound.o (.bss.soundLength)
                  20201668    00000004     UART2.o (.bss.LostData)
                  2020166c    00000004     TExaS.o (.bss.TExaSLogic)
                  20201670    00000004     TExaS.o (.bss.TExaSadc)
                  20201674    00000004     Sound.o (.bss.soundArr)
                  20201678    00000004     Sound.o (.bss.soundIndex)
                  2020167c    00000004     libc.a : memory.c.obj (.bss.sys_free)
                  20201680    00000001     ST7735.o (.bss._ZL8Rotation)
                  20201681    00000001     ST7735.o (.bss._ZL8RowStart)
                  20201682    00000001     ST7735.o (.bss._ZL8TabColor)
                  20201683    00000001     Lab9HMain.o (.bss.buttons)
                  20201684    00000001     Lab9HMain.o (.bss.menuOpen)
                  20201685    00000001     Sound.o (.bss.sound_flag)
                  20201686    00000001     Lab9HMain.o (.bss.toDoOpen)

.sysmem    0    20201688    00000200     UNINITIALIZED
                  20201688    00000010     libc.a : memory.c.obj (.sysmem)
                  20201698    000001f0     --HOLE--

.stack     0    20207e00    00000200     UNINITIALIZED
                  20207e00    00000004     libc.a : boot_cortex_m.c.obj (.stack)
                  20207e04    000001fc     --HOLE--

__llvm_prf_cnts 
*          0    20200000    00000000     UNINITIALIZED

__llvm_prf_bits 
*          0    20200000    00000000     UNINITIALIZED

MODULE SUMMARY

       Module                         code    ro data   rw data
       ------                         ----    -------   -------
    .\
       Machine.o                      9594    81475     182    
       Sound.o                        306     14060     3988   
       Lab9HMain.o                    6310    4022      590    
       ST7735.o                       3668    1449      18     
       Player.o                       1650    0         0      
       TExaS.o                        720     0         8      
       Clock.o                        516     0         4      
       UART2.o                        436     4         48     
       SPI.o                          440     0         0      
       SlidePot.o                     330     0         0      
       Timer.o                        316     0         0      
       IRxmt.o                        240     0         0      
       FIFO2.o                        214     0         0      
       LaunchPad.o                    180     0         0      
       DAC5.o                         92      0         0      
       Switch.o                       52      0         0      
    +--+------------------------------+-------+---------+---------+
       Total:                         25064   101010    4838   
                                                               
    .\ticlang\
       startup_mspm0g3507_ticlang.o   60      192       0      
    +--+------------------------------+-------+---------+---------+
       Total:                         60      192       0      
                                                               
    C:\ti\ccs\tools\compiler\ti-cgt-armllvm_4.0.1.LTS\lib\armv6m-ti-none-eabi/c/libc.a
       memory.c.obj                   702     0         5      
       fopen.c.obj                    556     0         0      
       defs.c.obj                     0       0         404    
       setvbuf.c.obj                  224     0         0      
       getdevice.c.obj                160     0         0      
       strcmp-armv6m.S.obj            136     0         0      
       copy_decompress_lzss.c.obj     124     0         0      
       fclose.c.obj                   124     0         0      
       autoinit.c.obj                 84      0         0      
       fflush.c.obj                   82      0         0      
       exit.c.obj                     56      0         8      
       boot_cortex_m.c.obj            40      0         0      
       copy_zero_init.c.obj           22      0         0      
       copy_decompress_none.c.obj     18      0         0      
       memcpy16.S.obj                 18      0         0      
       memset16.S.obj                 14      0         0      
       _lock.c.obj                    2       0         8      
       pre_init.c.obj                 4       0         0      
    +--+------------------------------+-------+---------+---------+
       Total:                         2366    0         425    
                                                               
    C:\ti\ccs\tools\compiler\ti-cgt-armllvm_4.0.1.LTS\lib\armv6m-ti-none-eabi/c/libsysbm.a
       trgmsg.c.obj                   104     0         288    
       add_device.c.obj               236     0         1      
       host_device.c.obj              0       0         200    
       open.c.obj                     160     0         1      
       hostrename.c.obj               136     0         0      
       hostlseek.c.obj                108     0         0      
       hostopen.c.obj                 96      0         8      
       hostread.c.obj                 88      0         0      
       hostwrite.c.obj                88      0         0      
       close.c.obj                    80      0         0      
       hostclose.c.obj                72      0         0      
       hostunlink.c.obj               72      0         0      
       unlink.c.obj                   44      0         0      
       write.c.obj                    40      0         0      
       remove.c.obj                   8       0         0      
    +--+------------------------------+-------+---------+---------+
       Total:                         1332    0         498    
                                                               
    C:\ti\ccs\tools\compiler\ti-cgt-armllvm_4.0.1.LTS\lib\armv6m-ti-none-eabi/libclang_rt.builtins.a
       aeabi_idivmod.S.obj            86      0         0      
       aeabi_uidivmod.S.obj           64      0         0      
       aeabi_memset.S.obj             12      0         0      
       aeabi_memcpy.S.obj             8       0         0      
       aeabi_div0.c.obj               2       0         0      
    +--+------------------------------+-------+---------+---------+
       Total:                         172     0         0      
                                                               
       Heap:                          0       0         512    
       Stack:                         0       0         512    
    +--+------------------------------+-------+---------+---------+
       Grand Total:                   28994   101202    6785   


LINKER GENERATED COPY TABLES

__TI_cinit_table @ 00000624 records: 2, size/record: 8, table size: 16
	.data: load addr=00000000, load size=00000610 bytes, run addr=20200000, run size=00001481 bytes, compression=lzss
	.bss: load addr=0000061c, load size=00000008 bytes, run addr=20201484, run size=00000203 bytes, compression=zero_init


LINKER GENERATED HANDLER TABLE

__TI_handler_table @ 00000610 records: 3, size/record: 4, table size: 12
	index: 0, handler: __TI_decompress_lzss
	index: 1, handler: __TI_decompress_none
	index: 2, handler: __TI_zero_init


GLOBAL SYMBOLS: SORTED ALPHABETICALLY BY Name 

address   name                                
-------   ----                                
0001f999  ADC0_IRQHandler                     
0001f999  ADC1_IRQHandler                     
0001f999  AES_IRQHandler                      
2020144c  BusFreq                             
0001fc98  C$$EXIT                             
0001f275  C$$IO$$                             
0001f999  CANFD0_IRQHandler                   
202011cc  Counters                            
20201238  Counters2                           
0001f999  DAC0_IRQHandler                     
0001f999  DMA_IRQHandler                      
0001f999  Default_Handler                     
20201268  FIFO2                               
0001f999  GROUP0_IRQHandler                   
0001f999  GROUP1_IRQHandler                   
0001ecf1  HOSTclose                           
0001e579  HOSTlseek                           
0001e7f1  HOSTopen                            
0001e851  HOSTread                            
0001e5e5  HOSTrename                          
0001ed39  HOSTunlink                          
0001e8a9  HOSTwrite                           
0001f9b5  HardFault_Handler                   
0001f999  I2C0_IRQHandler                     
0001f999  I2C1_IRQHandler                     
20201294  Instructions                        
20201668  LostData                            
0001f999  NMI_Handler                         
0001f999  PendSV_Handler                      
20201208  Phrases                             
0001f999  RTC_IRQHandler                      
0001fc91  Reset_Handler                       
0001fca0  SHT$$INIT_ARRAY$$Base               
0001fca8  SHT$$INIT_ARRAY$$Limit              
0001f999  SPI0_IRQHandler                     
0001f999  SPI1_IRQHandler                     
0001f999  SVC_Handler                         
20201430  Sensor                              
2020142e  StTextColor                         
20201450  StX                                 
20201454  StY                                 
0001e901  SysTick_Handler                     
2020166c  TExaSLogic                          
20201670  TExaSadc                            
0001f999  TIMA0_IRQHandler                    
0001f999  TIMA1_IRQHandler                    
0001f999  TIMG0_IRQHandler                    
0001f021  TIMG12_IRQHandler                   
0001f999  TIMG6_IRQHandler                    
0001eea1  TIMG7_IRQHandler                    
0001f999  TIMG8_IRQHandler                    
0001fadb  TI_memcpy_small                     
0001fbe3  TI_memset_small                     
20201644  ToDoArr                             
0001f999  UART0_IRQHandler                    
0001f999  UART1_IRQHandler                    
0001e3b1  UART2_IRQHandler                    
0001f999  UART3_IRQHandler                    
20201484  _CIOBUF_                            
0001fbf1  _Z10Clock_Freqv                     
0001f631  _Z10IRxmt_Initv                     
0001eee1  _Z10Sound_Initv                     
0001e959  _Z10TExaS_InitP10ADC12_RegsjPFhvE   
0001d5ad  _Z10UART2_Initv                     
0001d761  _Z10printScoreshhh                  
0001faff  _Z11Clock_Delayj                    
0001f0d5  _Z11SPI_OutDatac                    
0001fa3d  _Z11ST7735_openPKcji                
0001fa53  _Z11ST7735_readiPcj                 
0001fc51  _Z11Sound_Clangv                    
0001de75  _Z11Sound_Starth                    
0001fa25  _Z11Switch_Initv                    
0001dcb1  _Z12ST7735_InitR10initRFlags        
0001fc5b  _Z12ST7735_closei                   
0001fb8f  _Z12ST7735_lseekili                 
0001f145  _Z12ST7735_writeiPKcj               
0001fb11  _Z12UART2_Enablev                   
0001f529  _Z12UART2_InCharv                   
0001ed81  _Z13IRxmt_OutCharc                  
0001e425  _Z13IRxmt_SendBiti                  
0001fbfd  _Z13ST7735_renamePKcS0_             
0001fc65  _Z13ST7735_unlinkPKc                
0001fb21  _Z13UART2_Disablev                  
0001f179  _Z14Clock_Delay1msj                 
0001e23d  _Z14LaunchPad_Initv                 
0001edc9  _Z14SPI_OutCommandc                 
0001d689  _Z14ST7735_OutCharc                 
0001d98d  _Z14TimerG7_IntArmtjj               
0001f10d  _Z15ActivatePortA_Bv                
0001c0a1  _Z15Clock_Init80MHzi                
0001c255  _Z15ST7735_DrawCharsscssh           
0001cdf9  _Z15ST7735_FillRectsssst            
0001dde1  _Z15TimerG12_IntArmjj               
0001c3f9  _Z16ST7735_DrawCharSsscssh          
0001e499  _Z16ST7735_DrawPixelsst             
0001f721  _Z16ST7735_OutStringPc              
0001f1ad  _Z16ST7735_SetCursorjj              
0001bb01  _Z17ST7735_DrawBitmapssPKtss        
0001df05  _Z17ST7735_DrawStringttPcs          
0001f555  _Z17ST7735_FillScreent              
0001db79  _Z17ST7735_InitPrintfv              
0001a899  _Z17setUpInstructionsh              
0001d11d  _Z18ST7735_SetRotationh             
0001d82d  _Z20ST7735_DrawFastHLinessst        
0001d8dd  _Z20ST7735_DrawFastVLinessst        
0001fb31  _Z28TExaS_LaunchPadLogicPB27PB26v   
0001fc09  _Z5Delayj                           
0001ccd1  _Z8ADC_InitP10ADC12_Regsjj          
0001f8f9  _Z8DAC5_Outj                        
0001fc6f  _Z8PLL_Initv                        
0001d025  _Z8SPI_Initv                        
0001f659  _Z9ADC_StartP10ADC12_Regs           
0001f05d  _Z9DAC5_Initv                       
0001ef21  _Z9SPI_Resetv                       
0001f9d1  _Z9Switch_Inv                       
0001d2fd  _Z9UART_Initv                       
0001ee11  _ZN5Queue3GetEPc                    
0001ee59  _ZN5Queue3PutEc                     
0001f8d5  _ZN5Queue6IsFullEv                  
0001fa7f  _ZN5Queue7IsEmptyEv                 
0001fb41  _ZN5QueueC1Ev                       
0001fb41  _ZN5QueueC2Ev                       
0001fa93  _ZN6Player13setPossessionEh         
0001f581  _ZN6Player13translateDownEv         
0001f5ad  _ZN6Player13translateLeftEv         
0001dc15  _ZN6Player14checkProximityE7Machine 
0001ea09  _ZN6Player14printPosessionEh        
0001f349  _ZN6Player14translateRightEv        
0001e509  _ZN6Player15getMachineInputE7Machine
0001dd49  _ZN6Player16resetCoordinatesEPsS0_  
0001f099  _ZN6Player6moveUpEv                 
0001fc15  _ZN6Player7getSizeEv                
0001fb9d  _ZN6Player7getXPosEv                
0001fbab  _ZN6Player7getYPosEv                
0001faa5  _ZN6Player7setXPosEs                
0001fab7  _ZN6Player7setYPosEs                
0001b8bd  _ZN6Player8inBoundsEssPP7Machinehh  
0001ebad  _ZN6Player8moveDownEv               
0001ea5d  _ZN6Player8moveLeftEv               
0001eab1  _ZN6Player9moveRightEv              
0001f9ed  _ZN6PlayerC1Ev                      
0001f9ed  _ZN6PlayerC2Ev                      
0001b355  _ZN7Machine10printAnvilEv           
00019a4d  _ZN7Machine10updateCartEh           
0001a451  _ZN7Machine10updateRockEh           
0001fac9  _ZN7Machine11setRockTypeEh          
00019f75  _ZN7Machine11updateAnvilEh          
0001bee9  _ZN7Machine12printSmelterEv         
0001c8ad  _ZN7Machine13cartSendErrorEhh       
0001c599  _ZN7Machine13computeRecipeEPaa      
0001b60d  _ZN7Machine13printCountersEPS_      
0001b015  _ZN7Machine13updateSmelterEh        
0001ac89  _ZN7Machine14updateCountersEhPS_    
0001ca1d  _ZN7Machine15updateAnvilMenuEPaa    
0001bd11  _ZN7Machine9printCartEv             
0001c731  _ZN7Machine9printRockEv             
0001e729  _ZN7MachineC1Ehhhhhh                
0001e1b9  _ZN7MachineC1Ehhhhhhhhh             
0001df91  _ZN7MachineC1Ehhhhhhhhhh            
0001e729  _ZN7MachineC2Ehhhhhh                
0001e1b9  _ZN7MachineC2Ehhhhhhhhh             
0001df91  _ZN7MachineC2Ehhhhhhhhhh            
0001eb05  _ZN8SlidePot2InEv                   
0001e01d  _ZN8SlidePot4InitEv                 
0001f749  _ZN8SlidePot4SaveEj                 
0001f919  _ZN8SlidePot4SyncEv                 
0001fc21  _ZN8SlidePot9DistanceXEv            
0001fc2d  _ZN8SlidePot9DistanceYEv            
0001fbb9  _ZN8SlidePotC1Ev                    
0001fbb9  _ZN8SlidePotC2Ev                    
20201484  __CIOBUF_                           
20208000  __STACK_END                         
00000200  __STACK_SIZE                        
00000200  __SYSMEM_SIZE                       
00000000  __TI_ATRegion0_region_sz            
00000000  __TI_ATRegion0_src_addr             
00000000  __TI_ATRegion0_trg_addr             
00000000  __TI_ATRegion1_region_sz            
00000000  __TI_ATRegion1_src_addr             
00000000  __TI_ATRegion1_trg_addr             
00000000  __TI_ATRegion2_region_sz            
00000000  __TI_ATRegion2_src_addr             
00000000  __TI_ATRegion2_trg_addr             
00000624  __TI_CINIT_Base                     
00000634  __TI_CINIT_Limit                    
00000634  __TI_CINIT_Warm                     
00000610  __TI_Handler_Table_Base             
0000061c  __TI_Handler_Table_Limit            
0001eb59  __TI_auto_init_nobinit              
0001f1e1  __TI_cleanup                        
2020143c  __TI_cleanup_ptr                    
0001e2b9  __TI_closefile                      
0001e335  __TI_decompress_lzss                
0001faed  __TI_decompress_none                
0001ebff  __TI_doflush                        
20201440  __TI_dtors_ptr                      
20201458  __TI_ft_end                         
ffffffff  __TI_pprof_out_hndl                 
ffffffff  __TI_prof_data_size                 
ffffffff  __TI_prof_data_start                
0001f215  __TI_readmsg                        
00000000  __TI_static_base__                  
202015a4  __TI_tmpnams                        
0001f249  __TI_writemsg                       
0001fa69  __TI_zero_init_nomemset             
0001e9b1  __aeabi_idiv                        
0001dad7  __aeabi_idiv0                       
0001e9b1  __aeabi_idivmod                     
0001fc39  __aeabi_memclr                      
0001fc39  __aeabi_memclr4                     
0001fc39  __aeabi_memclr8                     
0001fc81  __aeabi_memcpy                      
0001fc81  __aeabi_memcpy4                     
0001fc81  __aeabi_memcpy8                     
0001ef61  __aeabi_uidiv                       
0001ef61  __aeabi_uidivmod                    
ffffffff  __binit__                           
UNDEFED   __mpu_init                          
20207e00  __stack                             
20200000  __start___llvm_prf_bits             
20200000  __start___llvm_prf_cnts             
20200000  __stop___llvm_prf_bits              
20200000  __stop___llvm_prf_cnts              
0001f6f9  _c_int00_noargs                     
20201104  _device                             
20200f84  _ftable                             
2020145c  _lock                               
0001e577  _nop                                
2020117c  _stream                             
20201688  _sys_memory                         
UNDEFED   _system_post_cinit                  
0001fc95  _system_pre_init                    
20201460  _unlock                             
0001fc99  abort                               
0001d211  add_device                          
0001cf11  aligned_alloc                       
ffffffff  binit                               
20201683  buttons                             
20201468  clang_size                          
0001eca1  close                               
2020146a  correct_size                        
20201476  deadTimer                           
0001f27d  exit                                
0001f2b1  finddevice                          
0001f4f9  fopen                               
0001d3e5  free                                
0001f2e5  freopen                             
0001e6bd  getdevice                           
20201477  input                               
00000000  interruptVectors                    
202012e4  m_anvil                             
202012f3  m_cart1                             
20201302  m_cart2                             
20201311  m_counter1                          
20201320  m_counter2                          
2020132f  m_counter3                          
2020133e  m_counter4                          
2020134d  m_counter5                          
2020135c  m_counter6                          
2020136b  m_portal                            
2020137a  m_refiner                           
20201389  m_rock1                             
20201398  m_rock1Mid                          
202013a7  m_rock1Progress                     
202013b6  m_rock1Top                          
202013c5  m_rock2                             
202013d4  m_rock2Mid                          
202013e3  m_rock2Top                          
202013f2  m_smelter                           
20201401  m_smelterProgress                   
20201410  m_todo                              
2020141f  m_todoDown                          
202012bc  machineArr2                         
00018b51  main                                
0001fc45  malloc                              
0001cf11  memalign                            
20201684  menuOpen                            
20201479  numCounters                         
0001dad9  open                                
20201444  p1                                  
20201658  parmbuf                             
2020147a  progH                               
2020147b  progW                               
0001fc89  remove                              
0001d4cd  setvbuf                             
20201674  soundArr                            
20201678  soundIndex                          
20201666  soundLength                         
20201685  sound_flag                          
20201074  sprites                             
0001e131  strcmp                              
20201686  toDoOpen                            
0001f605  unlink                              
0001f6d1  write                               
2020146c  wrong_size                          


GLOBAL SYMBOLS: SORTED BY Symbol Address 

address   name                                
-------   ----                                
00000000  __TI_ATRegion0_region_sz            
00000000  __TI_ATRegion0_src_addr             
00000000  __TI_ATRegion0_trg_addr             
00000000  __TI_ATRegion1_region_sz            
00000000  __TI_ATRegion1_src_addr             
00000000  __TI_ATRegion1_trg_addr             
00000000  __TI_ATRegion2_region_sz            
00000000  __TI_ATRegion2_src_addr             
00000000  __TI_ATRegion2_trg_addr             
00000000  __TI_static_base__                  
00000000  interruptVectors                    
00000200  __STACK_SIZE                        
00000200  __SYSMEM_SIZE                       
00000610  __TI_Handler_Table_Base             
0000061c  __TI_Handler_Table_Limit            
00000624  __TI_CINIT_Base                     
00000634  __TI_CINIT_Limit                    
00000634  __TI_CINIT_Warm                     
00018b51  main                                
00019a4d  _ZN7Machine10updateCartEh           
00019f75  _ZN7Machine11updateAnvilEh          
0001a451  _ZN7Machine10updateRockEh           
0001a899  _Z17setUpInstructionsh              
0001ac89  _ZN7Machine14updateCountersEhPS_    
0001b015  _ZN7Machine13updateSmelterEh        
0001b355  _ZN7Machine10printAnvilEv           
0001b60d  _ZN7Machine13printCountersEPS_      
0001b8bd  _ZN6Player8inBoundsEssPP7Machinehh  
0001bb01  _Z17ST7735_DrawBitmapssPKtss        
0001bd11  _ZN7Machine9printCartEv             
0001bee9  _ZN7Machine12printSmelterEv         
0001c0a1  _Z15Clock_Init80MHzi                
0001c255  _Z15ST7735_DrawCharsscssh           
0001c3f9  _Z16ST7735_DrawCharSsscssh          
0001c599  _ZN7Machine13computeRecipeEPaa      
0001c731  _ZN7Machine9printRockEv             
0001c8ad  _ZN7Machine13cartSendErrorEhh       
0001ca1d  _ZN7Machine15updateAnvilMenuEPaa    
0001ccd1  _Z8ADC_InitP10ADC12_Regsjj          
0001cdf9  _Z15ST7735_FillRectsssst            
0001cf11  aligned_alloc                       
0001cf11  memalign                            
0001d025  _Z8SPI_Initv                        
0001d11d  _Z18ST7735_SetRotationh             
0001d211  add_device                          
0001d2fd  _Z9UART_Initv                       
0001d3e5  free                                
0001d4cd  setvbuf                             
0001d5ad  _Z10UART2_Initv                     
0001d689  _Z14ST7735_OutCharc                 
0001d761  _Z10printScoreshhh                  
0001d82d  _Z20ST7735_DrawFastHLinessst        
0001d8dd  _Z20ST7735_DrawFastVLinessst        
0001d98d  _Z14TimerG7_IntArmtjj               
0001dad7  __aeabi_idiv0                       
0001dad9  open                                
0001db79  _Z17ST7735_InitPrintfv              
0001dc15  _ZN6Player14checkProximityE7Machine 
0001dcb1  _Z12ST7735_InitR10initRFlags        
0001dd49  _ZN6Player16resetCoordinatesEPsS0_  
0001dde1  _Z15TimerG12_IntArmjj               
0001de75  _Z11Sound_Starth                    
0001df05  _Z17ST7735_DrawStringttPcs          
0001df91  _ZN7MachineC1Ehhhhhhhhhh            
0001df91  _ZN7MachineC2Ehhhhhhhhhh            
0001e01d  _ZN8SlidePot4InitEv                 
0001e131  strcmp                              
0001e1b9  _ZN7MachineC1Ehhhhhhhhh             
0001e1b9  _ZN7MachineC2Ehhhhhhhhh             
0001e23d  _Z14LaunchPad_Initv                 
0001e2b9  __TI_closefile                      
0001e335  __TI_decompress_lzss                
0001e3b1  UART2_IRQHandler                    
0001e425  _Z13IRxmt_SendBiti                  
0001e499  _Z16ST7735_DrawPixelsst             
0001e509  _ZN6Player15getMachineInputE7Machine
0001e577  _nop                                
0001e579  HOSTlseek                           
0001e5e5  HOSTrename                          
0001e6bd  getdevice                           
0001e729  _ZN7MachineC1Ehhhhhh                
0001e729  _ZN7MachineC2Ehhhhhh                
0001e7f1  HOSTopen                            
0001e851  HOSTread                            
0001e8a9  HOSTwrite                           
0001e901  SysTick_Handler                     
0001e959  _Z10TExaS_InitP10ADC12_RegsjPFhvE   
0001e9b1  __aeabi_idiv                        
0001e9b1  __aeabi_idivmod                     
0001ea09  _ZN6Player14printPosessionEh        
0001ea5d  _ZN6Player8moveLeftEv               
0001eab1  _ZN6Player9moveRightEv              
0001eb05  _ZN8SlidePot2InEv                   
0001eb59  __TI_auto_init_nobinit              
0001ebad  _ZN6Player8moveDownEv               
0001ebff  __TI_doflush                        
0001eca1  close                               
0001ecf1  HOSTclose                           
0001ed39  HOSTunlink                          
0001ed81  _Z13IRxmt_OutCharc                  
0001edc9  _Z14SPI_OutCommandc                 
0001ee11  _ZN5Queue3GetEPc                    
0001ee59  _ZN5Queue3PutEc                     
0001eea1  TIMG7_IRQHandler                    
0001eee1  _Z10Sound_Initv                     
0001ef21  _Z9SPI_Resetv                       
0001ef61  __aeabi_uidiv                       
0001ef61  __aeabi_uidivmod                    
0001f021  TIMG12_IRQHandler                   
0001f05d  _Z9DAC5_Initv                       
0001f099  _ZN6Player6moveUpEv                 
0001f0d5  _Z11SPI_OutDatac                    
0001f10d  _Z15ActivatePortA_Bv                
0001f145  _Z12ST7735_writeiPKcj               
0001f179  _Z14Clock_Delay1msj                 
0001f1ad  _Z16ST7735_SetCursorjj              
0001f1e1  __TI_cleanup                        
0001f215  __TI_readmsg                        
0001f249  __TI_writemsg                       
0001f275  C$$IO$$                             
0001f27d  exit                                
0001f2b1  finddevice                          
0001f2e5  freopen                             
0001f349  _ZN6Player14translateRightEv        
0001f4f9  fopen                               
0001f529  _Z12UART2_InCharv                   
0001f555  _Z17ST7735_FillScreent              
0001f581  _ZN6Player13translateDownEv         
0001f5ad  _ZN6Player13translateLeftEv         
0001f605  unlink                              
0001f631  _Z10IRxmt_Initv                     
0001f659  _Z9ADC_StartP10ADC12_Regs           
0001f6d1  write                               
0001f6f9  _c_int00_noargs                     
0001f721  _Z16ST7735_OutStringPc              
0001f749  _ZN8SlidePot4SaveEj                 
0001f8d5  _ZN5Queue6IsFullEv                  
0001f8f9  _Z8DAC5_Outj                        
0001f919  _ZN8SlidePot4SyncEv                 
0001f999  ADC0_IRQHandler                     
0001f999  ADC1_IRQHandler                     
0001f999  AES_IRQHandler                      
0001f999  CANFD0_IRQHandler                   
0001f999  DAC0_IRQHandler                     
0001f999  DMA_IRQHandler                      
0001f999  Default_Handler                     
0001f999  GROUP0_IRQHandler                   
0001f999  GROUP1_IRQHandler                   
0001f999  I2C0_IRQHandler                     
0001f999  I2C1_IRQHandler                     
0001f999  NMI_Handler                         
0001f999  PendSV_Handler                      
0001f999  RTC_IRQHandler                      
0001f999  SPI0_IRQHandler                     
0001f999  SPI1_IRQHandler                     
0001f999  SVC_Handler                         
0001f999  TIMA0_IRQHandler                    
0001f999  TIMA1_IRQHandler                    
0001f999  TIMG0_IRQHandler                    
0001f999  TIMG6_IRQHandler                    
0001f999  TIMG8_IRQHandler                    
0001f999  UART0_IRQHandler                    
0001f999  UART1_IRQHandler                    
0001f999  UART3_IRQHandler                    
0001f9b5  HardFault_Handler                   
0001f9d1  _Z9Switch_Inv                       
0001f9ed  _ZN6PlayerC1Ev                      
0001f9ed  _ZN6PlayerC2Ev                      
0001fa25  _Z11Switch_Initv                    
0001fa3d  _Z11ST7735_openPKcji                
0001fa53  _Z11ST7735_readiPcj                 
0001fa69  __TI_zero_init_nomemset             
0001fa7f  _ZN5Queue7IsEmptyEv                 
0001fa93  _ZN6Player13setPossessionEh         
0001faa5  _ZN6Player7setXPosEs                
0001fab7  _ZN6Player7setYPosEs                
0001fac9  _ZN7Machine11setRockTypeEh          
0001fadb  TI_memcpy_small                     
0001faed  __TI_decompress_none                
0001faff  _Z11Clock_Delayj                    
0001fb11  _Z12UART2_Enablev                   
0001fb21  _Z13UART2_Disablev                  
0001fb31  _Z28TExaS_LaunchPadLogicPB27PB26v   
0001fb41  _ZN5QueueC1Ev                       
0001fb41  _ZN5QueueC2Ev                       
0001fb8f  _Z12ST7735_lseekili                 
0001fb9d  _ZN6Player7getXPosEv                
0001fbab  _ZN6Player7getYPosEv                
0001fbb9  _ZN8SlidePotC1Ev                    
0001fbb9  _ZN8SlidePotC2Ev                    
0001fbe3  TI_memset_small                     
0001fbf1  _Z10Clock_Freqv                     
0001fbfd  _Z13ST7735_renamePKcS0_             
0001fc09  _Z5Delayj                           
0001fc15  _ZN6Player7getSizeEv                
0001fc21  _ZN8SlidePot9DistanceXEv            
0001fc2d  _ZN8SlidePot9DistanceYEv            
0001fc39  __aeabi_memclr                      
0001fc39  __aeabi_memclr4                     
0001fc39  __aeabi_memclr8                     
0001fc45  malloc                              
0001fc51  _Z11Sound_Clangv                    
0001fc5b  _Z12ST7735_closei                   
0001fc65  _Z13ST7735_unlinkPKc                
0001fc6f  _Z8PLL_Initv                        
0001fc81  __aeabi_memcpy                      
0001fc81  __aeabi_memcpy4                     
0001fc81  __aeabi_memcpy8                     
0001fc89  remove                              
0001fc91  Reset_Handler                       
0001fc95  _system_pre_init                    
0001fc98  C$$EXIT                             
0001fc99  abort                               
0001fca0  SHT$$INIT_ARRAY$$Base               
0001fca8  SHT$$INIT_ARRAY$$Limit              
20200000  __start___llvm_prf_bits             
20200000  __start___llvm_prf_cnts             
20200000  __stop___llvm_prf_bits              
20200000  __stop___llvm_prf_cnts              
20200f84  _ftable                             
20201074  sprites                             
20201104  _device                             
2020117c  _stream                             
202011cc  Counters                            
20201208  Phrases                             
20201238  Counters2                           
20201268  FIFO2                               
20201294  Instructions                        
202012bc  machineArr2                         
202012e4  m_anvil                             
202012f3  m_cart1                             
20201302  m_cart2                             
20201311  m_counter1                          
20201320  m_counter2                          
2020132f  m_counter3                          
2020133e  m_counter4                          
2020134d  m_counter5                          
2020135c  m_counter6                          
2020136b  m_portal                            
2020137a  m_refiner                           
20201389  m_rock1                             
20201398  m_rock1Mid                          
202013a7  m_rock1Progress                     
202013b6  m_rock1Top                          
202013c5  m_rock2                             
202013d4  m_rock2Mid                          
202013e3  m_rock2Top                          
202013f2  m_smelter                           
20201401  m_smelterProgress                   
20201410  m_todo                              
2020141f  m_todoDown                          
2020142e  StTextColor                         
20201430  Sensor                              
2020143c  __TI_cleanup_ptr                    
20201440  __TI_dtors_ptr                      
20201444  p1                                  
2020144c  BusFreq                             
20201450  StX                                 
20201454  StY                                 
20201458  __TI_ft_end                         
2020145c  _lock                               
20201460  _unlock                             
20201468  clang_size                          
2020146a  correct_size                        
2020146c  wrong_size                          
20201476  deadTimer                           
20201477  input                               
20201479  numCounters                         
2020147a  progH                               
2020147b  progW                               
20201484  _CIOBUF_                            
20201484  __CIOBUF_                           
202015a4  __TI_tmpnams                        
20201644  ToDoArr                             
20201658  parmbuf                             
20201666  soundLength                         
20201668  LostData                            
2020166c  TExaSLogic                          
20201670  TExaSadc                            
20201674  soundArr                            
20201678  soundIndex                          
20201683  buttons                             
20201684  menuOpen                            
20201685  sound_flag                          
20201686  toDoOpen                            
20201688  _sys_memory                         
20207e00  __stack                             
20208000  __STACK_END                         
ffffffff  __TI_pprof_out_hndl                 
ffffffff  __TI_prof_data_size                 
ffffffff  __TI_prof_data_start                
ffffffff  __binit__                           
ffffffff  binit                               
UNDEFED   __mpu_init                          
UNDEFED   _system_post_cinit                  

[295 symbols]
