******************************************************************************
            TI ARM Clang Linker PC v4.0.1                      
******************************************************************************
>> Linked Sun Apr 20 15:00:43 2025

OUTPUT FILE NAME:   <MadMines.out>
ENTRY POINT SYMBOL: "_c_int00_noargs"  address: 0001f009


MEMORY CONFIGURATION

         name            origin    length      used     unused   attr    fill
----------------------  --------  ---------  --------  --------  ----  --------
  FLASH                 00000000   00020000  0001f738  000008c8  R  X
  SRAM                  20200000   00008000  00000ad8  00007528  RW X
  BCR_CONFIG            41c00000   00000080  00000000  00000080  R   
  BSL_CONFIG            41c00100   00000080  00000000  00000080  R   


SEGMENT ALLOCATION MAP

run origin  load origin   length   init length attrs members
----------  ----------- ---------- ----------- ----- -------
00000000    00000000    0001f738   0001f738    r-x
  00000000    00000000    000000c0   000000c0    r-- .intvecs
  000000c0    000000c0    000189d8   000189d8    r-- .rodata
  00018a98    00018a98    00000008   00000008    r-- .init_array
  00018aa0    00018aa0    00006b10   00006b10    r-x .text
  0001f5b0    0001f5b0    00000188   00000188    r-- .cinit
20200000    20200000    000008df   00000000    rw-
  20200000    20200000    000004e9   00000000    rw- .data
  202004f0    202004f0    00000200   00000000    rw- .sysmem
  202006f0    202006f0    000001ef   00000000    rw- .bss
20207e00    20207e00    00000200   00000000    rw-
  20207e00    20207e00    00000200   00000000    rw- .stack


SECTION ALLOCATION MAP

 output                                  attributes/
section   page    origin      length       input sections
--------  ----  ----------  ----------   ----------------
.intvecs   0    00000000    000000c0     
                  00000000    000000c0     startup_mspm0g3507_ticlang.o (.intvecs)

.binit     0    00000000    00000000     

.text      0    00018aa0    00006b10     
                  00018aa0    00000c04     Lab9HMain.o (.text.main)
                  000196a4    0000055c     Machine.o (.text._ZN7Machine10updateCartEh)
                  00019c00    000004c8     Machine.o (.text._ZN7Machine11updateAnvilEh)
                  0001a0c8    0000040c     Machine.o (.text._ZN7Machine10updateRockEh)
                  0001a4d4    0000038c     Machine.o (.text._ZN7Machine14updateCountersEhPS_)
                  0001a860    00000340     Machine.o (.text._ZN7Machine13updateSmelterEh)
                  0001aba0    000002b8     Machine.o (.text._ZN7Machine10printAnvilEv)
                  0001ae58    000002b0     Machine.o (.text._ZN7Machine13printCountersEPS_)
                  0001b108    0000023c     Player.o (.text._ZN6Player8inBoundsEssPP7Machinehh)
                  0001b344    00000210     ST7735.o (.text._Z17ST7735_DrawBitmapssPKtss)
                  0001b554    000001dc     Lab9HMain.o (.text._Z17setUpInstructionsv)
                  0001b730    000001d8     Machine.o (.text._ZN7Machine9printCartEv)
                  0001b908    000001b8     Machine.o (.text._ZN7Machine12printSmelterEv)
                  0001bac0    000001b4     Clock.o (.text._Z15Clock_Init80MHzi)
                  0001bc74    000001a4     ST7735.o (.text._Z15ST7735_DrawCharsscssh)
                  0001be18    000001a0     ST7735.o (.text._Z16ST7735_DrawCharSsscssh)
                  0001bfb8    00000198     Machine.o (.text._ZN7Machine13computeRecipeEPaa)
                  0001c150    0000017c     Machine.o (.text._ZN7Machine9printRockEv)
                  0001c2cc    00000160     Machine.o (.text._ZN7Machine15updateAnvilMenuEPaa)
                  0001c42c    0000015c     Machine.o (.text._ZN7Machine13cartSendErrorEhh)
                  0001c588    00000154     libc.a : fopen.c.obj (.text._openfile)
                  0001c6dc    00000128     TExaS.o (.text._Z8ADC_InitP10ADC12_Regsjj)
                  0001c804    00000118     ST7735.o (.text._Z15ST7735_FillRectsssst)
                  0001c91c    00000114     libc.a : memory.c.obj (.text.aligned_alloc)
                  0001ca30    000000f8     SPI.o (.text._Z8SPI_Initv)
                  0001cb28    000000f4     ST7735.o (.text._Z18ST7735_SetRotationh)
                  0001cc1c    000000ec     libsysbm.a : add_device.c.obj (.text.add_device)
                  0001cd08    000000e8     TExaS.o (.text._Z9UART_Initv)
                  0001cdf0    000000e8     libc.a : memory.c.obj (.text.free)
                  0001ced8    000000e0            : setvbuf.c.obj (.text.setvbuf)
                  0001cfb8    000000dc     UART2.o (.text._Z10UART2_Initv)
                  0001d094    000000d8     ST7735.o (.text._Z14ST7735_OutCharc)
                  0001d16c    000000b0     ST7735.o (.text._Z20ST7735_DrawFastHLinessst)
                  0001d21c    000000b0     ST7735.o (.text._Z20ST7735_DrawFastVLinessst)
                  0001d2cc    000000a8     Timer.o (.text._Z14TimerG7_IntArmtjj)
                  0001d374    000000a2     ST7735.o (.text._ZL11commandListPKh)
                  0001d416    00000002     libclang_rt.builtins.a : aeabi_div0.c.obj (.text.__aeabi_idiv0)
                  0001d418    000000a0     libsysbm.a : open.c.obj (.text.open)
                  0001d4b8    0000009c     ST7735.o (.text._Z17ST7735_InitPrintfv)
                  0001d554    0000009c     Player.o (.text._ZN6Player14checkProximityE7Machine)
                  0001d5f0    00000098     ST7735.o (.text._Z12ST7735_InitR10initRFlags)
                  0001d688    00000098     Player.o (.text._ZN6Player16resetCoordinatesEPsS0_)
                  0001d720    00000094     Timer.o (.text._Z15TimerG12_IntArmjj)
                  0001d7b4    00000090     Sound.o (.text._Z11Sound_Starth)
                  0001d844    0000008c     ST7735.o (.text._Z17ST7735_DrawStringttPcs)
                  0001d8d0    0000008c     Machine.o (.text._ZN7MachineC2Ehhhhhhhhhh)
                  0001d95c    0000008c     SlidePot.o (.text._ZN8SlidePot4InitEv)
                  0001d9e8    00000088     ST7735.o (.text._ZL13setAddrWindowhhhh)
                  0001da70    00000088     libc.a : strcmp-armv6m.S.obj (.text:strcmp)
                  0001daf8    00000084     Machine.o (.text._ZN7MachineC2Ehhhhhhhhh)
                  0001db7c    0000007c     LaunchPad.o (.text._Z14LaunchPad_Initv)
                  0001dbf8    0000007c     libc.a : fclose.c.obj (.text.__TI_closefile)
                  0001dc74    0000007c            : copy_decompress_lzss.c.obj (.text:decompress:lzss)
                  0001dcf0    00000074     UART2.o (.text.UART2_IRQHandler)
                  0001dd64    00000074     IRxmt.o (.text._Z13IRxmt_SendBiti)
                  0001ddd8    00000070     ST7735.o (.text._Z16ST7735_DrawPixelsst)
                  0001de48    0000006e     Player.o (.text._ZN6Player15getMachineInputE7Machine)
                  0001deb6    00000002     libc.a : _lock.c.obj (.text._nop)
                  0001deb8    0000006c     libsysbm.a : hostlseek.c.obj (.text.HOSTlseek)
                  0001df24    0000006c                : hostrename.c.obj (.text.HOSTrename)
                  0001df90    0000006c     Lab9HMain.o (.text._GLOBAL__sub_I_Lab9HMain.cpp)
                  0001dffc    0000006c     libc.a : getdevice.c.obj (.text.getdevice)
                  0001e068    00000064     Machine.o (.text._ZN7MachineC2Ehhhhhh)
                  0001e0cc    00000064     libc.a : memory.c.obj (.text.split)
                  0001e130    00000060     libsysbm.a : hostopen.c.obj (.text.HOSTopen)
                  0001e190    00000058                : hostread.c.obj (.text.HOSTread)
                  0001e1e8    00000058                : hostwrite.c.obj (.text.HOSTwrite)
                  0001e240    00000058     Sound.o (.text.SysTick_Handler)
                  0001e298    00000058     TExaS.o (.text._Z10TExaS_InitP10ADC12_RegsjPFhvE)
                  0001e2f0    00000056     libclang_rt.builtins.a : aeabi_idivmod.S.obj (.text.__aeabi_idivmod)
                  0001e346    00000002     --HOLE-- [fill = 0]
                  0001e348    00000054     Player.o (.text._ZN6Player14printPosessionEh)
                  0001e39c    00000054     Player.o (.text._ZN6Player8moveLeftEv)
                  0001e3f0    00000054     Player.o (.text._ZN6Player9moveRightEv)
                  0001e444    00000054     SlidePot.o (.text._ZN8SlidePot2InEv)
                  0001e498    00000054     libc.a : autoinit.c.obj (.text:__TI_auto_init_nobinit)
                  0001e4ec    00000052     Player.o (.text._ZN6Player8moveDownEv)
                  0001e53e    00000052     libc.a : fflush.c.obj (.text.__TI_doflush)
                  0001e590    00000050     Lab9HMain.o (.text.__cxx_global_var_init.13)
                  0001e5e0    00000050     libsysbm.a : close.c.obj (.text.close)
                  0001e630    0000004c     FIFO2.o (.text._ZN5Queue3GetEPc)
                  0001e67c    0000004c     FIFO2.o (.text._ZN5Queue3PutEc)
                  0001e6c8    00000048     libsysbm.a : hostclose.c.obj (.text.HOSTclose)
                  0001e710    00000048                : hostunlink.c.obj (.text.HOSTunlink)
                  0001e758    00000048     IRxmt.o (.text._Z13IRxmt_OutCharc)
                  0001e7a0    00000048     SPI.o (.text._Z14SPI_OutCommandc)
                  0001e7e8    00000040     TExaS.o (.text.TIMG7_IRQHandler)
                  0001e828    00000040     Sound.o (.text._Z10Sound_Initv)
                  0001e868    00000040     SPI.o (.text._Z9SPI_Resetv)
                  0001e8a8    00000040     libclang_rt.builtins.a : aeabi_uidivmod.S.obj (.text.__aeabi_uidivmod)
                  0001e8e8    00000040     Lab9HMain.o (.text.__cxx_global_var_init.25)
                  0001e928    00000040     libc.a : fopen.c.obj (.text._search_fp)
                  0001e968    0000003c     Lab9HMain.o (.text.TIMG12_IRQHandler)
                  0001e9a4    0000003c     Player.o (.text._ZN6Player6moveUpEv)
                  0001e9e0    00000038     SPI.o (.text._Z11SPI_OutDatac)
                  0001ea18    00000038     LaunchPad.o (.text._Z15ActivatePortA_Bv)
                  0001ea50    00000034     ST7735.o (.text._Z12ST7735_writeiPKcj)
                  0001ea84    00000034     Clock.o (.text._Z14Clock_Delay1msj)
                  0001eab8    00000034     ST7735.o (.text._Z16ST7735_SetCursorjj)
                  0001eaec    00000034     libc.a : fopen.c.obj (.text.__TI_cleanup)
                  0001eb20    00000034     libsysbm.a : trgmsg.c.obj (.text.__TI_readmsg)
                  0001eb54    00000034                : trgmsg.c.obj (.text.__TI_writemsg)
                  0001eb88    00000034     libc.a : exit.c.obj (.text.exit)
                  0001ebbc    00000034            : getdevice.c.obj (.text.finddevice)
                  0001ebf0    00000034            : fopen.c.obj (.text.freopen)
                  0001ec24    00000030     ST7735.o (.text._ZL10commonInitPKh)
                  0001ec54    00000030     Player.o (.text._ZN6Player14translateRightEv)
                  0001ec84    00000030     Lab9HMain.o (.text.__cxx_global_var_init.10)
                  0001ecb4    00000030     Lab9HMain.o (.text.__cxx_global_var_init.11)
                  0001ece4    00000030     Lab9HMain.o (.text.__cxx_global_var_init.12)
                  0001ed14    00000030     Lab9HMain.o (.text.__cxx_global_var_init.16)
                  0001ed44    00000030     Lab9HMain.o (.text.__cxx_global_var_init.22)
                  0001ed74    00000030     Lab9HMain.o (.text.__cxx_global_var_init.23)
                  0001eda4    00000030     Lab9HMain.o (.text.__cxx_global_var_init.24)
                  0001edd4    00000030     Lab9HMain.o (.text.__cxx_global_var_init.5)
                  0001ee04    00000030     libc.a : fopen.c.obj (.text.fopen)
                  0001ee34    0000002c     UART2.o (.text._Z12UART2_InCharv)
                  0001ee60    0000002c     ST7735.o (.text._Z17ST7735_FillScreent)
                  0001ee8c    0000002c     Player.o (.text._ZN6Player13translateDownEv)
                  0001eeb8    0000002c     Player.o (.text._ZN6Player13translateLeftEv)
                  0001eee4    0000002c     Lab9HMain.o (.text.__cxx_global_var_init.4)
                  0001ef10    0000002c     Lab9HMain.o (.text.__cxx_global_var_init.9)
                  0001ef3c    0000002c     libsysbm.a : unlink.c.obj (.text.unlink)
                  0001ef68    00000028     IRxmt.o (.text._Z10IRxmt_Initv)
                  0001ef90    00000028     TExaS.o (.text._Z9ADC_StartP10ADC12_Regs)
                  0001efb8    00000028     libc.a : memory.c.obj (.text.free_list_insert)
                  0001efe0    00000028     libsysbm.a : write.c.obj (.text.write)
                  0001f008    00000028     libc.a : boot_cortex_m.c.obj (.text:_c_int00_noargs)
                  0001f030    00000026     ST7735.o (.text._Z16ST7735_OutStringPc)
                  0001f056    00000002     --HOLE-- [fill = 0]
                  0001f058    00000024     SlidePot.o (.text._ZN8SlidePot4SaveEj)
                  0001f07c    00000024     Lab9HMain.o (.text.__cxx_global_var_init.15)
                  0001f0a0    00000024     Lab9HMain.o (.text.__cxx_global_var_init.17)
                  0001f0c4    00000024     Lab9HMain.o (.text.__cxx_global_var_init.18)
                  0001f0e8    00000024     Lab9HMain.o (.text.__cxx_global_var_init.19)
                  0001f10c    00000024     Lab9HMain.o (.text.__cxx_global_var_init.20)
                  0001f130    00000024     Lab9HMain.o (.text.__cxx_global_var_init.21)
                  0001f154    00000024     Lab9HMain.o (.text.__cxx_global_var_init.2)
                  0001f178    00000024     Lab9HMain.o (.text.__cxx_global_var_init.3)
                  0001f19c    00000024     Lab9HMain.o (.text.__cxx_global_var_init.6)
                  0001f1c0    00000024     Lab9HMain.o (.text.__cxx_global_var_init.8)
                  0001f1e4    00000022     FIFO2.o (.text._ZN5Queue6IsFullEv)
                  0001f206    00000002     --HOLE-- [fill = 0]
                  0001f208    00000020     DAC5.o (.text._Z8DAC5_Outj)
                  0001f228    00000020     SlidePot.o (.text._ZN8SlidePot4SyncEv)
                  0001f248    00000020     Lab9HMain.o (.text.__cxx_global_var_init.14)
                  0001f268    00000020     Lab9HMain.o (.text.__cxx_global_var_init.7)
                  0001f288    0000001e     ST7735.o (.text._ZL9pushColort)
                  0001f2a6    00000002     --HOLE-- [fill = 0]
                  0001f2a8    0000001c     startup_mspm0g3507_ticlang.o (.text.Default_Handler)
                  0001f2c4    0000001c     startup_mspm0g3507_ticlang.o (.text.HardFault_Handler)
                  0001f2e0    0000001c     Switch.o (.text._Z9Switch_Inv)
                  0001f2fc    0000001c     Player.o (.text._ZN6PlayerC2Ev)
                  0001f318    0000001c     libc.a : memory.c.obj (.text.free_list_remove)
                  0001f334    00000018     Switch.o (.text._Z11Switch_Initv)
                  0001f34c    00000016     ST7735.o (.text._Z11ST7735_openPKcji)
                  0001f362    00000016     ST7735.o (.text._Z11ST7735_readiPcj)
                  0001f378    00000016     libc.a : copy_zero_init.c.obj (.text:decompress:ZI:__TI_zero_init_nomemset)
                  0001f38e    00000014     FIFO2.o (.text._ZN5Queue7IsEmptyEv)
                  0001f3a2    00000012     Player.o (.text._ZN6Player13setPossessionEh)
                  0001f3b4    00000012     Player.o (.text._ZN6Player7setXPosEs)
                  0001f3c6    00000012     Player.o (.text._ZN6Player7setYPosEs)
                  0001f3d8    00000012     Machine.o (.text._ZN7Machine11setRockTypeEh)
                  0001f3ea    00000012     libc.a : memcpy16.S.obj (.text:TI_memcpy_small)
                  0001f3fc    00000012            : copy_decompress_none.c.obj (.text:decompress:none)
                  0001f40e    00000010     Clock.o (.text._Z11Clock_Delayj)
                  0001f41e    00000002     --HOLE-- [fill = 0]
                  0001f420    00000010     UART2.o (.text._Z12UART2_Enablev)
                  0001f430    00000010     UART2.o (.text._Z13UART2_Disablev)
                  0001f440    00000010     Lab9HMain.o (.text._Z28TExaS_LaunchPadLogicPB27PB26v)
                  0001f450    00000010     FIFO2.o (.text._ZN5QueueC2Ev)
                  0001f460    00000010     Lab9HMain.o (.text.__cxx_global_var_init.1)
                  0001f470    00000010     Lab9HMain.o (.text.__cxx_global_var_init)
                  0001f480    00000010     UART2.o (.text.__cxx_global_var_init)
                  0001f490    0000000e     libc.a : memory.c.obj (.text.OUTLINED_FUNCTION_0)
                  0001f49e    0000000e     ST7735.o (.text._Z12ST7735_lseekili)
                  0001f4ac    0000000e     Player.o (.text._ZN6Player7getXPosEv)
                  0001f4ba    0000000e     Player.o (.text._ZN6Player7getYPosEv)
                  0001f4c8    0000000e     SlidePot.o (.text._ZN8SlidePotC2Ev)
                  0001f4d6    0000000e     libsysbm.a : hostrename.c.obj (.text.strcpy)
                  0001f4e4    0000000e                : hostrename.c.obj (.text.strlen)
                  0001f4f2    0000000e     libc.a : memset16.S.obj (.text:TI_memset_small)
                  0001f500    0000000c     Clock.o (.text._Z10Clock_Freqv)
                  0001f50c    0000000c     ST7735.o (.text._Z13ST7735_renamePKcS0_)
                  0001f518    0000000c     IRxmt.o (.text._Z5Delayj)
                  0001f524    0000000c     Player.o (.text._ZN6Player7getSizeEv)
                  0001f530    0000000c     SlidePot.o (.text._ZN8SlidePot9DistanceXEv)
                  0001f53c    0000000c     SlidePot.o (.text._ZN8SlidePot9DistanceYEv)
                  0001f548    0000000c     libclang_rt.builtins.a : aeabi_memset.S.obj (.text.__aeabi_memclr)
                  0001f554    0000000c     libc.a : memory.c.obj (.text.malloc)
                  0001f560    0000000a     Sound.o (.text._Z11Sound_Clangv)
                  0001f56a    0000000a     ST7735.o (.text._Z12ST7735_closei)
                  0001f574    0000000a     ST7735.o (.text._Z13ST7735_unlinkPKc)
                  0001f57e    0000000a     Lab9HMain.o (.text._Z8PLL_Initv)
                  0001f588    00000008     UART2.o (.text._GLOBAL__sub_I_UART2.cpp)
                  0001f590    00000008     libclang_rt.builtins.a : aeabi_memcpy.S.obj (.text.__aeabi_memcpy)
                  0001f598    00000008     libsysbm.a : remove.c.obj (.text.remove)
                  0001f5a0    00000004     startup_mspm0g3507_ticlang.o (.text.Reset_Handler)
                  0001f5a4    00000004     libc.a : pre_init.c.obj (.text._system_pre_init)
                  0001f5a8    00000004            : exit.c.obj (.text:abort)
                  0001f5ac    00000004     --HOLE-- [fill = 0]

.cinit     0    0001f5b0    00000188     
                  0001f5b0    0000015f     (.cinit..data.load) [load image, compression = lzss]
                  0001f70f    00000001     --HOLE-- [fill = 0]
                  0001f710    0000000c     (__TI_handler_table)
                  0001f71c    00000008     (.cinit..bss.load) [load image, compression = zero_init]
                  0001f724    00000010     (__TI_cinit_table)
                  0001f734    00000004     --HOLE-- [fill = 0]

.rodata    0    000000c0    000189d8     
                  000000c0    00002800     Machine.o (.rodata._ZL4todo)
                  000028c0    00002700     Machine.o (.rodata._ZL9anvilMenu)
                  00004fc0    00001f00     Sound.o (.rodata._ZL5clang)
                  00006ec0    00001008     Machine.o (.rodata._ZL11smelterFail)
                  00007ec8    00001008     Machine.o (.rodata._ZL14smelterWorking)
                  00008ed0    00001008     Machine.o (.rodata._ZL16smelterHighlight)
                  00009ed8    00001008     Machine.o (.rodata._ZL20smelterFailHighlight)
                  0000aee0    00001008     Machine.o (.rodata._ZL7smelter)
                  0000bee8    00000f83     Sound.o (.rodata._ZL5wrong)
                  0000ce6b    00000001     --HOLE-- [fill = 0]
                  0000ce6c    00000f78     Machine.o (.rodata._ZL12anvilWorking)
                  0000dde4    00000f78     Machine.o (.rodata._ZL14anvilHighlight)
                  0000ed5c    00000f78     Machine.o (.rodata._ZL5anvil)
                  0000fcd4    00000f74     Machine.o (.rodata._ZL13cartHighlight)
                  00010c48    00000f74     Machine.o (.rodata._ZL4cart)
                  00011bbc    00000cea     Sound.o (.rodata._ZL7correct)
                  000128a6    00000738     Machine.o (.rodata._ZL13rockWorking_b)
                  00012fde    00000738     Machine.o (.rodata._ZL15rockHighlight_b)
                  00013716    00000738     Machine.o (.rodata._ZL22rockWorkingHighlight_b)
                  00013e4e    00000738     Machine.o (.rodata._ZL6rock_b)
                  00014586    000006e0     Machine.o (.rodata._ZL6ladder)
                  00014c66    00000548     Lab9HMain.o (.rodata._ZL5miner)
                  000151ae    00000540     Machine.o (.rodata._ZL7counter)
                  000156ee    000004fb     ST7735.o (.rodata._ZL4Font)
                  00015be9    00000001     --HOLE-- [fill = 0]
                  00015bea    00000348     Machine.o (.rodata._ZL5watch)
                  00015f32    00000320     Machine.o (.rodata._ZL5trash)
                  00016252    000002d2     Machine.o (.rodata._ZL5sword)
                  00016524    000002ac     Machine.o (.rodata._ZL3key)
                  000167d0    000002a0     Machine.o (.rodata._ZL6shield)
                  00016a70    00000220     Machine.o (.rodata._ZL4ring)
                  00016c90    0000018c     Machine.o (.rodata._ZL10rawDiamond)
                  00016e1c    0000018c     Machine.o (.rodata._ZL10rawEmerald)
                  00016fa8    0000018c     Machine.o (.rodata._ZL7rawGold)
                  00017134    0000018c     Machine.o (.rodata._ZL7rawRuby)
                  000172c0    0000018c     Machine.o (.rodata._ZL9rawSilver)
                  0001744c    00000168     Machine.o (.rodata._ZL13rockWorking_m)
                  000175b4    00000168     Machine.o (.rodata._ZL15rockHighlight_m)
                  0001771c    00000168     Machine.o (.rodata._ZL22rockWorkingHighlight_m)
                  00017884    00000168     Machine.o (.rodata._ZL6rock_m)
                  000179ec    0000010e     Machine.o (.rodata._ZL4gold)
                  00017afa    0000010e     Machine.o (.rodata._ZL6silver)
                  00017c08    0000010a     Machine.o (.rodata._ZL13rockWorking_t)
                  00017d12    0000010a     Machine.o (.rodata._ZL15rockHighlight_t)
                  00017e1c    0000010a     Machine.o (.rodata._ZL22rockWorkingHighlight_t)
                  00017f26    0000010a     Machine.o (.rodata._ZL6rock_t)
                  00018030    000000dd     Lab9HMain.o (.rodata._ZL13Page3_Spanish)
                  0001810d    000000d8     Lab9HMain.o (.rodata._ZL13Page2_English)
                  000181e5    00000001     --HOLE-- [fill = 0]
                  000181e6    000000d8     Machine.o (.rodata._ZL4Ruby)
                  000182be    000000d8     Machine.o (.rodata._ZL7Diamond)
                  00018396    000000d8     Machine.o (.rodata._ZL7Emerald)
                  0001846e    000000ce     Lab9HMain.o (.rodata._ZL13Page3_English)
                  0001853c    000000c9     Lab9HMain.o (.rodata._ZL13Page2_Spanish)
                  00018605    000000ac     Lab9HMain.o (.rodata._ZL13Page1_English)
                  000186b1    000000a7     Lab9HMain.o (.rodata._ZL13Page1_Spanish)
                  00018758    000000a4     Lab9HMain.o (.rodata._ZL13Page4_English)
                  000187fc    000000a2     Lab9HMain.o (.rodata._ZL13Page4_Spanish)
                  0001889e    00000096     Lab9HMain.o (.rodata._ZL13Page5_Spanish)
                  00018934    00000066     Lab9HMain.o (.rodata._ZL13Page5_English)
                  0001899a    0000003b     ST7735.o (.rodata._ZL5Rcmd1)
                  000189d5    0000002b     ST7735.o (.rodata._ZL5Rcmd3)
                  00018a00    00000016     ST7735.o (.rodata.str1.128370289436029622301)
                  00018a16    00000010     Lab9HMain.o (.rodata.str1.36435047076059183751)
                  00018a26    0000000f     Machine.o (.rodata._ZL7recipes)
                  00018a35    0000000d     ST7735.o (.rodata._ZL10Rcmd2green)
                  00018a42    0000000d     ST7735.o (.rodata._ZL8Rcmd2red)
                  00018a4f    00000008     Lab9HMain.o (.rodata._ZL15Goodbye_English)
                  00018a57    00000008     Lab9HMain.o (.rodata._ZL16Language_English)
                  00018a5f    00000008     Lab9HMain.o (.rodata._ZL16Language_Spanish)
                  00018a67    00000008     ST7735.o (.rodata.str1.53591972959378542101)
                  00018a6f    00000007     Lab9HMain.o (.rodata._ZL13Hello_Spanish)
                  00018a76    00000007     ST7735.o (.rodata.str1.28611865845488554281)
                  00018a7d    00000007     ST7735.o (.rodata.str1.63348317913043414121)
                  00018a84    00000006     Lab9HMain.o (.rodata._ZL13Hello_English)
                  00018a8a    00000006     Lab9HMain.o (.rodata._ZL15Goodbye_Spanish)
                  00018a90    00000002     ST7735.o (.rodata.str1.90642305370257400361)
                  00018a92    00000006     --HOLE-- [fill = 0]

.init_array 
*          0    00018a98    00000008     
                  00018a98    00000004     UART2.o (.init_array)
                  00018a9c    00000004     Lab9HMain.o (.init_array)

.data      0    20200000    000004e9     UNINITIALIZED
                  20200000    000000f0     libc.a : defs.c.obj (.data._ftable)
                  202000f0    00000088     Machine.o (.data.sprites)
                  20200178    00000078     libsysbm.a : host_device.c.obj (.data._device)
                  202001f0    00000050                : host_device.c.obj (.data._stream)
                  20200240    0000003c     Lab9HMain.o (.data.Counters)
                  2020027c    0000002d     Lab9HMain.o (.data.Counters2)
                  202002a9    00000001     Machine.o (.data._ZZN7Machine10updateCartEhE8debounce)
                  202002aa    00000002     ST7735.o (.data.StTextColor)
                  202002ac    00000028     UART2.o (.data.FIFO2)
                  202002d4    00000028     Lab9HMain.o (.data.Instructions)
                  202002fc    00000028     Lab9HMain.o (.data.machineArr2)
                  20200324    00000018     Lab9HMain.o (.data.Phrases)
                  2020033c    00000014     Machine.o (.data._ZL7ToDoArr)
                  20200350    0000000f     Lab9HMain.o (.data.m_anvil)
                  2020035f    0000000f     Lab9HMain.o (.data.m_cart1)
                  2020036e    0000000f     Lab9HMain.o (.data.m_cart2)
                  2020037d    0000000f     Lab9HMain.o (.data.m_counter1)
                  2020038c    0000000f     Lab9HMain.o (.data.m_counter2)
                  2020039b    0000000f     Lab9HMain.o (.data.m_counter3)
                  202003aa    0000000f     Lab9HMain.o (.data.m_counter4)
                  202003b9    0000000f     Lab9HMain.o (.data.m_counter5)
                  202003c8    0000000f     Lab9HMain.o (.data.m_counter6)
                  202003d7    0000000f     Lab9HMain.o (.data.m_portal)
                  202003e6    0000000f     Lab9HMain.o (.data.m_refiner)
                  202003f5    0000000f     Lab9HMain.o (.data.m_rock1)
                  20200404    0000000f     Lab9HMain.o (.data.m_rock1Mid)
                  20200413    0000000f     Lab9HMain.o (.data.m_rock1Progress)
                  20200422    0000000f     Lab9HMain.o (.data.m_rock1Top)
                  20200431    0000000f     Lab9HMain.o (.data.m_rock2)
                  20200440    0000000f     Lab9HMain.o (.data.m_rock2Mid)
                  2020044f    0000000f     Lab9HMain.o (.data.m_rock2Top)
                  2020045e    0000000f     Lab9HMain.o (.data.m_smelter)
                  2020046d    0000000f     Lab9HMain.o (.data.m_smelterProgress)
                  2020047c    0000000f     Lab9HMain.o (.data.m_todo)
                  2020048b    0000000f     Lab9HMain.o (.data.m_todoDown)
                  2020049a    00000002     ST7735.o (.data._ZL6_width)
                  2020049c    0000000c     Lab9HMain.o (.data.Sensor)
                  202004a8    00000008     libc.a : exit.c.obj (.data..L_MergedGlobals)
                  202004b0    00000008     Lab9HMain.o (.data.p1)
                  202004b8    00000004     Clock.o (.data.BusFreq)
                  202004bc    00000004     ST7735.o (.data.StX)
                  202004c0    00000004     ST7735.o (.data.StY)
                  202004c4    00000004     libc.a : defs.c.obj (.data.__TI_ft_end)
                  202004c8    00000004            : _lock.c.obj (.data._lock)
                  202004cc    00000004            : _lock.c.obj (.data._unlock)
                  202004d0    00000002     ST7735.o (.data._ZL7_height)
                  202004d2    00000002     Sound.o (.data.clang_size)
                  202004d4    00000002     Sound.o (.data.correct_size)
                  202004d6    00000002     Sound.o (.data.wrong_size)
                  202004d8    00000001     Machine.o (.data._ZZN7Machine10updateRockEhE7halfway)
                  202004d9    00000001     Machine.o (.data._ZZN7Machine11updateAnvilEhE10wasWorking)
                  202004da    00000001     Machine.o (.data._ZZN7Machine11updateAnvilEhE11anvilLength)
                  202004db    00000001     Machine.o (.data._ZZN7Machine11updateAnvilEhE12menuDebounce)
                  202004dc    00000001     Machine.o (.data._ZZN7Machine14updateCountersEhPS_E8debounce)
                  202004dd    00000001     Machine.o (.data._ZZN7Machine9printCartEvE2in)
                  202004de    00000001     Machine.o (.data._ZZN7Machine9printCartEvE4sent)
                  202004df    00000001     Lab9HMain.o (.data.deadTimer)
                  202004e0    00000001     libsysbm.a : add_device.c.obj (.data.add_device.device_init)
                  202004e1    00000001     Lab9HMain.o (.data.input)
                  202004e2    00000001     Lab9HMain.o (.data.numCounters)
                  202004e3    00000001     Machine.o (.data.progH)
                  202004e4    00000001     libc.a : memory.c.obj (.data.memory_is_initialized)
                  202004e5    00000001     Machine.o (.data.progW)
                  202004e6    00000002     --HOLE--
                  202004e8    00000001     libsysbm.a : open.c.obj (.data.open.stream_init)

.sysmem    0    202004f0    00000200     UNINITIALIZED
                  202004f0    00000010     libc.a : memory.c.obj (.sysmem)
                  20200500    000001f0     --HOLE--

.bss       0    202006f0    000001ef     UNINITIALIZED
                  202006f0    00000120     libsysbm.a : trgmsg.c.obj (.bss:_CIOBUF_)
                  20200810    000000a0     libc.a : defs.c.obj (.bss.__TI_tmpnams)
                  202008b0    00000008     libsysbm.a : hostopen.c.obj (.bss.parmbuf)
                  202008b8    00000005     Machine.o (.bss._ZZN7Machine11updateAnvilEhE10AnvilItems)
                  202008bd    00000001     ST7735.o (.bss._ZL8ColStart)
                  202008be    00000002     Sound.o (.bss.soundLength)
                  202008c0    00000004     UART2.o (.bss.LostData)
                  202008c4    00000004     TExaS.o (.bss.TExaSLogic)
                  202008c8    00000004     TExaS.o (.bss.TExaSadc)
                  202008cc    00000004     Sound.o (.bss.soundArr)
                  202008d0    00000004     Sound.o (.bss.soundIndex)
                  202008d4    00000004     libc.a : memory.c.obj (.bss.sys_free)
                  202008d8    00000001     ST7735.o (.bss._ZL8Rotation)
                  202008d9    00000001     ST7735.o (.bss._ZL8RowStart)
                  202008da    00000001     ST7735.o (.bss._ZL8TabColor)
                  202008db    00000001     Lab9HMain.o (.bss.buttons)
                  202008dc    00000001     Lab9HMain.o (.bss.menuOpen)
                  202008dd    00000001     Sound.o (.bss.sound_flag)
                  202008de    00000001     Lab9HMain.o (.bss.toDoOpen)

.stack     0    20207e00    00000200     UNINITIALIZED
                  20207e00    00000004     libc.a : boot_cortex_m.c.obj (.stack)
                  20207e04    000001fc     --HOLE--

__llvm_prf_cnts 
*          0    20200000    00000000     UNINITIALIZED

__llvm_prf_bits 
*          0    20200000    00000000     UNINITIALIZED

MODULE SUMMARY

       Module                         code    ro data   rw data
       ------                         ----    -------   -------
    .\
       Machine.o                      9546    80981     171    
       Sound.o                        306     15213     17     
       Lab9HMain.o                    4818    3176      565    
       ST7735.o                       3668    1449      18     
       Player.o                       1642    0         0      
       TExaS.o                        720     0         8      
       Clock.o                        516     0         4      
       UART2.o                        436     4         44     
       SPI.o                          440     0         0      
       SlidePot.o                     330     0         0      
       Timer.o                        316     0         0      
       IRxmt.o                        240     0         0      
       FIFO2.o                        222     0         0      
       LaunchPad.o                    180     0         0      
       Switch.o                       52      0         0      
       DAC5.o                         32      0         0      
    +--+------------------------------+-------+---------+---------+
       Total:                         23464   100823    827    
                                                               
    .\ticlang\
       startup_mspm0g3507_ticlang.o   60      192       0      
    +--+------------------------------+-------+---------+---------+
       Total:                         60      192       0      
                                                               
    C:\ti\ccs2000\ccs\tools\compiler\ti-cgt-armllvm_4.0.1.LTS\lib\armv6m-ti-none-eabi/c/libc.a
       memory.c.obj                   702     0         5      
       fopen.c.obj                    556     0         0      
       defs.c.obj                     0       0         404    
       setvbuf.c.obj                  224     0         0      
       getdevice.c.obj                160     0         0      
       strcmp-armv6m.S.obj            136     0         0      
       copy_decompress_lzss.c.obj     124     0         0      
       fclose.c.obj                   124     0         0      
       autoinit.c.obj                 84      0         0      
       fflush.c.obj                   82      0         0      
       exit.c.obj                     56      0         8      
       boot_cortex_m.c.obj            40      0         0      
       copy_zero_init.c.obj           22      0         0      
       copy_decompress_none.c.obj     18      0         0      
       memcpy16.S.obj                 18      0         0      
       memset16.S.obj                 14      0         0      
       _lock.c.obj                    2       0         8      
       pre_init.c.obj                 4       0         0      
    +--+------------------------------+-------+---------+---------+
       Total:                         2366    0         425    
                                                               
    C:\ti\ccs2000\ccs\tools\compiler\ti-cgt-armllvm_4.0.1.LTS\lib\armv6m-ti-none-eabi/c/libsysbm.a
       trgmsg.c.obj                   104     0         288    
       add_device.c.obj               236     0         1      
       host_device.c.obj              0       0         200    
       open.c.obj                     160     0         1      
       hostrename.c.obj               136     0         0      
       hostlseek.c.obj                108     0         0      
       hostopen.c.obj                 96      0         8      
       hostread.c.obj                 88      0         0      
       hostwrite.c.obj                88      0         0      
       close.c.obj                    80      0         0      
       hostclose.c.obj                72      0         0      
       hostunlink.c.obj               72      0         0      
       unlink.c.obj                   44      0         0      
       write.c.obj                    40      0         0      
       remove.c.obj                   8       0         0      
    +--+------------------------------+-------+---------+---------+
       Total:                         1332    0         498    
                                                               
    C:\ti\ccs2000\ccs\tools\compiler\ti-cgt-armllvm_4.0.1.LTS\lib\armv6m-ti-none-eabi/libclang_rt.builtins.a
       aeabi_idivmod.S.obj            86      0         0      
       aeabi_uidivmod.S.obj           64      0         0      
       aeabi_memset.S.obj             12      0         0      
       aeabi_memcpy.S.obj             8       0         0      
       aeabi_div0.c.obj               2       0         0      
    +--+------------------------------+-------+---------+---------+
       Total:                         172     0         0      
                                                               
       Heap:                          0       0         512    
       Stack:                         0       0         512    
       Linker Generated:              0       387       0      
    +--+------------------------------+-------+---------+---------+
       Grand Total:                   27394   101402    2774   


LINKER GENERATED COPY TABLES

__TI_cinit_table @ 0001f724 records: 2, size/record: 8, table size: 16
	.data: load addr=0001f5b0, load size=0000015f bytes, run addr=20200000, run size=000004e9 bytes, compression=lzss
	.bss: load addr=0001f71c, load size=00000008 bytes, run addr=202006f0, run size=000001ef bytes, compression=zero_init


LINKER GENERATED HANDLER TABLE

__TI_handler_table @ 0001f710 records: 3, size/record: 4, table size: 12
	index: 0, handler: __TI_decompress_lzss
	index: 1, handler: __TI_decompress_none
	index: 2, handler: __TI_zero_init


GLOBAL SYMBOLS: SORTED ALPHABETICALLY BY Name 

address   name                                
-------   ----                                
0001f2a9  ADC0_IRQHandler                     
0001f2a9  ADC1_IRQHandler                     
0001f2a9  AES_IRQHandler                      
202004b8  BusFreq                             
0001f5a8  C$$EXIT                             
0001eb81  C$$IO$$                             
0001f2a9  CANFD0_IRQHandler                   
20200240  Counters                            
2020027c  Counters2                           
0001f2a9  DAC0_IRQHandler                     
0001f2a9  DMA_IRQHandler                      
0001f2a9  Default_Handler                     
202002ac  FIFO2                               
0001f2a9  GROUP0_IRQHandler                   
0001f2a9  GROUP1_IRQHandler                   
0001e6c9  HOSTclose                           
0001deb9  HOSTlseek                           
0001e131  HOSTopen                            
0001e191  HOSTread                            
0001df25  HOSTrename                          
0001e711  HOSTunlink                          
0001e1e9  HOSTwrite                           
0001f2c5  HardFault_Handler                   
0001f2a9  I2C0_IRQHandler                     
0001f2a9  I2C1_IRQHandler                     
202002d4  Instructions                        
202008c0  LostData                            
0001f2a9  NMI_Handler                         
0001f2a9  PendSV_Handler                      
20200324  Phrases                             
0001f2a9  RTC_IRQHandler                      
0001f5a1  Reset_Handler                       
00018a98  SHT$$INIT_ARRAY$$Base               
00018aa0  SHT$$INIT_ARRAY$$Limit              
0001f2a9  SPI0_IRQHandler                     
0001f2a9  SPI1_IRQHandler                     
0001f2a9  SVC_Handler                         
2020049c  Sensor                              
202002aa  StTextColor                         
202004bc  StX                                 
202004c0  StY                                 
0001e241  SysTick_Handler                     
202008c4  TExaSLogic                          
202008c8  TExaSadc                            
0001f2a9  TIMA0_IRQHandler                    
0001f2a9  TIMA1_IRQHandler                    
0001f2a9  TIMG0_IRQHandler                    
0001e969  TIMG12_IRQHandler                   
0001f2a9  TIMG6_IRQHandler                    
0001e7e9  TIMG7_IRQHandler                    
0001f2a9  TIMG8_IRQHandler                    
0001f3eb  TI_memcpy_small                     
0001f4f3  TI_memset_small                     
0001f2a9  UART0_IRQHandler                    
0001f2a9  UART1_IRQHandler                    
0001dcf1  UART2_IRQHandler                    
0001f2a9  UART3_IRQHandler                    
202006f0  _CIOBUF_                            
0001f501  _Z10Clock_Freqv                     
0001ef69  _Z10IRxmt_Initv                     
0001e829  _Z10Sound_Initv                     
0001e299  _Z10TExaS_InitP10ADC12_RegsjPFhvE   
0001cfb9  _Z10UART2_Initv                     
0001f40f  _Z11Clock_Delayj                    
0001e9e1  _Z11SPI_OutDatac                    
0001f34d  _Z11ST7735_openPKcji                
0001f363  _Z11ST7735_readiPcj                 
0001f561  _Z11Sound_Clangv                    
0001d7b5  _Z11Sound_Starth                    
0001f335  _Z11Switch_Initv                    
0001d5f1  _Z12ST7735_InitR10initRFlags        
0001f56b  _Z12ST7735_closei                   
0001f49f  _Z12ST7735_lseekili                 
0001ea51  _Z12ST7735_writeiPKcj               
0001f421  _Z12UART2_Enablev                   
0001ee35  _Z12UART2_InCharv                   
0001e759  _Z13IRxmt_OutCharc                  
0001dd65  _Z13IRxmt_SendBiti                  
0001f50d  _Z13ST7735_renamePKcS0_             
0001f575  _Z13ST7735_unlinkPKc                
0001f431  _Z13UART2_Disablev                  
0001ea85  _Z14Clock_Delay1msj                 
0001db7d  _Z14LaunchPad_Initv                 
0001e7a1  _Z14SPI_OutCommandc                 
0001d095  _Z14ST7735_OutCharc                 
0001d2cd  _Z14TimerG7_IntArmtjj               
0001ea19  _Z15ActivatePortA_Bv                
0001bac1  _Z15Clock_Init80MHzi                
0001bc75  _Z15ST7735_DrawCharsscssh           
0001c805  _Z15ST7735_FillRectsssst            
0001d721  _Z15TimerG12_IntArmjj               
0001be19  _Z16ST7735_DrawCharSsscssh          
0001ddd9  _Z16ST7735_DrawPixelsst             
0001f031  _Z16ST7735_OutStringPc              
0001eab9  _Z16ST7735_SetCursorjj              
0001b345  _Z17ST7735_DrawBitmapssPKtss        
0001d845  _Z17ST7735_DrawStringttPcs          
0001ee61  _Z17ST7735_FillScreent              
0001d4b9  _Z17ST7735_InitPrintfv              
0001b555  _Z17setUpInstructionsv              
0001cb29  _Z18ST7735_SetRotationh             
0001d16d  _Z20ST7735_DrawFastHLinessst        
0001d21d  _Z20ST7735_DrawFastVLinessst        
0001f441  _Z28TExaS_LaunchPadLogicPB27PB26v   
0001f519  _Z5Delayj                           
0001c6dd  _Z8ADC_InitP10ADC12_Regsjj          
0001f209  _Z8DAC5_Outj                        
0001f57f  _Z8PLL_Initv                        
0001ca31  _Z8SPI_Initv                        
0001ef91  _Z9ADC_StartP10ADC12_Regs           
0001e869  _Z9SPI_Resetv                       
0001f2e1  _Z9Switch_Inv                       
0001cd09  _Z9UART_Initv                       
0001e631  _ZN5Queue3GetEPc                    
0001e67d  _ZN5Queue3PutEc                     
0001f1e5  _ZN5Queue6IsFullEv                  
0001f38f  _ZN5Queue7IsEmptyEv                 
0001f451  _ZN5QueueC1Ev                       
0001f451  _ZN5QueueC2Ev                       
0001f3a3  _ZN6Player13setPossessionEh         
0001ee8d  _ZN6Player13translateDownEv         
0001eeb9  _ZN6Player13translateLeftEv         
0001d555  _ZN6Player14checkProximityE7Machine 
0001e349  _ZN6Player14printPosessionEh        
0001ec55  _ZN6Player14translateRightEv        
0001de49  _ZN6Player15getMachineInputE7Machine
0001d689  _ZN6Player16resetCoordinatesEPsS0_  
0001e9a5  _ZN6Player6moveUpEv                 
0001f525  _ZN6Player7getSizeEv                
0001f4ad  _ZN6Player7getXPosEv                
0001f4bb  _ZN6Player7getYPosEv                
0001f3b5  _ZN6Player7setXPosEs                
0001f3c7  _ZN6Player7setYPosEs                
0001b109  _ZN6Player8inBoundsEssPP7Machinehh  
0001e4ed  _ZN6Player8moveDownEv               
0001e39d  _ZN6Player8moveLeftEv               
0001e3f1  _ZN6Player9moveRightEv              
0001f2fd  _ZN6PlayerC1Ev                      
0001f2fd  _ZN6PlayerC2Ev                      
0001aba1  _ZN7Machine10printAnvilEv           
000196a5  _ZN7Machine10updateCartEh           
0001a0c9  _ZN7Machine10updateRockEh           
0001f3d9  _ZN7Machine11setRockTypeEh          
00019c01  _ZN7Machine11updateAnvilEh          
0001b909  _ZN7Machine12printSmelterEv         
0001c42d  _ZN7Machine13cartSendErrorEhh       
0001bfb9  _ZN7Machine13computeRecipeEPaa      
0001ae59  _ZN7Machine13printCountersEPS_      
0001a861  _ZN7Machine13updateSmelterEh        
0001a4d5  _ZN7Machine14updateCountersEhPS_    
0001c2cd  _ZN7Machine15updateAnvilMenuEPaa    
0001b731  _ZN7Machine9printCartEv             
0001c151  _ZN7Machine9printRockEv             
0001e069  _ZN7MachineC1Ehhhhhh                
0001daf9  _ZN7MachineC1Ehhhhhhhhh             
0001d8d1  _ZN7MachineC1Ehhhhhhhhhh            
0001e069  _ZN7MachineC2Ehhhhhh                
0001daf9  _ZN7MachineC2Ehhhhhhhhh             
0001d8d1  _ZN7MachineC2Ehhhhhhhhhh            
0001e445  _ZN8SlidePot2InEv                   
0001d95d  _ZN8SlidePot4InitEv                 
0001f059  _ZN8SlidePot4SaveEj                 
0001f229  _ZN8SlidePot4SyncEv                 
0001f531  _ZN8SlidePot9DistanceXEv            
0001f53d  _ZN8SlidePot9DistanceYEv            
0001f4c9  _ZN8SlidePotC1Ev                    
0001f4c9  _ZN8SlidePotC2Ev                    
202006f0  __CIOBUF_                           
20208000  __STACK_END                         
00000200  __STACK_SIZE                        
00000200  __SYSMEM_SIZE                       
00000000  __TI_ATRegion0_region_sz            
00000000  __TI_ATRegion0_src_addr             
00000000  __TI_ATRegion0_trg_addr             
00000000  __TI_ATRegion1_region_sz            
00000000  __TI_ATRegion1_src_addr             
00000000  __TI_ATRegion1_trg_addr             
00000000  __TI_ATRegion2_region_sz            
00000000  __TI_ATRegion2_src_addr             
00000000  __TI_ATRegion2_trg_addr             
0001f724  __TI_CINIT_Base                     
0001f734  __TI_CINIT_Limit                    
0001f734  __TI_CINIT_Warm                     
0001f710  __TI_Handler_Table_Base             
0001f71c  __TI_Handler_Table_Limit            
0001e499  __TI_auto_init_nobinit              
0001eaed  __TI_cleanup                        
202004a8  __TI_cleanup_ptr                    
0001dbf9  __TI_closefile                      
0001dc75  __TI_decompress_lzss                
0001f3fd  __TI_decompress_none                
0001e53f  __TI_doflush                        
202004ac  __TI_dtors_ptr                      
202004c4  __TI_ft_end                         
ffffffff  __TI_pprof_out_hndl                 
ffffffff  __TI_prof_data_size                 
ffffffff  __TI_prof_data_start                
0001eb21  __TI_readmsg                        
00000000  __TI_static_base__                  
20200810  __TI_tmpnams                        
0001eb55  __TI_writemsg                       
0001f379  __TI_zero_init_nomemset             
0001e2f1  __aeabi_idiv                        
0001d417  __aeabi_idiv0                       
0001e2f1  __aeabi_idivmod                     
0001f549  __aeabi_memclr                      
0001f549  __aeabi_memclr4                     
0001f549  __aeabi_memclr8                     
0001f591  __aeabi_memcpy                      
0001f591  __aeabi_memcpy4                     
0001f591  __aeabi_memcpy8                     
0001e8a9  __aeabi_uidiv                       
0001e8a9  __aeabi_uidivmod                    
ffffffff  __binit__                           
UNDEFED   __mpu_init                          
20207e00  __stack                             
20200000  __start___llvm_prf_bits             
20200000  __start___llvm_prf_cnts             
20200000  __stop___llvm_prf_bits              
20200000  __stop___llvm_prf_cnts              
0001f009  _c_int00_noargs                     
20200178  _device                             
20200000  _ftable                             
202004c8  _lock                               
0001deb7  _nop                                
202001f0  _stream                             
202004f0  _sys_memory                         
UNDEFED   _system_post_cinit                  
0001f5a5  _system_pre_init                    
202004cc  _unlock                             
0001f5a9  abort                               
0001cc1d  add_device                          
0001c91d  aligned_alloc                       
ffffffff  binit                               
202008db  buttons                             
202004d2  clang_size                          
0001e5e1  close                               
202004d4  correct_size                        
202004df  deadTimer                           
0001eb89  exit                                
0001ebbd  finddevice                          
0001ee05  fopen                               
0001cdf1  free                                
0001ebf1  freopen                             
0001dffd  getdevice                           
202004e1  input                               
00000000  interruptVectors                    
20200350  m_anvil                             
2020035f  m_cart1                             
2020036e  m_cart2                             
2020037d  m_counter1                          
2020038c  m_counter2                          
2020039b  m_counter3                          
202003aa  m_counter4                          
202003b9  m_counter5                          
202003c8  m_counter6                          
202003d7  m_portal                            
202003e6  m_refiner                           
202003f5  m_rock1                             
20200404  m_rock1Mid                          
20200413  m_rock1Progress                     
20200422  m_rock1Top                          
20200431  m_rock2                             
20200440  m_rock2Mid                          
2020044f  m_rock2Top                          
2020045e  m_smelter                           
2020046d  m_smelterProgress                   
2020047c  m_todo                              
2020048b  m_todoDown                          
202002fc  machineArr2                         
00018aa1  main                                
0001f555  malloc                              
0001c91d  memalign                            
202008dc  menuOpen                            
202004e2  numCounters                         
0001d419  open                                
202004b0  p1                                  
202008b0  parmbuf                             
202004e3  progH                               
202004e5  progW                               
0001f599  remove                              
0001ced9  setvbuf                             
202008cc  soundArr                            
202008d0  soundIndex                          
202008be  soundLength                         
202008dd  sound_flag                          
202000f0  sprites                             
0001da71  strcmp                              
202008de  toDoOpen                            
0001ef3d  unlink                              
0001efe1  write                               
202004d6  wrong_size                          


GLOBAL SYMBOLS: SORTED BY Symbol Address 

address   name                                
-------   ----                                
00000000  __TI_ATRegion0_region_sz            
00000000  __TI_ATRegion0_src_addr             
00000000  __TI_ATRegion0_trg_addr             
00000000  __TI_ATRegion1_region_sz            
00000000  __TI_ATRegion1_src_addr             
00000000  __TI_ATRegion1_trg_addr             
00000000  __TI_ATRegion2_region_sz            
00000000  __TI_ATRegion2_src_addr             
00000000  __TI_ATRegion2_trg_addr             
00000000  __TI_static_base__                  
00000000  interruptVectors                    
00000200  __STACK_SIZE                        
00000200  __SYSMEM_SIZE                       
00018a98  SHT$$INIT_ARRAY$$Base               
00018aa0  SHT$$INIT_ARRAY$$Limit              
00018aa1  main                                
000196a5  _ZN7Machine10updateCartEh           
00019c01  _ZN7Machine11updateAnvilEh          
0001a0c9  _ZN7Machine10updateRockEh           
0001a4d5  _ZN7Machine14updateCountersEhPS_    
0001a861  _ZN7Machine13updateSmelterEh        
0001aba1  _ZN7Machine10printAnvilEv           
0001ae59  _ZN7Machine13printCountersEPS_      
0001b109  _ZN6Player8inBoundsEssPP7Machinehh  
0001b345  _Z17ST7735_DrawBitmapssPKtss        
0001b555  _Z17setUpInstructionsv              
0001b731  _ZN7Machine9printCartEv             
0001b909  _ZN7Machine12printSmelterEv         
0001bac1  _Z15Clock_Init80MHzi                
0001bc75  _Z15ST7735_DrawCharsscssh           
0001be19  _Z16ST7735_DrawCharSsscssh          
0001bfb9  _ZN7Machine13computeRecipeEPaa      
0001c151  _ZN7Machine9printRockEv             
0001c2cd  _ZN7Machine15updateAnvilMenuEPaa    
0001c42d  _ZN7Machine13cartSendErrorEhh       
0001c6dd  _Z8ADC_InitP10ADC12_Regsjj          
0001c805  _Z15ST7735_FillRectsssst            
0001c91d  aligned_alloc                       
0001c91d  memalign                            
0001ca31  _Z8SPI_Initv                        
0001cb29  _Z18ST7735_SetRotationh             
0001cc1d  add_device                          
0001cd09  _Z9UART_Initv                       
0001cdf1  free                                
0001ced9  setvbuf                             
0001cfb9  _Z10UART2_Initv                     
0001d095  _Z14ST7735_OutCharc                 
0001d16d  _Z20ST7735_DrawFastHLinessst        
0001d21d  _Z20ST7735_DrawFastVLinessst        
0001d2cd  _Z14TimerG7_IntArmtjj               
0001d417  __aeabi_idiv0                       
0001d419  open                                
0001d4b9  _Z17ST7735_InitPrintfv              
0001d555  _ZN6Player14checkProximityE7Machine 
0001d5f1  _Z12ST7735_InitR10initRFlags        
0001d689  _ZN6Player16resetCoordinatesEPsS0_  
0001d721  _Z15TimerG12_IntArmjj               
0001d7b5  _Z11Sound_Starth                    
0001d845  _Z17ST7735_DrawStringttPcs          
0001d8d1  _ZN7MachineC1Ehhhhhhhhhh            
0001d8d1  _ZN7MachineC2Ehhhhhhhhhh            
0001d95d  _ZN8SlidePot4InitEv                 
0001da71  strcmp                              
0001daf9  _ZN7MachineC1Ehhhhhhhhh             
0001daf9  _ZN7MachineC2Ehhhhhhhhh             
0001db7d  _Z14LaunchPad_Initv                 
0001dbf9  __TI_closefile                      
0001dc75  __TI_decompress_lzss                
0001dcf1  UART2_IRQHandler                    
0001dd65  _Z13IRxmt_SendBiti                  
0001ddd9  _Z16ST7735_DrawPixelsst             
0001de49  _ZN6Player15getMachineInputE7Machine
0001deb7  _nop                                
0001deb9  HOSTlseek                           
0001df25  HOSTrename                          
0001dffd  getdevice                           
0001e069  _ZN7MachineC1Ehhhhhh                
0001e069  _ZN7MachineC2Ehhhhhh                
0001e131  HOSTopen                            
0001e191  HOSTread                            
0001e1e9  HOSTwrite                           
0001e241  SysTick_Handler                     
0001e299  _Z10TExaS_InitP10ADC12_RegsjPFhvE   
0001e2f1  __aeabi_idiv                        
0001e2f1  __aeabi_idivmod                     
0001e349  _ZN6Player14printPosessionEh        
0001e39d  _ZN6Player8moveLeftEv               
0001e3f1  _ZN6Player9moveRightEv              
0001e445  _ZN8SlidePot2InEv                   
0001e499  __TI_auto_init_nobinit              
0001e4ed  _ZN6Player8moveDownEv               
0001e53f  __TI_doflush                        
0001e5e1  close                               
0001e631  _ZN5Queue3GetEPc                    
0001e67d  _ZN5Queue3PutEc                     
0001e6c9  HOSTclose                           
0001e711  HOSTunlink                          
0001e759  _Z13IRxmt_OutCharc                  
0001e7a1  _Z14SPI_OutCommandc                 
0001e7e9  TIMG7_IRQHandler                    
0001e829  _Z10Sound_Initv                     
0001e869  _Z9SPI_Resetv                       
0001e8a9  __aeabi_uidiv                       
0001e8a9  __aeabi_uidivmod                    
0001e969  TIMG12_IRQHandler                   
0001e9a5  _ZN6Player6moveUpEv                 
0001e9e1  _Z11SPI_OutDatac                    
0001ea19  _Z15ActivatePortA_Bv                
0001ea51  _Z12ST7735_writeiPKcj               
0001ea85  _Z14Clock_Delay1msj                 
0001eab9  _Z16ST7735_SetCursorjj              
0001eaed  __TI_cleanup                        
0001eb21  __TI_readmsg                        
0001eb55  __TI_writemsg                       
0001eb81  C$$IO$$                             
0001eb89  exit                                
0001ebbd  finddevice                          
0001ebf1  freopen                             
0001ec55  _ZN6Player14translateRightEv        
0001ee05  fopen                               
0001ee35  _Z12UART2_InCharv                   
0001ee61  _Z17ST7735_FillScreent              
0001ee8d  _ZN6Player13translateDownEv         
0001eeb9  _ZN6Player13translateLeftEv         
0001ef3d  unlink                              
0001ef69  _Z10IRxmt_Initv                     
0001ef91  _Z9ADC_StartP10ADC12_Regs           
0001efe1  write                               
0001f009  _c_int00_noargs                     
0001f031  _Z16ST7735_OutStringPc              
0001f059  _ZN8SlidePot4SaveEj                 
0001f1e5  _ZN5Queue6IsFullEv                  
0001f209  _Z8DAC5_Outj                        
0001f229  _ZN8SlidePot4SyncEv                 
0001f2a9  ADC0_IRQHandler                     
0001f2a9  ADC1_IRQHandler                     
0001f2a9  AES_IRQHandler                      
0001f2a9  CANFD0_IRQHandler                   
0001f2a9  DAC0_IRQHandler                     
0001f2a9  DMA_IRQHandler                      
0001f2a9  Default_Handler                     
0001f2a9  GROUP0_IRQHandler                   
0001f2a9  GROUP1_IRQHandler                   
0001f2a9  I2C0_IRQHandler                     
0001f2a9  I2C1_IRQHandler                     
0001f2a9  NMI_Handler                         
0001f2a9  PendSV_Handler                      
0001f2a9  RTC_IRQHandler                      
0001f2a9  SPI0_IRQHandler                     
0001f2a9  SPI1_IRQHandler                     
0001f2a9  SVC_Handler                         
0001f2a9  TIMA0_IRQHandler                    
0001f2a9  TIMA1_IRQHandler                    
0001f2a9  TIMG0_IRQHandler                    
0001f2a9  TIMG6_IRQHandler                    
0001f2a9  TIMG8_IRQHandler                    
0001f2a9  UART0_IRQHandler                    
0001f2a9  UART1_IRQHandler                    
0001f2a9  UART3_IRQHandler                    
0001f2c5  HardFault_Handler                   
0001f2e1  _Z9Switch_Inv                       
0001f2fd  _ZN6PlayerC1Ev                      
0001f2fd  _ZN6PlayerC2Ev                      
0001f335  _Z11Switch_Initv                    
0001f34d  _Z11ST7735_openPKcji                
0001f363  _Z11ST7735_readiPcj                 
0001f379  __TI_zero_init_nomemset             
0001f38f  _ZN5Queue7IsEmptyEv                 
0001f3a3  _ZN6Player13setPossessionEh         
0001f3b5  _ZN6Player7setXPosEs                
0001f3c7  _ZN6Player7setYPosEs                
0001f3d9  _ZN7Machine11setRockTypeEh          
0001f3eb  TI_memcpy_small                     
0001f3fd  __TI_decompress_none                
0001f40f  _Z11Clock_Delayj                    
0001f421  _Z12UART2_Enablev                   
0001f431  _Z13UART2_Disablev                  
0001f441  _Z28TExaS_LaunchPadLogicPB27PB26v   
0001f451  _ZN5QueueC1Ev                       
0001f451  _ZN5QueueC2Ev                       
0001f49f  _Z12ST7735_lseekili                 
0001f4ad  _ZN6Player7getXPosEv                
0001f4bb  _ZN6Player7getYPosEv                
0001f4c9  _ZN8SlidePotC1Ev                    
0001f4c9  _ZN8SlidePotC2Ev                    
0001f4f3  TI_memset_small                     
0001f501  _Z10Clock_Freqv                     
0001f50d  _Z13ST7735_renamePKcS0_             
0001f519  _Z5Delayj                           
0001f525  _ZN6Player7getSizeEv                
0001f531  _ZN8SlidePot9DistanceXEv            
0001f53d  _ZN8SlidePot9DistanceYEv            
0001f549  __aeabi_memclr                      
0001f549  __aeabi_memclr4                     
0001f549  __aeabi_memclr8                     
0001f555  malloc                              
0001f561  _Z11Sound_Clangv                    
0001f56b  _Z12ST7735_closei                   
0001f575  _Z13ST7735_unlinkPKc                
0001f57f  _Z8PLL_Initv                        
0001f591  __aeabi_memcpy                      
0001f591  __aeabi_memcpy4                     
0001f591  __aeabi_memcpy8                     
0001f599  remove                              
0001f5a1  Reset_Handler                       
0001f5a5  _system_pre_init                    
0001f5a8  C$$EXIT                             
0001f5a9  abort                               
0001f710  __TI_Handler_Table_Base             
0001f71c  __TI_Handler_Table_Limit            
0001f724  __TI_CINIT_Base                     
0001f734  __TI_CINIT_Limit                    
0001f734  __TI_CINIT_Warm                     
20200000  __start___llvm_prf_bits             
20200000  __start___llvm_prf_cnts             
20200000  __stop___llvm_prf_bits              
20200000  __stop___llvm_prf_cnts              
20200000  _ftable                             
202000f0  sprites                             
20200178  _device                             
202001f0  _stream                             
20200240  Counters                            
2020027c  Counters2                           
202002aa  StTextColor                         
202002ac  FIFO2                               
202002d4  Instructions                        
202002fc  machineArr2                         
20200324  Phrases                             
20200350  m_anvil                             
2020035f  m_cart1                             
2020036e  m_cart2                             
2020037d  m_counter1                          
2020038c  m_counter2                          
2020039b  m_counter3                          
202003aa  m_counter4                          
202003b9  m_counter5                          
202003c8  m_counter6                          
202003d7  m_portal                            
202003e6  m_refiner                           
202003f5  m_rock1                             
20200404  m_rock1Mid                          
20200413  m_rock1Progress                     
20200422  m_rock1Top                          
20200431  m_rock2                             
20200440  m_rock2Mid                          
2020044f  m_rock2Top                          
2020045e  m_smelter                           
2020046d  m_smelterProgress                   
2020047c  m_todo                              
2020048b  m_todoDown                          
2020049c  Sensor                              
202004a8  __TI_cleanup_ptr                    
202004ac  __TI_dtors_ptr                      
202004b0  p1                                  
202004b8  BusFreq                             
202004bc  StX                                 
202004c0  StY                                 
202004c4  __TI_ft_end                         
202004c8  _lock                               
202004cc  _unlock                             
202004d2  clang_size                          
202004d4  correct_size                        
202004d6  wrong_size                          
202004df  deadTimer                           
202004e1  input                               
202004e2  numCounters                         
202004e3  progH                               
202004e5  progW                               
202004f0  _sys_memory                         
202006f0  _CIOBUF_                            
202006f0  __CIOBUF_                           
20200810  __TI_tmpnams                        
202008b0  parmbuf                             
202008be  soundLength                         
202008c0  LostData                            
202008c4  TExaSLogic                          
202008c8  TExaSadc                            
202008cc  soundArr                            
202008d0  soundIndex                          
202008db  buttons                             
202008dc  menuOpen                            
202008dd  sound_flag                          
202008de  toDoOpen                            
20207e00  __stack                             
20208000  __STACK_END                         
ffffffff  __TI_pprof_out_hndl                 
ffffffff  __TI_prof_data_size                 
ffffffff  __TI_prof_data_start                
ffffffff  __binit__                           
ffffffff  binit                               
UNDEFED   __mpu_init                          
UNDEFED   _system_post_cinit                  

[292 symbols]
