******************************************************************************
            TI ARM Clang Linker PC v4.0.1                      
******************************************************************************
>> Linked Sun Apr 13 21:05:20 2025

OUTPUT FILE NAME:   <MadMines.out>
ENTRY POINT SYMBOL: "_c_int00_noargs"  address: 00002d79


MEMORY CONFIGURATION

         name            origin    length      used     unused   attr    fill
----------------------  --------  ---------  --------  --------  ----  --------
  FLASH                 00000000   00020000  00004278  0001bd88  R  X
  SRAM                  20200000   00008000  000061f4  00001e0c  RW X
  BCR_CONFIG            41c00000   00000080  00000000  00000080  R   
  BSL_CONFIG            41c00100   00000080  00000000  00000080  R   


SEGMENT ALLOCATION MAP

run origin  load origin   length   init length attrs members
----------  ----------- ---------- ----------- ----- -------
00000000    00000000    00004278   00004278    r-x
  00000000    00000000    000000c0   000000c0    r-- .intvecs
  000000c0    000000c0    00003030   00003030    r-x .text
  000030f0    000030f0    000005b0   000005b0    r-- .rodata
  000036a0    000036a0    00000008   00000008    r-- .init_array
  000036a8    000036a8    00000bd0   00000bd0    r-- .cinit
20200000    20200000    00005ff7   00000000    rw-
  20200000    20200000    00005c15   00000000    rw- .data
  20205c18    20205c18    00000200   00000000    rw- .sysmem
  20205e18    20205e18    000001df   00000000    rw- .bss
20207e00    20207e00    00000200   00000000    rw-
  20207e00    20207e00    00000200   00000000    rw- .stack


SECTION ALLOCATION MAP

 output                                  attributes/
section   page    origin      length       input sections
--------  ----  ----------  ----------   ----------------
.intvecs   0    00000000    000000c0     
                  00000000    000000c0     startup_mspm0g3507_ticlang.o (.intvecs)

.binit     0    00000000    00000000     

.text      0    000000c0    00003030     
                  000000c0    000002a0     Lab9HMain.o (.text.main)
                  00000360    00000210     ST7735.o (.text._Z17ST7735_DrawBitmapssPKtss)
                  00000570    000001b4     Clock.o (.text._Z15Clock_Init80MHzi)
                  00000724    000001a0     ST7735.o (.text._Z16ST7735_DrawCharSsscssh)
                  000008c4    0000015c     Machine.o (.text._ZN7Machine10updateRockEh)
                  00000a20    00000154     libc.a : fopen.c.obj (.text._openfile)
                  00000b74    0000012c     Player.o (.text._ZN6Player8moveDownEv)
                  00000ca0    00000128     TExaS.o (.text._Z8ADC_InitP10ADC12_Regsjj)
                  00000dc8    00000118     ST7735.o (.text._Z15ST7735_FillRectsssst)
                  00000ee0    00000114     libc.a : memory.c.obj (.text.aligned_alloc)
                  00000ff4    00000108     Player.o (.text._ZN6Player6moveUpEv)
                  000010fc    00000108     Machine.o (.text._ZN7Machine11updateAnvilEh)
                  00001204    000000f8     SPI.o (.text._Z8SPI_Initv)
                  000012fc    000000f4     ST7735.o (.text._Z18ST7735_SetRotationh)
                  000013f0    000000ec     libsysbm.a : add_device.c.obj (.text.add_device)
                  000014dc    000000e8     TExaS.o (.text._Z9UART_Initv)
                  000015c4    000000e8     libc.a : memory.c.obj (.text.free)
                  000016ac    000000e0            : setvbuf.c.obj (.text.setvbuf)
                  0000178c    000000d0     ST7735.o (.text._Z14ST7735_OutCharc)
                  0000185c    000000a8     Timer.o (.text._Z14TimerG7_IntArmtjj)
                  00001904    000000a6     Player.o (.text._ZN6Player14checkProximityE7Machine)
                  000019aa    000000a6     Player.o (.text._ZN6Player15getMachineInputE7Machine)
                  00001a50    000000a2     ST7735.o (.text._ZL11commandListPKh)
                  00001af2    00000002     Sound.o (.text.SysTick_Handler)
                  00001af4    000000a0     libsysbm.a : open.c.obj (.text.open)
                  00001b94    0000009c     ST7735.o (.text._Z17ST7735_InitPrintfv)
                  00001c30    00000098     ST7735.o (.text._Z12ST7735_InitR10initRFlags)
                  00001cc8    00000094     Timer.o (.text._Z15TimerG12_IntArmjj)
                  00001d5c    0000008c     SlidePot.o (.text._ZN8SlidePot4InitEv)
                  00001de8    00000088     ST7735.o (.text._ZL13setAddrWindowhhhh)
                  00001e70    00000088     libc.a : strcmp-armv6m.S.obj (.text:strcmp)
                  00001ef8    00000084     ST7735.o (.text._Z17ST7735_DrawStringttPcs)
                  00001f7c    00000080     Player.o (.text._ZN6Player16resetCoordinatesEv)
                  00001ffc    0000007c     LaunchPad.o (.text._Z14LaunchPad_Initv)
                  00002078    0000007c     libc.a : fclose.c.obj (.text.__TI_closefile)
                  000020f4    0000007c            : copy_decompress_lzss.c.obj (.text:decompress:lzss)
                  00002170    00000070     ST7735.o (.text._Z16ST7735_DrawPixelsst)
                  000021e0    00000070     Machine.o (.text._ZN7Machine10printAnvilEh)
                  00002250    00000070     Machine.o (.text._ZN7Machine9printRockEh)
                  000022c0    0000006c     libsysbm.a : hostlseek.c.obj (.text.HOSTlseek)
                  0000232c    0000006c                : hostrename.c.obj (.text.HOSTrename)
                  00002398    0000006c     libc.a : getdevice.c.obj (.text.getdevice)
                  00002404    00000064            : memory.c.obj (.text.split)
                  00002468    00000060     libsysbm.a : hostopen.c.obj (.text.HOSTopen)
                  000024c8    00000058                : hostread.c.obj (.text.HOSTread)
                  00002520    00000058                : hostwrite.c.obj (.text.HOSTwrite)
                  00002578    00000058     TExaS.o (.text._Z10TExaS_InitP10ADC12_RegsjPFhvE)
                  000025d0    00000054     SlidePot.o (.text._ZN8SlidePot2InEv)
                  00002624    00000054     libc.a : autoinit.c.obj (.text:__TI_auto_init_nobinit)
                  00002678    00000052            : fflush.c.obj (.text.__TI_doflush)
                  000026ca    00000002     Sound.o (.text._Z10Sound_Initv)
                  000026cc    00000050     libsysbm.a : close.c.obj (.text.close)
                  0000271c    0000004c     Player.o (.text._ZN6Player8moveLeftEv)
                  00002768    0000004c     Player.o (.text._ZN6Player9moveRightEv)
                  000027b4    00000048     libsysbm.a : hostclose.c.obj (.text.HOSTclose)
                  000027fc    00000048                : hostunlink.c.obj (.text.HOSTunlink)
                  00002844    00000048     SPI.o (.text._Z14SPI_OutCommandc)
                  0000288c    00000040     TExaS.o (.text.TIMG7_IRQHandler)
                  000028cc    00000040     SPI.o (.text._Z9SPI_Resetv)
                  0000290c    00000040     libclang_rt.builtins.a : aeabi_uidivmod.S.obj (.text.__aeabi_uidivmod)
                  0000294c    00000040     libc.a : fopen.c.obj (.text._search_fp)
                  0000298c    0000003c     Lab9HMain.o (.text.TIMG12_IRQHandler)
                  000029c8    0000003a     Machine.o (.text._ZN7MachineC2Ehhhh)
                  00002a02    00000002     libclang_rt.builtins.a : aeabi_div0.c.obj (.text.__aeabi_idiv0)
                  00002a04    00000038     SPI.o (.text._Z11SPI_OutDatac)
                  00002a3c    00000038     LaunchPad.o (.text._Z15ActivatePortA_Bv)
                  00002a74    00000034     ST7735.o (.text._Z12ST7735_writeiPKcj)
                  00002aa8    00000034     Clock.o (.text._Z14Clock_Delay1msj)
                  00002adc    00000034     ST7735.o (.text._Z16ST7735_SetCursorjj)
                  00002b10    00000034     libc.a : fopen.c.obj (.text.__TI_cleanup)
                  00002b44    00000034     libsysbm.a : trgmsg.c.obj (.text.__TI_readmsg)
                  00002b78    00000034                : trgmsg.c.obj (.text.__TI_writemsg)
                  00002bac    00000034     libc.a : exit.c.obj (.text.exit)
                  00002be0    00000034            : getdevice.c.obj (.text.finddevice)
                  00002c14    00000034            : fopen.c.obj (.text.freopen)
                  00002c48    00000030     ST7735.o (.text._ZL10commonInitPKh)
                  00002c78    00000030     libc.a : fopen.c.obj (.text.fopen)
                  00002ca8    0000002c     ST7735.o (.text._Z17ST7735_FillScreent)
                  00002cd4    0000002c     libsysbm.a : unlink.c.obj (.text.unlink)
                  00002d00    00000028     TExaS.o (.text._Z9ADC_StartP10ADC12_Regs)
                  00002d28    00000028     libc.a : memory.c.obj (.text.free_list_insert)
                  00002d50    00000028     libsysbm.a : write.c.obj (.text.write)
                  00002d78    00000028     libc.a : boot_cortex_m.c.obj (.text:_c_int00_noargs)
                  00002da0    00000024     SlidePot.o (.text._ZN8SlidePot4SaveEj)
                  00002dc4    00000020     Machine.o (.text._Z8Random32v)
                  00002de4    00000020     SlidePot.o (.text._ZN8SlidePot4SyncEv)
                  00002e04    0000001e     ST7735.o (.text._ZL9pushColort)
                  00002e22    00000002     libc.a : _lock.c.obj (.text._nop)
                  00002e24    0000001c     startup_mspm0g3507_ticlang.o (.text.Default_Handler)
                  00002e40    0000001c     startup_mspm0g3507_ticlang.o (.text.HardFault_Handler)
                  00002e5c    0000001c     Switch.o (.text._Z9Switch_Inv)
                  00002e78    0000001c     Player.o (.text._ZN6PlayerC2Ev)
                  00002e94    0000001c     Lab9HMain.o (.text.__cxx_global_var_init.2)
                  00002eb0    0000001c     Lab9HMain.o (.text.__cxx_global_var_init.3)
                  00002ecc    0000001c     Lab9HMain.o (.text.__cxx_global_var_init.4)
                  00002ee8    0000001c     libc.a : memory.c.obj (.text.free_list_remove)
                  00002f04    00000018     Lab9HMain.o (.text._GLOBAL__sub_I_Lab9HMain.cpp)
                  00002f1c    00000018     Switch.o (.text._Z11Switch_Initv)
                  00002f34    00000016     ST7735.o (.text._Z11ST7735_openPKcji)
                  00002f4a    00000016     ST7735.o (.text._Z11ST7735_readiPcj)
                  00002f60    00000016     libc.a : copy_zero_init.c.obj (.text:decompress:ZI:__TI_zero_init_nomemset)
                  00002f76    00000012     Player.o (.text._ZN6Player13setPossessionEh)
                  00002f88    00000012     libc.a : memcpy16.S.obj (.text:TI_memcpy_small)
                  00002f9a    00000012            : copy_decompress_none.c.obj (.text:decompress:none)
                  00002fac    00000010     Clock.o (.text._Z11Clock_Delayj)
                  00002fbc    00000010     Lab9HMain.o (.text._Z28TExaS_LaunchPadLogicPB27PB26v)
                  00002fcc    00000010     Lab9HMain.o (.text.__cxx_global_var_init.1)
                  00002fdc    00000010     Lab9HMain.o (.text.__cxx_global_var_init)
                  00002fec    0000000e     libc.a : memory.c.obj (.text.OUTLINED_FUNCTION_0)
                  00002ffa    0000000e     ST7735.o (.text._Z12ST7735_lseekili)
                  00003008    0000000e     Player.o (.text._ZN6Player7getXPosEv)
                  00003016    0000000e     Player.o (.text._ZN6Player7getYPosEv)
                  00003024    0000000e     SlidePot.o (.text._ZN8SlidePotC2Ev)
                  00003032    0000000e     libsysbm.a : hostrename.c.obj (.text.strcpy)
                  00003040    0000000e                : hostrename.c.obj (.text.strlen)
                  0000304e    0000000e     libc.a : memset16.S.obj (.text:TI_memset_small)
                  0000305c    0000000c     Clock.o (.text._Z10Clock_Freqv)
                  00003068    0000000c     ST7735.o (.text._Z13ST7735_renamePKcS0_)
                  00003074    0000000c     Player.o (.text._ZN6Player7getSizeEv)
                  00003080    0000000c     SlidePot.o (.text._ZN8SlidePot9DistanceXEv)
                  0000308c    0000000c     SlidePot.o (.text._ZN8SlidePot9DistanceYEv)
                  00003098    0000000c     libclang_rt.builtins.a : aeabi_memset.S.obj (.text.__aeabi_memclr)
                  000030a4    0000000c     libc.a : memory.c.obj (.text.malloc)
                  000030b0    0000000a     ST7735.o (.text._Z12ST7735_closei)
                  000030ba    0000000a     ST7735.o (.text._Z13ST7735_unlinkPKc)
                  000030c4    0000000a     Lab9HMain.o (.text._Z8PLL_Initv)
                  000030ce    00000002     --HOLE-- [fill = 0]
                  000030d0    00000008     libclang_rt.builtins.a : aeabi_memcpy.S.obj (.text.__aeabi_memcpy)
                  000030d8    00000008     libsysbm.a : remove.c.obj (.text.remove)
                  000030e0    00000004     startup_mspm0g3507_ticlang.o (.text.Reset_Handler)
                  000030e4    00000004     libc.a : pre_init.c.obj (.text._system_pre_init)
                  000030e8    00000004            : exit.c.obj (.text:abort)
                  000030ec    00000004     --HOLE-- [fill = 0]

.cinit     0    000036a8    00000bd0     
                  000036a8    00000ba5     (.cinit..data.load) [load image, compression = lzss]
                  0000424d    00000003     --HOLE-- [fill = 0]
                  00004250    0000000c     (__TI_handler_table)
                  0000425c    00000008     (.cinit..bss.load) [load image, compression = zero_init]
                  00004264    00000010     (__TI_cinit_table)
                  00004274    00000004     --HOLE-- [fill = 0]

.rodata    0    000030f0    000005b0     
                  000030f0    000004fb     ST7735.o (.rodata._ZL4Font)
                  000035eb    0000003b     ST7735.o (.rodata._ZL5Rcmd1)
                  00003626    0000002b     ST7735.o (.rodata._ZL5Rcmd3)
                  00003651    00000016     ST7735.o (.rodata.str1.43788427057889536241)
                  00003667    0000000d     ST7735.o (.rodata._ZL10Rcmd2green)
                  00003674    0000000d     ST7735.o (.rodata._ZL8Rcmd2red)
                  00003681    00000008     ST7735.o (.rodata.str1.54535931475021008601)
                  00003689    00000007     ST7735.o (.rodata.str1.103567388005067375301)
                  00003690    00000007     ST7735.o (.rodata.str1.132933244321656697041)
                  00003697    00000002     ST7735.o (.rodata.str1.18657686242476325171)
                  00003699    00000007     --HOLE-- [fill = 0]

.init_array 
*          0    000036a0    00000008     
                  000036a0    00000004     Lab9HMain.o (.init_array)
                  000036a4    00000004     --HOLE-- [fill = 0]

.data      0    20200000    00005c15     UNINITIALIZED
                  20200000    00000f78     Lab9HMain.o (.data.anvil)
                  20200f78    00000f78     Lab9HMain.o (.data.anvilHighlight)
                  20201ef0    00000f78     Lab9HMain.o (.data.anvilWorking)
                  20202e68    00000bb0     Lab9HMain.o (.data.highlightRock)
                  20203a18    00000bb0     Lab9HMain.o (.data.rock)
                  202045c8    00000bb0     Lab9HMain.o (.data.workingRock)
                  20205178    00000882     Lab9HMain.o (.data.miner)
                  202059fa    00000002     ST7735.o (.data.StTextColor)
                  202059fc    000000f0     libc.a : defs.c.obj (.data._ftable)
                  20205aec    00000078     libsysbm.a : host_device.c.obj (.data._device)
                  20205b64    00000050                : host_device.c.obj (.data._stream)
                  20205bb4    0000000c     Lab9HMain.o (.data.Sensor)
                  20205bc0    00000008     libc.a : exit.c.obj (.data..L_MergedGlobals)
                  20205bc8    00000008     Lab9HMain.o (.data.m_anvil)
                  20205bd0    00000008     Lab9HMain.o (.data.m_refiner)
                  20205bd8    00000008     Lab9HMain.o (.data.m_rock)
                  20205be0    00000008     Lab9HMain.o (.data.p1)
                  20205be8    00000004     Clock.o (.data.BusFreq)
                  20205bec    00000004     Machine.o (.data.M)
                  20205bf0    00000004     ST7735.o (.data.StX)
                  20205bf4    00000004     ST7735.o (.data.StY)
                  20205bf8    00000004     libc.a : defs.c.obj (.data.__TI_ft_end)
                  20205bfc    00000004            : _lock.c.obj (.data._lock)
                  20205c00    00000004            : _lock.c.obj (.data._unlock)
                  20205c04    00000002     ST7735.o (.data._ZL6_width)
                  20205c06    00000002     ST7735.o (.data._ZL7_height)
                  20205c08    00000001     Machine.o (.data._ZZN7Machine10updateRockEhE10wasWorking)
                  20205c09    00000001     Lab9HMain.o (.data.input)
                  20205c0a    00000002     --HOLE--
                  20205c0c    00000001     libsysbm.a : add_device.c.obj (.data.add_device.device_init)
                  20205c0d    00000003     --HOLE--
                  20205c10    00000001     libc.a : memory.c.obj (.data.memory_is_initialized)
                  20205c11    00000003     --HOLE--
                  20205c14    00000001     libsysbm.a : open.c.obj (.data.open.stream_init)

.sysmem    0    20205c18    00000200     UNINITIALIZED
                  20205c18    00000010     libc.a : memory.c.obj (.sysmem)
                  20205c28    000001f0     --HOLE--

.bss       0    20205e18    000001df     UNINITIALIZED
                  20205e18    00000120     libsysbm.a : trgmsg.c.obj (.bss:_CIOBUF_)
                  20205f38    000000a0     libc.a : defs.c.obj (.bss.__TI_tmpnams)
                  20205fd8    00000008     libsysbm.a : hostopen.c.obj (.bss.parmbuf)
                  20205fe0    00000005     Machine.o (.bss._ZZN7Machine11updateAnvilEhE10AnvilItems)
                  20205fe5    00000001     ST7735.o (.bss._ZL8ColStart)
                  20205fe6    00000001     ST7735.o (.bss._ZL8Rotation)
                  20205fe7    00000001     ST7735.o (.bss._ZL8RowStart)
                  20205fe8    00000004     TExaS.o (.bss.TExaSLogic)
                  20205fec    00000004     TExaS.o (.bss.TExaSadc)
                  20205ff0    00000004     libc.a : memory.c.obj (.bss.sys_free)
                  20205ff4    00000001     ST7735.o (.bss._ZL8TabColor)
                  20205ff5    00000001     Machine.o (.bss._ZZN7Machine11updateAnvilEhE11anvilLength)
                  20205ff6    00000001     Lab9HMain.o (.bss.buttons)

.stack     0    20207e00    00000200     UNINITIALIZED
                  20207e00    00000004     libc.a : boot_cortex_m.c.obj (.stack)
                  20207e04    000001fc     --HOLE--

__llvm_prf_cnts 
*          0    20200000    00000000     UNINITIALIZED

__llvm_prf_bits 
*          0    20200000    00000000     UNINITIALIZED

MODULE SUMMARY

       Module                         code    ro data   rw data
       ------                         ----    -------   -------
    .\
       Lab9HMain.o                    898     4         23080  
       ST7735.o                       2842    1449      18     
       Player.o                       1262    0         0      
       Machine.o                      926     0         11     
       TExaS.o                        720     0         8      
       Clock.o                        516     0         4      
       SPI.o                          440     0         0      
       SlidePot.o                     330     0         0      
       Timer.o                        316     0         0      
       LaunchPad.o                    180     0         0      
       Switch.o                       52      0         0      
       Sound.o                        4       0         0      
    +--+------------------------------+-------+---------+---------+
       Total:                         8486    1453      23121  
                                                               
    .\ticlang\
       startup_mspm0g3507_ticlang.o   60      192       0      
    +--+------------------------------+-------+---------+---------+
       Total:                         60      192       0      
                                                               
    C:\ti\ccs\tools\compiler\ti-cgt-armllvm_4.0.1.LTS\lib\armv6m-ti-none-eabi/c/libc.a
       memory.c.obj                   702     0         5      
       fopen.c.obj                    556     0         0      
       defs.c.obj                     0       0         404    
       setvbuf.c.obj                  224     0         0      
       getdevice.c.obj                160     0         0      
       strcmp-armv6m.S.obj            136     0         0      
       copy_decompress_lzss.c.obj     124     0         0      
       fclose.c.obj                   124     0         0      
       autoinit.c.obj                 84      0         0      
       fflush.c.obj                   82      0         0      
       exit.c.obj                     56      0         8      
       boot_cortex_m.c.obj            40      0         0      
       copy_zero_init.c.obj           22      0         0      
       copy_decompress_none.c.obj     18      0         0      
       memcpy16.S.obj                 18      0         0      
       memset16.S.obj                 14      0         0      
       _lock.c.obj                    2       0         8      
       pre_init.c.obj                 4       0         0      
    +--+------------------------------+-------+---------+---------+
       Total:                         2366    0         425    
                                                               
    C:\ti\ccs\tools\compiler\ti-cgt-armllvm_4.0.1.LTS\lib\armv6m-ti-none-eabi/c/libsysbm.a
       trgmsg.c.obj                   104     0         288    
       add_device.c.obj               236     0         1      
       host_device.c.obj              0       0         200    
       open.c.obj                     160     0         1      
       hostrename.c.obj               136     0         0      
       hostlseek.c.obj                108     0         0      
       hostopen.c.obj                 96      0         8      
       hostread.c.obj                 88      0         0      
       hostwrite.c.obj                88      0         0      
       close.c.obj                    80      0         0      
       hostclose.c.obj                72      0         0      
       hostunlink.c.obj               72      0         0      
       unlink.c.obj                   44      0         0      
       write.c.obj                    40      0         0      
       remove.c.obj                   8       0         0      
    +--+------------------------------+-------+---------+---------+
       Total:                         1332    0         498    
                                                               
    C:\ti\ccs\tools\compiler\ti-cgt-armllvm_4.0.1.LTS\lib\armv6m-ti-none-eabi/libclang_rt.builtins.a
       aeabi_uidivmod.S.obj           64      0         0      
       aeabi_memset.S.obj             12      0         0      
       aeabi_memcpy.S.obj             8       0         0      
       aeabi_div0.c.obj               2       0         0      
    +--+------------------------------+-------+---------+---------+
       Total:                         86      0         0      
                                                               
       Heap:                          0       0         512    
       Stack:                         0       0         512    
       Linker Generated:              0       3017      0      
    +--+------------------------------+-------+---------+---------+
       Grand Total:                   12330   4662      25068  


LINKER GENERATED COPY TABLES

__TI_cinit_table @ 00004264 records: 2, size/record: 8, table size: 16
	.data: load addr=000036a8, load size=00000ba5 bytes, run addr=20200000, run size=00005c15 bytes, compression=lzss
	.bss: load addr=0000425c, load size=00000008 bytes, run addr=20205e18, run size=000001df bytes, compression=zero_init


LINKER GENERATED HANDLER TABLE

__TI_handler_table @ 00004250 records: 3, size/record: 4, table size: 12
	index: 0, handler: __TI_decompress_lzss
	index: 1, handler: __TI_decompress_none
	index: 2, handler: __TI_zero_init


GLOBAL SYMBOLS: SORTED ALPHABETICALLY BY Name 

address   name                                
-------   ----                                
00002e25  ADC0_IRQHandler                     
00002e25  ADC1_IRQHandler                     
00002e25  AES_IRQHandler                      
20205be8  BusFreq                             
000030e8  C$$EXIT                             
00002ba5  C$$IO$$                             
00002e25  CANFD0_IRQHandler                   
00002e25  DAC0_IRQHandler                     
00002e25  DMA_IRQHandler                      
00002e25  Default_Handler                     
00002e25  GROUP0_IRQHandler                   
00002e25  GROUP1_IRQHandler                   
000027b5  HOSTclose                           
000022c1  HOSTlseek                           
00002469  HOSTopen                            
000024c9  HOSTread                            
0000232d  HOSTrename                          
000027fd  HOSTunlink                          
00002521  HOSTwrite                           
00002e41  HardFault_Handler                   
00002e25  I2C0_IRQHandler                     
00002e25  I2C1_IRQHandler                     
20205bec  M                                   
00002e25  NMI_Handler                         
00002e25  PendSV_Handler                      
00002e25  RTC_IRQHandler                      
000030e1  Reset_Handler                       
000036a0  SHT$$INIT_ARRAY$$Base               
000036a4  SHT$$INIT_ARRAY$$Limit              
00002e25  SPI0_IRQHandler                     
00002e25  SPI1_IRQHandler                     
00002e25  SVC_Handler                         
20205bb4  Sensor                              
202059fa  StTextColor                         
20205bf0  StX                                 
20205bf4  StY                                 
00001af3  SysTick_Handler                     
20205fe8  TExaSLogic                          
20205fec  TExaSadc                            
00002e25  TIMA0_IRQHandler                    
00002e25  TIMA1_IRQHandler                    
00002e25  TIMG0_IRQHandler                    
0000298d  TIMG12_IRQHandler                   
00002e25  TIMG6_IRQHandler                    
0000288d  TIMG7_IRQHandler                    
00002e25  TIMG8_IRQHandler                    
00002f89  TI_memcpy_small                     
0000304f  TI_memset_small                     
00002e25  UART0_IRQHandler                    
00002e25  UART1_IRQHandler                    
00002e25  UART2_IRQHandler                    
00002e25  UART3_IRQHandler                    
20205e18  _CIOBUF_                            
0000305d  _Z10Clock_Freqv                     
000026cb  _Z10Sound_Initv                     
00002579  _Z10TExaS_InitP10ADC12_RegsjPFhvE   
00002fad  _Z11Clock_Delayj                    
00002a05  _Z11SPI_OutDatac                    
00002f35  _Z11ST7735_openPKcji                
00002f4b  _Z11ST7735_readiPcj                 
00002f1d  _Z11Switch_Initv                    
00001c31  _Z12ST7735_InitR10initRFlags        
000030b1  _Z12ST7735_closei                   
00002ffb  _Z12ST7735_lseekili                 
00002a75  _Z12ST7735_writeiPKcj               
00003069  _Z13ST7735_renamePKcS0_             
000030bb  _Z13ST7735_unlinkPKc                
00002aa9  _Z14Clock_Delay1msj                 
00001ffd  _Z14LaunchPad_Initv                 
00002845  _Z14SPI_OutCommandc                 
0000178d  _Z14ST7735_OutCharc                 
0000185d  _Z14TimerG7_IntArmtjj               
00002a3d  _Z15ActivatePortA_Bv                
00000571  _Z15Clock_Init80MHzi                
00000dc9  _Z15ST7735_FillRectsssst            
00001cc9  _Z15TimerG12_IntArmjj               
00000725  _Z16ST7735_DrawCharSsscssh          
00002171  _Z16ST7735_DrawPixelsst             
00002add  _Z16ST7735_SetCursorjj              
00000361  _Z17ST7735_DrawBitmapssPKtss        
00001ef9  _Z17ST7735_DrawStringttPcs          
00002ca9  _Z17ST7735_FillScreent              
00001b95  _Z17ST7735_InitPrintfv              
000012fd  _Z18ST7735_SetRotationh             
00002fbd  _Z28TExaS_LaunchPadLogicPB27PB26v   
00000ca1  _Z8ADC_InitP10ADC12_Regsjj          
000030c5  _Z8PLL_Initv                        
00002dc5  _Z8Random32v                        
00001205  _Z8SPI_Initv                        
00002d01  _Z9ADC_StartP10ADC12_Regs           
000028cd  _Z9SPI_Resetv                       
00002e5d  _Z9Switch_Inv                       
000014dd  _Z9UART_Initv                       
00002f77  _ZN6Player13setPossessionEh         
00001905  _ZN6Player14checkProximityE7Machine 
000019ab  _ZN6Player15getMachineInputE7Machine
00001f7d  _ZN6Player16resetCoordinatesEv      
00000ff5  _ZN6Player6moveUpEv                 
00003075  _ZN6Player7getSizeEv                
00003009  _ZN6Player7getXPosEv                
00003017  _ZN6Player7getYPosEv                
00000b75  _ZN6Player8moveDownEv               
0000271d  _ZN6Player8moveLeftEv               
00002769  _ZN6Player9moveRightEv              
00002e79  _ZN6PlayerC1Ev                      
00002e79  _ZN6PlayerC2Ev                      
000021e1  _ZN7Machine10printAnvilEh           
000008c5  _ZN7Machine10updateRockEh           
000010fd  _ZN7Machine11updateAnvilEh          
00002251  _ZN7Machine9printRockEh             
000029c9  _ZN7MachineC1Ehhhh                  
000029c9  _ZN7MachineC2Ehhhh                  
000025d1  _ZN8SlidePot2InEv                   
00001d5d  _ZN8SlidePot4InitEv                 
00002da1  _ZN8SlidePot4SaveEj                 
00002de5  _ZN8SlidePot4SyncEv                 
00003081  _ZN8SlidePot9DistanceXEv            
0000308d  _ZN8SlidePot9DistanceYEv            
00003025  _ZN8SlidePotC1Ev                    
00003025  _ZN8SlidePotC2Ev                    
20205e18  __CIOBUF_                           
20208000  __STACK_END                         
00000200  __STACK_SIZE                        
00000200  __SYSMEM_SIZE                       
00000000  __TI_ATRegion0_region_sz            
00000000  __TI_ATRegion0_src_addr             
00000000  __TI_ATRegion0_trg_addr             
00000000  __TI_ATRegion1_region_sz            
00000000  __TI_ATRegion1_src_addr             
00000000  __TI_ATRegion1_trg_addr             
00000000  __TI_ATRegion2_region_sz            
00000000  __TI_ATRegion2_src_addr             
00000000  __TI_ATRegion2_trg_addr             
00004264  __TI_CINIT_Base                     
00004274  __TI_CINIT_Limit                    
00004274  __TI_CINIT_Warm                     
00004250  __TI_Handler_Table_Base             
0000425c  __TI_Handler_Table_Limit            
00002625  __TI_auto_init_nobinit              
00002b11  __TI_cleanup                        
20205bc0  __TI_cleanup_ptr                    
00002079  __TI_closefile                      
000020f5  __TI_decompress_lzss                
00002f9b  __TI_decompress_none                
00002679  __TI_doflush                        
20205bc4  __TI_dtors_ptr                      
20205bf8  __TI_ft_end                         
ffffffff  __TI_pprof_out_hndl                 
ffffffff  __TI_prof_data_size                 
ffffffff  __TI_prof_data_start                
00002b45  __TI_readmsg                        
00000000  __TI_static_base__                  
20205f38  __TI_tmpnams                        
00002b79  __TI_writemsg                       
00002f61  __TI_zero_init_nomemset             
00002a03  __aeabi_idiv0                       
00003099  __aeabi_memclr                      
00003099  __aeabi_memclr4                     
00003099  __aeabi_memclr8                     
000030d1  __aeabi_memcpy                      
000030d1  __aeabi_memcpy4                     
000030d1  __aeabi_memcpy8                     
0000290d  __aeabi_uidiv                       
0000290d  __aeabi_uidivmod                    
ffffffff  __binit__                           
UNDEFED   __mpu_init                          
20207e00  __stack                             
20200000  __start___llvm_prf_bits             
20200000  __start___llvm_prf_cnts             
20200000  __stop___llvm_prf_bits              
20200000  __stop___llvm_prf_cnts              
00002d79  _c_int00_noargs                     
20205aec  _device                             
202059fc  _ftable                             
20205bfc  _lock                               
00002e23  _nop                                
20205b64  _stream                             
20205c18  _sys_memory                         
UNDEFED   _system_post_cinit                  
000030e5  _system_pre_init                    
20205c00  _unlock                             
000030e9  abort                               
000013f1  add_device                          
00000ee1  aligned_alloc                       
20200000  anvil                               
20200f78  anvilHighlight                      
20201ef0  anvilWorking                        
ffffffff  binit                               
20205ff6  buttons                             
000026cd  close                               
00002bad  exit                                
00002be1  finddevice                          
00002c79  fopen                               
000015c5  free                                
00002c15  freopen                             
00002399  getdevice                           
20202e68  highlightRock                       
20205c09  input                               
00000000  interruptVectors                    
20205bc8  m_anvil                             
20205bd0  m_refiner                           
20205bd8  m_rock                              
000000c1  main                                
000030a5  malloc                              
00000ee1  memalign                            
20205178  miner                               
00001af5  open                                
20205be0  p1                                  
20205fd8  parmbuf                             
000030d9  remove                              
20203a18  rock                                
000016ad  setvbuf                             
00001e71  strcmp                              
00002cd5  unlink                              
202045c8  workingRock                         
00002d51  write                               


GLOBAL SYMBOLS: SORTED BY Symbol Address 

address   name                                
-------   ----                                
00000000  __TI_ATRegion0_region_sz            
00000000  __TI_ATRegion0_src_addr             
00000000  __TI_ATRegion0_trg_addr             
00000000  __TI_ATRegion1_region_sz            
00000000  __TI_ATRegion1_src_addr             
00000000  __TI_ATRegion1_trg_addr             
00000000  __TI_ATRegion2_region_sz            
00000000  __TI_ATRegion2_src_addr             
00000000  __TI_ATRegion2_trg_addr             
00000000  __TI_static_base__                  
00000000  interruptVectors                    
000000c1  main                                
00000200  __STACK_SIZE                        
00000200  __SYSMEM_SIZE                       
00000361  _Z17ST7735_DrawBitmapssPKtss        
00000571  _Z15Clock_Init80MHzi                
00000725  _Z16ST7735_DrawCharSsscssh          
000008c5  _ZN7Machine10updateRockEh           
00000b75  _ZN6Player8moveDownEv               
00000ca1  _Z8ADC_InitP10ADC12_Regsjj          
00000dc9  _Z15ST7735_FillRectsssst            
00000ee1  aligned_alloc                       
00000ee1  memalign                            
00000ff5  _ZN6Player6moveUpEv                 
000010fd  _ZN7Machine11updateAnvilEh          
00001205  _Z8SPI_Initv                        
000012fd  _Z18ST7735_SetRotationh             
000013f1  add_device                          
000014dd  _Z9UART_Initv                       
000015c5  free                                
000016ad  setvbuf                             
0000178d  _Z14ST7735_OutCharc                 
0000185d  _Z14TimerG7_IntArmtjj               
00001905  _ZN6Player14checkProximityE7Machine 
000019ab  _ZN6Player15getMachineInputE7Machine
00001af3  SysTick_Handler                     
00001af5  open                                
00001b95  _Z17ST7735_InitPrintfv              
00001c31  _Z12ST7735_InitR10initRFlags        
00001cc9  _Z15TimerG12_IntArmjj               
00001d5d  _ZN8SlidePot4InitEv                 
00001e71  strcmp                              
00001ef9  _Z17ST7735_DrawStringttPcs          
00001f7d  _ZN6Player16resetCoordinatesEv      
00001ffd  _Z14LaunchPad_Initv                 
00002079  __TI_closefile                      
000020f5  __TI_decompress_lzss                
00002171  _Z16ST7735_DrawPixelsst             
000021e1  _ZN7Machine10printAnvilEh           
00002251  _ZN7Machine9printRockEh             
000022c1  HOSTlseek                           
0000232d  HOSTrename                          
00002399  getdevice                           
00002469  HOSTopen                            
000024c9  HOSTread                            
00002521  HOSTwrite                           
00002579  _Z10TExaS_InitP10ADC12_RegsjPFhvE   
000025d1  _ZN8SlidePot2InEv                   
00002625  __TI_auto_init_nobinit              
00002679  __TI_doflush                        
000026cb  _Z10Sound_Initv                     
000026cd  close                               
0000271d  _ZN6Player8moveLeftEv               
00002769  _ZN6Player9moveRightEv              
000027b5  HOSTclose                           
000027fd  HOSTunlink                          
00002845  _Z14SPI_OutCommandc                 
0000288d  TIMG7_IRQHandler                    
000028cd  _Z9SPI_Resetv                       
0000290d  __aeabi_uidiv                       
0000290d  __aeabi_uidivmod                    
0000298d  TIMG12_IRQHandler                   
000029c9  _ZN7MachineC1Ehhhh                  
000029c9  _ZN7MachineC2Ehhhh                  
00002a03  __aeabi_idiv0                       
00002a05  _Z11SPI_OutDatac                    
00002a3d  _Z15ActivatePortA_Bv                
00002a75  _Z12ST7735_writeiPKcj               
00002aa9  _Z14Clock_Delay1msj                 
00002add  _Z16ST7735_SetCursorjj              
00002b11  __TI_cleanup                        
00002b45  __TI_readmsg                        
00002b79  __TI_writemsg                       
00002ba5  C$$IO$$                             
00002bad  exit                                
00002be1  finddevice                          
00002c15  freopen                             
00002c79  fopen                               
00002ca9  _Z17ST7735_FillScreent              
00002cd5  unlink                              
00002d01  _Z9ADC_StartP10ADC12_Regs           
00002d51  write                               
00002d79  _c_int00_noargs                     
00002da1  _ZN8SlidePot4SaveEj                 
00002dc5  _Z8Random32v                        
00002de5  _ZN8SlidePot4SyncEv                 
00002e23  _nop                                
00002e25  ADC0_IRQHandler                     
00002e25  ADC1_IRQHandler                     
00002e25  AES_IRQHandler                      
00002e25  CANFD0_IRQHandler                   
00002e25  DAC0_IRQHandler                     
00002e25  DMA_IRQHandler                      
00002e25  Default_Handler                     
00002e25  GROUP0_IRQHandler                   
00002e25  GROUP1_IRQHandler                   
00002e25  I2C0_IRQHandler                     
00002e25  I2C1_IRQHandler                     
00002e25  NMI_Handler                         
00002e25  PendSV_Handler                      
00002e25  RTC_IRQHandler                      
00002e25  SPI0_IRQHandler                     
00002e25  SPI1_IRQHandler                     
00002e25  SVC_Handler                         
00002e25  TIMA0_IRQHandler                    
00002e25  TIMA1_IRQHandler                    
00002e25  TIMG0_IRQHandler                    
00002e25  TIMG6_IRQHandler                    
00002e25  TIMG8_IRQHandler                    
00002e25  UART0_IRQHandler                    
00002e25  UART1_IRQHandler                    
00002e25  UART2_IRQHandler                    
00002e25  UART3_IRQHandler                    
00002e41  HardFault_Handler                   
00002e5d  _Z9Switch_Inv                       
00002e79  _ZN6PlayerC1Ev                      
00002e79  _ZN6PlayerC2Ev                      
00002f1d  _Z11Switch_Initv                    
00002f35  _Z11ST7735_openPKcji                
00002f4b  _Z11ST7735_readiPcj                 
00002f61  __TI_zero_init_nomemset             
00002f77  _ZN6Player13setPossessionEh         
00002f89  TI_memcpy_small                     
00002f9b  __TI_decompress_none                
00002fad  _Z11Clock_Delayj                    
00002fbd  _Z28TExaS_LaunchPadLogicPB27PB26v   
00002ffb  _Z12ST7735_lseekili                 
00003009  _ZN6Player7getXPosEv                
00003017  _ZN6Player7getYPosEv                
00003025  _ZN8SlidePotC1Ev                    
00003025  _ZN8SlidePotC2Ev                    
0000304f  TI_memset_small                     
0000305d  _Z10Clock_Freqv                     
00003069  _Z13ST7735_renamePKcS0_             
00003075  _ZN6Player7getSizeEv                
00003081  _ZN8SlidePot9DistanceXEv            
0000308d  _ZN8SlidePot9DistanceYEv            
00003099  __aeabi_memclr                      
00003099  __aeabi_memclr4                     
00003099  __aeabi_memclr8                     
000030a5  malloc                              
000030b1  _Z12ST7735_closei                   
000030bb  _Z13ST7735_unlinkPKc                
000030c5  _Z8PLL_Initv                        
000030d1  __aeabi_memcpy                      
000030d1  __aeabi_memcpy4                     
000030d1  __aeabi_memcpy8                     
000030d9  remove                              
000030e1  Reset_Handler                       
000030e5  _system_pre_init                    
000030e8  C$$EXIT                             
000030e9  abort                               
000036a0  SHT$$INIT_ARRAY$$Base               
000036a4  SHT$$INIT_ARRAY$$Limit              
00004250  __TI_Handler_Table_Base             
0000425c  __TI_Handler_Table_Limit            
00004264  __TI_CINIT_Base                     
00004274  __TI_CINIT_Limit                    
00004274  __TI_CINIT_Warm                     
20200000  __start___llvm_prf_bits             
20200000  __start___llvm_prf_cnts             
20200000  __stop___llvm_prf_bits              
20200000  __stop___llvm_prf_cnts              
20200000  anvil                               
20200f78  anvilHighlight                      
20201ef0  anvilWorking                        
20202e68  highlightRock                       
20203a18  rock                                
202045c8  workingRock                         
20205178  miner                               
202059fa  StTextColor                         
202059fc  _ftable                             
20205aec  _device                             
20205b64  _stream                             
20205bb4  Sensor                              
20205bc0  __TI_cleanup_ptr                    
20205bc4  __TI_dtors_ptr                      
20205bc8  m_anvil                             
20205bd0  m_refiner                           
20205bd8  m_rock                              
20205be0  p1                                  
20205be8  BusFreq                             
20205bec  M                                   
20205bf0  StX                                 
20205bf4  StY                                 
20205bf8  __TI_ft_end                         
20205bfc  _lock                               
20205c00  _unlock                             
20205c09  input                               
20205c18  _sys_memory                         
20205e18  _CIOBUF_                            
20205e18  __CIOBUF_                           
20205f38  __TI_tmpnams                        
20205fd8  parmbuf                             
20205fe8  TExaSLogic                          
20205fec  TExaSadc                            
20205ff6  buttons                             
20207e00  __stack                             
20208000  __STACK_END                         
ffffffff  __TI_pprof_out_hndl                 
ffffffff  __TI_prof_data_size                 
ffffffff  __TI_prof_data_start                
ffffffff  __binit__                           
ffffffff  binit                               
UNDEFED   __mpu_init                          
UNDEFED   _system_post_cinit                  

[216 symbols]
