******************************************************************************
            TI ARM Clang Linker PC v4.0.1                      
******************************************************************************
>> Linked Fri Apr 11 17:10:22 2025

OUTPUT FILE NAME:   <MadMines.out>
ENTRY POINT SYMBOL: "_c_int00_noargs"  address: 000064ed


MEMORY CONFIGURATION

         name            origin    length      used     unused   attr    fill
----------------------  --------  ---------  --------  --------  ----  --------
  FLASH                 00000000   00020000  00006828  000197d8  R  X
  SRAM                  20200000   00008000  000007d9  00007827  RW X
  BCR_CONFIG            41c00000   00000080  00000000  00000080  R   
  BSL_CONFIG            41c00100   00000080  00000000  00000080  R   


SEGMENT ALLOCATION MAP

run origin  load origin   length   init length attrs members
----------  ----------- ---------- ----------- ----- -------
00000000    00000000    00006828   00006828    r-x
  00000000    00000000    000000c0   000000c0    r-- .intvecs
  000000c0    000000c0    00003d20   00003d20    r-- .rodata
  00003de0    00003de0    000029b0   000029b0    r-x .text
  00006790    00006790    00000008   00000008    r-- .init_array
  00006798    00006798    00000090   00000090    r-- .cinit
20200000    20200000    000005dc   00000000    rw-
  20200000    20200000    00000200   00000000    rw- .sysmem
  20200200    20200200    00000201   00000000    rw- .data
  20200404    20200404    000001d8   00000000    rw- .bss
20207e00    20207e00    00000200   00000000    rw-
  20207e00    20207e00    00000200   00000000    rw- .stack


SECTION ALLOCATION MAP

 output                                  attributes/
section   page    origin      length       input sections
--------  ----  ----------  ----------   ----------------
.intvecs   0    00000000    000000c0     
                  00000000    000000c0     startup_mspm0g3507_ticlang.o (.intvecs)

.binit     0    00000000    00000000     

.text      0    00003de0    000029b0     
                  00003de0    00000210     ST7735.o (.text._Z17ST7735_DrawBitmapssPKtss)
                  00003ff0    000001b4     Clock.o (.text._Z15Clock_Init80MHzi)
                  000041a4    000001a0     ST7735.o (.text._Z16ST7735_DrawCharSsscssh)
                  00004344    00000170     Lab9HMain.o (.text.main)
                  000044b4    00000154     libc.a : fopen.c.obj (.text._openfile)
                  00004608    00000128     TExaS.o (.text._Z8ADC_InitP10ADC12_Regsjj)
                  00004730    00000126     Player.o (.text._ZN6Player8moveDownEv)
                  00004856    00000002     Sound.o (.text.SysTick_Handler)
                  00004858    00000118     ST7735.o (.text._Z15ST7735_FillRectsssst)
                  00004970    00000114     libc.a : memory.c.obj (.text.aligned_alloc)
                  00004a84    00000102     Player.o (.text._ZN6Player6moveUpEv)
                  00004b86    00000002     Sound.o (.text._Z10Sound_Initv)
                  00004b88    000000f8     SPI.o (.text._Z8SPI_Initv)
                  00004c80    000000f4     ST7735.o (.text._Z18ST7735_SetRotationh)
                  00004d74    000000ec     libsysbm.a : add_device.c.obj (.text.add_device)
                  00004e60    000000e8     TExaS.o (.text._Z9UART_Initv)
                  00004f48    000000e8     libc.a : memory.c.obj (.text.free)
                  00005030    000000e0            : setvbuf.c.obj (.text.setvbuf)
                  00005110    000000d0     ST7735.o (.text._Z14ST7735_OutCharc)
                  000051e0    000000a8     Timer.o (.text._Z14TimerG7_IntArmtjj)
                  00005288    000000a2     ST7735.o (.text._ZL11commandListPKh)
                  0000532a    00000002     libclang_rt.builtins.a : aeabi_div0.c.obj (.text.__aeabi_idiv0)
                  0000532c    000000a0     libsysbm.a : open.c.obj (.text.open)
                  000053cc    0000009c     ST7735.o (.text._Z17ST7735_InitPrintfv)
                  00005468    00000098     ST7735.o (.text._Z12ST7735_InitR10initRFlags)
                  00005500    00000094     Timer.o (.text._Z15TimerG12_IntArmjj)
                  00005594    0000008c     SlidePot.o (.text._ZN8SlidePot4InitEv)
                  00005620    00000088     ST7735.o (.text._ZL13setAddrWindowhhhh)
                  000056a8    00000008     libclang_rt.builtins.a : aeabi_memcpy.S.obj (.text.__aeabi_memcpy)
                  000056b0    00000088     libc.a : strcmp-armv6m.S.obj (.text:strcmp)
                  00005738    00000084     ST7735.o (.text._Z17ST7735_DrawStringttPcs)
                  000057bc    00000080     Player.o (.text._ZN6Player16resetCoordinatesEv)
                  0000583c    0000007c     LaunchPad.o (.text._Z14LaunchPad_Initv)
                  000058b8    0000007c     libc.a : fclose.c.obj (.text.__TI_closefile)
                  00005934    0000007c            : copy_decompress_lzss.c.obj (.text:decompress:lzss)
                  000059b0    00000070     ST7735.o (.text._Z16ST7735_DrawPixelsst)
                  00005a20    0000006c     libsysbm.a : hostlseek.c.obj (.text.HOSTlseek)
                  00005a8c    0000006c                : hostrename.c.obj (.text.HOSTrename)
                  00005af8    0000006c     libc.a : getdevice.c.obj (.text.getdevice)
                  00005b64    00000064            : memory.c.obj (.text.split)
                  00005bc8    00000060     libsysbm.a : hostopen.c.obj (.text.HOSTopen)
                  00005c28    00000058                : hostread.c.obj (.text.HOSTread)
                  00005c80    00000058                : hostwrite.c.obj (.text.HOSTwrite)
                  00005cd8    00000058     TExaS.o (.text._Z10TExaS_InitP10ADC12_RegsjPFhvE)
                  00005d30    00000054     SlidePot.o (.text._ZN8SlidePot2InEv)
                  00005d84    00000054     libc.a : autoinit.c.obj (.text:__TI_auto_init_nobinit)
                  00005dd8    00000052            : fflush.c.obj (.text.__TI_doflush)
                  00005e2a    00000002            : _lock.c.obj (.text._nop)
                  00005e2c    00000050     libsysbm.a : close.c.obj (.text.close)
                  00005e7c    0000004c     Player.o (.text._ZN6Player8moveLeftEv)
                  00005ec8    0000004c     Player.o (.text._ZN6Player9moveRightEv)
                  00005f14    00000048     libsysbm.a : hostclose.c.obj (.text.HOSTclose)
                  00005f5c    00000048                : hostunlink.c.obj (.text.HOSTunlink)
                  00005fa4    00000048     SPI.o (.text._Z14SPI_OutCommandc)
                  00005fec    00000040     TExaS.o (.text.TIMG7_IRQHandler)
                  0000602c    00000040     SPI.o (.text._Z9SPI_Resetv)
                  0000606c    00000040     libclang_rt.builtins.a : aeabi_uidivmod.S.obj (.text.__aeabi_uidivmod)
                  000060ac    00000040     libc.a : fopen.c.obj (.text._search_fp)
                  000060ec    00000038     SPI.o (.text._Z11SPI_OutDatac)
                  00006124    00000038     LaunchPad.o (.text._Z15ActivatePortA_Bv)
                  0000615c    00000034     ST7735.o (.text._Z12ST7735_writeiPKcj)
                  00006190    00000034     Clock.o (.text._Z14Clock_Delay1msj)
                  000061c4    00000034     ST7735.o (.text._Z16ST7735_SetCursorjj)
                  000061f8    00000034     LED.o (.text._Z8LED_Initv)
                  0000622c    00000034     libc.a : fopen.c.obj (.text.__TI_cleanup)
                  00006260    00000034     libsysbm.a : trgmsg.c.obj (.text.__TI_readmsg)
                  00006294    00000034                : trgmsg.c.obj (.text.__TI_writemsg)
                  000062c8    00000034     libc.a : exit.c.obj (.text.exit)
                  000062fc    00000034            : getdevice.c.obj (.text.finddevice)
                  00006330    00000034            : fopen.c.obj (.text.freopen)
                  00006364    00000030     Lab9HMain.o (.text.TIMG12_IRQHandler)
                  00006394    00000030     ST7735.o (.text._ZL10commonInitPKh)
                  000063c4    00000030     libc.a : fopen.c.obj (.text.fopen)
                  000063f4    0000002c     ST7735.o (.text._Z17ST7735_FillScreent)
                  00006420    0000002c     libsysbm.a : unlink.c.obj (.text.unlink)
                  0000644c    00000028     Switch.o (.text._Z11Switch_Initv)
                  00006474    00000028     TExaS.o (.text._Z9ADC_StartP10ADC12_Regs)
                  0000649c    00000028     libc.a : memory.c.obj (.text.free_list_insert)
                  000064c4    00000028     libsysbm.a : write.c.obj (.text.write)
                  000064ec    00000028     libc.a : boot_cortex_m.c.obj (.text:_c_int00_noargs)
                  00006514    00000024     SlidePot.o (.text._ZN8SlidePot4SaveEj)
                  00006538    00000020     SlidePot.o (.text._ZN8SlidePot4SyncEv)
                  00006558    0000001e     ST7735.o (.text._ZL9pushColort)
                  00006576    00000002     --HOLE-- [fill = 0]
                  00006578    0000001c     startup_mspm0g3507_ticlang.o (.text.Default_Handler)
                  00006594    0000001c     startup_mspm0g3507_ticlang.o (.text.HardFault_Handler)
                  000065b0    0000001c     libc.a : memory.c.obj (.text.free_list_remove)
                  000065cc    0000001a     Player.o (.text._ZN6PlayerC2Ev)
                  000065e6    00000016     ST7735.o (.text._Z11ST7735_openPKcji)
                  000065fc    00000016     ST7735.o (.text._Z11ST7735_readiPcj)
                  00006612    00000016     libc.a : copy_zero_init.c.obj (.text:decompress:ZI:__TI_zero_init_nomemset)
                  00006628    00000012            : memcpy16.S.obj (.text:TI_memcpy_small)
                  0000663a    00000012            : copy_decompress_none.c.obj (.text:decompress:none)
                  0000664c    00000010     Clock.o (.text._Z11Clock_Delayj)
                  0000665c    00000010     Lab9HMain.o (.text._Z28TExaS_LaunchPadLogicPB27PB26v)
                  0000666c    00000010     Lab9HMain.o (.text.__cxx_global_var_init.1)
                  0000667c    00000010     Lab9HMain.o (.text.__cxx_global_var_init)
                  0000668c    0000000e     libc.a : memory.c.obj (.text.OUTLINED_FUNCTION_0)
                  0000669a    0000000e     ST7735.o (.text._Z12ST7735_lseekili)
                  000066a8    0000000e     Player.o (.text._ZN6Player7getXPosEv)
                  000066b6    0000000e     Player.o (.text._ZN6Player7getYPosEv)
                  000066c4    0000000e     SlidePot.o (.text._ZN8SlidePotC2Ev)
                  000066d2    0000000e     libsysbm.a : hostrename.c.obj (.text.strcpy)
                  000066e0    0000000e                : hostrename.c.obj (.text.strlen)
                  000066ee    0000000e     libc.a : memset16.S.obj (.text:TI_memset_small)
                  000066fc    0000000c     Lab9HMain.o (.text._GLOBAL__sub_I_Lab9HMain.cpp)
                  00006708    0000000c     Clock.o (.text._Z10Clock_Freqv)
                  00006714    0000000c     ST7735.o (.text._Z13ST7735_renamePKcS0_)
                  00006720    0000000c     Player.o (.text._ZN6Player7getSizeEv)
                  0000672c    0000000c     SlidePot.o (.text._ZN8SlidePot9DistanceXEv)
                  00006738    0000000c     SlidePot.o (.text._ZN8SlidePot9DistanceYEv)
                  00006744    0000000c     libclang_rt.builtins.a : aeabi_memset.S.obj (.text.__aeabi_memclr)
                  00006750    0000000c     libc.a : memory.c.obj (.text.malloc)
                  0000675c    0000000a     ST7735.o (.text._Z12ST7735_closei)
                  00006766    0000000a     ST7735.o (.text._Z13ST7735_unlinkPKc)
                  00006770    0000000a     Lab9HMain.o (.text._Z8PLL_Initv)
                  0000677a    00000008     libsysbm.a : remove.c.obj (.text.remove)
                  00006782    00000004     startup_mspm0g3507_ticlang.o (.text.Reset_Handler)
                  00006786    00000004     libc.a : pre_init.c.obj (.text._system_pre_init)
                  0000678a    00000004            : exit.c.obj (.text:abort)
                  0000678e    00000002     --HOLE-- [fill = 0]

.cinit     0    00006798    00000090     
                  00006798    0000006c     (.cinit..data.load) [load image, compression = lzss]
                  00006804    0000000c     (__TI_handler_table)
                  00006810    00000008     (.cinit..bss.load) [load image, compression = zero_init]
                  00006818    00000010     (__TI_cinit_table)

.rodata    0    000000c0    00003d20     
                  000000c0    00001f40     Lab9HMain.o (.rodata._ZL4todo)
                  00002000    000010ae     Lab9HMain.o (.rodata._ZL7refiner)
                  000030ae    00000782     Lab9HMain.o (.rodata._ZL5miner)
                  00003830    000004fb     ST7735.o (.rodata._ZL4Font)
                  00003d2b    0000003b     ST7735.o (.rodata._ZL5Rcmd1)
                  00003d66    0000002b     ST7735.o (.rodata._ZL5Rcmd3)
                  00003d91    00000016     ST7735.o (.rodata.str1.43788427057889536241)
                  00003da7    0000000d     ST7735.o (.rodata._ZL10Rcmd2green)
                  00003db4    0000000d     ST7735.o (.rodata._ZL8Rcmd2red)
                  00003dc1    00000008     ST7735.o (.rodata.str1.54535931475021008601)
                  00003dc9    00000007     ST7735.o (.rodata.str1.103567388005067375301)
                  00003dd0    00000007     ST7735.o (.rodata.str1.132933244321656697041)
                  00003dd7    00000002     ST7735.o (.rodata.str1.18657686242476325171)
                  00003dd9    00000007     --HOLE-- [fill = 0]

.init_array 
*          0    00006790    00000008     
                  00006790    00000004     Lab9HMain.o (.init_array)
                  00006794    00000004     --HOLE-- [fill = 0]

.sysmem    0    20200000    00000200     UNINITIALIZED
                  20200000    00000010     libc.a : memory.c.obj (.sysmem)
                  20200010    000001f0     --HOLE--

.data      0    20200200    00000201     UNINITIALIZED
                  20200200    000000f0     libc.a : defs.c.obj (.data._ftable)
                  202002f0    00000078     libsysbm.a : host_device.c.obj (.data._device)
                  20200368    00000050                : host_device.c.obj (.data._stream)
                  202003b8    0000000c     Lab9HMain.o (.data.Sensor)
                  202003c4    0000000c     Lab9HMain.o (.data.p1)
                  202003d0    00000008     libc.a : exit.c.obj (.data..L_MergedGlobals)
                  202003d8    00000004     Clock.o (.data.BusFreq)
                  202003dc    00000004     ST7735.o (.data.StX)
                  202003e0    00000004     ST7735.o (.data.StY)
                  202003e4    00000004     libc.a : defs.c.obj (.data.__TI_ft_end)
                  202003e8    00000004            : _lock.c.obj (.data._lock)
                  202003ec    00000004            : _lock.c.obj (.data._unlock)
                  202003f0    00000002     ST7735.o (.data.StTextColor)
                  202003f2    00000002     ST7735.o (.data._ZL6_width)
                  202003f4    00000002     ST7735.o (.data._ZL7_height)
                  202003f6    00000002     --HOLE--
                  202003f8    00000001     libsysbm.a : add_device.c.obj (.data.add_device.device_init)
                  202003f9    00000003     --HOLE--
                  202003fc    00000001     libc.a : memory.c.obj (.data.memory_is_initialized)
                  202003fd    00000003     --HOLE--
                  20200400    00000001     libsysbm.a : open.c.obj (.data.open.stream_init)

.bss       0    20200404    000001d8     UNINITIALIZED
                  20200404    00000120     libsysbm.a : trgmsg.c.obj (.bss:_CIOBUF_)
                  20200524    000000a0     libc.a : defs.c.obj (.bss.__TI_tmpnams)
                  202005c4    00000008     libsysbm.a : hostopen.c.obj (.bss.parmbuf)
                  202005cc    00000004     TExaS.o (.bss.TExaSLogic)
                  202005d0    00000004     TExaS.o (.bss.TExaSadc)
                  202005d4    00000004     libc.a : memory.c.obj (.bss.sys_free)
                  202005d8    00000001     ST7735.o (.bss._ZL8ColStart)
                  202005d9    00000001     ST7735.o (.bss._ZL8Rotation)
                  202005da    00000001     ST7735.o (.bss._ZL8RowStart)
                  202005db    00000001     ST7735.o (.bss._ZL8TabColor)

.stack     0    20207e00    00000200     UNINITIALIZED
                  20207e00    00000004     libc.a : boot_cortex_m.c.obj (.stack)
                  20207e04    000001fc     --HOLE--

__llvm_prf_cnts 
*          0    20200000    00000000     UNINITIALIZED

__llvm_prf_bits 
*          0    20200000    00000000     UNINITIALIZED

MODULE SUMMARY

       Module                         code    ro data   rw data
       ------                         ----    -------   -------
    .\
       Lab9HMain.o                    486     14196     24     
       ST7735.o                       2842    1449      18     
       Player.o                       898     0         0      
       TExaS.o                        720     0         8      
       Clock.o                        516     0         4      
       SPI.o                          440     0         0      
       SlidePot.o                     330     0         0      
       Timer.o                        316     0         0      
       LaunchPad.o                    180     0         0      
       LED.o                          52      0         0      
       Switch.o                       40      0         0      
       Sound.o                        4       0         0      
    +--+------------------------------+-------+---------+---------+
       Total:                         6824    15645     54     
                                                               
    .\ticlang\
       startup_mspm0g3507_ticlang.o   60      192       0      
    +--+------------------------------+-------+---------+---------+
       Total:                         60      192       0      
                                                               
    C:\ti\ccs\tools\compiler\ti-cgt-armllvm_4.0.1.LTS\lib\armv6m-ti-none-eabi/c/libc.a
       memory.c.obj                   702     0         5      
       fopen.c.obj                    556     0         0      
       defs.c.obj                     0       0         404    
       setvbuf.c.obj                  224     0         0      
       getdevice.c.obj                160     0         0      
       strcmp-armv6m.S.obj            136     0         0      
       copy_decompress_lzss.c.obj     124     0         0      
       fclose.c.obj                   124     0         0      
       autoinit.c.obj                 84      0         0      
       fflush.c.obj                   82      0         0      
       exit.c.obj                     56      0         8      
       boot_cortex_m.c.obj            40      0         0      
       copy_zero_init.c.obj           22      0         0      
       copy_decompress_none.c.obj     18      0         0      
       memcpy16.S.obj                 18      0         0      
       memset16.S.obj                 14      0         0      
       _lock.c.obj                    2       0         8      
       pre_init.c.obj                 4       0         0      
    +--+------------------------------+-------+---------+---------+
       Total:                         2366    0         425    
                                                               
    C:\ti\ccs\tools\compiler\ti-cgt-armllvm_4.0.1.LTS\lib\armv6m-ti-none-eabi/c/libsysbm.a
       trgmsg.c.obj                   104     0         288    
       add_device.c.obj               236     0         1      
       host_device.c.obj              0       0         200    
       open.c.obj                     160     0         1      
       hostrename.c.obj               136     0         0      
       hostlseek.c.obj                108     0         0      
       hostopen.c.obj                 96      0         8      
       hostread.c.obj                 88      0         0      
       hostwrite.c.obj                88      0         0      
       close.c.obj                    80      0         0      
       hostclose.c.obj                72      0         0      
       hostunlink.c.obj               72      0         0      
       unlink.c.obj                   44      0         0      
       write.c.obj                    40      0         0      
       remove.c.obj                   8       0         0      
    +--+------------------------------+-------+---------+---------+
       Total:                         1332    0         498    
                                                               
    C:\ti\ccs\tools\compiler\ti-cgt-armllvm_4.0.1.LTS\lib\armv6m-ti-none-eabi/libclang_rt.builtins.a
       aeabi_uidivmod.S.obj           64      0         0      
       aeabi_memset.S.obj             12      0         0      
       aeabi_memcpy.S.obj             8       0         0      
       aeabi_div0.c.obj               2       0         0      
    +--+------------------------------+-------+---------+---------+
       Total:                         86      0         0      
                                                               
       Heap:                          0       0         512    
       Stack:                         0       0         512    
       Linker Generated:              0       144       0      
    +--+------------------------------+-------+---------+---------+
       Grand Total:                   10668   15981     2001   


LINKER GENERATED COPY TABLES

__TI_cinit_table @ 00006818 records: 2, size/record: 8, table size: 16
	.data: load addr=00006798, load size=0000006c bytes, run addr=20200200, run size=00000201 bytes, compression=lzss
	.bss: load addr=00006810, load size=00000008 bytes, run addr=20200404, run size=000001d8 bytes, compression=zero_init


LINKER GENERATED HANDLER TABLE

__TI_handler_table @ 00006804 records: 3, size/record: 4, table size: 12
	index: 0, handler: __TI_decompress_lzss
	index: 1, handler: __TI_decompress_none
	index: 2, handler: __TI_zero_init


GLOBAL SYMBOLS: SORTED ALPHABETICALLY BY Name 

address   name                             
-------   ----                             
00006579  ADC0_IRQHandler                  
00006579  ADC1_IRQHandler                  
00006579  AES_IRQHandler                   
202003d8  BusFreq                          
0000678a  C$$EXIT                          
000062c1  C$$IO$$                          
00006579  CANFD0_IRQHandler                
00006579  DAC0_IRQHandler                  
00006579  DMA_IRQHandler                   
00006579  Default_Handler                  
00006579  GROUP0_IRQHandler                
00006579  GROUP1_IRQHandler                
00005f15  HOSTclose                        
00005a21  HOSTlseek                        
00005bc9  HOSTopen                         
00005c29  HOSTread                         
00005a8d  HOSTrename                       
00005f5d  HOSTunlink                       
00005c81  HOSTwrite                        
00006595  HardFault_Handler                
00006579  I2C0_IRQHandler                  
00006579  I2C1_IRQHandler                  
00006579  NMI_Handler                      
00006579  PendSV_Handler                   
00006579  RTC_IRQHandler                   
00006783  Reset_Handler                    
00006790  SHT$$INIT_ARRAY$$Base            
00006794  SHT$$INIT_ARRAY$$Limit           
00006579  SPI0_IRQHandler                  
00006579  SPI1_IRQHandler                  
00006579  SVC_Handler                      
202003b8  Sensor                           
202003f0  StTextColor                      
202003dc  StX                              
202003e0  StY                              
00004857  SysTick_Handler                  
202005cc  TExaSLogic                       
202005d0  TExaSadc                         
00006579  TIMA0_IRQHandler                 
00006579  TIMA1_IRQHandler                 
00006579  TIMG0_IRQHandler                 
00006365  TIMG12_IRQHandler                
00006579  TIMG6_IRQHandler                 
00005fed  TIMG7_IRQHandler                 
00006579  TIMG8_IRQHandler                 
00006629  TI_memcpy_small                  
000066ef  TI_memset_small                  
00006579  UART0_IRQHandler                 
00006579  UART1_IRQHandler                 
00006579  UART2_IRQHandler                 
00006579  UART3_IRQHandler                 
20200404  _CIOBUF_                         
00006709  _Z10Clock_Freqv                  
00004b87  _Z10Sound_Initv                  
00005cd9  _Z10TExaS_InitP10ADC12_RegsjPFhvE
0000664d  _Z11Clock_Delayj                 
000060ed  _Z11SPI_OutDatac                 
000065e7  _Z11ST7735_openPKcji             
000065fd  _Z11ST7735_readiPcj              
0000644d  _Z11Switch_Initv                 
00005469  _Z12ST7735_InitR10initRFlags     
0000675d  _Z12ST7735_closei                
0000669b  _Z12ST7735_lseekili              
0000615d  _Z12ST7735_writeiPKcj            
00006715  _Z13ST7735_renamePKcS0_          
00006767  _Z13ST7735_unlinkPKc             
00006191  _Z14Clock_Delay1msj              
0000583d  _Z14LaunchPad_Initv              
00005fa5  _Z14SPI_OutCommandc              
00005111  _Z14ST7735_OutCharc              
000051e1  _Z14TimerG7_IntArmtjj            
00006125  _Z15ActivatePortA_Bv             
00003ff1  _Z15Clock_Init80MHzi             
00004859  _Z15ST7735_FillRectsssst         
00005501  _Z15TimerG12_IntArmjj            
000041a5  _Z16ST7735_DrawCharSsscssh       
000059b1  _Z16ST7735_DrawPixelsst          
000061c5  _Z16ST7735_SetCursorjj           
00003de1  _Z17ST7735_DrawBitmapssPKtss     
00005739  _Z17ST7735_DrawStringttPcs       
000063f5  _Z17ST7735_FillScreent           
000053cd  _Z17ST7735_InitPrintfv           
00004c81  _Z18ST7735_SetRotationh          
0000665d  _Z28TExaS_LaunchPadLogicPB27PB26v
00004609  _Z8ADC_InitP10ADC12_Regsjj       
000061f9  _Z8LED_Initv                     
00006771  _Z8PLL_Initv                     
00004b89  _Z8SPI_Initv                     
00006475  _Z9ADC_StartP10ADC12_Regs        
0000602d  _Z9SPI_Resetv                    
00004e61  _Z9UART_Initv                    
000057bd  _ZN6Player16resetCoordinatesEv   
00004a85  _ZN6Player6moveUpEv              
00006721  _ZN6Player7getSizeEv             
000066a9  _ZN6Player7getXPosEv             
000066b7  _ZN6Player7getYPosEv             
00004731  _ZN6Player8moveDownEv            
00005e7d  _ZN6Player8moveLeftEv            
00005ec9  _ZN6Player9moveRightEv           
000065cd  _ZN6PlayerC1Ev                   
000065cd  _ZN6PlayerC2Ev                   
00005d31  _ZN8SlidePot2InEv                
00005595  _ZN8SlidePot4InitEv              
00006515  _ZN8SlidePot4SaveEj              
00006539  _ZN8SlidePot4SyncEv              
0000672d  _ZN8SlidePot9DistanceXEv         
00006739  _ZN8SlidePot9DistanceYEv         
000066c5  _ZN8SlidePotC1Ev                 
000066c5  _ZN8SlidePotC2Ev                 
20200404  __CIOBUF_                        
20208000  __STACK_END                      
00000200  __STACK_SIZE                     
00000200  __SYSMEM_SIZE                    
00000000  __TI_ATRegion0_region_sz         
00000000  __TI_ATRegion0_src_addr          
00000000  __TI_ATRegion0_trg_addr          
00000000  __TI_ATRegion1_region_sz         
00000000  __TI_ATRegion1_src_addr          
00000000  __TI_ATRegion1_trg_addr          
00000000  __TI_ATRegion2_region_sz         
00000000  __TI_ATRegion2_src_addr          
00000000  __TI_ATRegion2_trg_addr          
00006818  __TI_CINIT_Base                  
00006828  __TI_CINIT_Limit                 
00006828  __TI_CINIT_Warm                  
00006804  __TI_Handler_Table_Base          
00006810  __TI_Handler_Table_Limit         
00005d85  __TI_auto_init_nobinit           
0000622d  __TI_cleanup                     
202003d0  __TI_cleanup_ptr                 
000058b9  __TI_closefile                   
00005935  __TI_decompress_lzss             
0000663b  __TI_decompress_none             
00005dd9  __TI_doflush                     
202003d4  __TI_dtors_ptr                   
202003e4  __TI_ft_end                      
ffffffff  __TI_pprof_out_hndl              
ffffffff  __TI_prof_data_size              
ffffffff  __TI_prof_data_start             
00006261  __TI_readmsg                     
00000000  __TI_static_base__               
20200524  __TI_tmpnams                     
00006295  __TI_writemsg                    
00006613  __TI_zero_init_nomemset          
0000532b  __aeabi_idiv0                    
00006745  __aeabi_memclr                   
00006745  __aeabi_memclr4                  
00006745  __aeabi_memclr8                  
000056a9  __aeabi_memcpy                   
000056a9  __aeabi_memcpy4                  
000056a9  __aeabi_memcpy8                  
0000606d  __aeabi_uidiv                    
0000606d  __aeabi_uidivmod                 
ffffffff  __binit__                        
UNDEFED   __mpu_init                       
20207e00  __stack                          
20200000  __start___llvm_prf_bits          
20200000  __start___llvm_prf_cnts          
20200000  __stop___llvm_prf_bits           
20200000  __stop___llvm_prf_cnts           
000064ed  _c_int00_noargs                  
202002f0  _device                          
20200200  _ftable                          
202003e8  _lock                            
00005e2b  _nop                             
20200368  _stream                          
20200000  _sys_memory                      
UNDEFED   _system_post_cinit               
00006787  _system_pre_init                 
202003ec  _unlock                          
0000678b  abort                            
00004d75  add_device                       
00004971  aligned_alloc                    
ffffffff  binit                            
00005e2d  close                            
000062c9  exit                             
000062fd  finddevice                       
000063c5  fopen                            
00004f49  free                             
00006331  freopen                          
00005af9  getdevice                        
00000000  interruptVectors                 
00004345  main                             
00006751  malloc                           
00004971  memalign                         
0000532d  open                             
202003c4  p1                               
202005c4  parmbuf                          
0000677b  remove                           
00005031  setvbuf                          
000056b1  strcmp                           
00006421  unlink                           
000064c5  write                            


GLOBAL SYMBOLS: SORTED BY Symbol Address 

address   name                             
-------   ----                             
00000000  __TI_ATRegion0_region_sz         
00000000  __TI_ATRegion0_src_addr          
00000000  __TI_ATRegion0_trg_addr          
00000000  __TI_ATRegion1_region_sz         
00000000  __TI_ATRegion1_src_addr          
00000000  __TI_ATRegion1_trg_addr          
00000000  __TI_ATRegion2_region_sz         
00000000  __TI_ATRegion2_src_addr          
00000000  __TI_ATRegion2_trg_addr          
00000000  __TI_static_base__               
00000000  interruptVectors                 
00000200  __STACK_SIZE                     
00000200  __SYSMEM_SIZE                    
00003de1  _Z17ST7735_DrawBitmapssPKtss     
00003ff1  _Z15Clock_Init80MHzi             
000041a5  _Z16ST7735_DrawCharSsscssh       
00004345  main                             
00004609  _Z8ADC_InitP10ADC12_Regsjj       
00004731  _ZN6Player8moveDownEv            
00004857  SysTick_Handler                  
00004859  _Z15ST7735_FillRectsssst         
00004971  aligned_alloc                    
00004971  memalign                         
00004a85  _ZN6Player6moveUpEv              
00004b87  _Z10Sound_Initv                  
00004b89  _Z8SPI_Initv                     
00004c81  _Z18ST7735_SetRotationh          
00004d75  add_device                       
00004e61  _Z9UART_Initv                    
00004f49  free                             
00005031  setvbuf                          
00005111  _Z14ST7735_OutCharc              
000051e1  _Z14TimerG7_IntArmtjj            
0000532b  __aeabi_idiv0                    
0000532d  open                             
000053cd  _Z17ST7735_InitPrintfv           
00005469  _Z12ST7735_InitR10initRFlags     
00005501  _Z15TimerG12_IntArmjj            
00005595  _ZN8SlidePot4InitEv              
000056a9  __aeabi_memcpy                   
000056a9  __aeabi_memcpy4                  
000056a9  __aeabi_memcpy8                  
000056b1  strcmp                           
00005739  _Z17ST7735_DrawStringttPcs       
000057bd  _ZN6Player16resetCoordinatesEv   
0000583d  _Z14LaunchPad_Initv              
000058b9  __TI_closefile                   
00005935  __TI_decompress_lzss             
000059b1  _Z16ST7735_DrawPixelsst          
00005a21  HOSTlseek                        
00005a8d  HOSTrename                       
00005af9  getdevice                        
00005bc9  HOSTopen                         
00005c29  HOSTread                         
00005c81  HOSTwrite                        
00005cd9  _Z10TExaS_InitP10ADC12_RegsjPFhvE
00005d31  _ZN8SlidePot2InEv                
00005d85  __TI_auto_init_nobinit           
00005dd9  __TI_doflush                     
00005e2b  _nop                             
00005e2d  close                            
00005e7d  _ZN6Player8moveLeftEv            
00005ec9  _ZN6Player9moveRightEv           
00005f15  HOSTclose                        
00005f5d  HOSTunlink                       
00005fa5  _Z14SPI_OutCommandc              
00005fed  TIMG7_IRQHandler                 
0000602d  _Z9SPI_Resetv                    
0000606d  __aeabi_uidiv                    
0000606d  __aeabi_uidivmod                 
000060ed  _Z11SPI_OutDatac                 
00006125  _Z15ActivatePortA_Bv             
0000615d  _Z12ST7735_writeiPKcj            
00006191  _Z14Clock_Delay1msj              
000061c5  _Z16ST7735_SetCursorjj           
000061f9  _Z8LED_Initv                     
0000622d  __TI_cleanup                     
00006261  __TI_readmsg                     
00006295  __TI_writemsg                    
000062c1  C$$IO$$                          
000062c9  exit                             
000062fd  finddevice                       
00006331  freopen                          
00006365  TIMG12_IRQHandler                
000063c5  fopen                            
000063f5  _Z17ST7735_FillScreent           
00006421  unlink                           
0000644d  _Z11Switch_Initv                 
00006475  _Z9ADC_StartP10ADC12_Regs        
000064c5  write                            
000064ed  _c_int00_noargs                  
00006515  _ZN8SlidePot4SaveEj              
00006539  _ZN8SlidePot4SyncEv              
00006579  ADC0_IRQHandler                  
00006579  ADC1_IRQHandler                  
00006579  AES_IRQHandler                   
00006579  CANFD0_IRQHandler                
00006579  DAC0_IRQHandler                  
00006579  DMA_IRQHandler                   
00006579  Default_Handler                  
00006579  GROUP0_IRQHandler                
00006579  GROUP1_IRQHandler                
00006579  I2C0_IRQHandler                  
00006579  I2C1_IRQHandler                  
00006579  NMI_Handler                      
00006579  PendSV_Handler                   
00006579  RTC_IRQHandler                   
00006579  SPI0_IRQHandler                  
00006579  SPI1_IRQHandler                  
00006579  SVC_Handler                      
00006579  TIMA0_IRQHandler                 
00006579  TIMA1_IRQHandler                 
00006579  TIMG0_IRQHandler                 
00006579  TIMG6_IRQHandler                 
00006579  TIMG8_IRQHandler                 
00006579  UART0_IRQHandler                 
00006579  UART1_IRQHandler                 
00006579  UART2_IRQHandler                 
00006579  UART3_IRQHandler                 
00006595  HardFault_Handler                
000065cd  _ZN6PlayerC1Ev                   
000065cd  _ZN6PlayerC2Ev                   
000065e7  _Z11ST7735_openPKcji             
000065fd  _Z11ST7735_readiPcj              
00006613  __TI_zero_init_nomemset          
00006629  TI_memcpy_small                  
0000663b  __TI_decompress_none             
0000664d  _Z11Clock_Delayj                 
0000665d  _Z28TExaS_LaunchPadLogicPB27PB26v
0000669b  _Z12ST7735_lseekili              
000066a9  _ZN6Player7getXPosEv             
000066b7  _ZN6Player7getYPosEv             
000066c5  _ZN8SlidePotC1Ev                 
000066c5  _ZN8SlidePotC2Ev                 
000066ef  TI_memset_small                  
00006709  _Z10Clock_Freqv                  
00006715  _Z13ST7735_renamePKcS0_          
00006721  _ZN6Player7getSizeEv             
0000672d  _ZN8SlidePot9DistanceXEv         
00006739  _ZN8SlidePot9DistanceYEv         
00006745  __aeabi_memclr                   
00006745  __aeabi_memclr4                  
00006745  __aeabi_memclr8                  
00006751  malloc                           
0000675d  _Z12ST7735_closei                
00006767  _Z13ST7735_unlinkPKc             
00006771  _Z8PLL_Initv                     
0000677b  remove                           
00006783  Reset_Handler                    
00006787  _system_pre_init                 
0000678a  C$$EXIT                          
0000678b  abort                            
00006790  SHT$$INIT_ARRAY$$Base            
00006794  SHT$$INIT_ARRAY$$Limit           
00006804  __TI_Handler_Table_Base          
00006810  __TI_Handler_Table_Limit         
00006818  __TI_CINIT_Base                  
00006828  __TI_CINIT_Limit                 
00006828  __TI_CINIT_Warm                  
20200000  __start___llvm_prf_bits          
20200000  __start___llvm_prf_cnts          
20200000  __stop___llvm_prf_bits           
20200000  __stop___llvm_prf_cnts           
20200000  _sys_memory                      
20200200  _ftable                          
202002f0  _device                          
20200368  _stream                          
202003b8  Sensor                           
202003c4  p1                               
202003d0  __TI_cleanup_ptr                 
202003d4  __TI_dtors_ptr                   
202003d8  BusFreq                          
202003dc  StX                              
202003e0  StY                              
202003e4  __TI_ft_end                      
202003e8  _lock                            
202003ec  _unlock                          
202003f0  StTextColor                      
20200404  _CIOBUF_                         
20200404  __CIOBUF_                        
20200524  __TI_tmpnams                     
202005c4  parmbuf                          
202005cc  TExaSLogic                       
202005d0  TExaSadc                         
20207e00  __stack                          
20208000  __STACK_END                      
ffffffff  __TI_pprof_out_hndl              
ffffffff  __TI_prof_data_size              
ffffffff  __TI_prof_data_start             
ffffffff  __binit__                        
ffffffff  binit                            
UNDEFED   __mpu_init                       
UNDEFED   _system_post_cinit               

[193 symbols]
