******************************************************************************
            TI ARM Clang Linker PC v4.0.1                      
******************************************************************************
>> Linked Fri Apr 18 18:23:28 2025

OUTPUT FILE NAME:   <MadMines.out>
ENTRY POINT SYMBOL: "_c_int00_noargs"  address: 00016c61


MEMORY CONFIGURATION

         name            origin    length      used     unused   attr    fill
----------------------  --------  ---------  --------  --------  ----  --------
  FLASH                 00000000   00020000  00017210  00008df0  R  X
  SRAM                  20200000   00008000  000009df  00007621  RW X
  BCR_CONFIG            41c00000   00000080  00000000  00000080  R   
  BSL_CONFIG            41c00100   00000080  00000000  00000080  R   


SEGMENT ALLOCATION MAP

run origin  load origin   length   init length attrs members
----------  ----------- ---------- ----------- ----- -------
00000000    00000000    00017210   00017210    r-x
  00000000    00000000    000000c0   000000c0    r-- .intvecs
  000000c0    000000c0    00011690   00011690    r-- .rodata
  00011750    00011750    000059a0   000059a0    r-x .text
  000170f0    000170f0    00000008   00000008    r-- .init_array
  000170f8    000170f8    00000118   00000118    r-- .cinit
20200000    20200000    000007e6   00000000    rw-
  20200000    20200000    00000401   00000000    rw- .data
  20200408    20200408    00000200   00000000    rw- .sysmem
  20200608    20200608    000001de   00000000    rw- .bss
20207e00    20207e00    00000200   00000000    rw-
  20207e00    20207e00    00000200   00000000    rw- .stack


SECTION ALLOCATION MAP

 output                                  attributes/
section   page    origin      length       input sections
--------  ----  ----------  ----------   ----------------
.intvecs   0    00000000    000000c0     
                  00000000    000000c0     startup_mspm0g3507_ticlang.o (.intvecs)

.binit     0    00000000    00000000     

.text      0    00011750    000059a0     
                  00011750    00000924     Lab9HMain.o (.text.main)
                  00012074    000003ec     Machine.o (.text._ZN7Machine10updateCartEh)
                  00012460    000003c4     Machine.o (.text._ZN7Machine13updateRefinerEh)
                  00012824    00000370     Machine.o (.text._ZN7Machine14updateCountersEhPS_)
                  00012b94    0000030c     Machine.o (.text._ZN7Machine10updateRockEh)
                  00012ea0    000002b0     Machine.o (.text._ZN7Machine13printCountersEPS_)
                  00013150    000002ac     Machine.o (.text._ZN7Machine12printRefinerEv)
                  000133fc    00000244     Machine.o (.text._ZN7Machine16updateTurnInAreaEh)
                  00013640    00000210     ST7735.o (.text._Z17ST7735_DrawBitmapssPKtss)
                  00013850    000001dc     Machine.o (.text._ZN7Machine9printCartEv)
                  00013a2c    000001b4     Clock.o (.text._Z15Clock_Init80MHzi)
                  00013be0    000001a4     ST7735.o (.text._Z15ST7735_DrawCharsscssh)
                  00013d84    000001a0     ST7735.o (.text._Z16ST7735_DrawCharSsscssh)
                  00013f24    0000015c     Machine.o (.text._ZN7Machine13cartSendErrorEhh)
                  00014080    00000154     libc.a : fopen.c.obj (.text._openfile)
                  000141d4    00000130     Machine.o (.text._ZN7Machine15printTurnInAreaEv)
                  00014304    0000012c     Player.o (.text._ZN6Player8moveDownEv)
                  00014430    00000128     TExaS.o (.text._Z8ADC_InitP10ADC12_Regsjj)
                  00014558    00000118     ST7735.o (.text._Z15ST7735_FillRectsssst)
                  00014670    00000114     libc.a : memory.c.obj (.text.aligned_alloc)
                  00014784    00000108     Player.o (.text._ZN6Player6moveUpEv)
                  0001488c    000000f8     SPI.o (.text._Z8SPI_Initv)
                  00014984    000000f4     ST7735.o (.text._Z18ST7735_SetRotationh)
                  00014a78    000000ec     libsysbm.a : add_device.c.obj (.text.add_device)
                  00014b64    000000e8     TExaS.o (.text._Z9UART_Initv)
                  00014c4c    000000e8     libc.a : memory.c.obj (.text.free)
                  00014d34    000000e0            : setvbuf.c.obj (.text.setvbuf)
                  00014e14    000000dc     UART2.o (.text._Z10UART2_Initv)
                  00014ef0    000000d0     ST7735.o (.text._Z14ST7735_OutCharc)
                  00014fc0    000000b0     ST7735.o (.text._Z20ST7735_DrawFastHLinessst)
                  00015070    000000b0     ST7735.o (.text._Z20ST7735_DrawFastVLinessst)
                  00015120    000000ac     Machine.o (.text._ZN7Machine9printRockEv)
                  000151cc    000000a8     Timer.o (.text._Z14TimerG7_IntArmtjj)
                  00015274    000000a2     ST7735.o (.text._ZL11commandListPKh)
                  00015316    00000002     Sound.o (.text.SysTick_Handler)
                  00015318    000000a0     libsysbm.a : open.c.obj (.text.open)
                  000153b8    0000009c     ST7735.o (.text._Z17ST7735_InitPrintfv)
                  00015454    0000009c     Player.o (.text._ZN6Player14checkProximityE7Machine)
                  000154f0    00000098     ST7735.o (.text._Z12ST7735_InitR10initRFlags)
                  00015588    00000094     Timer.o (.text._Z15TimerG12_IntArmjj)
                  0001561c    0000008c     SlidePot.o (.text._ZN8SlidePot4InitEv)
                  000156a8    0000008a     Machine.o (.text._ZN7MachineC2Ehhhhhhhhhh)
                  00015732    00000002     libclang_rt.builtins.a : aeabi_div0.c.obj (.text.__aeabi_idiv0)
                  00015734    00000088     ST7735.o (.text._ZL13setAddrWindowhhhh)
                  000157bc    00000004     libc.a : pre_init.c.obj (.text._system_pre_init)
                  000157c0    00000088            : strcmp-armv6m.S.obj (.text:strcmp)
                  00015848    00000084     ST7735.o (.text._Z17ST7735_DrawStringttPcs)
                  000158cc    00000082     Machine.o (.text._ZN7MachineC2Ehhhhhhhhh)
                  0001594e    00000080     Player.o (.text._ZN6Player16resetCoordinatesEv)
                  000159ce    00000002     libc.a : _lock.c.obj (.text._nop)
                  000159d0    0000007c     LaunchPad.o (.text._Z14LaunchPad_Initv)
                  00015a4c    0000007c     libc.a : fclose.c.obj (.text.__TI_closefile)
                  00015ac8    0000007c            : copy_decompress_lzss.c.obj (.text:decompress:lzss)
                  00015b44    00000078     Player.o (.text._ZN6Player15getMachineInputE7Machine)
                  00015bbc    00000074     UART2.o (.text.UART2_IRQHandler)
                  00015c30    00000074     IRxmt.o (.text._Z13IRxmt_SendBiti)
                  00015ca4    00000070     ST7735.o (.text._Z16ST7735_DrawPixelsst)
                  00015d14    0000006c     libsysbm.a : hostlseek.c.obj (.text.HOSTlseek)
                  00015d80    0000006c                : hostrename.c.obj (.text.HOSTrename)
                  00015dec    0000006c     libc.a : getdevice.c.obj (.text.getdevice)
                  00015e58    00000064            : memory.c.obj (.text.split)
                  00015ebc    00000062     Machine.o (.text._ZN7MachineC2Ehhhhhh)
                  00015f1e    00000002     --HOLE-- [fill = 0]
                  00015f20    00000060     libsysbm.a : hostopen.c.obj (.text.HOSTopen)
                  00015f80    00000058                : hostread.c.obj (.text.HOSTread)
                  00015fd8    00000058                : hostwrite.c.obj (.text.HOSTwrite)
                  00016030    00000058     TExaS.o (.text._Z10TExaS_InitP10ADC12_RegsjPFhvE)
                  00016088    00000056     libclang_rt.builtins.a : aeabi_idivmod.S.obj (.text.__aeabi_idivmod)
                  000160de    00000002     --HOLE-- [fill = 0]
                  000160e0    00000054     Player.o (.text._ZN6Player14printPosessionEh)
                  00016134    00000054     SlidePot.o (.text._ZN8SlidePot2InEv)
                  00016188    00000054     libc.a : autoinit.c.obj (.text:__TI_auto_init_nobinit)
                  000161dc    00000052            : fflush.c.obj (.text.__TI_doflush)
                  0001622e    00000050     Lab9HMain.o (.text._GLOBAL__sub_I_Lab9HMain.cpp)
                  0001627e    00000002     --HOLE-- [fill = 0]
                  00016280    00000050     Lab9HMain.o (.text.__cxx_global_var_init.10)
                  000162d0    00000050     libsysbm.a : close.c.obj (.text.close)
                  00016320    0000004c     Player.o (.text._ZN6Player8moveLeftEv)
                  0001636c    0000004c     Player.o (.text._ZN6Player9moveRightEv)
                  000163b8    00000048     libsysbm.a : hostclose.c.obj (.text.HOSTclose)
                  00016400    00000048                : hostunlink.c.obj (.text.HOSTunlink)
                  00016448    00000048     IRxmt.o (.text._Z13IRxmt_OutCharc)
                  00016490    00000048     SPI.o (.text._Z14SPI_OutCommandc)
                  000164d8    00000048     FIFO2.o (.text._ZN5Queue3GetEPc)
                  00016520    00000048     FIFO2.o (.text._ZN5Queue3PutEc)
                  00016568    00000040     TExaS.o (.text.TIMG7_IRQHandler)
                  000165a8    00000040     SPI.o (.text._Z9SPI_Resetv)
                  000165e8    00000040     libclang_rt.builtins.a : aeabi_uidivmod.S.obj (.text.__aeabi_uidivmod)
                  00016628    00000040     Lab9HMain.o (.text.__cxx_global_var_init.18)
                  00016668    00000040     libc.a : fopen.c.obj (.text._search_fp)
                  000166a8    0000003c     Lab9HMain.o (.text.TIMG12_IRQHandler)
                  000166e4    0000003c     Sound.o (.text._Z10Sound_Initv)
                  00016720    00000038     SPI.o (.text._Z11SPI_OutDatac)
                  00016758    00000038     LaunchPad.o (.text._Z15ActivatePortA_Bv)
                  00016790    00000034     ST7735.o (.text._Z12ST7735_writeiPKcj)
                  000167c4    00000034     Clock.o (.text._Z14Clock_Delay1msj)
                  000167f8    00000034     ST7735.o (.text._Z16ST7735_SetCursorjj)
                  0001682c    00000034     libc.a : fopen.c.obj (.text.__TI_cleanup)
                  00016860    00000034     libsysbm.a : trgmsg.c.obj (.text.__TI_readmsg)
                  00016894    00000034                : trgmsg.c.obj (.text.__TI_writemsg)
                  000168c8    00000034     libc.a : exit.c.obj (.text.exit)
                  000168fc    00000034            : getdevice.c.obj (.text.finddevice)
                  00016930    00000034            : fopen.c.obj (.text.freopen)
                  00016964    00000030     ST7735.o (.text._ZL10commonInitPKh)
                  00016994    00000030     Lab9HMain.o (.text.__cxx_global_var_init.12)
                  000169c4    00000030     Lab9HMain.o (.text.__cxx_global_var_init.15)
                  000169f4    00000030     Lab9HMain.o (.text.__cxx_global_var_init.16)
                  00016a24    00000030     Lab9HMain.o (.text.__cxx_global_var_init.17)
                  00016a54    00000030     Lab9HMain.o (.text.__cxx_global_var_init.7)
                  00016a84    00000030     Lab9HMain.o (.text.__cxx_global_var_init.8)
                  00016ab4    00000030     Lab9HMain.o (.text.__cxx_global_var_init.9)
                  00016ae4    00000030     libc.a : fopen.c.obj (.text.fopen)
                  00016b14    0000002c     ST7735.o (.text._Z17ST7735_FillScreent)
                  00016b40    0000002c     Lab9HMain.o (.text.__cxx_global_var_init.6)
                  00016b6c    0000002c     libsysbm.a : unlink.c.obj (.text.unlink)
                  00016b98    00000028     IRxmt.o (.text._Z10IRxmt_Initv)
                  00016bc0    00000028     TExaS.o (.text._Z9ADC_StartP10ADC12_Regs)
                  00016be8    00000028     Lab9HMain.o (.text.__cxx_global_var_init.4)
                  00016c10    00000028     libc.a : memory.c.obj (.text.free_list_insert)
                  00016c38    00000028     libsysbm.a : write.c.obj (.text.write)
                  00016c60    00000028     libc.a : boot_cortex_m.c.obj (.text:_c_int00_noargs)
                  00016c88    00000024     SlidePot.o (.text._ZN8SlidePot4SaveEj)
                  00016cac    00000024     Lab9HMain.o (.text.__cxx_global_var_init.11)
                  00016cd0    00000024     Lab9HMain.o (.text.__cxx_global_var_init.13)
                  00016cf4    00000024     Lab9HMain.o (.text.__cxx_global_var_init.14)
                  00016d18    00000024     Lab9HMain.o (.text.__cxx_global_var_init.2)
                  00016d3c    00000024     Lab9HMain.o (.text.__cxx_global_var_init.3)
                  00016d60    00000024     Lab9HMain.o (.text.__cxx_global_var_init.5)
                  00016d84    00000022     FIFO2.o (.text._ZN5Queue6IsFullEv)
                  00016da6    00000020     SlidePot.o (.text._ZN8SlidePot4SyncEv)
                  00016dc6    0000001e     ST7735.o (.text._ZL9pushColort)
                  00016de4    0000001c     startup_mspm0g3507_ticlang.o (.text.Default_Handler)
                  00016e00    0000001c     startup_mspm0g3507_ticlang.o (.text.HardFault_Handler)
                  00016e1c    0000001c     UART2.o (.text._Z12UART2_InCharv)
                  00016e38    0000001c     Switch.o (.text._Z9Switch_Inv)
                  00016e54    0000001c     Player.o (.text._ZN6PlayerC2Ev)
                  00016e70    0000001c     libc.a : memory.c.obj (.text.free_list_remove)
                  00016e8c    00000018     Switch.o (.text._Z11Switch_Initv)
                  00016ea4    00000016     ST7735.o (.text._Z11ST7735_openPKcji)
                  00016eba    00000016     ST7735.o (.text._Z11ST7735_readiPcj)
                  00016ed0    00000016     libc.a : copy_zero_init.c.obj (.text:decompress:ZI:__TI_zero_init_nomemset)
                  00016ee6    00000014     FIFO2.o (.text._ZN5Queue7IsEmptyEv)
                  00016efa    00000012     Player.o (.text._ZN6Player13setPossessionEh)
                  00016f0c    00000012     Machine.o (.text._ZN7Machine11setRockTypeEh)
                  00016f1e    00000012     Machine.o (.text._ZN7Machine9setSpriteEh)
                  00016f30    00000012     libc.a : memcpy16.S.obj (.text:TI_memcpy_small)
                  00016f42    00000012            : copy_decompress_none.c.obj (.text:decompress:none)
                  00016f54    00000010     Clock.o (.text._Z11Clock_Delayj)
                  00016f64    00000010     UART2.o (.text._Z12UART2_Enablev)
                  00016f74    00000010     UART2.o (.text._Z13UART2_Disablev)
                  00016f84    00000010     Lab9HMain.o (.text._Z28TExaS_LaunchPadLogicPB27PB26v)
                  00016f94    00000010     FIFO2.o (.text._ZN5QueueC2Ev)
                  00016fa4    00000010     Lab9HMain.o (.text.__cxx_global_var_init.1)
                  00016fb4    00000010     Lab9HMain.o (.text.__cxx_global_var_init)
                  00016fc4    00000010     UART2.o (.text.__cxx_global_var_init)
                  00016fd4    0000000e     libc.a : memory.c.obj (.text.OUTLINED_FUNCTION_0)
                  00016fe2    0000000e     ST7735.o (.text._Z12ST7735_lseekili)
                  00016ff0    0000000e     Player.o (.text._ZN6Player7getXPosEv)
                  00016ffe    0000000e     Player.o (.text._ZN6Player7getYPosEv)
                  0001700c    0000000e     SlidePot.o (.text._ZN8SlidePotC2Ev)
                  0001701a    0000000e     libsysbm.a : hostrename.c.obj (.text.strcpy)
                  00017028    0000000e                : hostrename.c.obj (.text.strlen)
                  00017036    0000000e     libc.a : memset16.S.obj (.text:TI_memset_small)
                  00017044    0000000c     Clock.o (.text._Z10Clock_Freqv)
                  00017050    0000000c     ST7735.o (.text._Z13ST7735_renamePKcS0_)
                  0001705c    0000000c     IRxmt.o (.text._Z5Delayj)
                  00017068    0000000c     Player.o (.text._ZN6Player7getSizeEv)
                  00017074    0000000c     SlidePot.o (.text._ZN8SlidePot9DistanceXEv)
                  00017080    0000000c     SlidePot.o (.text._ZN8SlidePot9DistanceYEv)
                  0001708c    0000000c     libclang_rt.builtins.a : aeabi_memset.S.obj (.text.__aeabi_memclr)
                  00017098    0000000c     libc.a : memory.c.obj (.text.malloc)
                  000170a4    0000000a     ST7735.o (.text._Z12ST7735_closei)
                  000170ae    0000000a     ST7735.o (.text._Z13ST7735_unlinkPKc)
                  000170b8    0000000a     Lab9HMain.o (.text._Z8PLL_Initv)
                  000170c2    00000008     UART2.o (.text._GLOBAL__sub_I_UART2.cpp)
                  000170ca    00000002     --HOLE-- [fill = 0]
                  000170cc    00000008     libclang_rt.builtins.a : aeabi_memcpy.S.obj (.text.__aeabi_memcpy)
                  000170d4    00000008     libsysbm.a : remove.c.obj (.text.remove)
                  000170dc    00000004     startup_mspm0g3507_ticlang.o (.text.Reset_Handler)
                  000170e0    00000004     libc.a : exit.c.obj (.text:abort)
                  000170e4    0000000c     --HOLE-- [fill = 0]

.cinit     0    000170f8    00000118     
                  000170f8    000000ed     (.cinit..data.load) [load image, compression = lzss]
                  000171e5    00000003     --HOLE-- [fill = 0]
                  000171e8    0000000c     (__TI_handler_table)
                  000171f4    00000008     (.cinit..bss.load) [load image, compression = zero_init]
                  000171fc    00000010     (__TI_cinit_table)
                  0001720c    00000004     --HOLE-- [fill = 0]

.rodata    0    000000c0    00011690     
                  000000c0    00002800     Lab9HMain.o (.rodata._ZL4todo)
                  000028c0    00002800     Machine.o (.rodata._ZL4todo)
                  000050c0    000010ae     Machine.o (.rodata._ZL14refinerWorking)
                  0000616e    000010ae     Machine.o (.rodata._ZL16refinerHighlight)
                  0000721c    000010ae     Machine.o (.rodata._ZL7refiner)
                  000082ca    00000f74     Machine.o (.rodata._ZL13cartHighlight)
                  0000923e    00000f74     Machine.o (.rodata._ZL4cart)
                  0000a1b2    00000bb0     Machine.o (.rodata._ZL11workingRock)
                  0000ad62    00000bb0     Machine.o (.rodata._ZL13highlightRock)
                  0000b912    00000bb0     Machine.o (.rodata._ZL18rockCrackHighlight)
                  0000c4c2    00000bb0     Machine.o (.rodata._ZL4rock)
                  0000d072    00000960     Machine.o (.rodata._ZL15PortalHighlight)
                  0000d9d2    00000960     Machine.o (.rodata._ZL6Portal)
                  0000e332    000006e0     Machine.o (.rodata._ZL6ladder)
                  0000ea12    00000548     Lab9HMain.o (.rodata._ZL5miner)
                  0000ef5a    00000540     Machine.o (.rodata._ZL7counter)
                  0000f49a    000004fb     ST7735.o (.rodata._ZL4Font)
                  0000f995    00000001     --HOLE-- [fill = 0]
                  0000f996    00000348     Machine.o (.rodata._ZL5watch)
                  0000fcde    00000320     Machine.o (.rodata._ZL5trash)
                  0000fffe    000002d2     Machine.o (.rodata._ZL5sword)
                  000102d0    000002ac     Machine.o (.rodata._ZL3key)
                  0001057c    000002a0     Machine.o (.rodata._ZL6shield)
                  0001081c    00000220     Machine.o (.rodata._ZL4ring)
                  00010a3c    0000018c     Machine.o (.rodata._ZL10rawDiamond)
                  00010bc8    0000018c     Machine.o (.rodata._ZL10rawEmerald)
                  00010d54    0000018c     Machine.o (.rodata._ZL7rawGold)
                  00010ee0    0000018c     Machine.o (.rodata._ZL7rawRuby)
                  0001106c    0000018c     Machine.o (.rodata._ZL9rawSilver)
                  000111f8    0000010e     Machine.o (.rodata._ZL4gold)
                  00011306    0000010e     Machine.o (.rodata._ZL6silver)
                  00011414    000000d8     Machine.o (.rodata._ZL4Ruby)
                  000114ec    000000d8     Machine.o (.rodata._ZL7Diamond)
                  000115c4    000000d8     Machine.o (.rodata._ZL7Emerald)
                  0001169c    0000003b     ST7735.o (.rodata._ZL5Rcmd1)
                  000116d7    0000002b     ST7735.o (.rodata._ZL5Rcmd3)
                  00011702    00000016     ST7735.o (.rodata.str1.43788427057889536241)
                  00011718    0000000d     ST7735.o (.rodata._ZL10Rcmd2green)
                  00011725    0000000d     ST7735.o (.rodata._ZL8Rcmd2red)
                  00011732    00000008     ST7735.o (.rodata.str1.54535931475021008601)
                  0001173a    00000007     ST7735.o (.rodata.str1.103567388005067375301)
                  00011741    00000007     ST7735.o (.rodata.str1.132933244321656697041)
                  00011748    00000002     ST7735.o (.rodata.str1.18657686242476325171)
                  0001174a    00000006     --HOLE-- [fill = 0]

.init_array 
*          0    000170f0    00000008     
                  000170f0    00000004     UART2.o (.init_array)
                  000170f4    00000004     Lab9HMain.o (.init_array)

.data      0    20200000    00000401     UNINITIALIZED
                  20200000    000000f0     libc.a : defs.c.obj (.data._ftable)
                  202000f0    00000088     Machine.o (.data.sprites)
                  20200178    00000078     libsysbm.a : host_device.c.obj (.data._device)
                  202001f0    00000050                : host_device.c.obj (.data._stream)
                  20200240    00000038     Lab9HMain.o (.data.Counters)
                  20200278    0000002c     UART2.o (.data.FIFO2)
                  202002a4    0000002a     Lab9HMain.o (.data.Counters2)
                  202002ce    00000002     ST7735.o (.data.StTextColor)
                  202002d0    00000014     Machine.o (.data._ZL7ToDoArr)
                  202002e4    0000000e     Lab9HMain.o (.data.m_anvil)
                  202002f2    0000000e     Lab9HMain.o (.data.m_cart1)
                  20200300    0000000e     Lab9HMain.o (.data.m_cart2)
                  2020030e    0000000e     Lab9HMain.o (.data.m_counter1)
                  2020031c    0000000e     Lab9HMain.o (.data.m_counter2)
                  2020032a    0000000e     Lab9HMain.o (.data.m_counter3)
                  20200338    0000000e     Lab9HMain.o (.data.m_counter4)
                  20200346    0000000e     Lab9HMain.o (.data.m_counter5)
                  20200354    0000000e     Lab9HMain.o (.data.m_counter6)
                  20200362    0000000e     Lab9HMain.o (.data.m_portal)
                  20200370    0000000e     Lab9HMain.o (.data.m_refiner)
                  2020037e    0000000e     Lab9HMain.o (.data.m_rock1)
                  2020038c    0000000e     Lab9HMain.o (.data.m_rock2)
                  2020039a    0000000e     Lab9HMain.o (.data.m_smelter)
                  202003a8    0000000e     Lab9HMain.o (.data.m_todo)
                  202003b6    00000002     ST7735.o (.data._ZL6_width)
                  202003b8    0000000c     Lab9HMain.o (.data.Sensor)
                  202003c4    00000008     libc.a : exit.c.obj (.data..L_MergedGlobals)
                  202003cc    00000008     Lab9HMain.o (.data.p1)
                  202003d4    00000004     Clock.o (.data.BusFreq)
                  202003d8    00000004     ST7735.o (.data.StX)
                  202003dc    00000004     ST7735.o (.data.StY)
                  202003e0    00000004     libc.a : defs.c.obj (.data.__TI_ft_end)
                  202003e4    00000004            : _lock.c.obj (.data._lock)
                  202003e8    00000004            : _lock.c.obj (.data._unlock)
                  202003ec    00000002     ST7735.o (.data._ZL7_height)
                  202003ee    00000002     Machine.o (.data._ZZN7Machine16updateTurnInAreaEhE5score)
                  202003f0    00000001     Machine.o (.data._ZZN7Machine10updateCartEhE8debounce)
                  202003f1    00000001     Machine.o (.data._ZZN7Machine10updateRockEhE10wasWorking)
                  202003f2    00000001     Machine.o (.data._ZZN7Machine10updateRockEhE7halfway)
                  202003f3    00000001     Machine.o (.data._ZZN7Machine13updateRefinerEhE10wasWorking)
                  202003f4    00000001     Machine.o (.data._ZZN7Machine13updateRefinerEhE8debounce)
                  202003f5    00000001     Machine.o (.data._ZZN7Machine14updateCountersEhPS_E8debounce)
                  202003f6    00000001     Machine.o (.data._ZZN7Machine9printCartEvE2in)
                  202003f7    00000001     Machine.o (.data._ZZN7Machine9printCartEvE4sent)
                  202003f8    00000001     libsysbm.a : add_device.c.obj (.data.add_device.device_init)
                  202003f9    00000001     Lab9HMain.o (.data.input)
                  202003fa    00000001     Lab9HMain.o (.data.numCounters)
                  202003fb    00000001     Machine.o (.data.progH)
                  202003fc    00000001     libc.a : memory.c.obj (.data.memory_is_initialized)
                  202003fd    00000001     Machine.o (.data.progW)
                  202003fe    00000002     --HOLE--
                  20200400    00000001     libsysbm.a : open.c.obj (.data.open.stream_init)

.sysmem    0    20200408    00000200     UNINITIALIZED
                  20200408    00000010     libc.a : memory.c.obj (.sysmem)
                  20200418    000001f0     --HOLE--

.bss       0    20200608    000001de     UNINITIALIZED
                  20200608    00000120     libsysbm.a : trgmsg.c.obj (.bss:_CIOBUF_)
                  20200728    000000a0     libc.a : defs.c.obj (.bss.__TI_tmpnams)
                  202007c8    00000008     libsysbm.a : hostopen.c.obj (.bss.parmbuf)
                  202007d0    00000004     UART2.o (.bss.LostData)
                  202007d4    00000004     TExaS.o (.bss.TExaSLogic)
                  202007d8    00000004     TExaS.o (.bss.TExaSadc)
                  202007dc    00000004     libc.a : memory.c.obj (.bss.sys_free)
                  202007e0    00000001     ST7735.o (.bss._ZL8ColStart)
                  202007e1    00000001     ST7735.o (.bss._ZL8Rotation)
                  202007e2    00000001     ST7735.o (.bss._ZL8RowStart)
                  202007e3    00000001     ST7735.o (.bss._ZL8TabColor)
                  202007e4    00000001     Lab9HMain.o (.bss.buttons)
                  202007e5    00000001     Lab9HMain.o (.bss.toDoOpen)

.stack     0    20207e00    00000200     UNINITIALIZED
                  20207e00    00000004     libc.a : boot_cortex_m.c.obj (.stack)
                  20207e04    000001fc     --HOLE--

__llvm_prf_cnts 
*          0    20200000    00000000     UNINITIALIZED

__llvm_prf_bits 
*          0    20200000    00000000     UNINITIALIZED

MODULE SUMMARY

       Module                         code    ro data   rw data
       ------                         ----    -------   -------
    .\
       Machine.o                      7282    58264     168    
       Lab9HMain.o                    3318    11596     332    
       ST7735.o                       3614    1449      18     
       Player.o                       1290    0         0      
       TExaS.o                        720     0         8      
       Clock.o                        516     0         4      
       UART2.o                        420     4         48     
       SPI.o                          440     0         0      
       SlidePot.o                     330     0         0      
       Timer.o                        316     0         0      
       IRxmt.o                        240     0         0      
       FIFO2.o                        214     0         0      
       LaunchPad.o                    180     0         0      
       Sound.o                        62      0         0      
       Switch.o                       52      0         0      
    +--+------------------------------+-------+---------+---------+
       Total:                         18994   71313     578    
                                                               
    .\ticlang\
       startup_mspm0g3507_ticlang.o   60      192       0      
    +--+------------------------------+-------+---------+---------+
       Total:                         60      192       0      
                                                               
    C:\ti\ccs\tools\compiler\ti-cgt-armllvm_4.0.1.LTS\lib\armv6m-ti-none-eabi/c/libc.a
       memory.c.obj                   702     0         5      
       fopen.c.obj                    556     0         0      
       defs.c.obj                     0       0         404    
       setvbuf.c.obj                  224     0         0      
       getdevice.c.obj                160     0         0      
       strcmp-armv6m.S.obj            136     0         0      
       copy_decompress_lzss.c.obj     124     0         0      
       fclose.c.obj                   124     0         0      
       autoinit.c.obj                 84      0         0      
       fflush.c.obj                   82      0         0      
       exit.c.obj                     56      0         8      
       boot_cortex_m.c.obj            40      0         0      
       copy_zero_init.c.obj           22      0         0      
       copy_decompress_none.c.obj     18      0         0      
       memcpy16.S.obj                 18      0         0      
       memset16.S.obj                 14      0         0      
       _lock.c.obj                    2       0         8      
       pre_init.c.obj                 4       0         0      
    +--+------------------------------+-------+---------+---------+
       Total:                         2366    0         425    
                                                               
    C:\ti\ccs\tools\compiler\ti-cgt-armllvm_4.0.1.LTS\lib\armv6m-ti-none-eabi/c/libsysbm.a
       trgmsg.c.obj                   104     0         288    
       add_device.c.obj               236     0         1      
       host_device.c.obj              0       0         200    
       open.c.obj                     160     0         1      
       hostrename.c.obj               136     0         0      
       hostlseek.c.obj                108     0         0      
       hostopen.c.obj                 96      0         8      
       hostread.c.obj                 88      0         0      
       hostwrite.c.obj                88      0         0      
       close.c.obj                    80      0         0      
       hostclose.c.obj                72      0         0      
       hostunlink.c.obj               72      0         0      
       unlink.c.obj                   44      0         0      
       write.c.obj                    40      0         0      
       remove.c.obj                   8       0         0      
    +--+------------------------------+-------+---------+---------+
       Total:                         1332    0         498    
                                                               
    C:\ti\ccs\tools\compiler\ti-cgt-armllvm_4.0.1.LTS\lib\armv6m-ti-none-eabi/libclang_rt.builtins.a
       aeabi_idivmod.S.obj            86      0         0      
       aeabi_uidivmod.S.obj           64      0         0      
       aeabi_memset.S.obj             12      0         0      
       aeabi_memcpy.S.obj             8       0         0      
       aeabi_div0.c.obj               2       0         0      
    +--+------------------------------+-------+---------+---------+
       Total:                         172     0         0      
                                                               
       Heap:                          0       0         512    
       Stack:                         0       0         512    
       Linker Generated:              0       273       0      
    +--+------------------------------+-------+---------+---------+
       Grand Total:                   22924   71778     2525   


LINKER GENERATED COPY TABLES

__TI_cinit_table @ 000171fc records: 2, size/record: 8, table size: 16
	.data: load addr=000170f8, load size=000000ed bytes, run addr=20200000, run size=00000401 bytes, compression=lzss
	.bss: load addr=000171f4, load size=00000008 bytes, run addr=20200608, run size=000001de bytes, compression=zero_init


LINKER GENERATED HANDLER TABLE

__TI_handler_table @ 000171e8 records: 3, size/record: 4, table size: 12
	index: 0, handler: __TI_decompress_lzss
	index: 1, handler: __TI_decompress_none
	index: 2, handler: __TI_zero_init


GLOBAL SYMBOLS: SORTED ALPHABETICALLY BY Name 

address   name                                
-------   ----                                
00016de5  ADC0_IRQHandler                     
00016de5  ADC1_IRQHandler                     
00016de5  AES_IRQHandler                      
202003d4  BusFreq                             
000170e0  C$$EXIT                             
000168c1  C$$IO$$                             
00016de5  CANFD0_IRQHandler                   
20200240  Counters                            
202002a4  Counters2                           
00016de5  DAC0_IRQHandler                     
00016de5  DMA_IRQHandler                      
00016de5  Default_Handler                     
20200278  FIFO2                               
00016de5  GROUP0_IRQHandler                   
00016de5  GROUP1_IRQHandler                   
000163b9  HOSTclose                           
00015d15  HOSTlseek                           
00015f21  HOSTopen                            
00015f81  HOSTread                            
00015d81  HOSTrename                          
00016401  HOSTunlink                          
00015fd9  HOSTwrite                           
00016e01  HardFault_Handler                   
00016de5  I2C0_IRQHandler                     
00016de5  I2C1_IRQHandler                     
202007d0  LostData                            
00016de5  NMI_Handler                         
00016de5  PendSV_Handler                      
00016de5  RTC_IRQHandler                      
000170dd  Reset_Handler                       
000170f0  SHT$$INIT_ARRAY$$Base               
000170f8  SHT$$INIT_ARRAY$$Limit              
00016de5  SPI0_IRQHandler                     
00016de5  SPI1_IRQHandler                     
00016de5  SVC_Handler                         
202003b8  Sensor                              
202002ce  StTextColor                         
202003d8  StX                                 
202003dc  StY                                 
00015317  SysTick_Handler                     
202007d4  TExaSLogic                          
202007d8  TExaSadc                            
00016de5  TIMA0_IRQHandler                    
00016de5  TIMA1_IRQHandler                    
00016de5  TIMG0_IRQHandler                    
000166a9  TIMG12_IRQHandler                   
00016de5  TIMG6_IRQHandler                    
00016569  TIMG7_IRQHandler                    
00016de5  TIMG8_IRQHandler                    
00016f31  TI_memcpy_small                     
00017037  TI_memset_small                     
00016de5  UART0_IRQHandler                    
00016de5  UART1_IRQHandler                    
00015bbd  UART2_IRQHandler                    
00016de5  UART3_IRQHandler                    
20200608  _CIOBUF_                            
00017045  _Z10Clock_Freqv                     
00016b99  _Z10IRxmt_Initv                     
000166e5  _Z10Sound_Initv                     
00016031  _Z10TExaS_InitP10ADC12_RegsjPFhvE   
00014e15  _Z10UART2_Initv                     
00016f55  _Z11Clock_Delayj                    
00016721  _Z11SPI_OutDatac                    
00016ea5  _Z11ST7735_openPKcji                
00016ebb  _Z11ST7735_readiPcj                 
00016e8d  _Z11Switch_Initv                    
000154f1  _Z12ST7735_InitR10initRFlags        
000170a5  _Z12ST7735_closei                   
00016fe3  _Z12ST7735_lseekili                 
00016791  _Z12ST7735_writeiPKcj               
00016f65  _Z12UART2_Enablev                   
00016e1d  _Z12UART2_InCharv                   
00016449  _Z13IRxmt_OutCharc                  
00015c31  _Z13IRxmt_SendBiti                  
00017051  _Z13ST7735_renamePKcS0_             
000170af  _Z13ST7735_unlinkPKc                
00016f75  _Z13UART2_Disablev                  
000167c5  _Z14Clock_Delay1msj                 
000159d1  _Z14LaunchPad_Initv                 
00016491  _Z14SPI_OutCommandc                 
00014ef1  _Z14ST7735_OutCharc                 
000151cd  _Z14TimerG7_IntArmtjj               
00016759  _Z15ActivatePortA_Bv                
00013a2d  _Z15Clock_Init80MHzi                
00013be1  _Z15ST7735_DrawCharsscssh           
00014559  _Z15ST7735_FillRectsssst            
00015589  _Z15TimerG12_IntArmjj               
00013d85  _Z16ST7735_DrawCharSsscssh          
00015ca5  _Z16ST7735_DrawPixelsst             
000167f9  _Z16ST7735_SetCursorjj              
00013641  _Z17ST7735_DrawBitmapssPKtss        
00015849  _Z17ST7735_DrawStringttPcs          
00016b15  _Z17ST7735_FillScreent              
000153b9  _Z17ST7735_InitPrintfv              
00014985  _Z18ST7735_SetRotationh             
00014fc1  _Z20ST7735_DrawFastHLinessst        
00015071  _Z20ST7735_DrawFastVLinessst        
00016f85  _Z28TExaS_LaunchPadLogicPB27PB26v   
0001705d  _Z5Delayj                           
00014431  _Z8ADC_InitP10ADC12_Regsjj          
000170b9  _Z8PLL_Initv                        
0001488d  _Z8SPI_Initv                        
00016bc1  _Z9ADC_StartP10ADC12_Regs           
000165a9  _Z9SPI_Resetv                       
00016e39  _Z9Switch_Inv                       
00014b65  _Z9UART_Initv                       
000164d9  _ZN5Queue3GetEPc                    
00016521  _ZN5Queue3PutEc                     
00016d85  _ZN5Queue6IsFullEv                  
00016ee7  _ZN5Queue7IsEmptyEv                 
00016f95  _ZN5QueueC1Ev                       
00016f95  _ZN5QueueC2Ev                       
00016efb  _ZN6Player13setPossessionEh         
00015455  _ZN6Player14checkProximityE7Machine 
000160e1  _ZN6Player14printPosessionEh        
00015b45  _ZN6Player15getMachineInputE7Machine
0001594f  _ZN6Player16resetCoordinatesEv      
00014785  _ZN6Player6moveUpEv                 
00017069  _ZN6Player7getSizeEv                
00016ff1  _ZN6Player7getXPosEv                
00016fff  _ZN6Player7getYPosEv                
00014305  _ZN6Player8moveDownEv               
00016321  _ZN6Player8moveLeftEv               
0001636d  _ZN6Player9moveRightEv              
00016e55  _ZN6PlayerC1Ev                      
00016e55  _ZN6PlayerC2Ev                      
00012075  _ZN7Machine10updateCartEh           
00012b95  _ZN7Machine10updateRockEh           
00016f0d  _ZN7Machine11setRockTypeEh          
00013151  _ZN7Machine12printRefinerEv         
00013f25  _ZN7Machine13cartSendErrorEhh       
00012ea1  _ZN7Machine13printCountersEPS_      
00012461  _ZN7Machine13updateRefinerEh        
00012825  _ZN7Machine14updateCountersEhPS_    
000141d5  _ZN7Machine15printTurnInAreaEv      
000133fd  _ZN7Machine16updateTurnInAreaEh     
00013851  _ZN7Machine9printCartEv             
00015121  _ZN7Machine9printRockEv             
00016f1f  _ZN7Machine9setSpriteEh             
00015ebd  _ZN7MachineC1Ehhhhhh                
000158cd  _ZN7MachineC1Ehhhhhhhhh             
000156a9  _ZN7MachineC1Ehhhhhhhhhh            
00015ebd  _ZN7MachineC2Ehhhhhh                
000158cd  _ZN7MachineC2Ehhhhhhhhh             
000156a9  _ZN7MachineC2Ehhhhhhhhhh            
00016135  _ZN8SlidePot2InEv                   
0001561d  _ZN8SlidePot4InitEv                 
00016c89  _ZN8SlidePot4SaveEj                 
00016da7  _ZN8SlidePot4SyncEv                 
00017075  _ZN8SlidePot9DistanceXEv            
00017081  _ZN8SlidePot9DistanceYEv            
0001700d  _ZN8SlidePotC1Ev                    
0001700d  _ZN8SlidePotC2Ev                    
20200608  __CIOBUF_                           
20208000  __STACK_END                         
00000200  __STACK_SIZE                        
00000200  __SYSMEM_SIZE                       
00000000  __TI_ATRegion0_region_sz            
00000000  __TI_ATRegion0_src_addr             
00000000  __TI_ATRegion0_trg_addr             
00000000  __TI_ATRegion1_region_sz            
00000000  __TI_ATRegion1_src_addr             
00000000  __TI_ATRegion1_trg_addr             
00000000  __TI_ATRegion2_region_sz            
00000000  __TI_ATRegion2_src_addr             
00000000  __TI_ATRegion2_trg_addr             
000171fc  __TI_CINIT_Base                     
0001720c  __TI_CINIT_Limit                    
0001720c  __TI_CINIT_Warm                     
000171e8  __TI_Handler_Table_Base             
000171f4  __TI_Handler_Table_Limit            
00016189  __TI_auto_init_nobinit              
0001682d  __TI_cleanup                        
202003c4  __TI_cleanup_ptr                    
00015a4d  __TI_closefile                      
00015ac9  __TI_decompress_lzss                
00016f43  __TI_decompress_none                
000161dd  __TI_doflush                        
202003c8  __TI_dtors_ptr                      
202003e0  __TI_ft_end                         
ffffffff  __TI_pprof_out_hndl                 
ffffffff  __TI_prof_data_size                 
ffffffff  __TI_prof_data_start                
00016861  __TI_readmsg                        
00000000  __TI_static_base__                  
20200728  __TI_tmpnams                        
00016895  __TI_writemsg                       
00016ed1  __TI_zero_init_nomemset             
00016089  __aeabi_idiv                        
00015733  __aeabi_idiv0                       
00016089  __aeabi_idivmod                     
0001708d  __aeabi_memclr                      
0001708d  __aeabi_memclr4                     
0001708d  __aeabi_memclr8                     
000170cd  __aeabi_memcpy                      
000170cd  __aeabi_memcpy4                     
000170cd  __aeabi_memcpy8                     
000165e9  __aeabi_uidiv                       
000165e9  __aeabi_uidivmod                    
ffffffff  __binit__                           
UNDEFED   __mpu_init                          
20207e00  __stack                             
20200000  __start___llvm_prf_bits             
20200000  __start___llvm_prf_cnts             
20200000  __stop___llvm_prf_bits              
20200000  __stop___llvm_prf_cnts              
00016c61  _c_int00_noargs                     
20200178  _device                             
20200000  _ftable                             
202003e4  _lock                               
000159cf  _nop                                
202001f0  _stream                             
20200408  _sys_memory                         
UNDEFED   _system_post_cinit                  
000157bd  _system_pre_init                    
202003e8  _unlock                             
000170e1  abort                               
00014a79  add_device                          
00014671  aligned_alloc                       
ffffffff  binit                               
202007e4  buttons                             
000162d1  close                               
000168c9  exit                                
000168fd  finddevice                          
00016ae5  fopen                               
00014c4d  free                                
00016931  freopen                             
00015ded  getdevice                           
202003f9  input                               
00000000  interruptVectors                    
202002e4  m_anvil                             
202002f2  m_cart1                             
20200300  m_cart2                             
2020030e  m_counter1                          
2020031c  m_counter2                          
2020032a  m_counter3                          
20200338  m_counter4                          
20200346  m_counter5                          
20200354  m_counter6                          
20200362  m_portal                            
20200370  m_refiner                           
2020037e  m_rock1                             
2020038c  m_rock2                             
2020039a  m_smelter                           
202003a8  m_todo                              
00011751  main                                
00017099  malloc                              
00014671  memalign                            
202003fa  numCounters                         
00015319  open                                
202003cc  p1                                  
202007c8  parmbuf                             
202003fb  progH                               
202003fd  progW                               
000170d5  remove                              
00014d35  setvbuf                             
202000f0  sprites                             
000157c1  strcmp                              
202007e5  toDoOpen                            
00016b6d  unlink                              
00016c39  write                               


GLOBAL SYMBOLS: SORTED BY Symbol Address 

address   name                                
-------   ----                                
00000000  __TI_ATRegion0_region_sz            
00000000  __TI_ATRegion0_src_addr             
00000000  __TI_ATRegion0_trg_addr             
00000000  __TI_ATRegion1_region_sz            
00000000  __TI_ATRegion1_src_addr             
00000000  __TI_ATRegion1_trg_addr             
00000000  __TI_ATRegion2_region_sz            
00000000  __TI_ATRegion2_src_addr             
00000000  __TI_ATRegion2_trg_addr             
00000000  __TI_static_base__                  
00000000  interruptVectors                    
00000200  __STACK_SIZE                        
00000200  __SYSMEM_SIZE                       
00011751  main                                
00012075  _ZN7Machine10updateCartEh           
00012461  _ZN7Machine13updateRefinerEh        
00012825  _ZN7Machine14updateCountersEhPS_    
00012b95  _ZN7Machine10updateRockEh           
00012ea1  _ZN7Machine13printCountersEPS_      
00013151  _ZN7Machine12printRefinerEv         
000133fd  _ZN7Machine16updateTurnInAreaEh     
00013641  _Z17ST7735_DrawBitmapssPKtss        
00013851  _ZN7Machine9printCartEv             
00013a2d  _Z15Clock_Init80MHzi                
00013be1  _Z15ST7735_DrawCharsscssh           
00013d85  _Z16ST7735_DrawCharSsscssh          
00013f25  _ZN7Machine13cartSendErrorEhh       
000141d5  _ZN7Machine15printTurnInAreaEv      
00014305  _ZN6Player8moveDownEv               
00014431  _Z8ADC_InitP10ADC12_Regsjj          
00014559  _Z15ST7735_FillRectsssst            
00014671  aligned_alloc                       
00014671  memalign                            
00014785  _ZN6Player6moveUpEv                 
0001488d  _Z8SPI_Initv                        
00014985  _Z18ST7735_SetRotationh             
00014a79  add_device                          
00014b65  _Z9UART_Initv                       
00014c4d  free                                
00014d35  setvbuf                             
00014e15  _Z10UART2_Initv                     
00014ef1  _Z14ST7735_OutCharc                 
00014fc1  _Z20ST7735_DrawFastHLinessst        
00015071  _Z20ST7735_DrawFastVLinessst        
00015121  _ZN7Machine9printRockEv             
000151cd  _Z14TimerG7_IntArmtjj               
00015317  SysTick_Handler                     
00015319  open                                
000153b9  _Z17ST7735_InitPrintfv              
00015455  _ZN6Player14checkProximityE7Machine 
000154f1  _Z12ST7735_InitR10initRFlags        
00015589  _Z15TimerG12_IntArmjj               
0001561d  _ZN8SlidePot4InitEv                 
000156a9  _ZN7MachineC1Ehhhhhhhhhh            
000156a9  _ZN7MachineC2Ehhhhhhhhhh            
00015733  __aeabi_idiv0                       
000157bd  _system_pre_init                    
000157c1  strcmp                              
00015849  _Z17ST7735_DrawStringttPcs          
000158cd  _ZN7MachineC1Ehhhhhhhhh             
000158cd  _ZN7MachineC2Ehhhhhhhhh             
0001594f  _ZN6Player16resetCoordinatesEv      
000159cf  _nop                                
000159d1  _Z14LaunchPad_Initv                 
00015a4d  __TI_closefile                      
00015ac9  __TI_decompress_lzss                
00015b45  _ZN6Player15getMachineInputE7Machine
00015bbd  UART2_IRQHandler                    
00015c31  _Z13IRxmt_SendBiti                  
00015ca5  _Z16ST7735_DrawPixelsst             
00015d15  HOSTlseek                           
00015d81  HOSTrename                          
00015ded  getdevice                           
00015ebd  _ZN7MachineC1Ehhhhhh                
00015ebd  _ZN7MachineC2Ehhhhhh                
00015f21  HOSTopen                            
00015f81  HOSTread                            
00015fd9  HOSTwrite                           
00016031  _Z10TExaS_InitP10ADC12_RegsjPFhvE   
00016089  __aeabi_idiv                        
00016089  __aeabi_idivmod                     
000160e1  _ZN6Player14printPosessionEh        
00016135  _ZN8SlidePot2InEv                   
00016189  __TI_auto_init_nobinit              
000161dd  __TI_doflush                        
000162d1  close                               
00016321  _ZN6Player8moveLeftEv               
0001636d  _ZN6Player9moveRightEv              
000163b9  HOSTclose                           
00016401  HOSTunlink                          
00016449  _Z13IRxmt_OutCharc                  
00016491  _Z14SPI_OutCommandc                 
000164d9  _ZN5Queue3GetEPc                    
00016521  _ZN5Queue3PutEc                     
00016569  TIMG7_IRQHandler                    
000165a9  _Z9SPI_Resetv                       
000165e9  __aeabi_uidiv                       
000165e9  __aeabi_uidivmod                    
000166a9  TIMG12_IRQHandler                   
000166e5  _Z10Sound_Initv                     
00016721  _Z11SPI_OutDatac                    
00016759  _Z15ActivatePortA_Bv                
00016791  _Z12ST7735_writeiPKcj               
000167c5  _Z14Clock_Delay1msj                 
000167f9  _Z16ST7735_SetCursorjj              
0001682d  __TI_cleanup                        
00016861  __TI_readmsg                        
00016895  __TI_writemsg                       
000168c1  C$$IO$$                             
000168c9  exit                                
000168fd  finddevice                          
00016931  freopen                             
00016ae5  fopen                               
00016b15  _Z17ST7735_FillScreent              
00016b6d  unlink                              
00016b99  _Z10IRxmt_Initv                     
00016bc1  _Z9ADC_StartP10ADC12_Regs           
00016c39  write                               
00016c61  _c_int00_noargs                     
00016c89  _ZN8SlidePot4SaveEj                 
00016d85  _ZN5Queue6IsFullEv                  
00016da7  _ZN8SlidePot4SyncEv                 
00016de5  ADC0_IRQHandler                     
00016de5  ADC1_IRQHandler                     
00016de5  AES_IRQHandler                      
00016de5  CANFD0_IRQHandler                   
00016de5  DAC0_IRQHandler                     
00016de5  DMA_IRQHandler                      
00016de5  Default_Handler                     
00016de5  GROUP0_IRQHandler                   
00016de5  GROUP1_IRQHandler                   
00016de5  I2C0_IRQHandler                     
00016de5  I2C1_IRQHandler                     
00016de5  NMI_Handler                         
00016de5  PendSV_Handler                      
00016de5  RTC_IRQHandler                      
00016de5  SPI0_IRQHandler                     
00016de5  SPI1_IRQHandler                     
00016de5  SVC_Handler                         
00016de5  TIMA0_IRQHandler                    
00016de5  TIMA1_IRQHandler                    
00016de5  TIMG0_IRQHandler                    
00016de5  TIMG6_IRQHandler                    
00016de5  TIMG8_IRQHandler                    
00016de5  UART0_IRQHandler                    
00016de5  UART1_IRQHandler                    
00016de5  UART3_IRQHandler                    
00016e01  HardFault_Handler                   
00016e1d  _Z12UART2_InCharv                   
00016e39  _Z9Switch_Inv                       
00016e55  _ZN6PlayerC1Ev                      
00016e55  _ZN6PlayerC2Ev                      
00016e8d  _Z11Switch_Initv                    
00016ea5  _Z11ST7735_openPKcji                
00016ebb  _Z11ST7735_readiPcj                 
00016ed1  __TI_zero_init_nomemset             
00016ee7  _ZN5Queue7IsEmptyEv                 
00016efb  _ZN6Player13setPossessionEh         
00016f0d  _ZN7Machine11setRockTypeEh          
00016f1f  _ZN7Machine9setSpriteEh             
00016f31  TI_memcpy_small                     
00016f43  __TI_decompress_none                
00016f55  _Z11Clock_Delayj                    
00016f65  _Z12UART2_Enablev                   
00016f75  _Z13UART2_Disablev                  
00016f85  _Z28TExaS_LaunchPadLogicPB27PB26v   
00016f95  _ZN5QueueC1Ev                       
00016f95  _ZN5QueueC2Ev                       
00016fe3  _Z12ST7735_lseekili                 
00016ff1  _ZN6Player7getXPosEv                
00016fff  _ZN6Player7getYPosEv                
0001700d  _ZN8SlidePotC1Ev                    
0001700d  _ZN8SlidePotC2Ev                    
00017037  TI_memset_small                     
00017045  _Z10Clock_Freqv                     
00017051  _Z13ST7735_renamePKcS0_             
0001705d  _Z5Delayj                           
00017069  _ZN6Player7getSizeEv                
00017075  _ZN8SlidePot9DistanceXEv            
00017081  _ZN8SlidePot9DistanceYEv            
0001708d  __aeabi_memclr                      
0001708d  __aeabi_memclr4                     
0001708d  __aeabi_memclr8                     
00017099  malloc                              
000170a5  _Z12ST7735_closei                   
000170af  _Z13ST7735_unlinkPKc                
000170b9  _Z8PLL_Initv                        
000170cd  __aeabi_memcpy                      
000170cd  __aeabi_memcpy4                     
000170cd  __aeabi_memcpy8                     
000170d5  remove                              
000170dd  Reset_Handler                       
000170e0  C$$EXIT                             
000170e1  abort                               
000170f0  SHT$$INIT_ARRAY$$Base               
000170f8  SHT$$INIT_ARRAY$$Limit              
000171e8  __TI_Handler_Table_Base             
000171f4  __TI_Handler_Table_Limit            
000171fc  __TI_CINIT_Base                     
0001720c  __TI_CINIT_Limit                    
0001720c  __TI_CINIT_Warm                     
20200000  __start___llvm_prf_bits             
20200000  __start___llvm_prf_cnts             
20200000  __stop___llvm_prf_bits              
20200000  __stop___llvm_prf_cnts              
20200000  _ftable                             
202000f0  sprites                             
20200178  _device                             
202001f0  _stream                             
20200240  Counters                            
20200278  FIFO2                               
202002a4  Counters2                           
202002ce  StTextColor                         
202002e4  m_anvil                             
202002f2  m_cart1                             
20200300  m_cart2                             
2020030e  m_counter1                          
2020031c  m_counter2                          
2020032a  m_counter3                          
20200338  m_counter4                          
20200346  m_counter5                          
20200354  m_counter6                          
20200362  m_portal                            
20200370  m_refiner                           
2020037e  m_rock1                             
2020038c  m_rock2                             
2020039a  m_smelter                           
202003a8  m_todo                              
202003b8  Sensor                              
202003c4  __TI_cleanup_ptr                    
202003c8  __TI_dtors_ptr                      
202003cc  p1                                  
202003d4  BusFreq                             
202003d8  StX                                 
202003dc  StY                                 
202003e0  __TI_ft_end                         
202003e4  _lock                               
202003e8  _unlock                             
202003f9  input                               
202003fa  numCounters                         
202003fb  progH                               
202003fd  progW                               
20200408  _sys_memory                         
20200608  _CIOBUF_                            
20200608  __CIOBUF_                           
20200728  __TI_tmpnams                        
202007c8  parmbuf                             
202007d0  LostData                            
202007d4  TExaSLogic                          
202007d8  TExaSadc                            
202007e4  buttons                             
202007e5  toDoOpen                            
20207e00  __stack                             
20208000  __STACK_END                         
ffffffff  __TI_pprof_out_hndl                 
ffffffff  __TI_prof_data_size                 
ffffffff  __TI_prof_data_start                
ffffffff  __binit__                           
ffffffff  binit                               
UNDEFED   __mpu_init                          
UNDEFED   _system_post_cinit                  

[261 symbols]
