******************************************************************************
            TI ARM Clang Linker PC v4.0.1                      
******************************************************************************
>> Linked Mon Apr 14 21:04:26 2025

OUTPUT FILE NAME:   <MadMines.out>
ENTRY POINT SYMBOL: "_c_int00_noargs"  address: 0000ac19


MEMORY CONFIGURATION

         name            origin    length      used     unused   attr    fill
----------------------  --------  ---------  --------  --------  ----  --------
  FLASH                 00000000   00020000  0000b090  00014f70  R  X
  SRAM                  20200000   00008000  00000880  00007780  RW X
  BCR_CONFIG            41c00000   00000080  00000000  00000080  R   
  BSL_CONFIG            41c00100   00000080  00000000  00000080  R   


SEGMENT ALLOCATION MAP

run origin  load origin   length   init length attrs members
----------  ----------- ---------- ----------- ----- -------
00000000    00000000    0000b090   0000b090    r-x
  00000000    00000000    000000c0   000000c0    r-- .intvecs
  000000c0    000000c0    00007cb0   00007cb0    r-- .rodata
  00007d70    00007d70    00003220   00003220    r-x .text
  0000af90    0000af90    00000008   00000008    r-- .init_array
  0000af98    0000af98    000000f8   000000f8    r-- .cinit
20200000    20200000    00000687   00000000    rw-
  20200000    20200000    000002a1   00000000    rw- .data
  202002a8    202002a8    00000200   00000000    rw- .sysmem
  202004a8    202004a8    000001df   00000000    rw- .bss
20207e00    20207e00    00000200   00000000    rw-
  20207e00    20207e00    00000200   00000000    rw- .stack


SECTION ALLOCATION MAP

 output                                  attributes/
section   page    origin      length       input sections
--------  ----  ----------  ----------   ----------------
.intvecs   0    00000000    000000c0     
                  00000000    000000c0     startup_mspm0g3507_ticlang.o (.intvecs)

.binit     0    00000000    00000000     

.text      0    00007d70    00003220     
                  00007d70    00000328     Lab9HMain.o (.text.main)
                  00008098    00000210     ST7735.o (.text._Z17ST7735_DrawBitmapssPKtss)
                  000082a8    000001b4     Clock.o (.text._Z15Clock_Init80MHzi)
                  0000845c    000001a0     ST7735.o (.text._Z16ST7735_DrawCharSsscssh)
                  000085fc    0000015c     Machine.o (.text._ZN7Machine10updateRockEh)
                  00008758    00000154     libc.a : fopen.c.obj (.text._openfile)
                  000088ac    0000012c     Player.o (.text._ZN6Player8moveDownEv)
                  000089d8    00000128     TExaS.o (.text._Z8ADC_InitP10ADC12_Regsjj)
                  00008b00    00000118     ST7735.o (.text._Z15ST7735_FillRectsssst)
                  00008c18    00000114     libc.a : memory.c.obj (.text.aligned_alloc)
                  00008d2c    00000108     Player.o (.text._ZN6Player6moveUpEv)
                  00008e34    00000108     Machine.o (.text._ZN7Machine11updateAnvilEh)
                  00008f3c    000000f8     SPI.o (.text._Z8SPI_Initv)
                  00009034    000000f4     ST7735.o (.text._Z18ST7735_SetRotationh)
                  00009128    000000ec     libsysbm.a : add_device.c.obj (.text.add_device)
                  00009214    000000e8     TExaS.o (.text._Z9UART_Initv)
                  000092fc    000000e8     libc.a : memory.c.obj (.text.free)
                  000093e4    000000e0            : setvbuf.c.obj (.text.setvbuf)
                  000094c4    000000d0     ST7735.o (.text._Z14ST7735_OutCharc)
                  00009594    000000b0     ST7735.o (.text._Z20ST7735_DrawFastHLinessst)
                  00009644    000000b0     ST7735.o (.text._Z20ST7735_DrawFastVLinessst)
                  000096f4    000000a8     Timer.o (.text._Z14TimerG7_IntArmtjj)
                  0000979c    000000a6     Player.o (.text._ZN6Player14checkProximityE7Machine)
                  00009842    000000a6     Player.o (.text._ZN6Player15getMachineInputE7Machine)
                  000098e8    000000a2     ST7735.o (.text._ZL11commandListPKh)
                  0000998a    00000002     Sound.o (.text.SysTick_Handler)
                  0000998c    000000a0     libsysbm.a : open.c.obj (.text.open)
                  00009a2c    0000009c     ST7735.o (.text._Z17ST7735_InitPrintfv)
                  00009ac8    00000098     ST7735.o (.text._Z12ST7735_InitR10initRFlags)
                  00009b60    00000094     Timer.o (.text._Z15TimerG12_IntArmjj)
                  00009bf4    0000008c     SlidePot.o (.text._ZN8SlidePot4InitEv)
                  00009c80    00000088     ST7735.o (.text._ZL13setAddrWindowhhhh)
                  00009d08    00000008     libclang_rt.builtins.a : aeabi_memcpy.S.obj (.text.__aeabi_memcpy)
                  00009d10    00000088     libc.a : strcmp-armv6m.S.obj (.text:strcmp)
                  00009d98    00000084     ST7735.o (.text._Z17ST7735_DrawStringttPcs)
                  00009e1c    00000080     Player.o (.text._ZN6Player16resetCoordinatesEv)
                  00009e9c    0000007c     LaunchPad.o (.text._Z14LaunchPad_Initv)
                  00009f18    0000007c     libc.a : fclose.c.obj (.text.__TI_closefile)
                  00009f94    0000007c            : copy_decompress_lzss.c.obj (.text:decompress:lzss)
                  0000a010    00000070     ST7735.o (.text._Z16ST7735_DrawPixelsst)
                  0000a080    00000070     Machine.o (.text._ZN7Machine10printAnvilEh)
                  0000a0f0    00000070     Machine.o (.text._ZN7Machine9printRockEh)
                  0000a160    0000006c     libsysbm.a : hostlseek.c.obj (.text.HOSTlseek)
                  0000a1cc    0000006c                : hostrename.c.obj (.text.HOSTrename)
                  0000a238    0000006c     libc.a : getdevice.c.obj (.text.getdevice)
                  0000a2a4    00000064            : memory.c.obj (.text.split)
                  0000a308    00000060     libsysbm.a : hostopen.c.obj (.text.HOSTopen)
                  0000a368    00000058                : hostread.c.obj (.text.HOSTread)
                  0000a3c0    00000058                : hostwrite.c.obj (.text.HOSTwrite)
                  0000a418    00000058     TExaS.o (.text._Z10TExaS_InitP10ADC12_RegsjPFhvE)
                  0000a470    00000054     SlidePot.o (.text._ZN8SlidePot2InEv)
                  0000a4c4    00000054     libc.a : autoinit.c.obj (.text:__TI_auto_init_nobinit)
                  0000a518    00000052            : fflush.c.obj (.text.__TI_doflush)
                  0000a56a    00000002     Sound.o (.text._Z10Sound_Initv)
                  0000a56c    00000050     libsysbm.a : close.c.obj (.text.close)
                  0000a5bc    0000004c     Player.o (.text._ZN6Player8moveLeftEv)
                  0000a608    0000004c     Player.o (.text._ZN6Player9moveRightEv)
                  0000a654    00000048     libsysbm.a : hostclose.c.obj (.text.HOSTclose)
                  0000a69c    00000048                : hostunlink.c.obj (.text.HOSTunlink)
                  0000a6e4    00000048     SPI.o (.text._Z14SPI_OutCommandc)
                  0000a72c    00000040     TExaS.o (.text.TIMG7_IRQHandler)
                  0000a76c    00000040     SPI.o (.text._Z9SPI_Resetv)
                  0000a7ac    00000040     libclang_rt.builtins.a : aeabi_uidivmod.S.obj (.text.__aeabi_uidivmod)
                  0000a7ec    00000040     libc.a : fopen.c.obj (.text._search_fp)
                  0000a82c    0000003c     Lab9HMain.o (.text.TIMG12_IRQHandler)
                  0000a868    0000003a     Machine.o (.text._ZN7MachineC2Ehhhh)
                  0000a8a2    00000002     libclang_rt.builtins.a : aeabi_div0.c.obj (.text.__aeabi_idiv0)
                  0000a8a4    00000038     SPI.o (.text._Z11SPI_OutDatac)
                  0000a8dc    00000038     LaunchPad.o (.text._Z15ActivatePortA_Bv)
                  0000a914    00000034     ST7735.o (.text._Z12ST7735_writeiPKcj)
                  0000a948    00000034     Clock.o (.text._Z14Clock_Delay1msj)
                  0000a97c    00000034     ST7735.o (.text._Z16ST7735_SetCursorjj)
                  0000a9b0    00000034     libc.a : fopen.c.obj (.text.__TI_cleanup)
                  0000a9e4    00000034     libsysbm.a : trgmsg.c.obj (.text.__TI_readmsg)
                  0000aa18    00000034                : trgmsg.c.obj (.text.__TI_writemsg)
                  0000aa4c    00000034     libc.a : exit.c.obj (.text.exit)
                  0000aa80    00000034            : getdevice.c.obj (.text.finddevice)
                  0000aab4    00000034            : fopen.c.obj (.text.freopen)
                  0000aae8    00000030     ST7735.o (.text._ZL10commonInitPKh)
                  0000ab18    00000030     libc.a : fopen.c.obj (.text.fopen)
                  0000ab48    0000002c     ST7735.o (.text._Z17ST7735_FillScreent)
                  0000ab74    0000002c     libsysbm.a : unlink.c.obj (.text.unlink)
                  0000aba0    00000028     TExaS.o (.text._Z9ADC_StartP10ADC12_Regs)
                  0000abc8    00000028     libc.a : memory.c.obj (.text.free_list_insert)
                  0000abf0    00000028     libsysbm.a : write.c.obj (.text.write)
                  0000ac18    00000028     libc.a : boot_cortex_m.c.obj (.text:_c_int00_noargs)
                  0000ac40    00000024     SlidePot.o (.text._ZN8SlidePot4SaveEj)
                  0000ac64    00000020     Machine.o (.text._Z8Random32v)
                  0000ac84    00000020     SlidePot.o (.text._ZN8SlidePot4SyncEv)
                  0000aca4    0000001e     ST7735.o (.text._ZL9pushColort)
                  0000acc2    00000002     libc.a : _lock.c.obj (.text._nop)
                  0000acc4    0000001c     startup_mspm0g3507_ticlang.o (.text.Default_Handler)
                  0000ace0    0000001c     startup_mspm0g3507_ticlang.o (.text.HardFault_Handler)
                  0000acfc    0000001c     Switch.o (.text._Z9Switch_Inv)
                  0000ad18    0000001c     Player.o (.text._ZN6PlayerC2Ev)
                  0000ad34    0000001c     Lab9HMain.o (.text.__cxx_global_var_init.2)
                  0000ad50    0000001c     Lab9HMain.o (.text.__cxx_global_var_init.3)
                  0000ad6c    0000001c     Lab9HMain.o (.text.__cxx_global_var_init.4)
                  0000ad88    0000001c     libc.a : memory.c.obj (.text.free_list_remove)
                  0000ada4    00000018     Lab9HMain.o (.text._GLOBAL__sub_I_Lab9HMain.cpp)
                  0000adbc    00000018     Switch.o (.text._Z11Switch_Initv)
                  0000add4    00000016     ST7735.o (.text._Z11ST7735_openPKcji)
                  0000adea    00000016     ST7735.o (.text._Z11ST7735_readiPcj)
                  0000ae00    00000016     libc.a : copy_zero_init.c.obj (.text:decompress:ZI:__TI_zero_init_nomemset)
                  0000ae16    00000012     Player.o (.text._ZN6Player13setPossessionEh)
                  0000ae28    00000012     libc.a : memcpy16.S.obj (.text:TI_memcpy_small)
                  0000ae3a    00000012            : copy_decompress_none.c.obj (.text:decompress:none)
                  0000ae4c    00000010     Clock.o (.text._Z11Clock_Delayj)
                  0000ae5c    00000010     Lab9HMain.o (.text._Z28TExaS_LaunchPadLogicPB27PB26v)
                  0000ae6c    00000010     Lab9HMain.o (.text.__cxx_global_var_init.1)
                  0000ae7c    00000010     Lab9HMain.o (.text.__cxx_global_var_init)
                  0000ae8c    0000000e     libc.a : memory.c.obj (.text.OUTLINED_FUNCTION_0)
                  0000ae9a    0000000e     ST7735.o (.text._Z12ST7735_lseekili)
                  0000aea8    0000000e     Player.o (.text._ZN6Player7getXPosEv)
                  0000aeb6    0000000e     Player.o (.text._ZN6Player7getYPosEv)
                  0000aec4    0000000e     SlidePot.o (.text._ZN8SlidePotC2Ev)
                  0000aed2    0000000e     libsysbm.a : hostrename.c.obj (.text.strcpy)
                  0000aee0    0000000e                : hostrename.c.obj (.text.strlen)
                  0000aeee    0000000e     libc.a : memset16.S.obj (.text:TI_memset_small)
                  0000aefc    0000000c     Clock.o (.text._Z10Clock_Freqv)
                  0000af08    0000000c     ST7735.o (.text._Z13ST7735_renamePKcS0_)
                  0000af14    0000000c     Player.o (.text._ZN6Player7getSizeEv)
                  0000af20    0000000c     SlidePot.o (.text._ZN8SlidePot9DistanceXEv)
                  0000af2c    0000000c     SlidePot.o (.text._ZN8SlidePot9DistanceYEv)
                  0000af38    0000000c     libclang_rt.builtins.a : aeabi_memset.S.obj (.text.__aeabi_memclr)
                  0000af44    0000000c     libc.a : memory.c.obj (.text.malloc)
                  0000af50    0000000a     ST7735.o (.text._Z12ST7735_closei)
                  0000af5a    0000000a     ST7735.o (.text._Z13ST7735_unlinkPKc)
                  0000af64    0000000a     Lab9HMain.o (.text._Z8PLL_Initv)
                  0000af6e    00000008     libsysbm.a : remove.c.obj (.text.remove)
                  0000af76    00000004     startup_mspm0g3507_ticlang.o (.text.Reset_Handler)
                  0000af7a    00000004     libc.a : pre_init.c.obj (.text._system_pre_init)
                  0000af7e    00000004            : exit.c.obj (.text:abort)
                  0000af82    0000000e     --HOLE-- [fill = 0]

.cinit     0    0000af98    000000f8     
                  0000af98    000000d3     (.cinit..data.load) [load image, compression = lzss]
                  0000b06b    00000001     --HOLE-- [fill = 0]
                  0000b06c    0000000c     (__TI_handler_table)
                  0000b078    00000008     (.cinit..bss.load) [load image, compression = zero_init]
                  0000b080    00000010     (__TI_cinit_table)

.rodata    0    000000c0    00007cb0     
                  000000c0    00000f78     Machine.o (.rodata._ZL12anvilWorking)
                  00001038    00000f78     Machine.o (.rodata._ZL14anvilHighlight)
                  00001fb0    00000f78     Machine.o (.rodata._ZL5anvil)
                  00002f28    00000bb0     Machine.o (.rodata._ZL11workingRock)
                  00003ad8    00000bb0     Machine.o (.rodata._ZL13highlightRock)
                  00004688    00000bb0     Machine.o (.rodata._ZL4rock)
                  00005238    00000882     Lab9HMain.o (.rodata._ZL5miner)
                  00005aba    000004fb     ST7735.o (.rodata._ZL4Font)
                  00005fb5    00000001     --HOLE-- [fill = 0]
                  00005fb6    00000348     Lab9HMain.o (.rodata._ZL5watch)
                  000062fe    00000320     Lab9HMain.o (.rodata._ZL5trash)
                  0000661e    000002d2     Lab9HMain.o (.rodata._ZL5sword)
                  000068f0    000002ac     Lab9HMain.o (.rodata._ZL3key)
                  00006b9c    000002a0     Lab9HMain.o (.rodata._ZL6shield)
                  00006e3c    00000220     Lab9HMain.o (.rodata._ZL4ring)
                  0000705c    0000018c     Lab9HMain.o (.rodata._ZL10rawDiamond)
                  000071e8    0000018c     Lab9HMain.o (.rodata._ZL10rawEmerald)
                  00007374    0000018c     Lab9HMain.o (.rodata._ZL7rawGold)
                  00007500    0000018c     Lab9HMain.o (.rodata._ZL7rawRuby)
                  0000768c    0000018c     Lab9HMain.o (.rodata._ZL9rawSilver)
                  00007818    0000010e     Lab9HMain.o (.rodata._ZL4gold)
                  00007926    0000010e     Lab9HMain.o (.rodata._ZL6silver)
                  00007a34    000000d8     Lab9HMain.o (.rodata._ZL4Ruby)
                  00007b0c    000000d8     Lab9HMain.o (.rodata._ZL7Diamond)
                  00007be4    000000d8     Lab9HMain.o (.rodata._ZL7Emerald)
                  00007cbc    0000003b     ST7735.o (.rodata._ZL5Rcmd1)
                  00007cf7    0000002b     ST7735.o (.rodata._ZL5Rcmd3)
                  00007d22    00000016     ST7735.o (.rodata.str1.43788427057889536241)
                  00007d38    0000000d     ST7735.o (.rodata._ZL10Rcmd2green)
                  00007d45    0000000d     ST7735.o (.rodata._ZL8Rcmd2red)
                  00007d52    00000008     ST7735.o (.rodata.str1.54535931475021008601)
                  00007d5a    00000007     ST7735.o (.rodata.str1.103567388005067375301)
                  00007d61    00000007     ST7735.o (.rodata.str1.132933244321656697041)
                  00007d68    00000002     ST7735.o (.rodata.str1.18657686242476325171)
                  00007d6a    00000006     --HOLE-- [fill = 0]

.init_array 
*          0    0000af90    00000008     
                  0000af90    00000004     Lab9HMain.o (.init_array)
                  0000af94    00000004     --HOLE-- [fill = 0]

.data      0    20200000    000002a1     UNINITIALIZED
                  20200000    000000f0     libc.a : defs.c.obj (.data._ftable)
                  202000f0    00000088     Lab9HMain.o (.data.sprites)
                  20200178    00000078     libsysbm.a : host_device.c.obj (.data._device)
                  202001f0    00000050                : host_device.c.obj (.data._stream)
                  20200240    0000000c     Lab9HMain.o (.data.Sensor)
                  2020024c    00000008     libc.a : exit.c.obj (.data..L_MergedGlobals)
                  20200254    00000008     Lab9HMain.o (.data.m_anvil)
                  2020025c    00000008     Lab9HMain.o (.data.m_refiner)
                  20200264    00000008     Lab9HMain.o (.data.m_rock)
                  2020026c    00000008     Lab9HMain.o (.data.p1)
                  20200274    00000004     Clock.o (.data.BusFreq)
                  20200278    00000004     Machine.o (.data.M)
                  2020027c    00000004     ST7735.o (.data.StX)
                  20200280    00000004     ST7735.o (.data.StY)
                  20200284    00000004     libc.a : defs.c.obj (.data.__TI_ft_end)
                  20200288    00000004            : _lock.c.obj (.data._lock)
                  2020028c    00000004            : _lock.c.obj (.data._unlock)
                  20200290    00000002     ST7735.o (.data.StTextColor)
                  20200292    00000002     ST7735.o (.data._ZL6_width)
                  20200294    00000002     ST7735.o (.data._ZL7_height)
                  20200296    00000001     Machine.o (.data._ZZN7Machine10updateRockEhE10wasWorking)
                  20200297    00000001     Lab9HMain.o (.data.input)
                  20200298    00000001     libsysbm.a : add_device.c.obj (.data.add_device.device_init)
                  20200299    00000003     --HOLE--
                  2020029c    00000001     libc.a : memory.c.obj (.data.memory_is_initialized)
                  2020029d    00000003     --HOLE--
                  202002a0    00000001     libsysbm.a : open.c.obj (.data.open.stream_init)

.sysmem    0    202002a8    00000200     UNINITIALIZED
                  202002a8    00000010     libc.a : memory.c.obj (.sysmem)
                  202002b8    000001f0     --HOLE--

.bss       0    202004a8    000001df     UNINITIALIZED
                  202004a8    00000120     libsysbm.a : trgmsg.c.obj (.bss:_CIOBUF_)
                  202005c8    000000a0     libc.a : defs.c.obj (.bss.__TI_tmpnams)
                  20200668    00000008     libsysbm.a : hostopen.c.obj (.bss.parmbuf)
                  20200670    00000005     Machine.o (.bss._ZZN7Machine11updateAnvilEhE10AnvilItems)
                  20200675    00000001     ST7735.o (.bss._ZL8ColStart)
                  20200676    00000001     ST7735.o (.bss._ZL8Rotation)
                  20200677    00000001     ST7735.o (.bss._ZL8RowStart)
                  20200678    00000004     TExaS.o (.bss.TExaSLogic)
                  2020067c    00000004     TExaS.o (.bss.TExaSadc)
                  20200680    00000004     libc.a : memory.c.obj (.bss.sys_free)
                  20200684    00000001     ST7735.o (.bss._ZL8TabColor)
                  20200685    00000001     Machine.o (.bss._ZZN7Machine11updateAnvilEhE11anvilLength)
                  20200686    00000001     Lab9HMain.o (.bss.buttons)

.stack     0    20207e00    00000200     UNINITIALIZED
                  20207e00    00000004     libc.a : boot_cortex_m.c.obj (.stack)
                  20207e04    000001fc     --HOLE--

__llvm_prf_cnts 
*          0    20200000    00000000     UNINITIALIZED

__llvm_prf_bits 
*          0    20200000    00000000     UNINITIALIZED

MODULE SUMMARY

       Module                         code    ro data   rw data
       ------                         ----    -------   -------
    .\
       Machine.o                      926     20856     11     
       Lab9HMain.o                    1034    9612      182    
       ST7735.o                       3194    1449      18     
       Player.o                       1262    0         0      
       TExaS.o                        720     0         8      
       Clock.o                        516     0         4      
       SPI.o                          440     0         0      
       SlidePot.o                     330     0         0      
       Timer.o                        316     0         0      
       LaunchPad.o                    180     0         0      
       Switch.o                       52      0         0      
       Sound.o                        4       0         0      
    +--+------------------------------+-------+---------+---------+
       Total:                         8974    31917     223    
                                                               
    .\ticlang\
       startup_mspm0g3507_ticlang.o   60      192       0      
    +--+------------------------------+-------+---------+---------+
       Total:                         60      192       0      
                                                               
    C:\ti\ccs\tools\compiler\ti-cgt-armllvm_4.0.1.LTS\lib\armv6m-ti-none-eabi/c/libc.a
       memory.c.obj                   702     0         5      
       fopen.c.obj                    556     0         0      
       defs.c.obj                     0       0         404    
       setvbuf.c.obj                  224     0         0      
       getdevice.c.obj                160     0         0      
       strcmp-armv6m.S.obj            136     0         0      
       copy_decompress_lzss.c.obj     124     0         0      
       fclose.c.obj                   124     0         0      
       autoinit.c.obj                 84      0         0      
       fflush.c.obj                   82      0         0      
       exit.c.obj                     56      0         8      
       boot_cortex_m.c.obj            40      0         0      
       copy_zero_init.c.obj           22      0         0      
       copy_decompress_none.c.obj     18      0         0      
       memcpy16.S.obj                 18      0         0      
       memset16.S.obj                 14      0         0      
       _lock.c.obj                    2       0         8      
       pre_init.c.obj                 4       0         0      
    +--+------------------------------+-------+---------+---------+
       Total:                         2366    0         425    
                                                               
    C:\ti\ccs\tools\compiler\ti-cgt-armllvm_4.0.1.LTS\lib\armv6m-ti-none-eabi/c/libsysbm.a
       trgmsg.c.obj                   104     0         288    
       add_device.c.obj               236     0         1      
       host_device.c.obj              0       0         200    
       open.c.obj                     160     0         1      
       hostrename.c.obj               136     0         0      
       hostlseek.c.obj                108     0         0      
       hostopen.c.obj                 96      0         8      
       hostread.c.obj                 88      0         0      
       hostwrite.c.obj                88      0         0      
       close.c.obj                    80      0         0      
       hostclose.c.obj                72      0         0      
       hostunlink.c.obj               72      0         0      
       unlink.c.obj                   44      0         0      
       write.c.obj                    40      0         0      
       remove.c.obj                   8       0         0      
    +--+------------------------------+-------+---------+---------+
       Total:                         1332    0         498    
                                                               
    C:\ti\ccs\tools\compiler\ti-cgt-armllvm_4.0.1.LTS\lib\armv6m-ti-none-eabi/libclang_rt.builtins.a
       aeabi_uidivmod.S.obj           64      0         0      
       aeabi_memset.S.obj             12      0         0      
       aeabi_memcpy.S.obj             8       0         0      
       aeabi_div0.c.obj               2       0         0      
    +--+------------------------------+-------+---------+---------+
       Total:                         86      0         0      
                                                               
       Heap:                          0       0         512    
       Stack:                         0       0         512    
       Linker Generated:              0       247       0      
    +--+------------------------------+-------+---------+---------+
       Grand Total:                   12818   32356     2170   


LINKER GENERATED COPY TABLES

__TI_cinit_table @ 0000b080 records: 2, size/record: 8, table size: 16
	.data: load addr=0000af98, load size=000000d3 bytes, run addr=20200000, run size=000002a1 bytes, compression=lzss
	.bss: load addr=0000b078, load size=00000008 bytes, run addr=202004a8, run size=000001df bytes, compression=zero_init


LINKER GENERATED HANDLER TABLE

__TI_handler_table @ 0000b06c records: 3, size/record: 4, table size: 12
	index: 0, handler: __TI_decompress_lzss
	index: 1, handler: __TI_decompress_none
	index: 2, handler: __TI_zero_init


GLOBAL SYMBOLS: SORTED ALPHABETICALLY BY Name 

address   name                                
-------   ----                                
0000acc5  ADC0_IRQHandler                     
0000acc5  ADC1_IRQHandler                     
0000acc5  AES_IRQHandler                      
20200274  BusFreq                             
0000af7e  C$$EXIT                             
0000aa45  C$$IO$$                             
0000acc5  CANFD0_IRQHandler                   
0000acc5  DAC0_IRQHandler                     
0000acc5  DMA_IRQHandler                      
0000acc5  Default_Handler                     
0000acc5  GROUP0_IRQHandler                   
0000acc5  GROUP1_IRQHandler                   
0000a655  HOSTclose                           
0000a161  HOSTlseek                           
0000a309  HOSTopen                            
0000a369  HOSTread                            
0000a1cd  HOSTrename                          
0000a69d  HOSTunlink                          
0000a3c1  HOSTwrite                           
0000ace1  HardFault_Handler                   
0000acc5  I2C0_IRQHandler                     
0000acc5  I2C1_IRQHandler                     
20200278  M                                   
0000acc5  NMI_Handler                         
0000acc5  PendSV_Handler                      
0000acc5  RTC_IRQHandler                      
0000af77  Reset_Handler                       
0000af90  SHT$$INIT_ARRAY$$Base               
0000af94  SHT$$INIT_ARRAY$$Limit              
0000acc5  SPI0_IRQHandler                     
0000acc5  SPI1_IRQHandler                     
0000acc5  SVC_Handler                         
20200240  Sensor                              
20200290  StTextColor                         
2020027c  StX                                 
20200280  StY                                 
0000998b  SysTick_Handler                     
20200678  TExaSLogic                          
2020067c  TExaSadc                            
0000acc5  TIMA0_IRQHandler                    
0000acc5  TIMA1_IRQHandler                    
0000acc5  TIMG0_IRQHandler                    
0000a82d  TIMG12_IRQHandler                   
0000acc5  TIMG6_IRQHandler                    
0000a72d  TIMG7_IRQHandler                    
0000acc5  TIMG8_IRQHandler                    
0000ae29  TI_memcpy_small                     
0000aeef  TI_memset_small                     
0000acc5  UART0_IRQHandler                    
0000acc5  UART1_IRQHandler                    
0000acc5  UART2_IRQHandler                    
0000acc5  UART3_IRQHandler                    
202004a8  _CIOBUF_                            
0000aefd  _Z10Clock_Freqv                     
0000a56b  _Z10Sound_Initv                     
0000a419  _Z10TExaS_InitP10ADC12_RegsjPFhvE   
0000ae4d  _Z11Clock_Delayj                    
0000a8a5  _Z11SPI_OutDatac                    
0000add5  _Z11ST7735_openPKcji                
0000adeb  _Z11ST7735_readiPcj                 
0000adbd  _Z11Switch_Initv                    
00009ac9  _Z12ST7735_InitR10initRFlags        
0000af51  _Z12ST7735_closei                   
0000ae9b  _Z12ST7735_lseekili                 
0000a915  _Z12ST7735_writeiPKcj               
0000af09  _Z13ST7735_renamePKcS0_             
0000af5b  _Z13ST7735_unlinkPKc                
0000a949  _Z14Clock_Delay1msj                 
00009e9d  _Z14LaunchPad_Initv                 
0000a6e5  _Z14SPI_OutCommandc                 
000094c5  _Z14ST7735_OutCharc                 
000096f5  _Z14TimerG7_IntArmtjj               
0000a8dd  _Z15ActivatePortA_Bv                
000082a9  _Z15Clock_Init80MHzi                
00008b01  _Z15ST7735_FillRectsssst            
00009b61  _Z15TimerG12_IntArmjj               
0000845d  _Z16ST7735_DrawCharSsscssh          
0000a011  _Z16ST7735_DrawPixelsst             
0000a97d  _Z16ST7735_SetCursorjj              
00008099  _Z17ST7735_DrawBitmapssPKtss        
00009d99  _Z17ST7735_DrawStringttPcs          
0000ab49  _Z17ST7735_FillScreent              
00009a2d  _Z17ST7735_InitPrintfv              
00009035  _Z18ST7735_SetRotationh             
00009595  _Z20ST7735_DrawFastHLinessst        
00009645  _Z20ST7735_DrawFastVLinessst        
0000ae5d  _Z28TExaS_LaunchPadLogicPB27PB26v   
000089d9  _Z8ADC_InitP10ADC12_Regsjj          
0000af65  _Z8PLL_Initv                        
0000ac65  _Z8Random32v                        
00008f3d  _Z8SPI_Initv                        
0000aba1  _Z9ADC_StartP10ADC12_Regs           
0000a76d  _Z9SPI_Resetv                       
0000acfd  _Z9Switch_Inv                       
00009215  _Z9UART_Initv                       
0000ae17  _ZN6Player13setPossessionEh         
0000979d  _ZN6Player14checkProximityE7Machine 
00009843  _ZN6Player15getMachineInputE7Machine
00009e1d  _ZN6Player16resetCoordinatesEv      
00008d2d  _ZN6Player6moveUpEv                 
0000af15  _ZN6Player7getSizeEv                
0000aea9  _ZN6Player7getXPosEv                
0000aeb7  _ZN6Player7getYPosEv                
000088ad  _ZN6Player8moveDownEv               
0000a5bd  _ZN6Player8moveLeftEv               
0000a609  _ZN6Player9moveRightEv              
0000ad19  _ZN6PlayerC1Ev                      
0000ad19  _ZN6PlayerC2Ev                      
0000a081  _ZN7Machine10printAnvilEh           
000085fd  _ZN7Machine10updateRockEh           
00008e35  _ZN7Machine11updateAnvilEh          
0000a0f1  _ZN7Machine9printRockEh             
0000a869  _ZN7MachineC1Ehhhh                  
0000a869  _ZN7MachineC2Ehhhh                  
0000a471  _ZN8SlidePot2InEv                   
00009bf5  _ZN8SlidePot4InitEv                 
0000ac41  _ZN8SlidePot4SaveEj                 
0000ac85  _ZN8SlidePot4SyncEv                 
0000af21  _ZN8SlidePot9DistanceXEv            
0000af2d  _ZN8SlidePot9DistanceYEv            
0000aec5  _ZN8SlidePotC1Ev                    
0000aec5  _ZN8SlidePotC2Ev                    
202004a8  __CIOBUF_                           
20208000  __STACK_END                         
00000200  __STACK_SIZE                        
00000200  __SYSMEM_SIZE                       
00000000  __TI_ATRegion0_region_sz            
00000000  __TI_ATRegion0_src_addr             
00000000  __TI_ATRegion0_trg_addr             
00000000  __TI_ATRegion1_region_sz            
00000000  __TI_ATRegion1_src_addr             
00000000  __TI_ATRegion1_trg_addr             
00000000  __TI_ATRegion2_region_sz            
00000000  __TI_ATRegion2_src_addr             
00000000  __TI_ATRegion2_trg_addr             
0000b080  __TI_CINIT_Base                     
0000b090  __TI_CINIT_Limit                    
0000b090  __TI_CINIT_Warm                     
0000b06c  __TI_Handler_Table_Base             
0000b078  __TI_Handler_Table_Limit            
0000a4c5  __TI_auto_init_nobinit              
0000a9b1  __TI_cleanup                        
2020024c  __TI_cleanup_ptr                    
00009f19  __TI_closefile                      
00009f95  __TI_decompress_lzss                
0000ae3b  __TI_decompress_none                
0000a519  __TI_doflush                        
20200250  __TI_dtors_ptr                      
20200284  __TI_ft_end                         
ffffffff  __TI_pprof_out_hndl                 
ffffffff  __TI_prof_data_size                 
ffffffff  __TI_prof_data_start                
0000a9e5  __TI_readmsg                        
00000000  __TI_static_base__                  
202005c8  __TI_tmpnams                        
0000aa19  __TI_writemsg                       
0000ae01  __TI_zero_init_nomemset             
0000a8a3  __aeabi_idiv0                       
0000af39  __aeabi_memclr                      
0000af39  __aeabi_memclr4                     
0000af39  __aeabi_memclr8                     
00009d09  __aeabi_memcpy                      
00009d09  __aeabi_memcpy4                     
00009d09  __aeabi_memcpy8                     
0000a7ad  __aeabi_uidiv                       
0000a7ad  __aeabi_uidivmod                    
ffffffff  __binit__                           
UNDEFED   __mpu_init                          
20207e00  __stack                             
20200000  __start___llvm_prf_bits             
20200000  __start___llvm_prf_cnts             
20200000  __stop___llvm_prf_bits              
20200000  __stop___llvm_prf_cnts              
0000ac19  _c_int00_noargs                     
20200178  _device                             
20200000  _ftable                             
20200288  _lock                               
0000acc3  _nop                                
202001f0  _stream                             
202002a8  _sys_memory                         
UNDEFED   _system_post_cinit                  
0000af7b  _system_pre_init                    
2020028c  _unlock                             
0000af7f  abort                               
00009129  add_device                          
00008c19  aligned_alloc                       
ffffffff  binit                               
20200686  buttons                             
0000a56d  close                               
0000aa4d  exit                                
0000aa81  finddevice                          
0000ab19  fopen                               
000092fd  free                                
0000aab5  freopen                             
0000a239  getdevice                           
20200297  input                               
00000000  interruptVectors                    
20200254  m_anvil                             
2020025c  m_refiner                           
20200264  m_rock                              
00007d71  main                                
0000af45  malloc                              
00008c19  memalign                            
0000998d  open                                
2020026c  p1                                  
20200668  parmbuf                             
0000af6f  remove                              
000093e5  setvbuf                             
202000f0  sprites                             
00009d11  strcmp                              
0000ab75  unlink                              
0000abf1  write                               


GLOBAL SYMBOLS: SORTED BY Symbol Address 

address   name                                
-------   ----                                
00000000  __TI_ATRegion0_region_sz            
00000000  __TI_ATRegion0_src_addr             
00000000  __TI_ATRegion0_trg_addr             
00000000  __TI_ATRegion1_region_sz            
00000000  __TI_ATRegion1_src_addr             
00000000  __TI_ATRegion1_trg_addr             
00000000  __TI_ATRegion2_region_sz            
00000000  __TI_ATRegion2_src_addr             
00000000  __TI_ATRegion2_trg_addr             
00000000  __TI_static_base__                  
00000000  interruptVectors                    
00000200  __STACK_SIZE                        
00000200  __SYSMEM_SIZE                       
00007d71  main                                
00008099  _Z17ST7735_DrawBitmapssPKtss        
000082a9  _Z15Clock_Init80MHzi                
0000845d  _Z16ST7735_DrawCharSsscssh          
000085fd  _ZN7Machine10updateRockEh           
000088ad  _ZN6Player8moveDownEv               
000089d9  _Z8ADC_InitP10ADC12_Regsjj          
00008b01  _Z15ST7735_FillRectsssst            
00008c19  aligned_alloc                       
00008c19  memalign                            
00008d2d  _ZN6Player6moveUpEv                 
00008e35  _ZN7Machine11updateAnvilEh          
00008f3d  _Z8SPI_Initv                        
00009035  _Z18ST7735_SetRotationh             
00009129  add_device                          
00009215  _Z9UART_Initv                       
000092fd  free                                
000093e5  setvbuf                             
000094c5  _Z14ST7735_OutCharc                 
00009595  _Z20ST7735_DrawFastHLinessst        
00009645  _Z20ST7735_DrawFastVLinessst        
000096f5  _Z14TimerG7_IntArmtjj               
0000979d  _ZN6Player14checkProximityE7Machine 
00009843  _ZN6Player15getMachineInputE7Machine
0000998b  SysTick_Handler                     
0000998d  open                                
00009a2d  _Z17ST7735_InitPrintfv              
00009ac9  _Z12ST7735_InitR10initRFlags        
00009b61  _Z15TimerG12_IntArmjj               
00009bf5  _ZN8SlidePot4InitEv                 
00009d09  __aeabi_memcpy                      
00009d09  __aeabi_memcpy4                     
00009d09  __aeabi_memcpy8                     
00009d11  strcmp                              
00009d99  _Z17ST7735_DrawStringttPcs          
00009e1d  _ZN6Player16resetCoordinatesEv      
00009e9d  _Z14LaunchPad_Initv                 
00009f19  __TI_closefile                      
00009f95  __TI_decompress_lzss                
0000a011  _Z16ST7735_DrawPixelsst             
0000a081  _ZN7Machine10printAnvilEh           
0000a0f1  _ZN7Machine9printRockEh             
0000a161  HOSTlseek                           
0000a1cd  HOSTrename                          
0000a239  getdevice                           
0000a309  HOSTopen                            
0000a369  HOSTread                            
0000a3c1  HOSTwrite                           
0000a419  _Z10TExaS_InitP10ADC12_RegsjPFhvE   
0000a471  _ZN8SlidePot2InEv                   
0000a4c5  __TI_auto_init_nobinit              
0000a519  __TI_doflush                        
0000a56b  _Z10Sound_Initv                     
0000a56d  close                               
0000a5bd  _ZN6Player8moveLeftEv               
0000a609  _ZN6Player9moveRightEv              
0000a655  HOSTclose                           
0000a69d  HOSTunlink                          
0000a6e5  _Z14SPI_OutCommandc                 
0000a72d  TIMG7_IRQHandler                    
0000a76d  _Z9SPI_Resetv                       
0000a7ad  __aeabi_uidiv                       
0000a7ad  __aeabi_uidivmod                    
0000a82d  TIMG12_IRQHandler                   
0000a869  _ZN7MachineC1Ehhhh                  
0000a869  _ZN7MachineC2Ehhhh                  
0000a8a3  __aeabi_idiv0                       
0000a8a5  _Z11SPI_OutDatac                    
0000a8dd  _Z15ActivatePortA_Bv                
0000a915  _Z12ST7735_writeiPKcj               
0000a949  _Z14Clock_Delay1msj                 
0000a97d  _Z16ST7735_SetCursorjj              
0000a9b1  __TI_cleanup                        
0000a9e5  __TI_readmsg                        
0000aa19  __TI_writemsg                       
0000aa45  C$$IO$$                             
0000aa4d  exit                                
0000aa81  finddevice                          
0000aab5  freopen                             
0000ab19  fopen                               
0000ab49  _Z17ST7735_FillScreent              
0000ab75  unlink                              
0000aba1  _Z9ADC_StartP10ADC12_Regs           
0000abf1  write                               
0000ac19  _c_int00_noargs                     
0000ac41  _ZN8SlidePot4SaveEj                 
0000ac65  _Z8Random32v                        
0000ac85  _ZN8SlidePot4SyncEv                 
0000acc3  _nop                                
0000acc5  ADC0_IRQHandler                     
0000acc5  ADC1_IRQHandler                     
0000acc5  AES_IRQHandler                      
0000acc5  CANFD0_IRQHandler                   
0000acc5  DAC0_IRQHandler                     
0000acc5  DMA_IRQHandler                      
0000acc5  Default_Handler                     
0000acc5  GROUP0_IRQHandler                   
0000acc5  GROUP1_IRQHandler                   
0000acc5  I2C0_IRQHandler                     
0000acc5  I2C1_IRQHandler                     
0000acc5  NMI_Handler                         
0000acc5  PendSV_Handler                      
0000acc5  RTC_IRQHandler                      
0000acc5  SPI0_IRQHandler                     
0000acc5  SPI1_IRQHandler                     
0000acc5  SVC_Handler                         
0000acc5  TIMA0_IRQHandler                    
0000acc5  TIMA1_IRQHandler                    
0000acc5  TIMG0_IRQHandler                    
0000acc5  TIMG6_IRQHandler                    
0000acc5  TIMG8_IRQHandler                    
0000acc5  UART0_IRQHandler                    
0000acc5  UART1_IRQHandler                    
0000acc5  UART2_IRQHandler                    
0000acc5  UART3_IRQHandler                    
0000ace1  HardFault_Handler                   
0000acfd  _Z9Switch_Inv                       
0000ad19  _ZN6PlayerC1Ev                      
0000ad19  _ZN6PlayerC2Ev                      
0000adbd  _Z11Switch_Initv                    
0000add5  _Z11ST7735_openPKcji                
0000adeb  _Z11ST7735_readiPcj                 
0000ae01  __TI_zero_init_nomemset             
0000ae17  _ZN6Player13setPossessionEh         
0000ae29  TI_memcpy_small                     
0000ae3b  __TI_decompress_none                
0000ae4d  _Z11Clock_Delayj                    
0000ae5d  _Z28TExaS_LaunchPadLogicPB27PB26v   
0000ae9b  _Z12ST7735_lseekili                 
0000aea9  _ZN6Player7getXPosEv                
0000aeb7  _ZN6Player7getYPosEv                
0000aec5  _ZN8SlidePotC1Ev                    
0000aec5  _ZN8SlidePotC2Ev                    
0000aeef  TI_memset_small                     
0000aefd  _Z10Clock_Freqv                     
0000af09  _Z13ST7735_renamePKcS0_             
0000af15  _ZN6Player7getSizeEv                
0000af21  _ZN8SlidePot9DistanceXEv            
0000af2d  _ZN8SlidePot9DistanceYEv            
0000af39  __aeabi_memclr                      
0000af39  __aeabi_memclr4                     
0000af39  __aeabi_memclr8                     
0000af45  malloc                              
0000af51  _Z12ST7735_closei                   
0000af5b  _Z13ST7735_unlinkPKc                
0000af65  _Z8PLL_Initv                        
0000af6f  remove                              
0000af77  Reset_Handler                       
0000af7b  _system_pre_init                    
0000af7e  C$$EXIT                             
0000af7f  abort                               
0000af90  SHT$$INIT_ARRAY$$Base               
0000af94  SHT$$INIT_ARRAY$$Limit              
0000b06c  __TI_Handler_Table_Base             
0000b078  __TI_Handler_Table_Limit            
0000b080  __TI_CINIT_Base                     
0000b090  __TI_CINIT_Limit                    
0000b090  __TI_CINIT_Warm                     
20200000  __start___llvm_prf_bits             
20200000  __start___llvm_prf_cnts             
20200000  __stop___llvm_prf_bits              
20200000  __stop___llvm_prf_cnts              
20200000  _ftable                             
202000f0  sprites                             
20200178  _device                             
202001f0  _stream                             
20200240  Sensor                              
2020024c  __TI_cleanup_ptr                    
20200250  __TI_dtors_ptr                      
20200254  m_anvil                             
2020025c  m_refiner                           
20200264  m_rock                              
2020026c  p1                                  
20200274  BusFreq                             
20200278  M                                   
2020027c  StX                                 
20200280  StY                                 
20200284  __TI_ft_end                         
20200288  _lock                               
2020028c  _unlock                             
20200290  StTextColor                         
20200297  input                               
202002a8  _sys_memory                         
202004a8  _CIOBUF_                            
202004a8  __CIOBUF_                           
202005c8  __TI_tmpnams                        
20200668  parmbuf                             
20200678  TExaSLogic                          
2020067c  TExaSadc                            
20200686  buttons                             
20207e00  __stack                             
20208000  __STACK_END                         
ffffffff  __TI_pprof_out_hndl                 
ffffffff  __TI_prof_data_size                 
ffffffff  __TI_prof_data_start                
ffffffff  __binit__                           
ffffffff  binit                               
UNDEFED   __mpu_init                          
UNDEFED   _system_post_cinit                  

[212 symbols]
