******************************************************************************
            TI ARM Clang Linker PC v4.0.1                      
******************************************************************************
>> Linked Sat Apr 12 17:57:30 2025

OUTPUT FILE NAME:   <MadMines.out>
ENTRY POINT SYMBOL: "_c_int00_noargs"  address: 00009ac9


MEMORY CONFIGURATION

         name            origin    length      used     unused   attr    fill
----------------------  --------  ---------  --------  --------  ----  --------
  FLASH                 00000000   00020000  00009e78  00016188  R  X
  SRAM                  20200000   00008000  000007e2  0000781e  RW X
  BCR_CONFIG            41c00000   00000080  00000000  00000080  R   
  BSL_CONFIG            41c00100   00000080  00000000  00000080  R   


SEGMENT ALLOCATION MAP

run origin  load origin   length   init length attrs members
----------  ----------- ---------- ----------- ----- -------
00000000    00000000    00009e78   00009e78    r-x
  00000000    00000000    000000c0   000000c0    r-- .intvecs
  000000c0    000000c0    00007028   00007028    r-- .rodata
  000070e8    000070e8    00000008   00000008    r-- .init_array
  000070f0    000070f0    00002cf0   00002cf0    r-x .text
  00009de0    00009de0    00000098   00000098    r-- .cinit
20200000    20200000    000005e9   00000000    rw-
  20200000    20200000    00000209   00000000    rw- .data
  20200210    20200210    00000200   00000000    rw- .sysmem
  20200410    20200410    000001d9   00000000    rw- .bss
20207e00    20207e00    00000200   00000000    rw-
  20207e00    20207e00    00000200   00000000    rw- .stack


SECTION ALLOCATION MAP

 output                                  attributes/
section   page    origin      length       input sections
--------  ----  ----------  ----------   ----------------
.intvecs   0    00000000    000000c0     
                  00000000    000000c0     startup_mspm0g3507_ticlang.o (.intvecs)

.binit     0    00000000    00000000     

.text      0    000070f0    00002cf0     
                  000070f0    00000210     ST7735.o (.text._Z17ST7735_DrawBitmapssPKtss)
                  00007300    000001d4     Lab9HMain.o (.text.main)
                  000074d4    000001b4     Clock.o (.text._Z15Clock_Init80MHzi)
                  00007688    000001a0     ST7735.o (.text._Z16ST7735_DrawCharSsscssh)
                  00007828    00000154     libc.a : fopen.c.obj (.text._openfile)
                  0000797c    0000013e     Player.o (.text._ZN6Player14checkProximityE7Machine)
                  00007aba    0000012c     Player.o (.text._ZN6Player8moveDownEv)
                  00007be6    00000002     Sound.o (.text.SysTick_Handler)
                  00007be8    00000128     TExaS.o (.text._Z8ADC_InitP10ADC12_Regsjj)
                  00007d10    00000118     ST7735.o (.text._Z15ST7735_FillRectsssst)
                  00007e28    00000114     libc.a : memory.c.obj (.text.aligned_alloc)
                  00007f3c    00000108     Player.o (.text._ZN6Player6moveUpEv)
                  00008044    000000f8     SPI.o (.text._Z8SPI_Initv)
                  0000813c    000000f4     ST7735.o (.text._Z18ST7735_SetRotationh)
                  00008230    000000ec     libsysbm.a : add_device.c.obj (.text.add_device)
                  0000831c    000000e8     TExaS.o (.text._Z9UART_Initv)
                  00008404    000000e8     libc.a : memory.c.obj (.text.free)
                  000084ec    000000e0            : setvbuf.c.obj (.text.setvbuf)
                  000085cc    000000d0     ST7735.o (.text._Z14ST7735_OutCharc)
                  0000869c    000000a8     Timer.o (.text._Z14TimerG7_IntArmtjj)
                  00008744    000000a2     ST7735.o (.text._ZL11commandListPKh)
                  000087e6    00000002     Sound.o (.text._Z10Sound_Initv)
                  000087e8    000000a0     libsysbm.a : open.c.obj (.text.open)
                  00008888    0000009c     ST7735.o (.text._Z17ST7735_InitPrintfv)
                  00008924    00000098     ST7735.o (.text._Z12ST7735_InitR10initRFlags)
                  000089bc    00000094     Timer.o (.text._Z15TimerG12_IntArmjj)
                  00008a50    0000008c     SlidePot.o (.text._ZN8SlidePot4InitEv)
                  00008adc    00000088     ST7735.o (.text._ZL13setAddrWindowhhhh)
                  00008b64    0000000c     Clock.o (.text._Z10Clock_Freqv)
                  00008b70    00000088     libc.a : strcmp-armv6m.S.obj (.text:strcmp)
                  00008bf8    00000084     ST7735.o (.text._Z17ST7735_DrawStringttPcs)
                  00008c7c    00000080     Player.o (.text._ZN6Player16resetCoordinatesEv)
                  00008cfc    0000007c     LaunchPad.o (.text._Z14LaunchPad_Initv)
                  00008d78    0000007c     libc.a : fclose.c.obj (.text.__TI_closefile)
                  00008df4    0000007c            : copy_decompress_lzss.c.obj (.text:decompress:lzss)
                  00008e70    00000070     ST7735.o (.text._Z16ST7735_DrawPixelsst)
                  00008ee0    0000006c     libsysbm.a : hostlseek.c.obj (.text.HOSTlseek)
                  00008f4c    0000006c                : hostrename.c.obj (.text.HOSTrename)
                  00008fb8    0000006c     Machine.o (.text._ZN7Machine12printRefinerEh)
                  00009024    0000006c     libc.a : getdevice.c.obj (.text.getdevice)
                  00009090    00000064     Machine.o (.text._ZN7Machine13updateRefinerEh)
                  000090f4    00000064     libc.a : memory.c.obj (.text.split)
                  00009158    00000062     Player.o (.text._ZN6Player15getMachineInputE7Machine)
                  000091ba    00000002     libclang_rt.builtins.a : aeabi_div0.c.obj (.text.__aeabi_idiv0)
                  000091bc    00000060     libsysbm.a : hostopen.c.obj (.text.HOSTopen)
                  0000921c    00000058                : hostread.c.obj (.text.HOSTread)
                  00009274    00000058                : hostwrite.c.obj (.text.HOSTwrite)
                  000092cc    00000058     TExaS.o (.text._Z10TExaS_InitP10ADC12_RegsjPFhvE)
                  00009324    00000054     SlidePot.o (.text._ZN8SlidePot2InEv)
                  00009378    00000054     libc.a : autoinit.c.obj (.text:__TI_auto_init_nobinit)
                  000093cc    00000052            : fflush.c.obj (.text.__TI_doflush)
                  0000941e    00000002            : _lock.c.obj (.text._nop)
                  00009420    00000050     libsysbm.a : close.c.obj (.text.close)
                  00009470    0000004c     Player.o (.text._ZN6Player8moveLeftEv)
                  000094bc    0000004c     Player.o (.text._ZN6Player9moveRightEv)
                  00009508    00000048     libsysbm.a : hostclose.c.obj (.text.HOSTclose)
                  00009550    00000048                : hostunlink.c.obj (.text.HOSTunlink)
                  00009598    00000048     SPI.o (.text._Z14SPI_OutCommandc)
                  000095e0    00000040     TExaS.o (.text.TIMG7_IRQHandler)
                  00009620    00000040     SPI.o (.text._Z9SPI_Resetv)
                  00009660    00000040     libclang_rt.builtins.a : aeabi_uidivmod.S.obj (.text.__aeabi_uidivmod)
                  000096a0    00000040     libc.a : fopen.c.obj (.text._search_fp)
                  000096e0    0000003c     Lab9HMain.o (.text.TIMG12_IRQHandler)
                  0000971c    00000038     SPI.o (.text._Z11SPI_OutDatac)
                  00009754    00000038     LaunchPad.o (.text._Z15ActivatePortA_Bv)
                  0000978c    00000036     Machine.o (.text._ZN7MachineC2Ehhhh)
                  000097c2    00000034     ST7735.o (.text._Z12ST7735_writeiPKcj)
                  000097f6    00000002     --HOLE-- [fill = 0]
                  000097f8    00000034     Clock.o (.text._Z14Clock_Delay1msj)
                  0000982c    00000034     ST7735.o (.text._Z16ST7735_SetCursorjj)
                  00009860    00000034     libc.a : fopen.c.obj (.text.__TI_cleanup)
                  00009894    00000034     libsysbm.a : trgmsg.c.obj (.text.__TI_readmsg)
                  000098c8    00000034                : trgmsg.c.obj (.text.__TI_writemsg)
                  000098fc    00000034     libc.a : exit.c.obj (.text.exit)
                  00009930    00000034            : getdevice.c.obj (.text.finddevice)
                  00009964    00000034            : fopen.c.obj (.text.freopen)
                  00009998    00000030     ST7735.o (.text._ZL10commonInitPKh)
                  000099c8    00000030     libc.a : fopen.c.obj (.text.fopen)
                  000099f8    0000002c     ST7735.o (.text._Z17ST7735_FillScreent)
                  00009a24    0000002c     libsysbm.a : unlink.c.obj (.text.unlink)
                  00009a50    00000028     TExaS.o (.text._Z9ADC_StartP10ADC12_Regs)
                  00009a78    00000028     libc.a : memory.c.obj (.text.free_list_insert)
                  00009aa0    00000028     libsysbm.a : write.c.obj (.text.write)
                  00009ac8    00000028     libc.a : boot_cortex_m.c.obj (.text:_c_int00_noargs)
                  00009af0    00000024     SlidePot.o (.text._ZN8SlidePot4SaveEj)
                  00009b14    00000020     SlidePot.o (.text._ZN8SlidePot4SyncEv)
                  00009b34    0000001e     ST7735.o (.text._ZL9pushColort)
                  00009b52    00000002     --HOLE-- [fill = 0]
                  00009b54    0000001c     startup_mspm0g3507_ticlang.o (.text.Default_Handler)
                  00009b70    0000001c     startup_mspm0g3507_ticlang.o (.text.HardFault_Handler)
                  00009b8c    0000001c     Switch.o (.text._Z9Switch_Inv)
                  00009ba8    0000001c     Player.o (.text._ZN6PlayerC2Ev)
                  00009bc4    0000001c     Lab9HMain.o (.text.__cxx_global_var_init.2)
                  00009be0    0000001c     Lab9HMain.o (.text.__cxx_global_var_init.3)
                  00009bfc    0000001c     libc.a : memory.c.obj (.text.free_list_remove)
                  00009c18    00000018     Switch.o (.text._Z11Switch_Initv)
                  00009c30    00000016     ST7735.o (.text._Z11ST7735_openPKcji)
                  00009c46    00000016     ST7735.o (.text._Z11ST7735_readiPcj)
                  00009c5c    00000016     libc.a : copy_zero_init.c.obj (.text:decompress:ZI:__TI_zero_init_nomemset)
                  00009c72    00000014     Lab9HMain.o (.text._GLOBAL__sub_I_Lab9HMain.cpp)
                  00009c86    00000012     libc.a : memcpy16.S.obj (.text:TI_memcpy_small)
                  00009c98    00000012            : copy_decompress_none.c.obj (.text:decompress:none)
                  00009caa    00000010     Clock.o (.text._Z11Clock_Delayj)
                  00009cba    00000002     --HOLE-- [fill = 0]
                  00009cbc    00000010     Lab9HMain.o (.text._Z28TExaS_LaunchPadLogicPB27PB26v)
                  00009ccc    00000010     Lab9HMain.o (.text.__cxx_global_var_init.1)
                  00009cdc    00000010     Lab9HMain.o (.text.__cxx_global_var_init)
                  00009cec    0000000e     libc.a : memory.c.obj (.text.OUTLINED_FUNCTION_0)
                  00009cfa    0000000e     ST7735.o (.text._Z12ST7735_lseekili)
                  00009d08    0000000e     Player.o (.text._ZN6Player7getXPosEv)
                  00009d16    0000000e     Player.o (.text._ZN6Player7getYPosEv)
                  00009d24    0000000e     SlidePot.o (.text._ZN8SlidePotC2Ev)
                  00009d32    0000000e     libsysbm.a : hostrename.c.obj (.text.strcpy)
                  00009d40    0000000e                : hostrename.c.obj (.text.strlen)
                  00009d4e    0000000e     libc.a : memset16.S.obj (.text:TI_memset_small)
                  00009d5c    0000000c     ST7735.o (.text._Z13ST7735_renamePKcS0_)
                  00009d68    0000000c     Player.o (.text._ZN6Player7getSizeEv)
                  00009d74    0000000c     SlidePot.o (.text._ZN8SlidePot9DistanceXEv)
                  00009d80    0000000c     SlidePot.o (.text._ZN8SlidePot9DistanceYEv)
                  00009d8c    0000000c     libclang_rt.builtins.a : aeabi_memset.S.obj (.text.__aeabi_memclr)
                  00009d98    0000000c     libc.a : memory.c.obj (.text.malloc)
                  00009da4    0000000a     ST7735.o (.text._Z12ST7735_closei)
                  00009dae    0000000a     ST7735.o (.text._Z13ST7735_unlinkPKc)
                  00009db8    0000000a     Lab9HMain.o (.text._Z8PLL_Initv)
                  00009dc2    00000002     --HOLE-- [fill = 0]
                  00009dc4    00000008     libclang_rt.builtins.a : aeabi_memcpy.S.obj (.text.__aeabi_memcpy)
                  00009dcc    00000008     libsysbm.a : remove.c.obj (.text.remove)
                  00009dd4    00000004     startup_mspm0g3507_ticlang.o (.text.Reset_Handler)
                  00009dd8    00000004     libc.a : pre_init.c.obj (.text._system_pre_init)
                  00009ddc    00000004            : exit.c.obj (.text:abort)

.cinit     0    00009de0    00000098     
                  00009de0    0000006f     (.cinit..data.load) [load image, compression = lzss]
                  00009e4f    00000001     --HOLE-- [fill = 0]
                  00009e50    0000000c     (__TI_handler_table)
                  00009e5c    00000008     (.cinit..bss.load) [load image, compression = zero_init]
                  00009e64    00000010     (__TI_cinit_table)
                  00009e74    00000004     --HOLE-- [fill = 0]

.rodata    0    000000c0    00007028     
                  000000c0    00001f40     Lab9HMain.o (.rodata._ZL4todo)
                  00002000    000010ae     Machine.o (.rodata._ZL14refinerWorking)
                  000030ae    000010ae     Machine.o (.rodata._ZL16refinerHighlight)
                  0000415c    000010ae     Lab9HMain.o (.rodata._ZL7refiner)
                  0000520a    000010ae     Machine.o (.rodata._ZL7refiner)
                  000062b8    00000882     Lab9HMain.o (.rodata._ZL5miner)
                  00006b3a    000004fb     ST7735.o (.rodata._ZL4Font)
                  00007035    0000003b     ST7735.o (.rodata._ZL5Rcmd1)
                  00007070    0000002b     ST7735.o (.rodata._ZL5Rcmd3)
                  0000709b    00000016     ST7735.o (.rodata.str1.145533100666594254441)
                  000070b1    0000000d     ST7735.o (.rodata._ZL10Rcmd2green)
                  000070be    0000000d     ST7735.o (.rodata._ZL8Rcmd2red)
                  000070cb    00000008     ST7735.o (.rodata.str1.74455504091578136031)
                  000070d3    00000007     ST7735.o (.rodata.str1.70397418904557661531)
                  000070da    00000007     ST7735.o (.rodata.str1.94386759871288863331)
                  000070e1    00000002     ST7735.o (.rodata.str1.79068154596109554801)
                  000070e3    00000005     --HOLE-- [fill = 0]

.init_array 
*          0    000070e8    00000008     
                  000070e8    00000004     Lab9HMain.o (.init_array)
                  000070ec    00000004     --HOLE-- [fill = 0]

.data      0    20200000    00000209     UNINITIALIZED
                  20200000    000000f0     libc.a : defs.c.obj (.data._ftable)
                  202000f0    00000078     libsysbm.a : host_device.c.obj (.data._device)
                  20200168    00000050                : host_device.c.obj (.data._stream)
                  202001b8    0000000c     Lab9HMain.o (.data.Sensor)
                  202001c4    00000008     libc.a : exit.c.obj (.data..L_MergedGlobals)
                  202001cc    00000008     Lab9HMain.o (.data.p1)
                  202001d4    00000007     Lab9HMain.o (.data.m_anvil)
                  202001db    00000007     Lab9HMain.o (.data.m_refiner)
                  202001e2    00000002     ST7735.o (.data.StTextColor)
                  202001e4    00000004     Clock.o (.data.BusFreq)
                  202001e8    00000004     ST7735.o (.data.StX)
                  202001ec    00000004     ST7735.o (.data.StY)
                  202001f0    00000004     libc.a : defs.c.obj (.data.__TI_ft_end)
                  202001f4    00000004            : _lock.c.obj (.data._lock)
                  202001f8    00000004            : _lock.c.obj (.data._unlock)
                  202001fc    00000002     ST7735.o (.data._ZL6_width)
                  202001fe    00000002     ST7735.o (.data._ZL7_height)
                  20200200    00000001     libsysbm.a : add_device.c.obj (.data.add_device.device_init)
                  20200201    00000001     Lab9HMain.o (.data.input)
                  20200202    00000002     --HOLE--
                  20200204    00000001     libc.a : memory.c.obj (.data.memory_is_initialized)
                  20200205    00000003     --HOLE--
                  20200208    00000001     libsysbm.a : open.c.obj (.data.open.stream_init)

.sysmem    0    20200210    00000200     UNINITIALIZED
                  20200210    00000010     libc.a : memory.c.obj (.sysmem)
                  20200220    000001f0     --HOLE--

.bss       0    20200410    000001d9     UNINITIALIZED
                  20200410    00000120     libsysbm.a : trgmsg.c.obj (.bss:_CIOBUF_)
                  20200530    000000a0     libc.a : defs.c.obj (.bss.__TI_tmpnams)
                  202005d0    00000008     libsysbm.a : hostopen.c.obj (.bss.parmbuf)
                  202005d8    00000004     TExaS.o (.bss.TExaSLogic)
                  202005dc    00000004     TExaS.o (.bss.TExaSadc)
                  202005e0    00000004     libc.a : memory.c.obj (.bss.sys_free)
                  202005e4    00000001     ST7735.o (.bss._ZL8ColStart)
                  202005e5    00000001     ST7735.o (.bss._ZL8Rotation)
                  202005e6    00000001     ST7735.o (.bss._ZL8RowStart)
                  202005e7    00000001     ST7735.o (.bss._ZL8TabColor)
                  202005e8    00000001     Lab9HMain.o (.bss.key)

.stack     0    20207e00    00000200     UNINITIALIZED
                  20207e00    00000004     libc.a : boot_cortex_m.c.obj (.stack)
                  20207e04    000001fc     --HOLE--

__llvm_prf_cnts 
*          0    20200000    00000000     UNINITIALIZED

__llvm_prf_bits 
*          0    20200000    00000000     UNINITIALIZED

MODULE SUMMARY

       Module                         code    ro data   rw data
       ------                         ----    -------   -------
    .\
       Lab9HMain.o                    662     14452     36     
       Machine.o                      262     12810     0      
       ST7735.o                       2842    1449      18     
       Player.o                       1328    0         0      
       TExaS.o                        720     0         8      
       Clock.o                        516     0         4      
       SPI.o                          440     0         0      
       SlidePot.o                     330     0         0      
       Timer.o                        316     0         0      
       LaunchPad.o                    180     0         0      
       Switch.o                       52      0         0      
       Sound.o                        4       0         0      
    +--+------------------------------+-------+---------+---------+
       Total:                         7652    28711     66     
                                                               
    .\ticlang\
       startup_mspm0g3507_ticlang.o   60      192       0      
    +--+------------------------------+-------+---------+---------+
       Total:                         60      192       0      
                                                               
    C:\ti\ccs2000\ccs\tools\compiler\ti-cgt-armllvm_4.0.1.LTS\lib\armv6m-ti-none-eabi/c/libc.a
       memory.c.obj                   702     0         5      
       fopen.c.obj                    556     0         0      
       defs.c.obj                     0       0         404    
       setvbuf.c.obj                  224     0         0      
       getdevice.c.obj                160     0         0      
       strcmp-armv6m.S.obj            136     0         0      
       copy_decompress_lzss.c.obj     124     0         0      
       fclose.c.obj                   124     0         0      
       autoinit.c.obj                 84      0         0      
       fflush.c.obj                   82      0         0      
       exit.c.obj                     56      0         8      
       boot_cortex_m.c.obj            40      0         0      
       copy_zero_init.c.obj           22      0         0      
       copy_decompress_none.c.obj     18      0         0      
       memcpy16.S.obj                 18      0         0      
       memset16.S.obj                 14      0         0      
       _lock.c.obj                    2       0         8      
       pre_init.c.obj                 4       0         0      
    +--+------------------------------+-------+---------+---------+
       Total:                         2366    0         425    
                                                               
    C:\ti\ccs2000\ccs\tools\compiler\ti-cgt-armllvm_4.0.1.LTS\lib\armv6m-ti-none-eabi/c/libsysbm.a
       trgmsg.c.obj                   104     0         288    
       add_device.c.obj               236     0         1      
       host_device.c.obj              0       0         200    
       open.c.obj                     160     0         1      
       hostrename.c.obj               136     0         0      
       hostlseek.c.obj                108     0         0      
       hostopen.c.obj                 96      0         8      
       hostread.c.obj                 88      0         0      
       hostwrite.c.obj                88      0         0      
       close.c.obj                    80      0         0      
       hostclose.c.obj                72      0         0      
       hostunlink.c.obj               72      0         0      
       unlink.c.obj                   44      0         0      
       write.c.obj                    40      0         0      
       remove.c.obj                   8       0         0      
    +--+------------------------------+-------+---------+---------+
       Total:                         1332    0         498    
                                                               
    C:\ti\ccs2000\ccs\tools\compiler\ti-cgt-armllvm_4.0.1.LTS\lib\armv6m-ti-none-eabi/libclang_rt.builtins.a
       aeabi_uidivmod.S.obj           64      0         0      
       aeabi_memset.S.obj             12      0         0      
       aeabi_memcpy.S.obj             8       0         0      
       aeabi_div0.c.obj               2       0         0      
    +--+------------------------------+-------+---------+---------+
       Total:                         86      0         0      
                                                               
       Heap:                          0       0         512    
       Stack:                         0       0         512    
       Linker Generated:              0       147       0      
    +--+------------------------------+-------+---------+---------+
       Grand Total:                   11496   29050     2013   


LINKER GENERATED COPY TABLES

__TI_cinit_table @ 00009e64 records: 2, size/record: 8, table size: 16
	.data: load addr=00009de0, load size=0000006f bytes, run addr=20200000, run size=00000209 bytes, compression=lzss
	.bss: load addr=00009e5c, load size=00000008 bytes, run addr=20200410, run size=000001d9 bytes, compression=zero_init


LINKER GENERATED HANDLER TABLE

__TI_handler_table @ 00009e50 records: 3, size/record: 4, table size: 12
	index: 0, handler: __TI_decompress_lzss
	index: 1, handler: __TI_decompress_none
	index: 2, handler: __TI_zero_init


GLOBAL SYMBOLS: SORTED ALPHABETICALLY BY Name 

address   name                                
-------   ----                                
00009b55  ADC0_IRQHandler                     
00009b55  ADC1_IRQHandler                     
00009b55  AES_IRQHandler                      
202001e4  BusFreq                             
00009ddc  C$$EXIT                             
000098f5  C$$IO$$                             
00009b55  CANFD0_IRQHandler                   
00009b55  DAC0_IRQHandler                     
00009b55  DMA_IRQHandler                      
00009b55  Default_Handler                     
00009b55  GROUP0_IRQHandler                   
00009b55  GROUP1_IRQHandler                   
00009509  HOSTclose                           
00008ee1  HOSTlseek                           
000091bd  HOSTopen                            
0000921d  HOSTread                            
00008f4d  HOSTrename                          
00009551  HOSTunlink                          
00009275  HOSTwrite                           
00009b71  HardFault_Handler                   
00009b55  I2C0_IRQHandler                     
00009b55  I2C1_IRQHandler                     
00009b55  NMI_Handler                         
00009b55  PendSV_Handler                      
00009b55  RTC_IRQHandler                      
00009dd5  Reset_Handler                       
000070e8  SHT$$INIT_ARRAY$$Base               
000070ec  SHT$$INIT_ARRAY$$Limit              
00009b55  SPI0_IRQHandler                     
00009b55  SPI1_IRQHandler                     
00009b55  SVC_Handler                         
202001b8  Sensor                              
202001e2  StTextColor                         
202001e8  StX                                 
202001ec  StY                                 
00007be7  SysTick_Handler                     
202005d8  TExaSLogic                          
202005dc  TExaSadc                            
00009b55  TIMA0_IRQHandler                    
00009b55  TIMA1_IRQHandler                    
00009b55  TIMG0_IRQHandler                    
000096e1  TIMG12_IRQHandler                   
00009b55  TIMG6_IRQHandler                    
000095e1  TIMG7_IRQHandler                    
00009b55  TIMG8_IRQHandler                    
00009c87  TI_memcpy_small                     
00009d4f  TI_memset_small                     
00009b55  UART0_IRQHandler                    
00009b55  UART1_IRQHandler                    
00009b55  UART2_IRQHandler                    
00009b55  UART3_IRQHandler                    
20200410  _CIOBUF_                            
00008b65  _Z10Clock_Freqv                     
000087e7  _Z10Sound_Initv                     
000092cd  _Z10TExaS_InitP10ADC12_RegsjPFhvE   
00009cab  _Z11Clock_Delayj                    
0000971d  _Z11SPI_OutDatac                    
00009c31  _Z11ST7735_openPKcji                
00009c47  _Z11ST7735_readiPcj                 
00009c19  _Z11Switch_Initv                    
00008925  _Z12ST7735_InitR10initRFlags        
00009da5  _Z12ST7735_closei                   
00009cfb  _Z12ST7735_lseekili                 
000097c3  _Z12ST7735_writeiPKcj               
00009d5d  _Z13ST7735_renamePKcS0_             
00009daf  _Z13ST7735_unlinkPKc                
000097f9  _Z14Clock_Delay1msj                 
00008cfd  _Z14LaunchPad_Initv                 
00009599  _Z14SPI_OutCommandc                 
000085cd  _Z14ST7735_OutCharc                 
0000869d  _Z14TimerG7_IntArmtjj               
00009755  _Z15ActivatePortA_Bv                
000074d5  _Z15Clock_Init80MHzi                
00007d11  _Z15ST7735_FillRectsssst            
000089bd  _Z15TimerG12_IntArmjj               
00007689  _Z16ST7735_DrawCharSsscssh          
00008e71  _Z16ST7735_DrawPixelsst             
0000982d  _Z16ST7735_SetCursorjj              
000070f1  _Z17ST7735_DrawBitmapssPKtss        
00008bf9  _Z17ST7735_DrawStringttPcs          
000099f9  _Z17ST7735_FillScreent              
00008889  _Z17ST7735_InitPrintfv              
0000813d  _Z18ST7735_SetRotationh             
00009cbd  _Z28TExaS_LaunchPadLogicPB27PB26v   
00007be9  _Z8ADC_InitP10ADC12_Regsjj          
00009db9  _Z8PLL_Initv                        
00008045  _Z8SPI_Initv                        
00009a51  _Z9ADC_StartP10ADC12_Regs           
00009621  _Z9SPI_Resetv                       
00009b8d  _Z9Switch_Inv                       
0000831d  _Z9UART_Initv                       
0000797d  _ZN6Player14checkProximityE7Machine 
00009159  _ZN6Player15getMachineInputE7Machine
00008c7d  _ZN6Player16resetCoordinatesEv      
00007f3d  _ZN6Player6moveUpEv                 
00009d69  _ZN6Player7getSizeEv                
00009d09  _ZN6Player7getXPosEv                
00009d17  _ZN6Player7getYPosEv                
00007abb  _ZN6Player8moveDownEv               
00009471  _ZN6Player8moveLeftEv               
000094bd  _ZN6Player9moveRightEv              
00009ba9  _ZN6PlayerC1Ev                      
00009ba9  _ZN6PlayerC2Ev                      
00008fb9  _ZN7Machine12printRefinerEh         
00009091  _ZN7Machine13updateRefinerEh        
0000978d  _ZN7MachineC1Ehhhh                  
0000978d  _ZN7MachineC2Ehhhh                  
00009325  _ZN8SlidePot2InEv                   
00008a51  _ZN8SlidePot4InitEv                 
00009af1  _ZN8SlidePot4SaveEj                 
00009b15  _ZN8SlidePot4SyncEv                 
00009d75  _ZN8SlidePot9DistanceXEv            
00009d81  _ZN8SlidePot9DistanceYEv            
00009d25  _ZN8SlidePotC1Ev                    
00009d25  _ZN8SlidePotC2Ev                    
20200410  __CIOBUF_                           
20208000  __STACK_END                         
00000200  __STACK_SIZE                        
00000200  __SYSMEM_SIZE                       
00000000  __TI_ATRegion0_region_sz            
00000000  __TI_ATRegion0_src_addr             
00000000  __TI_ATRegion0_trg_addr             
00000000  __TI_ATRegion1_region_sz            
00000000  __TI_ATRegion1_src_addr             
00000000  __TI_ATRegion1_trg_addr             
00000000  __TI_ATRegion2_region_sz            
00000000  __TI_ATRegion2_src_addr             
00000000  __TI_ATRegion2_trg_addr             
00009e64  __TI_CINIT_Base                     
00009e74  __TI_CINIT_Limit                    
00009e74  __TI_CINIT_Warm                     
00009e50  __TI_Handler_Table_Base             
00009e5c  __TI_Handler_Table_Limit            
00009379  __TI_auto_init_nobinit              
00009861  __TI_cleanup                        
202001c4  __TI_cleanup_ptr                    
00008d79  __TI_closefile                      
00008df5  __TI_decompress_lzss                
00009c99  __TI_decompress_none                
000093cd  __TI_doflush                        
202001c8  __TI_dtors_ptr                      
202001f0  __TI_ft_end                         
ffffffff  __TI_pprof_out_hndl                 
ffffffff  __TI_prof_data_size                 
ffffffff  __TI_prof_data_start                
00009895  __TI_readmsg                        
00000000  __TI_static_base__                  
20200530  __TI_tmpnams                        
000098c9  __TI_writemsg                       
00009c5d  __TI_zero_init_nomemset             
000091bb  __aeabi_idiv0                       
00009d8d  __aeabi_memclr                      
00009d8d  __aeabi_memclr4                     
00009d8d  __aeabi_memclr8                     
00009dc5  __aeabi_memcpy                      
00009dc5  __aeabi_memcpy4                     
00009dc5  __aeabi_memcpy8                     
00009661  __aeabi_uidiv                       
00009661  __aeabi_uidivmod                    
ffffffff  __binit__                           
UNDEFED   __mpu_init                          
20207e00  __stack                             
20200000  __start___llvm_prf_bits             
20200000  __start___llvm_prf_cnts             
20200000  __stop___llvm_prf_bits              
20200000  __stop___llvm_prf_cnts              
00009ac9  _c_int00_noargs                     
202000f0  _device                             
20200000  _ftable                             
202001f4  _lock                               
0000941f  _nop                                
20200168  _stream                             
20200210  _sys_memory                         
UNDEFED   _system_post_cinit                  
00009dd9  _system_pre_init                    
202001f8  _unlock                             
00009ddd  abort                               
00008231  add_device                          
00007e29  aligned_alloc                       
ffffffff  binit                               
00009421  close                               
000098fd  exit                                
00009931  finddevice                          
000099c9  fopen                               
00008405  free                                
00009965  freopen                             
00009025  getdevice                           
20200201  input                               
00000000  interruptVectors                    
202005e8  key                                 
202001d4  m_anvil                             
202001db  m_refiner                           
00007301  main                                
00009d99  malloc                              
00007e29  memalign                            
000087e9  open                                
202001cc  p1                                  
202005d0  parmbuf                             
00009dcd  remove                              
000084ed  setvbuf                             
00008b71  strcmp                              
00009a25  unlink                              
00009aa1  write                               


GLOBAL SYMBOLS: SORTED BY Symbol Address 

address   name                                
-------   ----                                
00000000  __TI_ATRegion0_region_sz            
00000000  __TI_ATRegion0_src_addr             
00000000  __TI_ATRegion0_trg_addr             
00000000  __TI_ATRegion1_region_sz            
00000000  __TI_ATRegion1_src_addr             
00000000  __TI_ATRegion1_trg_addr             
00000000  __TI_ATRegion2_region_sz            
00000000  __TI_ATRegion2_src_addr             
00000000  __TI_ATRegion2_trg_addr             
00000000  __TI_static_base__                  
00000000  interruptVectors                    
00000200  __STACK_SIZE                        
00000200  __SYSMEM_SIZE                       
000070e8  SHT$$INIT_ARRAY$$Base               
000070ec  SHT$$INIT_ARRAY$$Limit              
000070f1  _Z17ST7735_DrawBitmapssPKtss        
00007301  main                                
000074d5  _Z15Clock_Init80MHzi                
00007689  _Z16ST7735_DrawCharSsscssh          
0000797d  _ZN6Player14checkProximityE7Machine 
00007abb  _ZN6Player8moveDownEv               
00007be7  SysTick_Handler                     
00007be9  _Z8ADC_InitP10ADC12_Regsjj          
00007d11  _Z15ST7735_FillRectsssst            
00007e29  aligned_alloc                       
00007e29  memalign                            
00007f3d  _ZN6Player6moveUpEv                 
00008045  _Z8SPI_Initv                        
0000813d  _Z18ST7735_SetRotationh             
00008231  add_device                          
0000831d  _Z9UART_Initv                       
00008405  free                                
000084ed  setvbuf                             
000085cd  _Z14ST7735_OutCharc                 
0000869d  _Z14TimerG7_IntArmtjj               
000087e7  _Z10Sound_Initv                     
000087e9  open                                
00008889  _Z17ST7735_InitPrintfv              
00008925  _Z12ST7735_InitR10initRFlags        
000089bd  _Z15TimerG12_IntArmjj               
00008a51  _ZN8SlidePot4InitEv                 
00008b65  _Z10Clock_Freqv                     
00008b71  strcmp                              
00008bf9  _Z17ST7735_DrawStringttPcs          
00008c7d  _ZN6Player16resetCoordinatesEv      
00008cfd  _Z14LaunchPad_Initv                 
00008d79  __TI_closefile                      
00008df5  __TI_decompress_lzss                
00008e71  _Z16ST7735_DrawPixelsst             
00008ee1  HOSTlseek                           
00008f4d  HOSTrename                          
00008fb9  _ZN7Machine12printRefinerEh         
00009025  getdevice                           
00009091  _ZN7Machine13updateRefinerEh        
00009159  _ZN6Player15getMachineInputE7Machine
000091bb  __aeabi_idiv0                       
000091bd  HOSTopen                            
0000921d  HOSTread                            
00009275  HOSTwrite                           
000092cd  _Z10TExaS_InitP10ADC12_RegsjPFhvE   
00009325  _ZN8SlidePot2InEv                   
00009379  __TI_auto_init_nobinit              
000093cd  __TI_doflush                        
0000941f  _nop                                
00009421  close                               
00009471  _ZN6Player8moveLeftEv               
000094bd  _ZN6Player9moveRightEv              
00009509  HOSTclose                           
00009551  HOSTunlink                          
00009599  _Z14SPI_OutCommandc                 
000095e1  TIMG7_IRQHandler                    
00009621  _Z9SPI_Resetv                       
00009661  __aeabi_uidiv                       
00009661  __aeabi_uidivmod                    
000096e1  TIMG12_IRQHandler                   
0000971d  _Z11SPI_OutDatac                    
00009755  _Z15ActivatePortA_Bv                
0000978d  _ZN7MachineC1Ehhhh                  
0000978d  _ZN7MachineC2Ehhhh                  
000097c3  _Z12ST7735_writeiPKcj               
000097f9  _Z14Clock_Delay1msj                 
0000982d  _Z16ST7735_SetCursorjj              
00009861  __TI_cleanup                        
00009895  __TI_readmsg                        
000098c9  __TI_writemsg                       
000098f5  C$$IO$$                             
000098fd  exit                                
00009931  finddevice                          
00009965  freopen                             
000099c9  fopen                               
000099f9  _Z17ST7735_FillScreent              
00009a25  unlink                              
00009a51  _Z9ADC_StartP10ADC12_Regs           
00009aa1  write                               
00009ac9  _c_int00_noargs                     
00009af1  _ZN8SlidePot4SaveEj                 
00009b15  _ZN8SlidePot4SyncEv                 
00009b55  ADC0_IRQHandler                     
00009b55  ADC1_IRQHandler                     
00009b55  AES_IRQHandler                      
00009b55  CANFD0_IRQHandler                   
00009b55  DAC0_IRQHandler                     
00009b55  DMA_IRQHandler                      
00009b55  Default_Handler                     
00009b55  GROUP0_IRQHandler                   
00009b55  GROUP1_IRQHandler                   
00009b55  I2C0_IRQHandler                     
00009b55  I2C1_IRQHandler                     
00009b55  NMI_Handler                         
00009b55  PendSV_Handler                      
00009b55  RTC_IRQHandler                      
00009b55  SPI0_IRQHandler                     
00009b55  SPI1_IRQHandler                     
00009b55  SVC_Handler                         
00009b55  TIMA0_IRQHandler                    
00009b55  TIMA1_IRQHandler                    
00009b55  TIMG0_IRQHandler                    
00009b55  TIMG6_IRQHandler                    
00009b55  TIMG8_IRQHandler                    
00009b55  UART0_IRQHandler                    
00009b55  UART1_IRQHandler                    
00009b55  UART2_IRQHandler                    
00009b55  UART3_IRQHandler                    
00009b71  HardFault_Handler                   
00009b8d  _Z9Switch_Inv                       
00009ba9  _ZN6PlayerC1Ev                      
00009ba9  _ZN6PlayerC2Ev                      
00009c19  _Z11Switch_Initv                    
00009c31  _Z11ST7735_openPKcji                
00009c47  _Z11ST7735_readiPcj                 
00009c5d  __TI_zero_init_nomemset             
00009c87  TI_memcpy_small                     
00009c99  __TI_decompress_none                
00009cab  _Z11Clock_Delayj                    
00009cbd  _Z28TExaS_LaunchPadLogicPB27PB26v   
00009cfb  _Z12ST7735_lseekili                 
00009d09  _ZN6Player7getXPosEv                
00009d17  _ZN6Player7getYPosEv                
00009d25  _ZN8SlidePotC1Ev                    
00009d25  _ZN8SlidePotC2Ev                    
00009d4f  TI_memset_small                     
00009d5d  _Z13ST7735_renamePKcS0_             
00009d69  _ZN6Player7getSizeEv                
00009d75  _ZN8SlidePot9DistanceXEv            
00009d81  _ZN8SlidePot9DistanceYEv            
00009d8d  __aeabi_memclr                      
00009d8d  __aeabi_memclr4                     
00009d8d  __aeabi_memclr8                     
00009d99  malloc                              
00009da5  _Z12ST7735_closei                   
00009daf  _Z13ST7735_unlinkPKc                
00009db9  _Z8PLL_Initv                        
00009dc5  __aeabi_memcpy                      
00009dc5  __aeabi_memcpy4                     
00009dc5  __aeabi_memcpy8                     
00009dcd  remove                              
00009dd5  Reset_Handler                       
00009dd9  _system_pre_init                    
00009ddc  C$$EXIT                             
00009ddd  abort                               
00009e50  __TI_Handler_Table_Base             
00009e5c  __TI_Handler_Table_Limit            
00009e64  __TI_CINIT_Base                     
00009e74  __TI_CINIT_Limit                    
00009e74  __TI_CINIT_Warm                     
20200000  __start___llvm_prf_bits             
20200000  __start___llvm_prf_cnts             
20200000  __stop___llvm_prf_bits              
20200000  __stop___llvm_prf_cnts              
20200000  _ftable                             
202000f0  _device                             
20200168  _stream                             
202001b8  Sensor                              
202001c4  __TI_cleanup_ptr                    
202001c8  __TI_dtors_ptr                      
202001cc  p1                                  
202001d4  m_anvil                             
202001db  m_refiner                           
202001e2  StTextColor                         
202001e4  BusFreq                             
202001e8  StX                                 
202001ec  StY                                 
202001f0  __TI_ft_end                         
202001f4  _lock                               
202001f8  _unlock                             
20200201  input                               
20200210  _sys_memory                         
20200410  _CIOBUF_                            
20200410  __CIOBUF_                           
20200530  __TI_tmpnams                        
202005d0  parmbuf                             
202005d8  TExaSLogic                          
202005dc  TExaSadc                            
202005e8  key                                 
20207e00  __stack                             
20208000  __STACK_END                         
ffffffff  __TI_pprof_out_hndl                 
ffffffff  __TI_prof_data_size                 
ffffffff  __TI_prof_data_start                
ffffffff  __binit__                           
ffffffff  binit                               
UNDEFED   __mpu_init                          
UNDEFED   _system_post_cinit                  

[203 symbols]
