******************************************************************************
            TI ARM Clang Linker PC v4.0.1                      
******************************************************************************
>> Linked Thu Apr 17 23:43:20 2025

OUTPUT FILE NAME:   <MadMines.out>
ENTRY POINT SYMBOL: "_c_int00_noargs"  address: 0001a7a5


MEMORY CONFIGURATION

         name            origin    length      used     unused   attr    fill
----------------------  --------  ---------  --------  --------  ----  --------
  FLASH                 00000000   00020000  0001ad40  000052c0  R  X
  SRAM                  20200000   00008000  000009e0  00007620  RW X
  BCR_CONFIG            41c00000   00000080  00000000  00000080  R   
  BSL_CONFIG            41c00100   00000080  00000000  00000080  R   


SEGMENT ALLOCATION MAP

run origin  load origin   length   init length attrs members
----------  ----------- ---------- ----------- ----- -------
00000000    00000000    0001ad40   0001ad40    r-x
  00000000    00000000    000000c0   000000c0    r-- .intvecs
  000000c0    000000c0    00014f70   00014f70    r-- .rodata
  00015030    00015030    00005bf0   00005bf0    r-x .text
  0001ac20    0001ac20    00000008   00000008    r-- .init_array
  0001ac28    0001ac28    00000118   00000118    r-- .cinit
20200000    20200000    000007e3   00000000    rw-
  20200000    20200000    000003fd   00000000    rw- .data
  20200400    20200400    00000200   00000000    rw- .sysmem
  20200600    20200600    000001e3   00000000    rw- .bss
20207e00    20207e00    00000200   00000000    rw-
  20207e00    20207e00    00000200   00000000    rw- .stack


SECTION ALLOCATION MAP

 output                                  attributes/
section   page    origin      length       input sections
--------  ----  ----------  ----------   ----------------
.intvecs   0    00000000    000000c0     
                  00000000    000000c0     startup_mspm0g3507_ticlang.o (.intvecs)

.binit     0    00000000    00000000     

.text      0    00015030    00005bf0     
                  00015030    0000073c     Lab9HMain.o (.text.main)
                  0001576c    000004c0     Machine.o (.text._ZN7Machine11updateAnvilEh)
                  00015c2c    000003e4     Machine.o (.text._ZN7Machine10updateCartEh)
                  00016010    00000364     Machine.o (.text._ZN7Machine14updateCountersEhPS_)
                  00016374    00000330     Machine.o (.text._ZN7Machine13updateSmelterEh)
                  000166a4    000002f0     Machine.o (.text._ZN7Machine10updateRockEh)
                  00016994    000002b0     Machine.o (.text._ZN7Machine13printCountersEPS_)
                  00016c44    00000210     ST7735.o (.text._Z17ST7735_DrawBitmapssPKtss)
                  00016e54    000001d8     Machine.o (.text._ZN7Machine9printCartEv)
                  0001702c    000001b8     Machine.o (.text._ZN7Machine12printSmelterEv)
                  000171e4    000001b8     Machine.o (.text._ZN7Machine13computeRecipeEPaa)
                  0001739c    000001b4     Clock.o (.text._Z15Clock_Init80MHzi)
                  00017550    000001a4     ST7735.o (.text._Z15ST7735_DrawCharsscssh)
                  000176f4    000001a0     ST7735.o (.text._Z16ST7735_DrawCharSsscssh)
                  00017894    00000188     Machine.o (.text._ZN7Machine10printAnvilEv)
                  00017a1c    00000160     Machine.o (.text._ZN7Machine15updateAnvilMenuEPaa)
                  00017b7c    0000015c     Machine.o (.text._ZN7Machine13cartSendErrorEhh)
                  00017cd8    00000154     libc.a : fopen.c.obj (.text._openfile)
                  00017e2c    0000012c     Player.o (.text._ZN6Player8moveDownEv)
                  00017f58    00000128     TExaS.o (.text._Z8ADC_InitP10ADC12_Regsjj)
                  00018080    00000118     ST7735.o (.text._Z15ST7735_FillRectsssst)
                  00018198    00000114     libc.a : memory.c.obj (.text.aligned_alloc)
                  000182ac    00000108     Player.o (.text._ZN6Player6moveUpEv)
                  000183b4    000000f8     SPI.o (.text._Z8SPI_Initv)
                  000184ac    000000f4     ST7735.o (.text._Z18ST7735_SetRotationh)
                  000185a0    000000ec     libsysbm.a : add_device.c.obj (.text.add_device)
                  0001868c    000000e8     TExaS.o (.text._Z9UART_Initv)
                  00018774    000000e8     libc.a : memory.c.obj (.text.free)
                  0001885c    000000e0            : setvbuf.c.obj (.text.setvbuf)
                  0001893c    000000dc     UART2.o (.text._Z10UART2_Initv)
                  00018a18    000000d8     ST7735.o (.text._Z14ST7735_OutCharc)
                  00018af0    000000b0     ST7735.o (.text._Z20ST7735_DrawFastHLinessst)
                  00018ba0    000000b0     ST7735.o (.text._Z20ST7735_DrawFastVLinessst)
                  00018c50    000000ac     Machine.o (.text._ZN7Machine9printRockEv)
                  00018cfc    000000a8     Timer.o (.text._Z14TimerG7_IntArmtjj)
                  00018da4    000000a2     ST7735.o (.text._ZL11commandListPKh)
                  00018e46    00000002     Sound.o (.text.SysTick_Handler)
                  00018e48    000000a0     libsysbm.a : open.c.obj (.text.open)
                  00018ee8    0000009c     ST7735.o (.text._Z17ST7735_InitPrintfv)
                  00018f84    0000009c     Player.o (.text._ZN6Player14checkProximityE7Machine)
                  00019020    00000098     ST7735.o (.text._Z12ST7735_InitR10initRFlags)
                  000190b8    00000094     Timer.o (.text._Z15TimerG12_IntArmjj)
                  0001914c    0000008c     ST7735.o (.text._Z17ST7735_DrawStringttPcs)
                  000191d8    0000008c     SlidePot.o (.text._ZN8SlidePot4InitEv)
                  00019264    0000008a     Machine.o (.text._ZN7MachineC2Ehhhhhhhhhh)
                  000192ee    00000002     libclang_rt.builtins.a : aeabi_div0.c.obj (.text.__aeabi_idiv0)
                  000192f0    00000088     ST7735.o (.text._ZL13setAddrWindowhhhh)
                  00019378    00000008     UART2.o (.text._GLOBAL__sub_I_UART2.cpp)
                  00019380    00000088     libc.a : strcmp-armv6m.S.obj (.text:strcmp)
                  00019408    00000082     Machine.o (.text._ZN7MachineC2Ehhhhhhhhh)
                  0001948a    00000080     Player.o (.text._ZN6Player16resetCoordinatesEv)
                  0001950a    00000002     libc.a : _lock.c.obj (.text._nop)
                  0001950c    0000007c     LaunchPad.o (.text._Z14LaunchPad_Initv)
                  00019588    0000007c     libc.a : fclose.c.obj (.text.__TI_closefile)
                  00019604    0000007c            : copy_decompress_lzss.c.obj (.text:decompress:lzss)
                  00019680    00000078     Player.o (.text._ZN6Player15getMachineInputE7Machine)
                  000196f8    00000074     UART2.o (.text.UART2_IRQHandler)
                  0001976c    00000074     IRxmt.o (.text._Z13IRxmt_SendBiti)
                  000197e0    00000070     ST7735.o (.text._Z16ST7735_DrawPixelsst)
                  00019850    0000006c     libsysbm.a : hostlseek.c.obj (.text.HOSTlseek)
                  000198bc    0000006c                : hostrename.c.obj (.text.HOSTrename)
                  00019928    0000006c     libc.a : getdevice.c.obj (.text.getdevice)
                  00019994    00000064            : memory.c.obj (.text.split)
                  000199f8    00000062     Machine.o (.text._ZN7MachineC2Ehhhhhh)
                  00019a5a    00000002     --HOLE-- [fill = 0]
                  00019a5c    00000060     libsysbm.a : hostopen.c.obj (.text.HOSTopen)
                  00019abc    00000058                : hostread.c.obj (.text.HOSTread)
                  00019b14    00000058                : hostwrite.c.obj (.text.HOSTwrite)
                  00019b6c    00000058     TExaS.o (.text._Z10TExaS_InitP10ADC12_RegsjPFhvE)
                  00019bc4    00000056     libclang_rt.builtins.a : aeabi_idivmod.S.obj (.text.__aeabi_idivmod)
                  00019c1a    00000002     --HOLE-- [fill = 0]
                  00019c1c    00000054     Player.o (.text._ZN6Player14printPosessionEh)
                  00019c70    00000054     SlidePot.o (.text._ZN8SlidePot2InEv)
                  00019cc4    00000054     libc.a : autoinit.c.obj (.text:__TI_auto_init_nobinit)
                  00019d18    00000052            : fflush.c.obj (.text.__TI_doflush)
                  00019d6a    00000050     Lab9HMain.o (.text._GLOBAL__sub_I_Lab9HMain.cpp)
                  00019dba    00000002     --HOLE-- [fill = 0]
                  00019dbc    00000050     Lab9HMain.o (.text.__cxx_global_var_init.10)
                  00019e0c    00000050     libsysbm.a : close.c.obj (.text.close)
                  00019e5c    0000004c     FIFO2.o (.text._ZN5Queue3GetEPc)
                  00019ea8    0000004c     FIFO2.o (.text._ZN5Queue3PutEc)
                  00019ef4    0000004c     Player.o (.text._ZN6Player8moveLeftEv)
                  00019f40    0000004c     Player.o (.text._ZN6Player9moveRightEv)
                  00019f8c    00000048     libsysbm.a : hostclose.c.obj (.text.HOSTclose)
                  00019fd4    00000048                : hostunlink.c.obj (.text.HOSTunlink)
                  0001a01c    00000048     IRxmt.o (.text._Z13IRxmt_OutCharc)
                  0001a064    00000048     SPI.o (.text._Z14SPI_OutCommandc)
                  0001a0ac    00000040     TExaS.o (.text.TIMG7_IRQHandler)
                  0001a0ec    00000040     SPI.o (.text._Z9SPI_Resetv)
                  0001a12c    00000040     libclang_rt.builtins.a : aeabi_uidivmod.S.obj (.text.__aeabi_uidivmod)
                  0001a16c    00000040     Lab9HMain.o (.text.__cxx_global_var_init.18)
                  0001a1ac    00000040     libc.a : fopen.c.obj (.text._search_fp)
                  0001a1ec    0000003c     Lab9HMain.o (.text.TIMG12_IRQHandler)
                  0001a228    0000003c     Sound.o (.text._Z10Sound_Initv)
                  0001a264    00000038     SPI.o (.text._Z11SPI_OutDatac)
                  0001a29c    00000038     LaunchPad.o (.text._Z15ActivatePortA_Bv)
                  0001a2d4    00000034     ST7735.o (.text._Z12ST7735_writeiPKcj)
                  0001a308    00000034     Clock.o (.text._Z14Clock_Delay1msj)
                  0001a33c    00000034     ST7735.o (.text._Z16ST7735_SetCursorjj)
                  0001a370    00000034     libc.a : fopen.c.obj (.text.__TI_cleanup)
                  0001a3a4    00000034     libsysbm.a : trgmsg.c.obj (.text.__TI_readmsg)
                  0001a3d8    00000034                : trgmsg.c.obj (.text.__TI_writemsg)
                  0001a40c    00000034     libc.a : exit.c.obj (.text.exit)
                  0001a440    00000034            : getdevice.c.obj (.text.finddevice)
                  0001a474    00000034            : fopen.c.obj (.text.freopen)
                  0001a4a8    00000030     ST7735.o (.text._ZL10commonInitPKh)
                  0001a4d8    00000030     Lab9HMain.o (.text.__cxx_global_var_init.12)
                  0001a508    00000030     Lab9HMain.o (.text.__cxx_global_var_init.15)
                  0001a538    00000030     Lab9HMain.o (.text.__cxx_global_var_init.16)
                  0001a568    00000030     Lab9HMain.o (.text.__cxx_global_var_init.17)
                  0001a598    00000030     Lab9HMain.o (.text.__cxx_global_var_init.7)
                  0001a5c8    00000030     Lab9HMain.o (.text.__cxx_global_var_init.8)
                  0001a5f8    00000030     Lab9HMain.o (.text.__cxx_global_var_init.9)
                  0001a628    00000030     libc.a : fopen.c.obj (.text.fopen)
                  0001a658    0000002c     ST7735.o (.text._Z17ST7735_FillScreent)
                  0001a684    0000002c     Lab9HMain.o (.text.__cxx_global_var_init.6)
                  0001a6b0    0000002c     libsysbm.a : unlink.c.obj (.text.unlink)
                  0001a6dc    00000028     IRxmt.o (.text._Z10IRxmt_Initv)
                  0001a704    00000028     TExaS.o (.text._Z9ADC_StartP10ADC12_Regs)
                  0001a72c    00000028     Lab9HMain.o (.text.__cxx_global_var_init.4)
                  0001a754    00000028     libc.a : memory.c.obj (.text.free_list_insert)
                  0001a77c    00000028     libsysbm.a : write.c.obj (.text.write)
                  0001a7a4    00000028     libc.a : boot_cortex_m.c.obj (.text:_c_int00_noargs)
                  0001a7cc    00000024     SlidePot.o (.text._ZN8SlidePot4SaveEj)
                  0001a7f0    00000024     Lab9HMain.o (.text.__cxx_global_var_init.11)
                  0001a814    00000024     Lab9HMain.o (.text.__cxx_global_var_init.13)
                  0001a838    00000024     Lab9HMain.o (.text.__cxx_global_var_init.14)
                  0001a85c    00000024     Lab9HMain.o (.text.__cxx_global_var_init.2)
                  0001a880    00000024     Lab9HMain.o (.text.__cxx_global_var_init.3)
                  0001a8a4    00000024     Lab9HMain.o (.text.__cxx_global_var_init.5)
                  0001a8c8    00000022     FIFO2.o (.text._ZN5Queue6IsFullEv)
                  0001a8ea    00000020     SlidePot.o (.text._ZN8SlidePot4SyncEv)
                  0001a90a    0000001e     ST7735.o (.text._ZL9pushColort)
                  0001a928    0000001c     startup_mspm0g3507_ticlang.o (.text.Default_Handler)
                  0001a944    0000001c     startup_mspm0g3507_ticlang.o (.text.HardFault_Handler)
                  0001a960    0000001c     UART2.o (.text._Z12UART2_InCharv)
                  0001a97c    0000001c     Switch.o (.text._Z9Switch_Inv)
                  0001a998    0000001c     Player.o (.text._ZN6PlayerC2Ev)
                  0001a9b4    0000001c     libc.a : memory.c.obj (.text.free_list_remove)
                  0001a9d0    00000018     Switch.o (.text._Z11Switch_Initv)
                  0001a9e8    00000016     ST7735.o (.text._Z11ST7735_openPKcji)
                  0001a9fe    00000016     ST7735.o (.text._Z11ST7735_readiPcj)
                  0001aa14    00000016     libc.a : copy_zero_init.c.obj (.text:decompress:ZI:__TI_zero_init_nomemset)
                  0001aa2a    00000014     FIFO2.o (.text._ZN5Queue7IsEmptyEv)
                  0001aa3e    00000012     Player.o (.text._ZN6Player13setPossessionEh)
                  0001aa50    00000012     Machine.o (.text._ZN7Machine11setRockTypeEh)
                  0001aa62    00000012     libc.a : memcpy16.S.obj (.text:TI_memcpy_small)
                  0001aa74    00000012            : copy_decompress_none.c.obj (.text:decompress:none)
                  0001aa86    00000010     Clock.o (.text._Z11Clock_Delayj)
                  0001aa96    00000002     --HOLE-- [fill = 0]
                  0001aa98    00000010     UART2.o (.text._Z12UART2_Enablev)
                  0001aaa8    00000010     UART2.o (.text._Z13UART2_Disablev)
                  0001aab8    00000010     Lab9HMain.o (.text._Z28TExaS_LaunchPadLogicPB27PB26v)
                  0001aac8    00000010     FIFO2.o (.text._ZN5QueueC2Ev)
                  0001aad8    00000010     Lab9HMain.o (.text.__cxx_global_var_init.1)
                  0001aae8    00000010     Lab9HMain.o (.text.__cxx_global_var_init)
                  0001aaf8    00000010     UART2.o (.text.__cxx_global_var_init)
                  0001ab08    0000000e     libc.a : memory.c.obj (.text.OUTLINED_FUNCTION_0)
                  0001ab16    0000000e     ST7735.o (.text._Z12ST7735_lseekili)
                  0001ab24    0000000e     Player.o (.text._ZN6Player7getXPosEv)
                  0001ab32    0000000e     Player.o (.text._ZN6Player7getYPosEv)
                  0001ab40    0000000e     SlidePot.o (.text._ZN8SlidePotC2Ev)
                  0001ab4e    0000000e     libsysbm.a : hostrename.c.obj (.text.strcpy)
                  0001ab5c    0000000e                : hostrename.c.obj (.text.strlen)
                  0001ab6a    0000000e     libc.a : memset16.S.obj (.text:TI_memset_small)
                  0001ab78    0000000c     Clock.o (.text._Z10Clock_Freqv)
                  0001ab84    0000000c     ST7735.o (.text._Z13ST7735_renamePKcS0_)
                  0001ab90    0000000c     IRxmt.o (.text._Z5Delayj)
                  0001ab9c    0000000c     Player.o (.text._ZN6Player7getSizeEv)
                  0001aba8    0000000c     SlidePot.o (.text._ZN8SlidePot9DistanceXEv)
                  0001abb4    0000000c     SlidePot.o (.text._ZN8SlidePot9DistanceYEv)
                  0001abc0    0000000c     libclang_rt.builtins.a : aeabi_memset.S.obj (.text.__aeabi_memclr)
                  0001abcc    0000000c     libc.a : memory.c.obj (.text.malloc)
                  0001abd8    0000000a     ST7735.o (.text._Z12ST7735_closei)
                  0001abe2    0000000a     ST7735.o (.text._Z13ST7735_unlinkPKc)
                  0001abec    0000000a     Lab9HMain.o (.text._Z8PLL_Initv)
                  0001abf6    00000002     --HOLE-- [fill = 0]
                  0001abf8    00000008     libclang_rt.builtins.a : aeabi_memcpy.S.obj (.text.__aeabi_memcpy)
                  0001ac00    00000008     libsysbm.a : remove.c.obj (.text.remove)
                  0001ac08    00000004     startup_mspm0g3507_ticlang.o (.text.Reset_Handler)
                  0001ac0c    00000004     libc.a : pre_init.c.obj (.text._system_pre_init)
                  0001ac10    00000004            : exit.c.obj (.text:abort)
                  0001ac14    0000000c     --HOLE-- [fill = 0]

.cinit     0    0001ac28    00000118     
                  0001ac28    000000f4     (.cinit..data.load) [load image, compression = lzss]
                  0001ad1c    0000000c     (__TI_handler_table)
                  0001ad28    00000008     (.cinit..bss.load) [load image, compression = zero_init]
                  0001ad30    00000010     (__TI_cinit_table)

.rodata    0    000000c0    00014f70     
                  000000c0    00002800     Machine.o (.rodata._ZL4todo)
                  000028c0    00002700     Machine.o (.rodata._ZL9anvilMenu)
                  00004fc0    00001008     Machine.o (.rodata._ZL11smelterFail)
                  00005fc8    00001008     Machine.o (.rodata._ZL14smelterWorking)
                  00006fd0    00001008     Machine.o (.rodata._ZL16smelterHighlight)
                  00007fd8    00001008     Machine.o (.rodata._ZL20smelterFailHighlight)
                  00008fe0    00001008     Machine.o (.rodata._ZL7smelter)
                  00009fe8    00000f78     Machine.o (.rodata._ZL12anvilWorking)
                  0000af60    00000f78     Machine.o (.rodata._ZL14anvilHighlight)
                  0000bed8    00000f78     Machine.o (.rodata._ZL5anvil)
                  0000ce50    00000f74     Machine.o (.rodata._ZL13cartHighlight)
                  0000ddc4    00000f74     Machine.o (.rodata._ZL4cart)
                  0000ed38    00000bb0     Machine.o (.rodata._ZL11workingRock)
                  0000f8e8    00000bb0     Machine.o (.rodata._ZL13highlightRock)
                  00010498    00000bb0     Machine.o (.rodata._ZL18rockCrackHighlight)
                  00011048    00000bb0     Machine.o (.rodata._ZL4rock)
                  00011bf8    000006e0     Machine.o (.rodata._ZL6ladder)
                  000122d8    00000548     Lab9HMain.o (.rodata._ZL5miner)
                  00012820    00000540     Machine.o (.rodata._ZL7counter)
                  00012d60    000004fb     ST7735.o (.rodata._ZL4Font)
                  0001325b    00000001     --HOLE-- [fill = 0]
                  0001325c    00000348     Machine.o (.rodata._ZL5watch)
                  000135a4    00000320     Machine.o (.rodata._ZL5trash)
                  000138c4    000002d2     Machine.o (.rodata._ZL5sword)
                  00013b96    000002ac     Machine.o (.rodata._ZL3key)
                  00013e42    000002a0     Machine.o (.rodata._ZL6shield)
                  000140e2    00000220     Machine.o (.rodata._ZL4ring)
                  00014302    0000018c     Machine.o (.rodata._ZL10rawDiamond)
                  0001448e    0000018c     Machine.o (.rodata._ZL10rawEmerald)
                  0001461a    0000018c     Machine.o (.rodata._ZL7rawGold)
                  000147a6    0000018c     Machine.o (.rodata._ZL7rawRuby)
                  00014932    0000018c     Machine.o (.rodata._ZL9rawSilver)
                  00014abe    0000010e     Machine.o (.rodata._ZL4gold)
                  00014bcc    0000010e     Machine.o (.rodata._ZL6silver)
                  00014cda    000000d8     Machine.o (.rodata._ZL4Ruby)
                  00014db2    000000d8     Machine.o (.rodata._ZL7Diamond)
                  00014e8a    000000d8     Machine.o (.rodata._ZL7Emerald)
                  00014f62    0000003b     ST7735.o (.rodata._ZL5Rcmd1)
                  00014f9d    0000002b     ST7735.o (.rodata._ZL5Rcmd3)
                  00014fc8    00000019     Machine.o (.rodata._ZL7recipes)
                  00014fe1    00000016     ST7735.o (.rodata.str1.145533100666594254441)
                  00014ff7    0000000d     ST7735.o (.rodata._ZL10Rcmd2green)
                  00015004    0000000d     ST7735.o (.rodata._ZL8Rcmd2red)
                  00015011    00000008     ST7735.o (.rodata.str1.74455504091578136031)
                  00015019    00000007     ST7735.o (.rodata.str1.70397418904557661531)
                  00015020    00000007     ST7735.o (.rodata.str1.94386759871288863331)
                  00015027    00000002     ST7735.o (.rodata.str1.79068154596109554801)
                  00015029    00000007     --HOLE-- [fill = 0]

.init_array 
*          0    0001ac20    00000008     
                  0001ac20    00000004     UART2.o (.init_array)
                  0001ac24    00000004     Lab9HMain.o (.init_array)

.data      0    20200000    000003fd     UNINITIALIZED
                  20200000    000000f0     libc.a : defs.c.obj (.data._ftable)
                  202000f0    00000088     Machine.o (.data.sprites)
                  20200178    00000078     libsysbm.a : host_device.c.obj (.data._device)
                  202001f0    00000050                : host_device.c.obj (.data._stream)
                  20200240    00000038     Lab9HMain.o (.data.Counters)
                  20200278    0000002a     Lab9HMain.o (.data.Counters2)
                  202002a2    00000002     ST7735.o (.data.StTextColor)
                  202002a4    00000028     UART2.o (.data.FIFO2)
                  202002cc    00000014     Machine.o (.data._ZL7ToDoArr)
                  202002e0    0000000e     Lab9HMain.o (.data.m_anvil)
                  202002ee    0000000e     Lab9HMain.o (.data.m_cart1)
                  202002fc    0000000e     Lab9HMain.o (.data.m_cart2)
                  2020030a    0000000e     Lab9HMain.o (.data.m_counter1)
                  20200318    0000000e     Lab9HMain.o (.data.m_counter2)
                  20200326    0000000e     Lab9HMain.o (.data.m_counter3)
                  20200334    0000000e     Lab9HMain.o (.data.m_counter4)
                  20200342    0000000e     Lab9HMain.o (.data.m_counter5)
                  20200350    0000000e     Lab9HMain.o (.data.m_counter6)
                  2020035e    0000000e     Lab9HMain.o (.data.m_portal)
                  2020036c    0000000e     Lab9HMain.o (.data.m_refiner)
                  2020037a    0000000e     Lab9HMain.o (.data.m_rock1)
                  20200388    0000000e     Lab9HMain.o (.data.m_rock2)
                  20200396    0000000e     Lab9HMain.o (.data.m_smelter)
                  202003a4    0000000e     Lab9HMain.o (.data.m_todo)
                  202003b2    00000002     ST7735.o (.data._ZL6_width)
                  202003b4    0000000c     Lab9HMain.o (.data.Sensor)
                  202003c0    00000008     libc.a : exit.c.obj (.data..L_MergedGlobals)
                  202003c8    00000008     Lab9HMain.o (.data.p1)
                  202003d0    00000004     Clock.o (.data.BusFreq)
                  202003d4    00000004     ST7735.o (.data.StX)
                  202003d8    00000004     ST7735.o (.data.StY)
                  202003dc    00000004     libc.a : defs.c.obj (.data.__TI_ft_end)
                  202003e0    00000004            : _lock.c.obj (.data._lock)
                  202003e4    00000004            : _lock.c.obj (.data._unlock)
                  202003e8    00000002     ST7735.o (.data._ZL7_height)
                  202003ea    00000001     Machine.o (.data._ZZN7Machine10updateCartEhE8debounce)
                  202003eb    00000001     Machine.o (.data._ZZN7Machine10updateRockEhE10wasWorking)
                  202003ec    00000001     Machine.o (.data._ZZN7Machine10updateRockEhE7halfway)
                  202003ed    00000001     Machine.o (.data._ZZN7Machine11updateAnvilEhE10wasWorking)
                  202003ee    00000001     Machine.o (.data._ZZN7Machine11updateAnvilEhE11anvilLength)
                  202003ef    00000001     Machine.o (.data._ZZN7Machine11updateAnvilEhE12menuDebounce)
                  202003f0    00000001     Machine.o (.data._ZZN7Machine14updateCountersEhPS_E8debounce)
                  202003f1    00000001     Machine.o (.data._ZZN7Machine9printCartEvE2in)
                  202003f2    00000001     Machine.o (.data._ZZN7Machine9printCartEvE4sent)
                  202003f3    00000001     Lab9HMain.o (.data.input)
                  202003f4    00000001     libsysbm.a : add_device.c.obj (.data.add_device.device_init)
                  202003f5    00000001     Lab9HMain.o (.data.numCounters)
                  202003f6    00000001     Machine.o (.data.progH)
                  202003f7    00000001     Machine.o (.data.progW)
                  202003f8    00000001     libc.a : memory.c.obj (.data.memory_is_initialized)
                  202003f9    00000003     --HOLE--
                  202003fc    00000001     libsysbm.a : open.c.obj (.data.open.stream_init)

.sysmem    0    20200400    00000200     UNINITIALIZED
                  20200400    00000010     libc.a : memory.c.obj (.sysmem)
                  20200410    000001f0     --HOLE--

.bss       0    20200600    000001e3     UNINITIALIZED
                  20200600    00000120     libsysbm.a : trgmsg.c.obj (.bss:_CIOBUF_)
                  20200720    000000a0     libc.a : defs.c.obj (.bss.__TI_tmpnams)
                  202007c0    00000008     libsysbm.a : hostopen.c.obj (.bss.parmbuf)
                  202007c8    00000005     Machine.o (.bss._ZZN7Machine11updateAnvilEhE10AnvilItems)
                  202007cd    00000001     ST7735.o (.bss._ZL8ColStart)
                  202007ce    00000001     ST7735.o (.bss._ZL8Rotation)
                  202007cf    00000001     ST7735.o (.bss._ZL8RowStart)
                  202007d0    00000004     UART2.o (.bss.LostData)
                  202007d4    00000004     TExaS.o (.bss.TExaSLogic)
                  202007d8    00000004     TExaS.o (.bss.TExaSadc)
                  202007dc    00000004     libc.a : memory.c.obj (.bss.sys_free)
                  202007e0    00000001     ST7735.o (.bss._ZL8TabColor)
                  202007e1    00000001     Lab9HMain.o (.bss.buttons)
                  202007e2    00000001     Lab9HMain.o (.bss.menuOpen)

.stack     0    20207e00    00000200     UNINITIALIZED
                  20207e00    00000004     libc.a : boot_cortex_m.c.obj (.stack)
                  20207e04    000001fc     --HOLE--

__llvm_prf_cnts 
*          0    20200000    00000000     UNINITIALIZED

__llvm_prf_bits 
*          0    20200000    00000000     UNINITIALIZED

MODULE SUMMARY

       Module                         code    ro data   rw data
       ------                         ----    -------   -------
    .\
       Machine.o                      8336    83063     172    
       ST7735.o                       3630    1449      18     
       Lab9HMain.o                    2830    1356      332    
       Player.o                       1290    0         0      
       TExaS.o                        720     0         8      
       Clock.o                        516     0         4      
       UART2.o                        420     4         44     
       SPI.o                          440     0         0      
       SlidePot.o                     330     0         0      
       Timer.o                        316     0         0      
       IRxmt.o                        240     0         0      
       FIFO2.o                        222     0         0      
       LaunchPad.o                    180     0         0      
       Sound.o                        62      0         0      
       Switch.o                       52      0         0      
    +--+------------------------------+-------+---------+---------+
       Total:                         19584   85872     578    
                                                               
    .\ticlang\
       startup_mspm0g3507_ticlang.o   60      192       0      
    +--+------------------------------+-------+---------+---------+
       Total:                         60      192       0      
                                                               
    C:\ti\ccs2000\ccs\tools\compiler\ti-cgt-armllvm_4.0.1.LTS\lib\armv6m-ti-none-eabi/c/libc.a
       memory.c.obj                   702     0         5      
       fopen.c.obj                    556     0         0      
       defs.c.obj                     0       0         404    
       setvbuf.c.obj                  224     0         0      
       getdevice.c.obj                160     0         0      
       strcmp-armv6m.S.obj            136     0         0      
       copy_decompress_lzss.c.obj     124     0         0      
       fclose.c.obj                   124     0         0      
       autoinit.c.obj                 84      0         0      
       fflush.c.obj                   82      0         0      
       exit.c.obj                     56      0         8      
       boot_cortex_m.c.obj            40      0         0      
       copy_zero_init.c.obj           22      0         0      
       copy_decompress_none.c.obj     18      0         0      
       memcpy16.S.obj                 18      0         0      
       memset16.S.obj                 14      0         0      
       _lock.c.obj                    2       0         8      
       pre_init.c.obj                 4       0         0      
    +--+------------------------------+-------+---------+---------+
       Total:                         2366    0         425    
                                                               
    C:\ti\ccs2000\ccs\tools\compiler\ti-cgt-armllvm_4.0.1.LTS\lib\armv6m-ti-none-eabi/c/libsysbm.a
       trgmsg.c.obj                   104     0         288    
       add_device.c.obj               236     0         1      
       host_device.c.obj              0       0         200    
       open.c.obj                     160     0         1      
       hostrename.c.obj               136     0         0      
       hostlseek.c.obj                108     0         0      
       hostopen.c.obj                 96      0         8      
       hostread.c.obj                 88      0         0      
       hostwrite.c.obj                88      0         0      
       close.c.obj                    80      0         0      
       hostclose.c.obj                72      0         0      
       hostunlink.c.obj               72      0         0      
       unlink.c.obj                   44      0         0      
       write.c.obj                    40      0         0      
       remove.c.obj                   8       0         0      
    +--+------------------------------+-------+---------+---------+
       Total:                         1332    0         498    
                                                               
    C:\ti\ccs2000\ccs\tools\compiler\ti-cgt-armllvm_4.0.1.LTS\lib\armv6m-ti-none-eabi/libclang_rt.builtins.a
       aeabi_idivmod.S.obj            86      0         0      
       aeabi_uidivmod.S.obj           64      0         0      
       aeabi_memset.S.obj             12      0         0      
       aeabi_memcpy.S.obj             8       0         0      
       aeabi_div0.c.obj               2       0         0      
    +--+------------------------------+-------+---------+---------+
       Total:                         172     0         0      
                                                               
       Heap:                          0       0         512    
       Stack:                         0       0         512    
       Linker Generated:              0       280       0      
    +--+------------------------------+-------+---------+---------+
       Grand Total:                   23514   86344     2525   


LINKER GENERATED COPY TABLES

__TI_cinit_table @ 0001ad30 records: 2, size/record: 8, table size: 16
	.data: load addr=0001ac28, load size=000000f4 bytes, run addr=20200000, run size=000003fd bytes, compression=lzss
	.bss: load addr=0001ad28, load size=00000008 bytes, run addr=20200600, run size=000001e3 bytes, compression=zero_init


LINKER GENERATED HANDLER TABLE

__TI_handler_table @ 0001ad1c records: 3, size/record: 4, table size: 12
	index: 0, handler: __TI_decompress_lzss
	index: 1, handler: __TI_decompress_none
	index: 2, handler: __TI_zero_init


GLOBAL SYMBOLS: SORTED ALPHABETICALLY BY Name 

address   name                                
-------   ----                                
0001a929  ADC0_IRQHandler                     
0001a929  ADC1_IRQHandler                     
0001a929  AES_IRQHandler                      
202003d0  BusFreq                             
0001ac10  C$$EXIT                             
0001a405  C$$IO$$                             
0001a929  CANFD0_IRQHandler                   
20200240  Counters                            
20200278  Counters2                           
0001a929  DAC0_IRQHandler                     
0001a929  DMA_IRQHandler                      
0001a929  Default_Handler                     
202002a4  FIFO2                               
0001a929  GROUP0_IRQHandler                   
0001a929  GROUP1_IRQHandler                   
00019f8d  HOSTclose                           
00019851  HOSTlseek                           
00019a5d  HOSTopen                            
00019abd  HOSTread                            
000198bd  HOSTrename                          
00019fd5  HOSTunlink                          
00019b15  HOSTwrite                           
0001a945  HardFault_Handler                   
0001a929  I2C0_IRQHandler                     
0001a929  I2C1_IRQHandler                     
202007d0  LostData                            
0001a929  NMI_Handler                         
0001a929  PendSV_Handler                      
0001a929  RTC_IRQHandler                      
0001ac09  Reset_Handler                       
0001ac20  SHT$$INIT_ARRAY$$Base               
0001ac28  SHT$$INIT_ARRAY$$Limit              
0001a929  SPI0_IRQHandler                     
0001a929  SPI1_IRQHandler                     
0001a929  SVC_Handler                         
202003b4  Sensor                              
202002a2  StTextColor                         
202003d4  StX                                 
202003d8  StY                                 
00018e47  SysTick_Handler                     
202007d4  TExaSLogic                          
202007d8  TExaSadc                            
0001a929  TIMA0_IRQHandler                    
0001a929  TIMA1_IRQHandler                    
0001a929  TIMG0_IRQHandler                    
0001a1ed  TIMG12_IRQHandler                   
0001a929  TIMG6_IRQHandler                    
0001a0ad  TIMG7_IRQHandler                    
0001a929  TIMG8_IRQHandler                    
0001aa63  TI_memcpy_small                     
0001ab6b  TI_memset_small                     
0001a929  UART0_IRQHandler                    
0001a929  UART1_IRQHandler                    
000196f9  UART2_IRQHandler                    
0001a929  UART3_IRQHandler                    
20200600  _CIOBUF_                            
0001ab79  _Z10Clock_Freqv                     
0001a6dd  _Z10IRxmt_Initv                     
0001a229  _Z10Sound_Initv                     
00019b6d  _Z10TExaS_InitP10ADC12_RegsjPFhvE   
0001893d  _Z10UART2_Initv                     
0001aa87  _Z11Clock_Delayj                    
0001a265  _Z11SPI_OutDatac                    
0001a9e9  _Z11ST7735_openPKcji                
0001a9ff  _Z11ST7735_readiPcj                 
0001a9d1  _Z11Switch_Initv                    
00019021  _Z12ST7735_InitR10initRFlags        
0001abd9  _Z12ST7735_closei                   
0001ab17  _Z12ST7735_lseekili                 
0001a2d5  _Z12ST7735_writeiPKcj               
0001aa99  _Z12UART2_Enablev                   
0001a961  _Z12UART2_InCharv                   
0001a01d  _Z13IRxmt_OutCharc                  
0001976d  _Z13IRxmt_SendBiti                  
0001ab85  _Z13ST7735_renamePKcS0_             
0001abe3  _Z13ST7735_unlinkPKc                
0001aaa9  _Z13UART2_Disablev                  
0001a309  _Z14Clock_Delay1msj                 
0001950d  _Z14LaunchPad_Initv                 
0001a065  _Z14SPI_OutCommandc                 
00018a19  _Z14ST7735_OutCharc                 
00018cfd  _Z14TimerG7_IntArmtjj               
0001a29d  _Z15ActivatePortA_Bv                
0001739d  _Z15Clock_Init80MHzi                
00017551  _Z15ST7735_DrawCharsscssh           
00018081  _Z15ST7735_FillRectsssst            
000190b9  _Z15TimerG12_IntArmjj               
000176f5  _Z16ST7735_DrawCharSsscssh          
000197e1  _Z16ST7735_DrawPixelsst             
0001a33d  _Z16ST7735_SetCursorjj              
00016c45  _Z17ST7735_DrawBitmapssPKtss        
0001914d  _Z17ST7735_DrawStringttPcs          
0001a659  _Z17ST7735_FillScreent              
00018ee9  _Z17ST7735_InitPrintfv              
000184ad  _Z18ST7735_SetRotationh             
00018af1  _Z20ST7735_DrawFastHLinessst        
00018ba1  _Z20ST7735_DrawFastVLinessst        
0001aab9  _Z28TExaS_LaunchPadLogicPB27PB26v   
0001ab91  _Z5Delayj                           
00017f59  _Z8ADC_InitP10ADC12_Regsjj          
0001abed  _Z8PLL_Initv                        
000183b5  _Z8SPI_Initv                        
0001a705  _Z9ADC_StartP10ADC12_Regs           
0001a0ed  _Z9SPI_Resetv                       
0001a97d  _Z9Switch_Inv                       
0001868d  _Z9UART_Initv                       
00019e5d  _ZN5Queue3GetEPc                    
00019ea9  _ZN5Queue3PutEc                     
0001a8c9  _ZN5Queue6IsFullEv                  
0001aa2b  _ZN5Queue7IsEmptyEv                 
0001aac9  _ZN5QueueC1Ev                       
0001aac9  _ZN5QueueC2Ev                       
0001aa3f  _ZN6Player13setPossessionEh         
00018f85  _ZN6Player14checkProximityE7Machine 
00019c1d  _ZN6Player14printPosessionEh        
00019681  _ZN6Player15getMachineInputE7Machine
0001948b  _ZN6Player16resetCoordinatesEv      
000182ad  _ZN6Player6moveUpEv                 
0001ab9d  _ZN6Player7getSizeEv                
0001ab25  _ZN6Player7getXPosEv                
0001ab33  _ZN6Player7getYPosEv                
00017e2d  _ZN6Player8moveDownEv               
00019ef5  _ZN6Player8moveLeftEv               
00019f41  _ZN6Player9moveRightEv              
0001a999  _ZN6PlayerC1Ev                      
0001a999  _ZN6PlayerC2Ev                      
00017895  _ZN7Machine10printAnvilEv           
00015c2d  _ZN7Machine10updateCartEh           
000166a5  _ZN7Machine10updateRockEh           
0001aa51  _ZN7Machine11setRockTypeEh          
0001576d  _ZN7Machine11updateAnvilEh          
0001702d  _ZN7Machine12printSmelterEv         
00017b7d  _ZN7Machine13cartSendErrorEhh       
000171e5  _ZN7Machine13computeRecipeEPaa      
00016995  _ZN7Machine13printCountersEPS_      
00016375  _ZN7Machine13updateSmelterEh        
00016011  _ZN7Machine14updateCountersEhPS_    
00017a1d  _ZN7Machine15updateAnvilMenuEPaa    
00016e55  _ZN7Machine9printCartEv             
00018c51  _ZN7Machine9printRockEv             
000199f9  _ZN7MachineC1Ehhhhhh                
00019409  _ZN7MachineC1Ehhhhhhhhh             
00019265  _ZN7MachineC1Ehhhhhhhhhh            
000199f9  _ZN7MachineC2Ehhhhhh                
00019409  _ZN7MachineC2Ehhhhhhhhh             
00019265  _ZN7MachineC2Ehhhhhhhhhh            
00019c71  _ZN8SlidePot2InEv                   
000191d9  _ZN8SlidePot4InitEv                 
0001a7cd  _ZN8SlidePot4SaveEj                 
0001a8eb  _ZN8SlidePot4SyncEv                 
0001aba9  _ZN8SlidePot9DistanceXEv            
0001abb5  _ZN8SlidePot9DistanceYEv            
0001ab41  _ZN8SlidePotC1Ev                    
0001ab41  _ZN8SlidePotC2Ev                    
20200600  __CIOBUF_                           
20208000  __STACK_END                         
00000200  __STACK_SIZE                        
00000200  __SYSMEM_SIZE                       
00000000  __TI_ATRegion0_region_sz            
00000000  __TI_ATRegion0_src_addr             
00000000  __TI_ATRegion0_trg_addr             
00000000  __TI_ATRegion1_region_sz            
00000000  __TI_ATRegion1_src_addr             
00000000  __TI_ATRegion1_trg_addr             
00000000  __TI_ATRegion2_region_sz            
00000000  __TI_ATRegion2_src_addr             
00000000  __TI_ATRegion2_trg_addr             
0001ad30  __TI_CINIT_Base                     
0001ad40  __TI_CINIT_Limit                    
0001ad40  __TI_CINIT_Warm                     
0001ad1c  __TI_Handler_Table_Base             
0001ad28  __TI_Handler_Table_Limit            
00019cc5  __TI_auto_init_nobinit              
0001a371  __TI_cleanup                        
202003c0  __TI_cleanup_ptr                    
00019589  __TI_closefile                      
00019605  __TI_decompress_lzss                
0001aa75  __TI_decompress_none                
00019d19  __TI_doflush                        
202003c4  __TI_dtors_ptr                      
202003dc  __TI_ft_end                         
ffffffff  __TI_pprof_out_hndl                 
ffffffff  __TI_prof_data_size                 
ffffffff  __TI_prof_data_start                
0001a3a5  __TI_readmsg                        
00000000  __TI_static_base__                  
20200720  __TI_tmpnams                        
0001a3d9  __TI_writemsg                       
0001aa15  __TI_zero_init_nomemset             
00019bc5  __aeabi_idiv                        
000192ef  __aeabi_idiv0                       
00019bc5  __aeabi_idivmod                     
0001abc1  __aeabi_memclr                      
0001abc1  __aeabi_memclr4                     
0001abc1  __aeabi_memclr8                     
0001abf9  __aeabi_memcpy                      
0001abf9  __aeabi_memcpy4                     
0001abf9  __aeabi_memcpy8                     
0001a12d  __aeabi_uidiv                       
0001a12d  __aeabi_uidivmod                    
ffffffff  __binit__                           
UNDEFED   __mpu_init                          
20207e00  __stack                             
20200000  __start___llvm_prf_bits             
20200000  __start___llvm_prf_cnts             
20200000  __stop___llvm_prf_bits              
20200000  __stop___llvm_prf_cnts              
0001a7a5  _c_int00_noargs                     
20200178  _device                             
20200000  _ftable                             
202003e0  _lock                               
0001950b  _nop                                
202001f0  _stream                             
20200400  _sys_memory                         
UNDEFED   _system_post_cinit                  
0001ac0d  _system_pre_init                    
202003e4  _unlock                             
0001ac11  abort                               
000185a1  add_device                          
00018199  aligned_alloc                       
ffffffff  binit                               
202007e1  buttons                             
00019e0d  close                               
0001a40d  exit                                
0001a441  finddevice                          
0001a629  fopen                               
00018775  free                                
0001a475  freopen                             
00019929  getdevice                           
202003f3  input                               
00000000  interruptVectors                    
202002e0  m_anvil                             
202002ee  m_cart1                             
202002fc  m_cart2                             
2020030a  m_counter1                          
20200318  m_counter2                          
20200326  m_counter3                          
20200334  m_counter4                          
20200342  m_counter5                          
20200350  m_counter6                          
2020035e  m_portal                            
2020036c  m_refiner                           
2020037a  m_rock1                             
20200388  m_rock2                             
20200396  m_smelter                           
202003a4  m_todo                              
00015031  main                                
0001abcd  malloc                              
00018199  memalign                            
202007e2  menuOpen                            
202003f5  numCounters                         
00018e49  open                                
202003c8  p1                                  
202007c0  parmbuf                             
202003f6  progH                               
202003f7  progW                               
0001ac01  remove                              
0001885d  setvbuf                             
202000f0  sprites                             
00019381  strcmp                              
0001a6b1  unlink                              
0001a77d  write                               


GLOBAL SYMBOLS: SORTED BY Symbol Address 

address   name                                
-------   ----                                
00000000  __TI_ATRegion0_region_sz            
00000000  __TI_ATRegion0_src_addr             
00000000  __TI_ATRegion0_trg_addr             
00000000  __TI_ATRegion1_region_sz            
00000000  __TI_ATRegion1_src_addr             
00000000  __TI_ATRegion1_trg_addr             
00000000  __TI_ATRegion2_region_sz            
00000000  __TI_ATRegion2_src_addr             
00000000  __TI_ATRegion2_trg_addr             
00000000  __TI_static_base__                  
00000000  interruptVectors                    
00000200  __STACK_SIZE                        
00000200  __SYSMEM_SIZE                       
00015031  main                                
0001576d  _ZN7Machine11updateAnvilEh          
00015c2d  _ZN7Machine10updateCartEh           
00016011  _ZN7Machine14updateCountersEhPS_    
00016375  _ZN7Machine13updateSmelterEh        
000166a5  _ZN7Machine10updateRockEh           
00016995  _ZN7Machine13printCountersEPS_      
00016c45  _Z17ST7735_DrawBitmapssPKtss        
00016e55  _ZN7Machine9printCartEv             
0001702d  _ZN7Machine12printSmelterEv         
000171e5  _ZN7Machine13computeRecipeEPaa      
0001739d  _Z15Clock_Init80MHzi                
00017551  _Z15ST7735_DrawCharsscssh           
000176f5  _Z16ST7735_DrawCharSsscssh          
00017895  _ZN7Machine10printAnvilEv           
00017a1d  _ZN7Machine15updateAnvilMenuEPaa    
00017b7d  _ZN7Machine13cartSendErrorEhh       
00017e2d  _ZN6Player8moveDownEv               
00017f59  _Z8ADC_InitP10ADC12_Regsjj          
00018081  _Z15ST7735_FillRectsssst            
00018199  aligned_alloc                       
00018199  memalign                            
000182ad  _ZN6Player6moveUpEv                 
000183b5  _Z8SPI_Initv                        
000184ad  _Z18ST7735_SetRotationh             
000185a1  add_device                          
0001868d  _Z9UART_Initv                       
00018775  free                                
0001885d  setvbuf                             
0001893d  _Z10UART2_Initv                     
00018a19  _Z14ST7735_OutCharc                 
00018af1  _Z20ST7735_DrawFastHLinessst        
00018ba1  _Z20ST7735_DrawFastVLinessst        
00018c51  _ZN7Machine9printRockEv             
00018cfd  _Z14TimerG7_IntArmtjj               
00018e47  SysTick_Handler                     
00018e49  open                                
00018ee9  _Z17ST7735_InitPrintfv              
00018f85  _ZN6Player14checkProximityE7Machine 
00019021  _Z12ST7735_InitR10initRFlags        
000190b9  _Z15TimerG12_IntArmjj               
0001914d  _Z17ST7735_DrawStringttPcs          
000191d9  _ZN8SlidePot4InitEv                 
00019265  _ZN7MachineC1Ehhhhhhhhhh            
00019265  _ZN7MachineC2Ehhhhhhhhhh            
000192ef  __aeabi_idiv0                       
00019381  strcmp                              
00019409  _ZN7MachineC1Ehhhhhhhhh             
00019409  _ZN7MachineC2Ehhhhhhhhh             
0001948b  _ZN6Player16resetCoordinatesEv      
0001950b  _nop                                
0001950d  _Z14LaunchPad_Initv                 
00019589  __TI_closefile                      
00019605  __TI_decompress_lzss                
00019681  _ZN6Player15getMachineInputE7Machine
000196f9  UART2_IRQHandler                    
0001976d  _Z13IRxmt_SendBiti                  
000197e1  _Z16ST7735_DrawPixelsst             
00019851  HOSTlseek                           
000198bd  HOSTrename                          
00019929  getdevice                           
000199f9  _ZN7MachineC1Ehhhhhh                
000199f9  _ZN7MachineC2Ehhhhhh                
00019a5d  HOSTopen                            
00019abd  HOSTread                            
00019b15  HOSTwrite                           
00019b6d  _Z10TExaS_InitP10ADC12_RegsjPFhvE   
00019bc5  __aeabi_idiv                        
00019bc5  __aeabi_idivmod                     
00019c1d  _ZN6Player14printPosessionEh        
00019c71  _ZN8SlidePot2InEv                   
00019cc5  __TI_auto_init_nobinit              
00019d19  __TI_doflush                        
00019e0d  close                               
00019e5d  _ZN5Queue3GetEPc                    
00019ea9  _ZN5Queue3PutEc                     
00019ef5  _ZN6Player8moveLeftEv               
00019f41  _ZN6Player9moveRightEv              
00019f8d  HOSTclose                           
00019fd5  HOSTunlink                          
0001a01d  _Z13IRxmt_OutCharc                  
0001a065  _Z14SPI_OutCommandc                 
0001a0ad  TIMG7_IRQHandler                    
0001a0ed  _Z9SPI_Resetv                       
0001a12d  __aeabi_uidiv                       
0001a12d  __aeabi_uidivmod                    
0001a1ed  TIMG12_IRQHandler                   
0001a229  _Z10Sound_Initv                     
0001a265  _Z11SPI_OutDatac                    
0001a29d  _Z15ActivatePortA_Bv                
0001a2d5  _Z12ST7735_writeiPKcj               
0001a309  _Z14Clock_Delay1msj                 
0001a33d  _Z16ST7735_SetCursorjj              
0001a371  __TI_cleanup                        
0001a3a5  __TI_readmsg                        
0001a3d9  __TI_writemsg                       
0001a405  C$$IO$$                             
0001a40d  exit                                
0001a441  finddevice                          
0001a475  freopen                             
0001a629  fopen                               
0001a659  _Z17ST7735_FillScreent              
0001a6b1  unlink                              
0001a6dd  _Z10IRxmt_Initv                     
0001a705  _Z9ADC_StartP10ADC12_Regs           
0001a77d  write                               
0001a7a5  _c_int00_noargs                     
0001a7cd  _ZN8SlidePot4SaveEj                 
0001a8c9  _ZN5Queue6IsFullEv                  
0001a8eb  _ZN8SlidePot4SyncEv                 
0001a929  ADC0_IRQHandler                     
0001a929  ADC1_IRQHandler                     
0001a929  AES_IRQHandler                      
0001a929  CANFD0_IRQHandler                   
0001a929  DAC0_IRQHandler                     
0001a929  DMA_IRQHandler                      
0001a929  Default_Handler                     
0001a929  GROUP0_IRQHandler                   
0001a929  GROUP1_IRQHandler                   
0001a929  I2C0_IRQHandler                     
0001a929  I2C1_IRQHandler                     
0001a929  NMI_Handler                         
0001a929  PendSV_Handler                      
0001a929  RTC_IRQHandler                      
0001a929  SPI0_IRQHandler                     
0001a929  SPI1_IRQHandler                     
0001a929  SVC_Handler                         
0001a929  TIMA0_IRQHandler                    
0001a929  TIMA1_IRQHandler                    
0001a929  TIMG0_IRQHandler                    
0001a929  TIMG6_IRQHandler                    
0001a929  TIMG8_IRQHandler                    
0001a929  UART0_IRQHandler                    
0001a929  UART1_IRQHandler                    
0001a929  UART3_IRQHandler                    
0001a945  HardFault_Handler                   
0001a961  _Z12UART2_InCharv                   
0001a97d  _Z9Switch_Inv                       
0001a999  _ZN6PlayerC1Ev                      
0001a999  _ZN6PlayerC2Ev                      
0001a9d1  _Z11Switch_Initv                    
0001a9e9  _Z11ST7735_openPKcji                
0001a9ff  _Z11ST7735_readiPcj                 
0001aa15  __TI_zero_init_nomemset             
0001aa2b  _ZN5Queue7IsEmptyEv                 
0001aa3f  _ZN6Player13setPossessionEh         
0001aa51  _ZN7Machine11setRockTypeEh          
0001aa63  TI_memcpy_small                     
0001aa75  __TI_decompress_none                
0001aa87  _Z11Clock_Delayj                    
0001aa99  _Z12UART2_Enablev                   
0001aaa9  _Z13UART2_Disablev                  
0001aab9  _Z28TExaS_LaunchPadLogicPB27PB26v   
0001aac9  _ZN5QueueC1Ev                       
0001aac9  _ZN5QueueC2Ev                       
0001ab17  _Z12ST7735_lseekili                 
0001ab25  _ZN6Player7getXPosEv                
0001ab33  _ZN6Player7getYPosEv                
0001ab41  _ZN8SlidePotC1Ev                    
0001ab41  _ZN8SlidePotC2Ev                    
0001ab6b  TI_memset_small                     
0001ab79  _Z10Clock_Freqv                     
0001ab85  _Z13ST7735_renamePKcS0_             
0001ab91  _Z5Delayj                           
0001ab9d  _ZN6Player7getSizeEv                
0001aba9  _ZN8SlidePot9DistanceXEv            
0001abb5  _ZN8SlidePot9DistanceYEv            
0001abc1  __aeabi_memclr                      
0001abc1  __aeabi_memclr4                     
0001abc1  __aeabi_memclr8                     
0001abcd  malloc                              
0001abd9  _Z12ST7735_closei                   
0001abe3  _Z13ST7735_unlinkPKc                
0001abed  _Z8PLL_Initv                        
0001abf9  __aeabi_memcpy                      
0001abf9  __aeabi_memcpy4                     
0001abf9  __aeabi_memcpy8                     
0001ac01  remove                              
0001ac09  Reset_Handler                       
0001ac0d  _system_pre_init                    
0001ac10  C$$EXIT                             
0001ac11  abort                               
0001ac20  SHT$$INIT_ARRAY$$Base               
0001ac28  SHT$$INIT_ARRAY$$Limit              
0001ad1c  __TI_Handler_Table_Base             
0001ad28  __TI_Handler_Table_Limit            
0001ad30  __TI_CINIT_Base                     
0001ad40  __TI_CINIT_Limit                    
0001ad40  __TI_CINIT_Warm                     
20200000  __start___llvm_prf_bits             
20200000  __start___llvm_prf_cnts             
20200000  __stop___llvm_prf_bits              
20200000  __stop___llvm_prf_cnts              
20200000  _ftable                             
202000f0  sprites                             
20200178  _device                             
202001f0  _stream                             
20200240  Counters                            
20200278  Counters2                           
202002a2  StTextColor                         
202002a4  FIFO2                               
202002e0  m_anvil                             
202002ee  m_cart1                             
202002fc  m_cart2                             
2020030a  m_counter1                          
20200318  m_counter2                          
20200326  m_counter3                          
20200334  m_counter4                          
20200342  m_counter5                          
20200350  m_counter6                          
2020035e  m_portal                            
2020036c  m_refiner                           
2020037a  m_rock1                             
20200388  m_rock2                             
20200396  m_smelter                           
202003a4  m_todo                              
202003b4  Sensor                              
202003c0  __TI_cleanup_ptr                    
202003c4  __TI_dtors_ptr                      
202003c8  p1                                  
202003d0  BusFreq                             
202003d4  StX                                 
202003d8  StY                                 
202003dc  __TI_ft_end                         
202003e0  _lock                               
202003e4  _unlock                             
202003f3  input                               
202003f5  numCounters                         
202003f6  progH                               
202003f7  progW                               
20200400  _sys_memory                         
20200600  _CIOBUF_                            
20200600  __CIOBUF_                           
20200720  __TI_tmpnams                        
202007c0  parmbuf                             
202007d0  LostData                            
202007d4  TExaSLogic                          
202007d8  TExaSadc                            
202007e1  buttons                             
202007e2  menuOpen                            
20207e00  __stack                             
20208000  __STACK_END                         
ffffffff  __TI_pprof_out_hndl                 
ffffffff  __TI_prof_data_size                 
ffffffff  __TI_prof_data_start                
ffffffff  __binit__                           
ffffffff  binit                               
UNDEFED   __mpu_init                          
UNDEFED   _system_post_cinit                  

[262 symbols]
