******************************************************************************
            TI ARM Clang Linker PC v4.0.1                      
******************************************************************************
>> Linked Sat Apr 12 20:38:58 2025

OUTPUT FILE NAME:   <MadMines.out>
ENTRY POINT SYMBOL: "_c_int00_noargs"  address: 0000ba25


MEMORY CONFIGURATION

         name            origin    length      used     unused   attr    fill
----------------------  --------  ---------  --------  --------  ----  --------
  FLASH                 00000000   00020000  0000bde8  00014218  R  X
  SRAM                  20200000   00008000  000007e6  0000781a  RW X
  BCR_CONFIG            41c00000   00000080  00000000  00000080  R   
  BSL_CONFIG            41c00100   00000080  00000000  00000080  R   


SEGMENT ALLOCATION MAP

run origin  load origin   length   init length attrs members
----------  ----------- ---------- ----------- ----- -------
00000000    00000000    0000bde8   0000bde8    r-x
  00000000    00000000    000000c0   000000c0    r-- .intvecs
  000000c0    000000c0    00008de0   00008de0    r-- .rodata
  00008ea0    00008ea0    00002eb0   00002eb0    r-x .text
  0000bd50    0000bd50    00000008   00000008    r-- .init_array
  0000bd58    0000bd58    00000090   00000090    r-- .cinit
20200000    20200000    000005e9   00000000    rw-
  20200000    20200000    0000020d   00000000    rw- .data
  20200210    20200210    00000200   00000000    rw- .sysmem
  20200410    20200410    000001d9   00000000    rw- .bss
20207e00    20207e00    00000200   00000000    rw-
  20207e00    20207e00    00000200   00000000    rw- .stack


SECTION ALLOCATION MAP

 output                                  attributes/
section   page    origin      length       input sections
--------  ----  ----------  ----------   ----------------
.intvecs   0    00000000    000000c0     
                  00000000    000000c0     startup_mspm0g3507_ticlang.o (.intvecs)

.binit     0    00000000    00000000     

.text      0    00008ea0    00002eb0     
                  00008ea0    00000210     ST7735.o (.text._Z17ST7735_DrawBitmapssPKtss)
                  000090b0    00000208     Lab9HMain.o (.text.main)
                  000092b8    000001c0     Machine.o (.text._ZN7Machine13updateRefinerEh)
                  00009478    000001b4     Clock.o (.text._Z15Clock_Init80MHzi)
                  0000962c    000001a0     ST7735.o (.text._Z16ST7735_DrawCharSsscssh)
                  000097cc    00000154     libc.a : fopen.c.obj (.text._openfile)
                  00009920    0000012c     Player.o (.text._ZN6Player8moveDownEv)
                  00009a4c    00000128     TExaS.o (.text._Z8ADC_InitP10ADC12_Regsjj)
                  00009b74    00000118     ST7735.o (.text._Z15ST7735_FillRectsssst)
                  00009c8c    00000114     libc.a : memory.c.obj (.text.aligned_alloc)
                  00009da0    00000108     Player.o (.text._ZN6Player6moveUpEv)
                  00009ea8    000000f8     SPI.o (.text._Z8SPI_Initv)
                  00009fa0    000000f4     ST7735.o (.text._Z18ST7735_SetRotationh)
                  0000a094    000000ec     libsysbm.a : add_device.c.obj (.text.add_device)
                  0000a180    000000e8     TExaS.o (.text._Z9UART_Initv)
                  0000a268    000000e8     libc.a : memory.c.obj (.text.free)
                  0000a350    000000e0            : setvbuf.c.obj (.text.setvbuf)
                  0000a430    000000d0     ST7735.o (.text._Z14ST7735_OutCharc)
                  0000a500    000000a8     Timer.o (.text._Z14TimerG7_IntArmtjj)
                  0000a5a8    000000a6     Player.o (.text._ZN6Player14checkProximityE7Machine)
                  0000a64e    000000a6     Player.o (.text._ZN6Player15getMachineInputE7Machine)
                  0000a6f4    000000a2     ST7735.o (.text._ZL11commandListPKh)
                  0000a796    00000002     Sound.o (.text.SysTick_Handler)
                  0000a798    000000a0     libsysbm.a : open.c.obj (.text.open)
                  0000a838    0000009c     ST7735.o (.text._Z17ST7735_InitPrintfv)
                  0000a8d4    00000098     ST7735.o (.text._Z12ST7735_InitR10initRFlags)
                  0000a96c    00000094     Timer.o (.text._Z15TimerG12_IntArmjj)
                  0000aa00    0000008c     SlidePot.o (.text._ZN8SlidePot4InitEv)
                  0000aa8c    00000088     ST7735.o (.text._ZL13setAddrWindowhhhh)
                  0000ab14    0000000c     Clock.o (.text._Z10Clock_Freqv)
                  0000ab20    00000088     libc.a : strcmp-armv6m.S.obj (.text:strcmp)
                  0000aba8    00000084     ST7735.o (.text._Z17ST7735_DrawStringttPcs)
                  0000ac2c    00000080     Player.o (.text._ZN6Player16resetCoordinatesEv)
                  0000acac    0000007c     LaunchPad.o (.text._Z14LaunchPad_Initv)
                  0000ad28    0000007c     libc.a : fclose.c.obj (.text.__TI_closefile)
                  0000ada4    0000007c            : copy_decompress_lzss.c.obj (.text:decompress:lzss)
                  0000ae20    00000070     ST7735.o (.text._Z16ST7735_DrawPixelsst)
                  0000ae90    00000070     Machine.o (.text._ZN7Machine10printAnvilEh)
                  0000af00    0000006c     libsysbm.a : hostlseek.c.obj (.text.HOSTlseek)
                  0000af6c    0000006c                : hostrename.c.obj (.text.HOSTrename)
                  0000afd8    0000006c     Machine.o (.text._ZN7Machine12printRefinerEh)
                  0000b044    0000006c     libc.a : getdevice.c.obj (.text.getdevice)
                  0000b0b0    00000064            : memory.c.obj (.text.split)
                  0000b114    00000060     libsysbm.a : hostopen.c.obj (.text.HOSTopen)
                  0000b174    00000058                : hostread.c.obj (.text.HOSTread)
                  0000b1cc    00000058                : hostwrite.c.obj (.text.HOSTwrite)
                  0000b224    00000058     TExaS.o (.text._Z10TExaS_InitP10ADC12_RegsjPFhvE)
                  0000b27c    00000054     SlidePot.o (.text._ZN8SlidePot2InEv)
                  0000b2d0    00000054     libc.a : autoinit.c.obj (.text:__TI_auto_init_nobinit)
                  0000b324    00000052            : fflush.c.obj (.text.__TI_doflush)
                  0000b376    00000002     Sound.o (.text._Z10Sound_Initv)
                  0000b378    00000050     libsysbm.a : close.c.obj (.text.close)
                  0000b3c8    0000004c     Player.o (.text._ZN6Player8moveLeftEv)
                  0000b414    0000004c     Player.o (.text._ZN6Player9moveRightEv)
                  0000b460    00000048     libsysbm.a : hostclose.c.obj (.text.HOSTclose)
                  0000b4a8    00000048                : hostunlink.c.obj (.text.HOSTunlink)
                  0000b4f0    00000048     SPI.o (.text._Z14SPI_OutCommandc)
                  0000b538    00000040     TExaS.o (.text.TIMG7_IRQHandler)
                  0000b578    00000040     SPI.o (.text._Z9SPI_Resetv)
                  0000b5b8    00000040     libclang_rt.builtins.a : aeabi_uidivmod.S.obj (.text.__aeabi_uidivmod)
                  0000b5f8    00000040     libc.a : fopen.c.obj (.text._search_fp)
                  0000b638    0000003c     Lab9HMain.o (.text.TIMG12_IRQHandler)
                  0000b674    0000003a     Machine.o (.text._ZN7MachineC2Ehhhh)
                  0000b6ae    00000002     libclang_rt.builtins.a : aeabi_div0.c.obj (.text.__aeabi_idiv0)
                  0000b6b0    00000038     SPI.o (.text._Z11SPI_OutDatac)
                  0000b6e8    00000038     LaunchPad.o (.text._Z15ActivatePortA_Bv)
                  0000b720    00000034     ST7735.o (.text._Z12ST7735_writeiPKcj)
                  0000b754    00000034     Clock.o (.text._Z14Clock_Delay1msj)
                  0000b788    00000034     ST7735.o (.text._Z16ST7735_SetCursorjj)
                  0000b7bc    00000034     libc.a : fopen.c.obj (.text.__TI_cleanup)
                  0000b7f0    00000034     libsysbm.a : trgmsg.c.obj (.text.__TI_readmsg)
                  0000b824    00000034                : trgmsg.c.obj (.text.__TI_writemsg)
                  0000b858    00000034     libc.a : exit.c.obj (.text.exit)
                  0000b88c    00000034            : getdevice.c.obj (.text.finddevice)
                  0000b8c0    00000034            : fopen.c.obj (.text.freopen)
                  0000b8f4    00000030     ST7735.o (.text._ZL10commonInitPKh)
                  0000b924    00000030     libc.a : fopen.c.obj (.text.fopen)
                  0000b954    0000002c     ST7735.o (.text._Z17ST7735_FillScreent)
                  0000b980    0000002c     libsysbm.a : unlink.c.obj (.text.unlink)
                  0000b9ac    00000028     TExaS.o (.text._Z9ADC_StartP10ADC12_Regs)
                  0000b9d4    00000028     libc.a : memory.c.obj (.text.free_list_insert)
                  0000b9fc    00000028     libsysbm.a : write.c.obj (.text.write)
                  0000ba24    00000028     libc.a : boot_cortex_m.c.obj (.text:_c_int00_noargs)
                  0000ba4c    00000024     SlidePot.o (.text._ZN8SlidePot4SaveEj)
                  0000ba70    00000020     SlidePot.o (.text._ZN8SlidePot4SyncEv)
                  0000ba90    0000001e     ST7735.o (.text._ZL9pushColort)
                  0000baae    00000002     libc.a : _lock.c.obj (.text._nop)
                  0000bab0    0000001c     startup_mspm0g3507_ticlang.o (.text.Default_Handler)
                  0000bacc    0000001c     startup_mspm0g3507_ticlang.o (.text.HardFault_Handler)
                  0000bae8    0000001c     Switch.o (.text._Z9Switch_Inv)
                  0000bb04    0000001c     Player.o (.text._ZN6PlayerC2Ev)
                  0000bb20    0000001c     Lab9HMain.o (.text.__cxx_global_var_init.2)
                  0000bb3c    0000001c     Lab9HMain.o (.text.__cxx_global_var_init.3)
                  0000bb58    0000001c     libc.a : memory.c.obj (.text.free_list_remove)
                  0000bb74    00000018     Switch.o (.text._Z11Switch_Initv)
                  0000bb8c    00000016     ST7735.o (.text._Z11ST7735_openPKcji)
                  0000bba2    00000016     ST7735.o (.text._Z11ST7735_readiPcj)
                  0000bbb8    00000016     libc.a : copy_zero_init.c.obj (.text:decompress:ZI:__TI_zero_init_nomemset)
                  0000bbce    00000014     Lab9HMain.o (.text._GLOBAL__sub_I_Lab9HMain.cpp)
                  0000bbe2    00000012     Player.o (.text._ZN6Player13setPossessionEh)
                  0000bbf4    00000012     libc.a : memcpy16.S.obj (.text:TI_memcpy_small)
                  0000bc06    00000012            : copy_decompress_none.c.obj (.text:decompress:none)
                  0000bc18    00000010     Clock.o (.text._Z11Clock_Delayj)
                  0000bc28    00000010     Lab9HMain.o (.text._Z28TExaS_LaunchPadLogicPB27PB26v)
                  0000bc38    00000010     Lab9HMain.o (.text.__cxx_global_var_init.1)
                  0000bc48    00000010     Lab9HMain.o (.text.__cxx_global_var_init)
                  0000bc58    0000000e     libc.a : memory.c.obj (.text.OUTLINED_FUNCTION_0)
                  0000bc66    0000000e     ST7735.o (.text._Z12ST7735_lseekili)
                  0000bc74    0000000e     Player.o (.text._ZN6Player7getXPosEv)
                  0000bc82    0000000e     Player.o (.text._ZN6Player7getYPosEv)
                  0000bc90    0000000e     SlidePot.o (.text._ZN8SlidePotC2Ev)
                  0000bc9e    0000000e     libsysbm.a : hostrename.c.obj (.text.strcpy)
                  0000bcac    0000000e                : hostrename.c.obj (.text.strlen)
                  0000bcba    0000000e     libc.a : memset16.S.obj (.text:TI_memset_small)
                  0000bcc8    0000000c     ST7735.o (.text._Z13ST7735_renamePKcS0_)
                  0000bcd4    0000000c     Player.o (.text._ZN6Player7getSizeEv)
                  0000bce0    0000000c     SlidePot.o (.text._ZN8SlidePot9DistanceXEv)
                  0000bcec    0000000c     SlidePot.o (.text._ZN8SlidePot9DistanceYEv)
                  0000bcf8    0000000c     libclang_rt.builtins.a : aeabi_memset.S.obj (.text.__aeabi_memclr)
                  0000bd04    0000000c     libc.a : memory.c.obj (.text.malloc)
                  0000bd10    0000000a     ST7735.o (.text._Z12ST7735_closei)
                  0000bd1a    0000000a     ST7735.o (.text._Z13ST7735_unlinkPKc)
                  0000bd24    0000000a     Lab9HMain.o (.text._Z8PLL_Initv)
                  0000bd2e    00000002     --HOLE-- [fill = 0]
                  0000bd30    00000008     libclang_rt.builtins.a : aeabi_memcpy.S.obj (.text.__aeabi_memcpy)
                  0000bd38    00000008     libsysbm.a : remove.c.obj (.text.remove)
                  0000bd40    00000004     startup_mspm0g3507_ticlang.o (.text.Reset_Handler)
                  0000bd44    00000004     libc.a : pre_init.c.obj (.text._system_pre_init)
                  0000bd48    00000004            : exit.c.obj (.text:abort)
                  0000bd4c    00000004     --HOLE-- [fill = 0]

.cinit     0    0000bd58    00000090     
                  0000bd58    0000006a     (.cinit..data.load) [load image, compression = lzss]
                  0000bdc2    00000002     --HOLE-- [fill = 0]
                  0000bdc4    0000000c     (__TI_handler_table)
                  0000bdd0    00000008     (.cinit..bss.load) [load image, compression = zero_init]
                  0000bdd8    00000010     (__TI_cinit_table)

.rodata    0    000000c0    00008de0     
                  000000c0    00001f40     Lab9HMain.o (.rodata._ZL4todo)
                  00002000    000010ae     Machine.o (.rodata._ZL14refinerWorking)
                  000030ae    000010ae     Machine.o (.rodata._ZL16refinerHighlight)
                  0000415c    000010ae     Machine.o (.rodata._ZL7refiner)
                  0000520a    00000f78     Machine.o (.rodata._ZL12anvilWorking)
                  00006182    00000f78     Machine.o (.rodata._ZL14anvilHighlight)
                  000070fa    00000f78     Machine.o (.rodata._ZL5anvil)
                  00008072    00000882     Lab9HMain.o (.rodata._ZL5miner)
                  000088f4    000004fb     ST7735.o (.rodata._ZL4Font)
                  00008def    0000003b     ST7735.o (.rodata._ZL5Rcmd1)
                  00008e2a    0000002b     ST7735.o (.rodata._ZL5Rcmd3)
                  00008e55    00000016     ST7735.o (.rodata.str1.43788427057889536241)
                  00008e6b    0000000d     ST7735.o (.rodata._ZL10Rcmd2green)
                  00008e78    0000000d     ST7735.o (.rodata._ZL8Rcmd2red)
                  00008e85    00000008     ST7735.o (.rodata.str1.54535931475021008601)
                  00008e8d    00000007     ST7735.o (.rodata.str1.103567388005067375301)
                  00008e94    00000007     ST7735.o (.rodata.str1.132933244321656697041)
                  00008e9b    00000002     ST7735.o (.rodata.str1.18657686242476325171)
                  00008e9d    00000003     --HOLE-- [fill = 0]

.init_array 
*          0    0000bd50    00000008     
                  0000bd50    00000004     Lab9HMain.o (.init_array)
                  0000bd54    00000004     --HOLE-- [fill = 0]

.data      0    20200000    0000020d     UNINITIALIZED
                  20200000    000000f0     libc.a : defs.c.obj (.data._ftable)
                  202000f0    00000078     libsysbm.a : host_device.c.obj (.data._device)
                  20200168    00000050                : host_device.c.obj (.data._stream)
                  202001b8    0000000c     Lab9HMain.o (.data.Sensor)
                  202001c4    00000008     libc.a : exit.c.obj (.data..L_MergedGlobals)
                  202001cc    00000008     Lab9HMain.o (.data.m_anvil)
                  202001d4    00000008     Lab9HMain.o (.data.m_refiner)
                  202001dc    00000008     Lab9HMain.o (.data.p1)
                  202001e4    00000004     Clock.o (.data.BusFreq)
                  202001e8    00000004     ST7735.o (.data.StX)
                  202001ec    00000004     ST7735.o (.data.StY)
                  202001f0    00000004     libc.a : defs.c.obj (.data.__TI_ft_end)
                  202001f4    00000004            : _lock.c.obj (.data._lock)
                  202001f8    00000004            : _lock.c.obj (.data._unlock)
                  202001fc    00000002     ST7735.o (.data.StTextColor)
                  202001fe    00000002     ST7735.o (.data._ZL6_width)
                  20200200    00000002     ST7735.o (.data._ZL7_height)
                  20200202    00000001     Lab9HMain.o (.data.input)
                  20200203    00000001     --HOLE--
                  20200204    00000001     libsysbm.a : add_device.c.obj (.data.add_device.device_init)
                  20200205    00000003     --HOLE--
                  20200208    00000001     libc.a : memory.c.obj (.data.memory_is_initialized)
                  20200209    00000003     --HOLE--
                  2020020c    00000001     libsysbm.a : open.c.obj (.data.open.stream_init)

.sysmem    0    20200210    00000200     UNINITIALIZED
                  20200210    00000010     libc.a : memory.c.obj (.sysmem)
                  20200220    000001f0     --HOLE--

.bss       0    20200410    000001d9     UNINITIALIZED
                  20200410    00000120     libsysbm.a : trgmsg.c.obj (.bss:_CIOBUF_)
                  20200530    000000a0     libc.a : defs.c.obj (.bss.__TI_tmpnams)
                  202005d0    00000008     libsysbm.a : hostopen.c.obj (.bss.parmbuf)
                  202005d8    00000004     TExaS.o (.bss.TExaSLogic)
                  202005dc    00000004     TExaS.o (.bss.TExaSadc)
                  202005e0    00000004     libc.a : memory.c.obj (.bss.sys_free)
                  202005e4    00000001     ST7735.o (.bss._ZL8ColStart)
                  202005e5    00000001     ST7735.o (.bss._ZL8Rotation)
                  202005e6    00000001     ST7735.o (.bss._ZL8RowStart)
                  202005e7    00000001     ST7735.o (.bss._ZL8TabColor)
                  202005e8    00000001     Lab9HMain.o (.bss.key)

.stack     0    20207e00    00000200     UNINITIALIZED
                  20207e00    00000004     libc.a : boot_cortex_m.c.obj (.stack)
                  20207e04    000001fc     --HOLE--

__llvm_prf_cnts 
*          0    20200000    00000000     UNINITIALIZED

__llvm_prf_bits 
*          0    20200000    00000000     UNINITIALIZED

MODULE SUMMARY

       Module                         code    ro data   rw data
       ------                         ----    -------   -------
    .\
       Machine.o                      726     24690     0      
       Lab9HMain.o                    714     10182     38     
       ST7735.o                       2842    1449      18     
       Player.o                       1262    0         0      
       TExaS.o                        720     0         8      
       Clock.o                        516     0         4      
       SPI.o                          440     0         0      
       SlidePot.o                     330     0         0      
       Timer.o                        316     0         0      
       LaunchPad.o                    180     0         0      
       Switch.o                       52      0         0      
       Sound.o                        4       0         0      
    +--+------------------------------+-------+---------+---------+
       Total:                         8102    36321     68     
                                                               
    .\ticlang\
       startup_mspm0g3507_ticlang.o   60      192       0      
    +--+------------------------------+-------+---------+---------+
       Total:                         60      192       0      
                                                               
    C:\ti\ccs\tools\compiler\ti-cgt-armllvm_4.0.1.LTS\lib\armv6m-ti-none-eabi/c/libc.a
       memory.c.obj                   702     0         5      
       fopen.c.obj                    556     0         0      
       defs.c.obj                     0       0         404    
       setvbuf.c.obj                  224     0         0      
       getdevice.c.obj                160     0         0      
       strcmp-armv6m.S.obj            136     0         0      
       copy_decompress_lzss.c.obj     124     0         0      
       fclose.c.obj                   124     0         0      
       autoinit.c.obj                 84      0         0      
       fflush.c.obj                   82      0         0      
       exit.c.obj                     56      0         8      
       boot_cortex_m.c.obj            40      0         0      
       copy_zero_init.c.obj           22      0         0      
       copy_decompress_none.c.obj     18      0         0      
       memcpy16.S.obj                 18      0         0      
       memset16.S.obj                 14      0         0      
       _lock.c.obj                    2       0         8      
       pre_init.c.obj                 4       0         0      
    +--+------------------------------+-------+---------+---------+
       Total:                         2366    0         425    
                                                               
    C:\ti\ccs\tools\compiler\ti-cgt-armllvm_4.0.1.LTS\lib\armv6m-ti-none-eabi/c/libsysbm.a
       trgmsg.c.obj                   104     0         288    
       add_device.c.obj               236     0         1      
       host_device.c.obj              0       0         200    
       open.c.obj                     160     0         1      
       hostrename.c.obj               136     0         0      
       hostlseek.c.obj                108     0         0      
       hostopen.c.obj                 96      0         8      
       hostread.c.obj                 88      0         0      
       hostwrite.c.obj                88      0         0      
       close.c.obj                    80      0         0      
       hostclose.c.obj                72      0         0      
       hostunlink.c.obj               72      0         0      
       unlink.c.obj                   44      0         0      
       write.c.obj                    40      0         0      
       remove.c.obj                   8       0         0      
    +--+------------------------------+-------+---------+---------+
       Total:                         1332    0         498    
                                                               
    C:\ti\ccs\tools\compiler\ti-cgt-armllvm_4.0.1.LTS\lib\armv6m-ti-none-eabi/libclang_rt.builtins.a
       aeabi_uidivmod.S.obj           64      0         0      
       aeabi_memset.S.obj             12      0         0      
       aeabi_memcpy.S.obj             8       0         0      
       aeabi_div0.c.obj               2       0         0      
    +--+------------------------------+-------+---------+---------+
       Total:                         86      0         0      
                                                               
       Heap:                          0       0         512    
       Stack:                         0       0         512    
       Linker Generated:              0       142       0      
    +--+------------------------------+-------+---------+---------+
       Grand Total:                   11946   36655     2015   


LINKER GENERATED COPY TABLES

__TI_cinit_table @ 0000bdd8 records: 2, size/record: 8, table size: 16
	.data: load addr=0000bd58, load size=0000006a bytes, run addr=20200000, run size=0000020d bytes, compression=lzss
	.bss: load addr=0000bdd0, load size=00000008 bytes, run addr=20200410, run size=000001d9 bytes, compression=zero_init


LINKER GENERATED HANDLER TABLE

__TI_handler_table @ 0000bdc4 records: 3, size/record: 4, table size: 12
	index: 0, handler: __TI_decompress_lzss
	index: 1, handler: __TI_decompress_none
	index: 2, handler: __TI_zero_init


GLOBAL SYMBOLS: SORTED ALPHABETICALLY BY Name 

address   name                                
-------   ----                                
0000bab1  ADC0_IRQHandler                     
0000bab1  ADC1_IRQHandler                     
0000bab1  AES_IRQHandler                      
202001e4  BusFreq                             
0000bd48  C$$EXIT                             
0000b851  C$$IO$$                             
0000bab1  CANFD0_IRQHandler                   
0000bab1  DAC0_IRQHandler                     
0000bab1  DMA_IRQHandler                      
0000bab1  Default_Handler                     
0000bab1  GROUP0_IRQHandler                   
0000bab1  GROUP1_IRQHandler                   
0000b461  HOSTclose                           
0000af01  HOSTlseek                           
0000b115  HOSTopen                            
0000b175  HOSTread                            
0000af6d  HOSTrename                          
0000b4a9  HOSTunlink                          
0000b1cd  HOSTwrite                           
0000bacd  HardFault_Handler                   
0000bab1  I2C0_IRQHandler                     
0000bab1  I2C1_IRQHandler                     
0000bab1  NMI_Handler                         
0000bab1  PendSV_Handler                      
0000bab1  RTC_IRQHandler                      
0000bd41  Reset_Handler                       
0000bd50  SHT$$INIT_ARRAY$$Base               
0000bd54  SHT$$INIT_ARRAY$$Limit              
0000bab1  SPI0_IRQHandler                     
0000bab1  SPI1_IRQHandler                     
0000bab1  SVC_Handler                         
202001b8  Sensor                              
202001fc  StTextColor                         
202001e8  StX                                 
202001ec  StY                                 
0000a797  SysTick_Handler                     
202005d8  TExaSLogic                          
202005dc  TExaSadc                            
0000bab1  TIMA0_IRQHandler                    
0000bab1  TIMA1_IRQHandler                    
0000bab1  TIMG0_IRQHandler                    
0000b639  TIMG12_IRQHandler                   
0000bab1  TIMG6_IRQHandler                    
0000b539  TIMG7_IRQHandler                    
0000bab1  TIMG8_IRQHandler                    
0000bbf5  TI_memcpy_small                     
0000bcbb  TI_memset_small                     
0000bab1  UART0_IRQHandler                    
0000bab1  UART1_IRQHandler                    
0000bab1  UART2_IRQHandler                    
0000bab1  UART3_IRQHandler                    
20200410  _CIOBUF_                            
0000ab15  _Z10Clock_Freqv                     
0000b377  _Z10Sound_Initv                     
0000b225  _Z10TExaS_InitP10ADC12_RegsjPFhvE   
0000bc19  _Z11Clock_Delayj                    
0000b6b1  _Z11SPI_OutDatac                    
0000bb8d  _Z11ST7735_openPKcji                
0000bba3  _Z11ST7735_readiPcj                 
0000bb75  _Z11Switch_Initv                    
0000a8d5  _Z12ST7735_InitR10initRFlags        
0000bd11  _Z12ST7735_closei                   
0000bc67  _Z12ST7735_lseekili                 
0000b721  _Z12ST7735_writeiPKcj               
0000bcc9  _Z13ST7735_renamePKcS0_             
0000bd1b  _Z13ST7735_unlinkPKc                
0000b755  _Z14Clock_Delay1msj                 
0000acad  _Z14LaunchPad_Initv                 
0000b4f1  _Z14SPI_OutCommandc                 
0000a431  _Z14ST7735_OutCharc                 
0000a501  _Z14TimerG7_IntArmtjj               
0000b6e9  _Z15ActivatePortA_Bv                
00009479  _Z15Clock_Init80MHzi                
00009b75  _Z15ST7735_FillRectsssst            
0000a96d  _Z15TimerG12_IntArmjj               
0000962d  _Z16ST7735_DrawCharSsscssh          
0000ae21  _Z16ST7735_DrawPixelsst             
0000b789  _Z16ST7735_SetCursorjj              
00008ea1  _Z17ST7735_DrawBitmapssPKtss        
0000aba9  _Z17ST7735_DrawStringttPcs          
0000b955  _Z17ST7735_FillScreent              
0000a839  _Z17ST7735_InitPrintfv              
00009fa1  _Z18ST7735_SetRotationh             
0000bc29  _Z28TExaS_LaunchPadLogicPB27PB26v   
00009a4d  _Z8ADC_InitP10ADC12_Regsjj          
0000bd25  _Z8PLL_Initv                        
00009ea9  _Z8SPI_Initv                        
0000b9ad  _Z9ADC_StartP10ADC12_Regs           
0000b579  _Z9SPI_Resetv                       
0000bae9  _Z9Switch_Inv                       
0000a181  _Z9UART_Initv                       
0000bbe3  _ZN6Player13setPossessionEh         
0000a5a9  _ZN6Player14checkProximityE7Machine 
0000a64f  _ZN6Player15getMachineInputE7Machine
0000ac2d  _ZN6Player16resetCoordinatesEv      
00009da1  _ZN6Player6moveUpEv                 
0000bcd5  _ZN6Player7getSizeEv                
0000bc75  _ZN6Player7getXPosEv                
0000bc83  _ZN6Player7getYPosEv                
00009921  _ZN6Player8moveDownEv               
0000b3c9  _ZN6Player8moveLeftEv               
0000b415  _ZN6Player9moveRightEv              
0000bb05  _ZN6PlayerC1Ev                      
0000bb05  _ZN6PlayerC2Ev                      
0000ae91  _ZN7Machine10printAnvilEh           
0000afd9  _ZN7Machine12printRefinerEh         
000092b9  _ZN7Machine13updateRefinerEh        
0000b675  _ZN7MachineC1Ehhhh                  
0000b675  _ZN7MachineC2Ehhhh                  
0000b27d  _ZN8SlidePot2InEv                   
0000aa01  _ZN8SlidePot4InitEv                 
0000ba4d  _ZN8SlidePot4SaveEj                 
0000ba71  _ZN8SlidePot4SyncEv                 
0000bce1  _ZN8SlidePot9DistanceXEv            
0000bced  _ZN8SlidePot9DistanceYEv            
0000bc91  _ZN8SlidePotC1Ev                    
0000bc91  _ZN8SlidePotC2Ev                    
20200410  __CIOBUF_                           
20208000  __STACK_END                         
00000200  __STACK_SIZE                        
00000200  __SYSMEM_SIZE                       
00000000  __TI_ATRegion0_region_sz            
00000000  __TI_ATRegion0_src_addr             
00000000  __TI_ATRegion0_trg_addr             
00000000  __TI_ATRegion1_region_sz            
00000000  __TI_ATRegion1_src_addr             
00000000  __TI_ATRegion1_trg_addr             
00000000  __TI_ATRegion2_region_sz            
00000000  __TI_ATRegion2_src_addr             
00000000  __TI_ATRegion2_trg_addr             
0000bdd8  __TI_CINIT_Base                     
0000bde8  __TI_CINIT_Limit                    
0000bde8  __TI_CINIT_Warm                     
0000bdc4  __TI_Handler_Table_Base             
0000bdd0  __TI_Handler_Table_Limit            
0000b2d1  __TI_auto_init_nobinit              
0000b7bd  __TI_cleanup                        
202001c4  __TI_cleanup_ptr                    
0000ad29  __TI_closefile                      
0000ada5  __TI_decompress_lzss                
0000bc07  __TI_decompress_none                
0000b325  __TI_doflush                        
202001c8  __TI_dtors_ptr                      
202001f0  __TI_ft_end                         
ffffffff  __TI_pprof_out_hndl                 
ffffffff  __TI_prof_data_size                 
ffffffff  __TI_prof_data_start                
0000b7f1  __TI_readmsg                        
00000000  __TI_static_base__                  
20200530  __TI_tmpnams                        
0000b825  __TI_writemsg                       
0000bbb9  __TI_zero_init_nomemset             
0000b6af  __aeabi_idiv0                       
0000bcf9  __aeabi_memclr                      
0000bcf9  __aeabi_memclr4                     
0000bcf9  __aeabi_memclr8                     
0000bd31  __aeabi_memcpy                      
0000bd31  __aeabi_memcpy4                     
0000bd31  __aeabi_memcpy8                     
0000b5b9  __aeabi_uidiv                       
0000b5b9  __aeabi_uidivmod                    
ffffffff  __binit__                           
UNDEFED   __mpu_init                          
20207e00  __stack                             
20200000  __start___llvm_prf_bits             
20200000  __start___llvm_prf_cnts             
20200000  __stop___llvm_prf_bits              
20200000  __stop___llvm_prf_cnts              
0000ba25  _c_int00_noargs                     
202000f0  _device                             
20200000  _ftable                             
202001f4  _lock                               
0000baaf  _nop                                
20200168  _stream                             
20200210  _sys_memory                         
UNDEFED   _system_post_cinit                  
0000bd45  _system_pre_init                    
202001f8  _unlock                             
0000bd49  abort                               
0000a095  add_device                          
00009c8d  aligned_alloc                       
ffffffff  binit                               
0000b379  close                               
0000b859  exit                                
0000b88d  finddevice                          
0000b925  fopen                               
0000a269  free                                
0000b8c1  freopen                             
0000b045  getdevice                           
20200202  input                               
00000000  interruptVectors                    
202005e8  key                                 
202001cc  m_anvil                             
202001d4  m_refiner                           
000090b1  main                                
0000bd05  malloc                              
00009c8d  memalign                            
0000a799  open                                
202001dc  p1                                  
202005d0  parmbuf                             
0000bd39  remove                              
0000a351  setvbuf                             
0000ab21  strcmp                              
0000b981  unlink                              
0000b9fd  write                               


GLOBAL SYMBOLS: SORTED BY Symbol Address 

address   name                                
-------   ----                                
00000000  __TI_ATRegion0_region_sz            
00000000  __TI_ATRegion0_src_addr             
00000000  __TI_ATRegion0_trg_addr             
00000000  __TI_ATRegion1_region_sz            
00000000  __TI_ATRegion1_src_addr             
00000000  __TI_ATRegion1_trg_addr             
00000000  __TI_ATRegion2_region_sz            
00000000  __TI_ATRegion2_src_addr             
00000000  __TI_ATRegion2_trg_addr             
00000000  __TI_static_base__                  
00000000  interruptVectors                    
00000200  __STACK_SIZE                        
00000200  __SYSMEM_SIZE                       
00008ea1  _Z17ST7735_DrawBitmapssPKtss        
000090b1  main                                
000092b9  _ZN7Machine13updateRefinerEh        
00009479  _Z15Clock_Init80MHzi                
0000962d  _Z16ST7735_DrawCharSsscssh          
00009921  _ZN6Player8moveDownEv               
00009a4d  _Z8ADC_InitP10ADC12_Regsjj          
00009b75  _Z15ST7735_FillRectsssst            
00009c8d  aligned_alloc                       
00009c8d  memalign                            
00009da1  _ZN6Player6moveUpEv                 
00009ea9  _Z8SPI_Initv                        
00009fa1  _Z18ST7735_SetRotationh             
0000a095  add_device                          
0000a181  _Z9UART_Initv                       
0000a269  free                                
0000a351  setvbuf                             
0000a431  _Z14ST7735_OutCharc                 
0000a501  _Z14TimerG7_IntArmtjj               
0000a5a9  _ZN6Player14checkProximityE7Machine 
0000a64f  _ZN6Player15getMachineInputE7Machine
0000a797  SysTick_Handler                     
0000a799  open                                
0000a839  _Z17ST7735_InitPrintfv              
0000a8d5  _Z12ST7735_InitR10initRFlags        
0000a96d  _Z15TimerG12_IntArmjj               
0000aa01  _ZN8SlidePot4InitEv                 
0000ab15  _Z10Clock_Freqv                     
0000ab21  strcmp                              
0000aba9  _Z17ST7735_DrawStringttPcs          
0000ac2d  _ZN6Player16resetCoordinatesEv      
0000acad  _Z14LaunchPad_Initv                 
0000ad29  __TI_closefile                      
0000ada5  __TI_decompress_lzss                
0000ae21  _Z16ST7735_DrawPixelsst             
0000ae91  _ZN7Machine10printAnvilEh           
0000af01  HOSTlseek                           
0000af6d  HOSTrename                          
0000afd9  _ZN7Machine12printRefinerEh         
0000b045  getdevice                           
0000b115  HOSTopen                            
0000b175  HOSTread                            
0000b1cd  HOSTwrite                           
0000b225  _Z10TExaS_InitP10ADC12_RegsjPFhvE   
0000b27d  _ZN8SlidePot2InEv                   
0000b2d1  __TI_auto_init_nobinit              
0000b325  __TI_doflush                        
0000b377  _Z10Sound_Initv                     
0000b379  close                               
0000b3c9  _ZN6Player8moveLeftEv               
0000b415  _ZN6Player9moveRightEv              
0000b461  HOSTclose                           
0000b4a9  HOSTunlink                          
0000b4f1  _Z14SPI_OutCommandc                 
0000b539  TIMG7_IRQHandler                    
0000b579  _Z9SPI_Resetv                       
0000b5b9  __aeabi_uidiv                       
0000b5b9  __aeabi_uidivmod                    
0000b639  TIMG12_IRQHandler                   
0000b675  _ZN7MachineC1Ehhhh                  
0000b675  _ZN7MachineC2Ehhhh                  
0000b6af  __aeabi_idiv0                       
0000b6b1  _Z11SPI_OutDatac                    
0000b6e9  _Z15ActivatePortA_Bv                
0000b721  _Z12ST7735_writeiPKcj               
0000b755  _Z14Clock_Delay1msj                 
0000b789  _Z16ST7735_SetCursorjj              
0000b7bd  __TI_cleanup                        
0000b7f1  __TI_readmsg                        
0000b825  __TI_writemsg                       
0000b851  C$$IO$$                             
0000b859  exit                                
0000b88d  finddevice                          
0000b8c1  freopen                             
0000b925  fopen                               
0000b955  _Z17ST7735_FillScreent              
0000b981  unlink                              
0000b9ad  _Z9ADC_StartP10ADC12_Regs           
0000b9fd  write                               
0000ba25  _c_int00_noargs                     
0000ba4d  _ZN8SlidePot4SaveEj                 
0000ba71  _ZN8SlidePot4SyncEv                 
0000baaf  _nop                                
0000bab1  ADC0_IRQHandler                     
0000bab1  ADC1_IRQHandler                     
0000bab1  AES_IRQHandler                      
0000bab1  CANFD0_IRQHandler                   
0000bab1  DAC0_IRQHandler                     
0000bab1  DMA_IRQHandler                      
0000bab1  Default_Handler                     
0000bab1  GROUP0_IRQHandler                   
0000bab1  GROUP1_IRQHandler                   
0000bab1  I2C0_IRQHandler                     
0000bab1  I2C1_IRQHandler                     
0000bab1  NMI_Handler                         
0000bab1  PendSV_Handler                      
0000bab1  RTC_IRQHandler                      
0000bab1  SPI0_IRQHandler                     
0000bab1  SPI1_IRQHandler                     
0000bab1  SVC_Handler                         
0000bab1  TIMA0_IRQHandler                    
0000bab1  TIMA1_IRQHandler                    
0000bab1  TIMG0_IRQHandler                    
0000bab1  TIMG6_IRQHandler                    
0000bab1  TIMG8_IRQHandler                    
0000bab1  UART0_IRQHandler                    
0000bab1  UART1_IRQHandler                    
0000bab1  UART2_IRQHandler                    
0000bab1  UART3_IRQHandler                    
0000bacd  HardFault_Handler                   
0000bae9  _Z9Switch_Inv                       
0000bb05  _ZN6PlayerC1Ev                      
0000bb05  _ZN6PlayerC2Ev                      
0000bb75  _Z11Switch_Initv                    
0000bb8d  _Z11ST7735_openPKcji                
0000bba3  _Z11ST7735_readiPcj                 
0000bbb9  __TI_zero_init_nomemset             
0000bbe3  _ZN6Player13setPossessionEh         
0000bbf5  TI_memcpy_small                     
0000bc07  __TI_decompress_none                
0000bc19  _Z11Clock_Delayj                    
0000bc29  _Z28TExaS_LaunchPadLogicPB27PB26v   
0000bc67  _Z12ST7735_lseekili                 
0000bc75  _ZN6Player7getXPosEv                
0000bc83  _ZN6Player7getYPosEv                
0000bc91  _ZN8SlidePotC1Ev                    
0000bc91  _ZN8SlidePotC2Ev                    
0000bcbb  TI_memset_small                     
0000bcc9  _Z13ST7735_renamePKcS0_             
0000bcd5  _ZN6Player7getSizeEv                
0000bce1  _ZN8SlidePot9DistanceXEv            
0000bced  _ZN8SlidePot9DistanceYEv            
0000bcf9  __aeabi_memclr                      
0000bcf9  __aeabi_memclr4                     
0000bcf9  __aeabi_memclr8                     
0000bd05  malloc                              
0000bd11  _Z12ST7735_closei                   
0000bd1b  _Z13ST7735_unlinkPKc                
0000bd25  _Z8PLL_Initv                        
0000bd31  __aeabi_memcpy                      
0000bd31  __aeabi_memcpy4                     
0000bd31  __aeabi_memcpy8                     
0000bd39  remove                              
0000bd41  Reset_Handler                       
0000bd45  _system_pre_init                    
0000bd48  C$$EXIT                             
0000bd49  abort                               
0000bd50  SHT$$INIT_ARRAY$$Base               
0000bd54  SHT$$INIT_ARRAY$$Limit              
0000bdc4  __TI_Handler_Table_Base             
0000bdd0  __TI_Handler_Table_Limit            
0000bdd8  __TI_CINIT_Base                     
0000bde8  __TI_CINIT_Limit                    
0000bde8  __TI_CINIT_Warm                     
20200000  __start___llvm_prf_bits             
20200000  __start___llvm_prf_cnts             
20200000  __stop___llvm_prf_bits              
20200000  __stop___llvm_prf_cnts              
20200000  _ftable                             
202000f0  _device                             
20200168  _stream                             
202001b8  Sensor                              
202001c4  __TI_cleanup_ptr                    
202001c8  __TI_dtors_ptr                      
202001cc  m_anvil                             
202001d4  m_refiner                           
202001dc  p1                                  
202001e4  BusFreq                             
202001e8  StX                                 
202001ec  StY                                 
202001f0  __TI_ft_end                         
202001f4  _lock                               
202001f8  _unlock                             
202001fc  StTextColor                         
20200202  input                               
20200210  _sys_memory                         
20200410  _CIOBUF_                            
20200410  __CIOBUF_                           
20200530  __TI_tmpnams                        
202005d0  parmbuf                             
202005d8  TExaSLogic                          
202005dc  TExaSadc                            
202005e8  key                                 
20207e00  __stack                             
20208000  __STACK_END                         
ffffffff  __TI_pprof_out_hndl                 
ffffffff  __TI_prof_data_size                 
ffffffff  __TI_prof_data_start                
ffffffff  __binit__                           
ffffffff  binit                               
UNDEFED   __mpu_init                          
UNDEFED   _system_post_cinit                  

[205 symbols]
