******************************************************************************
            TI ARM Clang Linker PC v4.0.1                      
******************************************************************************
>> Linked Wed Apr 23 22:38:51 2025

OUTPUT FILE NAME:   <MadMines.out>
ENTRY POINT SYMBOL: "_c_int00_noargs"  address: 0001ab09


MEMORY CONFIGURATION

         name            origin    length      used     unused   attr    fill
----------------------  --------  ---------  --------  --------  ----  --------
  FLASH                 00000000   00020000  0001b9d8  00004628  R  X
  SRAM                  20200000   00008000  00002644  000059bc  RW X
  BCR_CONFIG            41c00000   00000080  00000000  00000080  R   
  BSL_CONFIG            41c00100   00000080  00000000  00000080  R   


SEGMENT ALLOCATION MAP

run origin  load origin   length   init length attrs members
----------  ----------- ---------- ----------- ----- -------
00000000    00000000    0001b9d8   0001b9d8    r-x
  00000000    00000000    000000c0   000000c0    r-- .intvecs
  000000c0    000000c0    00014178   00014178    r-- .rodata
  00014238    00014238    00000008   00000008    r-- .init_array
  00014240    00014240    00006eb0   00006eb0    r-x .text
  0001b0f0    0001b0f0    000008e8   000008e8    r-- .cinit
20200000    20200000    00002447   00000000    rw-
  20200000    20200000    00002045   00000000    rw- .data
  20202048    20202048    00000200   00000000    rw- .sysmem
  20202248    20202248    000001ff   00000000    rw- .bss
20207e00    20207e00    00000200   00000000    rw-
  20207e00    20207e00    00000200   00000000    rw- .stack


SECTION ALLOCATION MAP

 output                                  attributes/
section   page    origin      length       input sections
--------  ----  ----------  ----------   ----------------
.intvecs   0    00000000    000000c0     
                  00000000    000000c0     startup_mspm0g3507_ticlang.o (.intvecs)

.binit     0    00000000    00000000     

.text      0    00014240    00006eb0     
                  00014240    000010f8     Lab9HMain.o (.text.main)
                  00015338    00000510     Machine.o (.text._ZN7Machine10updateCartEh)
                  00015848    00000450     Machine.o (.text._ZN7Machine10updateRockEh)
                  00015c98    00000410     Lab9HMain.o (.text._Z17setUpInstructionsh)
                  000160a8    000003c4     Machine.o (.text._ZN7Machine13updateRefinerEh)
                  0001646c    0000038c     Machine.o (.text._ZN7Machine14updateCountersEhPS_)
                  000167f8    000002b0     Machine.o (.text._ZN7Machine13printCountersEPS_)
                  00016aa8    000002ac     Machine.o (.text._ZN7Machine12printRefinerEv)
                  00016d54    0000025c     Machine.o (.text._ZN7Machine16updateTurnInAreaEh)
                  00016fb0    00000244     Player.o (.text._ZN6Player8inBoundsEssPP7Machinehh)
                  000171f4    00000210     ST7735.o (.text._Z17ST7735_DrawBitmapssPKtss)
                  00017404    000001d8     Machine.o (.text._ZN7Machine9printCartEv)
                  000175dc    000001b4     Clock.o (.text._Z15Clock_Init80MHzi)
                  00017790    000001a4     ST7735.o (.text._Z15ST7735_DrawCharsscssh)
                  00017934    000001a0     ST7735.o (.text._Z16ST7735_DrawCharSsscssh)
                  00017ad4    0000017c     Machine.o (.text._ZN7Machine9printRockEv)
                  00017c50    0000016e     Machine.o (.text._ZN7Machine13cartSendErrorEhh)
                  00017dbe    00000002     libclang_rt.builtins.a : aeabi_div0.c.obj (.text.__aeabi_idiv0)
                  00017dc0    00000154     libc.a : fopen.c.obj (.text._openfile)
                  00017f14    0000013c     Machine.o (.text._ZN7Machine15printTurnInAreaEv)
                  00018050    00000128     TExaS.o (.text._Z8ADC_InitP10ADC12_Regsjj)
                  00018178    00000118     ST7735.o (.text._Z15ST7735_FillRectsssst)
                  00018290    00000114     libc.a : memory.c.obj (.text.aligned_alloc)
                  000183a4    000000f8     SPI.o (.text._Z8SPI_Initv)
                  0001849c    000000f4     ST7735.o (.text._Z18ST7735_SetRotationh)
                  00018590    000000ec     libsysbm.a : add_device.c.obj (.text.add_device)
                  0001867c    000000e8     TExaS.o (.text._Z9UART_Initv)
                  00018764    000000e8     libc.a : memory.c.obj (.text.free)
                  0001884c    000000e0            : setvbuf.c.obj (.text.setvbuf)
                  0001892c    000000dc     UART2.o (.text._Z10UART2_Initv)
                  00018a08    000000d8     ST7735.o (.text._Z14ST7735_OutCharc)
                  00018ae0    000000cc     Lab9HMain.o (.text._Z10printScoreshhh)
                  00018bac    000000b0     ST7735.o (.text._Z20ST7735_DrawFastHLinessst)
                  00018c5c    000000b0     ST7735.o (.text._Z20ST7735_DrawFastVLinessst)
                  00018d0c    000000a8     Timer.o (.text._Z14TimerG7_IntArmtjj)
                  00018db4    000000a2     ST7735.o (.text._ZL11commandListPKh)
                  00018e56    00000002     libc.a : _lock.c.obj (.text._nop)
                  00018e58    000000a0     libsysbm.a : open.c.obj (.text.open)
                  00018ef8    0000009c     ST7735.o (.text._Z17ST7735_InitPrintfv)
                  00018f94    0000009c     Player.o (.text._ZN6Player14checkProximityE7Machine)
                  00019030    00000098     ST7735.o (.text._Z12ST7735_InitR10initRFlags)
                  000190c8    00000098     Player.o (.text._ZN6Player16resetCoordinatesEPsS0_)
                  00019160    00000094     Timer.o (.text._Z15TimerG12_IntArmjj)
                  000191f4    00000090     Sound.o (.text._Z11Sound_Starth)
                  00019284    0000008c     ST7735.o (.text._Z17ST7735_DrawStringttPcs)
                  00019310    0000008c     Machine.o (.text._ZN7MachineC2Ehhhhhhhhhh)
                  0001939c    0000008c     SlidePot.o (.text._ZN8SlidePot4InitEv)
                  00019428    00000088     ST7735.o (.text._ZL13setAddrWindowhhhh)
                  000194b0    00000088     libc.a : strcmp-armv6m.S.obj (.text:strcmp)
                  00019538    00000084     Machine.o (.text._ZN7MachineC2Ehhhhhhhhh)
                  000195bc    0000007c     LaunchPad.o (.text._Z14LaunchPad_Initv)
                  00019638    0000007c     libc.a : fclose.c.obj (.text.__TI_closefile)
                  000196b4    0000007c            : copy_decompress_lzss.c.obj (.text:decompress:lzss)
                  00019730    00000074     UART2.o (.text.UART2_IRQHandler)
                  000197a4    00000074     IRxmt.o (.text._Z13IRxmt_SendBiti)
                  00019818    00000070     ST7735.o (.text._Z16ST7735_DrawPixelsst)
                  00019888    0000006e     Player.o (.text._ZN6Player15getMachineInputE7Machine)
                  000198f6    00000002     --HOLE-- [fill = 0]
                  000198f8    0000006c     libsysbm.a : hostlseek.c.obj (.text.HOSTlseek)
                  00019964    0000006c                : hostrename.c.obj (.text.HOSTrename)
                  000199d0    0000006c     Lab9HMain.o (.text._GLOBAL__sub_I_Lab9HMain.cpp)
                  00019a3c    0000006c     libc.a : getdevice.c.obj (.text.getdevice)
                  00019aa8    00000064     Machine.o (.text._ZN7MachineC2Ehhhhhh)
                  00019b0c    00000064     libc.a : memory.c.obj (.text.split)
                  00019b70    00000060     libsysbm.a : hostopen.c.obj (.text.HOSTopen)
                  00019bd0    00000060     IRxmt.o (.text._Z13IRxmt_OutCharc)
                  00019c30    00000058     libsysbm.a : hostread.c.obj (.text.HOSTread)
                  00019c88    00000058                : hostwrite.c.obj (.text.HOSTwrite)
                  00019ce0    00000058     Sound.o (.text.SysTick_Handler)
                  00019d38    00000058     TExaS.o (.text._Z10TExaS_InitP10ADC12_RegsjPFhvE)
                  00019d90    00000056     libclang_rt.builtins.a : aeabi_idivmod.S.obj (.text.__aeabi_idivmod)
                  00019de6    00000002     --HOLE-- [fill = 0]
                  00019de8    00000054     Player.o (.text._ZN6Player14printPosessionEh)
                  00019e3c    00000054     Player.o (.text._ZN6Player8moveLeftEv)
                  00019e90    00000054     Player.o (.text._ZN6Player9moveRightEv)
                  00019ee4    00000054     SlidePot.o (.text._ZN8SlidePot2InEv)
                  00019f38    00000054     libc.a : autoinit.c.obj (.text:__TI_auto_init_nobinit)
                  00019f8c    00000052     Player.o (.text._ZN6Player8moveDownEv)
                  00019fde    00000052     libc.a : fflush.c.obj (.text.__TI_doflush)
                  0001a030    00000050     Lab9HMain.o (.text.__cxx_global_var_init.14)
                  0001a080    00000050     libsysbm.a : close.c.obj (.text.close)
                  0001a0d0    0000004c     FIFO2.o (.text._ZN5Queue3GetEPc)
                  0001a11c    0000004c     FIFO2.o (.text._ZN5Queue3PutEc)
                  0001a168    00000048     libsysbm.a : hostclose.c.obj (.text.HOSTclose)
                  0001a1b0    00000048                : hostunlink.c.obj (.text.HOSTunlink)
                  0001a1f8    00000048     SPI.o (.text._Z14SPI_OutCommandc)
                  0001a240    00000044     Lab9HMain.o (.text._Z8checkWinv)
                  0001a284    00000040     TExaS.o (.text.TIMG7_IRQHandler)
                  0001a2c4    00000040     Sound.o (.text._Z10Sound_Initv)
                  0001a304    00000040     SPI.o (.text._Z9SPI_Resetv)
                  0001a344    00000040     libclang_rt.builtins.a : aeabi_uidivmod.S.obj (.text.__aeabi_uidivmod)
                  0001a384    00000040     Lab9HMain.o (.text.__cxx_global_var_init.26)
                  0001a3c4    00000040     libc.a : fopen.c.obj (.text._search_fp)
                  0001a404    0000003c     Lab9HMain.o (.text.TIMG12_IRQHandler)
                  0001a440    0000003c     DAC5.o (.text._Z9DAC5_Initv)
                  0001a47c    0000003c     Player.o (.text._ZN6Player6moveUpEv)
                  0001a4b8    00000038     SPI.o (.text._Z11SPI_OutDatac)
                  0001a4f0    00000038     LaunchPad.o (.text._Z15ActivatePortA_Bv)
                  0001a528    00000034     ST7735.o (.text._Z12ST7735_writeiPKcj)
                  0001a55c    00000034     Clock.o (.text._Z14Clock_Delay1msj)
                  0001a590    00000034     ST7735.o (.text._Z16ST7735_SetCursorjj)
                  0001a5c4    00000034     libc.a : fopen.c.obj (.text.__TI_cleanup)
                  0001a5f8    00000034     libsysbm.a : trgmsg.c.obj (.text.__TI_readmsg)
                  0001a62c    00000034                : trgmsg.c.obj (.text.__TI_writemsg)
                  0001a660    00000034     libc.a : exit.c.obj (.text.exit)
                  0001a694    00000034            : getdevice.c.obj (.text.finddevice)
                  0001a6c8    00000034            : fopen.c.obj (.text.freopen)
                  0001a6fc    00000030     ST7735.o (.text._ZL10commonInitPKh)
                  0001a72c    00000030     Player.o (.text._ZN6Player14translateRightEv)
                  0001a75c    00000030     Lab9HMain.o (.text.__cxx_global_var_init.11)
                  0001a78c    00000030     Lab9HMain.o (.text.__cxx_global_var_init.12)
                  0001a7bc    00000030     Lab9HMain.o (.text.__cxx_global_var_init.13)
                  0001a7ec    00000030     Lab9HMain.o (.text.__cxx_global_var_init.17)
                  0001a81c    00000030     Lab9HMain.o (.text.__cxx_global_var_init.23)
                  0001a84c    00000030     Lab9HMain.o (.text.__cxx_global_var_init.24)
                  0001a87c    00000030     Lab9HMain.o (.text.__cxx_global_var_init.25)
                  0001a8ac    00000030     Lab9HMain.o (.text.__cxx_global_var_init.6)
                  0001a8dc    00000030     libc.a : fopen.c.obj (.text.fopen)
                  0001a90c    0000002c     UART2.o (.text._Z12UART2_InCharv)
                  0001a938    0000002c     ST7735.o (.text._Z17ST7735_FillScreent)
                  0001a964    0000002c     Player.o (.text._ZN6Player13translateDownEv)
                  0001a990    0000002c     Player.o (.text._ZN6Player13translateLeftEv)
                  0001a9bc    0000002c     Lab9HMain.o (.text.__cxx_global_var_init.10)
                  0001a9e8    0000002c     libsysbm.a : unlink.c.obj (.text.unlink)
                  0001aa14    0000002a     Machine.o (.text._ZN7Machine13menuPrintCartEv)
                  0001aa3e    00000002     --HOLE-- [fill = 0]
                  0001aa40    00000028     IRxmt.o (.text._Z10IRxmt_Initv)
                  0001aa68    00000028     TExaS.o (.text._Z9ADC_StartP10ADC12_Regs)
                  0001aa90    00000028     Lab9HMain.o (.text.__cxx_global_var_init.5)
                  0001aab8    00000028     libc.a : memory.c.obj (.text.free_list_insert)
                  0001aae0    00000028     libsysbm.a : write.c.obj (.text.write)
                  0001ab08    00000028     libc.a : boot_cortex_m.c.obj (.text:_c_int00_noargs)
                  0001ab30    00000026     ST7735.o (.text._Z16ST7735_OutStringPc)
                  0001ab56    00000002     --HOLE-- [fill = 0]
                  0001ab58    00000024     SlidePot.o (.text._ZN8SlidePot4SaveEj)
                  0001ab7c    00000024     Lab9HMain.o (.text.__cxx_global_var_init.16)
                  0001aba0    00000024     Lab9HMain.o (.text.__cxx_global_var_init.18)
                  0001abc4    00000024     Lab9HMain.o (.text.__cxx_global_var_init.19)
                  0001abe8    00000024     Lab9HMain.o (.text.__cxx_global_var_init.20)
                  0001ac0c    00000024     Lab9HMain.o (.text.__cxx_global_var_init.21)
                  0001ac30    00000024     Lab9HMain.o (.text.__cxx_global_var_init.22)
                  0001ac54    00000024     Lab9HMain.o (.text.__cxx_global_var_init.3)
                  0001ac78    00000024     Lab9HMain.o (.text.__cxx_global_var_init.4)
                  0001ac9c    00000024     Lab9HMain.o (.text.__cxx_global_var_init.7)
                  0001acc0    00000024     Lab9HMain.o (.text.__cxx_global_var_init.9)
                  0001ace4    00000022     FIFO2.o (.text._ZN5Queue6IsFullEv)
                  0001ad06    00000002     --HOLE-- [fill = 0]
                  0001ad08    00000020     DAC5.o (.text._Z8DAC5_Outj)
                  0001ad28    00000020     SlidePot.o (.text._ZN8SlidePot4SyncEv)
                  0001ad48    00000020     Lab9HMain.o (.text.__cxx_global_var_init.15)
                  0001ad68    00000020     Lab9HMain.o (.text.__cxx_global_var_init.8)
                  0001ad88    0000001e     ST7735.o (.text._ZL9pushColort)
                  0001ada6    00000002     --HOLE-- [fill = 0]
                  0001ada8    0000001c     startup_mspm0g3507_ticlang.o (.text.Default_Handler)
                  0001adc4    0000001c     startup_mspm0g3507_ticlang.o (.text.HardFault_Handler)
                  0001ade0    0000001c     Switch.o (.text._Z9Switch_Inv)
                  0001adfc    0000001c     Player.o (.text._ZN6PlayerC2Ev)
                  0001ae18    0000001c     libc.a : memory.c.obj (.text.free_list_remove)
                  0001ae34    00000018     Switch.o (.text._Z11Switch_Initv)
                  0001ae4c    00000018     Lab9HMain.o (.text._Z15randomizeOrdersv)
                  0001ae64    00000016     ST7735.o (.text._Z11ST7735_openPKcji)
                  0001ae7a    00000016     ST7735.o (.text._Z11ST7735_readiPcj)
                  0001ae90    00000016     libc.a : copy_zero_init.c.obj (.text:decompress:ZI:__TI_zero_init_nomemset)
                  0001aea6    00000014     FIFO2.o (.text._ZN5Queue7IsEmptyEv)
                  0001aeba    00000012     Player.o (.text._ZN6Player13setPossessionEh)
                  0001aecc    00000012     Player.o (.text._ZN6Player7setXPosEs)
                  0001aede    00000012     Player.o (.text._ZN6Player7setYPosEs)
                  0001aef0    00000012     Machine.o (.text._ZN7Machine11setRockTypeEh)
                  0001af02    00000012     Machine.o (.text._ZN7Machine9setSpriteEh)
                  0001af14    00000012     libc.a : memcpy16.S.obj (.text:TI_memcpy_small)
                  0001af26    00000012            : copy_decompress_none.c.obj (.text:decompress:none)
                  0001af38    00000010     Clock.o (.text._Z11Clock_Delayj)
                  0001af48    00000010     UART2.o (.text._Z12UART2_Enablev)
                  0001af58    00000010     UART2.o (.text._Z13UART2_Disablev)
                  0001af68    00000010     Lab9HMain.o (.text._Z28TExaS_LaunchPadLogicPB27PB26v)
                  0001af78    00000010     FIFO2.o (.text._ZN5QueueC2Ev)
                  0001af88    00000010     Lab9HMain.o (.text.__cxx_global_var_init.2)
                  0001af98    00000010     Lab9HMain.o (.text.__cxx_global_var_init)
                  0001afa8    00000010     UART2.o (.text.__cxx_global_var_init)
                  0001afb8    0000000e     libc.a : memory.c.obj (.text.OUTLINED_FUNCTION_0)
                  0001afc6    0000000e     ST7735.o (.text._Z12ST7735_lseekili)
                  0001afd4    0000000e     Player.o (.text._ZN6Player7getXPosEv)
                  0001afe2    0000000e     Player.o (.text._ZN6Player7getYPosEv)
                  0001aff0    0000000e     SlidePot.o (.text._ZN8SlidePotC2Ev)
                  0001affe    0000000e     libsysbm.a : hostrename.c.obj (.text.strcpy)
                  0001b00c    0000000e                : hostrename.c.obj (.text.strlen)
                  0001b01a    0000000e     libc.a : memset16.S.obj (.text:TI_memset_small)
                  0001b028    0000000c     Clock.o (.text._Z10Clock_Freqv)
                  0001b034    0000000c     ST7735.o (.text._Z13ST7735_renamePKcS0_)
                  0001b040    0000000c     IRxmt.o (.text._Z5Delayj)
                  0001b04c    0000000c     Player.o (.text._ZN6Player7getSizeEv)
                  0001b058    0000000c     SlidePot.o (.text._ZN8SlidePot9DistanceXEv)
                  0001b064    0000000c     SlidePot.o (.text._ZN8SlidePot9DistanceYEv)
                  0001b070    0000000c     libclang_rt.builtins.a : aeabi_memset.S.obj (.text.__aeabi_memclr)
                  0001b07c    0000000c     libc.a : memory.c.obj (.text.malloc)
                  0001b088    0000000a     Sound.o (.text._Z11Sound_Clangv)
                  0001b092    0000000a     Sound.o (.text._Z11Sound_Wrongv)
                  0001b09c    0000000a     ST7735.o (.text._Z12ST7735_closei)
                  0001b0a6    0000000a     ST7735.o (.text._Z13ST7735_unlinkPKc)
                  0001b0b0    0000000a     Sound.o (.text._Z13Sound_Correctv)
                  0001b0ba    0000000a     Lab9HMain.o (.text._Z8PLL_Initv)
                  0001b0c4    00000008     UART2.o (.text._GLOBAL__sub_I_UART2.cpp)
                  0001b0cc    00000008     libclang_rt.builtins.a : aeabi_memcpy.S.obj (.text.__aeabi_memcpy)
                  0001b0d4    00000008     libsysbm.a : remove.c.obj (.text.remove)
                  0001b0dc    00000004     startup_mspm0g3507_ticlang.o (.text.Reset_Handler)
                  0001b0e0    00000004     libc.a : pre_init.c.obj (.text._system_pre_init)
                  0001b0e4    00000004            : exit.c.obj (.text:abort)
                  0001b0e8    00000008     --HOLE-- [fill = 0]

.cinit     0    0001b0f0    000008e8     
                  0001b0f0    000008c3     (.cinit..data.load) [load image, compression = lzss]
                  0001b9b3    00000001     --HOLE-- [fill = 0]
                  0001b9b4    0000000c     (__TI_handler_table)
                  0001b9c0    00000008     (.cinit..bss.load) [load image, compression = zero_init]
                  0001b9c8    00000010     (__TI_cinit_table)

.rodata    0    000000c0    00014178     
                  000000c0    00002800     Lab9HMain.o (.rodata._ZL4todo)
                  000028c0    00002800     Machine.o (.rodata._ZL4todo)
                  000050c0    00001ba8     Sound.o (.rodata._ZL7correct)
                  00006c68    000010ae     Machine.o (.rodata._ZL14refinerWorking)
                  00007d16    000010ae     Machine.o (.rodata._ZL16refinerHighlight)
                  00008dc4    000010ae     Machine.o (.rodata._ZL7refiner)
                  00009e72    00000f83     Sound.o (.rodata._ZL5wrong)
                  0000adf5    00000001     --HOLE-- [fill = 0]
                  0000adf6    00000f74     Machine.o (.rodata._ZL13cartHighlight)
                  0000bd6a    00000f74     Machine.o (.rodata._ZL4cart)
                  0000ccde    00000738     Machine.o (.rodata._ZL13rockWorking_b)
                  0000d416    00000738     Machine.o (.rodata._ZL15rockHighlight_b)
                  0000db4e    00000738     Machine.o (.rodata._ZL22rockWorkingHighlight_b)
                  0000e286    00000738     Machine.o (.rodata._ZL6rock_b)
                  0000e9be    00000720     Machine.o (.rodata._ZL15portalHighlight)
                  0000f0de    00000720     Machine.o (.rodata._ZL6portal)
                  0000f7fe    000006e0     Machine.o (.rodata._ZL6ladder)
                  0000fede    00000548     Lab9HMain.o (.rodata._ZL5miner)
                  00010426    00000540     Machine.o (.rodata._ZL7counter)
                  00010966    000004fb     ST7735.o (.rodata._ZL4Font)
                  00010e61    00000001     --HOLE-- [fill = 0]
                  00010e62    00000348     Machine.o (.rodata._ZL5watch)
                  000111aa    00000320     Machine.o (.rodata._ZL4boot)
                  000114ca    000002d2     Machine.o (.rodata._ZL5sword)
                  0001179c    000002ac     Machine.o (.rodata._ZL3key)
                  00011a48    000002a0     Machine.o (.rodata._ZL6shield)
                  00011ce8    00000220     Machine.o (.rodata._ZL4ring)
                  00011f08    000001ee     Machine.o (.rodata._ZL6turnip)
                  000120f6    0000018c     Machine.o (.rodata._ZL10rawDiamond)
                  00012282    0000018c     Machine.o (.rodata._ZL10rawEmerald)
                  0001240e    0000018c     Machine.o (.rodata._ZL7rawGold)
                  0001259a    0000018c     Machine.o (.rodata._ZL7rawRuby)
                  00012726    0000018c     Machine.o (.rodata._ZL9rawSilver)
                  000128b2    00000168     Machine.o (.rodata._ZL13rockWorking_m)
                  00012a1a    00000168     Machine.o (.rodata._ZL15rockHighlight_m)
                  00012b82    00000168     Machine.o (.rodata._ZL22rockWorkingHighlight_m)
                  00012cea    00000168     Machine.o (.rodata._ZL6rock_m)
                  00012e52    0000010e     Machine.o (.rodata._ZL4gold)
                  00012f60    0000010e     Machine.o (.rodata._ZL6silver)
                  0001306e    0000010a     Machine.o (.rodata._ZL13rockWorking_t)
                  00013178    0000010a     Machine.o (.rodata._ZL15rockHighlight_t)
                  00013282    0000010a     Machine.o (.rodata._ZL22rockWorkingHighlight_t)
                  0001338c    0000010a     Machine.o (.rodata._ZL6rock_t)
                  00013496    000000dd     Lab9HMain.o (.rodata._ZL13Page3_Spanish)
                  00013573    000000d8     Lab9HMain.o (.rodata._ZL13Page2_English)
                  0001364b    00000001     --HOLE-- [fill = 0]
                  0001364c    000000d8     Lab9HMain.o (.rodata._ZL4Ruby)
                  00013724    000000d8     Machine.o (.rodata._ZL4Ruby)
                  000137fc    000000d8     Lab9HMain.o (.rodata._ZL7Diamond)
                  000138d4    000000d8     Machine.o (.rodata._ZL7Diamond)
                  000139ac    000000d8     Lab9HMain.o (.rodata._ZL7Emerald)
                  00013a84    000000d8     Machine.o (.rodata._ZL7Emerald)
                  00013b5c    000000ce     Lab9HMain.o (.rodata._ZL13Page3_English)
                  00013c2a    000000c9     Lab9HMain.o (.rodata._ZL13Page2_Spanish)
                  00013cf3    000000ac     Lab9HMain.o (.rodata._ZL13Page1_English)
                  00013d9f    000000a7     Lab9HMain.o (.rodata._ZL13Page1_Spanish)
                  00013e46    000000a4     Lab9HMain.o (.rodata._ZL13Page4_English)
                  00013eea    000000a2     Lab9HMain.o (.rodata._ZL13Page4_Spanish)
                  00013f8c    00000096     Lab9HMain.o (.rodata._ZL13Page5_Spanish)
                  00014022    00000066     Lab9HMain.o (.rodata._ZL13Page5_English)
                  00014088    0000003b     ST7735.o (.rodata._ZL5Rcmd1)
                  000140c3    0000002b     ST7735.o (.rodata._ZL5Rcmd3)
                  000140ee    0000001f     Lab9HMain.o (.rodata._ZL11Won_Spanish)
                  0001410d    0000001f     Lab9HMain.o (.rodata._ZL12Lost_Spanish)
                  0001412c    0000001f     Lab9HMain.o (.rodata._ZL12Wait_Spanish)
                  0001414b    0000001d     Lab9HMain.o (.rodata._ZL12Lost_English)
                  00014168    0000001d     Lab9HMain.o (.rodata._ZL12Wait_English)
                  00014185    0000001c     Lab9HMain.o (.rodata._ZL11Won_English)
                  000141a1    00000016     ST7735.o (.rodata.str1.128370289436029622301)
                  000141b7    00000013     Lab9HMain.o (.rodata.str1.173505494541024909531)
                  000141ca    00000010     Lab9HMain.o (.rodata.str1.36435047076059183751)
                  000141da    0000000d     ST7735.o (.rodata._ZL10Rcmd2green)
                  000141e7    0000000d     ST7735.o (.rodata._ZL8Rcmd2red)
                  000141f4    00000008     Lab9HMain.o (.rodata._ZL15Goodbye_English)
                  000141fc    00000008     Lab9HMain.o (.rodata._ZL16Language_English)
                  00014204    00000008     Lab9HMain.o (.rodata._ZL16Language_Spanish)
                  0001420c    00000008     ST7735.o (.rodata.str1.53591972959378542101)
                  00014214    00000007     Lab9HMain.o (.rodata._ZL13Hello_Spanish)
                  0001421b    00000007     ST7735.o (.rodata.str1.28611865845488554281)
                  00014222    00000007     ST7735.o (.rodata.str1.63348317913043414121)
                  00014229    00000006     Lab9HMain.o (.rodata._ZL13Hello_English)
                  0001422f    00000006     Lab9HMain.o (.rodata._ZL15Goodbye_Spanish)
                  00014235    00000002     ST7735.o (.rodata.str1.90642305370257400361)
                  00014237    00000001     --HOLE-- [fill = 0]

.init_array 
*          0    00014238    00000008     
                  00014238    00000004     UART2.o (.init_array)
                  0001423c    00000004     Lab9HMain.o (.init_array)

.data      0    20200000    00002045     UNINITIALIZED
                  20200000    00001b44     Sound.o (.data._ZL5clang)
                  20201b44    000000f0     libc.a : defs.c.obj (.data._ftable)
                  20201c34    00000090     Machine.o (.data.sprites)
                  20201cc4    00000078     libsysbm.a : host_device.c.obj (.data._device)
                  20201d3c    00000050                : host_device.c.obj (.data._stream)
                  20201d8c    0000003c     Lab9HMain.o (.data.Counters)
                  20201dc8    00000030     Lab9HMain.o (.data.Phrases)
                  20201df8    00000030     Lab9HMain.o (.data.machineArr1)
                  20201e28    0000002d     Lab9HMain.o (.data.Counters2)
                  20201e55    00000003     Machine.o (.data._ZZN7Machine10updateRockEhE8lastOuts)
                  20201e58    00000028     UART2.o (.data.FIFO2)
                  20201e80    00000028     Lab9HMain.o (.data.Instructions)
                  20201ea8    0000000f     Lab9HMain.o (.data.m_anvil)
                  20201eb7    0000000f     Lab9HMain.o (.data.m_cart1)
                  20201ec6    0000000f     Lab9HMain.o (.data.m_cart2)
                  20201ed5    0000000f     Lab9HMain.o (.data.m_counter1)
                  20201ee4    0000000f     Lab9HMain.o (.data.m_counter2)
                  20201ef3    0000000f     Lab9HMain.o (.data.m_counter3)
                  20201f02    0000000f     Lab9HMain.o (.data.m_counter4)
                  20201f11    0000000f     Lab9HMain.o (.data.m_counter5)
                  20201f20    0000000f     Lab9HMain.o (.data.m_counter6)
                  20201f2f    0000000f     Lab9HMain.o (.data.m_portal)
                  20201f3e    0000000f     Lab9HMain.o (.data.m_refiner)
                  20201f4d    0000000f     Lab9HMain.o (.data.m_rock1)
                  20201f5c    0000000f     Lab9HMain.o (.data.m_rock1Mid)
                  20201f6b    0000000f     Lab9HMain.o (.data.m_rock1Progress)
                  20201f7a    0000000f     Lab9HMain.o (.data.m_rock1Top)
                  20201f89    0000000f     Lab9HMain.o (.data.m_rock2)
                  20201f98    0000000f     Lab9HMain.o (.data.m_rock2Mid)
                  20201fa7    0000000f     Lab9HMain.o (.data.m_rock2Top)
                  20201fb6    0000000f     Lab9HMain.o (.data.m_smelter)
                  20201fc5    0000000f     Lab9HMain.o (.data.m_smelterProgress)
                  20201fd4    0000000f     Lab9HMain.o (.data.m_todo)
                  20201fe3    0000000f     Lab9HMain.o (.data.m_todoDown)
                  20201ff2    00000002     ST7735.o (.data.StTextColor)
                  20201ff4    0000000c     Lab9HMain.o (.data.Sensor)
                  20202000    00000008     libc.a : exit.c.obj (.data..L_MergedGlobals)
                  20202008    00000008     Lab9HMain.o (.data.p1)
                  20202010    00000004     Clock.o (.data.BusFreq)
                  20202014    00000004     ST7735.o (.data.StX)
                  20202018    00000004     ST7735.o (.data.StY)
                  2020201c    00000004     libc.a : defs.c.obj (.data.__TI_ft_end)
                  20202020    00000004            : _lock.c.obj (.data._lock)
                  20202024    00000004            : _lock.c.obj (.data._unlock)
                  20202028    00000002     ST7735.o (.data._ZL6_width)
                  2020202a    00000002     ST7735.o (.data._ZL7_height)
                  2020202c    00000002     Sound.o (.data.clang_size)
                  2020202e    00000002     Sound.o (.data.correct_size)
                  20202030    00000002     Sound.o (.data.wrong_size)
                  20202032    00000001     Lab9HMain.o (.data._ZZ17setUpInstructionshE10currOption)
                  20202033    00000001     Machine.o (.data._ZZN7Machine10updateCartEhE8debounce)
                  20202034    00000001     Machine.o (.data._ZZN7Machine10updateRockEhE7halfway)
                  20202035    00000001     Machine.o (.data._ZZN7Machine13updateRefinerEhE8debounce)
                  20202036    00000001     Machine.o (.data._ZZN7Machine14updateCountersEhPS_E8debounce)
                  20202037    00000001     Machine.o (.data._ZZN7Machine9printCartEvE2in)
                  20202038    00000001     Machine.o (.data._ZZN7Machine9printCartEvE4sent)
                  20202039    00000001     Lab9HMain.o (.data.deadTimer)
                  2020203a    00000001     Lab9HMain.o (.data.input)
                  2020203b    00000001     Lab9HMain.o (.data.numCounters)
                  2020203c    00000001     libsysbm.a : add_device.c.obj (.data.add_device.device_init)
                  2020203d    00000001     Machine.o (.data.progH)
                  2020203e    00000001     Machine.o (.data.progW)
                  2020203f    00000001     --HOLE--
                  20202040    00000001     libc.a : memory.c.obj (.data.memory_is_initialized)
                  20202041    00000003     --HOLE--
                  20202044    00000001     libsysbm.a : open.c.obj (.data.open.stream_init)

.sysmem    0    20202048    00000200     UNINITIALIZED
                  20202048    00000010     libc.a : memory.c.obj (.sysmem)
                  20202058    000001f0     --HOLE--

.bss       0    20202248    000001ff     UNINITIALIZED
                  20202248    00000120     libsysbm.a : trgmsg.c.obj (.bss:_CIOBUF_)
                  20202368    000000a0     libc.a : defs.c.obj (.bss.__TI_tmpnams)
                  20202408    00000014     Machine.o (.bss.ToDoArr)
                  2020241c    00000008     libsysbm.a : hostopen.c.obj (.bss.parmbuf)
                  20202424    00000004     UART2.o (.bss.LostData)
                  20202428    00000004     TExaS.o (.bss.TExaSLogic)
                  2020242c    00000004     TExaS.o (.bss.TExaSadc)
                  20202430    00000004     Sound.o (.bss.soundArr)
                  20202434    00000004     Sound.o (.bss.soundIndex)
                  20202438    00000004     libc.a : memory.c.obj (.bss.sys_free)
                  2020243c    00000002     Lab9HMain.o (.bss.score)
                  2020243e    00000002     Sound.o (.bss.soundLength)
                  20202440    00000001     ST7735.o (.bss._ZL8ColStart)
                  20202441    00000001     ST7735.o (.bss._ZL8Rotation)
                  20202442    00000001     ST7735.o (.bss._ZL8RowStart)
                  20202443    00000001     ST7735.o (.bss._ZL8TabColor)
                  20202444    00000001     Lab9HMain.o (.bss.buttons)
                  20202445    00000001     Sound.o (.bss.sound_flag)
                  20202446    00000001     Lab9HMain.o (.bss.toDoOpen)

.stack     0    20207e00    00000200     UNINITIALIZED
                  20207e00    00000004     libc.a : boot_cortex_m.c.obj (.stack)
                  20207e04    000001fc     --HOLE--

__llvm_prf_cnts 
*          0    20200000    00000000     UNINITIALIZED

__llvm_prf_bits 
*          0    20200000    00000000     UNINITIALIZED

MODULE SUMMARY

       Module                         code    ro data   rw data
       ------                         ----    -------   -------
    .\
       Machine.o                      8232    55534     175    
       Lab9HMain.o                    6942    14262     599    
       Sound.o                        326     11051     6997   
       ST7735.o                       3668    1449      18     
       Player.o                       1650    0         0      
       TExaS.o                        720     0         8      
       Clock.o                        516     0         4      
       UART2.o                        436     4         44     
       SPI.o                          440     0         0      
       SlidePot.o                     330     0         0      
       Timer.o                        316     0         0      
       IRxmt.o                        264     0         0      
       FIFO2.o                        222     0         0      
       LaunchPad.o                    180     0         0      
       DAC5.o                         92      0         0      
       Switch.o                       52      0         0      
    +--+------------------------------+-------+---------+---------+
       Total:                         24386   82300     7845   
                                                               
    .\ticlang\
       startup_mspm0g3507_ticlang.o   60      192       0      
    +--+------------------------------+-------+---------+---------+
       Total:                         60      192       0      
                                                               
    C:\ti\ccs2000\ccs\tools\compiler\ti-cgt-armllvm_4.0.1.LTS\lib\armv6m-ti-none-eabi/c/libc.a
       memory.c.obj                   702     0         5      
       fopen.c.obj                    556     0         0      
       defs.c.obj                     0       0         404    
       setvbuf.c.obj                  224     0         0      
       getdevice.c.obj                160     0         0      
       strcmp-armv6m.S.obj            136     0         0      
       copy_decompress_lzss.c.obj     124     0         0      
       fclose.c.obj                   124     0         0      
       autoinit.c.obj                 84      0         0      
       fflush.c.obj                   82      0         0      
       exit.c.obj                     56      0         8      
       boot_cortex_m.c.obj            40      0         0      
       copy_zero_init.c.obj           22      0         0      
       copy_decompress_none.c.obj     18      0         0      
       memcpy16.S.obj                 18      0         0      
       memset16.S.obj                 14      0         0      
       _lock.c.obj                    2       0         8      
       pre_init.c.obj                 4       0         0      
    +--+------------------------------+-------+---------+---------+
       Total:                         2366    0         425    
                                                               
    C:\ti\ccs2000\ccs\tools\compiler\ti-cgt-armllvm_4.0.1.LTS\lib\armv6m-ti-none-eabi/c/libsysbm.a
       trgmsg.c.obj                   104     0         288    
       add_device.c.obj               236     0         1      
       host_device.c.obj              0       0         200    
       open.c.obj                     160     0         1      
       hostrename.c.obj               136     0         0      
       hostlseek.c.obj                108     0         0      
       hostopen.c.obj                 96      0         8      
       hostread.c.obj                 88      0         0      
       hostwrite.c.obj                88      0         0      
       close.c.obj                    80      0         0      
       hostclose.c.obj                72      0         0      
       hostunlink.c.obj               72      0         0      
       unlink.c.obj                   44      0         0      
       write.c.obj                    40      0         0      
       remove.c.obj                   8       0         0      
    +--+------------------------------+-------+---------+---------+
       Total:                         1332    0         498    
                                                               
    C:\ti\ccs2000\ccs\tools\compiler\ti-cgt-armllvm_4.0.1.LTS\lib\armv6m-ti-none-eabi/libclang_rt.builtins.a
       aeabi_idivmod.S.obj            86      0         0      
       aeabi_uidivmod.S.obj           64      0         0      
       aeabi_memset.S.obj             12      0         0      
       aeabi_memcpy.S.obj             8       0         0      
       aeabi_div0.c.obj               2       0         0      
    +--+------------------------------+-------+---------+---------+
       Total:                         172     0         0      
                                                               
       Heap:                          0       0         512    
       Stack:                         0       0         512    
       Linker Generated:              0       2279      0      
    +--+------------------------------+-------+---------+---------+
       Grand Total:                   28316   84771     9792   


LINKER GENERATED COPY TABLES

__TI_cinit_table @ 0001b9c8 records: 2, size/record: 8, table size: 16
	.data: load addr=0001b0f0, load size=000008c3 bytes, run addr=20200000, run size=00002045 bytes, compression=lzss
	.bss: load addr=0001b9c0, load size=00000008 bytes, run addr=20202248, run size=000001ff bytes, compression=zero_init


LINKER GENERATED HANDLER TABLE

__TI_handler_table @ 0001b9b4 records: 3, size/record: 4, table size: 12
	index: 0, handler: __TI_decompress_lzss
	index: 1, handler: __TI_decompress_none
	index: 2, handler: __TI_zero_init


GLOBAL SYMBOLS: SORTED ALPHABETICALLY BY Name 

address   name                                
-------   ----                                
0001ada9  ADC0_IRQHandler                     
0001ada9  ADC1_IRQHandler                     
0001ada9  AES_IRQHandler                      
20202010  BusFreq                             
0001b0e4  C$$EXIT                             
0001a659  C$$IO$$                             
0001ada9  CANFD0_IRQHandler                   
20201d8c  Counters                            
20201e28  Counters2                           
0001ada9  DAC0_IRQHandler                     
0001ada9  DMA_IRQHandler                      
0001ada9  Default_Handler                     
20201e58  FIFO2                               
0001ada9  GROUP0_IRQHandler                   
0001ada9  GROUP1_IRQHandler                   
0001a169  HOSTclose                           
000198f9  HOSTlseek                           
00019b71  HOSTopen                            
00019c31  HOSTread                            
00019965  HOSTrename                          
0001a1b1  HOSTunlink                          
00019c89  HOSTwrite                           
0001adc5  HardFault_Handler                   
0001ada9  I2C0_IRQHandler                     
0001ada9  I2C1_IRQHandler                     
20201e80  Instructions                        
20202424  LostData                            
0001ada9  NMI_Handler                         
0001ada9  PendSV_Handler                      
20201dc8  Phrases                             
0001ada9  RTC_IRQHandler                      
0001b0dd  Reset_Handler                       
00014238  SHT$$INIT_ARRAY$$Base               
00014240  SHT$$INIT_ARRAY$$Limit              
0001ada9  SPI0_IRQHandler                     
0001ada9  SPI1_IRQHandler                     
0001ada9  SVC_Handler                         
20201ff4  Sensor                              
20201ff2  StTextColor                         
20202014  StX                                 
20202018  StY                                 
00019ce1  SysTick_Handler                     
20202428  TExaSLogic                          
2020242c  TExaSadc                            
0001ada9  TIMA0_IRQHandler                    
0001ada9  TIMA1_IRQHandler                    
0001ada9  TIMG0_IRQHandler                    
0001a405  TIMG12_IRQHandler                   
0001ada9  TIMG6_IRQHandler                    
0001a285  TIMG7_IRQHandler                    
0001ada9  TIMG8_IRQHandler                    
0001af15  TI_memcpy_small                     
0001b01b  TI_memset_small                     
20202408  ToDoArr                             
0001ada9  UART0_IRQHandler                    
0001ada9  UART1_IRQHandler                    
00019731  UART2_IRQHandler                    
0001ada9  UART3_IRQHandler                    
20202248  _CIOBUF_                            
0001b029  _Z10Clock_Freqv                     
0001aa41  _Z10IRxmt_Initv                     
0001a2c5  _Z10Sound_Initv                     
00019d39  _Z10TExaS_InitP10ADC12_RegsjPFhvE   
0001892d  _Z10UART2_Initv                     
00018ae1  _Z10printScoreshhh                  
0001af39  _Z11Clock_Delayj                    
0001a4b9  _Z11SPI_OutDatac                    
0001ae65  _Z11ST7735_openPKcji                
0001ae7b  _Z11ST7735_readiPcj                 
0001b089  _Z11Sound_Clangv                    
000191f5  _Z11Sound_Starth                    
0001b093  _Z11Sound_Wrongv                    
0001ae35  _Z11Switch_Initv                    
00019031  _Z12ST7735_InitR10initRFlags        
0001b09d  _Z12ST7735_closei                   
0001afc7  _Z12ST7735_lseekili                 
0001a529  _Z12ST7735_writeiPKcj               
0001af49  _Z12UART2_Enablev                   
0001a90d  _Z12UART2_InCharv                   
00019bd1  _Z13IRxmt_OutCharc                  
000197a5  _Z13IRxmt_SendBiti                  
0001b035  _Z13ST7735_renamePKcS0_             
0001b0a7  _Z13ST7735_unlinkPKc                
0001b0b1  _Z13Sound_Correctv                  
0001af59  _Z13UART2_Disablev                  
0001a55d  _Z14Clock_Delay1msj                 
000195bd  _Z14LaunchPad_Initv                 
0001a1f9  _Z14SPI_OutCommandc                 
00018a09  _Z14ST7735_OutCharc                 
00018d0d  _Z14TimerG7_IntArmtjj               
0001a4f1  _Z15ActivatePortA_Bv                
000175dd  _Z15Clock_Init80MHzi                
00017791  _Z15ST7735_DrawCharsscssh           
00018179  _Z15ST7735_FillRectsssst            
00019161  _Z15TimerG12_IntArmjj               
0001ae4d  _Z15randomizeOrdersv                
00017935  _Z16ST7735_DrawCharSsscssh          
00019819  _Z16ST7735_DrawPixelsst             
0001ab31  _Z16ST7735_OutStringPc              
0001a591  _Z16ST7735_SetCursorjj              
000171f5  _Z17ST7735_DrawBitmapssPKtss        
00019285  _Z17ST7735_DrawStringttPcs          
0001a939  _Z17ST7735_FillScreent              
00018ef9  _Z17ST7735_InitPrintfv              
00015c99  _Z17setUpInstructionsh              
0001849d  _Z18ST7735_SetRotationh             
00018bad  _Z20ST7735_DrawFastHLinessst        
00018c5d  _Z20ST7735_DrawFastVLinessst        
0001af69  _Z28TExaS_LaunchPadLogicPB27PB26v   
0001b041  _Z5Delayj                           
00018051  _Z8ADC_InitP10ADC12_Regsjj          
0001ad09  _Z8DAC5_Outj                        
0001b0bb  _Z8PLL_Initv                        
000183a5  _Z8SPI_Initv                        
0001a241  _Z8checkWinv                        
0001aa69  _Z9ADC_StartP10ADC12_Regs           
0001a441  _Z9DAC5_Initv                       
0001a305  _Z9SPI_Resetv                       
0001ade1  _Z9Switch_Inv                       
0001867d  _Z9UART_Initv                       
0001a0d1  _ZN5Queue3GetEPc                    
0001a11d  _ZN5Queue3PutEc                     
0001ace5  _ZN5Queue6IsFullEv                  
0001aea7  _ZN5Queue7IsEmptyEv                 
0001af79  _ZN5QueueC1Ev                       
0001af79  _ZN5QueueC2Ev                       
0001aebb  _ZN6Player13setPossessionEh         
0001a965  _ZN6Player13translateDownEv         
0001a991  _ZN6Player13translateLeftEv         
00018f95  _ZN6Player14checkProximityE7Machine 
00019de9  _ZN6Player14printPosessionEh        
0001a72d  _ZN6Player14translateRightEv        
00019889  _ZN6Player15getMachineInputE7Machine
000190c9  _ZN6Player16resetCoordinatesEPsS0_  
0001a47d  _ZN6Player6moveUpEv                 
0001b04d  _ZN6Player7getSizeEv                
0001afd5  _ZN6Player7getXPosEv                
0001afe3  _ZN6Player7getYPosEv                
0001aecd  _ZN6Player7setXPosEs                
0001aedf  _ZN6Player7setYPosEs                
00016fb1  _ZN6Player8inBoundsEssPP7Machinehh  
00019f8d  _ZN6Player8moveDownEv               
00019e3d  _ZN6Player8moveLeftEv               
00019e91  _ZN6Player9moveRightEv              
0001adfd  _ZN6PlayerC1Ev                      
0001adfd  _ZN6PlayerC2Ev                      
00015339  _ZN7Machine10updateCartEh           
00015849  _ZN7Machine10updateRockEh           
0001aef1  _ZN7Machine11setRockTypeEh          
00016aa9  _ZN7Machine12printRefinerEv         
00017c51  _ZN7Machine13cartSendErrorEhh       
0001aa15  _ZN7Machine13menuPrintCartEv        
000167f9  _ZN7Machine13printCountersEPS_      
000160a9  _ZN7Machine13updateRefinerEh        
0001646d  _ZN7Machine14updateCountersEhPS_    
00017f15  _ZN7Machine15printTurnInAreaEv      
00016d55  _ZN7Machine16updateTurnInAreaEh     
00017405  _ZN7Machine9printCartEv             
00017ad5  _ZN7Machine9printRockEv             
0001af03  _ZN7Machine9setSpriteEh             
00019aa9  _ZN7MachineC1Ehhhhhh                
00019539  _ZN7MachineC1Ehhhhhhhhh             
00019311  _ZN7MachineC1Ehhhhhhhhhh            
00019aa9  _ZN7MachineC2Ehhhhhh                
00019539  _ZN7MachineC2Ehhhhhhhhh             
00019311  _ZN7MachineC2Ehhhhhhhhhh            
00019ee5  _ZN8SlidePot2InEv                   
0001939d  _ZN8SlidePot4InitEv                 
0001ab59  _ZN8SlidePot4SaveEj                 
0001ad29  _ZN8SlidePot4SyncEv                 
0001b059  _ZN8SlidePot9DistanceXEv            
0001b065  _ZN8SlidePot9DistanceYEv            
0001aff1  _ZN8SlidePotC1Ev                    
0001aff1  _ZN8SlidePotC2Ev                    
20202248  __CIOBUF_                           
20208000  __STACK_END                         
00000200  __STACK_SIZE                        
00000200  __SYSMEM_SIZE                       
00000000  __TI_ATRegion0_region_sz            
00000000  __TI_ATRegion0_src_addr             
00000000  __TI_ATRegion0_trg_addr             
00000000  __TI_ATRegion1_region_sz            
00000000  __TI_ATRegion1_src_addr             
00000000  __TI_ATRegion1_trg_addr             
00000000  __TI_ATRegion2_region_sz            
00000000  __TI_ATRegion2_src_addr             
00000000  __TI_ATRegion2_trg_addr             
0001b9c8  __TI_CINIT_Base                     
0001b9d8  __TI_CINIT_Limit                    
0001b9d8  __TI_CINIT_Warm                     
0001b9b4  __TI_Handler_Table_Base             
0001b9c0  __TI_Handler_Table_Limit            
00019f39  __TI_auto_init_nobinit              
0001a5c5  __TI_cleanup                        
20202000  __TI_cleanup_ptr                    
00019639  __TI_closefile                      
000196b5  __TI_decompress_lzss                
0001af27  __TI_decompress_none                
00019fdf  __TI_doflush                        
20202004  __TI_dtors_ptr                      
2020201c  __TI_ft_end                         
ffffffff  __TI_pprof_out_hndl                 
ffffffff  __TI_prof_data_size                 
ffffffff  __TI_prof_data_start                
0001a5f9  __TI_readmsg                        
00000000  __TI_static_base__                  
20202368  __TI_tmpnams                        
0001a62d  __TI_writemsg                       
0001ae91  __TI_zero_init_nomemset             
00019d91  __aeabi_idiv                        
00017dbf  __aeabi_idiv0                       
00019d91  __aeabi_idivmod                     
0001b071  __aeabi_memclr                      
0001b071  __aeabi_memclr4                     
0001b071  __aeabi_memclr8                     
0001b0cd  __aeabi_memcpy                      
0001b0cd  __aeabi_memcpy4                     
0001b0cd  __aeabi_memcpy8                     
0001a345  __aeabi_uidiv                       
0001a345  __aeabi_uidivmod                    
ffffffff  __binit__                           
UNDEFED   __mpu_init                          
20207e00  __stack                             
20200000  __start___llvm_prf_bits             
20200000  __start___llvm_prf_cnts             
20200000  __stop___llvm_prf_bits              
20200000  __stop___llvm_prf_cnts              
0001ab09  _c_int00_noargs                     
20201cc4  _device                             
20201b44  _ftable                             
20202020  _lock                               
00018e57  _nop                                
20201d3c  _stream                             
20202048  _sys_memory                         
UNDEFED   _system_post_cinit                  
0001b0e1  _system_pre_init                    
20202024  _unlock                             
0001b0e5  abort                               
00018591  add_device                          
00018291  aligned_alloc                       
ffffffff  binit                               
20202444  buttons                             
2020202c  clang_size                          
0001a081  close                               
2020202e  correct_size                        
20202039  deadTimer                           
0001a661  exit                                
0001a695  finddevice                          
0001a8dd  fopen                               
00018765  free                                
0001a6c9  freopen                             
00019a3d  getdevice                           
2020203a  input                               
00000000  interruptVectors                    
20201ea8  m_anvil                             
20201eb7  m_cart1                             
20201ec6  m_cart2                             
20201ed5  m_counter1                          
20201ee4  m_counter2                          
20201ef3  m_counter3                          
20201f02  m_counter4                          
20201f11  m_counter5                          
20201f20  m_counter6                          
20201f2f  m_portal                            
20201f3e  m_refiner                           
20201f4d  m_rock1                             
20201f5c  m_rock1Mid                          
20201f6b  m_rock1Progress                     
20201f7a  m_rock1Top                          
20201f89  m_rock2                             
20201f98  m_rock2Mid                          
20201fa7  m_rock2Top                          
20201fb6  m_smelter                           
20201fc5  m_smelterProgress                   
20201fd4  m_todo                              
20201fe3  m_todoDown                          
20201df8  machineArr1                         
00014241  main                                
0001b07d  malloc                              
00018291  memalign                            
2020203b  numCounters                         
00018e59  open                                
20202008  p1                                  
2020241c  parmbuf                             
2020203d  progH                               
2020203e  progW                               
0001b0d5  remove                              
2020243c  score                               
0001884d  setvbuf                             
20202430  soundArr                            
20202434  soundIndex                          
2020243e  soundLength                         
20202445  sound_flag                          
20201c34  sprites                             
000194b1  strcmp                              
20202446  toDoOpen                            
0001a9e9  unlink                              
0001aae1  write                               
20202030  wrong_size                          


GLOBAL SYMBOLS: SORTED BY Symbol Address 

address   name                                
-------   ----                                
00000000  __TI_ATRegion0_region_sz            
00000000  __TI_ATRegion0_src_addr             
00000000  __TI_ATRegion0_trg_addr             
00000000  __TI_ATRegion1_region_sz            
00000000  __TI_ATRegion1_src_addr             
00000000  __TI_ATRegion1_trg_addr             
00000000  __TI_ATRegion2_region_sz            
00000000  __TI_ATRegion2_src_addr             
00000000  __TI_ATRegion2_trg_addr             
00000000  __TI_static_base__                  
00000000  interruptVectors                    
00000200  __STACK_SIZE                        
00000200  __SYSMEM_SIZE                       
00014238  SHT$$INIT_ARRAY$$Base               
00014240  SHT$$INIT_ARRAY$$Limit              
00014241  main                                
00015339  _ZN7Machine10updateCartEh           
00015849  _ZN7Machine10updateRockEh           
00015c99  _Z17setUpInstructionsh              
000160a9  _ZN7Machine13updateRefinerEh        
0001646d  _ZN7Machine14updateCountersEhPS_    
000167f9  _ZN7Machine13printCountersEPS_      
00016aa9  _ZN7Machine12printRefinerEv         
00016d55  _ZN7Machine16updateTurnInAreaEh     
00016fb1  _ZN6Player8inBoundsEssPP7Machinehh  
000171f5  _Z17ST7735_DrawBitmapssPKtss        
00017405  _ZN7Machine9printCartEv             
000175dd  _Z15Clock_Init80MHzi                
00017791  _Z15ST7735_DrawCharsscssh           
00017935  _Z16ST7735_DrawCharSsscssh          
00017ad5  _ZN7Machine9printRockEv             
00017c51  _ZN7Machine13cartSendErrorEhh       
00017dbf  __aeabi_idiv0                       
00017f15  _ZN7Machine15printTurnInAreaEv      
00018051  _Z8ADC_InitP10ADC12_Regsjj          
00018179  _Z15ST7735_FillRectsssst            
00018291  aligned_alloc                       
00018291  memalign                            
000183a5  _Z8SPI_Initv                        
0001849d  _Z18ST7735_SetRotationh             
00018591  add_device                          
0001867d  _Z9UART_Initv                       
00018765  free                                
0001884d  setvbuf                             
0001892d  _Z10UART2_Initv                     
00018a09  _Z14ST7735_OutCharc                 
00018ae1  _Z10printScoreshhh                  
00018bad  _Z20ST7735_DrawFastHLinessst        
00018c5d  _Z20ST7735_DrawFastVLinessst        
00018d0d  _Z14TimerG7_IntArmtjj               
00018e57  _nop                                
00018e59  open                                
00018ef9  _Z17ST7735_InitPrintfv              
00018f95  _ZN6Player14checkProximityE7Machine 
00019031  _Z12ST7735_InitR10initRFlags        
000190c9  _ZN6Player16resetCoordinatesEPsS0_  
00019161  _Z15TimerG12_IntArmjj               
000191f5  _Z11Sound_Starth                    
00019285  _Z17ST7735_DrawStringttPcs          
00019311  _ZN7MachineC1Ehhhhhhhhhh            
00019311  _ZN7MachineC2Ehhhhhhhhhh            
0001939d  _ZN8SlidePot4InitEv                 
000194b1  strcmp                              
00019539  _ZN7MachineC1Ehhhhhhhhh             
00019539  _ZN7MachineC2Ehhhhhhhhh             
000195bd  _Z14LaunchPad_Initv                 
00019639  __TI_closefile                      
000196b5  __TI_decompress_lzss                
00019731  UART2_IRQHandler                    
000197a5  _Z13IRxmt_SendBiti                  
00019819  _Z16ST7735_DrawPixelsst             
00019889  _ZN6Player15getMachineInputE7Machine
000198f9  HOSTlseek                           
00019965  HOSTrename                          
00019a3d  getdevice                           
00019aa9  _ZN7MachineC1Ehhhhhh                
00019aa9  _ZN7MachineC2Ehhhhhh                
00019b71  HOSTopen                            
00019bd1  _Z13IRxmt_OutCharc                  
00019c31  HOSTread                            
00019c89  HOSTwrite                           
00019ce1  SysTick_Handler                     
00019d39  _Z10TExaS_InitP10ADC12_RegsjPFhvE   
00019d91  __aeabi_idiv                        
00019d91  __aeabi_idivmod                     
00019de9  _ZN6Player14printPosessionEh        
00019e3d  _ZN6Player8moveLeftEv               
00019e91  _ZN6Player9moveRightEv              
00019ee5  _ZN8SlidePot2InEv                   
00019f39  __TI_auto_init_nobinit              
00019f8d  _ZN6Player8moveDownEv               
00019fdf  __TI_doflush                        
0001a081  close                               
0001a0d1  _ZN5Queue3GetEPc                    
0001a11d  _ZN5Queue3PutEc                     
0001a169  HOSTclose                           
0001a1b1  HOSTunlink                          
0001a1f9  _Z14SPI_OutCommandc                 
0001a241  _Z8checkWinv                        
0001a285  TIMG7_IRQHandler                    
0001a2c5  _Z10Sound_Initv                     
0001a305  _Z9SPI_Resetv                       
0001a345  __aeabi_uidiv                       
0001a345  __aeabi_uidivmod                    
0001a405  TIMG12_IRQHandler                   
0001a441  _Z9DAC5_Initv                       
0001a47d  _ZN6Player6moveUpEv                 
0001a4b9  _Z11SPI_OutDatac                    
0001a4f1  _Z15ActivatePortA_Bv                
0001a529  _Z12ST7735_writeiPKcj               
0001a55d  _Z14Clock_Delay1msj                 
0001a591  _Z16ST7735_SetCursorjj              
0001a5c5  __TI_cleanup                        
0001a5f9  __TI_readmsg                        
0001a62d  __TI_writemsg                       
0001a659  C$$IO$$                             
0001a661  exit                                
0001a695  finddevice                          
0001a6c9  freopen                             
0001a72d  _ZN6Player14translateRightEv        
0001a8dd  fopen                               
0001a90d  _Z12UART2_InCharv                   
0001a939  _Z17ST7735_FillScreent              
0001a965  _ZN6Player13translateDownEv         
0001a991  _ZN6Player13translateLeftEv         
0001a9e9  unlink                              
0001aa15  _ZN7Machine13menuPrintCartEv        
0001aa41  _Z10IRxmt_Initv                     
0001aa69  _Z9ADC_StartP10ADC12_Regs           
0001aae1  write                               
0001ab09  _c_int00_noargs                     
0001ab31  _Z16ST7735_OutStringPc              
0001ab59  _ZN8SlidePot4SaveEj                 
0001ace5  _ZN5Queue6IsFullEv                  
0001ad09  _Z8DAC5_Outj                        
0001ad29  _ZN8SlidePot4SyncEv                 
0001ada9  ADC0_IRQHandler                     
0001ada9  ADC1_IRQHandler                     
0001ada9  AES_IRQHandler                      
0001ada9  CANFD0_IRQHandler                   
0001ada9  DAC0_IRQHandler                     
0001ada9  DMA_IRQHandler                      
0001ada9  Default_Handler                     
0001ada9  GROUP0_IRQHandler                   
0001ada9  GROUP1_IRQHandler                   
0001ada9  I2C0_IRQHandler                     
0001ada9  I2C1_IRQHandler                     
0001ada9  NMI_Handler                         
0001ada9  PendSV_Handler                      
0001ada9  RTC_IRQHandler                      
0001ada9  SPI0_IRQHandler                     
0001ada9  SPI1_IRQHandler                     
0001ada9  SVC_Handler                         
0001ada9  TIMA0_IRQHandler                    
0001ada9  TIMA1_IRQHandler                    
0001ada9  TIMG0_IRQHandler                    
0001ada9  TIMG6_IRQHandler                    
0001ada9  TIMG8_IRQHandler                    
0001ada9  UART0_IRQHandler                    
0001ada9  UART1_IRQHandler                    
0001ada9  UART3_IRQHandler                    
0001adc5  HardFault_Handler                   
0001ade1  _Z9Switch_Inv                       
0001adfd  _ZN6PlayerC1Ev                      
0001adfd  _ZN6PlayerC2Ev                      
0001ae35  _Z11Switch_Initv                    
0001ae4d  _Z15randomizeOrdersv                
0001ae65  _Z11ST7735_openPKcji                
0001ae7b  _Z11ST7735_readiPcj                 
0001ae91  __TI_zero_init_nomemset             
0001aea7  _ZN5Queue7IsEmptyEv                 
0001aebb  _ZN6Player13setPossessionEh         
0001aecd  _ZN6Player7setXPosEs                
0001aedf  _ZN6Player7setYPosEs                
0001aef1  _ZN7Machine11setRockTypeEh          
0001af03  _ZN7Machine9setSpriteEh             
0001af15  TI_memcpy_small                     
0001af27  __TI_decompress_none                
0001af39  _Z11Clock_Delayj                    
0001af49  _Z12UART2_Enablev                   
0001af59  _Z13UART2_Disablev                  
0001af69  _Z28TExaS_LaunchPadLogicPB27PB26v   
0001af79  _ZN5QueueC1Ev                       
0001af79  _ZN5QueueC2Ev                       
0001afc7  _Z12ST7735_lseekili                 
0001afd5  _ZN6Player7getXPosEv                
0001afe3  _ZN6Player7getYPosEv                
0001aff1  _ZN8SlidePotC1Ev                    
0001aff1  _ZN8SlidePotC2Ev                    
0001b01b  TI_memset_small                     
0001b029  _Z10Clock_Freqv                     
0001b035  _Z13ST7735_renamePKcS0_             
0001b041  _Z5Delayj                           
0001b04d  _ZN6Player7getSizeEv                
0001b059  _ZN8SlidePot9DistanceXEv            
0001b065  _ZN8SlidePot9DistanceYEv            
0001b071  __aeabi_memclr                      
0001b071  __aeabi_memclr4                     
0001b071  __aeabi_memclr8                     
0001b07d  malloc                              
0001b089  _Z11Sound_Clangv                    
0001b093  _Z11Sound_Wrongv                    
0001b09d  _Z12ST7735_closei                   
0001b0a7  _Z13ST7735_unlinkPKc                
0001b0b1  _Z13Sound_Correctv                  
0001b0bb  _Z8PLL_Initv                        
0001b0cd  __aeabi_memcpy                      
0001b0cd  __aeabi_memcpy4                     
0001b0cd  __aeabi_memcpy8                     
0001b0d5  remove                              
0001b0dd  Reset_Handler                       
0001b0e1  _system_pre_init                    
0001b0e4  C$$EXIT                             
0001b0e5  abort                               
0001b9b4  __TI_Handler_Table_Base             
0001b9c0  __TI_Handler_Table_Limit            
0001b9c8  __TI_CINIT_Base                     
0001b9d8  __TI_CINIT_Limit                    
0001b9d8  __TI_CINIT_Warm                     
20200000  __start___llvm_prf_bits             
20200000  __start___llvm_prf_cnts             
20200000  __stop___llvm_prf_bits              
20200000  __stop___llvm_prf_cnts              
20201b44  _ftable                             
20201c34  sprites                             
20201cc4  _device                             
20201d3c  _stream                             
20201d8c  Counters                            
20201dc8  Phrases                             
20201df8  machineArr1                         
20201e28  Counters2                           
20201e58  FIFO2                               
20201e80  Instructions                        
20201ea8  m_anvil                             
20201eb7  m_cart1                             
20201ec6  m_cart2                             
20201ed5  m_counter1                          
20201ee4  m_counter2                          
20201ef3  m_counter3                          
20201f02  m_counter4                          
20201f11  m_counter5                          
20201f20  m_counter6                          
20201f2f  m_portal                            
20201f3e  m_refiner                           
20201f4d  m_rock1                             
20201f5c  m_rock1Mid                          
20201f6b  m_rock1Progress                     
20201f7a  m_rock1Top                          
20201f89  m_rock2                             
20201f98  m_rock2Mid                          
20201fa7  m_rock2Top                          
20201fb6  m_smelter                           
20201fc5  m_smelterProgress                   
20201fd4  m_todo                              
20201fe3  m_todoDown                          
20201ff2  StTextColor                         
20201ff4  Sensor                              
20202000  __TI_cleanup_ptr                    
20202004  __TI_dtors_ptr                      
20202008  p1                                  
20202010  BusFreq                             
20202014  StX                                 
20202018  StY                                 
2020201c  __TI_ft_end                         
20202020  _lock                               
20202024  _unlock                             
2020202c  clang_size                          
2020202e  correct_size                        
20202030  wrong_size                          
20202039  deadTimer                           
2020203a  input                               
2020203b  numCounters                         
2020203d  progH                               
2020203e  progW                               
20202048  _sys_memory                         
20202248  _CIOBUF_                            
20202248  __CIOBUF_                           
20202368  __TI_tmpnams                        
20202408  ToDoArr                             
2020241c  parmbuf                             
20202424  LostData                            
20202428  TExaSLogic                          
2020242c  TExaSadc                            
20202430  soundArr                            
20202434  soundIndex                          
2020243c  score                               
2020243e  soundLength                         
20202444  buttons                             
20202445  sound_flag                          
20202446  toDoOpen                            
20207e00  __stack                             
20208000  __STACK_END                         
ffffffff  __TI_pprof_out_hndl                 
ffffffff  __TI_prof_data_size                 
ffffffff  __TI_prof_data_start                
ffffffff  __binit__                           
ffffffff  binit                               
UNDEFED   __mpu_init                          
UNDEFED   _system_post_cinit                  

[299 symbols]
