******************************************************************************
            TI ARM Clang Linker PC v4.0.1                      
******************************************************************************
>> Linked Sat Apr 26 23:16:45 2025

OUTPUT FILE NAME:   <MadMines.out>
ENTRY POINT SYMBOL: "_c_int00_noargs"  address: 0001ddbd


MEMORY CONFIGURATION

         name            origin    length      used     unused   attr    fill
----------------------  --------  ---------  --------  --------  ----  --------
  FLASH                 00000000   00020000  0001e428  00001bd8  R  X
  SRAM                  20200000   00008000  00000a00  00007600  RW X
  BCR_CONFIG            41c00000   00000080  00000000  00000080  R   
  BSL_CONFIG            41c00100   00000080  00000000  00000080  R   


SEGMENT ALLOCATION MAP

run origin  load origin   length   init length attrs members
----------  ----------- ---------- ----------- ----- -------
00000000    00000000    00017878   00017878    r--
  00000000    00000000    000000c0   000000c0    r-- .intvecs
  000000c0    000000c0    000177b8   000177b8    r-- .rodata
00017880    00017880    00006bb0   00006bb0    r-x
  00017880    00017880    00006a10   00006a10    r-x .text
  0001e290    0001e290    00000010   00000010    r-- .init_array
  0001e2a0    0001e2a0    00000190   00000190    r-- .cinit
20200000    20200000    00000807   00000000    rw-
  20200000    20200000    00000411   00000000    rw- .data
  20200418    20200418    00000200   00000000    rw- .sysmem
  20200618    20200618    000001ef   00000000    rw- .bss
20207e00    20207e00    00000200   00000000    rw-
  20207e00    20207e00    00000200   00000000    rw- .stack


SECTION ALLOCATION MAP

 output                                  attributes/
section   page    origin      length       input sections
--------  ----  ----------  ----------   ----------------
.intvecs   0    00000000    000000c0     
                  00000000    000000c0     startup_mspm0g3507_ticlang.o (.intvecs)

.binit     0    00000000    00000000     

.text      0    00017880    00006a10     
                  00017880    00000558     Lab9HMainP2.o (.text._Z10movePlayerv)
                  00017dd8    000004f0     Machine2.o (.text._ZN4Cart7cartFSMEh)
                  000182c8    0000049c     Machine2.o (.text._ZN5Anvil8anvilFSMEh)
                  00018764    00000410     Lab9HMainP2.o (.text._Z17setUpInstructionsh)
                  00018b74    000003e0     Machine2.o (.text._ZN4Rock7rockFSMEh)
                  00018f54    00000384     Lab9HMainP2.o (.text.main)
                  000192d8    00000348     Machine2.o (.text._ZN7Smelter10smelterFSMEh)
                  00019620    000002b8     Machine2.o (.text._ZN5Anvil5printEv)
                  000198d8    000002ac     Machine2.o (.text._ZN7Counter5printEv)
                  00019b84    00000244     Player.o (.text._ZN6Player8inBoundsEssPP7Machinehh)
                  00019dc8    00000210     ST7735.o (.text._Z17ST7735_DrawBitmapssPKtss)
                  00019fd8    000001d8     Machine2.o (.text._ZN4Cart5printEv)
                  0001a1b0    000001b8     Machine2.o (.text._ZN7Smelter5printEv)
                  0001a368    000001b4     Clock.o (.text._Z15Clock_Init80MHzi)
                  0001a51c    000001a4     ST7735.o (.text._Z15ST7735_DrawCharsscssh)
                  0001a6c0    000001a0     ST7735.o (.text._Z16ST7735_DrawCharSsscssh)
                  0001a860    00000198     Machine2.o (.text._ZN5Anvil13computeRecipeEPaa)
                  0001a9f8    0000017c     Machine2.o (.text._ZN4Rock5printEv)
                  0001ab74    00000178     Lab9HMainP2.o (.text._Z12receiveStartv)
                  0001acec    0000016e     Machine2.o (.text._ZN4Cart13cartSendErrorEhh)
                  0001ae5a    00000002     libclang_rt.builtins.a : aeabi_div0.c.obj (.text.__aeabi_idiv0)
                  0001ae5c    00000164     Machine2.o (.text._ZN5Anvil15updateAnvilMenuEPaa)
                  0001afc0    00000154     libc.a : fopen.c.obj (.text._openfile)
                  0001b114    00000148     Lab9HMainP2.o (.text._Z12receiveScorev)
                  0001b25c    00000120     Machine2.o (.text._ZN7Counter10counterFSMEh)
                  0001b37c    00000118     ST7735.o (.text._Z15ST7735_FillRectsssst)
                  0001b494    00000114     libc.a : memory.c.obj (.text.aligned_alloc)
                  0001b5a8    000000f8     SPI.o (.text._Z8SPI_Initv)
                  0001b6a0    000000f4     ST7735.o (.text._Z18ST7735_SetRotationh)
                  0001b794    000000ec     libsysbm.a : add_device.c.obj (.text.add_device)
                  0001b880    000000e8     libc.a : memory.c.obj (.text.free)
                  0001b968    000000e0            : setvbuf.c.obj (.text.setvbuf)
                  0001ba48    000000dc     UART2.o (.text._Z10UART2_Initv)
                  0001bb24    000000d8     ST7735.o (.text._Z14ST7735_OutCharc)
                  0001bbfc    000000d8     Machine2.o (.text._ZN4Cart6updateEh)
                  0001bcd4    000000d4     Machine2.o (.text._ZN7Smelter6updateEh)
                  0001bda8    000000cc     Lab9HMainP2.o (.text._Z10printScoreshhh)
                  0001be74    000000b0     ST7735.o (.text._Z20ST7735_DrawFastHLinessst)
                  0001bf24    000000b0     ST7735.o (.text._Z20ST7735_DrawFastVLinessst)
                  0001bfd4    000000b0     Machine2.o (.text._ZN5Anvil6updateEh)
                  0001c084    000000a8     Machine2.o (.text._ZN5AnvilC2Ehhhhhhhhhh)
                  0001c12c    000000a2     ST7735.o (.text._ZL11commandListPKh)
                  0001c1ce    00000002     libc.a : _lock.c.obj (.text._nop)
                  0001c1d0    000000a0     libsysbm.a : open.c.obj (.text.open)
                  0001c270    0000009c     ST7735.o (.text._Z17ST7735_InitPrintfv)
                  0001c30c    00000098     ST7735.o (.text._Z12ST7735_InitR10initRFlags)
                  0001c3a4    00000098     Player.o (.text._ZN6Player16resetCoordinatesEPsS0_)
                  0001c43c    00000098     Machine2.o (.text._ZN7MachineC2Ehhhhhhhhhh)
                  0001c4d4    00000094     Timer.o (.text._Z15TimerG12_IntArmjj)
                  0001c568    00000090     Sound.o (.text._Z11Sound_Starth)
                  0001c5f8    00000090     Machine2.o (.text._ZN7CounterC2Ehhhhhhhhh)
                  0001c688    00000090     Machine2.o (.text._ZN7MachineC2Ehhhhhhhhh)
                  0001c718    0000008c     ST7735.o (.text._Z17ST7735_DrawStringttPcs)
                  0001c7a4    0000008c     SlidePot.o (.text._ZN8SlidePot4InitEv)
                  0001c830    00000088     ST7735.o (.text._ZL13setAddrWindowhhhh)
                  0001c8b8    00000008     Machine2.o (.text._GLOBAL__sub_I_Machine2.cpp)
                  0001c8c0    00000088     libc.a : strcmp-armv6m.S.obj (.text:strcmp)
                  0001c948    00000082     Player.o (.text._ZN6Player14checkProximityE7Machine)
                  0001c9ca    00000002     --HOLE-- [fill = 0]
                  0001c9cc    0000007c     LaunchPad.o (.text._Z14LaunchPad_Initv)
                  0001ca48    0000007c     libc.a : fclose.c.obj (.text.__TI_closefile)
                  0001cac4    0000007c            : copy_decompress_lzss.c.obj (.text:decompress:lzss)
                  0001cb40    00000074     IRxmt.o (.text._Z13IRxmt_SendBiti)
                  0001cbb4    00000070     ST7735.o (.text._Z16ST7735_DrawPixelsst)
                  0001cc24    00000070     Machine2.o (.text._ZN7MachineC2Ehhhhhh)
                  0001cc94    0000006c     libsysbm.a : hostlseek.c.obj (.text.HOSTlseek)
                  0001cd00    0000006c                : hostrename.c.obj (.text.HOSTrename)
                  0001cd6c    0000006c     libc.a : getdevice.c.obj (.text.getdevice)
                  0001cdd8    00000064            : memory.c.obj (.text.split)
                  0001ce3c    00000060     libsysbm.a : hostopen.c.obj (.text.HOSTopen)
                  0001ce9c    0000005c     UART2.o (.text.UART2_IRQHandler)
                  0001cef8    0000005c     Machine2.o (.text._ZN4RockC2Ehhhhhh)
                  0001cf54    00000058     libsysbm.a : hostread.c.obj (.text.HOSTread)
                  0001cfac    00000058                : hostwrite.c.obj (.text.HOSTwrite)
                  0001d004    00000058     Sound.o (.text.SysTick_Handler)
                  0001d05c    00000058     Machine2.o (.text._ZN4CartC2Ehhhhhh)
                  0001d0b4    00000058     Machine2.o (.text._ZN7SmelterC2Ehhhhhh)
                  0001d10c    00000056     libclang_rt.builtins.a : aeabi_idivmod.S.obj (.text.__aeabi_idivmod)
                  0001d162    00000002     --HOLE-- [fill = 0]
                  0001d164    00000054     Player.o (.text._ZN6Player14printPosessionEh)
                  0001d1b8    00000054     Player.o (.text._ZN6Player8moveLeftEv)
                  0001d20c    00000054     Player.o (.text._ZN6Player9moveRightEv)
                  0001d260    00000054     SlidePot.o (.text._ZN8SlidePot2InEv)
                  0001d2b4    00000054     libc.a : autoinit.c.obj (.text:__TI_auto_init_nobinit)
                  0001d308    00000052     Player.o (.text._ZN6Player8moveDownEv)
                  0001d35a    00000052     libc.a : fflush.c.obj (.text.__TI_doflush)
                  0001d3ac    00000050     libsysbm.a : close.c.obj (.text.close)
                  0001d3fc    0000004c     Machine2.o (.text._ZN4Rock6updateEh)
                  0001d448    0000004c     Machine2.o (.text._ZN7Counter6updateEh)
                  0001d494    00000048     libsysbm.a : hostclose.c.obj (.text.HOSTclose)
                  0001d4dc    00000048                : hostunlink.c.obj (.text.HOSTunlink)
                  0001d524    00000048     IRxmt.o (.text._Z13IRxmt_OutCharc)
                  0001d56c    00000048     SPI.o (.text._Z14SPI_OutCommandc)
                  0001d5b4    00000048     FIFO2.o (.text._ZN5Queue3GetEPc)
                  0001d5fc    00000048     FIFO2.o (.text._ZN5Queue3PutEc)
                  0001d644    00000040     TExaS.o (.text.TIMG7_IRQHandler)
                  0001d684    00000040     Sound.o (.text._Z10Sound_Initv)
                  0001d6c4    00000040     SPI.o (.text._Z9SPI_Resetv)
                  0001d704    00000040     libclang_rt.builtins.a : aeabi_uidivmod.S.obj (.text.__aeabi_uidivmod)
                  0001d744    00000040     libc.a : fopen.c.obj (.text._search_fp)
                  0001d784    0000003e     Player.o (.text._ZN6Player15getMachineInputE7Machine)
                  0001d7c2    00000002     --HOLE-- [fill = 0]
                  0001d7c4    0000003c     Lab9HMainP2.o (.text.TIMG12_IRQHandler)
                  0001d800    0000003c     DAC5.o (.text._Z9DAC5_Initv)
                  0001d83c    0000003c     Player.o (.text._ZN6Player6moveUpEv)
                  0001d878    00000038     SPI.o (.text._Z11SPI_OutDatac)
                  0001d8b0    00000038     LaunchPad.o (.text._Z15ActivatePortA_Bv)
                  0001d8e8    00000034     ST7735.o (.text._Z12ST7735_writeiPKcj)
                  0001d91c    00000034     Clock.o (.text._Z14Clock_Delay1msj)
                  0001d950    00000034     ST7735.o (.text._Z16ST7735_SetCursorjj)
                  0001d984    00000034     libc.a : fopen.c.obj (.text.__TI_cleanup)
                  0001d9b8    00000034     libsysbm.a : trgmsg.c.obj (.text.__TI_readmsg)
                  0001d9ec    00000034                : trgmsg.c.obj (.text.__TI_writemsg)
                  0001da20    00000034     libc.a : exit.c.obj (.text.exit)
                  0001da54    00000034            : getdevice.c.obj (.text.finddevice)
                  0001da88    00000034            : fopen.c.obj (.text.freopen)
                  0001dabc    00000030     Lab9HMainP2.o (.text._GLOBAL__sub_I_Lab9HMainP2.cpp)
                  0001daec    00000030     ST7735.o (.text._ZL10commonInitPKh)
                  0001db1c    00000030     Player.o (.text._ZN6Player14translateRightEv)
                  0001db4c    00000030     Lab9HMainP2.o (.text.__cxx_global_var_init.2)
                  0001db7c    00000030     Lab9HMainP2.o (.text.__cxx_global_var_init.5)
                  0001dbac    00000030     Lab9HMainP2.o (.text.__cxx_global_var_init.6)
                  0001dbdc    00000030     Lab9HMainP2.o (.text.__cxx_global_var_init.7)
                  0001dc0c    00000030     libc.a : fopen.c.obj (.text.fopen)
                  0001dc3c    0000002c     UART2.o (.text._Z12UART2_InCharv)
                  0001dc68    0000002c     ST7735.o (.text._Z17ST7735_FillScreent)
                  0001dc94    0000002c     Player.o (.text._ZN6Player13translateDownEv)
                  0001dcc0    0000002c     Player.o (.text._ZN6Player13translateLeftEv)
                  0001dcec    0000002c     Lab9HMainP2.o (.text._ZN7MachineC2ERKS_)
                  0001dd18    0000002c     libsysbm.a : unlink.c.obj (.text.unlink)
                  0001dd44    00000028     IRxmt.o (.text._Z10IRxmt_Initv)
                  0001dd6c    00000028     libc.a : memory.c.obj (.text.free_list_insert)
                  0001dd94    00000028     libsysbm.a : write.c.obj (.text.write)
                  0001ddbc    00000028     libc.a : boot_cortex_m.c.obj (.text:_c_int00_noargs)
                  0001dde4    00000026     ST7735.o (.text._Z16ST7735_OutStringPc)
                  0001de0a    00000002     --HOLE-- [fill = 0]
                  0001de0c    00000024     SlidePot.o (.text._ZN8SlidePot4SaveEj)
                  0001de30    00000024     Lab9HMainP2.o (.text.__cxx_global_var_init.10)
                  0001de54    00000024     Lab9HMainP2.o (.text.__cxx_global_var_init.1)
                  0001de78    00000024     Lab9HMainP2.o (.text.__cxx_global_var_init.3)
                  0001de9c    00000024     Lab9HMainP2.o (.text.__cxx_global_var_init.4)
                  0001dec0    00000024     Lab9HMainP2.o (.text.__cxx_global_var_init.8)
                  0001dee4    00000024     Lab9HMainP2.o (.text.__cxx_global_var_init.9)
                  0001df08    00000022     FIFO2.o (.text._ZN5Queue6IsFullEv)
                  0001df2a    00000002     --HOLE-- [fill = 0]
                  0001df2c    00000020     DAC5.o (.text._Z8DAC5_Outj)
                  0001df4c    00000020     SlidePot.o (.text._ZN8SlidePot4SyncEv)
                  0001df6c    0000001e     ST7735.o (.text._ZL9pushColort)
                  0001df8a    00000002     --HOLE-- [fill = 0]
                  0001df8c    0000001c     startup_mspm0g3507_ticlang.o (.text.Default_Handler)
                  0001dfa8    0000001c     startup_mspm0g3507_ticlang.o (.text.HardFault_Handler)
                  0001dfc4    0000001c     Switch.o (.text._Z9Switch_Inv)
                  0001dfe0    0000001c     Player.o (.text._ZN6PlayerC2Ev)
                  0001dffc    0000001c     libc.a : memory.c.obj (.text.free_list_remove)
                  0001e018    00000018     Switch.o (.text._Z11Switch_Initv)
                  0001e030    00000016     ST7735.o (.text._Z11ST7735_openPKcji)
                  0001e046    00000016     ST7735.o (.text._Z11ST7735_readiPcj)
                  0001e05c    00000016     libc.a : copy_zero_init.c.obj (.text:decompress:ZI:__TI_zero_init_nomemset)
                  0001e072    00000014     FIFO2.o (.text._ZN5Queue7IsEmptyEv)
                  0001e086    00000012     Player.o (.text._ZN6Player13setPossessionEh)
                  0001e098    00000012     Player.o (.text._ZN6Player7setXPosEs)
                  0001e0aa    00000012     Player.o (.text._ZN6Player7setYPosEs)
                  0001e0bc    00000012     libc.a : memcpy16.S.obj (.text:TI_memcpy_small)
                  0001e0ce    00000012            : copy_decompress_none.c.obj (.text:decompress:none)
                  0001e0e0    00000010     Clock.o (.text._Z11Clock_Delayj)
                  0001e0f0    00000010     UART2.o (.text._Z12UART2_Enablev)
                  0001e100    00000010     UART2.o (.text._Z13UART2_Disablev)
                  0001e110    00000010     FIFO2.o (.text._ZN5QueueC2Ev)
                  0001e120    00000010     Lab9HMainP2.o (.text.__cxx_global_var_init)
                  0001e130    00000010     Machine2.o (.text.__cxx_global_var_init)
                  0001e140    00000010     UART2.o (.text.__cxx_global_var_init)
                  0001e150    0000000e     libc.a : memory.c.obj (.text.OUTLINED_FUNCTION_0)
                  0001e15e    0000000e     ST7735.o (.text._Z12ST7735_lseekili)
                  0001e16c    0000000e     Player.o (.text._ZN6Player7getXPosEv)
                  0001e17a    0000000e     Player.o (.text._ZN6Player7getYPosEv)
                  0001e188    0000000e     SlidePot.o (.text._ZN8SlidePotC2Ev)
                  0001e196    0000000e     libsysbm.a : hostrename.c.obj (.text.strcpy)
                  0001e1a4    0000000e                : hostrename.c.obj (.text.strlen)
                  0001e1b2    0000000e     libc.a : memset16.S.obj (.text:TI_memset_small)
                  0001e1c0    0000000c     Clock.o (.text._Z10Clock_Freqv)
                  0001e1cc    0000000c     ST7735.o (.text._Z13ST7735_renamePKcS0_)
                  0001e1d8    0000000c     IRxmt.o (.text._Z5Delayj)
                  0001e1e4    0000000c     Player.o (.text._ZN6Player7getSizeEv)
                  0001e1f0    0000000c     Machine2.o (.text._ZN7Machine6updateEh)
                  0001e1fc    0000000c     SlidePot.o (.text._ZN8SlidePot9DistanceXEv)
                  0001e208    0000000c     SlidePot.o (.text._ZN8SlidePot9DistanceYEv)
                  0001e214    0000000c     libclang_rt.builtins.a : aeabi_memset.S.obj (.text.__aeabi_memclr)
                  0001e220    0000000c     libc.a : memory.c.obj (.text.malloc)
                  0001e22c    0000000a     Sound.o (.text._Z11Sound_Clangv)
                  0001e236    0000000a     Sound.o (.text._Z11Sound_Wrongv)
                  0001e240    0000000a     ST7735.o (.text._Z12ST7735_closei)
                  0001e24a    0000000a     ST7735.o (.text._Z13ST7735_unlinkPKc)
                  0001e254    0000000a     Lab9HMainP2.o (.text._Z8PLL_Initv)
                  0001e25e    00000008     UART2.o (.text._GLOBAL__sub_I_UART2.cpp)
                  0001e266    00000008     Machine2.o (.text._ZN7Machine5printEv)
                  0001e26e    00000002     --HOLE-- [fill = 0]
                  0001e270    00000008     libclang_rt.builtins.a : aeabi_memcpy.S.obj (.text.__aeabi_memcpy)
                  0001e278    00000008     libsysbm.a : remove.c.obj (.text.remove)
                  0001e280    00000004     startup_mspm0g3507_ticlang.o (.text.Reset_Handler)
                  0001e284    00000004     libc.a : pre_init.c.obj (.text._system_pre_init)
                  0001e288    00000004            : exit.c.obj (.text:abort)
                  0001e28c    00000004     --HOLE-- [fill = 0]

.cinit     0    0001e2a0    00000190     
                  0001e2a0    0000016b     (.cinit..data.load) [load image, compression = lzss]
                  0001e40b    00000001     --HOLE-- [fill = 0]
                  0001e40c    0000000c     (__TI_handler_table)
                  0001e418    00000008     (.cinit..bss.load) [load image, compression = zero_init]
                  0001e420    00000010     (__TI_cinit_table)

.rodata    0    000000c0    000177b8     
                  000000c0    00002700     Machine2.o (.rodata._ZL9anvilMenu)
                  000027c0    00001ba8     Sound.o (.rodata._ZL7correct)
                  00004368    00001b44     Sound.o (.rodata._ZL5clang)
                  00005eac    00001008     Machine2.o (.rodata._ZL11smelterFail)
                  00006eb4    00001008     Machine2.o (.rodata._ZL14smelterWorking)
                  00007ebc    00001008     Machine2.o (.rodata._ZL16smelterHighlight)
                  00008ec4    00001008     Machine2.o (.rodata._ZL20smelterFailHighlight)
                  00009ecc    00001008     Machine2.o (.rodata._ZL7smelter)
                  0000aed4    00000f83     Sound.o (.rodata._ZL5wrong)
                  0000be57    00000001     --HOLE-- [fill = 0]
                  0000be58    00000f78     Machine2.o (.rodata._ZL12anvilWorking)
                  0000cdd0    00000f78     Machine2.o (.rodata._ZL14anvilHighlight)
                  0000dd48    00000f78     Machine2.o (.rodata._ZL5anvil)
                  0000ecc0    00000f74     Machine2.o (.rodata._ZL13cartHighlight)
                  0000fc34    00000f74     Machine2.o (.rodata._ZL4cart)
                  00010ba8    00000738     Machine2.o (.rodata._ZL13rockWorking_b)
                  000112e0    00000738     Machine2.o (.rodata._ZL15rockHighlight_b)
                  00011a18    00000738     Machine2.o (.rodata._ZL22rockWorkingHighlight_b)
                  00012150    00000738     Machine2.o (.rodata._ZL6rock_b)
                  00012888    000006e0     Machine2.o (.rodata._ZL6ladder)
                  00012f68    00000548     Lab9HMainP2.o (.rodata._ZL5miner)
                  000134b0    00000548     Machine2.o (.rodata._ZL5miner)
                  000139f8    00000540     Machine2.o (.rodata._ZL7counter)
                  00013f38    000004fb     ST7735.o (.rodata._ZL4Font)
                  00014433    00000001     --HOLE-- [fill = 0]
                  00014434    00000348     Machine2.o (.rodata._ZL5watch)
                  0001477c    00000320     Machine2.o (.rodata._ZL4boot)
                  00014a9c    000002d2     Machine2.o (.rodata._ZL5sword)
                  00014d6e    000002ac     Machine2.o (.rodata._ZL3key)
                  0001501a    000002a0     Machine2.o (.rodata._ZL6shield)
                  000152ba    00000220     Machine2.o (.rodata._ZL4ring)
                  000154da    000001ee     Machine2.o (.rodata._ZL6turnip)
                  000156c8    0000018c     Machine2.o (.rodata._ZL10rawDiamond)
                  00015854    0000018c     Machine2.o (.rodata._ZL10rawEmerald)
                  000159e0    0000018c     Machine2.o (.rodata._ZL7rawGold)
                  00015b6c    0000018c     Machine2.o (.rodata._ZL7rawRuby)
                  00015cf8    0000018c     Machine2.o (.rodata._ZL9rawSilver)
                  00015e84    00000168     Machine2.o (.rodata._ZL13rockWorking_m)
                  00015fec    00000168     Machine2.o (.rodata._ZL15rockHighlight_m)
                  00016154    00000168     Machine2.o (.rodata._ZL22rockWorkingHighlight_m)
                  000162bc    00000168     Machine2.o (.rodata._ZL6rock_m)
                  00016424    0000010e     Machine2.o (.rodata._ZL4gold)
                  00016532    0000010e     Machine2.o (.rodata._ZL6silver)
                  00016640    0000010a     Machine2.o (.rodata._ZL13rockWorking_t)
                  0001674a    0000010a     Machine2.o (.rodata._ZL15rockHighlight_t)
                  00016854    0000010a     Machine2.o (.rodata._ZL22rockWorkingHighlight_t)
                  0001695e    0000010a     Machine2.o (.rodata._ZL6rock_t)
                  00016a68    000000dd     Lab9HMainP2.o (.rodata._ZL13Page3_Spanish)
                  00016b45    000000d8     Lab9HMainP2.o (.rodata._ZL13Page2_English)
                  00016c1d    00000001     --HOLE-- [fill = 0]
                  00016c1e    000000d8     Lab9HMainP2.o (.rodata._ZL4Ruby)
                  00016cf6    000000d8     Machine2.o (.rodata._ZL4Ruby)
                  00016dce    000000d8     Lab9HMainP2.o (.rodata._ZL7Diamond)
                  00016ea6    000000d8     Machine2.o (.rodata._ZL7Diamond)
                  00016f7e    000000d8     Lab9HMainP2.o (.rodata._ZL7Emerald)
                  00017056    000000d8     Machine2.o (.rodata._ZL7Emerald)
                  0001712e    000000ce     Lab9HMainP2.o (.rodata._ZL13Page3_English)
                  000171fc    000000c9     Lab9HMainP2.o (.rodata._ZL13Page2_Spanish)
                  000172c5    000000ac     Lab9HMainP2.o (.rodata._ZL13Page1_English)
                  00017371    000000a7     Lab9HMainP2.o (.rodata._ZL13Page1_Spanish)
                  00017418    000000a4     Lab9HMainP2.o (.rodata._ZL13Page4_English)
                  000174bc    000000a2     Lab9HMainP2.o (.rodata._ZL13Page4_Spanish)
                  0001755e    00000096     Lab9HMainP2.o (.rodata._ZL13Page5_Spanish)
                  000175f4    00000066     Lab9HMainP2.o (.rodata._ZL13Page5_English)
                  0001765a    0000003b     ST7735.o (.rodata._ZL5Rcmd1)
                  00017695    0000002b     ST7735.o (.rodata._ZL5Rcmd3)
                  000176c0    0000001f     Lab9HMainP2.o (.rodata._ZL11Won_Spanish)
                  000176df    0000001f     Lab9HMainP2.o (.rodata._ZL12Lost_Spanish)
                  000176fe    0000001f     Lab9HMainP2.o (.rodata._ZL12Wait_Spanish)
                  0001771d    0000001d     Lab9HMainP2.o (.rodata._ZL12Lost_English)
                  0001773a    0000001d     Lab9HMainP2.o (.rodata._ZL12Wait_English)
                  00017757    0000001c     Lab9HMainP2.o (.rodata._ZL11Won_English)
                  00017773    00000016     ST7735.o (.rodata.str1.128370289436029622301)
                  00017789    00000013     Lab9HMainP2.o (.rodata.str1.3921713779078951481)
                  0001779c    00000010     Machine2.o (.rodata._ZTV4Cart)
                  000177ac    00000010     Machine2.o (.rodata._ZTV4Rock)
                  000177bc    00000010     Machine2.o (.rodata._ZTV5Anvil)
                  000177cc    00000010     Machine2.o (.rodata._ZTV7Counter)
                  000177dc    00000010     Machine2.o (.rodata._ZTV7Machine)
                  000177ec    00000010     Machine2.o (.rodata._ZTV7Smelter)
                  000177fc    00000010     Lab9HMainP2.o (.rodata.str1.159066958772782733761)
                  0001780c    0000000f     Machine2.o (.rodata._ZL7recipes)
                  0001781b    0000000d     ST7735.o (.rodata._ZL10Rcmd2green)
                  00017828    0000000d     ST7735.o (.rodata._ZL8Rcmd2red)
                  00017835    00000008     Lab9HMainP2.o (.rodata._ZL15Goodbye_English)
                  0001783d    00000008     Lab9HMainP2.o (.rodata._ZL16Language_English)
                  00017845    00000008     Lab9HMainP2.o (.rodata._ZL16Language_Spanish)
                  0001784d    00000008     ST7735.o (.rodata.str1.53591972959378542101)
                  00017855    00000007     Lab9HMainP2.o (.rodata._ZL13Hello_Spanish)
                  0001785c    00000007     ST7735.o (.rodata.str1.28611865845488554281)
                  00017863    00000007     ST7735.o (.rodata.str1.63348317913043414121)
                  0001786a    00000006     Lab9HMainP2.o (.rodata._ZL13Hello_English)
                  00017870    00000006     Lab9HMainP2.o (.rodata._ZL15Goodbye_Spanish)
                  00017876    00000002     ST7735.o (.rodata.str1.90642305370257400361)

.init_array 
*          0    0001e290    00000010     
                  0001e290    00000004     UART2.o (.init_array)
                  0001e294    00000004     Machine2.o (.init_array)
                  0001e298    00000004     Lab9HMainP2.o (.init_array)
                  0001e29c    00000004     --HOLE-- [fill = 0]

.data      0    20200000    00000411     UNINITIALIZED
                  20200000    000000f0     libc.a : defs.c.obj (.data._ftable)
                  202000f0    00000090     Machine2.o (.data.sprites)
                  20200180    00000078     libsysbm.a : host_device.c.obj (.data._device)
                  202001f8    00000050                : host_device.c.obj (.data._stream)
                  20200248    00000030     Lab9HMainP2.o (.data.Phrases)
                  20200278    0000002c     UART2.o (.data.FIFO2)
                  202002a4    00000028     Lab9HMainP2.o (.data.Instructions)
                  202002cc    00000028     Lab9HMainP2.o (.data.machineArr2)
                  202002f4    00000014     Lab9HMainP2.o (.data.m_anvil)
                  20200308    00000014     Lab9HMainP2.o (.data.m_cart2)
                  2020031c    00000014     Lab9HMainP2.o (.data.m_counter4)
                  20200330    00000014     Lab9HMainP2.o (.data.m_counter5)
                  20200344    00000014     Lab9HMainP2.o (.data.m_counter6)
                  20200358    00000014     Lab9HMainP2.o (.data.m_rock2)
                  2020036c    00000014     Lab9HMainP2.o (.data.m_rock2Mid)
                  20200380    00000014     Lab9HMainP2.o (.data.m_rock2Top)
                  20200394    00000014     Lab9HMainP2.o (.data.m_smelter)
                  202003a8    00000014     Lab9HMainP2.o (.data.m_smelterProgress)
                  202003bc    0000000c     Lab9HMainP2.o (.data.Sensor)
                  202003c8    00000008     libc.a : exit.c.obj (.data..L_MergedGlobals)
                  202003d0    00000008     Machine2.o (.data.p2)
                  202003d8    00000004     Clock.o (.data.BusFreq)
                  202003dc    00000004     ST7735.o (.data.StX)
                  202003e0    00000004     ST7735.o (.data.StY)
                  202003e4    00000004     libc.a : defs.c.obj (.data.__TI_ft_end)
                  202003e8    00000004            : _lock.c.obj (.data._lock)
                  202003ec    00000004            : _lock.c.obj (.data._unlock)
                  202003f0    00000003     Machine2.o (.data._ZZN4Rock7rockFSMEhE8lastOuts)
                  202003f3    00000001     Lab9HMainP2.o (.data._ZZ17setUpInstructionshE10currOption)
                  202003f4    00000002     ST7735.o (.data.StTextColor)
                  202003f6    00000002     ST7735.o (.data._ZL6_width)
                  202003f8    00000002     ST7735.o (.data._ZL7_height)
                  202003fa    00000002     Sound.o (.data.clang_size)
                  202003fc    00000002     Sound.o (.data.correct_size)
                  202003fe    00000002     Sound.o (.data.wrong_size)
                  20200400    00000001     Machine2.o (.data._ZZN4Cart5printEvE2in)
                  20200401    00000001     Machine2.o (.data._ZZN4Cart5printEvE4sent)
                  20200402    00000001     Machine2.o (.data._ZZN4Cart7cartFSMEhE8debounce)
                  20200403    00000001     Machine2.o (.data._ZZN4Rock7rockFSMEhE7halfway)
                  20200404    00000001     Machine2.o (.data._ZZN5Anvil8anvilFSMEhE10wasWorking)
                  20200405    00000001     Machine2.o (.data._ZZN5Anvil8anvilFSMEhE11anvilLength)
                  20200406    00000001     Machine2.o (.data._ZZN5Anvil8anvilFSMEhE12menuDebounce)
                  20200407    00000001     Machine2.o (.data._ZZN7Counter10counterFSMEhE8debounce)
                  20200408    00000001     libsysbm.a : add_device.c.obj (.data.add_device.device_init)
                  20200409    00000001     Lab9HMainP2.o (.data.deadTimer)
                  2020040a    00000001     Lab9HMainP2.o (.data.input)
                  2020040b    00000001     --HOLE--
                  2020040c    00000001     libc.a : memory.c.obj (.data.memory_is_initialized)
                  2020040d    00000003     --HOLE--
                  20200410    00000001     libsysbm.a : open.c.obj (.data.open.stream_init)

.sysmem    0    20200418    00000200     UNINITIALIZED
                  20200418    00000010     libc.a : memory.c.obj (.sysmem)
                  20200428    000001f0     --HOLE--

.bss       0    20200618    000001ef     UNINITIALIZED
                  20200618    00000120     libsysbm.a : trgmsg.c.obj (.bss:_CIOBUF_)
                  20200738    000000a0     libc.a : defs.c.obj (.bss.__TI_tmpnams)
                  202007d8    00000008     libsysbm.a : hostopen.c.obj (.bss.parmbuf)
                  202007e0    00000005     Machine2.o (.bss._ZZN5Anvil8anvilFSMEhE10AnvilItems)
                  202007e5    00000001     ST7735.o (.bss._ZL8ColStart)
                  202007e6    00000002     Sound.o (.bss.soundLength)
                  202007e8    00000004     UART2.o (.bss.LostData)
                  202007ec    00000004     TExaS.o (.bss.TExaSLogic)
                  202007f0    00000004     TExaS.o (.bss.TExaSadc)
                  202007f4    00000004     Sound.o (.bss.soundArr)
                  202007f8    00000004     Sound.o (.bss.soundIndex)
                  202007fc    00000004     libc.a : memory.c.obj (.bss.sys_free)
                  20200800    00000001     ST7735.o (.bss._ZL8Rotation)
                  20200801    00000001     ST7735.o (.bss._ZL8RowStart)
                  20200802    00000001     ST7735.o (.bss._ZL8TabColor)
                  20200803    00000001     Lab9HMainP2.o (.bss.buttons)
                  20200804    00000001     Lab9HMainP2.o (.bss.menuOpen)
                  20200805    00000001     Sound.o (.bss.sound_flag)
                  20200806    00000001     Player.o (.bss.toDoOpen)

.stack     0    20207e00    00000200     UNINITIALIZED
                  20207e00    00000004     libc.a : boot_cortex_m.c.obj (.stack)
                  20207e04    000001fc     --HOLE--

__llvm_prf_cnts 
*          0    20200000    00000000     UNINITIALIZED

__llvm_prf_bits 
*          0    20200000    00000000     UNINITIALIZED

MODULE SUMMARY

       Module                         code    ro data   rw data
       ------                         ----    -------   -------
    .\
       Machine2.o                     10154   72687     168    
       Sound.o                        316     18031     17     
       Lab9HMainP2.o                  4802    4022      345    
       ST7735.o                       3668    1449      18     
       Player.o                       1576    0         1      
       Clock.o                        516     0         4      
       UART2.o                        412     4         48     
       SPI.o                          440     0         0      
       SlidePot.o                     330     0         0      
       IRxmt.o                        240     0         0      
       FIFO2.o                        214     0         0      
       LaunchPad.o                    180     0         0      
       Timer.o                        148     0         0      
       DAC5.o                         92      0         0      
       TExaS.o                        64      0         8      
       Switch.o                       52      0         0      
    +--+------------------------------+-------+---------+---------+
       Total:                         23204   96193     609    
                                                               
    .\ticlang\
       startup_mspm0g3507_ticlang.o   60      192       0      
    +--+------------------------------+-------+---------+---------+
       Total:                         60      192       0      
                                                               
    C:\ti\ccs\tools\compiler\ti-cgt-armllvm_4.0.1.LTS\lib\armv6m-ti-none-eabi/c/libc.a
       memory.c.obj                   702     0         5      
       fopen.c.obj                    556     0         0      
       defs.c.obj                     0       0         404    
       setvbuf.c.obj                  224     0         0      
       getdevice.c.obj                160     0         0      
       strcmp-armv6m.S.obj            136     0         0      
       copy_decompress_lzss.c.obj     124     0         0      
       fclose.c.obj                   124     0         0      
       autoinit.c.obj                 84      0         0      
       fflush.c.obj                   82      0         0      
       exit.c.obj                     56      0         8      
       boot_cortex_m.c.obj            40      0         0      
       copy_zero_init.c.obj           22      0         0      
       copy_decompress_none.c.obj     18      0         0      
       memcpy16.S.obj                 18      0         0      
       memset16.S.obj                 14      0         0      
       _lock.c.obj                    2       0         8      
       pre_init.c.obj                 4       0         0      
    +--+------------------------------+-------+---------+---------+
       Total:                         2366    0         425    
                                                               
    C:\ti\ccs\tools\compiler\ti-cgt-armllvm_4.0.1.LTS\lib\armv6m-ti-none-eabi/c/libsysbm.a
       trgmsg.c.obj                   104     0         288    
       add_device.c.obj               236     0         1      
       host_device.c.obj              0       0         200    
       open.c.obj                     160     0         1      
       hostrename.c.obj               136     0         0      
       hostlseek.c.obj                108     0         0      
       hostopen.c.obj                 96      0         8      
       hostread.c.obj                 88      0         0      
       hostwrite.c.obj                88      0         0      
       close.c.obj                    80      0         0      
       hostclose.c.obj                72      0         0      
       hostunlink.c.obj               72      0         0      
       unlink.c.obj                   44      0         0      
       write.c.obj                    40      0         0      
       remove.c.obj                   8       0         0      
    +--+------------------------------+-------+---------+---------+
       Total:                         1332    0         498    
                                                               
    C:\ti\ccs\tools\compiler\ti-cgt-armllvm_4.0.1.LTS\lib\armv6m-ti-none-eabi/libclang_rt.builtins.a
       aeabi_idivmod.S.obj            86      0         0      
       aeabi_uidivmod.S.obj           64      0         0      
       aeabi_memset.S.obj             12      0         0      
       aeabi_memcpy.S.obj             8       0         0      
       aeabi_div0.c.obj               2       0         0      
    +--+------------------------------+-------+---------+---------+
       Total:                         172     0         0      
                                                               
       Heap:                          0       0         512    
       Stack:                         0       0         512    
       Linker Generated:              0       399       0      
    +--+------------------------------+-------+---------+---------+
       Grand Total:                   27134   96784     2556   


LINKER GENERATED COPY TABLES

__TI_cinit_table @ 0001e420 records: 2, size/record: 8, table size: 16
	.data: load addr=0001e2a0, load size=0000016b bytes, run addr=20200000, run size=00000411 bytes, compression=lzss
	.bss: load addr=0001e418, load size=00000008 bytes, run addr=20200618, run size=000001ef bytes, compression=zero_init


LINKER GENERATED HANDLER TABLE

__TI_handler_table @ 0001e40c records: 3, size/record: 4, table size: 12
	index: 0, handler: __TI_decompress_lzss
	index: 1, handler: __TI_decompress_none
	index: 2, handler: __TI_zero_init


GLOBAL SYMBOLS: SORTED ALPHABETICALLY BY Name 

address   name                                
-------   ----                                
0001df8d  ADC0_IRQHandler                     
0001df8d  ADC1_IRQHandler                     
0001df8d  AES_IRQHandler                      
202003d8  BusFreq                             
0001e288  C$$EXIT                             
0001da19  C$$IO$$                             
0001df8d  CANFD0_IRQHandler                   
0001df8d  DAC0_IRQHandler                     
0001df8d  DMA_IRQHandler                      
0001df8d  Default_Handler                     
20200278  FIFO2                               
0001df8d  GROUP0_IRQHandler                   
0001df8d  GROUP1_IRQHandler                   
0001d495  HOSTclose                           
0001cc95  HOSTlseek                           
0001ce3d  HOSTopen                            
0001cf55  HOSTread                            
0001cd01  HOSTrename                          
0001d4dd  HOSTunlink                          
0001cfad  HOSTwrite                           
0001dfa9  HardFault_Handler                   
0001df8d  I2C0_IRQHandler                     
0001df8d  I2C1_IRQHandler                     
202002a4  Instructions                        
202007e8  LostData                            
0001df8d  NMI_Handler                         
0001df8d  PendSV_Handler                      
20200248  Phrases                             
0001df8d  RTC_IRQHandler                      
0001e281  Reset_Handler                       
0001e290  SHT$$INIT_ARRAY$$Base               
0001e29c  SHT$$INIT_ARRAY$$Limit              
0001df8d  SPI0_IRQHandler                     
0001df8d  SPI1_IRQHandler                     
0001df8d  SVC_Handler                         
202003bc  Sensor                              
202003f4  StTextColor                         
202003dc  StX                                 
202003e0  StY                                 
0001d005  SysTick_Handler                     
202007ec  TExaSLogic                          
202007f0  TExaSadc                            
0001df8d  TIMA0_IRQHandler                    
0001df8d  TIMA1_IRQHandler                    
0001df8d  TIMG0_IRQHandler                    
0001d7c5  TIMG12_IRQHandler                   
0001df8d  TIMG6_IRQHandler                    
0001d645  TIMG7_IRQHandler                    
0001df8d  TIMG8_IRQHandler                    
0001e0bd  TI_memcpy_small                     
0001e1b3  TI_memset_small                     
0001df8d  UART0_IRQHandler                    
0001df8d  UART1_IRQHandler                    
0001ce9d  UART2_IRQHandler                    
0001df8d  UART3_IRQHandler                    
20200618  _CIOBUF_                            
0001e1c1  _Z10Clock_Freqv                     
0001dd45  _Z10IRxmt_Initv                     
0001d685  _Z10Sound_Initv                     
0001ba49  _Z10UART2_Initv                     
00017881  _Z10movePlayerv                     
0001bda9  _Z10printScoreshhh                  
0001e0e1  _Z11Clock_Delayj                    
0001d879  _Z11SPI_OutDatac                    
0001e031  _Z11ST7735_openPKcji                
0001e047  _Z11ST7735_readiPcj                 
0001e22d  _Z11Sound_Clangv                    
0001c569  _Z11Sound_Starth                    
0001e237  _Z11Sound_Wrongv                    
0001e019  _Z11Switch_Initv                    
0001c30d  _Z12ST7735_InitR10initRFlags        
0001e241  _Z12ST7735_closei                   
0001e15f  _Z12ST7735_lseekili                 
0001d8e9  _Z12ST7735_writeiPKcj               
0001e0f1  _Z12UART2_Enablev                   
0001dc3d  _Z12UART2_InCharv                   
0001b115  _Z12receiveScorev                   
0001ab75  _Z12receiveStartv                   
0001d525  _Z13IRxmt_OutCharc                  
0001cb41  _Z13IRxmt_SendBiti                  
0001e1cd  _Z13ST7735_renamePKcS0_             
0001e24b  _Z13ST7735_unlinkPKc                
0001e101  _Z13UART2_Disablev                  
0001d91d  _Z14Clock_Delay1msj                 
0001c9cd  _Z14LaunchPad_Initv                 
0001d56d  _Z14SPI_OutCommandc                 
0001bb25  _Z14ST7735_OutCharc                 
0001d8b1  _Z15ActivatePortA_Bv                
0001a369  _Z15Clock_Init80MHzi                
0001a51d  _Z15ST7735_DrawCharsscssh           
0001b37d  _Z15ST7735_FillRectsssst            
0001c4d5  _Z15TimerG12_IntArmjj               
0001a6c1  _Z16ST7735_DrawCharSsscssh          
0001cbb5  _Z16ST7735_DrawPixelsst             
0001dde5  _Z16ST7735_OutStringPc              
0001d951  _Z16ST7735_SetCursorjj              
00019dc9  _Z17ST7735_DrawBitmapssPKtss        
0001c719  _Z17ST7735_DrawStringttPcs          
0001dc69  _Z17ST7735_FillScreent              
0001c271  _Z17ST7735_InitPrintfv              
00018765  _Z17setUpInstructionsh              
0001b6a1  _Z18ST7735_SetRotationh             
0001be75  _Z20ST7735_DrawFastHLinessst        
0001bf25  _Z20ST7735_DrawFastVLinessst        
0001e1d9  _Z5Delayj                           
0001df2d  _Z8DAC5_Outj                        
0001e255  _Z8PLL_Initv                        
0001b5a9  _Z8SPI_Initv                        
0001d801  _Z9DAC5_Initv                       
0001d6c5  _Z9SPI_Resetv                       
0001dfc5  _Z9Switch_Inv                       
0001aced  _ZN4Cart13cartSendErrorEhh          
00019fd9  _ZN4Cart5printEv                    
0001bbfd  _ZN4Cart6updateEh                   
00017dd9  _ZN4Cart7cartFSMEh                  
0001d05d  _ZN4CartC1Ehhhhhh                   
0001d05d  _ZN4CartC2Ehhhhhh                   
0001a9f9  _ZN4Rock5printEv                    
0001d3fd  _ZN4Rock6updateEh                   
00018b75  _ZN4Rock7rockFSMEh                  
0001cef9  _ZN4RockC1Ehhhhhh                   
0001cef9  _ZN4RockC2Ehhhhhh                   
0001a861  _ZN5Anvil13computeRecipeEPaa        
0001ae5d  _ZN5Anvil15updateAnvilMenuEPaa      
00019621  _ZN5Anvil5printEv                   
0001bfd5  _ZN5Anvil6updateEh                  
000182c9  _ZN5Anvil8anvilFSMEh                
0001c085  _ZN5AnvilC1Ehhhhhhhhhh              
0001c085  _ZN5AnvilC2Ehhhhhhhhhh              
0001d5b5  _ZN5Queue3GetEPc                    
0001d5fd  _ZN5Queue3PutEc                     
0001df09  _ZN5Queue6IsFullEv                  
0001e073  _ZN5Queue7IsEmptyEv                 
0001e111  _ZN5QueueC1Ev                       
0001e111  _ZN5QueueC2Ev                       
0001e087  _ZN6Player13setPossessionEh         
0001dc95  _ZN6Player13translateDownEv         
0001dcc1  _ZN6Player13translateLeftEv         
0001c949  _ZN6Player14checkProximityE7Machine 
0001d165  _ZN6Player14printPosessionEh        
0001db1d  _ZN6Player14translateRightEv        
0001d785  _ZN6Player15getMachineInputE7Machine
0001c3a5  _ZN6Player16resetCoordinatesEPsS0_  
0001d83d  _ZN6Player6moveUpEv                 
0001e1e5  _ZN6Player7getSizeEv                
0001e16d  _ZN6Player7getXPosEv                
0001e17b  _ZN6Player7getYPosEv                
0001e099  _ZN6Player7setXPosEs                
0001e0ab  _ZN6Player7setYPosEs                
00019b85  _ZN6Player8inBoundsEssPP7Machinehh  
0001d309  _ZN6Player8moveDownEv               
0001d1b9  _ZN6Player8moveLeftEv               
0001d20d  _ZN6Player9moveRightEv              
0001dfe1  _ZN6PlayerC1Ev                      
0001dfe1  _ZN6PlayerC2Ev                      
0001b25d  _ZN7Counter10counterFSMEh           
000198d9  _ZN7Counter5printEv                 
0001d449  _ZN7Counter6updateEh                
0001c5f9  _ZN7CounterC1Ehhhhhhhhh             
0001c5f9  _ZN7CounterC2Ehhhhhhhhh             
0001e267  _ZN7Machine5printEv                 
0001e1f1  _ZN7Machine6updateEh                
0001cc25  _ZN7MachineC1Ehhhhhh                
0001c689  _ZN7MachineC1Ehhhhhhhhh             
0001c43d  _ZN7MachineC1Ehhhhhhhhhh            
0001dced  _ZN7MachineC2ERKS_                  
0001cc25  _ZN7MachineC2Ehhhhhh                
0001c689  _ZN7MachineC2Ehhhhhhhhh             
0001c43d  _ZN7MachineC2Ehhhhhhhhhh            
000192d9  _ZN7Smelter10smelterFSMEh           
0001a1b1  _ZN7Smelter5printEv                 
0001bcd5  _ZN7Smelter6updateEh                
0001d0b5  _ZN7SmelterC1Ehhhhhh                
0001d0b5  _ZN7SmelterC2Ehhhhhh                
0001d261  _ZN8SlidePot2InEv                   
0001c7a5  _ZN8SlidePot4InitEv                 
0001de0d  _ZN8SlidePot4SaveEj                 
0001df4d  _ZN8SlidePot4SyncEv                 
0001e1fd  _ZN8SlidePot9DistanceXEv            
0001e209  _ZN8SlidePot9DistanceYEv            
0001e189  _ZN8SlidePotC1Ev                    
0001e189  _ZN8SlidePotC2Ev                    
0001779c  _ZTV4Cart                           
000177ac  _ZTV4Rock                           
000177bc  _ZTV5Anvil                          
000177cc  _ZTV7Counter                        
000177dc  _ZTV7Machine                        
000177ec  _ZTV7Smelter                        
20200618  __CIOBUF_                           
20208000  __STACK_END                         
00000200  __STACK_SIZE                        
00000200  __SYSMEM_SIZE                       
00000000  __TI_ATRegion0_region_sz            
00000000  __TI_ATRegion0_src_addr             
00000000  __TI_ATRegion0_trg_addr             
00000000  __TI_ATRegion1_region_sz            
00000000  __TI_ATRegion1_src_addr             
00000000  __TI_ATRegion1_trg_addr             
00000000  __TI_ATRegion2_region_sz            
00000000  __TI_ATRegion2_src_addr             
00000000  __TI_ATRegion2_trg_addr             
0001e420  __TI_CINIT_Base                     
0001e430  __TI_CINIT_Limit                    
0001e430  __TI_CINIT_Warm                     
0001e40c  __TI_Handler_Table_Base             
0001e418  __TI_Handler_Table_Limit            
0001d2b5  __TI_auto_init_nobinit              
0001d985  __TI_cleanup                        
202003c8  __TI_cleanup_ptr                    
0001ca49  __TI_closefile                      
0001cac5  __TI_decompress_lzss                
0001e0cf  __TI_decompress_none                
0001d35b  __TI_doflush                        
202003cc  __TI_dtors_ptr                      
202003e4  __TI_ft_end                         
ffffffff  __TI_pprof_out_hndl                 
ffffffff  __TI_prof_data_size                 
ffffffff  __TI_prof_data_start                
0001d9b9  __TI_readmsg                        
00000000  __TI_static_base__                  
20200738  __TI_tmpnams                        
0001d9ed  __TI_writemsg                       
0001e05d  __TI_zero_init_nomemset             
0001d10d  __aeabi_idiv                        
0001ae5b  __aeabi_idiv0                       
0001d10d  __aeabi_idivmod                     
0001e215  __aeabi_memclr                      
0001e215  __aeabi_memclr4                     
0001e215  __aeabi_memclr8                     
0001e271  __aeabi_memcpy                      
0001e271  __aeabi_memcpy4                     
0001e271  __aeabi_memcpy8                     
0001d705  __aeabi_uidiv                       
0001d705  __aeabi_uidivmod                    
ffffffff  __binit__                           
UNDEFED   __mpu_init                          
20207e00  __stack                             
20200000  __start___llvm_prf_bits             
20200000  __start___llvm_prf_cnts             
20200000  __stop___llvm_prf_bits              
20200000  __stop___llvm_prf_cnts              
0001ddbd  _c_int00_noargs                     
20200180  _device                             
20200000  _ftable                             
202003e8  _lock                               
0001c1cf  _nop                                
202001f8  _stream                             
20200418  _sys_memory                         
UNDEFED   _system_post_cinit                  
0001e285  _system_pre_init                    
202003ec  _unlock                             
0001e289  abort                               
0001b795  add_device                          
0001b495  aligned_alloc                       
ffffffff  binit                               
20200803  buttons                             
202003fa  clang_size                          
0001d3ad  close                               
202003fc  correct_size                        
20200409  deadTimer                           
0001da21  exit                                
0001da55  finddevice                          
0001dc0d  fopen                               
0001b881  free                                
0001da89  freopen                             
0001cd6d  getdevice                           
2020040a  input                               
00000000  interruptVectors                    
202002f4  m_anvil                             
20200308  m_cart2                             
2020031c  m_counter4                          
20200330  m_counter5                          
20200344  m_counter6                          
20200358  m_rock2                             
2020036c  m_rock2Mid                          
20200380  m_rock2Top                          
20200394  m_smelter                           
202003a8  m_smelterProgress                   
202002cc  machineArr2                         
00018f55  main                                
0001e221  malloc                              
0001b495  memalign                            
20200804  menuOpen                            
0001c1d1  open                                
202003d0  p2                                  
202007d8  parmbuf                             
0001e279  remove                              
0001b969  setvbuf                             
202007f4  soundArr                            
202007f8  soundIndex                          
202007e6  soundLength                         
20200805  sound_flag                          
202000f0  sprites                             
0001c8c1  strcmp                              
20200806  toDoOpen                            
0001dd19  unlink                              
0001dd95  write                               
202003fe  wrong_size                          


GLOBAL SYMBOLS: SORTED BY Symbol Address 

address   name                                
-------   ----                                
00000000  __TI_ATRegion0_region_sz            
00000000  __TI_ATRegion0_src_addr             
00000000  __TI_ATRegion0_trg_addr             
00000000  __TI_ATRegion1_region_sz            
00000000  __TI_ATRegion1_src_addr             
00000000  __TI_ATRegion1_trg_addr             
00000000  __TI_ATRegion2_region_sz            
00000000  __TI_ATRegion2_src_addr             
00000000  __TI_ATRegion2_trg_addr             
00000000  __TI_static_base__                  
00000000  interruptVectors                    
00000200  __STACK_SIZE                        
00000200  __SYSMEM_SIZE                       
0001779c  _ZTV4Cart                           
000177ac  _ZTV4Rock                           
000177bc  _ZTV5Anvil                          
000177cc  _ZTV7Counter                        
000177dc  _ZTV7Machine                        
000177ec  _ZTV7Smelter                        
00017881  _Z10movePlayerv                     
00017dd9  _ZN4Cart7cartFSMEh                  
000182c9  _ZN5Anvil8anvilFSMEh                
00018765  _Z17setUpInstructionsh              
00018b75  _ZN4Rock7rockFSMEh                  
00018f55  main                                
000192d9  _ZN7Smelter10smelterFSMEh           
00019621  _ZN5Anvil5printEv                   
000198d9  _ZN7Counter5printEv                 
00019b85  _ZN6Player8inBoundsEssPP7Machinehh  
00019dc9  _Z17ST7735_DrawBitmapssPKtss        
00019fd9  _ZN4Cart5printEv                    
0001a1b1  _ZN7Smelter5printEv                 
0001a369  _Z15Clock_Init80MHzi                
0001a51d  _Z15ST7735_DrawCharsscssh           
0001a6c1  _Z16ST7735_DrawCharSsscssh          
0001a861  _ZN5Anvil13computeRecipeEPaa        
0001a9f9  _ZN4Rock5printEv                    
0001ab75  _Z12receiveStartv                   
0001aced  _ZN4Cart13cartSendErrorEhh          
0001ae5b  __aeabi_idiv0                       
0001ae5d  _ZN5Anvil15updateAnvilMenuEPaa      
0001b115  _Z12receiveScorev                   
0001b25d  _ZN7Counter10counterFSMEh           
0001b37d  _Z15ST7735_FillRectsssst            
0001b495  aligned_alloc                       
0001b495  memalign                            
0001b5a9  _Z8SPI_Initv                        
0001b6a1  _Z18ST7735_SetRotationh             
0001b795  add_device                          
0001b881  free                                
0001b969  setvbuf                             
0001ba49  _Z10UART2_Initv                     
0001bb25  _Z14ST7735_OutCharc                 
0001bbfd  _ZN4Cart6updateEh                   
0001bcd5  _ZN7Smelter6updateEh                
0001bda9  _Z10printScoreshhh                  
0001be75  _Z20ST7735_DrawFastHLinessst        
0001bf25  _Z20ST7735_DrawFastVLinessst        
0001bfd5  _ZN5Anvil6updateEh                  
0001c085  _ZN5AnvilC1Ehhhhhhhhhh              
0001c085  _ZN5AnvilC2Ehhhhhhhhhh              
0001c1cf  _nop                                
0001c1d1  open                                
0001c271  _Z17ST7735_InitPrintfv              
0001c30d  _Z12ST7735_InitR10initRFlags        
0001c3a5  _ZN6Player16resetCoordinatesEPsS0_  
0001c43d  _ZN7MachineC1Ehhhhhhhhhh            
0001c43d  _ZN7MachineC2Ehhhhhhhhhh            
0001c4d5  _Z15TimerG12_IntArmjj               
0001c569  _Z11Sound_Starth                    
0001c5f9  _ZN7CounterC1Ehhhhhhhhh             
0001c5f9  _ZN7CounterC2Ehhhhhhhhh             
0001c689  _ZN7MachineC1Ehhhhhhhhh             
0001c689  _ZN7MachineC2Ehhhhhhhhh             
0001c719  _Z17ST7735_DrawStringttPcs          
0001c7a5  _ZN8SlidePot4InitEv                 
0001c8c1  strcmp                              
0001c949  _ZN6Player14checkProximityE7Machine 
0001c9cd  _Z14LaunchPad_Initv                 
0001ca49  __TI_closefile                      
0001cac5  __TI_decompress_lzss                
0001cb41  _Z13IRxmt_SendBiti                  
0001cbb5  _Z16ST7735_DrawPixelsst             
0001cc25  _ZN7MachineC1Ehhhhhh                
0001cc25  _ZN7MachineC2Ehhhhhh                
0001cc95  HOSTlseek                           
0001cd01  HOSTrename                          
0001cd6d  getdevice                           
0001ce3d  HOSTopen                            
0001ce9d  UART2_IRQHandler                    
0001cef9  _ZN4RockC1Ehhhhhh                   
0001cef9  _ZN4RockC2Ehhhhhh                   
0001cf55  HOSTread                            
0001cfad  HOSTwrite                           
0001d005  SysTick_Handler                     
0001d05d  _ZN4CartC1Ehhhhhh                   
0001d05d  _ZN4CartC2Ehhhhhh                   
0001d0b5  _ZN7SmelterC1Ehhhhhh                
0001d0b5  _ZN7SmelterC2Ehhhhhh                
0001d10d  __aeabi_idiv                        
0001d10d  __aeabi_idivmod                     
0001d165  _ZN6Player14printPosessionEh        
0001d1b9  _ZN6Player8moveLeftEv               
0001d20d  _ZN6Player9moveRightEv              
0001d261  _ZN8SlidePot2InEv                   
0001d2b5  __TI_auto_init_nobinit              
0001d309  _ZN6Player8moveDownEv               
0001d35b  __TI_doflush                        
0001d3ad  close                               
0001d3fd  _ZN4Rock6updateEh                   
0001d449  _ZN7Counter6updateEh                
0001d495  HOSTclose                           
0001d4dd  HOSTunlink                          
0001d525  _Z13IRxmt_OutCharc                  
0001d56d  _Z14SPI_OutCommandc                 
0001d5b5  _ZN5Queue3GetEPc                    
0001d5fd  _ZN5Queue3PutEc                     
0001d645  TIMG7_IRQHandler                    
0001d685  _Z10Sound_Initv                     
0001d6c5  _Z9SPI_Resetv                       
0001d705  __aeabi_uidiv                       
0001d705  __aeabi_uidivmod                    
0001d785  _ZN6Player15getMachineInputE7Machine
0001d7c5  TIMG12_IRQHandler                   
0001d801  _Z9DAC5_Initv                       
0001d83d  _ZN6Player6moveUpEv                 
0001d879  _Z11SPI_OutDatac                    
0001d8b1  _Z15ActivatePortA_Bv                
0001d8e9  _Z12ST7735_writeiPKcj               
0001d91d  _Z14Clock_Delay1msj                 
0001d951  _Z16ST7735_SetCursorjj              
0001d985  __TI_cleanup                        
0001d9b9  __TI_readmsg                        
0001d9ed  __TI_writemsg                       
0001da19  C$$IO$$                             
0001da21  exit                                
0001da55  finddevice                          
0001da89  freopen                             
0001db1d  _ZN6Player14translateRightEv        
0001dc0d  fopen                               
0001dc3d  _Z12UART2_InCharv                   
0001dc69  _Z17ST7735_FillScreent              
0001dc95  _ZN6Player13translateDownEv         
0001dcc1  _ZN6Player13translateLeftEv         
0001dced  _ZN7MachineC2ERKS_                  
0001dd19  unlink                              
0001dd45  _Z10IRxmt_Initv                     
0001dd95  write                               
0001ddbd  _c_int00_noargs                     
0001dde5  _Z16ST7735_OutStringPc              
0001de0d  _ZN8SlidePot4SaveEj                 
0001df09  _ZN5Queue6IsFullEv                  
0001df2d  _Z8DAC5_Outj                        
0001df4d  _ZN8SlidePot4SyncEv                 
0001df8d  ADC0_IRQHandler                     
0001df8d  ADC1_IRQHandler                     
0001df8d  AES_IRQHandler                      
0001df8d  CANFD0_IRQHandler                   
0001df8d  DAC0_IRQHandler                     
0001df8d  DMA_IRQHandler                      
0001df8d  Default_Handler                     
0001df8d  GROUP0_IRQHandler                   
0001df8d  GROUP1_IRQHandler                   
0001df8d  I2C0_IRQHandler                     
0001df8d  I2C1_IRQHandler                     
0001df8d  NMI_Handler                         
0001df8d  PendSV_Handler                      
0001df8d  RTC_IRQHandler                      
0001df8d  SPI0_IRQHandler                     
0001df8d  SPI1_IRQHandler                     
0001df8d  SVC_Handler                         
0001df8d  TIMA0_IRQHandler                    
0001df8d  TIMA1_IRQHandler                    
0001df8d  TIMG0_IRQHandler                    
0001df8d  TIMG6_IRQHandler                    
0001df8d  TIMG8_IRQHandler                    
0001df8d  UART0_IRQHandler                    
0001df8d  UART1_IRQHandler                    
0001df8d  UART3_IRQHandler                    
0001dfa9  HardFault_Handler                   
0001dfc5  _Z9Switch_Inv                       
0001dfe1  _ZN6PlayerC1Ev                      
0001dfe1  _ZN6PlayerC2Ev                      
0001e019  _Z11Switch_Initv                    
0001e031  _Z11ST7735_openPKcji                
0001e047  _Z11ST7735_readiPcj                 
0001e05d  __TI_zero_init_nomemset             
0001e073  _ZN5Queue7IsEmptyEv                 
0001e087  _ZN6Player13setPossessionEh         
0001e099  _ZN6Player7setXPosEs                
0001e0ab  _ZN6Player7setYPosEs                
0001e0bd  TI_memcpy_small                     
0001e0cf  __TI_decompress_none                
0001e0e1  _Z11Clock_Delayj                    
0001e0f1  _Z12UART2_Enablev                   
0001e101  _Z13UART2_Disablev                  
0001e111  _ZN5QueueC1Ev                       
0001e111  _ZN5QueueC2Ev                       
0001e15f  _Z12ST7735_lseekili                 
0001e16d  _ZN6Player7getXPosEv                
0001e17b  _ZN6Player7getYPosEv                
0001e189  _ZN8SlidePotC1Ev                    
0001e189  _ZN8SlidePotC2Ev                    
0001e1b3  TI_memset_small                     
0001e1c1  _Z10Clock_Freqv                     
0001e1cd  _Z13ST7735_renamePKcS0_             
0001e1d9  _Z5Delayj                           
0001e1e5  _ZN6Player7getSizeEv                
0001e1f1  _ZN7Machine6updateEh                
0001e1fd  _ZN8SlidePot9DistanceXEv            
0001e209  _ZN8SlidePot9DistanceYEv            
0001e215  __aeabi_memclr                      
0001e215  __aeabi_memclr4                     
0001e215  __aeabi_memclr8                     
0001e221  malloc                              
0001e22d  _Z11Sound_Clangv                    
0001e237  _Z11Sound_Wrongv                    
0001e241  _Z12ST7735_closei                   
0001e24b  _Z13ST7735_unlinkPKc                
0001e255  _Z8PLL_Initv                        
0001e267  _ZN7Machine5printEv                 
0001e271  __aeabi_memcpy                      
0001e271  __aeabi_memcpy4                     
0001e271  __aeabi_memcpy8                     
0001e279  remove                              
0001e281  Reset_Handler                       
0001e285  _system_pre_init                    
0001e288  C$$EXIT                             
0001e289  abort                               
0001e290  SHT$$INIT_ARRAY$$Base               
0001e29c  SHT$$INIT_ARRAY$$Limit              
0001e40c  __TI_Handler_Table_Base             
0001e418  __TI_Handler_Table_Limit            
0001e420  __TI_CINIT_Base                     
0001e430  __TI_CINIT_Limit                    
0001e430  __TI_CINIT_Warm                     
20200000  __start___llvm_prf_bits             
20200000  __start___llvm_prf_cnts             
20200000  __stop___llvm_prf_bits              
20200000  __stop___llvm_prf_cnts              
20200000  _ftable                             
202000f0  sprites                             
20200180  _device                             
202001f8  _stream                             
20200248  Phrases                             
20200278  FIFO2                               
202002a4  Instructions                        
202002cc  machineArr2                         
202002f4  m_anvil                             
20200308  m_cart2                             
2020031c  m_counter4                          
20200330  m_counter5                          
20200344  m_counter6                          
20200358  m_rock2                             
2020036c  m_rock2Mid                          
20200380  m_rock2Top                          
20200394  m_smelter                           
202003a8  m_smelterProgress                   
202003bc  Sensor                              
202003c8  __TI_cleanup_ptr                    
202003cc  __TI_dtors_ptr                      
202003d0  p2                                  
202003d8  BusFreq                             
202003dc  StX                                 
202003e0  StY                                 
202003e4  __TI_ft_end                         
202003e8  _lock                               
202003ec  _unlock                             
202003f4  StTextColor                         
202003fa  clang_size                          
202003fc  correct_size                        
202003fe  wrong_size                          
20200409  deadTimer                           
2020040a  input                               
20200418  _sys_memory                         
20200618  _CIOBUF_                            
20200618  __CIOBUF_                           
20200738  __TI_tmpnams                        
202007d8  parmbuf                             
202007e6  soundLength                         
202007e8  LostData                            
202007ec  TExaSLogic                          
202007f0  TExaSadc                            
202007f4  soundArr                            
202007f8  soundIndex                          
20200803  buttons                             
20200804  menuOpen                            
20200805  sound_flag                          
20200806  toDoOpen                            
20207e00  __stack                             
20208000  __STACK_END                         
ffffffff  __TI_pprof_out_hndl                 
ffffffff  __TI_prof_data_size                 
ffffffff  __TI_prof_data_start                
ffffffff  __binit__                           
ffffffff  binit                               
UNDEFED   __mpu_init                          
UNDEFED   _system_post_cinit                  

[298 symbols]
