******************************************************************************
            TI ARM Clang Linker PC v4.0.1                      
******************************************************************************
>> Linked Sun Apr 20 14:32:27 2025

OUTPUT FILE NAME:   <MadMines.out>
ENTRY POINT SYMBOL: "_c_int00_noargs"  address: 0001ab69


MEMORY CONFIGURATION

         name            origin    length      used     unused   attr    fill
----------------------  --------  ---------  --------  --------  ----  --------
  FLASH                 00000000   00020000  0001b1a8  00004e58  R  X
  SRAM                  20200000   00008000  00000a51  000075af  RW X
  BCR_CONFIG            41c00000   00000080  00000000  00000080  R   
  BSL_CONFIG            41c00100   00000080  00000000  00000080  R   


SEGMENT ALLOCATION MAP

run origin  load origin   length   init length attrs members
----------  ----------- ---------- ----------- ----- -------
00000000    00000000    0001b1a8   0001b1a8    r-x
  00000000    00000000    000000c0   000000c0    r-- .intvecs
  000000c0    000000c0    00014758   00014758    r-- .rodata
  00014818    00014818    00000008   00000008    r-- .init_array
  00014820    00014820    00006850   00006850    r-x .text
  0001b070    0001b070    00000138   00000138    r-- .cinit
20200000    20200000    00000854   00000000    rw-
  20200000    20200000    0000046d   00000000    rw- .data
  20200470    20200470    00000200   00000000    rw- .sysmem
  20200670    20200670    000001e4   00000000    rw- .bss
20207e00    20207e00    00000200   00000000    rw-
  20207e00    20207e00    00000200   00000000    rw- .stack


SECTION ALLOCATION MAP

 output                                  attributes/
section   page    origin      length       input sections
--------  ----  ----------  ----------   ----------------
.intvecs   0    00000000    000000c0     
                  00000000    000000c0     startup_mspm0g3507_ticlang.o (.intvecs)

.binit     0    00000000    00000000     

.text      0    00014820    00006850     
                  00014820    00000d7c     Lab9HMain.o (.text.main)
                  0001559c    0000055c     Machine.o (.text._ZN7Machine10updateCartEh)
                  00015af8    000004c4     Machine.o (.text._ZN7Machine11updateAnvilEh)
                  00015fbc    00000410     Machine.o (.text._ZN7Machine10updateRockEh)
                  000163cc    0000038c     Machine.o (.text._ZN7Machine14updateCountersEhPS_)
                  00016758    00000340     Machine.o (.text._ZN7Machine13updateSmelterEh)
                  00016a98    000002b8     Machine.o (.text._ZN7Machine10printAnvilEv)
                  00016d50    000002b0     Machine.o (.text._ZN7Machine13printCountersEPS_)
                  00017000    00000210     ST7735.o (.text._Z17ST7735_DrawBitmapssPKtss)
                  00017210    000001d8     Machine.o (.text._ZN7Machine9printCartEv)
                  000173e8    000001b8     Machine.o (.text._ZN7Machine12printSmelterEv)
                  000175a0    000001b4     Clock.o (.text._Z15Clock_Init80MHzi)
                  00017754    000001a4     ST7735.o (.text._Z15ST7735_DrawCharsscssh)
                  000178f8    000001a0     ST7735.o (.text._Z16ST7735_DrawCharSsscssh)
                  00017a98    00000198     Machine.o (.text._ZN7Machine13computeRecipeEPaa)
                  00017c30    00000180     Player.o (.text._ZN6Player8inBoundsEssPP7Machineh)
                  00017db0    0000017c     Machine.o (.text._ZN7Machine9printRockEv)
                  00017f2c    00000160     Machine.o (.text._ZN7Machine15updateAnvilMenuEPaa)
                  0001808c    0000015c     Machine.o (.text._ZN7Machine13cartSendErrorEhh)
                  000181e8    00000154     libc.a : fopen.c.obj (.text._openfile)
                  0001833c    00000128     TExaS.o (.text._Z8ADC_InitP10ADC12_Regsjj)
                  00018464    00000118     ST7735.o (.text._Z15ST7735_FillRectsssst)
                  0001857c    00000114     libc.a : memory.c.obj (.text.aligned_alloc)
                  00018690    000000f8     SPI.o (.text._Z8SPI_Initv)
                  00018788    000000f4     ST7735.o (.text._Z18ST7735_SetRotationh)
                  0001887c    000000ec     libsysbm.a : add_device.c.obj (.text.add_device)
                  00018968    000000e8     TExaS.o (.text._Z9UART_Initv)
                  00018a50    000000e8     libc.a : memory.c.obj (.text.free)
                  00018b38    000000e0            : setvbuf.c.obj (.text.setvbuf)
                  00018c18    000000dc     UART2.o (.text._Z10UART2_Initv)
                  00018cf4    000000d0     ST7735.o (.text._Z14ST7735_OutCharc)
                  00018dc4    000000b0     ST7735.o (.text._Z20ST7735_DrawFastHLinessst)
                  00018e74    000000b0     ST7735.o (.text._Z20ST7735_DrawFastVLinessst)
                  00018f24    000000a8     Timer.o (.text._Z14TimerG7_IntArmtjj)
                  00018fcc    000000a2     ST7735.o (.text._ZL11commandListPKh)
                  0001906e    00000002     Sound.o (.text.SysTick_Handler)
                  00019070    000000a0     libsysbm.a : open.c.obj (.text.open)
                  00019110    0000009c     ST7735.o (.text._Z17ST7735_InitPrintfv)
                  000191ac    0000009c     Player.o (.text._ZN6Player14checkProximityE7Machine)
                  00019248    00000098     ST7735.o (.text._Z12ST7735_InitR10initRFlags)
                  000192e0    00000098     Player.o (.text._ZN6Player16resetCoordinatesEPsS0_)
                  00019378    00000094     Timer.o (.text._Z15TimerG12_IntArmjj)
                  0001940c    0000008c     SlidePot.o (.text._ZN8SlidePot4InitEv)
                  00019498    0000008a     Machine.o (.text._ZN7MachineC2Ehhhhhhhhhh)
                  00019522    00000002     libclang_rt.builtins.a : aeabi_div0.c.obj (.text.__aeabi_idiv0)
                  00019524    00000088     ST7735.o (.text._ZL13setAddrWindowhhhh)
                  000195ac    00000004     libc.a : pre_init.c.obj (.text._system_pre_init)
                  000195b0    00000088            : strcmp-armv6m.S.obj (.text:strcmp)
                  00019638    00000084     ST7735.o (.text._Z17ST7735_DrawStringttPcs)
                  000196bc    00000082     Machine.o (.text._ZN7MachineC2Ehhhhhhhhh)
                  0001973e    00000002     libc.a : _lock.c.obj (.text._nop)
                  00019740    0000007c     LaunchPad.o (.text._Z14LaunchPad_Initv)
                  000197bc    0000007c     libc.a : fclose.c.obj (.text.__TI_closefile)
                  00019838    0000007c            : copy_decompress_lzss.c.obj (.text:decompress:lzss)
                  000198b4    00000078     Player.o (.text._ZN6Player15getMachineInputE7Machine)
                  0001992c    00000074     UART2.o (.text.UART2_IRQHandler)
                  000199a0    00000074     IRxmt.o (.text._Z13IRxmt_SendBiti)
                  00019a14    00000070     ST7735.o (.text._Z16ST7735_DrawPixelsst)
                  00019a84    0000006c     libsysbm.a : hostlseek.c.obj (.text.HOSTlseek)
                  00019af0    0000006c                : hostrename.c.obj (.text.HOSTrename)
                  00019b5c    0000006c     libc.a : getdevice.c.obj (.text.getdevice)
                  00019bc8    00000064     Lab9HMain.o (.text._GLOBAL__sub_I_Lab9HMain.cpp)
                  00019c2c    00000064     libc.a : memory.c.obj (.text.split)
                  00019c90    00000062     Machine.o (.text._ZN7MachineC2Ehhhhhh)
                  00019cf2    00000002     --HOLE-- [fill = 0]
                  00019cf4    00000060     libsysbm.a : hostopen.c.obj (.text.HOSTopen)
                  00019d54    00000058                : hostread.c.obj (.text.HOSTread)
                  00019dac    00000058                : hostwrite.c.obj (.text.HOSTwrite)
                  00019e04    00000058     TExaS.o (.text._Z10TExaS_InitP10ADC12_RegsjPFhvE)
                  00019e5c    00000056     libclang_rt.builtins.a : aeabi_idivmod.S.obj (.text.__aeabi_idivmod)
                  00019eb2    00000002     --HOLE-- [fill = 0]
                  00019eb4    00000054     Player.o (.text._ZN6Player14printPosessionEh)
                  00019f08    00000054     Player.o (.text._ZN6Player8moveLeftEv)
                  00019f5c    00000054     Player.o (.text._ZN6Player9moveRightEv)
                  00019fb0    00000054     SlidePot.o (.text._ZN8SlidePot2InEv)
                  0001a004    00000054     libc.a : autoinit.c.obj (.text:__TI_auto_init_nobinit)
                  0001a058    00000052     Player.o (.text._ZN6Player8moveDownEv)
                  0001a0aa    00000052     libc.a : fflush.c.obj (.text.__TI_doflush)
                  0001a0fc    00000050     Lab9HMain.o (.text.__cxx_global_var_init.12)
                  0001a14c    00000050     libsysbm.a : close.c.obj (.text.close)
                  0001a19c    00000048                : hostclose.c.obj (.text.HOSTclose)
                  0001a1e4    00000048                : hostunlink.c.obj (.text.HOSTunlink)
                  0001a22c    00000048     IRxmt.o (.text._Z13IRxmt_OutCharc)
                  0001a274    00000048     SPI.o (.text._Z14SPI_OutCommandc)
                  0001a2bc    00000048     FIFO2.o (.text._ZN5Queue3GetEPc)
                  0001a304    00000048     FIFO2.o (.text._ZN5Queue3PutEc)
                  0001a34c    00000040     TExaS.o (.text.TIMG7_IRQHandler)
                  0001a38c    00000040     SPI.o (.text._Z9SPI_Resetv)
                  0001a3cc    00000040     libclang_rt.builtins.a : aeabi_uidivmod.S.obj (.text.__aeabi_uidivmod)
                  0001a40c    00000040     Lab9HMain.o (.text.__cxx_global_var_init.23)
                  0001a44c    00000040     libc.a : fopen.c.obj (.text._search_fp)
                  0001a48c    0000003c     Lab9HMain.o (.text.TIMG12_IRQHandler)
                  0001a4c8    0000003c     Sound.o (.text._Z10Sound_Initv)
                  0001a504    0000003c     Player.o (.text._ZN6Player6moveUpEv)
                  0001a540    00000038     SPI.o (.text._Z11SPI_OutDatac)
                  0001a578    00000038     LaunchPad.o (.text._Z15ActivatePortA_Bv)
                  0001a5b0    00000034     ST7735.o (.text._Z12ST7735_writeiPKcj)
                  0001a5e4    00000034     Clock.o (.text._Z14Clock_Delay1msj)
                  0001a618    00000034     ST7735.o (.text._Z16ST7735_SetCursorjj)
                  0001a64c    00000034     libc.a : fopen.c.obj (.text.__TI_cleanup)
                  0001a680    00000034     libsysbm.a : trgmsg.c.obj (.text.__TI_readmsg)
                  0001a6b4    00000034                : trgmsg.c.obj (.text.__TI_writemsg)
                  0001a6e8    00000034     libc.a : exit.c.obj (.text.exit)
                  0001a71c    00000034            : getdevice.c.obj (.text.finddevice)
                  0001a750    00000034            : fopen.c.obj (.text.freopen)
                  0001a784    00000030     ST7735.o (.text._ZL10commonInitPKh)
                  0001a7b4    00000030     Player.o (.text._ZN6Player14translateRightEv)
                  0001a7e4    00000030     Lab9HMain.o (.text.__cxx_global_var_init.10)
                  0001a814    00000030     Lab9HMain.o (.text.__cxx_global_var_init.11)
                  0001a844    00000030     Lab9HMain.o (.text.__cxx_global_var_init.15)
                  0001a874    00000030     Lab9HMain.o (.text.__cxx_global_var_init.20)
                  0001a8a4    00000030     Lab9HMain.o (.text.__cxx_global_var_init.21)
                  0001a8d4    00000030     Lab9HMain.o (.text.__cxx_global_var_init.22)
                  0001a904    00000030     Lab9HMain.o (.text.__cxx_global_var_init.5)
                  0001a934    00000030     Lab9HMain.o (.text.__cxx_global_var_init.9)
                  0001a964    00000030     libc.a : fopen.c.obj (.text.fopen)
                  0001a994    0000002c     UART2.o (.text._Z12UART2_InCharv)
                  0001a9c0    0000002c     ST7735.o (.text._Z17ST7735_FillScreent)
                  0001a9ec    0000002c     Player.o (.text._ZN6Player13translateDownEv)
                  0001aa18    0000002c     Player.o (.text._ZN6Player13translateLeftEv)
                  0001aa44    0000002c     Lab9HMain.o (.text.__cxx_global_var_init.4)
                  0001aa70    0000002c     Lab9HMain.o (.text.__cxx_global_var_init.8)
                  0001aa9c    0000002c     libsysbm.a : unlink.c.obj (.text.unlink)
                  0001aac8    00000028     IRxmt.o (.text._Z10IRxmt_Initv)
                  0001aaf0    00000028     TExaS.o (.text._Z9ADC_StartP10ADC12_Regs)
                  0001ab18    00000028     libc.a : memory.c.obj (.text.free_list_insert)
                  0001ab40    00000028     libsysbm.a : write.c.obj (.text.write)
                  0001ab68    00000028     libc.a : boot_cortex_m.c.obj (.text:_c_int00_noargs)
                  0001ab90    00000024     SlidePot.o (.text._ZN8SlidePot4SaveEj)
                  0001abb4    00000024     Lab9HMain.o (.text.__cxx_global_var_init.14)
                  0001abd8    00000024     Lab9HMain.o (.text.__cxx_global_var_init.16)
                  0001abfc    00000024     Lab9HMain.o (.text.__cxx_global_var_init.17)
                  0001ac20    00000024     Lab9HMain.o (.text.__cxx_global_var_init.18)
                  0001ac44    00000024     Lab9HMain.o (.text.__cxx_global_var_init.19)
                  0001ac68    00000024     Lab9HMain.o (.text.__cxx_global_var_init.2)
                  0001ac8c    00000024     Lab9HMain.o (.text.__cxx_global_var_init.3)
                  0001acb0    00000024     Lab9HMain.o (.text.__cxx_global_var_init.6)
                  0001acd4    00000022     FIFO2.o (.text._ZN5Queue6IsFullEv)
                  0001acf6    00000020     SlidePot.o (.text._ZN8SlidePot4SyncEv)
                  0001ad16    00000002     --HOLE-- [fill = 0]
                  0001ad18    00000020     Lab9HMain.o (.text.__cxx_global_var_init.13)
                  0001ad38    00000020     Lab9HMain.o (.text.__cxx_global_var_init.7)
                  0001ad58    0000001e     ST7735.o (.text._ZL9pushColort)
                  0001ad76    00000002     --HOLE-- [fill = 0]
                  0001ad78    0000001c     startup_mspm0g3507_ticlang.o (.text.Default_Handler)
                  0001ad94    0000001c     startup_mspm0g3507_ticlang.o (.text.HardFault_Handler)
                  0001adb0    0000001c     Switch.o (.text._Z9Switch_Inv)
                  0001adcc    0000001c     Player.o (.text._ZN6PlayerC2Ev)
                  0001ade8    0000001c     libc.a : memory.c.obj (.text.free_list_remove)
                  0001ae04    00000018     Switch.o (.text._Z11Switch_Initv)
                  0001ae1c    00000016     ST7735.o (.text._Z11ST7735_openPKcji)
                  0001ae32    00000016     ST7735.o (.text._Z11ST7735_readiPcj)
                  0001ae48    00000016     libc.a : copy_zero_init.c.obj (.text:decompress:ZI:__TI_zero_init_nomemset)
                  0001ae5e    00000014     FIFO2.o (.text._ZN5Queue7IsEmptyEv)
                  0001ae72    00000012     Player.o (.text._ZN6Player13setPossessionEh)
                  0001ae84    00000012     Player.o (.text._ZN6Player7setXPosEs)
                  0001ae96    00000012     Player.o (.text._ZN6Player7setYPosEs)
                  0001aea8    00000012     Machine.o (.text._ZN7Machine11setRockTypeEh)
                  0001aeba    00000012     libc.a : memcpy16.S.obj (.text:TI_memcpy_small)
                  0001aecc    00000012            : copy_decompress_none.c.obj (.text:decompress:none)
                  0001aede    00000010     Clock.o (.text._Z11Clock_Delayj)
                  0001aeee    00000002     --HOLE-- [fill = 0]
                  0001aef0    00000010     UART2.o (.text._Z12UART2_Enablev)
                  0001af00    00000010     UART2.o (.text._Z13UART2_Disablev)
                  0001af10    00000010     Lab9HMain.o (.text._Z28TExaS_LaunchPadLogicPB27PB26v)
                  0001af20    00000010     FIFO2.o (.text._ZN5QueueC2Ev)
                  0001af30    00000010     Lab9HMain.o (.text.__cxx_global_var_init.1)
                  0001af40    00000010     Lab9HMain.o (.text.__cxx_global_var_init)
                  0001af50    00000010     UART2.o (.text.__cxx_global_var_init)
                  0001af60    0000000e     libc.a : memory.c.obj (.text.OUTLINED_FUNCTION_0)
                  0001af6e    0000000e     ST7735.o (.text._Z12ST7735_lseekili)
                  0001af7c    0000000e     Player.o (.text._ZN6Player7getXPosEv)
                  0001af8a    0000000e     Player.o (.text._ZN6Player7getYPosEv)
                  0001af98    0000000e     SlidePot.o (.text._ZN8SlidePotC2Ev)
                  0001afa6    0000000e     libsysbm.a : hostrename.c.obj (.text.strcpy)
                  0001afb4    0000000e                : hostrename.c.obj (.text.strlen)
                  0001afc2    0000000e     libc.a : memset16.S.obj (.text:TI_memset_small)
                  0001afd0    0000000c     Clock.o (.text._Z10Clock_Freqv)
                  0001afdc    0000000c     ST7735.o (.text._Z13ST7735_renamePKcS0_)
                  0001afe8    0000000c     IRxmt.o (.text._Z5Delayj)
                  0001aff4    0000000c     Player.o (.text._ZN6Player7getSizeEv)
                  0001b000    0000000c     SlidePot.o (.text._ZN8SlidePot9DistanceXEv)
                  0001b00c    0000000c     SlidePot.o (.text._ZN8SlidePot9DistanceYEv)
                  0001b018    0000000c     libclang_rt.builtins.a : aeabi_memset.S.obj (.text.__aeabi_memclr)
                  0001b024    0000000c     libc.a : memory.c.obj (.text.malloc)
                  0001b030    0000000a     ST7735.o (.text._Z12ST7735_closei)
                  0001b03a    0000000a     ST7735.o (.text._Z13ST7735_unlinkPKc)
                  0001b044    0000000a     Lab9HMain.o (.text._Z8PLL_Initv)
                  0001b04e    00000008     UART2.o (.text._GLOBAL__sub_I_UART2.cpp)
                  0001b056    00000002     --HOLE-- [fill = 0]
                  0001b058    00000008     libclang_rt.builtins.a : aeabi_memcpy.S.obj (.text.__aeabi_memcpy)
                  0001b060    00000008     libsysbm.a : remove.c.obj (.text.remove)
                  0001b068    00000004     startup_mspm0g3507_ticlang.o (.text.Reset_Handler)
                  0001b06c    00000004     libc.a : exit.c.obj (.text:abort)

.cinit     0    0001b070    00000138     
                  0001b070    00000110     (.cinit..data.load) [load image, compression = lzss]
                  0001b180    0000000c     (__TI_handler_table)
                  0001b18c    00000008     (.cinit..bss.load) [load image, compression = zero_init]
                  0001b194    00000010     (__TI_cinit_table)
                  0001b1a4    00000004     --HOLE-- [fill = 0]

.rodata    0    000000c0    00014758     
                  000000c0    00002800     Machine.o (.rodata._ZL4todo)
                  000028c0    00002700     Machine.o (.rodata._ZL9anvilMenu)
                  00004fc0    00001008     Machine.o (.rodata._ZL11smelterFail)
                  00005fc8    00001008     Machine.o (.rodata._ZL14smelterWorking)
                  00006fd0    00001008     Machine.o (.rodata._ZL16smelterHighlight)
                  00007fd8    00001008     Machine.o (.rodata._ZL20smelterFailHighlight)
                  00008fe0    00001008     Machine.o (.rodata._ZL7smelter)
                  00009fe8    00000f78     Machine.o (.rodata._ZL12anvilWorking)
                  0000af60    00000f78     Machine.o (.rodata._ZL14anvilHighlight)
                  0000bed8    00000f78     Machine.o (.rodata._ZL5anvil)
                  0000ce50    00000f74     Machine.o (.rodata._ZL13cartHighlight)
                  0000ddc4    00000f74     Machine.o (.rodata._ZL4cart)
                  0000ed38    00000738     Machine.o (.rodata._ZL13rockWorking_b)
                  0000f470    00000738     Machine.o (.rodata._ZL15rockHighlight_b)
                  0000fba8    00000738     Machine.o (.rodata._ZL22rockWorkingHighlight_b)
                  000102e0    00000738     Machine.o (.rodata._ZL6rock_b)
                  00010a18    000006e0     Machine.o (.rodata._ZL6ladder)
                  000110f8    00000548     Lab9HMain.o (.rodata._ZL5miner)
                  00011640    00000540     Machine.o (.rodata._ZL7counter)
                  00011b80    000004fb     ST7735.o (.rodata._ZL4Font)
                  0001207b    00000001     --HOLE-- [fill = 0]
                  0001207c    00000348     Machine.o (.rodata._ZL5watch)
                  000123c4    00000320     Machine.o (.rodata._ZL5trash)
                  000126e4    000002d2     Machine.o (.rodata._ZL5sword)
                  000129b6    000002ac     Machine.o (.rodata._ZL3key)
                  00012c62    000002a0     Machine.o (.rodata._ZL6shield)
                  00012f02    00000220     Machine.o (.rodata._ZL4ring)
                  00013122    0000018c     Machine.o (.rodata._ZL10rawDiamond)
                  000132ae    0000018c     Machine.o (.rodata._ZL10rawEmerald)
                  0001343a    0000018c     Machine.o (.rodata._ZL7rawGold)
                  000135c6    0000018c     Machine.o (.rodata._ZL7rawRuby)
                  00013752    0000018c     Machine.o (.rodata._ZL9rawSilver)
                  000138de    00000168     Machine.o (.rodata._ZL13rockWorking_m)
                  00013a46    00000168     Machine.o (.rodata._ZL15rockHighlight_m)
                  00013bae    00000168     Machine.o (.rodata._ZL22rockWorkingHighlight_m)
                  00013d16    00000168     Machine.o (.rodata._ZL6rock_m)
                  00013e7e    0000010e     Machine.o (.rodata._ZL4gold)
                  00013f8c    0000010e     Machine.o (.rodata._ZL6silver)
                  0001409a    0000010a     Machine.o (.rodata._ZL13rockWorking_t)
                  000141a4    0000010a     Machine.o (.rodata._ZL15rockHighlight_t)
                  000142ae    0000010a     Machine.o (.rodata._ZL22rockWorkingHighlight_t)
                  000143b8    0000010a     Machine.o (.rodata._ZL6rock_t)
                  000144c2    000000d8     Machine.o (.rodata._ZL4Ruby)
                  0001459a    000000d8     Machine.o (.rodata._ZL7Diamond)
                  00014672    000000d8     Machine.o (.rodata._ZL7Emerald)
                  0001474a    0000003b     ST7735.o (.rodata._ZL5Rcmd1)
                  00014785    0000002b     ST7735.o (.rodata._ZL5Rcmd3)
                  000147b0    00000019     Machine.o (.rodata._ZL7recipes)
                  000147c9    00000016     ST7735.o (.rodata.str1.43788427057889536241)
                  000147df    0000000d     ST7735.o (.rodata._ZL10Rcmd2green)
                  000147ec    0000000d     ST7735.o (.rodata._ZL8Rcmd2red)
                  000147f9    00000008     ST7735.o (.rodata.str1.54535931475021008601)
                  00014801    00000007     ST7735.o (.rodata.str1.103567388005067375301)
                  00014808    00000007     ST7735.o (.rodata.str1.132933244321656697041)
                  0001480f    00000002     ST7735.o (.rodata.str1.18657686242476325171)
                  00014811    00000007     --HOLE-- [fill = 0]

.init_array 
*          0    00014818    00000008     
                  00014818    00000004     UART2.o (.init_array)
                  0001481c    00000004     Lab9HMain.o (.init_array)

.data      0    20200000    0000046d     UNINITIALIZED
                  20200000    000000f0     libc.a : defs.c.obj (.data._ftable)
                  202000f0    00000088     Machine.o (.data.sprites)
                  20200178    00000078     libsysbm.a : host_device.c.obj (.data._device)
                  202001f0    00000050                : host_device.c.obj (.data._stream)
                  20200240    00000038     Lab9HMain.o (.data.Counters)
                  20200278    0000002c     UART2.o (.data.FIFO2)
                  202002a4    0000002a     Lab9HMain.o (.data.Counters2)
                  202002ce    00000002     ST7735.o (.data.StTextColor)
                  202002d0    00000024     Lab9HMain.o (.data.machineArr2)
                  202002f4    00000014     Machine.o (.data._ZL7ToDoArr)
                  20200308    0000000e     Lab9HMain.o (.data.m_anvil)
                  20200316    0000000e     Lab9HMain.o (.data.m_cart1)
                  20200324    0000000e     Lab9HMain.o (.data.m_cart2)
                  20200332    0000000e     Lab9HMain.o (.data.m_counter1)
                  20200340    0000000e     Lab9HMain.o (.data.m_counter2)
                  2020034e    0000000e     Lab9HMain.o (.data.m_counter3)
                  2020035c    0000000e     Lab9HMain.o (.data.m_counter4)
                  2020036a    0000000e     Lab9HMain.o (.data.m_counter5)
                  20200378    0000000e     Lab9HMain.o (.data.m_counter6)
                  20200386    0000000e     Lab9HMain.o (.data.m_portal)
                  20200394    0000000e     Lab9HMain.o (.data.m_refiner)
                  202003a2    0000000e     Lab9HMain.o (.data.m_rock1)
                  202003b0    0000000e     Lab9HMain.o (.data.m_rock1Mid)
                  202003be    0000000e     Lab9HMain.o (.data.m_rock1Top)
                  202003cc    0000000e     Lab9HMain.o (.data.m_rock2)
                  202003da    0000000e     Lab9HMain.o (.data.m_rock2Mid)
                  202003e8    0000000e     Lab9HMain.o (.data.m_rock2Top)
                  202003f6    0000000e     Lab9HMain.o (.data.m_smelter)
                  20200404    0000000e     Lab9HMain.o (.data.m_todo)
                  20200412    0000000e     Lab9HMain.o (.data.m_todoDown)
                  20200420    0000000c     Lab9HMain.o (.data.Sensor)
                  2020042c    00000008     libc.a : exit.c.obj (.data..L_MergedGlobals)
                  20200434    00000008     Lab9HMain.o (.data.p1)
                  2020043c    00000004     Clock.o (.data.BusFreq)
                  20200440    00000004     ST7735.o (.data.StX)
                  20200444    00000004     ST7735.o (.data.StY)
                  20200448    00000004     libc.a : defs.c.obj (.data.__TI_ft_end)
                  2020044c    00000004            : _lock.c.obj (.data._lock)
                  20200450    00000004            : _lock.c.obj (.data._unlock)
                  20200454    00000002     ST7735.o (.data._ZL6_width)
                  20200456    00000002     ST7735.o (.data._ZL7_height)
                  20200458    00000001     Machine.o (.data._ZZN7Machine10updateCartEhE8debounce)
                  20200459    00000001     Machine.o (.data._ZZN7Machine10updateRockEhE10wasWorking)
                  2020045a    00000001     Machine.o (.data._ZZN7Machine10updateRockEhE7halfway)
                  2020045b    00000001     Machine.o (.data._ZZN7Machine11updateAnvilEhE10wasWorking)
                  2020045c    00000001     Machine.o (.data._ZZN7Machine11updateAnvilEhE11anvilLength)
                  2020045d    00000001     Machine.o (.data._ZZN7Machine11updateAnvilEhE12menuDebounce)
                  2020045e    00000001     Machine.o (.data._ZZN7Machine14updateCountersEhPS_E8debounce)
                  2020045f    00000001     Machine.o (.data._ZZN7Machine9printCartEvE2in)
                  20200460    00000001     Machine.o (.data._ZZN7Machine9printCartEvE4sent)
                  20200461    00000001     Lab9HMain.o (.data.deadTimer)
                  20200462    00000001     Lab9HMain.o (.data.input)
                  20200463    00000001     Lab9HMain.o (.data.numCounters)
                  20200464    00000001     libsysbm.a : add_device.c.obj (.data.add_device.device_init)
                  20200465    00000001     Machine.o (.data.progH)
                  20200466    00000001     Machine.o (.data.progW)
                  20200467    00000001     --HOLE--
                  20200468    00000001     libc.a : memory.c.obj (.data.memory_is_initialized)
                  20200469    00000003     --HOLE--
                  2020046c    00000001     libsysbm.a : open.c.obj (.data.open.stream_init)

.sysmem    0    20200470    00000200     UNINITIALIZED
                  20200470    00000010     libc.a : memory.c.obj (.sysmem)
                  20200480    000001f0     --HOLE--

.bss       0    20200670    000001e4     UNINITIALIZED
                  20200670    00000120     libsysbm.a : trgmsg.c.obj (.bss:_CIOBUF_)
                  20200790    000000a0     libc.a : defs.c.obj (.bss.__TI_tmpnams)
                  20200830    00000008     libsysbm.a : hostopen.c.obj (.bss.parmbuf)
                  20200838    00000005     Machine.o (.bss._ZZN7Machine11updateAnvilEhE10AnvilItems)
                  2020083d    00000001     ST7735.o (.bss._ZL8ColStart)
                  2020083e    00000001     ST7735.o (.bss._ZL8Rotation)
                  2020083f    00000001     ST7735.o (.bss._ZL8RowStart)
                  20200840    00000004     UART2.o (.bss.LostData)
                  20200844    00000004     TExaS.o (.bss.TExaSLogic)
                  20200848    00000004     TExaS.o (.bss.TExaSadc)
                  2020084c    00000004     libc.a : memory.c.obj (.bss.sys_free)
                  20200850    00000001     ST7735.o (.bss._ZL8TabColor)
                  20200851    00000001     Lab9HMain.o (.bss.buttons)
                  20200852    00000001     Lab9HMain.o (.bss.menuOpen)
                  20200853    00000001     Lab9HMain.o (.bss.toDoOpen)

.stack     0    20207e00    00000200     UNINITIALIZED
                  20207e00    00000004     libc.a : boot_cortex_m.c.obj (.stack)
                  20207e04    000001fc     --HOLE--

__llvm_prf_cnts 
*          0    20200000    00000000     UNINITIALIZED

__llvm_prf_bits 
*          0    20200000    00000000     UNINITIALIZED

MODULE SUMMARY

       Module                         code    ro data   rw data
       ------                         ----    -------   -------
    .\
       Machine.o                      9540    80991     172    
       Lab9HMain.o                    4638    1356      440    
       ST7735.o                       3614    1449      18     
       Player.o                       1464    0         0      
       TExaS.o                        720     0         8      
       Clock.o                        516     0         4      
       UART2.o                        436     4         48     
       SPI.o                          440     0         0      
       SlidePot.o                     330     0         0      
       Timer.o                        316     0         0      
       IRxmt.o                        240     0         0      
       FIFO2.o                        214     0         0      
       LaunchPad.o                    180     0         0      
       Sound.o                        62      0         0      
       Switch.o                       52      0         0      
    +--+------------------------------+-------+---------+---------+
       Total:                         22762   83800     690    
                                                               
    .\ticlang\
       startup_mspm0g3507_ticlang.o   60      192       0      
    +--+------------------------------+-------+---------+---------+
       Total:                         60      192       0      
                                                               
    C:\ti\ccs\tools\compiler\ti-cgt-armllvm_4.0.1.LTS\lib\armv6m-ti-none-eabi/c/libc.a
       memory.c.obj                   702     0         5      
       fopen.c.obj                    556     0         0      
       defs.c.obj                     0       0         404    
       setvbuf.c.obj                  224     0         0      
       getdevice.c.obj                160     0         0      
       strcmp-armv6m.S.obj            136     0         0      
       copy_decompress_lzss.c.obj     124     0         0      
       fclose.c.obj                   124     0         0      
       autoinit.c.obj                 84      0         0      
       fflush.c.obj                   82      0         0      
       exit.c.obj                     56      0         8      
       boot_cortex_m.c.obj            40      0         0      
       copy_zero_init.c.obj           22      0         0      
       copy_decompress_none.c.obj     18      0         0      
       memcpy16.S.obj                 18      0         0      
       memset16.S.obj                 14      0         0      
       _lock.c.obj                    2       0         8      
       pre_init.c.obj                 4       0         0      
    +--+------------------------------+-------+---------+---------+
       Total:                         2366    0         425    
                                                               
    C:\ti\ccs\tools\compiler\ti-cgt-armllvm_4.0.1.LTS\lib\armv6m-ti-none-eabi/c/libsysbm.a
       trgmsg.c.obj                   104     0         288    
       add_device.c.obj               236     0         1      
       host_device.c.obj              0       0         200    
       open.c.obj                     160     0         1      
       hostrename.c.obj               136     0         0      
       hostlseek.c.obj                108     0         0      
       hostopen.c.obj                 96      0         8      
       hostread.c.obj                 88      0         0      
       hostwrite.c.obj                88      0         0      
       close.c.obj                    80      0         0      
       hostclose.c.obj                72      0         0      
       hostunlink.c.obj               72      0         0      
       unlink.c.obj                   44      0         0      
       write.c.obj                    40      0         0      
       remove.c.obj                   8       0         0      
    +--+------------------------------+-------+---------+---------+
       Total:                         1332    0         498    
                                                               
    C:\ti\ccs\tools\compiler\ti-cgt-armllvm_4.0.1.LTS\lib\armv6m-ti-none-eabi/libclang_rt.builtins.a
       aeabi_idivmod.S.obj            86      0         0      
       aeabi_uidivmod.S.obj           64      0         0      
       aeabi_memset.S.obj             12      0         0      
       aeabi_memcpy.S.obj             8       0         0      
       aeabi_div0.c.obj               2       0         0      
    +--+------------------------------+-------+---------+---------+
       Total:                         172     0         0      
                                                               
       Heap:                          0       0         512    
       Stack:                         0       0         512    
       Linker Generated:              0       308       0      
    +--+------------------------------+-------+---------+---------+
       Grand Total:                   26692   84300     2637   


LINKER GENERATED COPY TABLES

__TI_cinit_table @ 0001b194 records: 2, size/record: 8, table size: 16
	.data: load addr=0001b070, load size=00000110 bytes, run addr=20200000, run size=0000046d bytes, compression=lzss
	.bss: load addr=0001b18c, load size=00000008 bytes, run addr=20200670, run size=000001e4 bytes, compression=zero_init


LINKER GENERATED HANDLER TABLE

__TI_handler_table @ 0001b180 records: 3, size/record: 4, table size: 12
	index: 0, handler: __TI_decompress_lzss
	index: 1, handler: __TI_decompress_none
	index: 2, handler: __TI_zero_init


GLOBAL SYMBOLS: SORTED ALPHABETICALLY BY Name 

address   name                                
-------   ----                                
0001ad79  ADC0_IRQHandler                     
0001ad79  ADC1_IRQHandler                     
0001ad79  AES_IRQHandler                      
2020043c  BusFreq                             
0001b06c  C$$EXIT                             
0001a6e1  C$$IO$$                             
0001ad79  CANFD0_IRQHandler                   
20200240  Counters                            
202002a4  Counters2                           
0001ad79  DAC0_IRQHandler                     
0001ad79  DMA_IRQHandler                      
0001ad79  Default_Handler                     
20200278  FIFO2                               
0001ad79  GROUP0_IRQHandler                   
0001ad79  GROUP1_IRQHandler                   
0001a19d  HOSTclose                           
00019a85  HOSTlseek                           
00019cf5  HOSTopen                            
00019d55  HOSTread                            
00019af1  HOSTrename                          
0001a1e5  HOSTunlink                          
00019dad  HOSTwrite                           
0001ad95  HardFault_Handler                   
0001ad79  I2C0_IRQHandler                     
0001ad79  I2C1_IRQHandler                     
20200840  LostData                            
0001ad79  NMI_Handler                         
0001ad79  PendSV_Handler                      
0001ad79  RTC_IRQHandler                      
0001b069  Reset_Handler                       
00014818  SHT$$INIT_ARRAY$$Base               
00014820  SHT$$INIT_ARRAY$$Limit              
0001ad79  SPI0_IRQHandler                     
0001ad79  SPI1_IRQHandler                     
0001ad79  SVC_Handler                         
20200420  Sensor                              
202002ce  StTextColor                         
20200440  StX                                 
20200444  StY                                 
0001906f  SysTick_Handler                     
20200844  TExaSLogic                          
20200848  TExaSadc                            
0001ad79  TIMA0_IRQHandler                    
0001ad79  TIMA1_IRQHandler                    
0001ad79  TIMG0_IRQHandler                    
0001a48d  TIMG12_IRQHandler                   
0001ad79  TIMG6_IRQHandler                    
0001a34d  TIMG7_IRQHandler                    
0001ad79  TIMG8_IRQHandler                    
0001aebb  TI_memcpy_small                     
0001afc3  TI_memset_small                     
0001ad79  UART0_IRQHandler                    
0001ad79  UART1_IRQHandler                    
0001992d  UART2_IRQHandler                    
0001ad79  UART3_IRQHandler                    
20200670  _CIOBUF_                            
0001afd1  _Z10Clock_Freqv                     
0001aac9  _Z10IRxmt_Initv                     
0001a4c9  _Z10Sound_Initv                     
00019e05  _Z10TExaS_InitP10ADC12_RegsjPFhvE   
00018c19  _Z10UART2_Initv                     
0001aedf  _Z11Clock_Delayj                    
0001a541  _Z11SPI_OutDatac                    
0001ae1d  _Z11ST7735_openPKcji                
0001ae33  _Z11ST7735_readiPcj                 
0001ae05  _Z11Switch_Initv                    
00019249  _Z12ST7735_InitR10initRFlags        
0001b031  _Z12ST7735_closei                   
0001af6f  _Z12ST7735_lseekili                 
0001a5b1  _Z12ST7735_writeiPKcj               
0001aef1  _Z12UART2_Enablev                   
0001a995  _Z12UART2_InCharv                   
0001a22d  _Z13IRxmt_OutCharc                  
000199a1  _Z13IRxmt_SendBiti                  
0001afdd  _Z13ST7735_renamePKcS0_             
0001b03b  _Z13ST7735_unlinkPKc                
0001af01  _Z13UART2_Disablev                  
0001a5e5  _Z14Clock_Delay1msj                 
00019741  _Z14LaunchPad_Initv                 
0001a275  _Z14SPI_OutCommandc                 
00018cf5  _Z14ST7735_OutCharc                 
00018f25  _Z14TimerG7_IntArmtjj               
0001a579  _Z15ActivatePortA_Bv                
000175a1  _Z15Clock_Init80MHzi                
00017755  _Z15ST7735_DrawCharsscssh           
00018465  _Z15ST7735_FillRectsssst            
00019379  _Z15TimerG12_IntArmjj               
000178f9  _Z16ST7735_DrawCharSsscssh          
00019a15  _Z16ST7735_DrawPixelsst             
0001a619  _Z16ST7735_SetCursorjj              
00017001  _Z17ST7735_DrawBitmapssPKtss        
00019639  _Z17ST7735_DrawStringttPcs          
0001a9c1  _Z17ST7735_FillScreent              
00019111  _Z17ST7735_InitPrintfv              
00018789  _Z18ST7735_SetRotationh             
00018dc5  _Z20ST7735_DrawFastHLinessst        
00018e75  _Z20ST7735_DrawFastVLinessst        
0001af11  _Z28TExaS_LaunchPadLogicPB27PB26v   
0001afe9  _Z5Delayj                           
0001833d  _Z8ADC_InitP10ADC12_Regsjj          
0001b045  _Z8PLL_Initv                        
00018691  _Z8SPI_Initv                        
0001aaf1  _Z9ADC_StartP10ADC12_Regs           
0001a38d  _Z9SPI_Resetv                       
0001adb1  _Z9Switch_Inv                       
00018969  _Z9UART_Initv                       
0001a2bd  _ZN5Queue3GetEPc                    
0001a305  _ZN5Queue3PutEc                     
0001acd5  _ZN5Queue6IsFullEv                  
0001ae5f  _ZN5Queue7IsEmptyEv                 
0001af21  _ZN5QueueC1Ev                       
0001af21  _ZN5QueueC2Ev                       
0001ae73  _ZN6Player13setPossessionEh         
0001a9ed  _ZN6Player13translateDownEv         
0001aa19  _ZN6Player13translateLeftEv         
000191ad  _ZN6Player14checkProximityE7Machine 
00019eb5  _ZN6Player14printPosessionEh        
0001a7b5  _ZN6Player14translateRightEv        
000198b5  _ZN6Player15getMachineInputE7Machine
000192e1  _ZN6Player16resetCoordinatesEPsS0_  
0001a505  _ZN6Player6moveUpEv                 
0001aff5  _ZN6Player7getSizeEv                
0001af7d  _ZN6Player7getXPosEv                
0001af8b  _ZN6Player7getYPosEv                
0001ae85  _ZN6Player7setXPosEs                
0001ae97  _ZN6Player7setYPosEs                
00017c31  _ZN6Player8inBoundsEssPP7Machineh   
0001a059  _ZN6Player8moveDownEv               
00019f09  _ZN6Player8moveLeftEv               
00019f5d  _ZN6Player9moveRightEv              
0001adcd  _ZN6PlayerC1Ev                      
0001adcd  _ZN6PlayerC2Ev                      
00016a99  _ZN7Machine10printAnvilEv           
0001559d  _ZN7Machine10updateCartEh           
00015fbd  _ZN7Machine10updateRockEh           
0001aea9  _ZN7Machine11setRockTypeEh          
00015af9  _ZN7Machine11updateAnvilEh          
000173e9  _ZN7Machine12printSmelterEv         
0001808d  _ZN7Machine13cartSendErrorEhh       
00017a99  _ZN7Machine13computeRecipeEPaa      
00016d51  _ZN7Machine13printCountersEPS_      
00016759  _ZN7Machine13updateSmelterEh        
000163cd  _ZN7Machine14updateCountersEhPS_    
00017f2d  _ZN7Machine15updateAnvilMenuEPaa    
00017211  _ZN7Machine9printCartEv             
00017db1  _ZN7Machine9printRockEv             
00019c91  _ZN7MachineC1Ehhhhhh                
000196bd  _ZN7MachineC1Ehhhhhhhhh             
00019499  _ZN7MachineC1Ehhhhhhhhhh            
00019c91  _ZN7MachineC2Ehhhhhh                
000196bd  _ZN7MachineC2Ehhhhhhhhh             
00019499  _ZN7MachineC2Ehhhhhhhhhh            
00019fb1  _ZN8SlidePot2InEv                   
0001940d  _ZN8SlidePot4InitEv                 
0001ab91  _ZN8SlidePot4SaveEj                 
0001acf7  _ZN8SlidePot4SyncEv                 
0001b001  _ZN8SlidePot9DistanceXEv            
0001b00d  _ZN8SlidePot9DistanceYEv            
0001af99  _ZN8SlidePotC1Ev                    
0001af99  _ZN8SlidePotC2Ev                    
20200670  __CIOBUF_                           
20208000  __STACK_END                         
00000200  __STACK_SIZE                        
00000200  __SYSMEM_SIZE                       
00000000  __TI_ATRegion0_region_sz            
00000000  __TI_ATRegion0_src_addr             
00000000  __TI_ATRegion0_trg_addr             
00000000  __TI_ATRegion1_region_sz            
00000000  __TI_ATRegion1_src_addr             
00000000  __TI_ATRegion1_trg_addr             
00000000  __TI_ATRegion2_region_sz            
00000000  __TI_ATRegion2_src_addr             
00000000  __TI_ATRegion2_trg_addr             
0001b194  __TI_CINIT_Base                     
0001b1a4  __TI_CINIT_Limit                    
0001b1a4  __TI_CINIT_Warm                     
0001b180  __TI_Handler_Table_Base             
0001b18c  __TI_Handler_Table_Limit            
0001a005  __TI_auto_init_nobinit              
0001a64d  __TI_cleanup                        
2020042c  __TI_cleanup_ptr                    
000197bd  __TI_closefile                      
00019839  __TI_decompress_lzss                
0001aecd  __TI_decompress_none                
0001a0ab  __TI_doflush                        
20200430  __TI_dtors_ptr                      
20200448  __TI_ft_end                         
ffffffff  __TI_pprof_out_hndl                 
ffffffff  __TI_prof_data_size                 
ffffffff  __TI_prof_data_start                
0001a681  __TI_readmsg                        
00000000  __TI_static_base__                  
20200790  __TI_tmpnams                        
0001a6b5  __TI_writemsg                       
0001ae49  __TI_zero_init_nomemset             
00019e5d  __aeabi_idiv                        
00019523  __aeabi_idiv0                       
00019e5d  __aeabi_idivmod                     
0001b019  __aeabi_memclr                      
0001b019  __aeabi_memclr4                     
0001b019  __aeabi_memclr8                     
0001b059  __aeabi_memcpy                      
0001b059  __aeabi_memcpy4                     
0001b059  __aeabi_memcpy8                     
0001a3cd  __aeabi_uidiv                       
0001a3cd  __aeabi_uidivmod                    
ffffffff  __binit__                           
UNDEFED   __mpu_init                          
20207e00  __stack                             
20200000  __start___llvm_prf_bits             
20200000  __start___llvm_prf_cnts             
20200000  __stop___llvm_prf_bits              
20200000  __stop___llvm_prf_cnts              
0001ab69  _c_int00_noargs                     
20200178  _device                             
20200000  _ftable                             
2020044c  _lock                               
0001973f  _nop                                
202001f0  _stream                             
20200470  _sys_memory                         
UNDEFED   _system_post_cinit                  
000195ad  _system_pre_init                    
20200450  _unlock                             
0001b06d  abort                               
0001887d  add_device                          
0001857d  aligned_alloc                       
ffffffff  binit                               
20200851  buttons                             
0001a14d  close                               
20200461  deadTimer                           
0001a6e9  exit                                
0001a71d  finddevice                          
0001a965  fopen                               
00018a51  free                                
0001a751  freopen                             
00019b5d  getdevice                           
20200462  input                               
00000000  interruptVectors                    
20200308  m_anvil                             
20200316  m_cart1                             
20200324  m_cart2                             
20200332  m_counter1                          
20200340  m_counter2                          
2020034e  m_counter3                          
2020035c  m_counter4                          
2020036a  m_counter5                          
20200378  m_counter6                          
20200386  m_portal                            
20200394  m_refiner                           
202003a2  m_rock1                             
202003b0  m_rock1Mid                          
202003be  m_rock1Top                          
202003cc  m_rock2                             
202003da  m_rock2Mid                          
202003e8  m_rock2Top                          
202003f6  m_smelter                           
20200404  m_todo                              
20200412  m_todoDown                          
202002d0  machineArr2                         
00014821  main                                
0001b025  malloc                              
0001857d  memalign                            
20200852  menuOpen                            
20200463  numCounters                         
00019071  open                                
20200434  p1                                  
20200830  parmbuf                             
20200465  progH                               
20200466  progW                               
0001b061  remove                              
00018b39  setvbuf                             
202000f0  sprites                             
000195b1  strcmp                              
20200853  toDoOpen                            
0001aa9d  unlink                              
0001ab41  write                               


GLOBAL SYMBOLS: SORTED BY Symbol Address 

address   name                                
-------   ----                                
00000000  __TI_ATRegion0_region_sz            
00000000  __TI_ATRegion0_src_addr             
00000000  __TI_ATRegion0_trg_addr             
00000000  __TI_ATRegion1_region_sz            
00000000  __TI_ATRegion1_src_addr             
00000000  __TI_ATRegion1_trg_addr             
00000000  __TI_ATRegion2_region_sz            
00000000  __TI_ATRegion2_src_addr             
00000000  __TI_ATRegion2_trg_addr             
00000000  __TI_static_base__                  
00000000  interruptVectors                    
00000200  __STACK_SIZE                        
00000200  __SYSMEM_SIZE                       
00014818  SHT$$INIT_ARRAY$$Base               
00014820  SHT$$INIT_ARRAY$$Limit              
00014821  main                                
0001559d  _ZN7Machine10updateCartEh           
00015af9  _ZN7Machine11updateAnvilEh          
00015fbd  _ZN7Machine10updateRockEh           
000163cd  _ZN7Machine14updateCountersEhPS_    
00016759  _ZN7Machine13updateSmelterEh        
00016a99  _ZN7Machine10printAnvilEv           
00016d51  _ZN7Machine13printCountersEPS_      
00017001  _Z17ST7735_DrawBitmapssPKtss        
00017211  _ZN7Machine9printCartEv             
000173e9  _ZN7Machine12printSmelterEv         
000175a1  _Z15Clock_Init80MHzi                
00017755  _Z15ST7735_DrawCharsscssh           
000178f9  _Z16ST7735_DrawCharSsscssh          
00017a99  _ZN7Machine13computeRecipeEPaa      
00017c31  _ZN6Player8inBoundsEssPP7Machineh   
00017db1  _ZN7Machine9printRockEv             
00017f2d  _ZN7Machine15updateAnvilMenuEPaa    
0001808d  _ZN7Machine13cartSendErrorEhh       
0001833d  _Z8ADC_InitP10ADC12_Regsjj          
00018465  _Z15ST7735_FillRectsssst            
0001857d  aligned_alloc                       
0001857d  memalign                            
00018691  _Z8SPI_Initv                        
00018789  _Z18ST7735_SetRotationh             
0001887d  add_device                          
00018969  _Z9UART_Initv                       
00018a51  free                                
00018b39  setvbuf                             
00018c19  _Z10UART2_Initv                     
00018cf5  _Z14ST7735_OutCharc                 
00018dc5  _Z20ST7735_DrawFastHLinessst        
00018e75  _Z20ST7735_DrawFastVLinessst        
00018f25  _Z14TimerG7_IntArmtjj               
0001906f  SysTick_Handler                     
00019071  open                                
00019111  _Z17ST7735_InitPrintfv              
000191ad  _ZN6Player14checkProximityE7Machine 
00019249  _Z12ST7735_InitR10initRFlags        
000192e1  _ZN6Player16resetCoordinatesEPsS0_  
00019379  _Z15TimerG12_IntArmjj               
0001940d  _ZN8SlidePot4InitEv                 
00019499  _ZN7MachineC1Ehhhhhhhhhh            
00019499  _ZN7MachineC2Ehhhhhhhhhh            
00019523  __aeabi_idiv0                       
000195ad  _system_pre_init                    
000195b1  strcmp                              
00019639  _Z17ST7735_DrawStringttPcs          
000196bd  _ZN7MachineC1Ehhhhhhhhh             
000196bd  _ZN7MachineC2Ehhhhhhhhh             
0001973f  _nop                                
00019741  _Z14LaunchPad_Initv                 
000197bd  __TI_closefile                      
00019839  __TI_decompress_lzss                
000198b5  _ZN6Player15getMachineInputE7Machine
0001992d  UART2_IRQHandler                    
000199a1  _Z13IRxmt_SendBiti                  
00019a15  _Z16ST7735_DrawPixelsst             
00019a85  HOSTlseek                           
00019af1  HOSTrename                          
00019b5d  getdevice                           
00019c91  _ZN7MachineC1Ehhhhhh                
00019c91  _ZN7MachineC2Ehhhhhh                
00019cf5  HOSTopen                            
00019d55  HOSTread                            
00019dad  HOSTwrite                           
00019e05  _Z10TExaS_InitP10ADC12_RegsjPFhvE   
00019e5d  __aeabi_idiv                        
00019e5d  __aeabi_idivmod                     
00019eb5  _ZN6Player14printPosessionEh        
00019f09  _ZN6Player8moveLeftEv               
00019f5d  _ZN6Player9moveRightEv              
00019fb1  _ZN8SlidePot2InEv                   
0001a005  __TI_auto_init_nobinit              
0001a059  _ZN6Player8moveDownEv               
0001a0ab  __TI_doflush                        
0001a14d  close                               
0001a19d  HOSTclose                           
0001a1e5  HOSTunlink                          
0001a22d  _Z13IRxmt_OutCharc                  
0001a275  _Z14SPI_OutCommandc                 
0001a2bd  _ZN5Queue3GetEPc                    
0001a305  _ZN5Queue3PutEc                     
0001a34d  TIMG7_IRQHandler                    
0001a38d  _Z9SPI_Resetv                       
0001a3cd  __aeabi_uidiv                       
0001a3cd  __aeabi_uidivmod                    
0001a48d  TIMG12_IRQHandler                   
0001a4c9  _Z10Sound_Initv                     
0001a505  _ZN6Player6moveUpEv                 
0001a541  _Z11SPI_OutDatac                    
0001a579  _Z15ActivatePortA_Bv                
0001a5b1  _Z12ST7735_writeiPKcj               
0001a5e5  _Z14Clock_Delay1msj                 
0001a619  _Z16ST7735_SetCursorjj              
0001a64d  __TI_cleanup                        
0001a681  __TI_readmsg                        
0001a6b5  __TI_writemsg                       
0001a6e1  C$$IO$$                             
0001a6e9  exit                                
0001a71d  finddevice                          
0001a751  freopen                             
0001a7b5  _ZN6Player14translateRightEv        
0001a965  fopen                               
0001a995  _Z12UART2_InCharv                   
0001a9c1  _Z17ST7735_FillScreent              
0001a9ed  _ZN6Player13translateDownEv         
0001aa19  _ZN6Player13translateLeftEv         
0001aa9d  unlink                              
0001aac9  _Z10IRxmt_Initv                     
0001aaf1  _Z9ADC_StartP10ADC12_Regs           
0001ab41  write                               
0001ab69  _c_int00_noargs                     
0001ab91  _ZN8SlidePot4SaveEj                 
0001acd5  _ZN5Queue6IsFullEv                  
0001acf7  _ZN8SlidePot4SyncEv                 
0001ad79  ADC0_IRQHandler                     
0001ad79  ADC1_IRQHandler                     
0001ad79  AES_IRQHandler                      
0001ad79  CANFD0_IRQHandler                   
0001ad79  DAC0_IRQHandler                     
0001ad79  DMA_IRQHandler                      
0001ad79  Default_Handler                     
0001ad79  GROUP0_IRQHandler                   
0001ad79  GROUP1_IRQHandler                   
0001ad79  I2C0_IRQHandler                     
0001ad79  I2C1_IRQHandler                     
0001ad79  NMI_Handler                         
0001ad79  PendSV_Handler                      
0001ad79  RTC_IRQHandler                      
0001ad79  SPI0_IRQHandler                     
0001ad79  SPI1_IRQHandler                     
0001ad79  SVC_Handler                         
0001ad79  TIMA0_IRQHandler                    
0001ad79  TIMA1_IRQHandler                    
0001ad79  TIMG0_IRQHandler                    
0001ad79  TIMG6_IRQHandler                    
0001ad79  TIMG8_IRQHandler                    
0001ad79  UART0_IRQHandler                    
0001ad79  UART1_IRQHandler                    
0001ad79  UART3_IRQHandler                    
0001ad95  HardFault_Handler                   
0001adb1  _Z9Switch_Inv                       
0001adcd  _ZN6PlayerC1Ev                      
0001adcd  _ZN6PlayerC2Ev                      
0001ae05  _Z11Switch_Initv                    
0001ae1d  _Z11ST7735_openPKcji                
0001ae33  _Z11ST7735_readiPcj                 
0001ae49  __TI_zero_init_nomemset             
0001ae5f  _ZN5Queue7IsEmptyEv                 
0001ae73  _ZN6Player13setPossessionEh         
0001ae85  _ZN6Player7setXPosEs                
0001ae97  _ZN6Player7setYPosEs                
0001aea9  _ZN7Machine11setRockTypeEh          
0001aebb  TI_memcpy_small                     
0001aecd  __TI_decompress_none                
0001aedf  _Z11Clock_Delayj                    
0001aef1  _Z12UART2_Enablev                   
0001af01  _Z13UART2_Disablev                  
0001af11  _Z28TExaS_LaunchPadLogicPB27PB26v   
0001af21  _ZN5QueueC1Ev                       
0001af21  _ZN5QueueC2Ev                       
0001af6f  _Z12ST7735_lseekili                 
0001af7d  _ZN6Player7getXPosEv                
0001af8b  _ZN6Player7getYPosEv                
0001af99  _ZN8SlidePotC1Ev                    
0001af99  _ZN8SlidePotC2Ev                    
0001afc3  TI_memset_small                     
0001afd1  _Z10Clock_Freqv                     
0001afdd  _Z13ST7735_renamePKcS0_             
0001afe9  _Z5Delayj                           
0001aff5  _ZN6Player7getSizeEv                
0001b001  _ZN8SlidePot9DistanceXEv            
0001b00d  _ZN8SlidePot9DistanceYEv            
0001b019  __aeabi_memclr                      
0001b019  __aeabi_memclr4                     
0001b019  __aeabi_memclr8                     
0001b025  malloc                              
0001b031  _Z12ST7735_closei                   
0001b03b  _Z13ST7735_unlinkPKc                
0001b045  _Z8PLL_Initv                        
0001b059  __aeabi_memcpy                      
0001b059  __aeabi_memcpy4                     
0001b059  __aeabi_memcpy8                     
0001b061  remove                              
0001b069  Reset_Handler                       
0001b06c  C$$EXIT                             
0001b06d  abort                               
0001b180  __TI_Handler_Table_Base             
0001b18c  __TI_Handler_Table_Limit            
0001b194  __TI_CINIT_Base                     
0001b1a4  __TI_CINIT_Limit                    
0001b1a4  __TI_CINIT_Warm                     
20200000  __start___llvm_prf_bits             
20200000  __start___llvm_prf_cnts             
20200000  __stop___llvm_prf_bits              
20200000  __stop___llvm_prf_cnts              
20200000  _ftable                             
202000f0  sprites                             
20200178  _device                             
202001f0  _stream                             
20200240  Counters                            
20200278  FIFO2                               
202002a4  Counters2                           
202002ce  StTextColor                         
202002d0  machineArr2                         
20200308  m_anvil                             
20200316  m_cart1                             
20200324  m_cart2                             
20200332  m_counter1                          
20200340  m_counter2                          
2020034e  m_counter3                          
2020035c  m_counter4                          
2020036a  m_counter5                          
20200378  m_counter6                          
20200386  m_portal                            
20200394  m_refiner                           
202003a2  m_rock1                             
202003b0  m_rock1Mid                          
202003be  m_rock1Top                          
202003cc  m_rock2                             
202003da  m_rock2Mid                          
202003e8  m_rock2Top                          
202003f6  m_smelter                           
20200404  m_todo                              
20200412  m_todoDown                          
20200420  Sensor                              
2020042c  __TI_cleanup_ptr                    
20200430  __TI_dtors_ptr                      
20200434  p1                                  
2020043c  BusFreq                             
20200440  StX                                 
20200444  StY                                 
20200448  __TI_ft_end                         
2020044c  _lock                               
20200450  _unlock                             
20200461  deadTimer                           
20200462  input                               
20200463  numCounters                         
20200465  progH                               
20200466  progW                               
20200470  _sys_memory                         
20200670  _CIOBUF_                            
20200670  __CIOBUF_                           
20200790  __TI_tmpnams                        
20200830  parmbuf                             
20200840  LostData                            
20200844  TExaSLogic                          
20200848  TExaSadc                            
20200851  buttons                             
20200852  menuOpen                            
20200853  toDoOpen                            
20207e00  __stack                             
20208000  __STACK_END                         
ffffffff  __TI_pprof_out_hndl                 
ffffffff  __TI_prof_data_size                 
ffffffff  __TI_prof_data_start                
ffffffff  __binit__                           
ffffffff  binit                               
UNDEFED   __mpu_init                          
UNDEFED   _system_post_cinit                  

[276 symbols]
