******************************************************************************
            TI ARM Clang Linker PC v4.0.1                      
******************************************************************************
>> Linked Mon Apr 14 22:18:17 2025

OUTPUT FILE NAME:   <MadMines.out>
ENTRY POINT SYMBOL: "_c_int00_noargs"  address: 0000ad95


MEMORY CONFIGURATION

         name            origin    length      used     unused   attr    fill
----------------------  --------  ---------  --------  --------  ----  --------
  FLASH                 00000000   00020000  0000b1e0  00014e20  R  X
  SRAM                  20200000   00008000  0000087c  00007784  RW X
  BCR_CONFIG            41c00000   00000080  00000000  00000080  R   
  BSL_CONFIG            41c00100   00000080  00000000  00000080  R   


SEGMENT ALLOCATION MAP

run origin  load origin   length   init length attrs members
----------  ----------- ---------- ----------- ----- -------
00000000    00000000    0000b1e0   0000b1e0    r-x
  00000000    00000000    000000c0   000000c0    r-- .intvecs
  000000c0    000000c0    00007dc0   00007dc0    r-- .rodata
  00007e80    00007e80    00003260   00003260    r-x .text
  0000b0e0    0000b0e0    00000008   00000008    r-- .init_array
  0000b0e8    0000b0e8    000000f8   000000f8    r-- .cinit
20200000    20200000    0000067f   00000000    rw-
  20200000    20200000    0000029d   00000000    rw- .data
  202002a0    202002a0    00000200   00000000    rw- .sysmem
  202004a0    202004a0    000001df   00000000    rw- .bss
20207e00    20207e00    00000200   00000000    rw-
  20207e00    20207e00    00000200   00000000    rw- .stack


SECTION ALLOCATION MAP

 output                                  attributes/
section   page    origin      length       input sections
--------  ----  ----------  ----------   ----------------
.intvecs   0    00000000    000000c0     
                  00000000    000000c0     startup_mspm0g3507_ticlang.o (.intvecs)

.binit     0    00000000    00000000     

.text      0    00007e80    00003260     
                  00007e80    00000354     Lab9HMain.o (.text.main)
                  000081d4    00000210     ST7735.o (.text._Z17ST7735_DrawBitmapssPKtss)
                  000083e4    000001b4     Clock.o (.text._Z15Clock_Init80MHzi)
                  00008598    000001a0     ST7735.o (.text._Z16ST7735_DrawCharSsscssh)
                  00008738    00000160     Machine.o (.text._ZN7Machine10updateRockEh)
                  00008898    00000154     libc.a : fopen.c.obj (.text._openfile)
                  000089ec    0000012c     Player.o (.text._ZN6Player8moveDownEv)
                  00008b18    00000128     TExaS.o (.text._Z8ADC_InitP10ADC12_Regsjj)
                  00008c40    00000118     ST7735.o (.text._Z15ST7735_FillRectsssst)
                  00008d58    00000114     libc.a : memory.c.obj (.text.aligned_alloc)
                  00008e6c    00000108     Player.o (.text._ZN6Player6moveUpEv)
                  00008f74    00000108     Machine.o (.text._ZN7Machine11updateAnvilEh)
                  0000907c    000000f8     SPI.o (.text._Z8SPI_Initv)
                  00009174    000000f4     ST7735.o (.text._Z18ST7735_SetRotationh)
                  00009268    000000ec     libsysbm.a : add_device.c.obj (.text.add_device)
                  00009354    000000e8     TExaS.o (.text._Z9UART_Initv)
                  0000943c    000000e8     libc.a : memory.c.obj (.text.free)
                  00009524    000000e0            : setvbuf.c.obj (.text.setvbuf)
                  00009604    000000d0     ST7735.o (.text._Z14ST7735_OutCharc)
                  000096d4    000000b0     ST7735.o (.text._Z20ST7735_DrawFastHLinessst)
                  00009784    000000b0     ST7735.o (.text._Z20ST7735_DrawFastVLinessst)
                  00009834    000000a8     Timer.o (.text._Z14TimerG7_IntArmtjj)
                  000098dc    000000a6     Player.o (.text._ZN6Player14checkProximityE7Machine)
                  00009982    000000a6     Player.o (.text._ZN6Player15getMachineInputE7Machine)
                  00009a28    000000a2     ST7735.o (.text._ZL11commandListPKh)
                  00009aca    00000002     Sound.o (.text.SysTick_Handler)
                  00009acc    000000a0     libsysbm.a : open.c.obj (.text.open)
                  00009b6c    0000009c     ST7735.o (.text._Z17ST7735_InitPrintfv)
                  00009c08    00000098     ST7735.o (.text._Z12ST7735_InitR10initRFlags)
                  00009ca0    00000094     Timer.o (.text._Z15TimerG12_IntArmjj)
                  00009d34    0000008c     SlidePot.o (.text._ZN8SlidePot4InitEv)
                  00009dc0    00000088     ST7735.o (.text._ZL13setAddrWindowhhhh)
                  00009e48    00000008     libclang_rt.builtins.a : aeabi_memcpy.S.obj (.text.__aeabi_memcpy)
                  00009e50    00000088     libc.a : strcmp-armv6m.S.obj (.text:strcmp)
                  00009ed8    00000084     ST7735.o (.text._Z17ST7735_DrawStringttPcs)
                  00009f5c    00000080     Player.o (.text._ZN6Player16resetCoordinatesEv)
                  00009fdc    0000007c     LaunchPad.o (.text._Z14LaunchPad_Initv)
                  0000a058    0000007c     libc.a : fclose.c.obj (.text.__TI_closefile)
                  0000a0d4    0000007c            : copy_decompress_lzss.c.obj (.text:decompress:lzss)
                  0000a150    00000070     ST7735.o (.text._Z16ST7735_DrawPixelsst)
                  0000a1c0    00000070     Machine.o (.text._ZN7Machine10printAnvilEh)
                  0000a230    00000070     Machine.o (.text._ZN7Machine9printRockEh)
                  0000a2a0    0000006c     libsysbm.a : hostlseek.c.obj (.text.HOSTlseek)
                  0000a30c    0000006c                : hostrename.c.obj (.text.HOSTrename)
                  0000a378    0000006c     libc.a : getdevice.c.obj (.text.getdevice)
                  0000a3e4    00000064            : memory.c.obj (.text.split)
                  0000a448    00000060     libsysbm.a : hostopen.c.obj (.text.HOSTopen)
                  0000a4a8    00000058                : hostread.c.obj (.text.HOSTread)
                  0000a500    00000058                : hostwrite.c.obj (.text.HOSTwrite)
                  0000a558    00000058     TExaS.o (.text._Z10TExaS_InitP10ADC12_RegsjPFhvE)
                  0000a5b0    00000054     SlidePot.o (.text._ZN8SlidePot2InEv)
                  0000a604    00000054     libc.a : autoinit.c.obj (.text:__TI_auto_init_nobinit)
                  0000a658    00000052            : fflush.c.obj (.text.__TI_doflush)
                  0000a6aa    00000002     libclang_rt.builtins.a : aeabi_div0.c.obj (.text.__aeabi_idiv0)
                  0000a6ac    00000050     libsysbm.a : close.c.obj (.text.close)
                  0000a6fc    0000004c     Player.o (.text._ZN6Player8moveLeftEv)
                  0000a748    0000004c     Player.o (.text._ZN6Player9moveRightEv)
                  0000a794    00000048     libsysbm.a : hostclose.c.obj (.text.HOSTclose)
                  0000a7dc    00000048                : hostunlink.c.obj (.text.HOSTunlink)
                  0000a824    00000048     SPI.o (.text._Z14SPI_OutCommandc)
                  0000a86c    00000040     TExaS.o (.text.TIMG7_IRQHandler)
                  0000a8ac    00000040     SPI.o (.text._Z9SPI_Resetv)
                  0000a8ec    00000040     libclang_rt.builtins.a : aeabi_uidivmod.S.obj (.text.__aeabi_uidivmod)
                  0000a92c    00000040     libc.a : fopen.c.obj (.text._search_fp)
                  0000a96c    0000003c     Lab9HMain.o (.text.TIMG12_IRQHandler)
                  0000a9a8    0000003c     Sound.o (.text._Z10Sound_Initv)
                  0000a9e4    0000003a     Machine.o (.text._ZN7MachineC2Ehhhh)
                  0000aa1e    00000002     libc.a : _lock.c.obj (.text._nop)
                  0000aa20    00000038     SPI.o (.text._Z11SPI_OutDatac)
                  0000aa58    00000038     LaunchPad.o (.text._Z15ActivatePortA_Bv)
                  0000aa90    00000034     ST7735.o (.text._Z12ST7735_writeiPKcj)
                  0000aac4    00000034     Clock.o (.text._Z14Clock_Delay1msj)
                  0000aaf8    00000034     ST7735.o (.text._Z16ST7735_SetCursorjj)
                  0000ab2c    00000034     libc.a : fopen.c.obj (.text.__TI_cleanup)
                  0000ab60    00000034     libsysbm.a : trgmsg.c.obj (.text.__TI_readmsg)
                  0000ab94    00000034                : trgmsg.c.obj (.text.__TI_writemsg)
                  0000abc8    00000034     libc.a : exit.c.obj (.text.exit)
                  0000abfc    00000034            : getdevice.c.obj (.text.finddevice)
                  0000ac30    00000034            : fopen.c.obj (.text.freopen)
                  0000ac64    00000030     ST7735.o (.text._ZL10commonInitPKh)
                  0000ac94    00000030     libc.a : fopen.c.obj (.text.fopen)
                  0000acc4    0000002c     ST7735.o (.text._Z17ST7735_FillScreent)
                  0000acf0    0000002c     libsysbm.a : unlink.c.obj (.text.unlink)
                  0000ad1c    00000028     TExaS.o (.text._Z9ADC_StartP10ADC12_Regs)
                  0000ad44    00000028     libc.a : memory.c.obj (.text.free_list_insert)
                  0000ad6c    00000028     libsysbm.a : write.c.obj (.text.write)
                  0000ad94    00000028     libc.a : boot_cortex_m.c.obj (.text:_c_int00_noargs)
                  0000adbc    00000024     SlidePot.o (.text._ZN8SlidePot4SaveEj)
                  0000ade0    00000020     SlidePot.o (.text._ZN8SlidePot4SyncEv)
                  0000ae00    0000001e     ST7735.o (.text._ZL9pushColort)
                  0000ae1e    00000002     --HOLE-- [fill = 0]
                  0000ae20    0000001c     startup_mspm0g3507_ticlang.o (.text.Default_Handler)
                  0000ae3c    0000001c     startup_mspm0g3507_ticlang.o (.text.HardFault_Handler)
                  0000ae58    0000001c     Switch.o (.text._Z9Switch_Inv)
                  0000ae74    0000001c     Player.o (.text._ZN6PlayerC2Ev)
                  0000ae90    0000001c     Lab9HMain.o (.text.__cxx_global_var_init.2)
                  0000aeac    0000001c     Lab9HMain.o (.text.__cxx_global_var_init.3)
                  0000aec8    0000001c     Lab9HMain.o (.text.__cxx_global_var_init.4)
                  0000aee4    0000001c     libc.a : memory.c.obj (.text.free_list_remove)
                  0000af00    00000018     Lab9HMain.o (.text._GLOBAL__sub_I_Lab9HMain.cpp)
                  0000af18    00000018     Switch.o (.text._Z11Switch_Initv)
                  0000af30    00000016     ST7735.o (.text._Z11ST7735_openPKcji)
                  0000af46    00000016     ST7735.o (.text._Z11ST7735_readiPcj)
                  0000af5c    00000016     libc.a : copy_zero_init.c.obj (.text:decompress:ZI:__TI_zero_init_nomemset)
                  0000af72    00000012     Player.o (.text._ZN6Player13setPossessionEh)
                  0000af84    00000012     libc.a : memcpy16.S.obj (.text:TI_memcpy_small)
                  0000af96    00000012            : copy_decompress_none.c.obj (.text:decompress:none)
                  0000afa8    00000010     Clock.o (.text._Z11Clock_Delayj)
                  0000afb8    00000010     Lab9HMain.o (.text._Z28TExaS_LaunchPadLogicPB27PB26v)
                  0000afc8    00000010     Lab9HMain.o (.text.__cxx_global_var_init.1)
                  0000afd8    00000010     Lab9HMain.o (.text.__cxx_global_var_init)
                  0000afe8    0000000e     libc.a : memory.c.obj (.text.OUTLINED_FUNCTION_0)
                  0000aff6    0000000e     ST7735.o (.text._Z12ST7735_lseekili)
                  0000b004    0000000e     Player.o (.text._ZN6Player7getXPosEv)
                  0000b012    0000000e     Player.o (.text._ZN6Player7getYPosEv)
                  0000b020    0000000e     SlidePot.o (.text._ZN8SlidePotC2Ev)
                  0000b02e    0000000e     libsysbm.a : hostrename.c.obj (.text.strcpy)
                  0000b03c    0000000e                : hostrename.c.obj (.text.strlen)
                  0000b04a    0000000e     libc.a : memset16.S.obj (.text:TI_memset_small)
                  0000b058    0000000c     Clock.o (.text._Z10Clock_Freqv)
                  0000b064    0000000c     ST7735.o (.text._Z13ST7735_renamePKcS0_)
                  0000b070    0000000c     Player.o (.text._ZN6Player7getSizeEv)
                  0000b07c    0000000c     SlidePot.o (.text._ZN8SlidePot9DistanceXEv)
                  0000b088    0000000c     SlidePot.o (.text._ZN8SlidePot9DistanceYEv)
                  0000b094    0000000c     libclang_rt.builtins.a : aeabi_memset.S.obj (.text.__aeabi_memclr)
                  0000b0a0    0000000c     libc.a : memory.c.obj (.text.malloc)
                  0000b0ac    0000000a     ST7735.o (.text._Z12ST7735_closei)
                  0000b0b6    0000000a     ST7735.o (.text._Z13ST7735_unlinkPKc)
                  0000b0c0    0000000a     Lab9HMain.o (.text._Z8PLL_Initv)
                  0000b0ca    00000008     libsysbm.a : remove.c.obj (.text.remove)
                  0000b0d2    00000004     startup_mspm0g3507_ticlang.o (.text.Reset_Handler)
                  0000b0d6    00000004     libc.a : pre_init.c.obj (.text._system_pre_init)
                  0000b0da    00000004            : exit.c.obj (.text:abort)
                  0000b0de    00000002     --HOLE-- [fill = 0]

.cinit     0    0000b0e8    000000f8     
                  0000b0e8    000000d4     (.cinit..data.load) [load image, compression = lzss]
                  0000b1bc    0000000c     (__TI_handler_table)
                  0000b1c8    00000008     (.cinit..bss.load) [load image, compression = zero_init]
                  0000b1d0    00000010     (__TI_cinit_table)

.rodata    0    000000c0    00007dc0     
                  000000c0    00000f78     Machine.o (.rodata._ZL12anvilWorking)
                  00001038    00000f78     Machine.o (.rodata._ZL14anvilHighlight)
                  00001fb0    00000f78     Machine.o (.rodata._ZL5anvil)
                  00002f28    00000bb0     Machine.o (.rodata._ZL11workingRock)
                  00003ad8    00000bb0     Machine.o (.rodata._ZL13highlightRock)
                  00004688    00000bb0     Machine.o (.rodata._ZL4rock)
                  00005238    00000992     Lab9HMain.o (.rodata._ZL5miner)
                  00005bca    000004fb     ST7735.o (.rodata._ZL4Font)
                  000060c5    00000001     --HOLE-- [fill = 0]
                  000060c6    00000348     Lab9HMain.o (.rodata._ZL5watch)
                  0000640e    00000320     Lab9HMain.o (.rodata._ZL5trash)
                  0000672e    000002d2     Lab9HMain.o (.rodata._ZL5sword)
                  00006a00    000002ac     Lab9HMain.o (.rodata._ZL3key)
                  00006cac    000002a0     Lab9HMain.o (.rodata._ZL6shield)
                  00006f4c    00000220     Lab9HMain.o (.rodata._ZL4ring)
                  0000716c    0000018c     Lab9HMain.o (.rodata._ZL10rawDiamond)
                  000072f8    0000018c     Lab9HMain.o (.rodata._ZL10rawEmerald)
                  00007484    0000018c     Lab9HMain.o (.rodata._ZL7rawGold)
                  00007610    0000018c     Lab9HMain.o (.rodata._ZL7rawRuby)
                  0000779c    0000018c     Lab9HMain.o (.rodata._ZL9rawSilver)
                  00007928    0000010e     Lab9HMain.o (.rodata._ZL4gold)
                  00007a36    0000010e     Lab9HMain.o (.rodata._ZL6silver)
                  00007b44    000000d8     Lab9HMain.o (.rodata._ZL4Ruby)
                  00007c1c    000000d8     Lab9HMain.o (.rodata._ZL7Diamond)
                  00007cf4    000000d8     Lab9HMain.o (.rodata._ZL7Emerald)
                  00007dcc    0000003b     ST7735.o (.rodata._ZL5Rcmd1)
                  00007e07    0000002b     ST7735.o (.rodata._ZL5Rcmd3)
                  00007e32    00000016     ST7735.o (.rodata.str1.43788427057889536241)
                  00007e48    0000000d     ST7735.o (.rodata._ZL10Rcmd2green)
                  00007e55    0000000d     ST7735.o (.rodata._ZL8Rcmd2red)
                  00007e62    00000008     ST7735.o (.rodata.str1.54535931475021008601)
                  00007e6a    00000007     ST7735.o (.rodata.str1.103567388005067375301)
                  00007e71    00000007     ST7735.o (.rodata.str1.132933244321656697041)
                  00007e78    00000002     ST7735.o (.rodata.str1.18657686242476325171)
                  00007e7a    00000006     --HOLE-- [fill = 0]

.init_array 
*          0    0000b0e0    00000008     
                  0000b0e0    00000004     Lab9HMain.o (.init_array)
                  0000b0e4    00000004     --HOLE-- [fill = 0]

.data      0    20200000    0000029d     UNINITIALIZED
                  20200000    000000f0     libc.a : defs.c.obj (.data._ftable)
                  202000f0    00000088     Lab9HMain.o (.data.sprites)
                  20200178    00000078     libsysbm.a : host_device.c.obj (.data._device)
                  202001f0    00000050                : host_device.c.obj (.data._stream)
                  20200240    0000000c     Lab9HMain.o (.data.Sensor)
                  2020024c    00000008     libc.a : exit.c.obj (.data..L_MergedGlobals)
                  20200254    00000008     Lab9HMain.o (.data.m_anvil)
                  2020025c    00000008     Lab9HMain.o (.data.m_refiner)
                  20200264    00000008     Lab9HMain.o (.data.m_rock)
                  2020026c    00000008     Lab9HMain.o (.data.p1)
                  20200274    00000004     Clock.o (.data.BusFreq)
                  20200278    00000004     ST7735.o (.data.StX)
                  2020027c    00000004     ST7735.o (.data.StY)
                  20200280    00000004     libc.a : defs.c.obj (.data.__TI_ft_end)
                  20200284    00000004            : _lock.c.obj (.data._lock)
                  20200288    00000004            : _lock.c.obj (.data._unlock)
                  2020028c    00000002     ST7735.o (.data.StTextColor)
                  2020028e    00000002     ST7735.o (.data._ZL6_width)
                  20200290    00000002     ST7735.o (.data._ZL7_height)
                  20200292    00000001     Machine.o (.data._ZZN7Machine10updateRockEhE10wasWorking)
                  20200293    00000001     Lab9HMain.o (.data.input)
                  20200294    00000001     libsysbm.a : add_device.c.obj (.data.add_device.device_init)
                  20200295    00000003     --HOLE--
                  20200298    00000001     libc.a : memory.c.obj (.data.memory_is_initialized)
                  20200299    00000003     --HOLE--
                  2020029c    00000001     libsysbm.a : open.c.obj (.data.open.stream_init)

.sysmem    0    202002a0    00000200     UNINITIALIZED
                  202002a0    00000010     libc.a : memory.c.obj (.sysmem)
                  202002b0    000001f0     --HOLE--

.bss       0    202004a0    000001df     UNINITIALIZED
                  202004a0    00000120     libsysbm.a : trgmsg.c.obj (.bss:_CIOBUF_)
                  202005c0    000000a0     libc.a : defs.c.obj (.bss.__TI_tmpnams)
                  20200660    00000008     libsysbm.a : hostopen.c.obj (.bss.parmbuf)
                  20200668    00000005     Machine.o (.bss._ZZN7Machine11updateAnvilEhE10AnvilItems)
                  2020066d    00000001     ST7735.o (.bss._ZL8ColStart)
                  2020066e    00000001     ST7735.o (.bss._ZL8Rotation)
                  2020066f    00000001     ST7735.o (.bss._ZL8RowStart)
                  20200670    00000004     TExaS.o (.bss.TExaSLogic)
                  20200674    00000004     TExaS.o (.bss.TExaSadc)
                  20200678    00000004     libc.a : memory.c.obj (.bss.sys_free)
                  2020067c    00000001     ST7735.o (.bss._ZL8TabColor)
                  2020067d    00000001     Machine.o (.bss._ZZN7Machine11updateAnvilEhE11anvilLength)
                  2020067e    00000001     Lab9HMain.o (.bss.buttons)

.stack     0    20207e00    00000200     UNINITIALIZED
                  20207e00    00000004     libc.a : boot_cortex_m.c.obj (.stack)
                  20207e04    000001fc     --HOLE--

__llvm_prf_cnts 
*          0    20200000    00000000     UNINITIALIZED

__llvm_prf_bits 
*          0    20200000    00000000     UNINITIALIZED

MODULE SUMMARY

       Module                         code    ro data   rw data
       ------                         ----    -------   -------
    .\
       Machine.o                      898     20856     7      
       Lab9HMain.o                    1078    9884      182    
       ST7735.o                       3194    1449      18     
       Player.o                       1262    0         0      
       TExaS.o                        720     0         8      
       Clock.o                        516     0         4      
       SPI.o                          440     0         0      
       SlidePot.o                     330     0         0      
       Timer.o                        316     0         0      
       LaunchPad.o                    180     0         0      
       Sound.o                        62      0         0      
       Switch.o                       52      0         0      
    +--+------------------------------+-------+---------+---------+
       Total:                         9048    32189     219    
                                                               
    .\ticlang\
       startup_mspm0g3507_ticlang.o   60      192       0      
    +--+------------------------------+-------+---------+---------+
       Total:                         60      192       0      
                                                               
    C:\ti\ccs\tools\compiler\ti-cgt-armllvm_4.0.1.LTS\lib\armv6m-ti-none-eabi/c/libc.a
       memory.c.obj                   702     0         5      
       fopen.c.obj                    556     0         0      
       defs.c.obj                     0       0         404    
       setvbuf.c.obj                  224     0         0      
       getdevice.c.obj                160     0         0      
       strcmp-armv6m.S.obj            136     0         0      
       copy_decompress_lzss.c.obj     124     0         0      
       fclose.c.obj                   124     0         0      
       autoinit.c.obj                 84      0         0      
       fflush.c.obj                   82      0         0      
       exit.c.obj                     56      0         8      
       boot_cortex_m.c.obj            40      0         0      
       copy_zero_init.c.obj           22      0         0      
       copy_decompress_none.c.obj     18      0         0      
       memcpy16.S.obj                 18      0         0      
       memset16.S.obj                 14      0         0      
       _lock.c.obj                    2       0         8      
       pre_init.c.obj                 4       0         0      
    +--+------------------------------+-------+---------+---------+
       Total:                         2366    0         425    
                                                               
    C:\ti\ccs\tools\compiler\ti-cgt-armllvm_4.0.1.LTS\lib\armv6m-ti-none-eabi/c/libsysbm.a
       trgmsg.c.obj                   104     0         288    
       add_device.c.obj               236     0         1      
       host_device.c.obj              0       0         200    
       open.c.obj                     160     0         1      
       hostrename.c.obj               136     0         0      
       hostlseek.c.obj                108     0         0      
       hostopen.c.obj                 96      0         8      
       hostread.c.obj                 88      0         0      
       hostwrite.c.obj                88      0         0      
       close.c.obj                    80      0         0      
       hostclose.c.obj                72      0         0      
       hostunlink.c.obj               72      0         0      
       unlink.c.obj                   44      0         0      
       write.c.obj                    40      0         0      
       remove.c.obj                   8       0         0      
    +--+------------------------------+-------+---------+---------+
       Total:                         1332    0         498    
                                                               
    C:\ti\ccs\tools\compiler\ti-cgt-armllvm_4.0.1.LTS\lib\armv6m-ti-none-eabi/libclang_rt.builtins.a
       aeabi_uidivmod.S.obj           64      0         0      
       aeabi_memset.S.obj             12      0         0      
       aeabi_memcpy.S.obj             8       0         0      
       aeabi_div0.c.obj               2       0         0      
    +--+------------------------------+-------+---------+---------+
       Total:                         86      0         0      
                                                               
       Heap:                          0       0         512    
       Stack:                         0       0         512    
       Linker Generated:              0       248       0      
    +--+------------------------------+-------+---------+---------+
       Grand Total:                   12892   32629     2166   


LINKER GENERATED COPY TABLES

__TI_cinit_table @ 0000b1d0 records: 2, size/record: 8, table size: 16
	.data: load addr=0000b0e8, load size=000000d4 bytes, run addr=20200000, run size=0000029d bytes, compression=lzss
	.bss: load addr=0000b1c8, load size=00000008 bytes, run addr=202004a0, run size=000001df bytes, compression=zero_init


LINKER GENERATED HANDLER TABLE

__TI_handler_table @ 0000b1bc records: 3, size/record: 4, table size: 12
	index: 0, handler: __TI_decompress_lzss
	index: 1, handler: __TI_decompress_none
	index: 2, handler: __TI_zero_init


GLOBAL SYMBOLS: SORTED ALPHABETICALLY BY Name 

address   name                                
-------   ----                                
0000ae21  ADC0_IRQHandler                     
0000ae21  ADC1_IRQHandler                     
0000ae21  AES_IRQHandler                      
20200274  BusFreq                             
0000b0da  C$$EXIT                             
0000abc1  C$$IO$$                             
0000ae21  CANFD0_IRQHandler                   
0000ae21  DAC0_IRQHandler                     
0000ae21  DMA_IRQHandler                      
0000ae21  Default_Handler                     
0000ae21  GROUP0_IRQHandler                   
0000ae21  GROUP1_IRQHandler                   
0000a795  HOSTclose                           
0000a2a1  HOSTlseek                           
0000a449  HOSTopen                            
0000a4a9  HOSTread                            
0000a30d  HOSTrename                          
0000a7dd  HOSTunlink                          
0000a501  HOSTwrite                           
0000ae3d  HardFault_Handler                   
0000ae21  I2C0_IRQHandler                     
0000ae21  I2C1_IRQHandler                     
0000ae21  NMI_Handler                         
0000ae21  PendSV_Handler                      
0000ae21  RTC_IRQHandler                      
0000b0d3  Reset_Handler                       
0000b0e0  SHT$$INIT_ARRAY$$Base               
0000b0e4  SHT$$INIT_ARRAY$$Limit              
0000ae21  SPI0_IRQHandler                     
0000ae21  SPI1_IRQHandler                     
0000ae21  SVC_Handler                         
20200240  Sensor                              
2020028c  StTextColor                         
20200278  StX                                 
2020027c  StY                                 
00009acb  SysTick_Handler                     
20200670  TExaSLogic                          
20200674  TExaSadc                            
0000ae21  TIMA0_IRQHandler                    
0000ae21  TIMA1_IRQHandler                    
0000ae21  TIMG0_IRQHandler                    
0000a96d  TIMG12_IRQHandler                   
0000ae21  TIMG6_IRQHandler                    
0000a86d  TIMG7_IRQHandler                    
0000ae21  TIMG8_IRQHandler                    
0000af85  TI_memcpy_small                     
0000b04b  TI_memset_small                     
0000ae21  UART0_IRQHandler                    
0000ae21  UART1_IRQHandler                    
0000ae21  UART2_IRQHandler                    
0000ae21  UART3_IRQHandler                    
202004a0  _CIOBUF_                            
0000b059  _Z10Clock_Freqv                     
0000a9a9  _Z10Sound_Initv                     
0000a559  _Z10TExaS_InitP10ADC12_RegsjPFhvE   
0000afa9  _Z11Clock_Delayj                    
0000aa21  _Z11SPI_OutDatac                    
0000af31  _Z11ST7735_openPKcji                
0000af47  _Z11ST7735_readiPcj                 
0000af19  _Z11Switch_Initv                    
00009c09  _Z12ST7735_InitR10initRFlags        
0000b0ad  _Z12ST7735_closei                   
0000aff7  _Z12ST7735_lseekili                 
0000aa91  _Z12ST7735_writeiPKcj               
0000b065  _Z13ST7735_renamePKcS0_             
0000b0b7  _Z13ST7735_unlinkPKc                
0000aac5  _Z14Clock_Delay1msj                 
00009fdd  _Z14LaunchPad_Initv                 
0000a825  _Z14SPI_OutCommandc                 
00009605  _Z14ST7735_OutCharc                 
00009835  _Z14TimerG7_IntArmtjj               
0000aa59  _Z15ActivatePortA_Bv                
000083e5  _Z15Clock_Init80MHzi                
00008c41  _Z15ST7735_FillRectsssst            
00009ca1  _Z15TimerG12_IntArmjj               
00008599  _Z16ST7735_DrawCharSsscssh          
0000a151  _Z16ST7735_DrawPixelsst             
0000aaf9  _Z16ST7735_SetCursorjj              
000081d5  _Z17ST7735_DrawBitmapssPKtss        
00009ed9  _Z17ST7735_DrawStringttPcs          
0000acc5  _Z17ST7735_FillScreent              
00009b6d  _Z17ST7735_InitPrintfv              
00009175  _Z18ST7735_SetRotationh             
000096d5  _Z20ST7735_DrawFastHLinessst        
00009785  _Z20ST7735_DrawFastVLinessst        
0000afb9  _Z28TExaS_LaunchPadLogicPB27PB26v   
00008b19  _Z8ADC_InitP10ADC12_Regsjj          
0000b0c1  _Z8PLL_Initv                        
0000907d  _Z8SPI_Initv                        
0000ad1d  _Z9ADC_StartP10ADC12_Regs           
0000a8ad  _Z9SPI_Resetv                       
0000ae59  _Z9Switch_Inv                       
00009355  _Z9UART_Initv                       
0000af73  _ZN6Player13setPossessionEh         
000098dd  _ZN6Player14checkProximityE7Machine 
00009983  _ZN6Player15getMachineInputE7Machine
00009f5d  _ZN6Player16resetCoordinatesEv      
00008e6d  _ZN6Player6moveUpEv                 
0000b071  _ZN6Player7getSizeEv                
0000b005  _ZN6Player7getXPosEv                
0000b013  _ZN6Player7getYPosEv                
000089ed  _ZN6Player8moveDownEv               
0000a6fd  _ZN6Player8moveLeftEv               
0000a749  _ZN6Player9moveRightEv              
0000ae75  _ZN6PlayerC1Ev                      
0000ae75  _ZN6PlayerC2Ev                      
0000a1c1  _ZN7Machine10printAnvilEh           
00008739  _ZN7Machine10updateRockEh           
00008f75  _ZN7Machine11updateAnvilEh          
0000a231  _ZN7Machine9printRockEh             
0000a9e5  _ZN7MachineC1Ehhhh                  
0000a9e5  _ZN7MachineC2Ehhhh                  
0000a5b1  _ZN8SlidePot2InEv                   
00009d35  _ZN8SlidePot4InitEv                 
0000adbd  _ZN8SlidePot4SaveEj                 
0000ade1  _ZN8SlidePot4SyncEv                 
0000b07d  _ZN8SlidePot9DistanceXEv            
0000b089  _ZN8SlidePot9DistanceYEv            
0000b021  _ZN8SlidePotC1Ev                    
0000b021  _ZN8SlidePotC2Ev                    
202004a0  __CIOBUF_                           
20208000  __STACK_END                         
00000200  __STACK_SIZE                        
00000200  __SYSMEM_SIZE                       
00000000  __TI_ATRegion0_region_sz            
00000000  __TI_ATRegion0_src_addr             
00000000  __TI_ATRegion0_trg_addr             
00000000  __TI_ATRegion1_region_sz            
00000000  __TI_ATRegion1_src_addr             
00000000  __TI_ATRegion1_trg_addr             
00000000  __TI_ATRegion2_region_sz            
00000000  __TI_ATRegion2_src_addr             
00000000  __TI_ATRegion2_trg_addr             
0000b1d0  __TI_CINIT_Base                     
0000b1e0  __TI_CINIT_Limit                    
0000b1e0  __TI_CINIT_Warm                     
0000b1bc  __TI_Handler_Table_Base             
0000b1c8  __TI_Handler_Table_Limit            
0000a605  __TI_auto_init_nobinit              
0000ab2d  __TI_cleanup                        
2020024c  __TI_cleanup_ptr                    
0000a059  __TI_closefile                      
0000a0d5  __TI_decompress_lzss                
0000af97  __TI_decompress_none                
0000a659  __TI_doflush                        
20200250  __TI_dtors_ptr                      
20200280  __TI_ft_end                         
ffffffff  __TI_pprof_out_hndl                 
ffffffff  __TI_prof_data_size                 
ffffffff  __TI_prof_data_start                
0000ab61  __TI_readmsg                        
00000000  __TI_static_base__                  
202005c0  __TI_tmpnams                        
0000ab95  __TI_writemsg                       
0000af5d  __TI_zero_init_nomemset             
0000a6ab  __aeabi_idiv0                       
0000b095  __aeabi_memclr                      
0000b095  __aeabi_memclr4                     
0000b095  __aeabi_memclr8                     
00009e49  __aeabi_memcpy                      
00009e49  __aeabi_memcpy4                     
00009e49  __aeabi_memcpy8                     
0000a8ed  __aeabi_uidiv                       
0000a8ed  __aeabi_uidivmod                    
ffffffff  __binit__                           
UNDEFED   __mpu_init                          
20207e00  __stack                             
20200000  __start___llvm_prf_bits             
20200000  __start___llvm_prf_cnts             
20200000  __stop___llvm_prf_bits              
20200000  __stop___llvm_prf_cnts              
0000ad95  _c_int00_noargs                     
20200178  _device                             
20200000  _ftable                             
20200284  _lock                               
0000aa1f  _nop                                
202001f0  _stream                             
202002a0  _sys_memory                         
UNDEFED   _system_post_cinit                  
0000b0d7  _system_pre_init                    
20200288  _unlock                             
0000b0db  abort                               
00009269  add_device                          
00008d59  aligned_alloc                       
ffffffff  binit                               
2020067e  buttons                             
0000a6ad  close                               
0000abc9  exit                                
0000abfd  finddevice                          
0000ac95  fopen                               
0000943d  free                                
0000ac31  freopen                             
0000a379  getdevice                           
20200293  input                               
00000000  interruptVectors                    
20200254  m_anvil                             
2020025c  m_refiner                           
20200264  m_rock                              
00007e81  main                                
0000b0a1  malloc                              
00008d59  memalign                            
00009acd  open                                
2020026c  p1                                  
20200660  parmbuf                             
0000b0cb  remove                              
00009525  setvbuf                             
202000f0  sprites                             
00009e51  strcmp                              
0000acf1  unlink                              
0000ad6d  write                               


GLOBAL SYMBOLS: SORTED BY Symbol Address 

address   name                                
-------   ----                                
00000000  __TI_ATRegion0_region_sz            
00000000  __TI_ATRegion0_src_addr             
00000000  __TI_ATRegion0_trg_addr             
00000000  __TI_ATRegion1_region_sz            
00000000  __TI_ATRegion1_src_addr             
00000000  __TI_ATRegion1_trg_addr             
00000000  __TI_ATRegion2_region_sz            
00000000  __TI_ATRegion2_src_addr             
00000000  __TI_ATRegion2_trg_addr             
00000000  __TI_static_base__                  
00000000  interruptVectors                    
00000200  __STACK_SIZE                        
00000200  __SYSMEM_SIZE                       
00007e81  main                                
000081d5  _Z17ST7735_DrawBitmapssPKtss        
000083e5  _Z15Clock_Init80MHzi                
00008599  _Z16ST7735_DrawCharSsscssh          
00008739  _ZN7Machine10updateRockEh           
000089ed  _ZN6Player8moveDownEv               
00008b19  _Z8ADC_InitP10ADC12_Regsjj          
00008c41  _Z15ST7735_FillRectsssst            
00008d59  aligned_alloc                       
00008d59  memalign                            
00008e6d  _ZN6Player6moveUpEv                 
00008f75  _ZN7Machine11updateAnvilEh          
0000907d  _Z8SPI_Initv                        
00009175  _Z18ST7735_SetRotationh             
00009269  add_device                          
00009355  _Z9UART_Initv                       
0000943d  free                                
00009525  setvbuf                             
00009605  _Z14ST7735_OutCharc                 
000096d5  _Z20ST7735_DrawFastHLinessst        
00009785  _Z20ST7735_DrawFastVLinessst        
00009835  _Z14TimerG7_IntArmtjj               
000098dd  _ZN6Player14checkProximityE7Machine 
00009983  _ZN6Player15getMachineInputE7Machine
00009acb  SysTick_Handler                     
00009acd  open                                
00009b6d  _Z17ST7735_InitPrintfv              
00009c09  _Z12ST7735_InitR10initRFlags        
00009ca1  _Z15TimerG12_IntArmjj               
00009d35  _ZN8SlidePot4InitEv                 
00009e49  __aeabi_memcpy                      
00009e49  __aeabi_memcpy4                     
00009e49  __aeabi_memcpy8                     
00009e51  strcmp                              
00009ed9  _Z17ST7735_DrawStringttPcs          
00009f5d  _ZN6Player16resetCoordinatesEv      
00009fdd  _Z14LaunchPad_Initv                 
0000a059  __TI_closefile                      
0000a0d5  __TI_decompress_lzss                
0000a151  _Z16ST7735_DrawPixelsst             
0000a1c1  _ZN7Machine10printAnvilEh           
0000a231  _ZN7Machine9printRockEh             
0000a2a1  HOSTlseek                           
0000a30d  HOSTrename                          
0000a379  getdevice                           
0000a449  HOSTopen                            
0000a4a9  HOSTread                            
0000a501  HOSTwrite                           
0000a559  _Z10TExaS_InitP10ADC12_RegsjPFhvE   
0000a5b1  _ZN8SlidePot2InEv                   
0000a605  __TI_auto_init_nobinit              
0000a659  __TI_doflush                        
0000a6ab  __aeabi_idiv0                       
0000a6ad  close                               
0000a6fd  _ZN6Player8moveLeftEv               
0000a749  _ZN6Player9moveRightEv              
0000a795  HOSTclose                           
0000a7dd  HOSTunlink                          
0000a825  _Z14SPI_OutCommandc                 
0000a86d  TIMG7_IRQHandler                    
0000a8ad  _Z9SPI_Resetv                       
0000a8ed  __aeabi_uidiv                       
0000a8ed  __aeabi_uidivmod                    
0000a96d  TIMG12_IRQHandler                   
0000a9a9  _Z10Sound_Initv                     
0000a9e5  _ZN7MachineC1Ehhhh                  
0000a9e5  _ZN7MachineC2Ehhhh                  
0000aa1f  _nop                                
0000aa21  _Z11SPI_OutDatac                    
0000aa59  _Z15ActivatePortA_Bv                
0000aa91  _Z12ST7735_writeiPKcj               
0000aac5  _Z14Clock_Delay1msj                 
0000aaf9  _Z16ST7735_SetCursorjj              
0000ab2d  __TI_cleanup                        
0000ab61  __TI_readmsg                        
0000ab95  __TI_writemsg                       
0000abc1  C$$IO$$                             
0000abc9  exit                                
0000abfd  finddevice                          
0000ac31  freopen                             
0000ac95  fopen                               
0000acc5  _Z17ST7735_FillScreent              
0000acf1  unlink                              
0000ad1d  _Z9ADC_StartP10ADC12_Regs           
0000ad6d  write                               
0000ad95  _c_int00_noargs                     
0000adbd  _ZN8SlidePot4SaveEj                 
0000ade1  _ZN8SlidePot4SyncEv                 
0000ae21  ADC0_IRQHandler                     
0000ae21  ADC1_IRQHandler                     
0000ae21  AES_IRQHandler                      
0000ae21  CANFD0_IRQHandler                   
0000ae21  DAC0_IRQHandler                     
0000ae21  DMA_IRQHandler                      
0000ae21  Default_Handler                     
0000ae21  GROUP0_IRQHandler                   
0000ae21  GROUP1_IRQHandler                   
0000ae21  I2C0_IRQHandler                     
0000ae21  I2C1_IRQHandler                     
0000ae21  NMI_Handler                         
0000ae21  PendSV_Handler                      
0000ae21  RTC_IRQHandler                      
0000ae21  SPI0_IRQHandler                     
0000ae21  SPI1_IRQHandler                     
0000ae21  SVC_Handler                         
0000ae21  TIMA0_IRQHandler                    
0000ae21  TIMA1_IRQHandler                    
0000ae21  TIMG0_IRQHandler                    
0000ae21  TIMG6_IRQHandler                    
0000ae21  TIMG8_IRQHandler                    
0000ae21  UART0_IRQHandler                    
0000ae21  UART1_IRQHandler                    
0000ae21  UART2_IRQHandler                    
0000ae21  UART3_IRQHandler                    
0000ae3d  HardFault_Handler                   
0000ae59  _Z9Switch_Inv                       
0000ae75  _ZN6PlayerC1Ev                      
0000ae75  _ZN6PlayerC2Ev                      
0000af19  _Z11Switch_Initv                    
0000af31  _Z11ST7735_openPKcji                
0000af47  _Z11ST7735_readiPcj                 
0000af5d  __TI_zero_init_nomemset             
0000af73  _ZN6Player13setPossessionEh         
0000af85  TI_memcpy_small                     
0000af97  __TI_decompress_none                
0000afa9  _Z11Clock_Delayj                    
0000afb9  _Z28TExaS_LaunchPadLogicPB27PB26v   
0000aff7  _Z12ST7735_lseekili                 
0000b005  _ZN6Player7getXPosEv                
0000b013  _ZN6Player7getYPosEv                
0000b021  _ZN8SlidePotC1Ev                    
0000b021  _ZN8SlidePotC2Ev                    
0000b04b  TI_memset_small                     
0000b059  _Z10Clock_Freqv                     
0000b065  _Z13ST7735_renamePKcS0_             
0000b071  _ZN6Player7getSizeEv                
0000b07d  _ZN8SlidePot9DistanceXEv            
0000b089  _ZN8SlidePot9DistanceYEv            
0000b095  __aeabi_memclr                      
0000b095  __aeabi_memclr4                     
0000b095  __aeabi_memclr8                     
0000b0a1  malloc                              
0000b0ad  _Z12ST7735_closei                   
0000b0b7  _Z13ST7735_unlinkPKc                
0000b0c1  _Z8PLL_Initv                        
0000b0cb  remove                              
0000b0d3  Reset_Handler                       
0000b0d7  _system_pre_init                    
0000b0da  C$$EXIT                             
0000b0db  abort                               
0000b0e0  SHT$$INIT_ARRAY$$Base               
0000b0e4  SHT$$INIT_ARRAY$$Limit              
0000b1bc  __TI_Handler_Table_Base             
0000b1c8  __TI_Handler_Table_Limit            
0000b1d0  __TI_CINIT_Base                     
0000b1e0  __TI_CINIT_Limit                    
0000b1e0  __TI_CINIT_Warm                     
20200000  __start___llvm_prf_bits             
20200000  __start___llvm_prf_cnts             
20200000  __stop___llvm_prf_bits              
20200000  __stop___llvm_prf_cnts              
20200000  _ftable                             
202000f0  sprites                             
20200178  _device                             
202001f0  _stream                             
20200240  Sensor                              
2020024c  __TI_cleanup_ptr                    
20200250  __TI_dtors_ptr                      
20200254  m_anvil                             
2020025c  m_refiner                           
20200264  m_rock                              
2020026c  p1                                  
20200274  BusFreq                             
20200278  StX                                 
2020027c  StY                                 
20200280  __TI_ft_end                         
20200284  _lock                               
20200288  _unlock                             
2020028c  StTextColor                         
20200293  input                               
202002a0  _sys_memory                         
202004a0  _CIOBUF_                            
202004a0  __CIOBUF_                           
202005c0  __TI_tmpnams                        
20200660  parmbuf                             
20200670  TExaSLogic                          
20200674  TExaSadc                            
2020067e  buttons                             
20207e00  __stack                             
20208000  __STACK_END                         
ffffffff  __TI_pprof_out_hndl                 
ffffffff  __TI_prof_data_size                 
ffffffff  __TI_prof_data_start                
ffffffff  __binit__                           
ffffffff  binit                               
UNDEFED   __mpu_init                          
UNDEFED   _system_post_cinit                  

[210 symbols]
