<?xml version="1.0" encoding="ISO-8859-1" ?>
<link_info>
   <banner>TI ARM Clang Linker PC v4.0.1.LTS</banner>
   <copyright>Copyright (c) 1996-2018 Texas Instruments Incorporated</copyright>
   <command_line>C:\ti\ccs\tools\compiler\ti-cgt-armllvm_4.0.1.LTS\bin\tiarmlnk -IC:\ti\ccs\tools\compiler\ti-cgt-armllvm_4.0.1.LTS\lib -o MadMines.out -mMadMines.map --heap_size=512 --stack_size=512 -iC:/Users/rober/OneDrive/Documents/College/319H/MSPM0_ValvanoWare/MadMines/Debug/syscfg -iC:/ti/ccs/tools/compiler/ti-cgt-armllvm_4.0.1.LTS/lib --diag_wrap=off --display_error_number --warn_sections --xml_link_info=MadMines_linkInfo.xml --rom_model ./Clock.o ./DAC5.o ./FIFO2.o ./IRxmt.o ./LED.o ./Lab9HMain.o ./LaunchPad.o ./Machine.o ./Player.o ./SPI.o ./ST7735.o ./SlidePot.o ./SmallFont.o ./Sound.o ./Switch.o ./TExaS.o ./Timer.o ./UART2.o ./ticlang/startup_mspm0g3507_ticlang.o ../mspm0g3507.cmd -lC:/ti/mspm0_sdk_2_03_00_07/source/ti/driverlib/lib/ticlang/m0p/mspm0g1x0x_g3x0x/driverlib.a -llibc.a --start-group -llibc++.a -llibc++abi.a -llibc.a -llibsys.a -llibsysbm.a -llibclang_rt.builtins.a -llibclang_rt.profile.a --end-group --cg_opt_level=0</command_line>
   <link_time>0x68054bcb</link_time>
   <link_errors>0x0</link_errors>
   <output_file>C:\Users\rober\OneDrive\Documents\College\319H\MSPM0_ValvanoWare\MadMines\Debug\MadMines.out</output_file>
   <entry_point>
      <name>_c_int00_noargs</name>
      <address>0x1ab69</address>
   </entry_point>
   <input_file_list>
      <input_file id="fl-1">
         <path>C:\Users\rober\OneDrive\Documents\College\319H\MSPM0_ValvanoWare\MadMines\Debug\.\</path>
         <kind>object</kind>
         <file>Clock.o</file>
         <name>Clock.o</name>
      </input_file>
      <input_file id="fl-2">
         <path>C:\Users\rober\OneDrive\Documents\College\319H\MSPM0_ValvanoWare\MadMines\Debug\.\</path>
         <kind>object</kind>
         <file>DAC5.o</file>
         <name>DAC5.o</name>
      </input_file>
      <input_file id="fl-3">
         <path>C:\Users\rober\OneDrive\Documents\College\319H\MSPM0_ValvanoWare\MadMines\Debug\.\</path>
         <kind>object</kind>
         <file>FIFO2.o</file>
         <name>FIFO2.o</name>
      </input_file>
      <input_file id="fl-4">
         <path>C:\Users\rober\OneDrive\Documents\College\319H\MSPM0_ValvanoWare\MadMines\Debug\.\</path>
         <kind>object</kind>
         <file>IRxmt.o</file>
         <name>IRxmt.o</name>
      </input_file>
      <input_file id="fl-5">
         <path>C:\Users\rober\OneDrive\Documents\College\319H\MSPM0_ValvanoWare\MadMines\Debug\.\</path>
         <kind>object</kind>
         <file>LED.o</file>
         <name>LED.o</name>
      </input_file>
      <input_file id="fl-6">
         <path>C:\Users\rober\OneDrive\Documents\College\319H\MSPM0_ValvanoWare\MadMines\Debug\.\</path>
         <kind>object</kind>
         <file>Lab9HMain.o</file>
         <name>Lab9HMain.o</name>
      </input_file>
      <input_file id="fl-7">
         <path>C:\Users\rober\OneDrive\Documents\College\319H\MSPM0_ValvanoWare\MadMines\Debug\.\</path>
         <kind>object</kind>
         <file>LaunchPad.o</file>
         <name>LaunchPad.o</name>
      </input_file>
      <input_file id="fl-8">
         <path>C:\Users\rober\OneDrive\Documents\College\319H\MSPM0_ValvanoWare\MadMines\Debug\.\</path>
         <kind>object</kind>
         <file>Machine.o</file>
         <name>Machine.o</name>
      </input_file>
      <input_file id="fl-9">
         <path>C:\Users\rober\OneDrive\Documents\College\319H\MSPM0_ValvanoWare\MadMines\Debug\.\</path>
         <kind>object</kind>
         <file>Player.o</file>
         <name>Player.o</name>
      </input_file>
      <input_file id="fl-a">
         <path>C:\Users\rober\OneDrive\Documents\College\319H\MSPM0_ValvanoWare\MadMines\Debug\.\</path>
         <kind>object</kind>
         <file>SPI.o</file>
         <name>SPI.o</name>
      </input_file>
      <input_file id="fl-b">
         <path>C:\Users\rober\OneDrive\Documents\College\319H\MSPM0_ValvanoWare\MadMines\Debug\.\</path>
         <kind>object</kind>
         <file>ST7735.o</file>
         <name>ST7735.o</name>
      </input_file>
      <input_file id="fl-c">
         <path>C:\Users\rober\OneDrive\Documents\College\319H\MSPM0_ValvanoWare\MadMines\Debug\.\</path>
         <kind>object</kind>
         <file>SlidePot.o</file>
         <name>SlidePot.o</name>
      </input_file>
      <input_file id="fl-d">
         <path>C:\Users\rober\OneDrive\Documents\College\319H\MSPM0_ValvanoWare\MadMines\Debug\.\</path>
         <kind>object</kind>
         <file>SmallFont.o</file>
         <name>SmallFont.o</name>
      </input_file>
      <input_file id="fl-e">
         <path>C:\Users\rober\OneDrive\Documents\College\319H\MSPM0_ValvanoWare\MadMines\Debug\.\</path>
         <kind>object</kind>
         <file>Sound.o</file>
         <name>Sound.o</name>
      </input_file>
      <input_file id="fl-f">
         <path>C:\Users\rober\OneDrive\Documents\College\319H\MSPM0_ValvanoWare\MadMines\Debug\.\</path>
         <kind>object</kind>
         <file>Switch.o</file>
         <name>Switch.o</name>
      </input_file>
      <input_file id="fl-10">
         <path>C:\Users\rober\OneDrive\Documents\College\319H\MSPM0_ValvanoWare\MadMines\Debug\.\</path>
         <kind>object</kind>
         <file>TExaS.o</file>
         <name>TExaS.o</name>
      </input_file>
      <input_file id="fl-11">
         <path>C:\Users\rober\OneDrive\Documents\College\319H\MSPM0_ValvanoWare\MadMines\Debug\.\</path>
         <kind>object</kind>
         <file>Timer.o</file>
         <name>Timer.o</name>
      </input_file>
      <input_file id="fl-12">
         <path>C:\Users\rober\OneDrive\Documents\College\319H\MSPM0_ValvanoWare\MadMines\Debug\.\</path>
         <kind>object</kind>
         <file>UART2.o</file>
         <name>UART2.o</name>
      </input_file>
      <input_file id="fl-13">
         <path>C:\Users\rober\OneDrive\Documents\College\319H\MSPM0_ValvanoWare\MadMines\Debug\.\ticlang\</path>
         <kind>object</kind>
         <file>startup_mspm0g3507_ticlang.o</file>
         <name>startup_mspm0g3507_ticlang.o</name>
      </input_file>
      <input_file id="fl-1f">
         <path>C:\Users\rober\OneDrive\Documents\College\319H\MSPM0_ValvanoWare\MadMines\Debug\</path>
         <kind>object</kind>
         <file>&lt;internal&gt;</file>
         <name>&lt;internal&gt;</name>
      </input_file>
      <input_file id="fl-34">
         <path>C:\ti\ccs\tools\compiler\ti-cgt-armllvm_4.0.1.LTS\lib\armv6m-ti-none-eabi\c\</path>
         <kind>archive</kind>
         <file>libc.a</file>
         <name>fopen.c.obj</name>
      </input_file>
      <input_file id="fl-35">
         <path>C:\ti\ccs\tools\compiler\ti-cgt-armllvm_4.0.1.LTS\lib\armv6m-ti-none-eabi\c\</path>
         <kind>archive</kind>
         <file>libc.a</file>
         <name>setvbuf.c.obj</name>
      </input_file>
      <input_file id="fl-36">
         <path>C:\ti\ccs\tools\compiler\ti-cgt-armllvm_4.0.1.LTS\lib\armv6m-ti-none-eabi\c\</path>
         <kind>archive</kind>
         <file>libc.a</file>
         <name>aeabi_portable.c.obj</name>
      </input_file>
      <input_file id="fl-37">
         <path>C:\ti\ccs\tools\compiler\ti-cgt-armllvm_4.0.1.LTS\lib\armv6m-ti-none-eabi\c\</path>
         <kind>archive</kind>
         <file>libc.a</file>
         <name>exit.c.obj</name>
      </input_file>
      <input_file id="fl-38">
         <path>C:\ti\ccs\tools\compiler\ti-cgt-armllvm_4.0.1.LTS\lib\armv6m-ti-none-eabi\c\</path>
         <kind>archive</kind>
         <file>libc.a</file>
         <name>_lock.c.obj</name>
      </input_file>
      <input_file id="fl-39">
         <path>C:\ti\ccs\tools\compiler\ti-cgt-armllvm_4.0.1.LTS\lib\armv6m-ti-none-eabi\c\</path>
         <kind>archive</kind>
         <file>libc.a</file>
         <name>assert.c.obj</name>
      </input_file>
      <input_file id="fl-3a">
         <path>C:\ti\ccs\tools\compiler\ti-cgt-armllvm_4.0.1.LTS\lib\armv6m-ti-none-eabi\c\</path>
         <kind>archive</kind>
         <file>libc.a</file>
         <name>defs.c.obj</name>
      </input_file>
      <input_file id="fl-3b">
         <path>C:\ti\ccs\tools\compiler\ti-cgt-armllvm_4.0.1.LTS\lib\armv6m-ti-none-eabi\c\</path>
         <kind>archive</kind>
         <file>libc.a</file>
         <name>memory.c.obj</name>
      </input_file>
      <input_file id="fl-3c">
         <path>C:\ti\ccs\tools\compiler\ti-cgt-armllvm_4.0.1.LTS\lib\armv6m-ti-none-eabi\c\</path>
         <kind>archive</kind>
         <file>libc.a</file>
         <name>copy_zero_init.c.obj</name>
      </input_file>
      <input_file id="fl-3d">
         <path>C:\ti\ccs\tools\compiler\ti-cgt-armllvm_4.0.1.LTS\lib\armv6m-ti-none-eabi\c\</path>
         <kind>archive</kind>
         <file>libc.a</file>
         <name>copy_decompress_none.c.obj</name>
      </input_file>
      <input_file id="fl-3e">
         <path>C:\ti\ccs\tools\compiler\ti-cgt-armllvm_4.0.1.LTS\lib\armv6m-ti-none-eabi\c\</path>
         <kind>archive</kind>
         <file>libc.a</file>
         <name>copy_decompress_lzss.c.obj</name>
      </input_file>
      <input_file id="fl-3f">
         <path>C:\ti\ccs\tools\compiler\ti-cgt-armllvm_4.0.1.LTS\lib\armv6m-ti-none-eabi\c\</path>
         <kind>archive</kind>
         <file>libc.a</file>
         <name>boot_cortex_m.c.obj</name>
      </input_file>
      <input_file id="fl-40">
         <path>C:\ti\ccs\tools\compiler\ti-cgt-armllvm_4.0.1.LTS\lib\armv6m-ti-none-eabi\c\</path>
         <kind>archive</kind>
         <file>libc.a</file>
         <name>mathacl_init.c.obj</name>
      </input_file>
      <input_file id="fl-41">
         <path>C:\ti\ccs\tools\compiler\ti-cgt-armllvm_4.0.1.LTS\lib\armv6m-ti-none-eabi\c\</path>
         <kind>archive</kind>
         <file>libc.a</file>
         <name>sprintf.c.obj</name>
      </input_file>
      <input_file id="fl-42">
         <path>C:\ti\ccs\tools\compiler\ti-cgt-armllvm_4.0.1.LTS\lib\armv6m-ti-none-eabi\c\</path>
         <kind>archive</kind>
         <file>libc.a</file>
         <name>fclose.c.obj</name>
      </input_file>
      <input_file id="fl-43">
         <path>C:\ti\ccs\tools\compiler\ti-cgt-armllvm_4.0.1.LTS\lib\armv6m-ti-none-eabi\c\</path>
         <kind>archive</kind>
         <file>libc.a</file>
         <name>fflush.c.obj</name>
      </input_file>
      <input_file id="fl-44">
         <path>C:\ti\ccs\tools\compiler\ti-cgt-armllvm_4.0.1.LTS\lib\armv6m-ti-none-eabi\c\</path>
         <kind>archive</kind>
         <file>libc.a</file>
         <name>fputs.c.obj</name>
      </input_file>
      <input_file id="fl-45">
         <path>C:\ti\ccs\tools\compiler\ti-cgt-armllvm_4.0.1.LTS\lib\armv6m-ti-none-eabi\c\</path>
         <kind>archive</kind>
         <file>libc.a</file>
         <name>_io_perm.c.obj</name>
      </input_file>
      <input_file id="fl-46">
         <path>C:\ti\ccs\tools\compiler\ti-cgt-armllvm_4.0.1.LTS\lib\armv6m-ti-none-eabi\c\</path>
         <kind>archive</kind>
         <file>libc.a</file>
         <name>args_main.c.obj</name>
      </input_file>
      <input_file id="fl-47">
         <path>C:\ti\ccs\tools\compiler\ti-cgt-armllvm_4.0.1.LTS\lib\armv6m-ti-none-eabi\c\</path>
         <kind>archive</kind>
         <file>libc.a</file>
         <name>autoinit.c.obj</name>
      </input_file>
      <input_file id="fl-48">
         <path>C:\ti\ccs\tools\compiler\ti-cgt-armllvm_4.0.1.LTS\lib\armv6m-ti-none-eabi\c\</path>
         <kind>archive</kind>
         <file>libc.a</file>
         <name>pre_init.c.obj</name>
      </input_file>
      <input_file id="fl-49">
         <path>C:\ti\ccs\tools\compiler\ti-cgt-armllvm_4.0.1.LTS\lib\armv6m-ti-none-eabi\c\</path>
         <kind>archive</kind>
         <file>libc.a</file>
         <name>cpy_tbl.c.obj</name>
      </input_file>
      <input_file id="fl-4a">
         <path>C:\ti\ccs\tools\compiler\ti-cgt-armllvm_4.0.1.LTS\lib\armv6m-ti-none-eabi\c\</path>
         <kind>archive</kind>
         <file>libc.a</file>
         <name>_printfi.c.obj</name>
      </input_file>
      <input_file id="fl-4b">
         <path>C:\ti\ccs\tools\compiler\ti-cgt-armllvm_4.0.1.LTS\lib\armv6m-ti-none-eabi\c\</path>
         <kind>archive</kind>
         <file>libc.a</file>
         <name>fseek.c.obj</name>
      </input_file>
      <input_file id="fl-4c">
         <path>C:\ti\ccs\tools\compiler\ti-cgt-armllvm_4.0.1.LTS\lib\armv6m-ti-none-eabi\c\</path>
         <kind>archive</kind>
         <file>libc.a</file>
         <name>wcslen.c.obj</name>
      </input_file>
      <input_file id="fl-4d">
         <path>C:\ti\ccs\tools\compiler\ti-cgt-armllvm_4.0.1.LTS\lib\armv6m-ti-none-eabi\c\</path>
         <kind>archive</kind>
         <file>libc.a</file>
         <name>_ltoa.c.obj</name>
      </input_file>
      <input_file id="fl-4e">
         <path>C:\ti\ccs\tools\compiler\ti-cgt-armllvm_4.0.1.LTS\lib\armv6m-ti-none-eabi\c\</path>
         <kind>archive</kind>
         <file>libc.a</file>
         <name>atoi.c.obj</name>
      </input_file>
      <input_file id="fl-4f">
         <path>C:\ti\ccs\tools\compiler\ti-cgt-armllvm_4.0.1.LTS\lib\armv6m-ti-none-eabi\c\</path>
         <kind>archive</kind>
         <file>libc.a</file>
         <name>memccpy.c.obj</name>
      </input_file>
      <input_file id="fl-50">
         <path>C:\ti\ccs\tools\compiler\ti-cgt-armllvm_4.0.1.LTS\lib\armv6m-ti-none-eabi\c\</path>
         <kind>archive</kind>
         <file>libc.a</file>
         <name>s_frexp.c.obj</name>
      </input_file>
      <input_file id="fl-51">
         <path>C:\ti\ccs\tools\compiler\ti-cgt-armllvm_4.0.1.LTS\lib\armv6m-ti-none-eabi\c\</path>
         <kind>archive</kind>
         <file>libc.a</file>
         <name>s_scalbn.c.obj</name>
      </input_file>
      <input_file id="fl-52">
         <path>C:\ti\ccs\tools\compiler\ti-cgt-armllvm_4.0.1.LTS\lib\armv6m-ti-none-eabi\c\</path>
         <kind>archive</kind>
         <file>libc.a</file>
         <name>aeabi_ctype.S.obj</name>
      </input_file>
      <input_file id="fl-e8">
         <path>C:\ti\ccs\tools\compiler\ti-cgt-armllvm_4.0.1.LTS\lib\armv6m-ti-none-eabi\c\</path>
         <kind>archive</kind>
         <file>libsysbm.a</file>
         <name>write.c.obj</name>
      </input_file>
      <input_file id="fl-e9">
         <path>C:\ti\ccs\tools\compiler\ti-cgt-armllvm_4.0.1.LTS\lib\armv6m-ti-none-eabi\c\</path>
         <kind>archive</kind>
         <file>libsysbm.a</file>
         <name>host_device.c.obj</name>
      </input_file>
      <input_file id="fl-ea">
         <path>C:\ti\ccs\tools\compiler\ti-cgt-armllvm_4.0.1.LTS\lib\armv6m-ti-none-eabi\c\</path>
         <kind>archive</kind>
         <file>libsysbm.a</file>
         <name>remove.c.obj</name>
      </input_file>
      <input_file id="fl-eb">
         <path>C:\ti\ccs\tools\compiler\ti-cgt-armllvm_4.0.1.LTS\lib\armv6m-ti-none-eabi\c\</path>
         <kind>archive</kind>
         <file>libsysbm.a</file>
         <name>open.c.obj</name>
      </input_file>
      <input_file id="fl-ec">
         <path>C:\ti\ccs\tools\compiler\ti-cgt-armllvm_4.0.1.LTS\lib\armv6m-ti-none-eabi\c\</path>
         <kind>archive</kind>
         <file>libsysbm.a</file>
         <name>lseek.c.obj</name>
      </input_file>
      <input_file id="fl-ed">
         <path>C:\ti\ccs\tools\compiler\ti-cgt-armllvm_4.0.1.LTS\lib\armv6m-ti-none-eabi\c\</path>
         <kind>archive</kind>
         <file>libsysbm.a</file>
         <name>close.c.obj</name>
      </input_file>
      <input_file id="fl-ee">
         <path>C:\ti\ccs\tools\compiler\ti-cgt-armllvm_4.0.1.LTS\lib\armv6m-ti-none-eabi\c\</path>
         <kind>archive</kind>
         <file>libsysbm.a</file>
         <name>add_device.c.obj</name>
      </input_file>
      <input_file id="fl-ef">
         <path>C:\ti\ccs\tools\compiler\ti-cgt-armllvm_4.0.1.LTS\lib\armv6m-ti-none-eabi\c\</path>
         <kind>archive</kind>
         <file>libsysbm.a</file>
         <name>unlink.c.obj</name>
      </input_file>
      <input_file id="fl-f0">
         <path>C:\ti\ccs\tools\compiler\ti-cgt-armllvm_4.0.1.LTS\lib\armv6m-ti-none-eabi\c\</path>
         <kind>archive</kind>
         <file>libsysbm.a</file>
         <name>hostclose.c.obj</name>
      </input_file>
      <input_file id="fl-f1">
         <path>C:\ti\ccs\tools\compiler\ti-cgt-armllvm_4.0.1.LTS\lib\armv6m-ti-none-eabi\c\</path>
         <kind>archive</kind>
         <file>libsysbm.a</file>
         <name>hostlseek.c.obj</name>
      </input_file>
      <input_file id="fl-f2">
         <path>C:\ti\ccs\tools\compiler\ti-cgt-armllvm_4.0.1.LTS\lib\armv6m-ti-none-eabi\c\</path>
         <kind>archive</kind>
         <file>libsysbm.a</file>
         <name>hostopen.c.obj</name>
      </input_file>
      <input_file id="fl-f3">
         <path>C:\ti\ccs\tools\compiler\ti-cgt-armllvm_4.0.1.LTS\lib\armv6m-ti-none-eabi\c\</path>
         <kind>archive</kind>
         <file>libsysbm.a</file>
         <name>hostread.c.obj</name>
      </input_file>
      <input_file id="fl-f4">
         <path>C:\ti\ccs\tools\compiler\ti-cgt-armllvm_4.0.1.LTS\lib\armv6m-ti-none-eabi\c\</path>
         <kind>archive</kind>
         <file>libsysbm.a</file>
         <name>hostrename.c.obj</name>
      </input_file>
      <input_file id="fl-f5">
         <path>C:\ti\ccs\tools\compiler\ti-cgt-armllvm_4.0.1.LTS\lib\armv6m-ti-none-eabi\c\</path>
         <kind>archive</kind>
         <file>libsysbm.a</file>
         <name>hostunlink.c.obj</name>
      </input_file>
      <input_file id="fl-f6">
         <path>C:\ti\ccs\tools\compiler\ti-cgt-armllvm_4.0.1.LTS\lib\armv6m-ti-none-eabi\c\</path>
         <kind>archive</kind>
         <file>libsysbm.a</file>
         <name>hostwrite.c.obj</name>
      </input_file>
      <input_file id="fl-f7">
         <path>C:\ti\ccs\tools\compiler\ti-cgt-armllvm_4.0.1.LTS\lib\armv6m-ti-none-eabi\c\</path>
         <kind>archive</kind>
         <file>libsysbm.a</file>
         <name>trgmsg.c.obj</name>
      </input_file>
      <input_file id="fl-f8">
         <path>C:\ti\ccs\tools\compiler\ti-cgt-armllvm_4.0.1.LTS\lib\armv6m-ti-none-eabi\</path>
         <kind>archive</kind>
         <file>libclang_rt.builtins.a</file>
         <name>adddf3.S.obj</name>
      </input_file>
      <input_file id="fl-f9">
         <path>C:\ti\ccs\tools\compiler\ti-cgt-armllvm_4.0.1.LTS\lib\armv6m-ti-none-eabi\</path>
         <kind>archive</kind>
         <file>libclang_rt.builtins.a</file>
         <name>muldf3.S.obj</name>
      </input_file>
      <input_file id="fl-fa">
         <path>C:\ti\ccs\tools\compiler\ti-cgt-armllvm_4.0.1.LTS\lib\armv6m-ti-none-eabi\</path>
         <kind>archive</kind>
         <file>libclang_rt.builtins.a</file>
         <name>muldsi3.S.obj</name>
      </input_file>
      <input_file id="fl-fb">
         <path>C:\ti\ccs\tools\compiler\ti-cgt-armllvm_4.0.1.LTS\lib\armv6m-ti-none-eabi\</path>
         <kind>archive</kind>
         <file>libclang_rt.builtins.a</file>
         <name>divdf3.S.obj</name>
      </input_file>
      <input_file id="fl-fc">
         <path>C:\ti\ccs\tools\compiler\ti-cgt-armllvm_4.0.1.LTS\lib\armv6m-ti-none-eabi\</path>
         <kind>archive</kind>
         <file>libclang_rt.builtins.a</file>
         <name>fixdfsi.S.obj</name>
      </input_file>
      <input_file id="fl-fd">
         <path>C:\ti\ccs\tools\compiler\ti-cgt-armllvm_4.0.1.LTS\lib\armv6m-ti-none-eabi\</path>
         <kind>archive</kind>
         <file>libclang_rt.builtins.a</file>
         <name>floatsidf.S.obj</name>
      </input_file>
      <input_file id="fl-fe">
         <path>C:\ti\ccs\tools\compiler\ti-cgt-armllvm_4.0.1.LTS\lib\armv6m-ti-none-eabi\</path>
         <kind>archive</kind>
         <file>libclang_rt.builtins.a</file>
         <name>muldi3.S.obj</name>
      </input_file>
      <input_file id="fl-ff">
         <path>C:\ti\ccs\tools\compiler\ti-cgt-armllvm_4.0.1.LTS\lib\armv6m-ti-none-eabi\</path>
         <kind>archive</kind>
         <file>libclang_rt.builtins.a</file>
         <name>aeabi_dcmp.S.obj</name>
      </input_file>
      <input_file id="fl-100">
         <path>C:\ti\ccs\tools\compiler\ti-cgt-armllvm_4.0.1.LTS\lib\armv6m-ti-none-eabi\</path>
         <kind>archive</kind>
         <file>libclang_rt.builtins.a</file>
         <name>aeabi_idivmod.S.obj</name>
      </input_file>
      <input_file id="fl-101">
         <path>C:\ti\ccs\tools\compiler\ti-cgt-armllvm_4.0.1.LTS\lib\armv6m-ti-none-eabi\</path>
         <kind>archive</kind>
         <file>libclang_rt.builtins.a</file>
         <name>aeabi_memcpy.S.obj</name>
      </input_file>
      <input_file id="fl-102">
         <path>C:\ti\ccs\tools\compiler\ti-cgt-armllvm_4.0.1.LTS\lib\armv6m-ti-none-eabi\</path>
         <kind>archive</kind>
         <file>libclang_rt.builtins.a</file>
         <name>aeabi_memset.S.obj</name>
      </input_file>
      <input_file id="fl-103">
         <path>C:\ti\ccs\tools\compiler\ti-cgt-armllvm_4.0.1.LTS\lib\armv6m-ti-none-eabi\</path>
         <kind>archive</kind>
         <file>libclang_rt.builtins.a</file>
         <name>aeabi_uidivmod.S.obj</name>
      </input_file>
      <input_file id="fl-104">
         <path>C:\ti\ccs\tools\compiler\ti-cgt-armllvm_4.0.1.LTS\lib\armv6m-ti-none-eabi\</path>
         <kind>archive</kind>
         <file>libclang_rt.builtins.a</file>
         <name>aeabi_uldivmod.S.obj</name>
      </input_file>
      <input_file id="fl-105">
         <path>C:\ti\ccs\tools\compiler\ti-cgt-armllvm_4.0.1.LTS\lib\armv6m-ti-none-eabi\</path>
         <kind>archive</kind>
         <file>libclang_rt.builtins.a</file>
         <name>udivmoddi4.S.obj</name>
      </input_file>
      <input_file id="fl-106">
         <path>C:\ti\ccs\tools\compiler\ti-cgt-armllvm_4.0.1.LTS\lib\armv6m-ti-none-eabi\</path>
         <kind>archive</kind>
         <file>libclang_rt.builtins.a</file>
         <name>ashldi3.S.obj</name>
      </input_file>
      <input_file id="fl-107">
         <path>C:\ti\ccs\tools\compiler\ti-cgt-armllvm_4.0.1.LTS\lib\armv6m-ti-none-eabi\</path>
         <kind>archive</kind>
         <file>libclang_rt.builtins.a</file>
         <name>comparedf2.c.obj</name>
      </input_file>
      <input_file id="fl-108">
         <path>C:\ti\ccs\tools\compiler\ti-cgt-armllvm_4.0.1.LTS\lib\armv6m-ti-none-eabi\</path>
         <kind>archive</kind>
         <file>libclang_rt.builtins.a</file>
         <name>aeabi_div0.c.obj</name>
      </input_file>
      <input_file id="fl-109">
         <path>C:\ti\ccs\tools\compiler\ti-cgt-armllvm_4.0.1.LTS\lib\armv6m-ti-none-eabi\c\</path>
         <kind>archive</kind>
         <file>libc.a</file>
         <name>getdevice.c.obj</name>
      </input_file>
      <input_file id="fl-10a">
         <path>C:\ti\ccs\tools\compiler\ti-cgt-armllvm_4.0.1.LTS\lib\armv6m-ti-none-eabi\c\</path>
         <kind>archive</kind>
         <file>libc.a</file>
         <name>memcpy16.S.obj</name>
      </input_file>
      <input_file id="fl-10b">
         <path>C:\ti\ccs\tools\compiler\ti-cgt-armllvm_4.0.1.LTS\lib\armv6m-ti-none-eabi\c\</path>
         <kind>archive</kind>
         <file>libc.a</file>
         <name>memset16.S.obj</name>
      </input_file>
      <input_file id="fl-10c">
         <path>C:\ti\ccs\tools\compiler\ti-cgt-armllvm_4.0.1.LTS\lib\armv6m-ti-none-eabi\c\</path>
         <kind>archive</kind>
         <file>libc.a</file>
         <name>strcmp-armv6m.S.obj</name>
      </input_file>
   </input_file_list>
   <object_component_list>
      <object_component id="oc-18">
         <name>.intvecs</name>
         <load_address>0x0</load_address>
         <readonly>true</readonly>
         <run_address>0x0</run_address>
         <size>0xc0</size>
         <alignment>0x4</alignment>
         <input_file_ref idref="fl-13"/>
      </object_component>
      <object_component id="oc-a1">
         <name>.text.main</name>
         <load_address>0x14820</load_address>
         <readonly>true</readonly>
         <executable>true</executable>
         <run_address>0x14820</run_address>
         <size>0xd7c</size>
         <alignment>0x4</alignment>
         <input_file_ref idref="fl-6"/>
      </object_component>
      <object_component id="oc-12d">
         <name>.text._ZN7Machine10updateCartEh</name>
         <load_address>0x1559c</load_address>
         <readonly>true</readonly>
         <executable>true</executable>
         <run_address>0x1559c</run_address>
         <size>0x55c</size>
         <alignment>0x4</alignment>
         <input_file_ref idref="fl-8"/>
      </object_component>
      <object_component id="oc-122">
         <name>.text._ZN7Machine11updateAnvilEh</name>
         <load_address>0x15af8</load_address>
         <readonly>true</readonly>
         <executable>true</executable>
         <run_address>0x15af8</run_address>
         <size>0x4c4</size>
         <alignment>0x4</alignment>
         <input_file_ref idref="fl-8"/>
      </object_component>
      <object_component id="oc-128">
         <name>.text._ZN7Machine10updateRockEh</name>
         <load_address>0x15fbc</load_address>
         <readonly>true</readonly>
         <executable>true</executable>
         <run_address>0x15fbc</run_address>
         <size>0x410</size>
         <alignment>0x4</alignment>
         <input_file_ref idref="fl-8"/>
      </object_component>
      <object_component id="oc-12e">
         <name>.text._ZN7Machine14updateCountersEhPS_</name>
         <load_address>0x163cc</load_address>
         <readonly>true</readonly>
         <executable>true</executable>
         <run_address>0x163cc</run_address>
         <size>0x38c</size>
         <alignment>0x4</alignment>
         <input_file_ref idref="fl-8"/>
      </object_component>
      <object_component id="oc-127">
         <name>.text._ZN7Machine13updateSmelterEh</name>
         <load_address>0x16758</load_address>
         <readonly>true</readonly>
         <executable>true</executable>
         <run_address>0x16758</run_address>
         <size>0x340</size>
         <alignment>0x4</alignment>
         <input_file_ref idref="fl-8"/>
      </object_component>
      <object_component id="oc-1b3">
         <name>.text._ZN7Machine10printAnvilEv</name>
         <load_address>0x16a98</load_address>
         <readonly>true</readonly>
         <executable>true</executable>
         <run_address>0x16a98</run_address>
         <size>0x2b8</size>
         <alignment>0x4</alignment>
         <input_file_ref idref="fl-8"/>
      </object_component>
      <object_component id="oc-1d0">
         <name>.text._ZN7Machine13printCountersEPS_</name>
         <load_address>0x16d50</load_address>
         <readonly>true</readonly>
         <executable>true</executable>
         <run_address>0x16d50</run_address>
         <size>0x2b0</size>
         <alignment>0x4</alignment>
         <input_file_ref idref="fl-8"/>
      </object_component>
      <object_component id="oc-103">
         <name>.text._Z17ST7735_DrawBitmapssPKtss</name>
         <load_address>0x17000</load_address>
         <readonly>true</readonly>
         <executable>true</executable>
         <run_address>0x17000</run_address>
         <size>0x210</size>
         <alignment>0x4</alignment>
         <input_file_ref idref="fl-b"/>
      </object_component>
      <object_component id="oc-123">
         <name>.text._ZN7Machine9printCartEv</name>
         <load_address>0x17210</load_address>
         <readonly>true</readonly>
         <executable>true</executable>
         <run_address>0x17210</run_address>
         <size>0x1d8</size>
         <alignment>0x4</alignment>
         <input_file_ref idref="fl-8"/>
      </object_component>
      <object_component id="oc-124">
         <name>.text._ZN7Machine12printSmelterEv</name>
         <load_address>0x173e8</load_address>
         <readonly>true</readonly>
         <executable>true</executable>
         <run_address>0x173e8</run_address>
         <size>0x1b8</size>
         <alignment>0x4</alignment>
         <input_file_ref idref="fl-8"/>
      </object_component>
      <object_component id="oc-16e">
         <name>.text._Z15Clock_Init80MHzi</name>
         <load_address>0x175a0</load_address>
         <readonly>true</readonly>
         <executable>true</executable>
         <run_address>0x175a0</run_address>
         <size>0x1b4</size>
         <alignment>0x4</alignment>
         <input_file_ref idref="fl-1"/>
      </object_component>
      <object_component id="oc-10a">
         <name>.text._Z15ST7735_DrawCharsscssh</name>
         <load_address>0x17754</load_address>
         <readonly>true</readonly>
         <executable>true</executable>
         <run_address>0x17754</run_address>
         <size>0x1a4</size>
         <alignment>0x4</alignment>
         <input_file_ref idref="fl-b"/>
      </object_component>
      <object_component id="oc-287">
         <name>.text._Z16ST7735_DrawCharSsscssh</name>
         <load_address>0x178f8</load_address>
         <readonly>true</readonly>
         <executable>true</executable>
         <run_address>0x178f8</run_address>
         <size>0x1a0</size>
         <alignment>0x4</alignment>
         <input_file_ref idref="fl-b"/>
      </object_component>
      <object_component id="oc-1b5">
         <name>.text._ZN7Machine13computeRecipeEPaa</name>
         <load_address>0x17a98</load_address>
         <readonly>true</readonly>
         <executable>true</executable>
         <run_address>0x17a98</run_address>
         <size>0x198</size>
         <alignment>0x4</alignment>
         <input_file_ref idref="fl-8"/>
      </object_component>
      <object_component id="oc-10f">
         <name>.text._ZN6Player8inBoundsEssPP7Machineh</name>
         <load_address>0x17c30</load_address>
         <readonly>true</readonly>
         <executable>true</executable>
         <run_address>0x17c30</run_address>
         <size>0x180</size>
         <alignment>0x4</alignment>
         <input_file_ref idref="fl-9"/>
      </object_component>
      <object_component id="oc-1c7">
         <name>.text._ZN7Machine9printRockEv</name>
         <load_address>0x17db0</load_address>
         <readonly>true</readonly>
         <executable>true</executable>
         <run_address>0x17db0</run_address>
         <size>0x17c</size>
         <alignment>0x4</alignment>
         <input_file_ref idref="fl-8"/>
      </object_component>
      <object_component id="oc-1b4">
         <name>.text._ZN7Machine15updateAnvilMenuEPaa</name>
         <load_address>0x17f2c</load_address>
         <readonly>true</readonly>
         <executable>true</executable>
         <run_address>0x17f2c</run_address>
         <size>0x160</size>
         <alignment>0x4</alignment>
         <input_file_ref idref="fl-8"/>
      </object_component>
      <object_component id="oc-1ce">
         <name>.text._ZN7Machine13cartSendErrorEhh</name>
         <load_address>0x1808c</load_address>
         <readonly>true</readonly>
         <executable>true</executable>
         <run_address>0x1808c</run_address>
         <size>0x15c</size>
         <alignment>0x2</alignment>
         <input_file_ref idref="fl-8"/>
      </object_component>
      <object_component id="oc-1fe">
         <name>.text._openfile</name>
         <load_address>0x181e8</load_address>
         <readonly>true</readonly>
         <executable>true</executable>
         <run_address>0x181e8</run_address>
         <size>0x154</size>
         <alignment>0x4</alignment>
         <input_file_ref idref="fl-34"/>
      </object_component>
      <object_component id="oc-19a">
         <name>.text._Z8ADC_InitP10ADC12_Regsjj</name>
         <load_address>0x1833c</load_address>
         <readonly>true</readonly>
         <executable>true</executable>
         <run_address>0x1833c</run_address>
         <size>0x128</size>
         <alignment>0x4</alignment>
         <input_file_ref idref="fl-10"/>
      </object_component>
      <object_component id="oc-105">
         <name>.text._Z15ST7735_FillRectsssst</name>
         <load_address>0x18464</load_address>
         <readonly>true</readonly>
         <executable>true</executable>
         <run_address>0x18464</run_address>
         <size>0x118</size>
         <alignment>0x4</alignment>
         <input_file_ref idref="fl-b"/>
      </object_component>
      <object_component id="oc-285">
         <name>.text.aligned_alloc</name>
         <load_address>0x1857c</load_address>
         <readonly>true</readonly>
         <executable>true</executable>
         <run_address>0x1857c</run_address>
         <size>0x114</size>
         <alignment>0x4</alignment>
         <input_file_ref idref="fl-3b"/>
      </object_component>
      <object_component id="oc-241">
         <name>.text._Z8SPI_Initv</name>
         <load_address>0x18690</load_address>
         <readonly>true</readonly>
         <executable>true</executable>
         <run_address>0x18690</run_address>
         <size>0xf8</size>
         <alignment>0x4</alignment>
         <input_file_ref idref="fl-a"/>
      </object_component>
      <object_component id="oc-11d">
         <name>.text._Z18ST7735_SetRotationh</name>
         <load_address>0x18788</load_address>
         <readonly>true</readonly>
         <executable>true</executable>
         <run_address>0x18788</run_address>
         <size>0xf4</size>
         <alignment>0x4</alignment>
         <input_file_ref idref="fl-b"/>
      </object_component>
      <object_component id="oc-177">
         <name>.text.add_device</name>
         <load_address>0x1887c</load_address>
         <readonly>true</readonly>
         <executable>true</executable>
         <run_address>0x1887c</run_address>
         <size>0xec</size>
         <alignment>0x4</alignment>
         <input_file_ref idref="fl-ee"/>
      </object_component>
      <object_component id="oc-19c">
         <name>.text._Z9UART_Initv</name>
         <load_address>0x18968</load_address>
         <readonly>true</readonly>
         <executable>true</executable>
         <run_address>0x18968</run_address>
         <size>0xe8</size>
         <alignment>0x4</alignment>
         <input_file_ref idref="fl-10"/>
      </object_component>
      <object_component id="oc-207">
         <name>.text.free</name>
         <load_address>0x18a50</load_address>
         <readonly>true</readonly>
         <executable>true</executable>
         <run_address>0x18a50</run_address>
         <size>0xe8</size>
         <alignment>0x4</alignment>
         <input_file_ref idref="fl-3b"/>
      </object_component>
      <object_component id="oc-182">
         <name>.text.setvbuf</name>
         <load_address>0x18b38</load_address>
         <readonly>true</readonly>
         <executable>true</executable>
         <run_address>0x18b38</run_address>
         <size>0xe0</size>
         <alignment>0x4</alignment>
         <input_file_ref idref="fl-35"/>
      </object_component>
      <object_component id="oc-ed">
         <name>.text._Z10UART2_Initv</name>
         <load_address>0x18c18</load_address>
         <readonly>true</readonly>
         <executable>true</executable>
         <run_address>0x18c18</run_address>
         <size>0xdc</size>
         <alignment>0x4</alignment>
         <input_file_ref idref="fl-12"/>
      </object_component>
      <object_component id="oc-20e">
         <name>.text._Z14ST7735_OutCharc</name>
         <load_address>0x18cf4</load_address>
         <readonly>true</readonly>
         <executable>true</executable>
         <run_address>0x18cf4</run_address>
         <size>0xd0</size>
         <alignment>0x4</alignment>
         <input_file_ref idref="fl-b"/>
      </object_component>
      <object_component id="oc-fa">
         <name>.text._Z20ST7735_DrawFastHLinessst</name>
         <load_address>0x18dc4</load_address>
         <readonly>true</readonly>
         <executable>true</executable>
         <run_address>0x18dc4</run_address>
         <size>0xb0</size>
         <alignment>0x4</alignment>
         <input_file_ref idref="fl-b"/>
      </object_component>
      <object_component id="oc-fb">
         <name>.text._Z20ST7735_DrawFastVLinessst</name>
         <load_address>0x18e74</load_address>
         <readonly>true</readonly>
         <executable>true</executable>
         <run_address>0x18e74</run_address>
         <size>0xb0</size>
         <alignment>0x4</alignment>
         <input_file_ref idref="fl-b"/>
      </object_component>
      <object_component id="oc-19e">
         <name>.text._Z14TimerG7_IntArmtjj</name>
         <load_address>0x18f24</load_address>
         <readonly>true</readonly>
         <executable>true</executable>
         <run_address>0x18f24</run_address>
         <size>0xa8</size>
         <alignment>0x4</alignment>
         <input_file_ref idref="fl-11"/>
      </object_component>
      <object_component id="oc-1e8">
         <name>.text._ZL11commandListPKh</name>
         <load_address>0x18fcc</load_address>
         <readonly>true</readonly>
         <executable>true</executable>
         <run_address>0x18fcc</run_address>
         <size>0xa2</size>
         <alignment>0x2</alignment>
         <input_file_ref idref="fl-b"/>
      </object_component>
      <object_component id="oc-39">
         <name>.text.SysTick_Handler</name>
         <load_address>0x1906e</load_address>
         <readonly>true</readonly>
         <executable>true</executable>
         <run_address>0x1906e</run_address>
         <size>0x2</size>
         <alignment>0x2</alignment>
         <input_file_ref idref="fl-e"/>
      </object_component>
      <object_component id="oc-26d">
         <name>.text.open</name>
         <load_address>0x19070</load_address>
         <readonly>true</readonly>
         <executable>true</executable>
         <run_address>0x19070</run_address>
         <size>0xa0</size>
         <alignment>0x4</alignment>
         <input_file_ref idref="fl-eb"/>
      </object_component>
      <object_component id="oc-e0">
         <name>.text._Z17ST7735_InitPrintfv</name>
         <load_address>0x19110</load_address>
         <readonly>true</readonly>
         <executable>true</executable>
         <run_address>0x19110</run_address>
         <size>0x9c</size>
         <alignment>0x4</alignment>
         <input_file_ref idref="fl-b"/>
      </object_component>
      <object_component id="oc-1b2">
         <name>.text._ZN6Player14checkProximityE7Machine</name>
         <load_address>0x191ac</load_address>
         <readonly>true</readonly>
         <executable>true</executable>
         <run_address>0x191ac</run_address>
         <size>0x9c</size>
         <alignment>0x2</alignment>
         <input_file_ref idref="fl-9"/>
      </object_component>
      <object_component id="oc-176">
         <name>.text._Z12ST7735_InitR10initRFlags</name>
         <load_address>0x19248</load_address>
         <readonly>true</readonly>
         <executable>true</executable>
         <run_address>0x19248</run_address>
         <size>0x98</size>
         <alignment>0x4</alignment>
         <input_file_ref idref="fl-b"/>
      </object_component>
      <object_component id="oc-10e">
         <name>.text._ZN6Player16resetCoordinatesEPsS0_</name>
         <load_address>0x192e0</load_address>
         <readonly>true</readonly>
         <executable>true</executable>
         <run_address>0x192e0</run_address>
         <size>0x98</size>
         <alignment>0x2</alignment>
         <input_file_ref idref="fl-9"/>
      </object_component>
      <object_component id="oc-f0">
         <name>.text._Z15TimerG12_IntArmjj</name>
         <load_address>0x19378</load_address>
         <readonly>true</readonly>
         <executable>true</executable>
         <run_address>0x19378</run_address>
         <size>0x94</size>
         <alignment>0x4</alignment>
         <input_file_ref idref="fl-11"/>
      </object_component>
      <object_component id="oc-e6">
         <name>.text._ZN8SlidePot4InitEv</name>
         <load_address>0x1940c</load_address>
         <readonly>true</readonly>
         <executable>true</executable>
         <run_address>0x1940c</run_address>
         <size>0x8c</size>
         <alignment>0x4</alignment>
         <input_file_ref idref="fl-c"/>
      </object_component>
      <object_component id="oc-151">
         <name>.text._ZN7MachineC2Ehhhhhhhhhh</name>
         <load_address>0x19498</load_address>
         <readonly>true</readonly>
         <executable>true</executable>
         <run_address>0x19498</run_address>
         <size>0x8a</size>
         <alignment>0x2</alignment>
         <input_file_ref idref="fl-8"/>
      </object_component>
      <object_component id="oc-161">
         <name>.text.__aeabi_idiv0</name>
         <load_address>0x19522</load_address>
         <readonly>true</readonly>
         <executable>true</executable>
         <run_address>0x19522</run_address>
         <size>0x2</size>
         <alignment>0x2</alignment>
         <input_file_ref idref="fl-108"/>
      </object_component>
      <object_component id="oc-1a4">
         <name>.text._ZL13setAddrWindowhhhh</name>
         <load_address>0x19524</load_address>
         <readonly>true</readonly>
         <executable>true</executable>
         <run_address>0x19524</run_address>
         <size>0x88</size>
         <alignment>0x4</alignment>
         <input_file_ref idref="fl-b"/>
      </object_component>
      <object_component id="oc-9d">
         <name>.text._system_pre_init</name>
         <load_address>0x195ac</load_address>
         <readonly>true</readonly>
         <executable>true</executable>
         <run_address>0x195ac</run_address>
         <size>0x4</size>
         <alignment>0x2</alignment>
         <input_file_ref idref="fl-48"/>
      </object_component>
      <object_component id="oc-245">
         <name>.text:strcmp</name>
         <load_address>0x195b0</load_address>
         <readonly>true</readonly>
         <executable>true</executable>
         <run_address>0x195b0</run_address>
         <size>0x88</size>
         <alignment>0x10</alignment>
         <input_file_ref idref="fl-10c"/>
      </object_component>
      <object_component id="oc-286">
         <name>.text._Z17ST7735_DrawStringttPcs</name>
         <load_address>0x19638</load_address>
         <readonly>true</readonly>
         <executable>true</executable>
         <run_address>0x19638</run_address>
         <size>0x84</size>
         <alignment>0x2</alignment>
         <input_file_ref idref="fl-b"/>
      </object_component>
      <object_component id="oc-14f">
         <name>.text._ZN7MachineC2Ehhhhhhhhh</name>
         <load_address>0x196bc</load_address>
         <readonly>true</readonly>
         <executable>true</executable>
         <run_address>0x196bc</run_address>
         <size>0x82</size>
         <alignment>0x2</alignment>
         <input_file_ref idref="fl-8"/>
      </object_component>
      <object_component id="oc-238">
         <name>.text._nop</name>
         <load_address>0x1973e</load_address>
         <readonly>true</readonly>
         <executable>true</executable>
         <run_address>0x1973e</run_address>
         <size>0x2</size>
         <alignment>0x2</alignment>
         <input_file_ref idref="fl-38"/>
      </object_component>
      <object_component id="oc-db">
         <name>.text._Z14LaunchPad_Initv</name>
         <load_address>0x19740</load_address>
         <readonly>true</readonly>
         <executable>true</executable>
         <run_address>0x19740</run_address>
         <size>0x7c</size>
         <alignment>0x4</alignment>
         <input_file_ref idref="fl-7"/>
      </object_component>
      <object_component id="oc-201">
         <name>.text.__TI_closefile</name>
         <load_address>0x197bc</load_address>
         <readonly>true</readonly>
         <executable>true</executable>
         <run_address>0x197bc</run_address>
         <size>0x7c</size>
         <alignment>0x4</alignment>
         <input_file_ref idref="fl-42"/>
      </object_component>
      <object_component id="oc-1c">
         <name>.text:decompress:lzss</name>
         <load_address>0x19838</load_address>
         <readonly>true</readonly>
         <executable>true</executable>
         <run_address>0x19838</run_address>
         <size>0x7c</size>
         <alignment>0x4</alignment>
         <input_file_ref idref="fl-3e"/>
      </object_component>
      <object_component id="oc-121">
         <name>.text._ZN6Player15getMachineInputE7Machine</name>
         <load_address>0x198b4</load_address>
         <readonly>true</readonly>
         <executable>true</executable>
         <run_address>0x198b4</run_address>
         <size>0x78</size>
         <alignment>0x2</alignment>
         <input_file_ref idref="fl-9"/>
      </object_component>
      <object_component id="oc-3e">
         <name>.text.UART2_IRQHandler</name>
         <load_address>0x1992c</load_address>
         <readonly>true</readonly>
         <executable>true</executable>
         <run_address>0x1992c</run_address>
         <size>0x74</size>
         <alignment>0x4</alignment>
         <input_file_ref idref="fl-12"/>
      </object_component>
      <object_component id="oc-236">
         <name>.text._Z13IRxmt_SendBiti</name>
         <load_address>0x199a0</load_address>
         <readonly>true</readonly>
         <executable>true</executable>
         <run_address>0x199a0</run_address>
         <size>0x74</size>
         <alignment>0x4</alignment>
         <input_file_ref idref="fl-4"/>
      </object_component>
      <object_component id="oc-2c4">
         <name>.text._Z16ST7735_DrawPixelsst</name>
         <load_address>0x19a14</load_address>
         <readonly>true</readonly>
         <executable>true</executable>
         <run_address>0x19a14</run_address>
         <size>0x70</size>
         <alignment>0x4</alignment>
         <input_file_ref idref="fl-b"/>
      </object_component>
      <object_component id="oc-25b">
         <name>.text.HOSTlseek</name>
         <load_address>0x19a84</load_address>
         <readonly>true</readonly>
         <executable>true</executable>
         <run_address>0x19a84</run_address>
         <size>0x6c</size>
         <alignment>0x4</alignment>
         <input_file_ref idref="fl-f1"/>
      </object_component>
      <object_component id="oc-263">
         <name>.text.HOSTrename</name>
         <load_address>0x19af0</load_address>
         <readonly>true</readonly>
         <executable>true</executable>
         <run_address>0x19af0</run_address>
         <size>0x6c</size>
         <alignment>0x4</alignment>
         <input_file_ref idref="fl-f4"/>
      </object_component>
      <object_component id="oc-2ab">
         <name>.text.getdevice</name>
         <load_address>0x19b5c</load_address>
         <readonly>true</readonly>
         <executable>true</executable>
         <run_address>0x19b5c</run_address>
         <size>0x6c</size>
         <alignment>0x4</alignment>
         <input_file_ref idref="fl-109"/>
      </object_component>
      <object_component id="oc-6f">
         <name>.text._GLOBAL__sub_I_Lab9HMain.cpp</name>
         <load_address>0x19bc8</load_address>
         <readonly>true</readonly>
         <executable>true</executable>
         <run_address>0x19bc8</run_address>
         <size>0x64</size>
         <alignment>0x2</alignment>
         <input_file_ref idref="fl-6"/>
      </object_component>
      <object_component id="oc-2c2">
         <name>.text.split</name>
         <load_address>0x19c2c</load_address>
         <readonly>true</readonly>
         <executable>true</executable>
         <run_address>0x19c2c</run_address>
         <size>0x64</size>
         <alignment>0x4</alignment>
         <input_file_ref idref="fl-3b"/>
      </object_component>
      <object_component id="oc-14c">
         <name>.text._ZN7MachineC2Ehhhhhh</name>
         <load_address>0x19c90</load_address>
         <readonly>true</readonly>
         <executable>true</executable>
         <run_address>0x19c90</run_address>
         <size>0x62</size>
         <alignment>0x2</alignment>
         <input_file_ref idref="fl-8"/>
      </object_component>
      <object_component id="oc-24b">
         <name>.text.HOSTopen</name>
         <load_address>0x19cf4</load_address>
         <readonly>true</readonly>
         <executable>true</executable>
         <run_address>0x19cf4</run_address>
         <size>0x60</size>
         <alignment>0x4</alignment>
         <input_file_ref idref="fl-f2"/>
      </object_component>
      <object_component id="oc-253">
         <name>.text.HOSTread</name>
         <load_address>0x19d54</load_address>
         <readonly>true</readonly>
         <executable>true</executable>
         <run_address>0x19d54</run_address>
         <size>0x58</size>
         <alignment>0x4</alignment>
         <input_file_ref idref="fl-f3"/>
      </object_component>
      <object_component id="oc-257">
         <name>.text.HOSTwrite</name>
         <load_address>0x19dac</load_address>
         <readonly>true</readonly>
         <executable>true</executable>
         <run_address>0x19dac</run_address>
         <size>0x58</size>
         <alignment>0x4</alignment>
         <input_file_ref idref="fl-f6"/>
      </object_component>
      <object_component id="oc-ef">
         <name>.text._Z10TExaS_InitP10ADC12_RegsjPFhvE</name>
         <load_address>0x19e04</load_address>
         <readonly>true</readonly>
         <executable>true</executable>
         <run_address>0x19e04</run_address>
         <size>0x58</size>
         <alignment>0x4</alignment>
         <input_file_ref idref="fl-10"/>
      </object_component>
      <object_component id="oc-c6">
         <name>.text.__aeabi_idivmod</name>
         <load_address>0x19e5c</load_address>
         <readonly>true</readonly>
         <executable>true</executable>
         <run_address>0x19e5c</run_address>
         <size>0x56</size>
         <alignment>0x4</alignment>
         <input_file_ref idref="fl-100"/>
      </object_component>
      <object_component id="oc-126">
         <name>.text._ZN6Player14printPosessionEh</name>
         <load_address>0x19eb4</load_address>
         <readonly>true</readonly>
         <executable>true</executable>
         <run_address>0x19eb4</run_address>
         <size>0x54</size>
         <alignment>0x4</alignment>
         <input_file_ref idref="fl-9"/>
      </object_component>
      <object_component id="oc-112">
         <name>.text._ZN6Player8moveLeftEv</name>
         <load_address>0x19f08</load_address>
         <readonly>true</readonly>
         <executable>true</executable>
         <run_address>0x19f08</run_address>
         <size>0x54</size>
         <alignment>0x2</alignment>
         <input_file_ref idref="fl-9"/>
      </object_component>
      <object_component id="oc-10d">
         <name>.text._ZN6Player9moveRightEv</name>
         <load_address>0x19f5c</load_address>
         <readonly>true</readonly>
         <executable>true</executable>
         <run_address>0x19f5c</run_address>
         <size>0x54</size>
         <alignment>0x2</alignment>
         <input_file_ref idref="fl-9"/>
      </object_component>
      <object_component id="oc-85">
         <name>.text._ZN8SlidePot2InEv</name>
         <load_address>0x19fb0</load_address>
         <readonly>true</readonly>
         <executable>true</executable>
         <run_address>0x19fb0</run_address>
         <size>0x54</size>
         <alignment>0x4</alignment>
         <input_file_ref idref="fl-c"/>
      </object_component>
      <object_component id="oc-13e">
         <name>.text:__TI_auto_init_nobinit</name>
         <load_address>0x1a004</load_address>
         <readonly>true</readonly>
         <executable>true</executable>
         <run_address>0x1a004</run_address>
         <size>0x54</size>
         <alignment>0x4</alignment>
         <input_file_ref idref="fl-47"/>
      </object_component>
      <object_component id="oc-11c">
         <name>.text._ZN6Player8moveDownEv</name>
         <load_address>0x1a058</load_address>
         <readonly>true</readonly>
         <executable>true</executable>
         <run_address>0x1a058</run_address>
         <size>0x52</size>
         <alignment>0x2</alignment>
         <input_file_ref idref="fl-9"/>
      </object_component>
      <object_component id="oc-271">
         <name>.text.__TI_doflush</name>
         <load_address>0x1a0aa</load_address>
         <readonly>true</readonly>
         <executable>true</executable>
         <run_address>0x1a0aa</run_address>
         <size>0x52</size>
         <alignment>0x2</alignment>
         <input_file_ref idref="fl-43"/>
      </object_component>
      <object_component id="oc-b8">
         <name>.text.__cxx_global_var_init.12</name>
         <load_address>0x1a0fc</load_address>
         <readonly>true</readonly>
         <executable>true</executable>
         <run_address>0x1a0fc</run_address>
         <size>0x50</size>
         <alignment>0x4</alignment>
         <input_file_ref idref="fl-6"/>
      </object_component>
      <object_component id="oc-277">
         <name>.text.close</name>
         <load_address>0x1a14c</load_address>
         <readonly>true</readonly>
         <executable>true</executable>
         <run_address>0x1a14c</run_address>
         <size>0x50</size>
         <alignment>0x4</alignment>
         <input_file_ref idref="fl-ed"/>
      </object_component>
      <object_component id="oc-24f">
         <name>.text.HOSTclose</name>
         <load_address>0x1a19c</load_address>
         <readonly>true</readonly>
         <executable>true</executable>
         <run_address>0x1a19c</run_address>
         <size>0x48</size>
         <alignment>0x4</alignment>
         <input_file_ref idref="fl-f0"/>
      </object_component>
      <object_component id="oc-25f">
         <name>.text.HOSTunlink</name>
         <load_address>0x1a1e4</load_address>
         <readonly>true</readonly>
         <executable>true</executable>
         <run_address>0x1a1e4</run_address>
         <size>0x48</size>
         <alignment>0x4</alignment>
         <input_file_ref idref="fl-f5"/>
      </object_component>
      <object_component id="oc-1cc">
         <name>.text._Z13IRxmt_OutCharc</name>
         <load_address>0x1a22c</load_address>
         <readonly>true</readonly>
         <executable>true</executable>
         <run_address>0x1a22c</run_address>
         <size>0x48</size>
         <alignment>0x2</alignment>
         <input_file_ref idref="fl-4"/>
      </object_component>
      <object_component id="oc-1af">
         <name>.text._Z14SPI_OutCommandc</name>
         <load_address>0x1a274</load_address>
         <readonly>true</readonly>
         <executable>true</executable>
         <run_address>0x1a274</run_address>
         <size>0x48</size>
         <alignment>0x4</alignment>
         <input_file_ref idref="fl-a"/>
      </object_component>
      <object_component id="oc-235">
         <name>.text._ZN5Queue3GetEPc</name>
         <load_address>0x1a2bc</load_address>
         <readonly>true</readonly>
         <executable>true</executable>
         <run_address>0x1a2bc</run_address>
         <size>0x48</size>
         <alignment>0x2</alignment>
         <input_file_ref idref="fl-3"/>
      </object_component>
      <object_component id="oc-78">
         <name>.text._ZN5Queue3PutEc</name>
         <load_address>0x1a304</load_address>
         <readonly>true</readonly>
         <executable>true</executable>
         <run_address>0x1a304</run_address>
         <size>0x48</size>
         <alignment>0x2</alignment>
         <input_file_ref idref="fl-3"/>
      </object_component>
      <object_component id="oc-43">
         <name>.text.TIMG7_IRQHandler</name>
         <load_address>0x1a34c</load_address>
         <readonly>true</readonly>
         <executable>true</executable>
         <run_address>0x1a34c</run_address>
         <size>0x40</size>
         <alignment>0x4</alignment>
         <input_file_ref idref="fl-10"/>
      </object_component>
      <object_component id="oc-28b">
         <name>.text._Z9SPI_Resetv</name>
         <load_address>0x1a38c</load_address>
         <readonly>true</readonly>
         <executable>true</executable>
         <run_address>0x1a38c</run_address>
         <size>0x40</size>
         <alignment>0x4</alignment>
         <input_file_ref idref="fl-a"/>
      </object_component>
      <object_component id="oc-106">
         <name>.text.__aeabi_uidivmod</name>
         <load_address>0x1a3cc</load_address>
         <readonly>true</readonly>
         <executable>true</executable>
         <run_address>0x1a3cc</run_address>
         <size>0x40</size>
         <alignment>0x4</alignment>
         <input_file_ref idref="fl-103"/>
      </object_component>
      <object_component id="oc-c3">
         <name>.text.__cxx_global_var_init.23</name>
         <load_address>0x1a40c</load_address>
         <readonly>true</readonly>
         <executable>true</executable>
         <run_address>0x1a40c</run_address>
         <size>0x40</size>
         <alignment>0x4</alignment>
         <input_file_ref idref="fl-6"/>
      </object_component>
      <object_component id="oc-1fd">
         <name>.text._search_fp</name>
         <load_address>0x1a44c</load_address>
         <readonly>true</readonly>
         <executable>true</executable>
         <run_address>0x1a44c</run_address>
         <size>0x40</size>
         <alignment>0x4</alignment>
         <input_file_ref idref="fl-34"/>
      </object_component>
      <object_component id="oc-48">
         <name>.text.TIMG12_IRQHandler</name>
         <load_address>0x1a48c</load_address>
         <readonly>true</readonly>
         <executable>true</executable>
         <run_address>0x1a48c</run_address>
         <size>0x3c</size>
         <alignment>0x4</alignment>
         <input_file_ref idref="fl-6"/>
      </object_component>
      <object_component id="oc-ee">
         <name>.text._Z10Sound_Initv</name>
         <load_address>0x1a4c8</load_address>
         <readonly>true</readonly>
         <executable>true</executable>
         <run_address>0x1a4c8</run_address>
         <size>0x3c</size>
         <alignment>0x4</alignment>
         <input_file_ref idref="fl-e"/>
      </object_component>
      <object_component id="oc-11b">
         <name>.text._ZN6Player6moveUpEv</name>
         <load_address>0x1a504</load_address>
         <readonly>true</readonly>
         <executable>true</executable>
         <run_address>0x1a504</run_address>
         <size>0x3c</size>
         <alignment>0x2</alignment>
         <input_file_ref idref="fl-9"/>
      </object_component>
      <object_component id="oc-1a5">
         <name>.text._Z11SPI_OutDatac</name>
         <load_address>0x1a540</load_address>
         <readonly>true</readonly>
         <executable>true</executable>
         <run_address>0x1a540</run_address>
         <size>0x38</size>
         <alignment>0x4</alignment>
         <input_file_ref idref="fl-a"/>
      </object_component>
      <object_component id="oc-173">
         <name>.text._Z15ActivatePortA_Bv</name>
         <load_address>0x1a578</load_address>
         <readonly>true</readonly>
         <executable>true</executable>
         <run_address>0x1a578</run_address>
         <size>0x38</size>
         <alignment>0x4</alignment>
         <input_file_ref idref="fl-7"/>
      </object_component>
      <object_component id="oc-189">
         <name>.text._Z12ST7735_writeiPKcj</name>
         <load_address>0x1a5b0</load_address>
         <readonly>true</readonly>
         <executable>true</executable>
         <run_address>0x1a5b0</run_address>
         <size>0x34</size>
         <alignment>0x2</alignment>
         <input_file_ref idref="fl-b"/>
      </object_component>
      <object_component id="oc-242">
         <name>.text._Z14Clock_Delay1msj</name>
         <load_address>0x1a5e4</load_address>
         <readonly>true</readonly>
         <executable>true</executable>
         <run_address>0x1a5e4</run_address>
         <size>0x34</size>
         <alignment>0x4</alignment>
         <input_file_ref idref="fl-1"/>
      </object_component>
      <object_component id="oc-1e9">
         <name>.text._Z16ST7735_SetCursorjj</name>
         <load_address>0x1a618</load_address>
         <readonly>true</readonly>
         <executable>true</executable>
         <run_address>0x1a618</run_address>
         <size>0x34</size>
         <alignment>0x4</alignment>
         <input_file_ref idref="fl-b"/>
      </object_component>
      <object_component id="oc-20a">
         <name>.text.__TI_cleanup</name>
         <load_address>0x1a64c</load_address>
         <readonly>true</readonly>
         <executable>true</executable>
         <run_address>0x1a64c</run_address>
         <size>0x34</size>
         <alignment>0x4</alignment>
         <input_file_ref idref="fl-34"/>
      </object_component>
      <object_component id="oc-293">
         <name>.text.__TI_readmsg</name>
         <load_address>0x1a680</load_address>
         <readonly>true</readonly>
         <executable>true</executable>
         <run_address>0x1a680</run_address>
         <size>0x34</size>
         <alignment>0x4</alignment>
         <input_file_ref idref="fl-f7"/>
      </object_component>
      <object_component id="oc-28d">
         <name>.text.__TI_writemsg</name>
         <load_address>0x1a6b4</load_address>
         <readonly>true</readonly>
         <executable>true</executable>
         <run_address>0x1a6b4</run_address>
         <size>0x34</size>
         <alignment>0x4</alignment>
         <input_file_ref idref="fl-f7"/>
      </object_component>
      <object_component id="oc-136">
         <name>.text.exit</name>
         <load_address>0x1a6e8</load_address>
         <readonly>true</readonly>
         <executable>true</executable>
         <run_address>0x1a6e8</run_address>
         <size>0x34</size>
         <alignment>0x4</alignment>
         <input_file_ref idref="fl-37"/>
      </object_component>
      <object_component id="oc-1f1">
         <name>.text.finddevice</name>
         <load_address>0x1a71c</load_address>
         <readonly>true</readonly>
         <executable>true</executable>
         <run_address>0x1a71c</run_address>
         <size>0x34</size>
         <alignment>0x4</alignment>
         <input_file_ref idref="fl-109"/>
      </object_component>
      <object_component id="oc-181">
         <name>.text.freopen</name>
         <load_address>0x1a750</load_address>
         <readonly>true</readonly>
         <executable>true</executable>
         <run_address>0x1a750</run_address>
         <size>0x34</size>
         <alignment>0x4</alignment>
         <input_file_ref idref="fl-34"/>
      </object_component>
      <object_component id="oc-1e7">
         <name>.text._ZL10commonInitPKh</name>
         <load_address>0x1a784</load_address>
         <readonly>true</readonly>
         <executable>true</executable>
         <run_address>0x1a784</run_address>
         <size>0x30</size>
         <alignment>0x4</alignment>
         <input_file_ref idref="fl-b"/>
      </object_component>
      <object_component id="oc-11f">
         <name>.text._ZN6Player14translateRightEv</name>
         <load_address>0x1a7b4</load_address>
         <readonly>true</readonly>
         <executable>true</executable>
         <run_address>0x1a7b4</run_address>
         <size>0x30</size>
         <alignment>0x2</alignment>
         <input_file_ref idref="fl-9"/>
      </object_component>
      <object_component id="oc-b6">
         <name>.text.__cxx_global_var_init.10</name>
         <load_address>0x1a7e4</load_address>
         <readonly>true</readonly>
         <executable>true</executable>
         <run_address>0x1a7e4</run_address>
         <size>0x30</size>
         <alignment>0x4</alignment>
         <input_file_ref idref="fl-6"/>
      </object_component>
      <object_component id="oc-b7">
         <name>.text.__cxx_global_var_init.11</name>
         <load_address>0x1a814</load_address>
         <readonly>true</readonly>
         <executable>true</executable>
         <run_address>0x1a814</run_address>
         <size>0x30</size>
         <alignment>0x4</alignment>
         <input_file_ref idref="fl-6"/>
      </object_component>
      <object_component id="oc-bb">
         <name>.text.__cxx_global_var_init.15</name>
         <load_address>0x1a844</load_address>
         <readonly>true</readonly>
         <executable>true</executable>
         <run_address>0x1a844</run_address>
         <size>0x30</size>
         <alignment>0x4</alignment>
         <input_file_ref idref="fl-6"/>
      </object_component>
      <object_component id="oc-c0">
         <name>.text.__cxx_global_var_init.20</name>
         <load_address>0x1a874</load_address>
         <readonly>true</readonly>
         <executable>true</executable>
         <run_address>0x1a874</run_address>
         <size>0x30</size>
         <alignment>0x4</alignment>
         <input_file_ref idref="fl-6"/>
      </object_component>
      <object_component id="oc-c1">
         <name>.text.__cxx_global_var_init.21</name>
         <load_address>0x1a8a4</load_address>
         <readonly>true</readonly>
         <executable>true</executable>
         <run_address>0x1a8a4</run_address>
         <size>0x30</size>
         <alignment>0x4</alignment>
         <input_file_ref idref="fl-6"/>
      </object_component>
      <object_component id="oc-c2">
         <name>.text.__cxx_global_var_init.22</name>
         <load_address>0x1a8d4</load_address>
         <readonly>true</readonly>
         <executable>true</executable>
         <run_address>0x1a8d4</run_address>
         <size>0x30</size>
         <alignment>0x4</alignment>
         <input_file_ref idref="fl-6"/>
      </object_component>
      <object_component id="oc-b1">
         <name>.text.__cxx_global_var_init.5</name>
         <load_address>0x1a904</load_address>
         <readonly>true</readonly>
         <executable>true</executable>
         <run_address>0x1a904</run_address>
         <size>0x30</size>
         <alignment>0x4</alignment>
         <input_file_ref idref="fl-6"/>
      </object_component>
      <object_component id="oc-b5">
         <name>.text.__cxx_global_var_init.9</name>
         <load_address>0x1a934</load_address>
         <readonly>true</readonly>
         <executable>true</executable>
         <run_address>0x1a934</run_address>
         <size>0x30</size>
         <alignment>0x4</alignment>
         <input_file_ref idref="fl-6"/>
      </object_component>
      <object_component id="oc-17b">
         <name>.text.fopen</name>
         <load_address>0x1a964</load_address>
         <readonly>true</readonly>
         <executable>true</executable>
         <run_address>0x1a964</run_address>
         <size>0x30</size>
         <alignment>0x4</alignment>
         <input_file_ref idref="fl-34"/>
      </object_component>
      <object_component id="oc-1ca">
         <name>.text._Z12UART2_InCharv</name>
         <load_address>0x1a994</load_address>
         <readonly>true</readonly>
         <executable>true</executable>
         <run_address>0x1a994</run_address>
         <size>0x2c</size>
         <alignment>0x4</alignment>
         <input_file_ref idref="fl-12"/>
      </object_component>
      <object_component id="oc-e5">
         <name>.text._Z17ST7735_FillScreent</name>
         <load_address>0x1a9c0</load_address>
         <readonly>true</readonly>
         <executable>true</executable>
         <run_address>0x1a9c0</run_address>
         <size>0x2c</size>
         <alignment>0x4</alignment>
         <input_file_ref idref="fl-b"/>
      </object_component>
      <object_component id="oc-11e">
         <name>.text._ZN6Player13translateDownEv</name>
         <load_address>0x1a9ec</load_address>
         <readonly>true</readonly>
         <executable>true</executable>
         <run_address>0x1a9ec</run_address>
         <size>0x2c</size>
         <alignment>0x2</alignment>
         <input_file_ref idref="fl-9"/>
      </object_component>
      <object_component id="oc-120">
         <name>.text._ZN6Player13translateLeftEv</name>
         <load_address>0x1aa18</load_address>
         <readonly>true</readonly>
         <executable>true</executable>
         <run_address>0x1aa18</run_address>
         <size>0x2c</size>
         <alignment>0x2</alignment>
         <input_file_ref idref="fl-9"/>
      </object_component>
      <object_component id="oc-b0">
         <name>.text.__cxx_global_var_init.4</name>
         <load_address>0x1aa44</load_address>
         <readonly>true</readonly>
         <executable>true</executable>
         <run_address>0x1aa44</run_address>
         <size>0x2c</size>
         <alignment>0x4</alignment>
         <input_file_ref idref="fl-6"/>
      </object_component>
      <object_component id="oc-b4">
         <name>.text.__cxx_global_var_init.8</name>
         <load_address>0x1aa70</load_address>
         <readonly>true</readonly>
         <executable>true</executable>
         <run_address>0x1aa70</run_address>
         <size>0x2c</size>
         <alignment>0x4</alignment>
         <input_file_ref idref="fl-6"/>
      </object_component>
      <object_component id="oc-2ba">
         <name>.text.unlink</name>
         <load_address>0x1aa9c</load_address>
         <readonly>true</readonly>
         <executable>true</executable>
         <run_address>0x1aa9c</run_address>
         <size>0x2c</size>
         <alignment>0x4</alignment>
         <input_file_ref idref="fl-ef"/>
      </object_component>
      <object_component id="oc-e8">
         <name>.text._Z10IRxmt_Initv</name>
         <load_address>0x1aac8</load_address>
         <readonly>true</readonly>
         <executable>true</executable>
         <run_address>0x1aac8</run_address>
         <size>0x28</size>
         <alignment>0x4</alignment>
         <input_file_ref idref="fl-4"/>
      </object_component>
      <object_component id="oc-19b">
         <name>.text._Z9ADC_StartP10ADC12_Regs</name>
         <load_address>0x1aaf0</load_address>
         <readonly>true</readonly>
         <executable>true</executable>
         <run_address>0x1aaf0</run_address>
         <size>0x28</size>
         <alignment>0x4</alignment>
         <input_file_ref idref="fl-10"/>
      </object_component>
      <object_component id="oc-284">
         <name>.text.free_list_insert</name>
         <load_address>0x1ab18</load_address>
         <readonly>true</readonly>
         <executable>true</executable>
         <run_address>0x1ab18</run_address>
         <size>0x28</size>
         <alignment>0x4</alignment>
         <input_file_ref idref="fl-3b"/>
      </object_component>
      <object_component id="oc-2b1">
         <name>.text.write</name>
         <load_address>0x1ab40</load_address>
         <readonly>true</readonly>
         <executable>true</executable>
         <run_address>0x1ab40</run_address>
         <size>0x28</size>
         <alignment>0x4</alignment>
         <input_file_ref idref="fl-e8"/>
      </object_component>
      <object_component id="oc-68">
         <name>.text:_c_int00_noargs</name>
         <load_address>0x1ab68</load_address>
         <readonly>true</readonly>
         <executable>true</executable>
         <run_address>0x1ab68</run_address>
         <size>0x28</size>
         <alignment>0x4</alignment>
         <input_file_ref idref="fl-3f"/>
      </object_component>
      <object_component id="oc-8a">
         <name>.text._ZN8SlidePot4SaveEj</name>
         <load_address>0x1ab90</load_address>
         <readonly>true</readonly>
         <executable>true</executable>
         <run_address>0x1ab90</run_address>
         <size>0x24</size>
         <alignment>0x4</alignment>
         <input_file_ref idref="fl-c"/>
      </object_component>
      <object_component id="oc-ba">
         <name>.text.__cxx_global_var_init.14</name>
         <load_address>0x1abb4</load_address>
         <readonly>true</readonly>
         <executable>true</executable>
         <run_address>0x1abb4</run_address>
         <size>0x24</size>
         <alignment>0x4</alignment>
         <input_file_ref idref="fl-6"/>
      </object_component>
      <object_component id="oc-bc">
         <name>.text.__cxx_global_var_init.16</name>
         <load_address>0x1abd8</load_address>
         <readonly>true</readonly>
         <executable>true</executable>
         <run_address>0x1abd8</run_address>
         <size>0x24</size>
         <alignment>0x4</alignment>
         <input_file_ref idref="fl-6"/>
      </object_component>
      <object_component id="oc-bd">
         <name>.text.__cxx_global_var_init.17</name>
         <load_address>0x1abfc</load_address>
         <readonly>true</readonly>
         <executable>true</executable>
         <run_address>0x1abfc</run_address>
         <size>0x24</size>
         <alignment>0x4</alignment>
         <input_file_ref idref="fl-6"/>
      </object_component>
      <object_component id="oc-be">
         <name>.text.__cxx_global_var_init.18</name>
         <load_address>0x1ac20</load_address>
         <readonly>true</readonly>
         <executable>true</executable>
         <run_address>0x1ac20</run_address>
         <size>0x24</size>
         <alignment>0x4</alignment>
         <input_file_ref idref="fl-6"/>
      </object_component>
      <object_component id="oc-bf">
         <name>.text.__cxx_global_var_init.19</name>
         <load_address>0x1ac44</load_address>
         <readonly>true</readonly>
         <executable>true</executable>
         <run_address>0x1ac44</run_address>
         <size>0x24</size>
         <alignment>0x4</alignment>
         <input_file_ref idref="fl-6"/>
      </object_component>
      <object_component id="oc-ae">
         <name>.text.__cxx_global_var_init.2</name>
         <load_address>0x1ac68</load_address>
         <readonly>true</readonly>
         <executable>true</executable>
         <run_address>0x1ac68</run_address>
         <size>0x24</size>
         <alignment>0x4</alignment>
         <input_file_ref idref="fl-6"/>
      </object_component>
      <object_component id="oc-af">
         <name>.text.__cxx_global_var_init.3</name>
         <load_address>0x1ac8c</load_address>
         <readonly>true</readonly>
         <executable>true</executable>
         <run_address>0x1ac8c</run_address>
         <size>0x24</size>
         <alignment>0x4</alignment>
         <input_file_ref idref="fl-6"/>
      </object_component>
      <object_component id="oc-b2">
         <name>.text.__cxx_global_var_init.6</name>
         <load_address>0x1acb0</load_address>
         <readonly>true</readonly>
         <executable>true</executable>
         <run_address>0x1acb0</run_address>
         <size>0x24</size>
         <alignment>0x4</alignment>
         <input_file_ref idref="fl-6"/>
      </object_component>
      <object_component id="oc-c5">
         <name>.text._ZN5Queue6IsFullEv</name>
         <load_address>0x1acd4</load_address>
         <readonly>true</readonly>
         <executable>true</executable>
         <run_address>0x1acd4</run_address>
         <size>0x22</size>
         <alignment>0x2</alignment>
         <input_file_ref idref="fl-3"/>
      </object_component>
      <object_component id="oc-104">
         <name>.text._ZN8SlidePot4SyncEv</name>
         <load_address>0x1acf6</load_address>
         <readonly>true</readonly>
         <executable>true</executable>
         <run_address>0x1acf6</run_address>
         <size>0x20</size>
         <alignment>0x2</alignment>
         <input_file_ref idref="fl-c"/>
      </object_component>
      <object_component id="oc-b9">
         <name>.text.__cxx_global_var_init.13</name>
         <load_address>0x1ad18</load_address>
         <readonly>true</readonly>
         <executable>true</executable>
         <run_address>0x1ad18</run_address>
         <size>0x20</size>
         <alignment>0x4</alignment>
         <input_file_ref idref="fl-6"/>
      </object_component>
      <object_component id="oc-b3">
         <name>.text.__cxx_global_var_init.7</name>
         <load_address>0x1ad38</load_address>
         <readonly>true</readonly>
         <executable>true</executable>
         <run_address>0x1ad38</run_address>
         <size>0x20</size>
         <alignment>0x4</alignment>
         <input_file_ref idref="fl-6"/>
      </object_component>
      <object_component id="oc-1ad">
         <name>.text._ZL9pushColort</name>
         <load_address>0x1ad58</load_address>
         <readonly>true</readonly>
         <executable>true</executable>
         <run_address>0x1ad58</run_address>
         <size>0x1e</size>
         <alignment>0x2</alignment>
         <input_file_ref idref="fl-b"/>
      </object_component>
      <object_component id="oc-37">
         <name>.text.Default_Handler</name>
         <load_address>0x1ad78</load_address>
         <readonly>true</readonly>
         <executable>true</executable>
         <run_address>0x1ad78</run_address>
         <size>0x1c</size>
         <alignment>0x4</alignment>
         <input_file_ref idref="fl-13"/>
      </object_component>
      <object_component id="oc-38">
         <name>.text.HardFault_Handler</name>
         <load_address>0x1ad94</load_address>
         <readonly>true</readonly>
         <executable>true</executable>
         <run_address>0x1ad94</run_address>
         <size>0x1c</size>
         <alignment>0x4</alignment>
         <input_file_ref idref="fl-13"/>
      </object_component>
      <object_component id="oc-8b">
         <name>.text._Z9Switch_Inv</name>
         <load_address>0x1adb0</load_address>
         <readonly>true</readonly>
         <executable>true</executable>
         <run_address>0x1adb0</run_address>
         <size>0x1c</size>
         <alignment>0x4</alignment>
         <input_file_ref idref="fl-f"/>
      </object_component>
      <object_component id="oc-14b">
         <name>.text._ZN6PlayerC2Ev</name>
         <load_address>0x1adcc</load_address>
         <readonly>true</readonly>
         <executable>true</executable>
         <run_address>0x1adcc</run_address>
         <size>0x1c</size>
         <alignment>0x2</alignment>
         <input_file_ref idref="fl-9"/>
      </object_component>
      <object_component id="oc-282">
         <name>.text.free_list_remove</name>
         <load_address>0x1ade8</load_address>
         <readonly>true</readonly>
         <executable>true</executable>
         <run_address>0x1ade8</run_address>
         <size>0x1c</size>
         <alignment>0x4</alignment>
         <input_file_ref idref="fl-3b"/>
      </object_component>
      <object_component id="oc-e7">
         <name>.text._Z11Switch_Initv</name>
         <load_address>0x1ae04</load_address>
         <readonly>true</readonly>
         <executable>true</executable>
         <run_address>0x1ae04</run_address>
         <size>0x18</size>
         <alignment>0x4</alignment>
         <input_file_ref idref="fl-f"/>
      </object_component>
      <object_component id="oc-18c">
         <name>.text._Z11ST7735_openPKcji</name>
         <load_address>0x1ae1c</load_address>
         <readonly>true</readonly>
         <executable>true</executable>
         <run_address>0x1ae1c</run_address>
         <size>0x16</size>
         <alignment>0x2</alignment>
         <input_file_ref idref="fl-b"/>
      </object_component>
      <object_component id="oc-18a">
         <name>.text._Z11ST7735_readiPcj</name>
         <load_address>0x1ae32</load_address>
         <readonly>true</readonly>
         <executable>true</executable>
         <run_address>0x1ae32</run_address>
         <size>0x16</size>
         <alignment>0x2</alignment>
         <input_file_ref idref="fl-b"/>
      </object_component>
      <object_component id="oc-5f">
         <name>.text:decompress:ZI:__TI_zero_init_nomemset</name>
         <load_address>0x1ae48</load_address>
         <readonly>true</readonly>
         <executable>true</executable>
[...]
         <value>0x1b001</value>
         <object_component_ref idref="oc-10c"/>
      </symbol>
      <symbol id="sm-2de">
         <name>_ZN8SlidePot9DistanceYEv</name>
         <value>0x1b00d</value>
         <object_component_ref idref="oc-10b"/>
      </symbol>
      <symbol id="sm-2df">
         <name>_ZN8SlidePotC1Ev</name>
         <value>0x1af99</value>
         <object_component_ref idref="oc-14a"/>
      </symbol>
      <symbol id="sm-2ec">
         <name>_Z10Sound_Initv</name>
         <value>0x1a4c9</value>
         <object_component_ref idref="oc-ee"/>
      </symbol>
      <symbol id="sm-2ed">
         <name>SysTick_Handler</name>
         <value>0x1906f</value>
         <object_component_ref idref="oc-39"/>
      </symbol>
      <symbol id="sm-2fa">
         <name>_Z11Switch_Initv</name>
         <value>0x1ae05</value>
         <object_component_ref idref="oc-e7"/>
      </symbol>
      <symbol id="sm-2fb">
         <name>_Z9Switch_Inv</name>
         <value>0x1adb1</value>
         <object_component_ref idref="oc-8b"/>
      </symbol>
      <symbol id="sm-311">
         <name>_Z8ADC_InitP10ADC12_Regsjj</name>
         <value>0x1833d</value>
         <object_component_ref idref="oc-19a"/>
      </symbol>
      <symbol id="sm-312">
         <name>_Z9ADC_StartP10ADC12_Regs</name>
         <value>0x1aaf1</value>
         <object_component_ref idref="oc-19b"/>
      </symbol>
      <symbol id="sm-313">
         <name>_Z9UART_Initv</name>
         <value>0x18969</value>
         <object_component_ref idref="oc-19c"/>
      </symbol>
      <symbol id="sm-314">
         <name>TIMG7_IRQHandler</name>
         <value>0x1a34d</value>
         <object_component_ref idref="oc-43"/>
      </symbol>
      <symbol id="sm-315">
         <name>TExaSadc</name>
         <value>0x20200848</value>
         <object_component_ref idref="oc-81"/>
      </symbol>
      <symbol id="sm-316">
         <name>TExaSLogic</name>
         <value>0x20200844</value>
         <object_component_ref idref="oc-82"/>
      </symbol>
      <symbol id="sm-317">
         <name>_Z10TExaS_InitP10ADC12_RegsjPFhvE</name>
         <value>0x19e05</value>
         <object_component_ref idref="oc-ef"/>
      </symbol>
      <symbol id="sm-324">
         <name>_Z14TimerG7_IntArmtjj</name>
         <value>0x18f25</value>
         <object_component_ref idref="oc-19e"/>
      </symbol>
      <symbol id="sm-325">
         <name>_Z15TimerG12_IntArmjj</name>
         <value>0x19379</value>
         <object_component_ref idref="oc-f0"/>
      </symbol>
      <symbol id="sm-342">
         <name>FIFO2</name>
         <value>0x20200278</value>
         <object_component_ref idref="oc-7d"/>
      </symbol>
      <symbol id="sm-343">
         <name>_Z10UART2_Initv</name>
         <value>0x18c19</value>
         <object_component_ref idref="oc-ed"/>
      </symbol>
      <symbol id="sm-344">
         <name>LostData</name>
         <value>0x20200840</value>
         <object_component_ref idref="oc-7e"/>
      </symbol>
      <symbol id="sm-345">
         <name>_Z13UART2_Disablev</name>
         <value>0x1af01</value>
         <object_component_ref idref="oc-1cb"/>
      </symbol>
      <symbol id="sm-346">
         <name>_Z12UART2_Enablev</name>
         <value>0x1aef1</value>
         <object_component_ref idref="oc-1cd"/>
      </symbol>
      <symbol id="sm-347">
         <name>_Z12UART2_InCharv</name>
         <value>0x1a995</value>
         <object_component_ref idref="oc-1ca"/>
      </symbol>
      <symbol id="sm-348">
         <name>UART2_IRQHandler</name>
         <value>0x1992d</value>
         <object_component_ref idref="oc-3e"/>
      </symbol>
      <symbol id="sm-359">
         <name>Default_Handler</name>
         <value>0x1ad79</value>
         <object_component_ref idref="oc-37"/>
      </symbol>
      <symbol id="sm-35a">
         <name>Reset_Handler</name>
         <value>0x1b069</value>
         <object_component_ref idref="oc-33"/>
      </symbol>
      <symbol id="sm-35b">
         <name>HardFault_Handler</name>
         <value>0x1ad95</value>
         <object_component_ref idref="oc-38"/>
      </symbol>
      <symbol id="sm-35c">
         <name>interruptVectors</name>
         <value>0x0</value>
         <object_component_ref idref="oc-18"/>
      </symbol>
      <symbol id="sm-35d">
         <name>NMI_Handler</name>
         <value>0x1ad79</value>
         <object_component_ref idref="oc-37"/>
      </symbol>
      <symbol id="sm-35e">
         <name>SVC_Handler</name>
         <value>0x1ad79</value>
         <object_component_ref idref="oc-37"/>
      </symbol>
      <symbol id="sm-35f">
         <name>PendSV_Handler</name>
         <value>0x1ad79</value>
         <object_component_ref idref="oc-37"/>
      </symbol>
      <symbol id="sm-360">
         <name>GROUP0_IRQHandler</name>
         <value>0x1ad79</value>
         <object_component_ref idref="oc-37"/>
      </symbol>
      <symbol id="sm-361">
         <name>GROUP1_IRQHandler</name>
         <value>0x1ad79</value>
         <object_component_ref idref="oc-37"/>
      </symbol>
      <symbol id="sm-362">
         <name>TIMG8_IRQHandler</name>
         <value>0x1ad79</value>
         <object_component_ref idref="oc-37"/>
      </symbol>
      <symbol id="sm-363">
         <name>UART3_IRQHandler</name>
         <value>0x1ad79</value>
         <object_component_ref idref="oc-37"/>
      </symbol>
      <symbol id="sm-364">
         <name>ADC0_IRQHandler</name>
         <value>0x1ad79</value>
         <object_component_ref idref="oc-37"/>
      </symbol>
      <symbol id="sm-365">
         <name>ADC1_IRQHandler</name>
         <value>0x1ad79</value>
         <object_component_ref idref="oc-37"/>
      </symbol>
      <symbol id="sm-366">
         <name>CANFD0_IRQHandler</name>
         <value>0x1ad79</value>
         <object_component_ref idref="oc-37"/>
      </symbol>
      <symbol id="sm-367">
         <name>DAC0_IRQHandler</name>
         <value>0x1ad79</value>
         <object_component_ref idref="oc-37"/>
      </symbol>
      <symbol id="sm-368">
         <name>SPI0_IRQHandler</name>
         <value>0x1ad79</value>
         <object_component_ref idref="oc-37"/>
      </symbol>
      <symbol id="sm-369">
         <name>SPI1_IRQHandler</name>
         <value>0x1ad79</value>
         <object_component_ref idref="oc-37"/>
      </symbol>
      <symbol id="sm-36a">
         <name>UART1_IRQHandler</name>
         <value>0x1ad79</value>
         <object_component_ref idref="oc-37"/>
      </symbol>
      <symbol id="sm-36b">
         <name>UART0_IRQHandler</name>
         <value>0x1ad79</value>
         <object_component_ref idref="oc-37"/>
      </symbol>
      <symbol id="sm-36c">
         <name>TIMG0_IRQHandler</name>
         <value>0x1ad79</value>
         <object_component_ref idref="oc-37"/>
      </symbol>
      <symbol id="sm-36d">
         <name>TIMG6_IRQHandler</name>
         <value>0x1ad79</value>
         <object_component_ref idref="oc-37"/>
      </symbol>
      <symbol id="sm-36e">
         <name>TIMA0_IRQHandler</name>
         <value>0x1ad79</value>
         <object_component_ref idref="oc-37"/>
      </symbol>
      <symbol id="sm-36f">
         <name>TIMA1_IRQHandler</name>
         <value>0x1ad79</value>
         <object_component_ref idref="oc-37"/>
      </symbol>
      <symbol id="sm-370">
         <name>I2C0_IRQHandler</name>
         <value>0x1ad79</value>
         <object_component_ref idref="oc-37"/>
      </symbol>
      <symbol id="sm-371">
         <name>I2C1_IRQHandler</name>
         <value>0x1ad79</value>
         <object_component_ref idref="oc-37"/>
      </symbol>
      <symbol id="sm-372">
         <name>AES_IRQHandler</name>
         <value>0x1ad79</value>
         <object_component_ref idref="oc-37"/>
      </symbol>
      <symbol id="sm-373">
         <name>RTC_IRQHandler</name>
         <value>0x1ad79</value>
         <object_component_ref idref="oc-37"/>
      </symbol>
      <symbol id="sm-374">
         <name>DMA_IRQHandler</name>
         <value>0x1ad79</value>
         <object_component_ref idref="oc-37"/>
      </symbol>
      <symbol id="sm-375">
         <name>__TI_ATRegion0_src_addr</name>
         <value>0x0</value>
      </symbol>
      <symbol id="sm-376">
         <name>__TI_ATRegion0_trg_addr</name>
         <value>0x0</value>
      </symbol>
      <symbol id="sm-377">
         <name>__TI_ATRegion0_region_sz</name>
         <value>0x0</value>
      </symbol>
      <symbol id="sm-378">
         <name>__TI_ATRegion1_src_addr</name>
         <value>0x0</value>
      </symbol>
      <symbol id="sm-379">
         <name>__TI_ATRegion1_trg_addr</name>
         <value>0x0</value>
      </symbol>
      <symbol id="sm-37a">
         <name>__TI_ATRegion1_region_sz</name>
         <value>0x0</value>
      </symbol>
      <symbol id="sm-37b">
         <name>__TI_ATRegion2_src_addr</name>
         <value>0x0</value>
      </symbol>
      <symbol id="sm-37c">
         <name>__TI_ATRegion2_trg_addr</name>
         <value>0x0</value>
      </symbol>
      <symbol id="sm-37d">
         <name>__TI_ATRegion2_region_sz</name>
         <value>0x0</value>
      </symbol>
      <symbol id="sm-396">
         <name>fopen</name>
         <value>0x1a965</value>
         <object_component_ref idref="oc-17b"/>
      </symbol>
      <symbol id="sm-397">
         <name>__TI_cleanup</name>
         <value>0x1a64d</value>
         <object_component_ref idref="oc-20a"/>
      </symbol>
      <symbol id="sm-398">
         <name>freopen</name>
         <value>0x1a751</value>
         <object_component_ref idref="oc-181"/>
      </symbol>
      <symbol id="sm-3a2">
         <name>setvbuf</name>
         <value>0x18b39</value>
         <object_component_ref idref="oc-182"/>
      </symbol>
      <symbol id="sm-3b1">
         <name>abort</name>
         <value>0x1b06d</value>
         <object_component_ref idref="oc-131"/>
      </symbol>
      <symbol id="sm-3b2">
         <name>C$$EXIT</name>
         <value>0x1b06c</value>
         <object_component_ref idref="oc-131"/>
      </symbol>
      <symbol id="sm-3b3">
         <name>__TI_cleanup_ptr</name>
         <value>0x2020042c</value>
         <object_component_ref idref="oc-1d8"/>
      </symbol>
      <symbol id="sm-3b4">
         <name>__TI_dtors_ptr</name>
         <value>0x20200430</value>
         <object_component_ref idref="oc-1d8"/>
      </symbol>
      <symbol id="sm-3b5">
         <name>exit</name>
         <value>0x1a6e9</value>
         <object_component_ref idref="oc-136"/>
      </symbol>
      <symbol id="sm-3be">
         <name>_nop</name>
         <value>0x1973f</value>
         <object_component_ref idref="oc-238"/>
      </symbol>
      <symbol id="sm-3bf">
         <name>_lock</name>
         <value>0x2020044c</value>
         <object_component_ref idref="oc-1d6"/>
      </symbol>
      <symbol id="sm-3c0">
         <name>_unlock</name>
         <value>0x20200450</value>
         <object_component_ref idref="oc-1d9"/>
      </symbol>
      <symbol id="sm-3c6">
         <name>_ftable</name>
         <value>0x20200000</value>
         <object_component_ref idref="oc-190"/>
      </symbol>
      <symbol id="sm-3c7">
         <name>__TI_ft_end</name>
         <value>0x20200448</value>
         <object_component_ref idref="oc-26c"/>
      </symbol>
      <symbol id="sm-3c8">
         <name>__TI_tmpnams</name>
         <value>0x20200790</value>
         <object_component_ref idref="oc-27f"/>
      </symbol>
      <symbol id="sm-3eb">
         <name>malloc</name>
         <value>0x1b025</value>
         <object_component_ref idref="oc-209"/>
      </symbol>
      <symbol id="sm-3ec">
         <name>aligned_alloc</name>
         <value>0x1857d</value>
         <object_component_ref idref="oc-285"/>
      </symbol>
      <symbol id="sm-3ed">
         <name>free</name>
         <value>0x18a51</value>
         <object_component_ref idref="oc-207"/>
      </symbol>
      <symbol id="sm-3ee">
         <name>_sys_memory</name>
         <value>0x20200470</value>
         <object_component_ref idref="oc-31"/>
      </symbol>
      <symbol id="sm-3ef">
         <name>memalign</name>
         <value>0x1857d</value>
         <object_component_ref idref="oc-285"/>
      </symbol>
      <symbol id="sm-3f9">
         <name>__TI_zero_init_nomemset</name>
         <value>0x1ae49</value>
         <object_component_ref idref="oc-5f"/>
      </symbol>
      <symbol id="sm-402">
         <name>__TI_decompress_none</name>
         <value>0x1aecd</value>
         <object_component_ref idref="oc-20"/>
      </symbol>
      <symbol id="sm-40d">
         <name>__TI_decompress_lzss</name>
         <value>0x19839</value>
         <object_component_ref idref="oc-1c"/>
      </symbol>
      <symbol id="sm-418">
         <name>_c_int00_noargs</name>
         <value>0x1ab69</value>
         <object_component_ref idref="oc-68"/>
      </symbol>
      <symbol id="sm-419">
         <name>__stack</name>
         <value>0x20207e00</value>
         <object_component_ref idref="oc-1a"/>
      </symbol>
      <symbol id="sm-426">
         <name>__TI_closefile</name>
         <value>0x197bd</value>
         <object_component_ref idref="oc-201"/>
      </symbol>
      <symbol id="sm-430">
         <name>__TI_doflush</name>
         <value>0x1a0ab</value>
         <object_component_ref idref="oc-271"/>
      </symbol>
      <symbol id="sm-43e">
         <name>__TI_auto_init_nobinit</name>
         <value>0x1a005</value>
         <object_component_ref idref="oc-13e"/>
      </symbol>
      <symbol id="sm-446">
         <name>_system_pre_init</name>
         <value>0x195ad</value>
         <object_component_ref idref="oc-9d"/>
      </symbol>
      <symbol id="sm-459">
         <name>write</name>
         <value>0x1ab41</value>
         <object_component_ref idref="oc-2b1"/>
      </symbol>
      <symbol id="sm-45e">
         <name>_device</name>
         <value>0x20200178</value>
         <object_component_ref idref="oc-1f8"/>
      </symbol>
      <symbol id="sm-45f">
         <name>_stream</name>
         <value>0x202001f0</value>
         <object_component_ref idref="oc-2ad"/>
      </symbol>
      <symbol id="sm-468">
         <name>remove</name>
         <value>0x1b061</value>
         <object_component_ref idref="oc-27b"/>
      </symbol>
      <symbol id="sm-474">
         <name>open</name>
         <value>0x19071</value>
         <object_component_ref idref="oc-26d"/>
      </symbol>
      <symbol id="sm-47f">
         <name>close</name>
         <value>0x1a14d</value>
         <object_component_ref idref="oc-277"/>
      </symbol>
      <symbol id="sm-48b">
         <name>add_device</name>
         <value>0x1887d</value>
         <object_component_ref idref="oc-177"/>
      </symbol>
      <symbol id="sm-495">
         <name>unlink</name>
         <value>0x1aa9d</value>
         <object_component_ref idref="oc-2ba"/>
      </symbol>
      <symbol id="sm-49f">
         <name>HOSTclose</name>
         <value>0x1a19d</value>
         <object_component_ref idref="oc-24f"/>
      </symbol>
      <symbol id="sm-4a9">
         <name>HOSTlseek</name>
         <value>0x19a85</value>
         <object_component_ref idref="oc-25b"/>
      </symbol>
      <symbol id="sm-4b3">
         <name>HOSTopen</name>
         <value>0x19cf5</value>
         <object_component_ref idref="oc-24b"/>
      </symbol>
      <symbol id="sm-4b4">
         <name>parmbuf</name>
         <value>0x20200830</value>
         <object_component_ref idref="oc-294"/>
      </symbol>
      <symbol id="sm-4be">
         <name>HOSTread</name>
         <value>0x19d55</value>
         <object_component_ref idref="oc-253"/>
      </symbol>
      <symbol id="sm-4cf">
         <name>HOSTrename</name>
         <value>0x19af1</value>
         <object_component_ref idref="oc-263"/>
      </symbol>
      <symbol id="sm-4d9">
         <name>HOSTunlink</name>
         <value>0x1a1e5</value>
         <object_component_ref idref="oc-25f"/>
      </symbol>
      <symbol id="sm-4e3">
         <name>HOSTwrite</name>
         <value>0x19dad</value>
         <object_component_ref idref="oc-257"/>
      </symbol>
      <symbol id="sm-4f1">
         <name>C$$IO$$</name>
         <value>0x1a6e1</value>
         <object_component_ref idref="oc-28d"/>
      </symbol>
      <symbol id="sm-4f2">
         <name>__TI_writemsg</name>
         <value>0x1a6b5</value>
         <object_component_ref idref="oc-28d"/>
      </symbol>
      <symbol id="sm-4f3">
         <name>__CIOBUF_</name>
         <value>0x20200670</value>
         <object_component_ref idref="oc-2c5"/>
      </symbol>
      <symbol id="sm-4f4">
         <name>__TI_readmsg</name>
         <value>0x1a681</value>
         <object_component_ref idref="oc-293"/>
      </symbol>
      <symbol id="sm-4f5">
         <name>_CIOBUF_</name>
         <value>0x20200670</value>
         <object_component_ref idref="oc-2c5"/>
      </symbol>
      <symbol id="sm-4fb">
         <name>__aeabi_idiv</name>
         <value>0x19e5d</value>
         <object_component_ref idref="oc-c6"/>
      </symbol>
      <symbol id="sm-4fc">
         <name>__aeabi_idivmod</name>
         <value>0x19e5d</value>
         <object_component_ref idref="oc-c6"/>
      </symbol>
      <symbol id="sm-502">
         <name>__aeabi_memcpy</name>
         <value>0x1b059</value>
         <object_component_ref idref="oc-58"/>
      </symbol>
      <symbol id="sm-503">
         <name>__aeabi_memcpy4</name>
         <value>0x1b059</value>
         <object_component_ref idref="oc-58"/>
      </symbol>
      <symbol id="sm-504">
         <name>__aeabi_memcpy8</name>
         <value>0x1b059</value>
         <object_component_ref idref="oc-58"/>
      </symbol>
      <symbol id="sm-50b">
         <name>__aeabi_memclr</name>
         <value>0x1b019</value>
         <object_component_ref idref="oc-98"/>
      </symbol>
      <symbol id="sm-50c">
         <name>__aeabi_memclr4</name>
         <value>0x1b019</value>
         <object_component_ref idref="oc-98"/>
      </symbol>
      <symbol id="sm-50d">
         <name>__aeabi_memclr8</name>
         <value>0x1b019</value>
         <object_component_ref idref="oc-98"/>
      </symbol>
      <symbol id="sm-513">
         <name>__aeabi_uidiv</name>
         <value>0x1a3cd</value>
         <object_component_ref idref="oc-106"/>
      </symbol>
      <symbol id="sm-514">
         <name>__aeabi_uidivmod</name>
         <value>0x1a3cd</value>
         <object_component_ref idref="oc-106"/>
      </symbol>
      <symbol id="sm-51f">
         <name>__aeabi_idiv0</name>
         <value>0x19523</value>
         <object_component_ref idref="oc-161"/>
      </symbol>
      <symbol id="sm-52d">
         <name>finddevice</name>
         <value>0x1a71d</value>
         <object_component_ref idref="oc-1f1"/>
      </symbol>
      <symbol id="sm-52e">
         <name>getdevice</name>
         <value>0x19b5d</value>
         <object_component_ref idref="oc-2ab"/>
      </symbol>
      <symbol id="sm-537">
         <name>TI_memcpy_small</name>
         <value>0x1aebb</value>
         <object_component_ref idref="oc-d0"/>
      </symbol>
      <symbol id="sm-540">
         <name>TI_memset_small</name>
         <value>0x1afc3</value>
         <object_component_ref idref="oc-168"/>
      </symbol>
      <symbol id="sm-548">
         <name>strcmp</name>
         <value>0x195b1</value>
         <object_component_ref idref="oc-245"/>
      </symbol>
      <symbol id="sm-549">
         <name>__TI_static_base__</name>
         <value>0x0</value>
      </symbol>
      <symbol id="sm-54c">
         <name>__mpu_init</name>
         <value>0x0</value>
      </symbol>
      <symbol id="sm-54d">
         <name>_system_post_cinit</name>
         <value>0x0</value>
      </symbol>
   </symbol_table>
   <title>Link successful</title>
</link_info>
