******************************************************************************
            TI ARM Clang Linker PC v4.0.1                      
******************************************************************************
>> Linked Tue Apr 22 22:47:12 2025

OUTPUT FILE NAME:   <MadMines.out>
ENTRY POINT SYMBOL: "_c_int00_noargs"  address: 0001ef41


MEMORY CONFIGURATION

         name            origin    length      used     unused   attr    fill
----------------------  --------  ---------  --------  --------  ----  --------
  FLASH                 00000000   00020000  0001fb10  000004f0  R  X
  SRAM                  20200000   00008000  00001a6c  00006594  RW X
  BCR_CONFIG            41c00000   00000080  00000000  00000080  R   
  BSL_CONFIG            41c00100   00000080  00000000  00000080  R   


SEGMENT ALLOCATION MAP

run origin  load origin   length   init length attrs members
----------  ----------- ---------- ----------- ----- -------
00000000    00000000    0001fb10   0001fb10    r-x
  00000000    00000000    000000c0   000000c0    r-- .intvecs
  000000c0    000000c0    000185e0   000185e0    r-- .rodata
  000186a0    000186a0    00006e40   00006e40    r-x .text
  0001f4e0    0001f4e0    00000008   00000008    r-- .init_array
  0001f4e8    0001f4e8    00000628   00000628    r-- .cinit
20200000    20200000    00001870   00000000    rw-
  20200000    20200000    00001469   00000000    rw- .data
  2020146c    2020146c    00000203   00000000    rw- .bss
  20201670    20201670    00000200   00000000    rw- .sysmem
20207e00    20207e00    00000200   00000000    rw-
  20207e00    20207e00    00000200   00000000    rw- .stack


SECTION ALLOCATION MAP

 output                                  attributes/
section   page    origin      length       input sections
--------  ----  ----------  ----------   ----------------
.intvecs   0    00000000    000000c0     
                  00000000    000000c0     startup_mspm0g3507_ticlang.o (.intvecs)

.binit     0    00000000    00000000     

.text      0    000186a0    00006e40     
                  000186a0    00000e20     Lab9HMain.o (.text.main)
                  000194c0    00000510     Machine.o (.text._ZN7Machine10updateCartEh)
                  000199d0    000004c8     Machine.o (.text._ZN7Machine11updateAnvilEh)
                  00019e98    0000040c     Machine.o (.text._ZN7Machine10updateRockEh)
                  0001a2a4    0000038c     Machine.o (.text._ZN7Machine14updateCountersEhPS_)
                  0001a630    00000340     Machine.o (.text._ZN7Machine13updateSmelterEh)
                  0001a970    000002b8     Machine.o (.text._ZN7Machine10printAnvilEv)
                  0001ac28    000002b0     Machine.o (.text._ZN7Machine13printCountersEPS_)
                  0001aed8    00000244     Player.o (.text._ZN6Player8inBoundsEssPP7Machinehh)
                  0001b11c    00000230     Lab9HMain.o (.text._Z17setUpInstructionsh)
                  0001b34c    00000210     ST7735.o (.text._Z17ST7735_DrawBitmapssPKtss)
                  0001b55c    000001d8     Machine.o (.text._ZN7Machine9printCartEv)
                  0001b734    000001b8     Machine.o (.text._ZN7Machine12printSmelterEv)
                  0001b8ec    000001b4     Clock.o (.text._Z15Clock_Init80MHzi)
                  0001baa0    000001a4     ST7735.o (.text._Z15ST7735_DrawCharsscssh)
                  0001bc44    000001a0     ST7735.o (.text._Z16ST7735_DrawCharSsscssh)
                  0001bde4    00000198     Machine.o (.text._ZN7Machine13computeRecipeEPaa)
                  0001bf7c    0000017c     Machine.o (.text._ZN7Machine9printRockEv)
                  0001c0f8    00000160     Machine.o (.text._ZN7Machine15updateAnvilMenuEPaa)
                  0001c258    0000015c     Machine.o (.text._ZN7Machine13cartSendErrorEhh)
                  0001c3b4    00000154     libc.a : fopen.c.obj (.text._openfile)
                  0001c508    00000128     TExaS.o (.text._Z8ADC_InitP10ADC12_Regsjj)
                  0001c630    00000118     ST7735.o (.text._Z15ST7735_FillRectsssst)
                  0001c748    00000114     libc.a : memory.c.obj (.text.aligned_alloc)
                  0001c85c    000000f8     SPI.o (.text._Z8SPI_Initv)
                  0001c954    000000f4     ST7735.o (.text._Z18ST7735_SetRotationh)
                  0001ca48    000000ec     libsysbm.a : add_device.c.obj (.text.add_device)
                  0001cb34    000000e8     TExaS.o (.text._Z9UART_Initv)
                  0001cc1c    000000e8     libc.a : memory.c.obj (.text.free)
                  0001cd04    000000e0            : setvbuf.c.obj (.text.setvbuf)
                  0001cde4    000000dc     UART2.o (.text._Z10UART2_Initv)
                  0001cec0    000000d8     ST7735.o (.text._Z14ST7735_OutCharc)
                  0001cf98    000000cc     Lab9HMain.o (.text._Z10printScoreshhh)
                  0001d064    000000b0     ST7735.o (.text._Z20ST7735_DrawFastHLinessst)
                  0001d114    000000b0     ST7735.o (.text._Z20ST7735_DrawFastVLinessst)
                  0001d1c4    000000a8     Timer.o (.text._Z14TimerG7_IntArmtjj)
                  0001d26c    000000a2     ST7735.o (.text._ZL11commandListPKh)
                  0001d30e    00000002     libclang_rt.builtins.a : aeabi_div0.c.obj (.text.__aeabi_idiv0)
                  0001d310    000000a0     libsysbm.a : open.c.obj (.text.open)
                  0001d3b0    0000009c     ST7735.o (.text._Z17ST7735_InitPrintfv)
                  0001d44c    0000009c     Player.o (.text._ZN6Player14checkProximityE7Machine)
                  0001d4e8    00000098     ST7735.o (.text._Z12ST7735_InitR10initRFlags)
                  0001d580    00000098     Player.o (.text._ZN6Player16resetCoordinatesEPsS0_)
                  0001d618    00000094     Timer.o (.text._Z15TimerG12_IntArmjj)
                  0001d6ac    00000090     Sound.o (.text._Z11Sound_Starth)
                  0001d73c    0000008c     ST7735.o (.text._Z17ST7735_DrawStringttPcs)
                  0001d7c8    0000008c     Machine.o (.text._ZN7MachineC2Ehhhhhhhhhh)
                  0001d854    0000008c     SlidePot.o (.text._ZN8SlidePot4InitEv)
                  0001d8e0    00000088     ST7735.o (.text._ZL13setAddrWindowhhhh)
                  0001d968    00000008     UART2.o (.text._GLOBAL__sub_I_UART2.cpp)
                  0001d970    00000088     libc.a : strcmp-armv6m.S.obj (.text:strcmp)
                  0001d9f8    00000084     Machine.o (.text._ZN7MachineC2Ehhhhhhhhh)
                  0001da7c    0000007c     LaunchPad.o (.text._Z14LaunchPad_Initv)
                  0001daf8    0000007c     libc.a : fclose.c.obj (.text.__TI_closefile)
                  0001db74    0000007c            : copy_decompress_lzss.c.obj (.text:decompress:lzss)
                  0001dbf0    00000074     UART2.o (.text.UART2_IRQHandler)
                  0001dc64    00000074     IRxmt.o (.text._Z13IRxmt_SendBiti)
                  0001dcd8    00000070     ST7735.o (.text._Z16ST7735_DrawPixelsst)
                  0001dd48    0000006e     Player.o (.text._ZN6Player15getMachineInputE7Machine)
                  0001ddb6    00000002     libc.a : _lock.c.obj (.text._nop)
                  0001ddb8    0000006c     libsysbm.a : hostlseek.c.obj (.text.HOSTlseek)
                  0001de24    0000006c                : hostrename.c.obj (.text.HOSTrename)
                  0001de90    0000006c     Lab9HMain.o (.text._GLOBAL__sub_I_Lab9HMain.cpp)
                  0001defc    0000006c     libc.a : getdevice.c.obj (.text.getdevice)
                  0001df68    00000064     Machine.o (.text._ZN7MachineC2Ehhhhhh)
                  0001dfcc    00000064     libc.a : memory.c.obj (.text.split)
                  0001e030    00000060     libsysbm.a : hostopen.c.obj (.text.HOSTopen)
                  0001e090    00000058                : hostread.c.obj (.text.HOSTread)
                  0001e0e8    00000058                : hostwrite.c.obj (.text.HOSTwrite)
                  0001e140    00000058     Sound.o (.text.SysTick_Handler)
                  0001e198    00000058     TExaS.o (.text._Z10TExaS_InitP10ADC12_RegsjPFhvE)
                  0001e1f0    00000056     libclang_rt.builtins.a : aeabi_idivmod.S.obj (.text.__aeabi_idivmod)
                  0001e246    00000002     --HOLE-- [fill = 0]
                  0001e248    00000054     Player.o (.text._ZN6Player14printPosessionEh)
                  0001e29c    00000054     Player.o (.text._ZN6Player8moveLeftEv)
                  0001e2f0    00000054     Player.o (.text._ZN6Player9moveRightEv)
                  0001e344    00000054     SlidePot.o (.text._ZN8SlidePot2InEv)
                  0001e398    00000054     libc.a : autoinit.c.obj (.text:__TI_auto_init_nobinit)
                  0001e3ec    00000052     Player.o (.text._ZN6Player8moveDownEv)
                  0001e43e    00000052     libc.a : fflush.c.obj (.text.__TI_doflush)
                  0001e490    00000050     Lab9HMain.o (.text.__cxx_global_var_init.13)
                  0001e4e0    00000050     libsysbm.a : close.c.obj (.text.close)
                  0001e530    0000004c     FIFO2.o (.text._ZN5Queue3GetEPc)
                  0001e57c    0000004c     FIFO2.o (.text._ZN5Queue3PutEc)
                  0001e5c8    00000048     libsysbm.a : hostclose.c.obj (.text.HOSTclose)
                  0001e610    00000048                : hostunlink.c.obj (.text.HOSTunlink)
                  0001e658    00000048     IRxmt.o (.text._Z13IRxmt_OutCharc)
                  0001e6a0    00000048     SPI.o (.text._Z14SPI_OutCommandc)
                  0001e6e8    00000040     TExaS.o (.text.TIMG7_IRQHandler)
                  0001e728    00000040     Sound.o (.text._Z10Sound_Initv)
                  0001e768    00000040     SPI.o (.text._Z9SPI_Resetv)
                  0001e7a8    00000040     libclang_rt.builtins.a : aeabi_uidivmod.S.obj (.text.__aeabi_uidivmod)
                  0001e7e8    00000040     Lab9HMain.o (.text.__cxx_global_var_init.26)
                  0001e828    00000040     libc.a : fopen.c.obj (.text._search_fp)
                  0001e868    0000003c     Lab9HMain.o (.text.TIMG12_IRQHandler)
                  0001e8a4    0000003c     DAC5.o (.text._Z9DAC5_Initv)
                  0001e8e0    0000003c     Player.o (.text._ZN6Player6moveUpEv)
                  0001e91c    00000038     SPI.o (.text._Z11SPI_OutDatac)
                  0001e954    00000038     LaunchPad.o (.text._Z15ActivatePortA_Bv)
                  0001e98c    00000034     ST7735.o (.text._Z12ST7735_writeiPKcj)
                  0001e9c0    00000034     Clock.o (.text._Z14Clock_Delay1msj)
                  0001e9f4    00000034     ST7735.o (.text._Z16ST7735_SetCursorjj)
                  0001ea28    00000034     libc.a : fopen.c.obj (.text.__TI_cleanup)
                  0001ea5c    00000034     libsysbm.a : trgmsg.c.obj (.text.__TI_readmsg)
                  0001ea90    00000034                : trgmsg.c.obj (.text.__TI_writemsg)
                  0001eac4    00000034     libc.a : exit.c.obj (.text.exit)
                  0001eaf8    00000034            : getdevice.c.obj (.text.finddevice)
                  0001eb2c    00000034            : fopen.c.obj (.text.freopen)
                  0001eb60    00000030     ST7735.o (.text._ZL10commonInitPKh)
                  0001eb90    00000030     Player.o (.text._ZN6Player14translateRightEv)
                  0001ebc0    00000030     Lab9HMain.o (.text.__cxx_global_var_init.10)
                  0001ebf0    00000030     Lab9HMain.o (.text.__cxx_global_var_init.11)
                  0001ec20    00000030     Lab9HMain.o (.text.__cxx_global_var_init.12)
                  0001ec50    00000030     Lab9HMain.o (.text.__cxx_global_var_init.17)
                  0001ec80    00000030     Lab9HMain.o (.text.__cxx_global_var_init.23)
                  0001ecb0    00000030     Lab9HMain.o (.text.__cxx_global_var_init.24)
                  0001ece0    00000030     Lab9HMain.o (.text.__cxx_global_var_init.25)
                  0001ed10    00000030     Lab9HMain.o (.text.__cxx_global_var_init.5)
                  0001ed40    00000030     libc.a : fopen.c.obj (.text.fopen)
                  0001ed70    0000002c     UART2.o (.text._Z12UART2_InCharv)
                  0001ed9c    0000002c     ST7735.o (.text._Z17ST7735_FillScreent)
                  0001edc8    0000002c     Player.o (.text._ZN6Player13translateDownEv)
                  0001edf4    0000002c     Player.o (.text._ZN6Player13translateLeftEv)
                  0001ee20    0000002c     Lab9HMain.o (.text.__cxx_global_var_init.9)
                  0001ee4c    0000002c     libsysbm.a : unlink.c.obj (.text.unlink)
                  0001ee78    00000028     IRxmt.o (.text._Z10IRxmt_Initv)
                  0001eea0    00000028     TExaS.o (.text._Z9ADC_StartP10ADC12_Regs)
                  0001eec8    00000028     Lab9HMain.o (.text.__cxx_global_var_init.4)
                  0001eef0    00000028     libc.a : memory.c.obj (.text.free_list_insert)
                  0001ef18    00000028     libsysbm.a : write.c.obj (.text.write)
                  0001ef40    00000028     libc.a : boot_cortex_m.c.obj (.text:_c_int00_noargs)
                  0001ef68    00000026     ST7735.o (.text._Z16ST7735_OutStringPc)
                  0001ef8e    00000002     --HOLE-- [fill = 0]
                  0001ef90    00000024     SlidePot.o (.text._ZN8SlidePot4SaveEj)
                  0001efb4    00000024     Lab9HMain.o (.text.__cxx_global_var_init.16)
                  0001efd8    00000024     Lab9HMain.o (.text.__cxx_global_var_init.18)
                  0001effc    00000024     Lab9HMain.o (.text.__cxx_global_var_init.19)
                  0001f020    00000024     Lab9HMain.o (.text.__cxx_global_var_init.20)
                  0001f044    00000024     Lab9HMain.o (.text.__cxx_global_var_init.21)
                  0001f068    00000024     Lab9HMain.o (.text.__cxx_global_var_init.22)
                  0001f08c    00000024     Lab9HMain.o (.text.__cxx_global_var_init.2)
                  0001f0b0    00000024     Lab9HMain.o (.text.__cxx_global_var_init.3)
                  0001f0d4    00000024     Lab9HMain.o (.text.__cxx_global_var_init.6)
                  0001f0f8    00000024     Lab9HMain.o (.text.__cxx_global_var_init.8)
                  0001f11c    00000022     FIFO2.o (.text._ZN5Queue6IsFullEv)
                  0001f13e    00000002     --HOLE-- [fill = 0]
                  0001f140    00000020     DAC5.o (.text._Z8DAC5_Outj)
                  0001f160    00000020     SlidePot.o (.text._ZN8SlidePot4SyncEv)
                  0001f180    00000020     Lab9HMain.o (.text.__cxx_global_var_init.14)
                  0001f1a0    00000020     Lab9HMain.o (.text.__cxx_global_var_init.7)
                  0001f1c0    0000001e     ST7735.o (.text._ZL9pushColort)
                  0001f1de    00000002     --HOLE-- [fill = 0]
                  0001f1e0    0000001c     startup_mspm0g3507_ticlang.o (.text.Default_Handler)
                  0001f1fc    0000001c     startup_mspm0g3507_ticlang.o (.text.HardFault_Handler)
                  0001f218    0000001c     Switch.o (.text._Z9Switch_Inv)
                  0001f234    0000001c     Player.o (.text._ZN6PlayerC2Ev)
                  0001f250    0000001c     libc.a : memory.c.obj (.text.free_list_remove)
                  0001f26c    00000018     Switch.o (.text._Z11Switch_Initv)
                  0001f284    00000016     ST7735.o (.text._Z11ST7735_openPKcji)
                  0001f29a    00000016     ST7735.o (.text._Z11ST7735_readiPcj)
                  0001f2b0    00000016     libc.a : copy_zero_init.c.obj (.text:decompress:ZI:__TI_zero_init_nomemset)
                  0001f2c6    00000014     FIFO2.o (.text._ZN5Queue7IsEmptyEv)
                  0001f2da    00000012     Player.o (.text._ZN6Player13setPossessionEh)
                  0001f2ec    00000012     Player.o (.text._ZN6Player7setXPosEs)
                  0001f2fe    00000012     Player.o (.text._ZN6Player7setYPosEs)
                  0001f310    00000012     Machine.o (.text._ZN7Machine11setRockTypeEh)
                  0001f322    00000012     libc.a : memcpy16.S.obj (.text:TI_memcpy_small)
                  0001f334    00000012            : copy_decompress_none.c.obj (.text:decompress:none)
                  0001f346    00000010     Clock.o (.text._Z11Clock_Delayj)
                  0001f356    00000002     --HOLE-- [fill = 0]
                  0001f358    00000010     UART2.o (.text._Z12UART2_Enablev)
                  0001f368    00000010     UART2.o (.text._Z13UART2_Disablev)
                  0001f378    00000010     Lab9HMain.o (.text._Z28TExaS_LaunchPadLogicPB27PB26v)
                  0001f388    00000010     FIFO2.o (.text._ZN5QueueC2Ev)
                  0001f398    00000010     Lab9HMain.o (.text.__cxx_global_var_init.1)
                  0001f3a8    00000010     Lab9HMain.o (.text.__cxx_global_var_init)
                  0001f3b8    00000010     UART2.o (.text.__cxx_global_var_init)
                  0001f3c8    0000000e     libc.a : memory.c.obj (.text.OUTLINED_FUNCTION_0)
                  0001f3d6    0000000e     ST7735.o (.text._Z12ST7735_lseekili)
                  0001f3e4    0000000e     Player.o (.text._ZN6Player7getXPosEv)
                  0001f3f2    0000000e     Player.o (.text._ZN6Player7getYPosEv)
                  0001f400    0000000e     SlidePot.o (.text._ZN8SlidePotC2Ev)
                  0001f40e    0000000e     libsysbm.a : hostrename.c.obj (.text.strcpy)
                  0001f41c    0000000e                : hostrename.c.obj (.text.strlen)
                  0001f42a    0000000e     libc.a : memset16.S.obj (.text:TI_memset_small)
                  0001f438    0000000c     Clock.o (.text._Z10Clock_Freqv)
                  0001f444    0000000c     ST7735.o (.text._Z13ST7735_renamePKcS0_)
                  0001f450    0000000c     IRxmt.o (.text._Z5Delayj)
                  0001f45c    0000000c     Player.o (.text._ZN6Player7getSizeEv)
                  0001f468    0000000c     SlidePot.o (.text._ZN8SlidePot9DistanceXEv)
                  0001f474    0000000c     SlidePot.o (.text._ZN8SlidePot9DistanceYEv)
                  0001f480    0000000c     libclang_rt.builtins.a : aeabi_memset.S.obj (.text.__aeabi_memclr)
                  0001f48c    0000000c     libc.a : memory.c.obj (.text.malloc)
                  0001f498    0000000a     Sound.o (.text._Z11Sound_Clangv)
                  0001f4a2    0000000a     ST7735.o (.text._Z12ST7735_closei)
                  0001f4ac    0000000a     ST7735.o (.text._Z13ST7735_unlinkPKc)
                  0001f4b6    0000000a     Lab9HMain.o (.text._Z8PLL_Initv)
                  0001f4c0    00000008     libclang_rt.builtins.a : aeabi_memcpy.S.obj (.text.__aeabi_memcpy)
                  0001f4c8    00000008     libsysbm.a : remove.c.obj (.text.remove)
                  0001f4d0    00000004     startup_mspm0g3507_ticlang.o (.text.Reset_Handler)
                  0001f4d4    00000004     libc.a : pre_init.c.obj (.text._system_pre_init)
                  0001f4d8    00000004            : exit.c.obj (.text:abort)
                  0001f4dc    00000004     --HOLE-- [fill = 0]

.cinit     0    0001f4e8    00000628     
                  0001f4e8    00000600     (.cinit..data.load) [load image, compression = lzss]
                  0001fae8    0000000c     (__TI_handler_table)
                  0001faf4    00000008     (.cinit..bss.load) [load image, compression = zero_init]
                  0001fafc    00000010     (__TI_cinit_table)
                  0001fb0c    00000004     --HOLE-- [fill = 0]

.rodata    0    000000c0    000185e0     
                  000000c0    00002800     Machine.o (.rodata._ZL4todo)
                  000028c0    00002700     Machine.o (.rodata._ZL9anvilMenu)
                  00004fc0    00001ba8     Sound.o (.rodata._ZL7correct)
                  00006b68    00001b44     Sound.o (.rodata._ZL5clang)
                  000086ac    00001008     Machine.o (.rodata._ZL11smelterFail)
                  000096b4    00001008     Machine.o (.rodata._ZL14smelterWorking)
                  0000a6bc    00001008     Machine.o (.rodata._ZL16smelterHighlight)
                  0000b6c4    00001008     Machine.o (.rodata._ZL20smelterFailHighlight)
                  0000c6cc    00001008     Machine.o (.rodata._ZL7smelter)
                  0000d6d4    00000f78     Machine.o (.rodata._ZL12anvilWorking)
                  0000e64c    00000f78     Machine.o (.rodata._ZL14anvilHighlight)
                  0000f5c4    00000f78     Machine.o (.rodata._ZL5anvil)
                  0001053c    00000f74     Machine.o (.rodata._ZL13cartHighlight)
                  000114b0    00000f74     Machine.o (.rodata._ZL4cart)
                  00012424    00000738     Machine.o (.rodata._ZL13rockWorking_b)
                  00012b5c    00000738     Machine.o (.rodata._ZL15rockHighlight_b)
                  00013294    00000738     Machine.o (.rodata._ZL22rockWorkingHighlight_b)
                  000139cc    00000738     Machine.o (.rodata._ZL6rock_b)
                  00014104    000006e0     Machine.o (.rodata._ZL6ladder)
                  000147e4    00000548     Lab9HMain.o (.rodata._ZL5miner)
                  00014d2c    00000540     Machine.o (.rodata._ZL7counter)
                  0001526c    000004fb     ST7735.o (.rodata._ZL4Font)
                  00015767    00000001     --HOLE-- [fill = 0]
                  00015768    00000348     Machine.o (.rodata._ZL5watch)
                  00015ab0    00000320     Machine.o (.rodata._ZL5trash)
                  00015dd0    000002d2     Machine.o (.rodata._ZL5sword)
                  000160a2    000002ac     Machine.o (.rodata._ZL3key)
                  0001634e    000002a0     Machine.o (.rodata._ZL6shield)
                  000165ee    00000220     Machine.o (.rodata._ZL4ring)
                  0001680e    0000018c     Machine.o (.rodata._ZL10rawDiamond)
                  0001699a    0000018c     Machine.o (.rodata._ZL10rawEmerald)
                  00016b26    0000018c     Machine.o (.rodata._ZL7rawGold)
                  00016cb2    0000018c     Machine.o (.rodata._ZL7rawRuby)
                  00016e3e    0000018c     Machine.o (.rodata._ZL9rawSilver)
                  00016fca    00000168     Machine.o (.rodata._ZL13rockWorking_m)
                  00017132    00000168     Machine.o (.rodata._ZL15rockHighlight_m)
                  0001729a    00000168     Machine.o (.rodata._ZL22rockWorkingHighlight_m)
                  00017402    00000168     Machine.o (.rodata._ZL6rock_m)
                  0001756a    0000010e     Machine.o (.rodata._ZL4gold)
                  00017678    0000010e     Machine.o (.rodata._ZL6silver)
                  00017786    0000010a     Machine.o (.rodata._ZL13rockWorking_t)
                  00017890    0000010a     Machine.o (.rodata._ZL15rockHighlight_t)
                  0001799a    0000010a     Machine.o (.rodata._ZL22rockWorkingHighlight_t)
                  00017aa4    0000010a     Machine.o (.rodata._ZL6rock_t)
                  00017bae    000000dd     Lab9HMain.o (.rodata._ZL13Page3_Spanish)
                  00017c8b    000000d8     Lab9HMain.o (.rodata._ZL13Page2_English)
                  00017d63    00000001     --HOLE-- [fill = 0]
                  00017d64    000000d8     Machine.o (.rodata._ZL4Ruby)
                  00017e3c    000000d8     Machine.o (.rodata._ZL7Diamond)
                  00017f14    000000d8     Machine.o (.rodata._ZL7Emerald)
                  00017fec    000000ce     Lab9HMain.o (.rodata._ZL13Page3_English)
                  000180ba    000000c9     Lab9HMain.o (.rodata._ZL13Page2_Spanish)
                  00018183    000000ac     Lab9HMain.o (.rodata._ZL13Page1_English)
                  0001822f    000000a7     Lab9HMain.o (.rodata._ZL13Page1_Spanish)
                  000182d6    000000a4     Lab9HMain.o (.rodata._ZL13Page4_English)
                  0001837a    000000a2     Lab9HMain.o (.rodata._ZL13Page4_Spanish)
                  0001841c    00000096     Lab9HMain.o (.rodata._ZL13Page5_Spanish)
                  000184b2    00000066     Lab9HMain.o (.rodata._ZL13Page5_English)
                  00018518    0000003b     ST7735.o (.rodata._ZL5Rcmd1)
                  00018553    0000002b     ST7735.o (.rodata._ZL5Rcmd3)
                  0001857e    0000001e     Lab9HMain.o (.rodata._ZL11Won_Spanish)
                  0001859c    0000001e     Lab9HMain.o (.rodata._ZL12Lost_Spanish)
                  000185ba    0000001d     Lab9HMain.o (.rodata._ZL12Lost_English)
                  000185d7    0000001c     Lab9HMain.o (.rodata._ZL11Won_English)
                  000185f3    00000016     ST7735.o (.rodata.str1.128370289436029622301)
                  00018609    00000015     Lab9HMain.o (.rodata.str1.150236657587030721481)
                  0001861e    00000010     Lab9HMain.o (.rodata.str1.36435047076059183751)
                  0001862e    0000000f     Machine.o (.rodata._ZL7recipes)
                  0001863d    0000000d     ST7735.o (.rodata._ZL10Rcmd2green)
                  0001864a    0000000d     ST7735.o (.rodata._ZL8Rcmd2red)
                  00018657    00000008     Lab9HMain.o (.rodata._ZL15Goodbye_English)
                  0001865f    00000008     Lab9HMain.o (.rodata._ZL16Language_English)
                  00018667    00000008     Lab9HMain.o (.rodata._ZL16Language_Spanish)
                  0001866f    00000008     ST7735.o (.rodata.str1.53591972959378542101)
                  00018677    00000007     Lab9HMain.o (.rodata._ZL13Hello_Spanish)
                  0001867e    00000007     ST7735.o (.rodata.str1.28611865845488554281)
                  00018685    00000007     ST7735.o (.rodata.str1.63348317913043414121)
                  0001868c    00000006     Lab9HMain.o (.rodata._ZL13Hello_English)
                  00018692    00000006     Lab9HMain.o (.rodata._ZL15Goodbye_Spanish)
                  00018698    00000002     ST7735.o (.rodata.str1.90642305370257400361)
                  0001869a    00000006     --HOLE-- [fill = 0]

.init_array 
*          0    0001f4e0    00000008     
                  0001f4e0    00000004     UART2.o (.init_array)
                  0001f4e4    00000004     Lab9HMain.o (.init_array)

.data      0    20200000    00001469     UNINITIALIZED
                  20200000    00000f83     Sound.o (.data._ZL5wrong)
                  20200f83    00000001     Lab9HMain.o (.data._ZZ17setUpInstructionshE10currOption)
                  20200f84    000000f0     libc.a : defs.c.obj (.data._ftable)
                  20201074    00000088     Machine.o (.data.sprites)
                  202010fc    00000078     libsysbm.a : host_device.c.obj (.data._device)
                  20201174    00000050                : host_device.c.obj (.data._stream)
                  202011c4    0000003c     Lab9HMain.o (.data.Counters)
                  20201200    0000002d     Lab9HMain.o (.data.Counters2)
                  2020122d    00000001     Machine.o (.data._ZZN7Machine10updateCartEhE8debounce)
                  2020122e    00000002     ST7735.o (.data.StTextColor)
                  20201230    00000028     UART2.o (.data.FIFO2)
                  20201258    00000028     Lab9HMain.o (.data.Instructions)
                  20201280    00000028     Lab9HMain.o (.data.Phrases)
                  202012a8    00000028     Lab9HMain.o (.data.machineArr2)
                  202012d0    0000000f     Lab9HMain.o (.data.m_anvil)
                  202012df    0000000f     Lab9HMain.o (.data.m_cart1)
                  202012ee    0000000f     Lab9HMain.o (.data.m_cart2)
                  202012fd    0000000f     Lab9HMain.o (.data.m_counter1)
                  2020130c    0000000f     Lab9HMain.o (.data.m_counter2)
                  2020131b    0000000f     Lab9HMain.o (.data.m_counter3)
                  2020132a    0000000f     Lab9HMain.o (.data.m_counter4)
                  20201339    0000000f     Lab9HMain.o (.data.m_counter5)
                  20201348    0000000f     Lab9HMain.o (.data.m_counter6)
                  20201357    0000000f     Lab9HMain.o (.data.m_portal)
                  20201366    0000000f     Lab9HMain.o (.data.m_refiner)
                  20201375    0000000f     Lab9HMain.o (.data.m_rock1)
                  20201384    0000000f     Lab9HMain.o (.data.m_rock1Mid)
                  20201393    0000000f     Lab9HMain.o (.data.m_rock1Progress)
                  202013a2    0000000f     Lab9HMain.o (.data.m_rock1Top)
                  202013b1    0000000f     Lab9HMain.o (.data.m_rock2)
                  202013c0    0000000f     Lab9HMain.o (.data.m_rock2Mid)
                  202013cf    0000000f     Lab9HMain.o (.data.m_rock2Top)
                  202013de    0000000f     Lab9HMain.o (.data.m_smelter)
                  202013ed    0000000f     Lab9HMain.o (.data.m_smelterProgress)
                  202013fc    0000000f     Lab9HMain.o (.data.m_todo)
                  2020140b    0000000f     Lab9HMain.o (.data.m_todoDown)
                  2020141a    00000002     ST7735.o (.data._ZL6_width)
                  2020141c    0000000c     Lab9HMain.o (.data.Sensor)
                  20201428    00000008     libc.a : exit.c.obj (.data..L_MergedGlobals)
                  20201430    00000008     Lab9HMain.o (.data.p1)
                  20201438    00000004     Clock.o (.data.BusFreq)
                  2020143c    00000004     ST7735.o (.data.StX)
                  20201440    00000004     ST7735.o (.data.StY)
                  20201444    00000004     libc.a : defs.c.obj (.data.__TI_ft_end)
                  20201448    00000004            : _lock.c.obj (.data._lock)
                  2020144c    00000004            : _lock.c.obj (.data._unlock)
                  20201450    00000002     ST7735.o (.data._ZL7_height)
                  20201452    00000002     Sound.o (.data.clang_size)
                  20201454    00000002     Sound.o (.data.correct_size)
                  20201456    00000002     Sound.o (.data.wrong_size)
                  20201458    00000001     Machine.o (.data._ZZN7Machine10updateRockEhE7halfway)
                  20201459    00000001     Machine.o (.data._ZZN7Machine11updateAnvilEhE10wasWorking)
                  2020145a    00000001     Machine.o (.data._ZZN7Machine11updateAnvilEhE11anvilLength)
                  2020145b    00000001     Machine.o (.data._ZZN7Machine11updateAnvilEhE12menuDebounce)
                  2020145c    00000001     Machine.o (.data._ZZN7Machine14updateCountersEhPS_E8debounce)
                  2020145d    00000001     Machine.o (.data._ZZN7Machine9printCartEvE2in)
                  2020145e    00000001     Machine.o (.data._ZZN7Machine9printCartEvE4sent)
                  2020145f    00000001     Lab9HMain.o (.data.deadTimer)
                  20201460    00000001     libsysbm.a : add_device.c.obj (.data.add_device.device_init)
                  20201461    00000001     Lab9HMain.o (.data.input)
                  20201462    00000001     Lab9HMain.o (.data.numCounters)
                  20201463    00000001     Machine.o (.data.progH)
                  20201464    00000001     libc.a : memory.c.obj (.data.memory_is_initialized)
                  20201465    00000001     Machine.o (.data.progW)
                  20201466    00000002     --HOLE--
                  20201468    00000001     libsysbm.a : open.c.obj (.data.open.stream_init)

.bss       0    2020146c    00000203     UNINITIALIZED
                  2020146c    00000120     libsysbm.a : trgmsg.c.obj (.bss:_CIOBUF_)
                  2020158c    000000a0     libc.a : defs.c.obj (.bss.__TI_tmpnams)
                  2020162c    00000014     Machine.o (.bss.ToDoArr)
                  20201640    00000008     libsysbm.a : hostopen.c.obj (.bss.parmbuf)
                  20201648    00000005     Machine.o (.bss._ZZN7Machine11updateAnvilEhE10AnvilItems)
                  2020164d    00000001     ST7735.o (.bss._ZL8ColStart)
                  2020164e    00000002     Sound.o (.bss.soundLength)
                  20201650    00000004     UART2.o (.bss.LostData)
                  20201654    00000004     TExaS.o (.bss.TExaSLogic)
                  20201658    00000004     TExaS.o (.bss.TExaSadc)
                  2020165c    00000004     Sound.o (.bss.soundArr)
                  20201660    00000004     Sound.o (.bss.soundIndex)
                  20201664    00000004     libc.a : memory.c.obj (.bss.sys_free)
                  20201668    00000001     ST7735.o (.bss._ZL8Rotation)
                  20201669    00000001     ST7735.o (.bss._ZL8RowStart)
                  2020166a    00000001     ST7735.o (.bss._ZL8TabColor)
                  2020166b    00000001     Lab9HMain.o (.bss.buttons)
                  2020166c    00000001     Lab9HMain.o (.bss.menuOpen)
                  2020166d    00000001     Sound.o (.bss.sound_flag)
                  2020166e    00000001     Lab9HMain.o (.bss.toDoOpen)

.sysmem    0    20201670    00000200     UNINITIALIZED
                  20201670    00000010     libc.a : memory.c.obj (.sysmem)
                  20201680    000001f0     --HOLE--

.stack     0    20207e00    00000200     UNINITIALIZED
                  20207e00    00000004     libc.a : boot_cortex_m.c.obj (.stack)
                  20207e04    000001fc     --HOLE--

__llvm_prf_cnts 
*          0    20200000    00000000     UNINITIALIZED

__llvm_prf_bits 
*          0    20200000    00000000     UNINITIALIZED

MODULE SUMMARY

       Module                         code    ro data   rw data
       ------                         ----    -------   -------
    .\
       Machine.o                      9470    80981     171    
       Sound.o                        306     14060     3988   
       Lab9HMain.o                    5642    3314      582    
       ST7735.o                       3668    1449      18     
       Player.o                       1650    0         0      
       TExaS.o                        720     0         8      
       Clock.o                        516     0         4      
       UART2.o                        436     4         44     
       SPI.o                          440     0         0      
       SlidePot.o                     330     0         0      
       Timer.o                        316     0         0      
       IRxmt.o                        240     0         0      
       FIFO2.o                        222     0         0      
       LaunchPad.o                    180     0         0      
       DAC5.o                         92      0         0      
       Switch.o                       52      0         0      
    +--+------------------------------+-------+---------+---------+
       Total:                         24280   99808     4815   
                                                               
    .\ticlang\
       startup_mspm0g3507_ticlang.o   60      192       0      
    +--+------------------------------+-------+---------+---------+
       Total:                         60      192       0      
                                                               
    C:\ti\ccs2000\ccs\tools\compiler\ti-cgt-armllvm_4.0.1.LTS\lib\armv6m-ti-none-eabi/c/libc.a
       memory.c.obj                   702     0         5      
       fopen.c.obj                    556     0         0      
       defs.c.obj                     0       0         404    
       setvbuf.c.obj                  224     0         0      
       getdevice.c.obj                160     0         0      
       strcmp-armv6m.S.obj            136     0         0      
       copy_decompress_lzss.c.obj     124     0         0      
       fclose.c.obj                   124     0         0      
       autoinit.c.obj                 84      0         0      
       fflush.c.obj                   82      0         0      
       exit.c.obj                     56      0         8      
       boot_cortex_m.c.obj            40      0         0      
       copy_zero_init.c.obj           22      0         0      
       copy_decompress_none.c.obj     18      0         0      
       memcpy16.S.obj                 18      0         0      
       memset16.S.obj                 14      0         0      
       _lock.c.obj                    2       0         8      
       pre_init.c.obj                 4       0         0      
    +--+------------------------------+-------+---------+---------+
       Total:                         2366    0         425    
                                                               
    C:\ti\ccs2000\ccs\tools\compiler\ti-cgt-armllvm_4.0.1.LTS\lib\armv6m-ti-none-eabi/c/libsysbm.a
       trgmsg.c.obj                   104     0         288    
       add_device.c.obj               236     0         1      
       host_device.c.obj              0       0         200    
       open.c.obj                     160     0         1      
       hostrename.c.obj               136     0         0      
       hostlseek.c.obj                108     0         0      
       hostopen.c.obj                 96      0         8      
       hostread.c.obj                 88      0         0      
       hostwrite.c.obj                88      0         0      
       close.c.obj                    80      0         0      
       hostclose.c.obj                72      0         0      
       hostunlink.c.obj               72      0         0      
       unlink.c.obj                   44      0         0      
       write.c.obj                    40      0         0      
       remove.c.obj                   8       0         0      
    +--+------------------------------+-------+---------+---------+
       Total:                         1332    0         498    
                                                               
    C:\ti\ccs2000\ccs\tools\compiler\ti-cgt-armllvm_4.0.1.LTS\lib\armv6m-ti-none-eabi/libclang_rt.builtins.a
       aeabi_idivmod.S.obj            86      0         0      
       aeabi_uidivmod.S.obj           64      0         0      
       aeabi_memset.S.obj             12      0         0      
       aeabi_memcpy.S.obj             8       0         0      
       aeabi_div0.c.obj               2       0         0      
    +--+------------------------------+-------+---------+---------+
       Total:                         172     0         0      
                                                               
       Heap:                          0       0         512    
       Stack:                         0       0         512    
       Linker Generated:              0       1572      0      
    +--+------------------------------+-------+---------+---------+
       Grand Total:                   28210   101572    6762   


LINKER GENERATED COPY TABLES

__TI_cinit_table @ 0001fafc records: 2, size/record: 8, table size: 16
	.data: load addr=0001f4e8, load size=00000600 bytes, run addr=20200000, run size=00001469 bytes, compression=lzss
	.bss: load addr=0001faf4, load size=00000008 bytes, run addr=2020146c, run size=00000203 bytes, compression=zero_init


LINKER GENERATED HANDLER TABLE

__TI_handler_table @ 0001fae8 records: 3, size/record: 4, table size: 12
	index: 0, handler: __TI_decompress_lzss
	index: 1, handler: __TI_decompress_none
	index: 2, handler: __TI_zero_init


GLOBAL SYMBOLS: SORTED ALPHABETICALLY BY Name 

address   name                                
-------   ----                                
0001f1e1  ADC0_IRQHandler                     
0001f1e1  ADC1_IRQHandler                     
0001f1e1  AES_IRQHandler                      
20201438  BusFreq                             
0001f4d8  C$$EXIT                             
0001eabd  C$$IO$$                             
0001f1e1  CANFD0_IRQHandler                   
202011c4  Counters                            
20201200  Counters2                           
0001f1e1  DAC0_IRQHandler                     
0001f1e1  DMA_IRQHandler                      
0001f1e1  Default_Handler                     
20201230  FIFO2                               
0001f1e1  GROUP0_IRQHandler                   
0001f1e1  GROUP1_IRQHandler                   
0001e5c9  HOSTclose                           
0001ddb9  HOSTlseek                           
0001e031  HOSTopen                            
0001e091  HOSTread                            
0001de25  HOSTrename                          
0001e611  HOSTunlink                          
0001e0e9  HOSTwrite                           
0001f1fd  HardFault_Handler                   
0001f1e1  I2C0_IRQHandler                     
0001f1e1  I2C1_IRQHandler                     
20201258  Instructions                        
20201650  LostData                            
0001f1e1  NMI_Handler                         
0001f1e1  PendSV_Handler                      
20201280  Phrases                             
0001f1e1  RTC_IRQHandler                      
0001f4d1  Reset_Handler                       
0001f4e0  SHT$$INIT_ARRAY$$Base               
0001f4e8  SHT$$INIT_ARRAY$$Limit              
0001f1e1  SPI0_IRQHandler                     
0001f1e1  SPI1_IRQHandler                     
0001f1e1  SVC_Handler                         
2020141c  Sensor                              
2020122e  StTextColor                         
2020143c  StX                                 
20201440  StY                                 
0001e141  SysTick_Handler                     
20201654  TExaSLogic                          
20201658  TExaSadc                            
0001f1e1  TIMA0_IRQHandler                    
0001f1e1  TIMA1_IRQHandler                    
0001f1e1  TIMG0_IRQHandler                    
0001e869  TIMG12_IRQHandler                   
0001f1e1  TIMG6_IRQHandler                    
0001e6e9  TIMG7_IRQHandler                    
0001f1e1  TIMG8_IRQHandler                    
0001f323  TI_memcpy_small                     
0001f42b  TI_memset_small                     
2020162c  ToDoArr                             
0001f1e1  UART0_IRQHandler                    
0001f1e1  UART1_IRQHandler                    
0001dbf1  UART2_IRQHandler                    
0001f1e1  UART3_IRQHandler                    
2020146c  _CIOBUF_                            
0001f439  _Z10Clock_Freqv                     
0001ee79  _Z10IRxmt_Initv                     
0001e729  _Z10Sound_Initv                     
0001e199  _Z10TExaS_InitP10ADC12_RegsjPFhvE   
0001cde5  _Z10UART2_Initv                     
0001cf99  _Z10printScoreshhh                  
0001f347  _Z11Clock_Delayj                    
0001e91d  _Z11SPI_OutDatac                    
0001f285  _Z11ST7735_openPKcji                
0001f29b  _Z11ST7735_readiPcj                 
0001f499  _Z11Sound_Clangv                    
0001d6ad  _Z11Sound_Starth                    
0001f26d  _Z11Switch_Initv                    
0001d4e9  _Z12ST7735_InitR10initRFlags        
0001f4a3  _Z12ST7735_closei                   
0001f3d7  _Z12ST7735_lseekili                 
0001e98d  _Z12ST7735_writeiPKcj               
0001f359  _Z12UART2_Enablev                   
0001ed71  _Z12UART2_InCharv                   
0001e659  _Z13IRxmt_OutCharc                  
0001dc65  _Z13IRxmt_SendBiti                  
0001f445  _Z13ST7735_renamePKcS0_             
0001f4ad  _Z13ST7735_unlinkPKc                
0001f369  _Z13UART2_Disablev                  
0001e9c1  _Z14Clock_Delay1msj                 
0001da7d  _Z14LaunchPad_Initv                 
0001e6a1  _Z14SPI_OutCommandc                 
0001cec1  _Z14ST7735_OutCharc                 
0001d1c5  _Z14TimerG7_IntArmtjj               
0001e955  _Z15ActivatePortA_Bv                
0001b8ed  _Z15Clock_Init80MHzi                
0001baa1  _Z15ST7735_DrawCharsscssh           
0001c631  _Z15ST7735_FillRectsssst            
0001d619  _Z15TimerG12_IntArmjj               
0001bc45  _Z16ST7735_DrawCharSsscssh          
0001dcd9  _Z16ST7735_DrawPixelsst             
0001ef69  _Z16ST7735_OutStringPc              
0001e9f5  _Z16ST7735_SetCursorjj              
0001b34d  _Z17ST7735_DrawBitmapssPKtss        
0001d73d  _Z17ST7735_DrawStringttPcs          
0001ed9d  _Z17ST7735_FillScreent              
0001d3b1  _Z17ST7735_InitPrintfv              
0001b11d  _Z17setUpInstructionsh              
0001c955  _Z18ST7735_SetRotationh             
0001d065  _Z20ST7735_DrawFastHLinessst        
0001d115  _Z20ST7735_DrawFastVLinessst        
0001f379  _Z28TExaS_LaunchPadLogicPB27PB26v   
0001f451  _Z5Delayj                           
0001c509  _Z8ADC_InitP10ADC12_Regsjj          
0001f141  _Z8DAC5_Outj                        
0001f4b7  _Z8PLL_Initv                        
0001c85d  _Z8SPI_Initv                        
0001eea1  _Z9ADC_StartP10ADC12_Regs           
0001e8a5  _Z9DAC5_Initv                       
0001e769  _Z9SPI_Resetv                       
0001f219  _Z9Switch_Inv                       
0001cb35  _Z9UART_Initv                       
0001e531  _ZN5Queue3GetEPc                    
0001e57d  _ZN5Queue3PutEc                     
0001f11d  _ZN5Queue6IsFullEv                  
0001f2c7  _ZN5Queue7IsEmptyEv                 
0001f389  _ZN5QueueC1Ev                       
0001f389  _ZN5QueueC2Ev                       
0001f2db  _ZN6Player13setPossessionEh         
0001edc9  _ZN6Player13translateDownEv         
0001edf5  _ZN6Player13translateLeftEv         
0001d44d  _ZN6Player14checkProximityE7Machine 
0001e249  _ZN6Player14printPosessionEh        
0001eb91  _ZN6Player14translateRightEv        
0001dd49  _ZN6Player15getMachineInputE7Machine
0001d581  _ZN6Player16resetCoordinatesEPsS0_  
0001e8e1  _ZN6Player6moveUpEv                 
0001f45d  _ZN6Player7getSizeEv                
0001f3e5  _ZN6Player7getXPosEv                
0001f3f3  _ZN6Player7getYPosEv                
0001f2ed  _ZN6Player7setXPosEs                
0001f2ff  _ZN6Player7setYPosEs                
0001aed9  _ZN6Player8inBoundsEssPP7Machinehh  
0001e3ed  _ZN6Player8moveDownEv               
0001e29d  _ZN6Player8moveLeftEv               
0001e2f1  _ZN6Player9moveRightEv              
0001f235  _ZN6PlayerC1Ev                      
0001f235  _ZN6PlayerC2Ev                      
0001a971  _ZN7Machine10printAnvilEv           
000194c1  _ZN7Machine10updateCartEh           
00019e99  _ZN7Machine10updateRockEh           
0001f311  _ZN7Machine11setRockTypeEh          
000199d1  _ZN7Machine11updateAnvilEh          
0001b735  _ZN7Machine12printSmelterEv         
0001c259  _ZN7Machine13cartSendErrorEhh       
0001bde5  _ZN7Machine13computeRecipeEPaa      
0001ac29  _ZN7Machine13printCountersEPS_      
0001a631  _ZN7Machine13updateSmelterEh        
0001a2a5  _ZN7Machine14updateCountersEhPS_    
0001c0f9  _ZN7Machine15updateAnvilMenuEPaa    
0001b55d  _ZN7Machine9printCartEv             
0001bf7d  _ZN7Machine9printRockEv             
0001df69  _ZN7MachineC1Ehhhhhh                
0001d9f9  _ZN7MachineC1Ehhhhhhhhh             
0001d7c9  _ZN7MachineC1Ehhhhhhhhhh            
0001df69  _ZN7MachineC2Ehhhhhh                
0001d9f9  _ZN7MachineC2Ehhhhhhhhh             
0001d7c9  _ZN7MachineC2Ehhhhhhhhhh            
0001e345  _ZN8SlidePot2InEv                   
0001d855  _ZN8SlidePot4InitEv                 
0001ef91  _ZN8SlidePot4SaveEj                 
0001f161  _ZN8SlidePot4SyncEv                 
0001f469  _ZN8SlidePot9DistanceXEv            
0001f475  _ZN8SlidePot9DistanceYEv            
0001f401  _ZN8SlidePotC1Ev                    
0001f401  _ZN8SlidePotC2Ev                    
2020146c  __CIOBUF_                           
20208000  __STACK_END                         
00000200  __STACK_SIZE                        
00000200  __SYSMEM_SIZE                       
00000000  __TI_ATRegion0_region_sz            
00000000  __TI_ATRegion0_src_addr             
00000000  __TI_ATRegion0_trg_addr             
00000000  __TI_ATRegion1_region_sz            
00000000  __TI_ATRegion1_src_addr             
00000000  __TI_ATRegion1_trg_addr             
00000000  __TI_ATRegion2_region_sz            
00000000  __TI_ATRegion2_src_addr             
00000000  __TI_ATRegion2_trg_addr             
0001fafc  __TI_CINIT_Base                     
0001fb0c  __TI_CINIT_Limit                    
0001fb0c  __TI_CINIT_Warm                     
0001fae8  __TI_Handler_Table_Base             
0001faf4  __TI_Handler_Table_Limit            
0001e399  __TI_auto_init_nobinit              
0001ea29  __TI_cleanup                        
20201428  __TI_cleanup_ptr                    
0001daf9  __TI_closefile                      
0001db75  __TI_decompress_lzss                
0001f335  __TI_decompress_none                
0001e43f  __TI_doflush                        
2020142c  __TI_dtors_ptr                      
20201444  __TI_ft_end                         
ffffffff  __TI_pprof_out_hndl                 
ffffffff  __TI_prof_data_size                 
ffffffff  __TI_prof_data_start                
0001ea5d  __TI_readmsg                        
00000000  __TI_static_base__                  
2020158c  __TI_tmpnams                        
0001ea91  __TI_writemsg                       
0001f2b1  __TI_zero_init_nomemset             
0001e1f1  __aeabi_idiv                        
0001d30f  __aeabi_idiv0                       
0001e1f1  __aeabi_idivmod                     
0001f481  __aeabi_memclr                      
0001f481  __aeabi_memclr4                     
0001f481  __aeabi_memclr8                     
0001f4c1  __aeabi_memcpy                      
0001f4c1  __aeabi_memcpy4                     
0001f4c1  __aeabi_memcpy8                     
0001e7a9  __aeabi_uidiv                       
0001e7a9  __aeabi_uidivmod                    
ffffffff  __binit__                           
UNDEFED   __mpu_init                          
20207e00  __stack                             
20200000  __start___llvm_prf_bits             
20200000  __start___llvm_prf_cnts             
20200000  __stop___llvm_prf_bits              
20200000  __stop___llvm_prf_cnts              
0001ef41  _c_int00_noargs                     
202010fc  _device                             
20200f84  _ftable                             
20201448  _lock                               
0001ddb7  _nop                                
20201174  _stream                             
20201670  _sys_memory                         
UNDEFED   _system_post_cinit                  
0001f4d5  _system_pre_init                    
2020144c  _unlock                             
0001f4d9  abort                               
0001ca49  add_device                          
0001c749  aligned_alloc                       
ffffffff  binit                               
2020166b  buttons                             
20201452  clang_size                          
0001e4e1  close                               
20201454  correct_size                        
2020145f  deadTimer                           
0001eac5  exit                                
0001eaf9  finddevice                          
0001ed41  fopen                               
0001cc1d  free                                
0001eb2d  freopen                             
0001defd  getdevice                           
20201461  input                               
00000000  interruptVectors                    
202012d0  m_anvil                             
202012df  m_cart1                             
202012ee  m_cart2                             
202012fd  m_counter1                          
2020130c  m_counter2                          
2020131b  m_counter3                          
2020132a  m_counter4                          
20201339  m_counter5                          
20201348  m_counter6                          
20201357  m_portal                            
20201366  m_refiner                           
20201375  m_rock1                             
20201384  m_rock1Mid                          
20201393  m_rock1Progress                     
202013a2  m_rock1Top                          
202013b1  m_rock2                             
202013c0  m_rock2Mid                          
202013cf  m_rock2Top                          
202013de  m_smelter                           
202013ed  m_smelterProgress                   
202013fc  m_todo                              
2020140b  m_todoDown                          
202012a8  machineArr2                         
000186a1  main                                
0001f48d  malloc                              
0001c749  memalign                            
2020166c  menuOpen                            
20201462  numCounters                         
0001d311  open                                
20201430  p1                                  
20201640  parmbuf                             
20201463  progH                               
20201465  progW                               
0001f4c9  remove                              
0001cd05  setvbuf                             
2020165c  soundArr                            
20201660  soundIndex                          
2020164e  soundLength                         
2020166d  sound_flag                          
20201074  sprites                             
0001d971  strcmp                              
2020166e  toDoOpen                            
0001ee4d  unlink                              
0001ef19  write                               
20201456  wrong_size                          


GLOBAL SYMBOLS: SORTED BY Symbol Address 

address   name                                
-------   ----                                
00000000  __TI_ATRegion0_region_sz            
00000000  __TI_ATRegion0_src_addr             
00000000  __TI_ATRegion0_trg_addr             
00000000  __TI_ATRegion1_region_sz            
00000000  __TI_ATRegion1_src_addr             
00000000  __TI_ATRegion1_trg_addr             
00000000  __TI_ATRegion2_region_sz            
00000000  __TI_ATRegion2_src_addr             
00000000  __TI_ATRegion2_trg_addr             
00000000  __TI_static_base__                  
00000000  interruptVectors                    
00000200  __STACK_SIZE                        
00000200  __SYSMEM_SIZE                       
000186a1  main                                
000194c1  _ZN7Machine10updateCartEh           
000199d1  _ZN7Machine11updateAnvilEh          
00019e99  _ZN7Machine10updateRockEh           
0001a2a5  _ZN7Machine14updateCountersEhPS_    
0001a631  _ZN7Machine13updateSmelterEh        
0001a971  _ZN7Machine10printAnvilEv           
0001ac29  _ZN7Machine13printCountersEPS_      
0001aed9  _ZN6Player8inBoundsEssPP7Machinehh  
0001b11d  _Z17setUpInstructionsh              
0001b34d  _Z17ST7735_DrawBitmapssPKtss        
0001b55d  _ZN7Machine9printCartEv             
0001b735  _ZN7Machine12printSmelterEv         
0001b8ed  _Z15Clock_Init80MHzi                
0001baa1  _Z15ST7735_DrawCharsscssh           
0001bc45  _Z16ST7735_DrawCharSsscssh          
0001bde5  _ZN7Machine13computeRecipeEPaa      
0001bf7d  _ZN7Machine9printRockEv             
0001c0f9  _ZN7Machine15updateAnvilMenuEPaa    
0001c259  _ZN7Machine13cartSendErrorEhh       
0001c509  _Z8ADC_InitP10ADC12_Regsjj          
0001c631  _Z15ST7735_FillRectsssst            
0001c749  aligned_alloc                       
0001c749  memalign                            
0001c85d  _Z8SPI_Initv                        
0001c955  _Z18ST7735_SetRotationh             
0001ca49  add_device                          
0001cb35  _Z9UART_Initv                       
0001cc1d  free                                
0001cd05  setvbuf                             
0001cde5  _Z10UART2_Initv                     
0001cec1  _Z14ST7735_OutCharc                 
0001cf99  _Z10printScoreshhh                  
0001d065  _Z20ST7735_DrawFastHLinessst        
0001d115  _Z20ST7735_DrawFastVLinessst        
0001d1c5  _Z14TimerG7_IntArmtjj               
0001d30f  __aeabi_idiv0                       
0001d311  open                                
0001d3b1  _Z17ST7735_InitPrintfv              
0001d44d  _ZN6Player14checkProximityE7Machine 
0001d4e9  _Z12ST7735_InitR10initRFlags        
0001d581  _ZN6Player16resetCoordinatesEPsS0_  
0001d619  _Z15TimerG12_IntArmjj               
0001d6ad  _Z11Sound_Starth                    
0001d73d  _Z17ST7735_DrawStringttPcs          
0001d7c9  _ZN7MachineC1Ehhhhhhhhhh            
0001d7c9  _ZN7MachineC2Ehhhhhhhhhh            
0001d855  _ZN8SlidePot4InitEv                 
0001d971  strcmp                              
0001d9f9  _ZN7MachineC1Ehhhhhhhhh             
0001d9f9  _ZN7MachineC2Ehhhhhhhhh             
0001da7d  _Z14LaunchPad_Initv                 
0001daf9  __TI_closefile                      
0001db75  __TI_decompress_lzss                
0001dbf1  UART2_IRQHandler                    
0001dc65  _Z13IRxmt_SendBiti                  
0001dcd9  _Z16ST7735_DrawPixelsst             
0001dd49  _ZN6Player15getMachineInputE7Machine
0001ddb7  _nop                                
0001ddb9  HOSTlseek                           
0001de25  HOSTrename                          
0001defd  getdevice                           
0001df69  _ZN7MachineC1Ehhhhhh                
0001df69  _ZN7MachineC2Ehhhhhh                
0001e031  HOSTopen                            
0001e091  HOSTread                            
0001e0e9  HOSTwrite                           
0001e141  SysTick_Handler                     
0001e199  _Z10TExaS_InitP10ADC12_RegsjPFhvE   
0001e1f1  __aeabi_idiv                        
0001e1f1  __aeabi_idivmod                     
0001e249  _ZN6Player14printPosessionEh        
0001e29d  _ZN6Player8moveLeftEv               
0001e2f1  _ZN6Player9moveRightEv              
0001e345  _ZN8SlidePot2InEv                   
0001e399  __TI_auto_init_nobinit              
0001e3ed  _ZN6Player8moveDownEv               
0001e43f  __TI_doflush                        
0001e4e1  close                               
0001e531  _ZN5Queue3GetEPc                    
0001e57d  _ZN5Queue3PutEc                     
0001e5c9  HOSTclose                           
0001e611  HOSTunlink                          
0001e659  _Z13IRxmt_OutCharc                  
0001e6a1  _Z14SPI_OutCommandc                 
0001e6e9  TIMG7_IRQHandler                    
0001e729  _Z10Sound_Initv                     
0001e769  _Z9SPI_Resetv                       
0001e7a9  __aeabi_uidiv                       
0001e7a9  __aeabi_uidivmod                    
0001e869  TIMG12_IRQHandler                   
0001e8a5  _Z9DAC5_Initv                       
0001e8e1  _ZN6Player6moveUpEv                 
0001e91d  _Z11SPI_OutDatac                    
0001e955  _Z15ActivatePortA_Bv                
0001e98d  _Z12ST7735_writeiPKcj               
0001e9c1  _Z14Clock_Delay1msj                 
0001e9f5  _Z16ST7735_SetCursorjj              
0001ea29  __TI_cleanup                        
0001ea5d  __TI_readmsg                        
0001ea91  __TI_writemsg                       
0001eabd  C$$IO$$                             
0001eac5  exit                                
0001eaf9  finddevice                          
0001eb2d  freopen                             
0001eb91  _ZN6Player14translateRightEv        
0001ed41  fopen                               
0001ed71  _Z12UART2_InCharv                   
0001ed9d  _Z17ST7735_FillScreent              
0001edc9  _ZN6Player13translateDownEv         
0001edf5  _ZN6Player13translateLeftEv         
0001ee4d  unlink                              
0001ee79  _Z10IRxmt_Initv                     
0001eea1  _Z9ADC_StartP10ADC12_Regs           
0001ef19  write                               
0001ef41  _c_int00_noargs                     
0001ef69  _Z16ST7735_OutStringPc              
0001ef91  _ZN8SlidePot4SaveEj                 
0001f11d  _ZN5Queue6IsFullEv                  
0001f141  _Z8DAC5_Outj                        
0001f161  _ZN8SlidePot4SyncEv                 
0001f1e1  ADC0_IRQHandler                     
0001f1e1  ADC1_IRQHandler                     
0001f1e1  AES_IRQHandler                      
0001f1e1  CANFD0_IRQHandler                   
0001f1e1  DAC0_IRQHandler                     
0001f1e1  DMA_IRQHandler                      
0001f1e1  Default_Handler                     
0001f1e1  GROUP0_IRQHandler                   
0001f1e1  GROUP1_IRQHandler                   
0001f1e1  I2C0_IRQHandler                     
0001f1e1  I2C1_IRQHandler                     
0001f1e1  NMI_Handler                         
0001f1e1  PendSV_Handler                      
0001f1e1  RTC_IRQHandler                      
0001f1e1  SPI0_IRQHandler                     
0001f1e1  SPI1_IRQHandler                     
0001f1e1  SVC_Handler                         
0001f1e1  TIMA0_IRQHandler                    
0001f1e1  TIMA1_IRQHandler                    
0001f1e1  TIMG0_IRQHandler                    
0001f1e1  TIMG6_IRQHandler                    
0001f1e1  TIMG8_IRQHandler                    
0001f1e1  UART0_IRQHandler                    
0001f1e1  UART1_IRQHandler                    
0001f1e1  UART3_IRQHandler                    
0001f1fd  HardFault_Handler                   
0001f219  _Z9Switch_Inv                       
0001f235  _ZN6PlayerC1Ev                      
0001f235  _ZN6PlayerC2Ev                      
0001f26d  _Z11Switch_Initv                    
0001f285  _Z11ST7735_openPKcji                
0001f29b  _Z11ST7735_readiPcj                 
0001f2b1  __TI_zero_init_nomemset             
0001f2c7  _ZN5Queue7IsEmptyEv                 
0001f2db  _ZN6Player13setPossessionEh         
0001f2ed  _ZN6Player7setXPosEs                
0001f2ff  _ZN6Player7setYPosEs                
0001f311  _ZN7Machine11setRockTypeEh          
0001f323  TI_memcpy_small                     
0001f335  __TI_decompress_none                
0001f347  _Z11Clock_Delayj                    
0001f359  _Z12UART2_Enablev                   
0001f369  _Z13UART2_Disablev                  
0001f379  _Z28TExaS_LaunchPadLogicPB27PB26v   
0001f389  _ZN5QueueC1Ev                       
0001f389  _ZN5QueueC2Ev                       
0001f3d7  _Z12ST7735_lseekili                 
0001f3e5  _ZN6Player7getXPosEv                
0001f3f3  _ZN6Player7getYPosEv                
0001f401  _ZN8SlidePotC1Ev                    
0001f401  _ZN8SlidePotC2Ev                    
0001f42b  TI_memset_small                     
0001f439  _Z10Clock_Freqv                     
0001f445  _Z13ST7735_renamePKcS0_             
0001f451  _Z5Delayj                           
0001f45d  _ZN6Player7getSizeEv                
0001f469  _ZN8SlidePot9DistanceXEv            
0001f475  _ZN8SlidePot9DistanceYEv            
0001f481  __aeabi_memclr                      
0001f481  __aeabi_memclr4                     
0001f481  __aeabi_memclr8                     
0001f48d  malloc                              
0001f499  _Z11Sound_Clangv                    
0001f4a3  _Z12ST7735_closei                   
0001f4ad  _Z13ST7735_unlinkPKc                
0001f4b7  _Z8PLL_Initv                        
0001f4c1  __aeabi_memcpy                      
0001f4c1  __aeabi_memcpy4                     
0001f4c1  __aeabi_memcpy8                     
0001f4c9  remove                              
0001f4d1  Reset_Handler                       
0001f4d5  _system_pre_init                    
0001f4d8  C$$EXIT                             
0001f4d9  abort                               
0001f4e0  SHT$$INIT_ARRAY$$Base               
0001f4e8  SHT$$INIT_ARRAY$$Limit              
0001fae8  __TI_Handler_Table_Base             
0001faf4  __TI_Handler_Table_Limit            
0001fafc  __TI_CINIT_Base                     
0001fb0c  __TI_CINIT_Limit                    
0001fb0c  __TI_CINIT_Warm                     
20200000  __start___llvm_prf_bits             
20200000  __start___llvm_prf_cnts             
20200000  __stop___llvm_prf_bits              
20200000  __stop___llvm_prf_cnts              
20200f84  _ftable                             
20201074  sprites                             
202010fc  _device                             
20201174  _stream                             
202011c4  Counters                            
20201200  Counters2                           
2020122e  StTextColor                         
20201230  FIFO2                               
20201258  Instructions                        
20201280  Phrases                             
202012a8  machineArr2                         
202012d0  m_anvil                             
202012df  m_cart1                             
202012ee  m_cart2                             
202012fd  m_counter1                          
2020130c  m_counter2                          
2020131b  m_counter3                          
2020132a  m_counter4                          
20201339  m_counter5                          
20201348  m_counter6                          
20201357  m_portal                            
20201366  m_refiner                           
20201375  m_rock1                             
20201384  m_rock1Mid                          
20201393  m_rock1Progress                     
202013a2  m_rock1Top                          
202013b1  m_rock2                             
202013c0  m_rock2Mid                          
202013cf  m_rock2Top                          
202013de  m_smelter                           
202013ed  m_smelterProgress                   
202013fc  m_todo                              
2020140b  m_todoDown                          
2020141c  Sensor                              
20201428  __TI_cleanup_ptr                    
2020142c  __TI_dtors_ptr                      
20201430  p1                                  
20201438  BusFreq                             
2020143c  StX                                 
20201440  StY                                 
20201444  __TI_ft_end                         
20201448  _lock                               
2020144c  _unlock                             
20201452  clang_size                          
20201454  correct_size                        
20201456  wrong_size                          
2020145f  deadTimer                           
20201461  input                               
20201462  numCounters                         
20201463  progH                               
20201465  progW                               
2020146c  _CIOBUF_                            
2020146c  __CIOBUF_                           
2020158c  __TI_tmpnams                        
2020162c  ToDoArr                             
20201640  parmbuf                             
2020164e  soundLength                         
20201650  LostData                            
20201654  TExaSLogic                          
20201658  TExaSadc                            
2020165c  soundArr                            
20201660  soundIndex                          
2020166b  buttons                             
2020166c  menuOpen                            
2020166d  sound_flag                          
2020166e  toDoOpen                            
20201670  _sys_memory                         
20207e00  __stack                             
20208000  __STACK_END                         
ffffffff  __TI_pprof_out_hndl                 
ffffffff  __TI_prof_data_size                 
ffffffff  __TI_prof_data_start                
ffffffff  __binit__                           
ffffffff  binit                               
UNDEFED   __mpu_init                          
UNDEFED   _system_post_cinit                  

[295 symbols]
