******************************************************************************
            TI ARM Clang Linker PC v4.0.1                      
******************************************************************************
>> Linked Tue Apr 15 18:35:52 2025

OUTPUT FILE NAME:   <MadMines.out>
ENTRY POINT SYMBOL: "_c_int00_noargs"  address: 0000b4d5


MEMORY CONFIGURATION

         name            origin    length      used     unused   attr    fill
----------------------  --------  ---------  --------  --------  ----  --------
  FLASH                 00000000   00020000  0000b928  000146d8  R  X
  SRAM                  20200000   00008000  00000876  0000778a  RW X
  BCR_CONFIG            41c00000   00000080  00000000  00000080  R   
  BSL_CONFIG            41c00100   00000080  00000000  00000080  R   


SEGMENT ALLOCATION MAP

run origin  load origin   length   init length attrs members
----------  ----------- ---------- ----------- ----- -------
00000000    00000000    0000b928   0000b928    r-x
  00000000    00000000    000000c0   000000c0    r-- .intvecs
  000000c0    000000c0    00008650   00008650    r-- .rodata
  00008710    00008710    00003110   00003110    r-x .text
  0000b820    0000b820    00000008   00000008    r-- .init_array
  0000b828    0000b828    00000100   00000100    r-- .cinit
20200000    20200000    00000679   00000000    rw-
  20200000    20200000    0000029d   00000000    rw- .data
  202002a0    202002a0    00000200   00000000    rw- .sysmem
  202004a0    202004a0    000001d9   00000000    rw- .bss
20207e00    20207e00    00000200   00000000    rw-
  20207e00    20207e00    00000200   00000000    rw- .stack


SECTION ALLOCATION MAP

 output                                  attributes/
section   page    origin      length       input sections
--------  ----  ----------  ----------   ----------------
.intvecs   0    00000000    000000c0     
                  00000000    000000c0     startup_mspm0g3507_ticlang.o (.intvecs)

.binit     0    00000000    00000000     

.text      0    00008710    00003110     
                  00008710    0000028c     Lab9HMain.o (.text.main)
                  0000899c    00000250     Machine.o (.text._ZN7Machine13updateRefinerEh)
                  00008bec    00000210     ST7735.o (.text._Z17ST7735_DrawBitmapssPKtss)
                  00008dfc    000001b4     Clock.o (.text._Z15Clock_Init80MHzi)
                  00008fb0    000001a0     ST7735.o (.text._Z16ST7735_DrawCharSsscssh)
                  00009150    00000154     libc.a : fopen.c.obj (.text._openfile)
                  000092a4    0000012c     Player.o (.text._ZN6Player8moveDownEv)
                  000093d0    00000128     TExaS.o (.text._Z8ADC_InitP10ADC12_Regsjj)
                  000094f8    00000118     ST7735.o (.text._Z15ST7735_FillRectsssst)
                  00009610    00000114     libc.a : memory.c.obj (.text.aligned_alloc)
                  00009724    00000108     Player.o (.text._ZN6Player6moveUpEv)
                  0000982c    000000f8     SPI.o (.text._Z8SPI_Initv)
                  00009924    000000f4     ST7735.o (.text._Z18ST7735_SetRotationh)
                  00009a18    000000ec     libsysbm.a : add_device.c.obj (.text.add_device)
                  00009b04    000000e8     TExaS.o (.text._Z9UART_Initv)
                  00009bec    000000e8     libc.a : memory.c.obj (.text.free)
                  00009cd4    000000e0            : setvbuf.c.obj (.text.setvbuf)
                  00009db4    000000d0     ST7735.o (.text._Z14ST7735_OutCharc)
                  00009e84    000000b0     ST7735.o (.text._Z20ST7735_DrawFastHLinessst)
                  00009f34    000000b0     ST7735.o (.text._Z20ST7735_DrawFastVLinessst)
                  00009fe4    000000a8     Timer.o (.text._Z14TimerG7_IntArmtjj)
                  0000a08c    000000a6     Player.o (.text._ZN6Player14checkProximityE7Machine)
                  0000a132    000000a6     Player.o (.text._ZN6Player15getMachineInputE7Machine)
                  0000a1d8    000000a2     ST7735.o (.text._ZL11commandListPKh)
                  0000a27a    00000002     Sound.o (.text.SysTick_Handler)
                  0000a27c    000000a0     libsysbm.a : open.c.obj (.text.open)
                  0000a31c    0000009c     ST7735.o (.text._Z17ST7735_InitPrintfv)
                  0000a3b8    00000098     ST7735.o (.text._Z12ST7735_InitR10initRFlags)
                  0000a450    00000094     Timer.o (.text._Z15TimerG12_IntArmjj)
                  0000a4e4    0000008c     SlidePot.o (.text._ZN8SlidePot4InitEv)
                  0000a570    00000088     ST7735.o (.text._ZL13setAddrWindowhhhh)
                  0000a5f8    00000008     libclang_rt.builtins.a : aeabi_memcpy.S.obj (.text.__aeabi_memcpy)
                  0000a600    00000088     libc.a : strcmp-armv6m.S.obj (.text:strcmp)
                  0000a688    00000084     ST7735.o (.text._Z17ST7735_DrawStringttPcs)
                  0000a70c    00000080     Player.o (.text._ZN6Player16resetCoordinatesEv)
                  0000a78c    0000007c     LaunchPad.o (.text._Z14LaunchPad_Initv)
                  0000a808    0000007c     libc.a : fclose.c.obj (.text.__TI_closefile)
                  0000a884    0000007c            : copy_decompress_lzss.c.obj (.text:decompress:lzss)
                  0000a900    00000070     ST7735.o (.text._Z16ST7735_DrawPixelsst)
                  0000a970    00000070     Machine.o (.text._ZN7Machine12printRefinerEh)
                  0000a9e0    0000006c     libsysbm.a : hostlseek.c.obj (.text.HOSTlseek)
                  0000aa4c    0000006c                : hostrename.c.obj (.text.HOSTrename)
                  0000aab8    0000006c     libc.a : getdevice.c.obj (.text.getdevice)
                  0000ab24    00000064            : memory.c.obj (.text.split)
                  0000ab88    00000060     libsysbm.a : hostopen.c.obj (.text.HOSTopen)
                  0000abe8    00000058                : hostread.c.obj (.text.HOSTread)
                  0000ac40    00000058                : hostwrite.c.obj (.text.HOSTwrite)
                  0000ac98    00000058     TExaS.o (.text._Z10TExaS_InitP10ADC12_RegsjPFhvE)
                  0000acf0    00000054     SlidePot.o (.text._ZN8SlidePot2InEv)
                  0000ad44    00000054     libc.a : autoinit.c.obj (.text:__TI_auto_init_nobinit)
                  0000ad98    00000052            : fflush.c.obj (.text.__TI_doflush)
                  0000adea    00000002     libclang_rt.builtins.a : aeabi_div0.c.obj (.text.__aeabi_idiv0)
                  0000adec    00000050     libsysbm.a : close.c.obj (.text.close)
                  0000ae3c    0000004c     Player.o (.text._ZN6Player8moveLeftEv)
                  0000ae88    0000004c     Player.o (.text._ZN6Player9moveRightEv)
                  0000aed4    00000048     libsysbm.a : hostclose.c.obj (.text.HOSTclose)
                  0000af1c    00000048                : hostunlink.c.obj (.text.HOSTunlink)
                  0000af64    00000048     SPI.o (.text._Z14SPI_OutCommandc)
                  0000afac    00000040     TExaS.o (.text.TIMG7_IRQHandler)
                  0000afec    00000040     SPI.o (.text._Z9SPI_Resetv)
                  0000b02c    00000040     libclang_rt.builtins.a : aeabi_uidivmod.S.obj (.text.__aeabi_uidivmod)
                  0000b06c    00000040     libc.a : fopen.c.obj (.text._search_fp)
                  0000b0ac    0000003c     Lab9HMain.o (.text.TIMG12_IRQHandler)
                  0000b0e8    0000003c     Sound.o (.text._Z10Sound_Initv)
                  0000b124    0000003a     Machine.o (.text._ZN7MachineC2Ehhhh)
                  0000b15e    00000002     libc.a : _lock.c.obj (.text._nop)
                  0000b160    00000038     SPI.o (.text._Z11SPI_OutDatac)
                  0000b198    00000038     LaunchPad.o (.text._Z15ActivatePortA_Bv)
                  0000b1d0    00000034     ST7735.o (.text._Z12ST7735_writeiPKcj)
                  0000b204    00000034     Clock.o (.text._Z14Clock_Delay1msj)
                  0000b238    00000034     ST7735.o (.text._Z16ST7735_SetCursorjj)
                  0000b26c    00000034     libc.a : fopen.c.obj (.text.__TI_cleanup)
                  0000b2a0    00000034     libsysbm.a : trgmsg.c.obj (.text.__TI_readmsg)
                  0000b2d4    00000034                : trgmsg.c.obj (.text.__TI_writemsg)
                  0000b308    00000034     libc.a : exit.c.obj (.text.exit)
                  0000b33c    00000034            : getdevice.c.obj (.text.finddevice)
                  0000b370    00000034            : fopen.c.obj (.text.freopen)
                  0000b3a4    00000030     ST7735.o (.text._ZL10commonInitPKh)
                  0000b3d4    00000030     libc.a : fopen.c.obj (.text.fopen)
                  0000b404    0000002c     ST7735.o (.text._Z17ST7735_FillScreent)
                  0000b430    0000002c     libsysbm.a : unlink.c.obj (.text.unlink)
                  0000b45c    00000028     TExaS.o (.text._Z9ADC_StartP10ADC12_Regs)
                  0000b484    00000028     libc.a : memory.c.obj (.text.free_list_insert)
                  0000b4ac    00000028     libsysbm.a : write.c.obj (.text.write)
                  0000b4d4    00000028     libc.a : boot_cortex_m.c.obj (.text:_c_int00_noargs)
                  0000b4fc    00000024     SlidePot.o (.text._ZN8SlidePot4SaveEj)
                  0000b520    00000020     SlidePot.o (.text._ZN8SlidePot4SyncEv)
                  0000b540    0000001e     ST7735.o (.text._ZL9pushColort)
                  0000b55e    00000002     --HOLE-- [fill = 0]
                  0000b560    0000001c     startup_mspm0g3507_ticlang.o (.text.Default_Handler)
                  0000b57c    0000001c     startup_mspm0g3507_ticlang.o (.text.HardFault_Handler)
                  0000b598    0000001c     Switch.o (.text._Z9Switch_Inv)
                  0000b5b4    0000001c     Player.o (.text._ZN6PlayerC2Ev)
                  0000b5d0    0000001c     Lab9HMain.o (.text.__cxx_global_var_init.2)
                  0000b5ec    0000001c     Lab9HMain.o (.text.__cxx_global_var_init.3)
                  0000b608    0000001c     Lab9HMain.o (.text.__cxx_global_var_init.4)
                  0000b624    0000001c     libc.a : memory.c.obj (.text.free_list_remove)
                  0000b640    00000018     Lab9HMain.o (.text._GLOBAL__sub_I_Lab9HMain.cpp)
                  0000b658    00000018     Switch.o (.text._Z11Switch_Initv)
                  0000b670    00000016     ST7735.o (.text._Z11ST7735_openPKcji)
                  0000b686    00000016     ST7735.o (.text._Z11ST7735_readiPcj)
                  0000b69c    00000016     libc.a : copy_zero_init.c.obj (.text:decompress:ZI:__TI_zero_init_nomemset)
                  0000b6b2    00000012     Player.o (.text._ZN6Player13setPossessionEh)
                  0000b6c4    00000012     libc.a : memcpy16.S.obj (.text:TI_memcpy_small)
                  0000b6d6    00000012            : copy_decompress_none.c.obj (.text:decompress:none)
                  0000b6e8    00000010     Clock.o (.text._Z11Clock_Delayj)
                  0000b6f8    00000010     Lab9HMain.o (.text._Z28TExaS_LaunchPadLogicPB27PB26v)
                  0000b708    00000010     Lab9HMain.o (.text.__cxx_global_var_init.1)
                  0000b718    00000010     Lab9HMain.o (.text.__cxx_global_var_init)
                  0000b728    0000000e     libc.a : memory.c.obj (.text.OUTLINED_FUNCTION_0)
                  0000b736    0000000e     ST7735.o (.text._Z12ST7735_lseekili)
                  0000b744    0000000e     Player.o (.text._ZN6Player7getXPosEv)
                  0000b752    0000000e     Player.o (.text._ZN6Player7getYPosEv)
                  0000b760    0000000e     SlidePot.o (.text._ZN8SlidePotC2Ev)
                  0000b76e    0000000e     libsysbm.a : hostrename.c.obj (.text.strcpy)
                  0000b77c    0000000e                : hostrename.c.obj (.text.strlen)
                  0000b78a    0000000e     libc.a : memset16.S.obj (.text:TI_memset_small)
                  0000b798    0000000c     Clock.o (.text._Z10Clock_Freqv)
                  0000b7a4    0000000c     ST7735.o (.text._Z13ST7735_renamePKcS0_)
                  0000b7b0    0000000c     Player.o (.text._ZN6Player7getSizeEv)
                  0000b7bc    0000000c     SlidePot.o (.text._ZN8SlidePot9DistanceXEv)
                  0000b7c8    0000000c     SlidePot.o (.text._ZN8SlidePot9DistanceYEv)
                  0000b7d4    0000000c     libclang_rt.builtins.a : aeabi_memset.S.obj (.text.__aeabi_memclr)
                  0000b7e0    0000000c     libc.a : memory.c.obj (.text.malloc)
                  0000b7ec    0000000a     ST7735.o (.text._Z12ST7735_closei)
                  0000b7f6    0000000a     ST7735.o (.text._Z13ST7735_unlinkPKc)
                  0000b800    0000000a     Lab9HMain.o (.text._Z8PLL_Initv)
                  0000b80a    00000008     libsysbm.a : remove.c.obj (.text.remove)
                  0000b812    00000004     startup_mspm0g3507_ticlang.o (.text.Reset_Handler)
                  0000b816    00000004     libc.a : pre_init.c.obj (.text._system_pre_init)
                  0000b81a    00000004            : exit.c.obj (.text:abort)
                  0000b81e    00000002     --HOLE-- [fill = 0]

.cinit     0    0000b828    00000100     
                  0000b828    000000d8     (.cinit..data.load) [load image, compression = lzss]
                  0000b900    0000000c     (__TI_handler_table)
                  0000b90c    00000008     (.cinit..bss.load) [load image, compression = zero_init]
                  0000b914    00000010     (__TI_cinit_table)
                  0000b924    00000004     --HOLE-- [fill = 0]

.rodata    0    000000c0    00008650     
                  000000c0    00002800     Lab9HMain.o (.rodata._ZL4todo)
                  000028c0    000010ae     Machine.o (.rodata._ZL14refinerWorking)
                  0000396e    000010ae     Machine.o (.rodata._ZL16refinerHighlight)
                  00004a1c    000010ae     Machine.o (.rodata._ZL7refiner)
                  00005aca    00000992     Lab9HMain.o (.rodata._ZL5miner)
                  0000645c    000004fb     ST7735.o (.rodata._ZL4Font)
                  00006957    00000001     --HOLE-- [fill = 0]
                  00006958    00000348     Lab9HMain.o (.rodata._ZL5watch)
                  00006ca0    00000320     Lab9HMain.o (.rodata._ZL5trash)
                  00006fc0    000002d2     Lab9HMain.o (.rodata._ZL5sword)
                  00007292    000002ac     Lab9HMain.o (.rodata._ZL3key)
                  0000753e    000002a0     Lab9HMain.o (.rodata._ZL6shield)
                  000077de    00000220     Lab9HMain.o (.rodata._ZL4ring)
                  000079fe    0000018c     Lab9HMain.o (.rodata._ZL10rawDiamond)
                  00007b8a    0000018c     Lab9HMain.o (.rodata._ZL10rawEmerald)
                  00007d16    0000018c     Lab9HMain.o (.rodata._ZL7rawGold)
                  00007ea2    0000018c     Lab9HMain.o (.rodata._ZL7rawRuby)
                  0000802e    0000018c     Lab9HMain.o (.rodata._ZL9rawSilver)
                  000081ba    0000010e     Lab9HMain.o (.rodata._ZL4gold)
                  000082c8    0000010e     Lab9HMain.o (.rodata._ZL6silver)
                  000083d6    000000d8     Lab9HMain.o (.rodata._ZL4Ruby)
                  000084ae    000000d8     Lab9HMain.o (.rodata._ZL7Diamond)
                  00008586    000000d8     Lab9HMain.o (.rodata._ZL7Emerald)
                  0000865e    0000003b     ST7735.o (.rodata._ZL5Rcmd1)
                  00008699    0000002b     ST7735.o (.rodata._ZL5Rcmd3)
                  000086c4    00000016     ST7735.o (.rodata.str1.43788427057889536241)
                  000086da    0000000d     ST7735.o (.rodata._ZL10Rcmd2green)
                  000086e7    0000000d     ST7735.o (.rodata._ZL8Rcmd2red)
                  000086f4    00000008     ST7735.o (.rodata.str1.54535931475021008601)
                  000086fc    00000007     ST7735.o (.rodata.str1.103567388005067375301)
                  00008703    00000007     ST7735.o (.rodata.str1.132933244321656697041)
                  0000870a    00000002     ST7735.o (.rodata.str1.18657686242476325171)
                  0000870c    00000004     --HOLE-- [fill = 0]

.init_array 
*          0    0000b820    00000008     
                  0000b820    00000004     Lab9HMain.o (.init_array)
                  0000b824    00000004     --HOLE-- [fill = 0]

.data      0    20200000    0000029d     UNINITIALIZED
                  20200000    000000f0     libc.a : defs.c.obj (.data._ftable)
                  202000f0    00000088     Lab9HMain.o (.data.sprites)
                  20200178    00000078     libsysbm.a : host_device.c.obj (.data._device)
                  202001f0    00000050                : host_device.c.obj (.data._stream)
                  20200240    0000000c     Lab9HMain.o (.data.Sensor)
                  2020024c    00000008     libc.a : exit.c.obj (.data..L_MergedGlobals)
                  20200254    00000008     Lab9HMain.o (.data.m_anvil)
                  2020025c    00000008     Lab9HMain.o (.data.m_refiner)
                  20200264    00000008     Lab9HMain.o (.data.m_rock)
                  2020026c    00000008     Lab9HMain.o (.data.p1)
                  20200274    00000004     Clock.o (.data.BusFreq)
                  20200278    00000004     ST7735.o (.data.StX)
                  2020027c    00000004     ST7735.o (.data.StY)
                  20200280    00000004     libc.a : defs.c.obj (.data.__TI_ft_end)
                  20200284    00000004            : _lock.c.obj (.data._lock)
                  20200288    00000004            : _lock.c.obj (.data._unlock)
                  2020028c    00000002     ST7735.o (.data.StTextColor)
                  2020028e    00000002     ST7735.o (.data._ZL6_width)
                  20200290    00000002     ST7735.o (.data._ZL7_height)
                  20200292    00000001     Machine.o (.data._ZZN7Machine13updateRefinerEhE10wasWorking)
                  20200293    00000001     Machine.o (.data._ZZN7Machine13updateRefinerEhE8debounce)
                  20200294    00000001     libsysbm.a : add_device.c.obj (.data.add_device.device_init)
                  20200295    00000001     Lab9HMain.o (.data.input)
                  20200296    00000002     --HOLE--
                  20200298    00000001     libc.a : memory.c.obj (.data.memory_is_initialized)
                  20200299    00000003     --HOLE--
                  2020029c    00000001     libsysbm.a : open.c.obj (.data.open.stream_init)

.sysmem    0    202002a0    00000200     UNINITIALIZED
                  202002a0    00000010     libc.a : memory.c.obj (.sysmem)
                  202002b0    000001f0     --HOLE--

.bss       0    202004a0    000001d9     UNINITIALIZED
                  202004a0    00000120     libsysbm.a : trgmsg.c.obj (.bss:_CIOBUF_)
                  202005c0    000000a0     libc.a : defs.c.obj (.bss.__TI_tmpnams)
                  20200660    00000008     libsysbm.a : hostopen.c.obj (.bss.parmbuf)
                  20200668    00000004     TExaS.o (.bss.TExaSLogic)
                  2020066c    00000004     TExaS.o (.bss.TExaSadc)
                  20200670    00000004     libc.a : memory.c.obj (.bss.sys_free)
                  20200674    00000001     ST7735.o (.bss._ZL8ColStart)
                  20200675    00000001     ST7735.o (.bss._ZL8Rotation)
                  20200676    00000001     ST7735.o (.bss._ZL8RowStart)
                  20200677    00000001     ST7735.o (.bss._ZL8TabColor)
                  20200678    00000001     Lab9HMain.o (.bss.buttons)

.stack     0    20207e00    00000200     UNINITIALIZED
                  20207e00    00000004     libc.a : boot_cortex_m.c.obj (.stack)
                  20207e04    000001fc     --HOLE--

__llvm_prf_cnts 
*          0    20200000    00000000     UNINITIALIZED

__llvm_prf_bits 
*          0    20200000    00000000     UNINITIALIZED

MODULE SUMMARY

       Module                         code    ro data   rw data
       ------                         ----    -------   -------
    .\
       Lab9HMain.o                    878     20124     182    
       Machine.o                      762     12810     2      
       ST7735.o                       3194    1449      18     
       Player.o                       1262    0         0      
       TExaS.o                        720     0         8      
       Clock.o                        516     0         4      
       SPI.o                          440     0         0      
       SlidePot.o                     330     0         0      
       Timer.o                        316     0         0      
       LaunchPad.o                    180     0         0      
       Sound.o                        62      0         0      
       Switch.o                       52      0         0      
    +--+------------------------------+-------+---------+---------+
       Total:                         8712    34383     214    
                                                               
    .\ticlang\
       startup_mspm0g3507_ticlang.o   60      192       0      
    +--+------------------------------+-------+---------+---------+
       Total:                         60      192       0      
                                                               
    C:\ti\ccs\tools\compiler\ti-cgt-armllvm_4.0.1.LTS\lib\armv6m-ti-none-eabi/c/libc.a
       memory.c.obj                   702     0         5      
       fopen.c.obj                    556     0         0      
       defs.c.obj                     0       0         404    
       setvbuf.c.obj                  224     0         0      
       getdevice.c.obj                160     0         0      
       strcmp-armv6m.S.obj            136     0         0      
       copy_decompress_lzss.c.obj     124     0         0      
       fclose.c.obj                   124     0         0      
       autoinit.c.obj                 84      0         0      
       fflush.c.obj                   82      0         0      
       exit.c.obj                     56      0         8      
       boot_cortex_m.c.obj            40      0         0      
       copy_zero_init.c.obj           22      0         0      
       copy_decompress_none.c.obj     18      0         0      
       memcpy16.S.obj                 18      0         0      
       memset16.S.obj                 14      0         0      
       _lock.c.obj                    2       0         8      
       pre_init.c.obj                 4       0         0      
    +--+------------------------------+-------+---------+---------+
       Total:                         2366    0         425    
                                                               
    C:\ti\ccs\tools\compiler\ti-cgt-armllvm_4.0.1.LTS\lib\armv6m-ti-none-eabi/c/libsysbm.a
       trgmsg.c.obj                   104     0         288    
       add_device.c.obj               236     0         1      
       host_device.c.obj              0       0         200    
       open.c.obj                     160     0         1      
       hostrename.c.obj               136     0         0      
       hostlseek.c.obj                108     0         0      
       hostopen.c.obj                 96      0         8      
       hostread.c.obj                 88      0         0      
       hostwrite.c.obj                88      0         0      
       close.c.obj                    80      0         0      
       hostclose.c.obj                72      0         0      
       hostunlink.c.obj               72      0         0      
       unlink.c.obj                   44      0         0      
       write.c.obj                    40      0         0      
       remove.c.obj                   8       0         0      
    +--+------------------------------+-------+---------+---------+
       Total:                         1332    0         498    
                                                               
    C:\ti\ccs\tools\compiler\ti-cgt-armllvm_4.0.1.LTS\lib\armv6m-ti-none-eabi/libclang_rt.builtins.a
       aeabi_uidivmod.S.obj           64      0         0      
       aeabi_memset.S.obj             12      0         0      
       aeabi_memcpy.S.obj             8       0         0      
       aeabi_div0.c.obj               2       0         0      
    +--+------------------------------+-------+---------+---------+
       Total:                         86      0         0      
                                                               
       Heap:                          0       0         512    
       Stack:                         0       0         512    
       Linker Generated:              0       252       0      
    +--+------------------------------+-------+---------+---------+
       Grand Total:                   12556   34827     2161   


LINKER GENERATED COPY TABLES

__TI_cinit_table @ 0000b914 records: 2, size/record: 8, table size: 16
	.data: load addr=0000b828, load size=000000d8 bytes, run addr=20200000, run size=0000029d bytes, compression=lzss
	.bss: load addr=0000b90c, load size=00000008 bytes, run addr=202004a0, run size=000001d9 bytes, compression=zero_init


LINKER GENERATED HANDLER TABLE

__TI_handler_table @ 0000b900 records: 3, size/record: 4, table size: 12
	index: 0, handler: __TI_decompress_lzss
	index: 1, handler: __TI_decompress_none
	index: 2, handler: __TI_zero_init


GLOBAL SYMBOLS: SORTED ALPHABETICALLY BY Name 

address   name                                
-------   ----                                
0000b561  ADC0_IRQHandler                     
0000b561  ADC1_IRQHandler                     
0000b561  AES_IRQHandler                      
20200274  BusFreq                             
0000b81a  C$$EXIT                             
0000b301  C$$IO$$                             
0000b561  CANFD0_IRQHandler                   
0000b561  DAC0_IRQHandler                     
0000b561  DMA_IRQHandler                      
0000b561  Default_Handler                     
0000b561  GROUP0_IRQHandler                   
0000b561  GROUP1_IRQHandler                   
0000aed5  HOSTclose                           
0000a9e1  HOSTlseek                           
0000ab89  HOSTopen                            
0000abe9  HOSTread                            
0000aa4d  HOSTrename                          
0000af1d  HOSTunlink                          
0000ac41  HOSTwrite                           
0000b57d  HardFault_Handler                   
0000b561  I2C0_IRQHandler                     
0000b561  I2C1_IRQHandler                     
0000b561  NMI_Handler                         
0000b561  PendSV_Handler                      
0000b561  RTC_IRQHandler                      
0000b813  Reset_Handler                       
0000b820  SHT$$INIT_ARRAY$$Base               
0000b824  SHT$$INIT_ARRAY$$Limit              
0000b561  SPI0_IRQHandler                     
0000b561  SPI1_IRQHandler                     
0000b561  SVC_Handler                         
20200240  Sensor                              
2020028c  StTextColor                         
20200278  StX                                 
2020027c  StY                                 
0000a27b  SysTick_Handler                     
20200668  TExaSLogic                          
2020066c  TExaSadc                            
0000b561  TIMA0_IRQHandler                    
0000b561  TIMA1_IRQHandler                    
0000b561  TIMG0_IRQHandler                    
0000b0ad  TIMG12_IRQHandler                   
0000b561  TIMG6_IRQHandler                    
0000afad  TIMG7_IRQHandler                    
0000b561  TIMG8_IRQHandler                    
0000b6c5  TI_memcpy_small                     
0000b78b  TI_memset_small                     
0000b561  UART0_IRQHandler                    
0000b561  UART1_IRQHandler                    
0000b561  UART2_IRQHandler                    
0000b561  UART3_IRQHandler                    
202004a0  _CIOBUF_                            
0000b799  _Z10Clock_Freqv                     
0000b0e9  _Z10Sound_Initv                     
0000ac99  _Z10TExaS_InitP10ADC12_RegsjPFhvE   
0000b6e9  _Z11Clock_Delayj                    
0000b161  _Z11SPI_OutDatac                    
0000b671  _Z11ST7735_openPKcji                
0000b687  _Z11ST7735_readiPcj                 
0000b659  _Z11Switch_Initv                    
0000a3b9  _Z12ST7735_InitR10initRFlags        
0000b7ed  _Z12ST7735_closei                   
0000b737  _Z12ST7735_lseekili                 
0000b1d1  _Z12ST7735_writeiPKcj               
0000b7a5  _Z13ST7735_renamePKcS0_             
0000b7f7  _Z13ST7735_unlinkPKc                
0000b205  _Z14Clock_Delay1msj                 
0000a78d  _Z14LaunchPad_Initv                 
0000af65  _Z14SPI_OutCommandc                 
00009db5  _Z14ST7735_OutCharc                 
00009fe5  _Z14TimerG7_IntArmtjj               
0000b199  _Z15ActivatePortA_Bv                
00008dfd  _Z15Clock_Init80MHzi                
000094f9  _Z15ST7735_FillRectsssst            
0000a451  _Z15TimerG12_IntArmjj               
00008fb1  _Z16ST7735_DrawCharSsscssh          
0000a901  _Z16ST7735_DrawPixelsst             
0000b239  _Z16ST7735_SetCursorjj              
00008bed  _Z17ST7735_DrawBitmapssPKtss        
0000a689  _Z17ST7735_DrawStringttPcs          
0000b405  _Z17ST7735_FillScreent              
0000a31d  _Z17ST7735_InitPrintfv              
00009925  _Z18ST7735_SetRotationh             
00009e85  _Z20ST7735_DrawFastHLinessst        
00009f35  _Z20ST7735_DrawFastVLinessst        
0000b6f9  _Z28TExaS_LaunchPadLogicPB27PB26v   
000093d1  _Z8ADC_InitP10ADC12_Regsjj          
0000b801  _Z8PLL_Initv                        
0000982d  _Z8SPI_Initv                        
0000b45d  _Z9ADC_StartP10ADC12_Regs           
0000afed  _Z9SPI_Resetv                       
0000b599  _Z9Switch_Inv                       
00009b05  _Z9UART_Initv                       
0000b6b3  _ZN6Player13setPossessionEh         
0000a08d  _ZN6Player14checkProximityE7Machine 
0000a133  _ZN6Player15getMachineInputE7Machine
0000a70d  _ZN6Player16resetCoordinatesEv      
00009725  _ZN6Player6moveUpEv                 
0000b7b1  _ZN6Player7getSizeEv                
0000b745  _ZN6Player7getXPosEv                
0000b753  _ZN6Player7getYPosEv                
000092a5  _ZN6Player8moveDownEv               
0000ae3d  _ZN6Player8moveLeftEv               
0000ae89  _ZN6Player9moveRightEv              
0000b5b5  _ZN6PlayerC1Ev                      
0000b5b5  _ZN6PlayerC2Ev                      
0000a971  _ZN7Machine12printRefinerEh         
0000899d  _ZN7Machine13updateRefinerEh        
0000b125  _ZN7MachineC1Ehhhh                  
0000b125  _ZN7MachineC2Ehhhh                  
0000acf1  _ZN8SlidePot2InEv                   
0000a4e5  _ZN8SlidePot4InitEv                 
0000b4fd  _ZN8SlidePot4SaveEj                 
0000b521  _ZN8SlidePot4SyncEv                 
0000b7bd  _ZN8SlidePot9DistanceXEv            
0000b7c9  _ZN8SlidePot9DistanceYEv            
0000b761  _ZN8SlidePotC1Ev                    
0000b761  _ZN8SlidePotC2Ev                    
202004a0  __CIOBUF_                           
20208000  __STACK_END                         
00000200  __STACK_SIZE                        
00000200  __SYSMEM_SIZE                       
00000000  __TI_ATRegion0_region_sz            
00000000  __TI_ATRegion0_src_addr             
00000000  __TI_ATRegion0_trg_addr             
00000000  __TI_ATRegion1_region_sz            
00000000  __TI_ATRegion1_src_addr             
00000000  __TI_ATRegion1_trg_addr             
00000000  __TI_ATRegion2_region_sz            
00000000  __TI_ATRegion2_src_addr             
00000000  __TI_ATRegion2_trg_addr             
0000b914  __TI_CINIT_Base                     
0000b924  __TI_CINIT_Limit                    
0000b924  __TI_CINIT_Warm                     
0000b900  __TI_Handler_Table_Base             
0000b90c  __TI_Handler_Table_Limit            
0000ad45  __TI_auto_init_nobinit              
0000b26d  __TI_cleanup                        
2020024c  __TI_cleanup_ptr                    
0000a809  __TI_closefile                      
0000a885  __TI_decompress_lzss                
0000b6d7  __TI_decompress_none                
0000ad99  __TI_doflush                        
20200250  __TI_dtors_ptr                      
20200280  __TI_ft_end                         
ffffffff  __TI_pprof_out_hndl                 
ffffffff  __TI_prof_data_size                 
ffffffff  __TI_prof_data_start                
0000b2a1  __TI_readmsg                        
00000000  __TI_static_base__                  
202005c0  __TI_tmpnams                        
0000b2d5  __TI_writemsg                       
0000b69d  __TI_zero_init_nomemset             
0000adeb  __aeabi_idiv0                       
0000b7d5  __aeabi_memclr                      
0000b7d5  __aeabi_memclr4                     
0000b7d5  __aeabi_memclr8                     
0000a5f9  __aeabi_memcpy                      
0000a5f9  __aeabi_memcpy4                     
0000a5f9  __aeabi_memcpy8                     
0000b02d  __aeabi_uidiv                       
0000b02d  __aeabi_uidivmod                    
ffffffff  __binit__                           
UNDEFED   __mpu_init                          
20207e00  __stack                             
20200000  __start___llvm_prf_bits             
20200000  __start___llvm_prf_cnts             
20200000  __stop___llvm_prf_bits              
20200000  __stop___llvm_prf_cnts              
0000b4d5  _c_int00_noargs                     
20200178  _device                             
20200000  _ftable                             
20200284  _lock                               
0000b15f  _nop                                
202001f0  _stream                             
202002a0  _sys_memory                         
UNDEFED   _system_post_cinit                  
0000b817  _system_pre_init                    
20200288  _unlock                             
0000b81b  abort                               
00009a19  add_device                          
00009611  aligned_alloc                       
ffffffff  binit                               
20200678  buttons                             
0000aded  close                               
0000b309  exit                                
0000b33d  finddevice                          
0000b3d5  fopen                               
00009bed  free                                
0000b371  freopen                             
0000aab9  getdevice                           
20200295  input                               
00000000  interruptVectors                    
20200254  m_anvil                             
2020025c  m_refiner                           
20200264  m_rock                              
00008711  main                                
0000b7e1  malloc                              
00009611  memalign                            
0000a27d  open                                
2020026c  p1                                  
20200660  parmbuf                             
0000b80b  remove                              
00009cd5  setvbuf                             
202000f0  sprites                             
0000a601  strcmp                              
0000b431  unlink                              
0000b4ad  write                               


GLOBAL SYMBOLS: SORTED BY Symbol Address 

address   name                                
-------   ----                                
00000000  __TI_ATRegion0_region_sz            
00000000  __TI_ATRegion0_src_addr             
00000000  __TI_ATRegion0_trg_addr             
00000000  __TI_ATRegion1_region_sz            
00000000  __TI_ATRegion1_src_addr             
00000000  __TI_ATRegion1_trg_addr             
00000000  __TI_ATRegion2_region_sz            
00000000  __TI_ATRegion2_src_addr             
00000000  __TI_ATRegion2_trg_addr             
00000000  __TI_static_base__                  
00000000  interruptVectors                    
00000200  __STACK_SIZE                        
00000200  __SYSMEM_SIZE                       
00008711  main                                
0000899d  _ZN7Machine13updateRefinerEh        
00008bed  _Z17ST7735_DrawBitmapssPKtss        
00008dfd  _Z15Clock_Init80MHzi                
00008fb1  _Z16ST7735_DrawCharSsscssh          
000092a5  _ZN6Player8moveDownEv               
000093d1  _Z8ADC_InitP10ADC12_Regsjj          
000094f9  _Z15ST7735_FillRectsssst            
00009611  aligned_alloc                       
00009611  memalign                            
00009725  _ZN6Player6moveUpEv                 
0000982d  _Z8SPI_Initv                        
00009925  _Z18ST7735_SetRotationh             
00009a19  add_device                          
00009b05  _Z9UART_Initv                       
00009bed  free                                
00009cd5  setvbuf                             
00009db5  _Z14ST7735_OutCharc                 
00009e85  _Z20ST7735_DrawFastHLinessst        
00009f35  _Z20ST7735_DrawFastVLinessst        
00009fe5  _Z14TimerG7_IntArmtjj               
0000a08d  _ZN6Player14checkProximityE7Machine 
0000a133  _ZN6Player15getMachineInputE7Machine
0000a27b  SysTick_Handler                     
0000a27d  open                                
0000a31d  _Z17ST7735_InitPrintfv              
0000a3b9  _Z12ST7735_InitR10initRFlags        
0000a451  _Z15TimerG12_IntArmjj               
0000a4e5  _ZN8SlidePot4InitEv                 
0000a5f9  __aeabi_memcpy                      
0000a5f9  __aeabi_memcpy4                     
0000a5f9  __aeabi_memcpy8                     
0000a601  strcmp                              
0000a689  _Z17ST7735_DrawStringttPcs          
0000a70d  _ZN6Player16resetCoordinatesEv      
0000a78d  _Z14LaunchPad_Initv                 
0000a809  __TI_closefile                      
0000a885  __TI_decompress_lzss                
0000a901  _Z16ST7735_DrawPixelsst             
0000a971  _ZN7Machine12printRefinerEh         
0000a9e1  HOSTlseek                           
0000aa4d  HOSTrename                          
0000aab9  getdevice                           
0000ab89  HOSTopen                            
0000abe9  HOSTread                            
0000ac41  HOSTwrite                           
0000ac99  _Z10TExaS_InitP10ADC12_RegsjPFhvE   
0000acf1  _ZN8SlidePot2InEv                   
0000ad45  __TI_auto_init_nobinit              
0000ad99  __TI_doflush                        
0000adeb  __aeabi_idiv0                       
0000aded  close                               
0000ae3d  _ZN6Player8moveLeftEv               
0000ae89  _ZN6Player9moveRightEv              
0000aed5  HOSTclose                           
0000af1d  HOSTunlink                          
0000af65  _Z14SPI_OutCommandc                 
0000afad  TIMG7_IRQHandler                    
0000afed  _Z9SPI_Resetv                       
0000b02d  __aeabi_uidiv                       
0000b02d  __aeabi_uidivmod                    
0000b0ad  TIMG12_IRQHandler                   
0000b0e9  _Z10Sound_Initv                     
0000b125  _ZN7MachineC1Ehhhh                  
0000b125  _ZN7MachineC2Ehhhh                  
0000b15f  _nop                                
0000b161  _Z11SPI_OutDatac                    
0000b199  _Z15ActivatePortA_Bv                
0000b1d1  _Z12ST7735_writeiPKcj               
0000b205  _Z14Clock_Delay1msj                 
0000b239  _Z16ST7735_SetCursorjj              
0000b26d  __TI_cleanup                        
0000b2a1  __TI_readmsg                        
0000b2d5  __TI_writemsg                       
0000b301  C$$IO$$                             
0000b309  exit                                
0000b33d  finddevice                          
0000b371  freopen                             
0000b3d5  fopen                               
0000b405  _Z17ST7735_FillScreent              
0000b431  unlink                              
0000b45d  _Z9ADC_StartP10ADC12_Regs           
0000b4ad  write                               
0000b4d5  _c_int00_noargs                     
0000b4fd  _ZN8SlidePot4SaveEj                 
0000b521  _ZN8SlidePot4SyncEv                 
0000b561  ADC0_IRQHandler                     
0000b561  ADC1_IRQHandler                     
0000b561  AES_IRQHandler                      
0000b561  CANFD0_IRQHandler                   
0000b561  DAC0_IRQHandler                     
0000b561  DMA_IRQHandler                      
0000b561  Default_Handler                     
0000b561  GROUP0_IRQHandler                   
0000b561  GROUP1_IRQHandler                   
0000b561  I2C0_IRQHandler                     
0000b561  I2C1_IRQHandler                     
0000b561  NMI_Handler                         
0000b561  PendSV_Handler                      
0000b561  RTC_IRQHandler                      
0000b561  SPI0_IRQHandler                     
0000b561  SPI1_IRQHandler                     
0000b561  SVC_Handler                         
0000b561  TIMA0_IRQHandler                    
0000b561  TIMA1_IRQHandler                    
0000b561  TIMG0_IRQHandler                    
0000b561  TIMG6_IRQHandler                    
0000b561  TIMG8_IRQHandler                    
0000b561  UART0_IRQHandler                    
0000b561  UART1_IRQHandler                    
0000b561  UART2_IRQHandler                    
0000b561  UART3_IRQHandler                    
0000b57d  HardFault_Handler                   
0000b599  _Z9Switch_Inv                       
0000b5b5  _ZN6PlayerC1Ev                      
0000b5b5  _ZN6PlayerC2Ev                      
0000b659  _Z11Switch_Initv                    
0000b671  _Z11ST7735_openPKcji                
0000b687  _Z11ST7735_readiPcj                 
0000b69d  __TI_zero_init_nomemset             
0000b6b3  _ZN6Player13setPossessionEh         
0000b6c5  TI_memcpy_small                     
0000b6d7  __TI_decompress_none                
0000b6e9  _Z11Clock_Delayj                    
0000b6f9  _Z28TExaS_LaunchPadLogicPB27PB26v   
0000b737  _Z12ST7735_lseekili                 
0000b745  _ZN6Player7getXPosEv                
0000b753  _ZN6Player7getYPosEv                
0000b761  _ZN8SlidePotC1Ev                    
0000b761  _ZN8SlidePotC2Ev                    
0000b78b  TI_memset_small                     
0000b799  _Z10Clock_Freqv                     
0000b7a5  _Z13ST7735_renamePKcS0_             
0000b7b1  _ZN6Player7getSizeEv                
0000b7bd  _ZN8SlidePot9DistanceXEv            
0000b7c9  _ZN8SlidePot9DistanceYEv            
0000b7d5  __aeabi_memclr                      
0000b7d5  __aeabi_memclr4                     
0000b7d5  __aeabi_memclr8                     
0000b7e1  malloc                              
0000b7ed  _Z12ST7735_closei                   
0000b7f7  _Z13ST7735_unlinkPKc                
0000b801  _Z8PLL_Initv                        
0000b80b  remove                              
0000b813  Reset_Handler                       
0000b817  _system_pre_init                    
0000b81a  C$$EXIT                             
0000b81b  abort                               
0000b820  SHT$$INIT_ARRAY$$Base               
0000b824  SHT$$INIT_ARRAY$$Limit              
0000b900  __TI_Handler_Table_Base             
0000b90c  __TI_Handler_Table_Limit            
0000b914  __TI_CINIT_Base                     
0000b924  __TI_CINIT_Limit                    
0000b924  __TI_CINIT_Warm                     
20200000  __start___llvm_prf_bits             
20200000  __start___llvm_prf_cnts             
20200000  __stop___llvm_prf_bits              
20200000  __stop___llvm_prf_cnts              
20200000  _ftable                             
202000f0  sprites                             
20200178  _device                             
202001f0  _stream                             
20200240  Sensor                              
2020024c  __TI_cleanup_ptr                    
20200250  __TI_dtors_ptr                      
20200254  m_anvil                             
2020025c  m_refiner                           
20200264  m_rock                              
2020026c  p1                                  
20200274  BusFreq                             
20200278  StX                                 
2020027c  StY                                 
20200280  __TI_ft_end                         
20200284  _lock                               
20200288  _unlock                             
2020028c  StTextColor                         
20200295  input                               
202002a0  _sys_memory                         
202004a0  _CIOBUF_                            
202004a0  __CIOBUF_                           
202005c0  __TI_tmpnams                        
20200660  parmbuf                             
20200668  TExaSLogic                          
2020066c  TExaSadc                            
20200678  buttons                             
20207e00  __stack                             
20208000  __STACK_END                         
ffffffff  __TI_pprof_out_hndl                 
ffffffff  __TI_prof_data_size                 
ffffffff  __TI_prof_data_start                
ffffffff  __binit__                           
ffffffff  binit                               
UNDEFED   __mpu_init                          
UNDEFED   _system_post_cinit                  

[208 symbols]
