******************************************************************************
            TI ARM Clang Linker PC v4.0.1                      
******************************************************************************
>> Linked Mon Apr 21 21:34:43 2025

OUTPUT FILE NAME:   <MadMines.out>
ENTRY POINT SYMBOL: "_c_int00_noargs"  address: 0001ec29


MEMORY CONFIGURATION

         name            origin    length      used     unused   attr    fill
----------------------  --------  ---------  --------  --------  ----  --------
  FLASH                 00000000   00020000  0001f7f0  00000810  R  X
  SRAM                  20200000   00008000  00001a5c  000065a4  RW X
  BCR_CONFIG            41c00000   00000080  00000000  00000080  R   
  BSL_CONFIG            41c00100   00000080  00000000  00000080  R   


SEGMENT ALLOCATION MAP

run origin  load origin   length   init length attrs members
----------  ----------- ---------- ----------- ----- -------
00000000    00000000    0001f7f0   0001f7f0    r-x
  00000000    00000000    000000c0   000000c0    r-- .intvecs
  000000c0    000000c0    00018568   00018568    r-- .rodata
  00018628    00018628    00000008   00000008    r-- .init_array
  00018630    00018630    00006ba0   00006ba0    r-x .text
  0001f1d0    0001f1d0    00000620   00000620    r-- .cinit
20200000    20200000    0000185f   00000000    rw-
  20200000    20200000    0000146d   00000000    rw- .data
  20201470    20201470    00000200   00000000    rw- .sysmem
  20201670    20201670    000001ef   00000000    rw- .bss
20207e00    20207e00    00000200   00000000    rw-
  20207e00    20207e00    00000200   00000000    rw- .stack


SECTION ALLOCATION MAP

 output                                  attributes/
section   page    origin      length       input sections
--------  ----  ----------  ----------   ----------------
.intvecs   0    00000000    000000c0     
                  00000000    000000c0     startup_mspm0g3507_ticlang.o (.intvecs)

.binit     0    00000000    00000000     

.text      0    00018630    00006ba0     
                  00018630    00000c54     Lab9HMain.o (.text.main)
                  00019284    00000510     Machine.o (.text._ZN7Machine10updateCartEh)
                  00019794    000004c8     Machine.o (.text._ZN7Machine11updateAnvilEh)
                  00019c5c    0000040c     Machine.o (.text._ZN7Machine10updateRockEh)
                  0001a068    0000038c     Machine.o (.text._ZN7Machine14updateCountersEhPS_)
                  0001a3f4    00000340     Machine.o (.text._ZN7Machine13updateSmelterEh)
                  0001a734    000002b8     Machine.o (.text._ZN7Machine10printAnvilEv)
                  0001a9ec    000002b0     Machine.o (.text._ZN7Machine13printCountersEPS_)
                  0001ac9c    00000244     Player.o (.text._ZN6Player8inBoundsEssPP7Machinehh)
                  0001aee0    00000210     ST7735.o (.text._Z17ST7735_DrawBitmapssPKtss)
                  0001b0f0    000001dc     Lab9HMain.o (.text._Z17setUpInstructionsv)
                  0001b2cc    000001d8     Machine.o (.text._ZN7Machine9printCartEv)
                  0001b4a4    000001b8     Machine.o (.text._ZN7Machine12printSmelterEv)
                  0001b65c    000001b4     Clock.o (.text._Z15Clock_Init80MHzi)
                  0001b810    000001a4     ST7735.o (.text._Z15ST7735_DrawCharsscssh)
                  0001b9b4    000001a0     ST7735.o (.text._Z16ST7735_DrawCharSsscssh)
                  0001bb54    00000198     Machine.o (.text._ZN7Machine13computeRecipeEPaa)
                  0001bcec    0000017c     Machine.o (.text._ZN7Machine9printRockEv)
                  0001be68    00000160     Machine.o (.text._ZN7Machine15updateAnvilMenuEPaa)
                  0001bfc8    0000015c     Machine.o (.text._ZN7Machine13cartSendErrorEhh)
                  0001c124    00000154     libc.a : fopen.c.obj (.text._openfile)
                  0001c278    00000128     TExaS.o (.text._Z8ADC_InitP10ADC12_Regsjj)
                  0001c3a0    00000118     ST7735.o (.text._Z15ST7735_FillRectsssst)
                  0001c4b8    00000114     libc.a : memory.c.obj (.text.aligned_alloc)
                  0001c5cc    000000f8     SPI.o (.text._Z8SPI_Initv)
                  0001c6c4    000000f4     ST7735.o (.text._Z18ST7735_SetRotationh)
                  0001c7b8    000000ec     libsysbm.a : add_device.c.obj (.text.add_device)
                  0001c8a4    000000e8     TExaS.o (.text._Z9UART_Initv)
                  0001c98c    000000e8     libc.a : memory.c.obj (.text.free)
                  0001ca74    000000e0            : setvbuf.c.obj (.text.setvbuf)
                  0001cb54    000000dc     UART2.o (.text._Z10UART2_Initv)
                  0001cc30    000000d8     ST7735.o (.text._Z14ST7735_OutCharc)
                  0001cd08    000000b0     ST7735.o (.text._Z20ST7735_DrawFastHLinessst)
                  0001cdb8    000000b0     ST7735.o (.text._Z20ST7735_DrawFastVLinessst)
                  0001ce68    000000a8     Timer.o (.text._Z14TimerG7_IntArmtjj)
                  0001cf10    000000a2     ST7735.o (.text._ZL11commandListPKh)
                  0001cfb2    00000002     libclang_rt.builtins.a : aeabi_div0.c.obj (.text.__aeabi_idiv0)
                  0001cfb4    000000a0     libsysbm.a : open.c.obj (.text.open)
                  0001d054    0000009c     ST7735.o (.text._Z17ST7735_InitPrintfv)
                  0001d0f0    0000009c     Player.o (.text._ZN6Player14checkProximityE7Machine)
                  0001d18c    00000098     ST7735.o (.text._Z12ST7735_InitR10initRFlags)
                  0001d224    00000098     Player.o (.text._ZN6Player16resetCoordinatesEPsS0_)
                  0001d2bc    00000094     Timer.o (.text._Z15TimerG12_IntArmjj)
                  0001d350    00000090     Sound.o (.text._Z11Sound_Starth)
                  0001d3e0    0000008c     ST7735.o (.text._Z17ST7735_DrawStringttPcs)
                  0001d46c    0000008c     Machine.o (.text._ZN7MachineC2Ehhhhhhhhhh)
                  0001d4f8    0000008c     SlidePot.o (.text._ZN8SlidePot4InitEv)
                  0001d584    00000088     ST7735.o (.text._ZL13setAddrWindowhhhh)
                  0001d60c    00000004     libc.a : pre_init.c.obj (.text._system_pre_init)
                  0001d610    00000088            : strcmp-armv6m.S.obj (.text:strcmp)
                  0001d698    00000084     Machine.o (.text._ZN7MachineC2Ehhhhhhhhh)
                  0001d71c    0000007c     LaunchPad.o (.text._Z14LaunchPad_Initv)
                  0001d798    0000007c     libc.a : fclose.c.obj (.text.__TI_closefile)
                  0001d814    0000007c            : copy_decompress_lzss.c.obj (.text:decompress:lzss)
                  0001d890    00000074     UART2.o (.text.UART2_IRQHandler)
                  0001d904    00000074     IRxmt.o (.text._Z13IRxmt_SendBiti)
                  0001d978    00000070     ST7735.o (.text._Z16ST7735_DrawPixelsst)
                  0001d9e8    0000006e     Player.o (.text._ZN6Player15getMachineInputE7Machine)
                  0001da56    00000002     libc.a : _lock.c.obj (.text._nop)
                  0001da58    0000006c     libsysbm.a : hostlseek.c.obj (.text.HOSTlseek)
                  0001dac4    0000006c                : hostrename.c.obj (.text.HOSTrename)
                  0001db30    0000006c     Lab9HMain.o (.text._GLOBAL__sub_I_Lab9HMain.cpp)
                  0001db9c    0000006c     libc.a : getdevice.c.obj (.text.getdevice)
                  0001dc08    00000064     Machine.o (.text._ZN7MachineC2Ehhhhhh)
                  0001dc6c    00000064     libc.a : memory.c.obj (.text.split)
                  0001dcd0    00000060     libsysbm.a : hostopen.c.obj (.text.HOSTopen)
                  0001dd30    00000058                : hostread.c.obj (.text.HOSTread)
                  0001dd88    00000058                : hostwrite.c.obj (.text.HOSTwrite)
                  0001dde0    00000058     Sound.o (.text.SysTick_Handler)
                  0001de38    00000058     TExaS.o (.text._Z10TExaS_InitP10ADC12_RegsjPFhvE)
                  0001de90    00000056     libclang_rt.builtins.a : aeabi_idivmod.S.obj (.text.__aeabi_idivmod)
                  0001dee6    00000002     --HOLE-- [fill = 0]
                  0001dee8    00000054     Player.o (.text._ZN6Player14printPosessionEh)
                  0001df3c    00000054     Player.o (.text._ZN6Player8moveLeftEv)
                  0001df90    00000054     Player.o (.text._ZN6Player9moveRightEv)
                  0001dfe4    00000054     SlidePot.o (.text._ZN8SlidePot2InEv)
                  0001e038    00000054     libc.a : autoinit.c.obj (.text:__TI_auto_init_nobinit)
                  0001e08c    00000052     Player.o (.text._ZN6Player8moveDownEv)
                  0001e0de    00000052     libc.a : fflush.c.obj (.text.__TI_doflush)
                  0001e130    00000050     Lab9HMain.o (.text.__cxx_global_var_init.13)
                  0001e180    00000050     libsysbm.a : close.c.obj (.text.close)
                  0001e1d0    0000004c     FIFO2.o (.text._ZN5Queue3GetEPc)
                  0001e21c    0000004c     FIFO2.o (.text._ZN5Queue3PutEc)
                  0001e268    00000048     libsysbm.a : hostclose.c.obj (.text.HOSTclose)
                  0001e2b0    00000048                : hostunlink.c.obj (.text.HOSTunlink)
                  0001e2f8    00000048     IRxmt.o (.text._Z13IRxmt_OutCharc)
                  0001e340    00000048     SPI.o (.text._Z14SPI_OutCommandc)
                  0001e388    00000044     Lab9HMain.o (.text._Z8checkWinv)
                  0001e3cc    00000040     TExaS.o (.text.TIMG7_IRQHandler)
                  0001e40c    00000040     Sound.o (.text._Z10Sound_Initv)
                  0001e44c    00000040     SPI.o (.text._Z9SPI_Resetv)
                  0001e48c    00000040     libclang_rt.builtins.a : aeabi_uidivmod.S.obj (.text.__aeabi_uidivmod)
                  0001e4cc    00000040     Lab9HMain.o (.text.__cxx_global_var_init.25)
                  0001e50c    00000040     libc.a : fopen.c.obj (.text._search_fp)
                  0001e54c    0000003c     Lab9HMain.o (.text.TIMG12_IRQHandler)
                  0001e588    0000003c     DAC5.o (.text._Z9DAC5_Initv)
                  0001e5c4    0000003c     Player.o (.text._ZN6Player6moveUpEv)
                  0001e600    00000038     SPI.o (.text._Z11SPI_OutDatac)
                  0001e638    00000038     LaunchPad.o (.text._Z15ActivatePortA_Bv)
                  0001e670    00000034     ST7735.o (.text._Z12ST7735_writeiPKcj)
                  0001e6a4    00000034     Clock.o (.text._Z14Clock_Delay1msj)
                  0001e6d8    00000034     ST7735.o (.text._Z16ST7735_SetCursorjj)
                  0001e70c    00000034     libc.a : fopen.c.obj (.text.__TI_cleanup)
                  0001e740    00000034     libsysbm.a : trgmsg.c.obj (.text.__TI_readmsg)
                  0001e774    00000034                : trgmsg.c.obj (.text.__TI_writemsg)
                  0001e7a8    00000034     libc.a : exit.c.obj (.text.exit)
                  0001e7dc    00000034            : getdevice.c.obj (.text.finddevice)
                  0001e810    00000034            : fopen.c.obj (.text.freopen)
                  0001e844    00000030     ST7735.o (.text._ZL10commonInitPKh)
                  0001e874    00000030     Player.o (.text._ZN6Player14translateRightEv)
                  0001e8a4    00000030     Lab9HMain.o (.text.__cxx_global_var_init.10)
                  0001e8d4    00000030     Lab9HMain.o (.text.__cxx_global_var_init.11)
                  0001e904    00000030     Lab9HMain.o (.text.__cxx_global_var_init.12)
                  0001e934    00000030     Lab9HMain.o (.text.__cxx_global_var_init.16)
                  0001e964    00000030     Lab9HMain.o (.text.__cxx_global_var_init.22)
                  0001e994    00000030     Lab9HMain.o (.text.__cxx_global_var_init.23)
                  0001e9c4    00000030     Lab9HMain.o (.text.__cxx_global_var_init.24)
                  0001e9f4    00000030     Lab9HMain.o (.text.__cxx_global_var_init.5)
                  0001ea24    00000030     libc.a : fopen.c.obj (.text.fopen)
                  0001ea54    0000002c     UART2.o (.text._Z12UART2_InCharv)
                  0001ea80    0000002c     ST7735.o (.text._Z17ST7735_FillScreent)
                  0001eaac    0000002c     Player.o (.text._ZN6Player13translateDownEv)
                  0001ead8    0000002c     Player.o (.text._ZN6Player13translateLeftEv)
                  0001eb04    0000002c     Lab9HMain.o (.text.__cxx_global_var_init.4)
                  0001eb30    0000002c     Lab9HMain.o (.text.__cxx_global_var_init.9)
                  0001eb5c    0000002c     libsysbm.a : unlink.c.obj (.text.unlink)
                  0001eb88    00000028     IRxmt.o (.text._Z10IRxmt_Initv)
                  0001ebb0    00000028     TExaS.o (.text._Z9ADC_StartP10ADC12_Regs)
                  0001ebd8    00000028     libc.a : memory.c.obj (.text.free_list_insert)
                  0001ec00    00000028     libsysbm.a : write.c.obj (.text.write)
                  0001ec28    00000028     libc.a : boot_cortex_m.c.obj (.text:_c_int00_noargs)
                  0001ec50    00000026     ST7735.o (.text._Z16ST7735_OutStringPc)
                  0001ec76    00000002     --HOLE-- [fill = 0]
                  0001ec78    00000024     SlidePot.o (.text._ZN8SlidePot4SaveEj)
                  0001ec9c    00000024     Lab9HMain.o (.text.__cxx_global_var_init.15)
                  0001ecc0    00000024     Lab9HMain.o (.text.__cxx_global_var_init.17)
                  0001ece4    00000024     Lab9HMain.o (.text.__cxx_global_var_init.18)
                  0001ed08    00000024     Lab9HMain.o (.text.__cxx_global_var_init.19)
                  0001ed2c    00000024     Lab9HMain.o (.text.__cxx_global_var_init.20)
                  0001ed50    00000024     Lab9HMain.o (.text.__cxx_global_var_init.21)
                  0001ed74    00000024     Lab9HMain.o (.text.__cxx_global_var_init.2)
                  0001ed98    00000024     Lab9HMain.o (.text.__cxx_global_var_init.3)
                  0001edbc    00000024     Lab9HMain.o (.text.__cxx_global_var_init.6)
                  0001ede0    00000024     Lab9HMain.o (.text.__cxx_global_var_init.8)
                  0001ee04    00000022     FIFO2.o (.text._ZN5Queue6IsFullEv)
                  0001ee26    00000002     --HOLE-- [fill = 0]
                  0001ee28    00000020     DAC5.o (.text._Z8DAC5_Outj)
                  0001ee48    00000020     SlidePot.o (.text._ZN8SlidePot4SyncEv)
                  0001ee68    00000020     Lab9HMain.o (.text.__cxx_global_var_init.14)
                  0001ee88    00000020     Lab9HMain.o (.text.__cxx_global_var_init.7)
                  0001eea8    0000001e     ST7735.o (.text._ZL9pushColort)
                  0001eec6    00000002     --HOLE-- [fill = 0]
                  0001eec8    0000001c     startup_mspm0g3507_ticlang.o (.text.Default_Handler)
                  0001eee4    0000001c     startup_mspm0g3507_ticlang.o (.text.HardFault_Handler)
                  0001ef00    0000001c     Switch.o (.text._Z9Switch_Inv)
                  0001ef1c    0000001c     Player.o (.text._ZN6PlayerC2Ev)
                  0001ef38    0000001c     libc.a : memory.c.obj (.text.free_list_remove)
                  0001ef54    00000018     Switch.o (.text._Z11Switch_Initv)
                  0001ef6c    00000016     ST7735.o (.text._Z11ST7735_openPKcji)
                  0001ef82    00000016     ST7735.o (.text._Z11ST7735_readiPcj)
                  0001ef98    00000016     libc.a : copy_zero_init.c.obj (.text:decompress:ZI:__TI_zero_init_nomemset)
                  0001efae    00000014     FIFO2.o (.text._ZN5Queue7IsEmptyEv)
                  0001efc2    00000012     Player.o (.text._ZN6Player13setPossessionEh)
                  0001efd4    00000012     Player.o (.text._ZN6Player7setXPosEs)
                  0001efe6    00000012     Player.o (.text._ZN6Player7setYPosEs)
                  0001eff8    00000012     Machine.o (.text._ZN7Machine11setRockTypeEh)
                  0001f00a    00000012     libc.a : memcpy16.S.obj (.text:TI_memcpy_small)
                  0001f01c    00000012            : copy_decompress_none.c.obj (.text:decompress:none)
                  0001f02e    00000010     Clock.o (.text._Z11Clock_Delayj)
                  0001f03e    00000002     --HOLE-- [fill = 0]
                  0001f040    00000010     UART2.o (.text._Z12UART2_Enablev)
                  0001f050    00000010     UART2.o (.text._Z13UART2_Disablev)
                  0001f060    00000010     Lab9HMain.o (.text._Z28TExaS_LaunchPadLogicPB27PB26v)
                  0001f070    00000010     FIFO2.o (.text._ZN5QueueC2Ev)
                  0001f080    00000010     Lab9HMain.o (.text.__cxx_global_var_init.1)
                  0001f090    00000010     Lab9HMain.o (.text.__cxx_global_var_init)
                  0001f0a0    00000010     UART2.o (.text.__cxx_global_var_init)
                  0001f0b0    0000000e     libc.a : memory.c.obj (.text.OUTLINED_FUNCTION_0)
                  0001f0be    0000000e     ST7735.o (.text._Z12ST7735_lseekili)
                  0001f0cc    0000000e     Player.o (.text._ZN6Player7getXPosEv)
                  0001f0da    0000000e     Player.o (.text._ZN6Player7getYPosEv)
                  0001f0e8    0000000e     SlidePot.o (.text._ZN8SlidePotC2Ev)
                  0001f0f6    0000000e     libsysbm.a : hostrename.c.obj (.text.strcpy)
                  0001f104    0000000e                : hostrename.c.obj (.text.strlen)
                  0001f112    0000000e     libc.a : memset16.S.obj (.text:TI_memset_small)
                  0001f120    0000000c     Clock.o (.text._Z10Clock_Freqv)
                  0001f12c    0000000c     ST7735.o (.text._Z13ST7735_renamePKcS0_)
                  0001f138    0000000c     IRxmt.o (.text._Z5Delayj)
                  0001f144    0000000c     Player.o (.text._ZN6Player7getSizeEv)
                  0001f150    0000000c     SlidePot.o (.text._ZN8SlidePot9DistanceXEv)
                  0001f15c    0000000c     SlidePot.o (.text._ZN8SlidePot9DistanceYEv)
                  0001f168    0000000c     libclang_rt.builtins.a : aeabi_memset.S.obj (.text.__aeabi_memclr)
                  0001f174    0000000c     libc.a : memory.c.obj (.text.malloc)
                  0001f180    0000000a     Sound.o (.text._Z11Sound_Clangv)
                  0001f18a    0000000a     ST7735.o (.text._Z12ST7735_closei)
                  0001f194    0000000a     ST7735.o (.text._Z13ST7735_unlinkPKc)
                  0001f19e    0000000a     Lab9HMain.o (.text._Z8PLL_Initv)
                  0001f1a8    00000008     UART2.o (.text._GLOBAL__sub_I_UART2.cpp)
                  0001f1b0    00000008     libclang_rt.builtins.a : aeabi_memcpy.S.obj (.text.__aeabi_memcpy)
                  0001f1b8    00000008     libsysbm.a : remove.c.obj (.text.remove)
                  0001f1c0    00000004     startup_mspm0g3507_ticlang.o (.text.Reset_Handler)
                  0001f1c4    00000004     libc.a : exit.c.obj (.text:abort)
                  0001f1c8    00000008     --HOLE-- [fill = 0]

.cinit     0    0001f1d0    00000620     
                  0001f1d0    000005fa     (.cinit..data.load) [load image, compression = lzss]
                  0001f7ca    00000002     --HOLE-- [fill = 0]
                  0001f7cc    0000000c     (__TI_handler_table)
                  0001f7d8    00000008     (.cinit..bss.load) [load image, compression = zero_init]
                  0001f7e0    00000010     (__TI_cinit_table)

.rodata    0    000000c0    00018568     
                  000000c0    00002800     Machine.o (.rodata._ZL4todo)
                  000028c0    00002700     Machine.o (.rodata._ZL9anvilMenu)
                  00004fc0    00001ba8     Sound.o (.rodata._ZL7correct)
                  00006b68    00001b44     Sound.o (.rodata._ZL5clang)
                  000086ac    00001008     Machine.o (.rodata._ZL11smelterFail)
                  000096b4    00001008     Machine.o (.rodata._ZL14smelterWorking)
                  0000a6bc    00001008     Machine.o (.rodata._ZL16smelterHighlight)
                  0000b6c4    00001008     Machine.o (.rodata._ZL20smelterFailHighlight)
                  0000c6cc    00001008     Machine.o (.rodata._ZL7smelter)
                  0000d6d4    00000f78     Machine.o (.rodata._ZL12anvilWorking)
                  0000e64c    00000f78     Machine.o (.rodata._ZL14anvilHighlight)
                  0000f5c4    00000f78     Machine.o (.rodata._ZL5anvil)
                  0001053c    00000f74     Machine.o (.rodata._ZL13cartHighlight)
                  000114b0    00000f74     Machine.o (.rodata._ZL4cart)
                  00012424    00000738     Machine.o (.rodata._ZL13rockWorking_b)
                  00012b5c    00000738     Machine.o (.rodata._ZL15rockHighlight_b)
                  00013294    00000738     Machine.o (.rodata._ZL22rockWorkingHighlight_b)
                  000139cc    00000738     Machine.o (.rodata._ZL6rock_b)
                  00014104    000006e0     Machine.o (.rodata._ZL6ladder)
                  000147e4    00000548     Lab9HMain.o (.rodata._ZL5miner)
                  00014d2c    00000540     Machine.o (.rodata._ZL7counter)
                  0001526c    000004fb     ST7735.o (.rodata._ZL4Font)
                  00015767    00000001     --HOLE-- [fill = 0]
                  00015768    00000348     Machine.o (.rodata._ZL5watch)
                  00015ab0    00000320     Machine.o (.rodata._ZL5trash)
                  00015dd0    000002d2     Machine.o (.rodata._ZL5sword)
                  000160a2    000002ac     Machine.o (.rodata._ZL3key)
                  0001634e    000002a0     Machine.o (.rodata._ZL6shield)
                  000165ee    00000220     Machine.o (.rodata._ZL4ring)
                  0001680e    0000018c     Machine.o (.rodata._ZL10rawDiamond)
                  0001699a    0000018c     Machine.o (.rodata._ZL10rawEmerald)
                  00016b26    0000018c     Machine.o (.rodata._ZL7rawGold)
                  00016cb2    0000018c     Machine.o (.rodata._ZL7rawRuby)
                  00016e3e    0000018c     Machine.o (.rodata._ZL9rawSilver)
                  00016fca    00000168     Machine.o (.rodata._ZL13rockWorking_m)
                  00017132    00000168     Machine.o (.rodata._ZL15rockHighlight_m)
                  0001729a    00000168     Machine.o (.rodata._ZL22rockWorkingHighlight_m)
                  00017402    00000168     Machine.o (.rodata._ZL6rock_m)
                  0001756a    0000010e     Machine.o (.rodata._ZL4gold)
                  00017678    0000010e     Machine.o (.rodata._ZL6silver)
                  00017786    0000010a     Machine.o (.rodata._ZL13rockWorking_t)
                  00017890    0000010a     Machine.o (.rodata._ZL15rockHighlight_t)
                  0001799a    0000010a     Machine.o (.rodata._ZL22rockWorkingHighlight_t)
                  00017aa4    0000010a     Machine.o (.rodata._ZL6rock_t)
                  00017bae    000000dd     Lab9HMain.o (.rodata._ZL13Page3_Spanish)
                  00017c8b    000000d8     Lab9HMain.o (.rodata._ZL13Page2_English)
                  00017d63    00000001     --HOLE-- [fill = 0]
                  00017d64    000000d8     Machine.o (.rodata._ZL4Ruby)
                  00017e3c    000000d8     Machine.o (.rodata._ZL7Diamond)
                  00017f14    000000d8     Machine.o (.rodata._ZL7Emerald)
                  00017fec    000000ce     Lab9HMain.o (.rodata._ZL13Page3_English)
                  000180ba    000000c9     Lab9HMain.o (.rodata._ZL13Page2_Spanish)
                  00018183    000000ac     Lab9HMain.o (.rodata._ZL13Page1_English)
                  0001822f    000000a7     Lab9HMain.o (.rodata._ZL13Page1_Spanish)
                  000182d6    000000a4     Lab9HMain.o (.rodata._ZL13Page4_English)
                  0001837a    000000a2     Lab9HMain.o (.rodata._ZL13Page4_Spanish)
                  0001841c    00000096     Lab9HMain.o (.rodata._ZL13Page5_Spanish)
                  000184b2    00000066     Lab9HMain.o (.rodata._ZL13Page5_English)
                  00018518    0000003b     ST7735.o (.rodata._ZL5Rcmd1)
                  00018553    0000002b     ST7735.o (.rodata._ZL5Rcmd3)
                  0001857e    00000016     ST7735.o (.rodata.str1.128370289436029622301)
                  00018594    00000010     Lab9HMain.o (.rodata.str1.36435047076059183751)
                  000185a4    0000000f     Machine.o (.rodata._ZL7recipes)
                  000185b3    0000000d     ST7735.o (.rodata._ZL10Rcmd2green)
                  000185c0    0000000d     ST7735.o (.rodata._ZL8Rcmd2red)
                  000185cd    00000009     Lab9HMain.o (.rodata.str1.144606553268132684431)
                  000185d6    00000009     Lab9HMain.o (.rodata.str1.150236657587030721481)
                  000185df    00000008     Lab9HMain.o (.rodata._ZL15Goodbye_English)
                  000185e7    00000008     Lab9HMain.o (.rodata._ZL16Language_English)
                  000185ef    00000008     Lab9HMain.o (.rodata._ZL16Language_Spanish)
                  000185f7    00000008     ST7735.o (.rodata.str1.53591972959378542101)
                  000185ff    00000007     Lab9HMain.o (.rodata._ZL13Hello_Spanish)
                  00018606    00000007     ST7735.o (.rodata.str1.28611865845488554281)
                  0001860d    00000007     ST7735.o (.rodata.str1.63348317913043414121)
                  00018614    00000006     Lab9HMain.o (.rodata._ZL13Hello_English)
                  0001861a    00000006     Lab9HMain.o (.rodata._ZL15Goodbye_Spanish)
                  00018620    00000002     ST7735.o (.rodata.str1.90642305370257400361)
                  00018622    00000006     --HOLE-- [fill = 0]

.init_array 
*          0    00018628    00000008     
                  00018628    00000004     UART2.o (.init_array)
                  0001862c    00000004     Lab9HMain.o (.init_array)

.data      0    20200000    0000146d     UNINITIALIZED
                  20200000    00000f83     Sound.o (.data._ZL5wrong)
                  20200f83    00000001     Machine.o (.data._ZZN7Machine10updateCartEhE8debounce)
                  20200f84    000000f0     libc.a : defs.c.obj (.data._ftable)
                  20201074    00000088     Machine.o (.data.sprites)
                  202010fc    00000078     libsysbm.a : host_device.c.obj (.data._device)
                  20201174    00000050                : host_device.c.obj (.data._stream)
                  202011c4    0000003c     Lab9HMain.o (.data.Counters)
                  20201200    0000002d     Lab9HMain.o (.data.Counters2)
                  2020122d    00000001     Machine.o (.data._ZZN7Machine10updateRockEhE7halfway)
                  2020122e    00000002     ST7735.o (.data.StTextColor)
                  20201230    00000028     UART2.o (.data.FIFO2)
                  20201258    00000028     Lab9HMain.o (.data.Instructions)
                  20201280    00000028     Lab9HMain.o (.data.machineArr2)
                  202012a8    00000018     Lab9HMain.o (.data.Phrases)
                  202012c0    00000014     Machine.o (.data.ToDoArr)
                  202012d4    0000000f     Lab9HMain.o (.data.m_anvil)
                  202012e3    0000000f     Lab9HMain.o (.data.m_cart1)
                  202012f2    0000000f     Lab9HMain.o (.data.m_cart2)
                  20201301    0000000f     Lab9HMain.o (.data.m_counter1)
                  20201310    0000000f     Lab9HMain.o (.data.m_counter2)
                  2020131f    0000000f     Lab9HMain.o (.data.m_counter3)
                  2020132e    0000000f     Lab9HMain.o (.data.m_counter4)
                  2020133d    0000000f     Lab9HMain.o (.data.m_counter5)
                  2020134c    0000000f     Lab9HMain.o (.data.m_counter6)
                  2020135b    0000000f     Lab9HMain.o (.data.m_portal)
                  2020136a    0000000f     Lab9HMain.o (.data.m_refiner)
                  20201379    0000000f     Lab9HMain.o (.data.m_rock1)
                  20201388    0000000f     Lab9HMain.o (.data.m_rock1Mid)
                  20201397    0000000f     Lab9HMain.o (.data.m_rock1Progress)
                  202013a6    0000000f     Lab9HMain.o (.data.m_rock1Top)
                  202013b5    0000000f     Lab9HMain.o (.data.m_rock2)
                  202013c4    0000000f     Lab9HMain.o (.data.m_rock2Mid)
                  202013d3    0000000f     Lab9HMain.o (.data.m_rock2Top)
                  202013e2    0000000f     Lab9HMain.o (.data.m_smelter)
                  202013f1    0000000f     Lab9HMain.o (.data.m_smelterProgress)
                  20201400    0000000f     Lab9HMain.o (.data.m_todo)
                  2020140f    0000000f     Lab9HMain.o (.data.m_todoDown)
                  2020141e    00000002     ST7735.o (.data._ZL6_width)
                  20201420    0000000c     Lab9HMain.o (.data.Sensor)
                  2020142c    00000008     libc.a : exit.c.obj (.data..L_MergedGlobals)
                  20201434    00000008     Lab9HMain.o (.data.p1)
                  2020143c    00000004     Clock.o (.data.BusFreq)
                  20201440    00000004     ST7735.o (.data.StX)
                  20201444    00000004     ST7735.o (.data.StY)
                  20201448    00000004     libc.a : defs.c.obj (.data.__TI_ft_end)
                  2020144c    00000004            : _lock.c.obj (.data._lock)
                  20201450    00000004            : _lock.c.obj (.data._unlock)
                  20201454    00000002     ST7735.o (.data._ZL7_height)
                  20201456    00000002     Sound.o (.data.clang_size)
                  20201458    00000002     Sound.o (.data.correct_size)
                  2020145a    00000002     Sound.o (.data.wrong_size)
                  2020145c    00000001     Machine.o (.data._ZZN7Machine11updateAnvilEhE10wasWorking)
                  2020145d    00000001     Machine.o (.data._ZZN7Machine11updateAnvilEhE11anvilLength)
                  2020145e    00000001     Machine.o (.data._ZZN7Machine11updateAnvilEhE12menuDebounce)
                  2020145f    00000001     Machine.o (.data._ZZN7Machine14updateCountersEhPS_E8debounce)
                  20201460    00000001     Machine.o (.data._ZZN7Machine9printCartEvE2in)
                  20201461    00000001     Machine.o (.data._ZZN7Machine9printCartEvE4sent)
                  20201462    00000001     Lab9HMain.o (.data.deadTimer)
                  20201463    00000001     Lab9HMain.o (.data.input)
                  20201464    00000001     libsysbm.a : add_device.c.obj (.data.add_device.device_init)
                  20201465    00000001     Lab9HMain.o (.data.numCounters)
                  20201466    00000001     Machine.o (.data.progH)
                  20201467    00000001     Machine.o (.data.progW)
                  20201468    00000001     libc.a : memory.c.obj (.data.memory_is_initialized)
                  20201469    00000003     --HOLE--
                  2020146c    00000001     libsysbm.a : open.c.obj (.data.open.stream_init)

.sysmem    0    20201470    00000200     UNINITIALIZED
                  20201470    00000010     libc.a : memory.c.obj (.sysmem)
                  20201480    000001f0     --HOLE--

.bss       0    20201670    000001ef     UNINITIALIZED
                  20201670    00000120     libsysbm.a : trgmsg.c.obj (.bss:_CIOBUF_)
                  20201790    000000a0     libc.a : defs.c.obj (.bss.__TI_tmpnams)
                  20201830    00000008     libsysbm.a : hostopen.c.obj (.bss.parmbuf)
                  20201838    00000005     Machine.o (.bss._ZZN7Machine11updateAnvilEhE10AnvilItems)
                  2020183d    00000001     ST7735.o (.bss._ZL8ColStart)
                  2020183e    00000002     Sound.o (.bss.soundLength)
                  20201840    00000004     UART2.o (.bss.LostData)
                  20201844    00000004     TExaS.o (.bss.TExaSLogic)
                  20201848    00000004     TExaS.o (.bss.TExaSadc)
                  2020184c    00000004     Sound.o (.bss.soundArr)
                  20201850    00000004     Sound.o (.bss.soundIndex)
                  20201854    00000004     libc.a : memory.c.obj (.bss.sys_free)
                  20201858    00000001     ST7735.o (.bss._ZL8Rotation)
                  20201859    00000001     ST7735.o (.bss._ZL8RowStart)
                  2020185a    00000001     ST7735.o (.bss._ZL8TabColor)
                  2020185b    00000001     Lab9HMain.o (.bss.buttons)
                  2020185c    00000001     Lab9HMain.o (.bss.menuOpen)
                  2020185d    00000001     Sound.o (.bss.sound_flag)
                  2020185e    00000001     Lab9HMain.o (.bss.toDoOpen)

.stack     0    20207e00    00000200     UNINITIALIZED
                  20207e00    00000004     libc.a : boot_cortex_m.c.obj (.stack)
                  20207e04    000001fc     --HOLE--

__llvm_prf_cnts 
*          0    20200000    00000000     UNINITIALIZED

__llvm_prf_bits 
*          0    20200000    00000000     UNINITIALIZED

MODULE SUMMARY

       Module                         code    ro data   rw data
       ------                         ----    -------   -------
    .\
       Machine.o                      9470    80981     171    
       Sound.o                        306     14060     3988   
       Lab9HMain.o                    4966    3194      565    
       ST7735.o                       3668    1449      18     
       Player.o                       1650    0         0      
       TExaS.o                        720     0         8      
       Clock.o                        516     0         4      
       UART2.o                        436     4         44     
       SPI.o                          440     0         0      
       SlidePot.o                     330     0         0      
       Timer.o                        316     0         0      
       IRxmt.o                        240     0         0      
       FIFO2.o                        222     0         0      
       LaunchPad.o                    180     0         0      
       DAC5.o                         92      0         0      
       Switch.o                       52      0         0      
    +--+------------------------------+-------+---------+---------+
       Total:                         23604   99688     4798   
                                                               
    .\ticlang\
       startup_mspm0g3507_ticlang.o   60      192       0      
    +--+------------------------------+-------+---------+---------+
       Total:                         60      192       0      
                                                               
    C:\ti\ccs2000\ccs\tools\compiler\ti-cgt-armllvm_4.0.1.LTS\lib\armv6m-ti-none-eabi/c/libc.a
       memory.c.obj                   702     0         5      
       fopen.c.obj                    556     0         0      
       defs.c.obj                     0       0         404    
       setvbuf.c.obj                  224     0         0      
       getdevice.c.obj                160     0         0      
       strcmp-armv6m.S.obj            136     0         0      
       copy_decompress_lzss.c.obj     124     0         0      
       fclose.c.obj                   124     0         0      
       autoinit.c.obj                 84      0         0      
       fflush.c.obj                   82      0         0      
       exit.c.obj                     56      0         8      
       boot_cortex_m.c.obj            40      0         0      
       copy_zero_init.c.obj           22      0         0      
       copy_decompress_none.c.obj     18      0         0      
       memcpy16.S.obj                 18      0         0      
       memset16.S.obj                 14      0         0      
       _lock.c.obj                    2       0         8      
       pre_init.c.obj                 4       0         0      
    +--+------------------------------+-------+---------+---------+
       Total:                         2366    0         425    
                                                               
    C:\ti\ccs2000\ccs\tools\compiler\ti-cgt-armllvm_4.0.1.LTS\lib\armv6m-ti-none-eabi/c/libsysbm.a
       trgmsg.c.obj                   104     0         288    
       add_device.c.obj               236     0         1      
       host_device.c.obj              0       0         200    
       open.c.obj                     160     0         1      
       hostrename.c.obj               136     0         0      
       hostlseek.c.obj                108     0         0      
       hostopen.c.obj                 96      0         8      
       hostread.c.obj                 88      0         0      
       hostwrite.c.obj                88      0         0      
       close.c.obj                    80      0         0      
       hostclose.c.obj                72      0         0      
       hostunlink.c.obj               72      0         0      
       unlink.c.obj                   44      0         0      
       write.c.obj                    40      0         0      
       remove.c.obj                   8       0         0      
    +--+------------------------------+-------+---------+---------+
       Total:                         1332    0         498    
                                                               
    C:\ti\ccs2000\ccs\tools\compiler\ti-cgt-armllvm_4.0.1.LTS\lib\armv6m-ti-none-eabi/libclang_rt.builtins.a
       aeabi_idivmod.S.obj            86      0         0      
       aeabi_uidivmod.S.obj           64      0         0      
       aeabi_memset.S.obj             12      0         0      
       aeabi_memcpy.S.obj             8       0         0      
       aeabi_div0.c.obj               2       0         0      
    +--+------------------------------+-------+---------+---------+
       Total:                         172     0         0      
                                                               
       Heap:                          0       0         512    
       Stack:                         0       0         512    
       Linker Generated:              0       1566      0      
    +--+------------------------------+-------+---------+---------+
       Grand Total:                   27534   101446    6745   


LINKER GENERATED COPY TABLES

__TI_cinit_table @ 0001f7e0 records: 2, size/record: 8, table size: 16
	.data: load addr=0001f1d0, load size=000005fa bytes, run addr=20200000, run size=0000146d bytes, compression=lzss
	.bss: load addr=0001f7d8, load size=00000008 bytes, run addr=20201670, run size=000001ef bytes, compression=zero_init


LINKER GENERATED HANDLER TABLE

__TI_handler_table @ 0001f7cc records: 3, size/record: 4, table size: 12
	index: 0, handler: __TI_decompress_lzss
	index: 1, handler: __TI_decompress_none
	index: 2, handler: __TI_zero_init


GLOBAL SYMBOLS: SORTED ALPHABETICALLY BY Name 

address   name                                
-------   ----                                
0001eec9  ADC0_IRQHandler                     
0001eec9  ADC1_IRQHandler                     
0001eec9  AES_IRQHandler                      
2020143c  BusFreq                             
0001f1c4  C$$EXIT                             
0001e7a1  C$$IO$$                             
0001eec9  CANFD0_IRQHandler                   
202011c4  Counters                            
20201200  Counters2                           
0001eec9  DAC0_IRQHandler                     
0001eec9  DMA_IRQHandler                      
0001eec9  Default_Handler                     
20201230  FIFO2                               
0001eec9  GROUP0_IRQHandler                   
0001eec9  GROUP1_IRQHandler                   
0001e269  HOSTclose                           
0001da59  HOSTlseek                           
0001dcd1  HOSTopen                            
0001dd31  HOSTread                            
0001dac5  HOSTrename                          
0001e2b1  HOSTunlink                          
0001dd89  HOSTwrite                           
0001eee5  HardFault_Handler                   
0001eec9  I2C0_IRQHandler                     
0001eec9  I2C1_IRQHandler                     
20201258  Instructions                        
20201840  LostData                            
0001eec9  NMI_Handler                         
0001eec9  PendSV_Handler                      
202012a8  Phrases                             
0001eec9  RTC_IRQHandler                      
0001f1c1  Reset_Handler                       
00018628  SHT$$INIT_ARRAY$$Base               
00018630  SHT$$INIT_ARRAY$$Limit              
0001eec9  SPI0_IRQHandler                     
0001eec9  SPI1_IRQHandler                     
0001eec9  SVC_Handler                         
20201420  Sensor                              
2020122e  StTextColor                         
20201440  StX                                 
20201444  StY                                 
0001dde1  SysTick_Handler                     
20201844  TExaSLogic                          
20201848  TExaSadc                            
0001eec9  TIMA0_IRQHandler                    
0001eec9  TIMA1_IRQHandler                    
0001eec9  TIMG0_IRQHandler                    
0001e54d  TIMG12_IRQHandler                   
0001eec9  TIMG6_IRQHandler                    
0001e3cd  TIMG7_IRQHandler                    
0001eec9  TIMG8_IRQHandler                    
0001f00b  TI_memcpy_small                     
0001f113  TI_memset_small                     
202012c0  ToDoArr                             
0001eec9  UART0_IRQHandler                    
0001eec9  UART1_IRQHandler                    
0001d891  UART2_IRQHandler                    
0001eec9  UART3_IRQHandler                    
20201670  _CIOBUF_                            
0001f121  _Z10Clock_Freqv                     
0001eb89  _Z10IRxmt_Initv                     
0001e40d  _Z10Sound_Initv                     
0001de39  _Z10TExaS_InitP10ADC12_RegsjPFhvE   
0001cb55  _Z10UART2_Initv                     
0001f02f  _Z11Clock_Delayj                    
0001e601  _Z11SPI_OutDatac                    
0001ef6d  _Z11ST7735_openPKcji                
0001ef83  _Z11ST7735_readiPcj                 
0001f181  _Z11Sound_Clangv                    
0001d351  _Z11Sound_Starth                    
0001ef55  _Z11Switch_Initv                    
0001d18d  _Z12ST7735_InitR10initRFlags        
0001f18b  _Z12ST7735_closei                   
0001f0bf  _Z12ST7735_lseekili                 
0001e671  _Z12ST7735_writeiPKcj               
0001f041  _Z12UART2_Enablev                   
0001ea55  _Z12UART2_InCharv                   
0001e2f9  _Z13IRxmt_OutCharc                  
0001d905  _Z13IRxmt_SendBiti                  
0001f12d  _Z13ST7735_renamePKcS0_             
0001f195  _Z13ST7735_unlinkPKc                
0001f051  _Z13UART2_Disablev                  
0001e6a5  _Z14Clock_Delay1msj                 
0001d71d  _Z14LaunchPad_Initv                 
0001e341  _Z14SPI_OutCommandc                 
0001cc31  _Z14ST7735_OutCharc                 
0001ce69  _Z14TimerG7_IntArmtjj               
0001e639  _Z15ActivatePortA_Bv                
0001b65d  _Z15Clock_Init80MHzi                
0001b811  _Z15ST7735_DrawCharsscssh           
0001c3a1  _Z15ST7735_FillRectsssst            
0001d2bd  _Z15TimerG12_IntArmjj               
0001b9b5  _Z16ST7735_DrawCharSsscssh          
0001d979  _Z16ST7735_DrawPixelsst             
0001ec51  _Z16ST7735_OutStringPc              
0001e6d9  _Z16ST7735_SetCursorjj              
0001aee1  _Z17ST7735_DrawBitmapssPKtss        
0001d3e1  _Z17ST7735_DrawStringttPcs          
0001ea81  _Z17ST7735_FillScreent              
0001d055  _Z17ST7735_InitPrintfv              
0001b0f1  _Z17setUpInstructionsv              
0001c6c5  _Z18ST7735_SetRotationh             
0001cd09  _Z20ST7735_DrawFastHLinessst        
0001cdb9  _Z20ST7735_DrawFastVLinessst        
0001f061  _Z28TExaS_LaunchPadLogicPB27PB26v   
0001f139  _Z5Delayj                           
0001c279  _Z8ADC_InitP10ADC12_Regsjj          
0001ee29  _Z8DAC5_Outj                        
0001f19f  _Z8PLL_Initv                        
0001c5cd  _Z8SPI_Initv                        
0001e389  _Z8checkWinv                        
0001ebb1  _Z9ADC_StartP10ADC12_Regs           
0001e589  _Z9DAC5_Initv                       
0001e44d  _Z9SPI_Resetv                       
0001ef01  _Z9Switch_Inv                       
0001c8a5  _Z9UART_Initv                       
0001e1d1  _ZN5Queue3GetEPc                    
0001e21d  _ZN5Queue3PutEc                     
0001ee05  _ZN5Queue6IsFullEv                  
0001efaf  _ZN5Queue7IsEmptyEv                 
0001f071  _ZN5QueueC1Ev                       
0001f071  _ZN5QueueC2Ev                       
0001efc3  _ZN6Player13setPossessionEh         
0001eaad  _ZN6Player13translateDownEv         
0001ead9  _ZN6Player13translateLeftEv         
0001d0f1  _ZN6Player14checkProximityE7Machine 
0001dee9  _ZN6Player14printPosessionEh        
0001e875  _ZN6Player14translateRightEv        
0001d9e9  _ZN6Player15getMachineInputE7Machine
0001d225  _ZN6Player16resetCoordinatesEPsS0_  
0001e5c5  _ZN6Player6moveUpEv                 
0001f145  _ZN6Player7getSizeEv                
0001f0cd  _ZN6Player7getXPosEv                
0001f0db  _ZN6Player7getYPosEv                
0001efd5  _ZN6Player7setXPosEs                
0001efe7  _ZN6Player7setYPosEs                
0001ac9d  _ZN6Player8inBoundsEssPP7Machinehh  
0001e08d  _ZN6Player8moveDownEv               
0001df3d  _ZN6Player8moveLeftEv               
0001df91  _ZN6Player9moveRightEv              
0001ef1d  _ZN6PlayerC1Ev                      
0001ef1d  _ZN6PlayerC2Ev                      
0001a735  _ZN7Machine10printAnvilEv           
00019285  _ZN7Machine10updateCartEh           
00019c5d  _ZN7Machine10updateRockEh           
0001eff9  _ZN7Machine11setRockTypeEh          
00019795  _ZN7Machine11updateAnvilEh          
0001b4a5  _ZN7Machine12printSmelterEv         
0001bfc9  _ZN7Machine13cartSendErrorEhh       
0001bb55  _ZN7Machine13computeRecipeEPaa      
0001a9ed  _ZN7Machine13printCountersEPS_      
0001a3f5  _ZN7Machine13updateSmelterEh        
0001a069  _ZN7Machine14updateCountersEhPS_    
0001be69  _ZN7Machine15updateAnvilMenuEPaa    
0001b2cd  _ZN7Machine9printCartEv             
0001bced  _ZN7Machine9printRockEv             
0001dc09  _ZN7MachineC1Ehhhhhh                
0001d699  _ZN7MachineC1Ehhhhhhhhh             
0001d46d  _ZN7MachineC1Ehhhhhhhhhh            
0001dc09  _ZN7MachineC2Ehhhhhh                
0001d699  _ZN7MachineC2Ehhhhhhhhh             
0001d46d  _ZN7MachineC2Ehhhhhhhhhh            
0001dfe5  _ZN8SlidePot2InEv                   
0001d4f9  _ZN8SlidePot4InitEv                 
0001ec79  _ZN8SlidePot4SaveEj                 
0001ee49  _ZN8SlidePot4SyncEv                 
0001f151  _ZN8SlidePot9DistanceXEv            
0001f15d  _ZN8SlidePot9DistanceYEv            
0001f0e9  _ZN8SlidePotC1Ev                    
0001f0e9  _ZN8SlidePotC2Ev                    
20201670  __CIOBUF_                           
20208000  __STACK_END                         
00000200  __STACK_SIZE                        
00000200  __SYSMEM_SIZE                       
00000000  __TI_ATRegion0_region_sz            
00000000  __TI_ATRegion0_src_addr             
00000000  __TI_ATRegion0_trg_addr             
00000000  __TI_ATRegion1_region_sz            
00000000  __TI_ATRegion1_src_addr             
00000000  __TI_ATRegion1_trg_addr             
00000000  __TI_ATRegion2_region_sz            
00000000  __TI_ATRegion2_src_addr             
00000000  __TI_ATRegion2_trg_addr             
0001f7e0  __TI_CINIT_Base                     
0001f7f0  __TI_CINIT_Limit                    
0001f7f0  __TI_CINIT_Warm                     
0001f7cc  __TI_Handler_Table_Base             
0001f7d8  __TI_Handler_Table_Limit            
0001e039  __TI_auto_init_nobinit              
0001e70d  __TI_cleanup                        
2020142c  __TI_cleanup_ptr                    
0001d799  __TI_closefile                      
0001d815  __TI_decompress_lzss                
0001f01d  __TI_decompress_none                
0001e0df  __TI_doflush                        
20201430  __TI_dtors_ptr                      
20201448  __TI_ft_end                         
ffffffff  __TI_pprof_out_hndl                 
ffffffff  __TI_prof_data_size                 
ffffffff  __TI_prof_data_start                
0001e741  __TI_readmsg                        
00000000  __TI_static_base__                  
20201790  __TI_tmpnams                        
0001e775  __TI_writemsg                       
0001ef99  __TI_zero_init_nomemset             
0001de91  __aeabi_idiv                        
0001cfb3  __aeabi_idiv0                       
0001de91  __aeabi_idivmod                     
0001f169  __aeabi_memclr                      
0001f169  __aeabi_memclr4                     
0001f169  __aeabi_memclr8                     
0001f1b1  __aeabi_memcpy                      
0001f1b1  __aeabi_memcpy4                     
0001f1b1  __aeabi_memcpy8                     
0001e48d  __aeabi_uidiv                       
0001e48d  __aeabi_uidivmod                    
ffffffff  __binit__                           
UNDEFED   __mpu_init                          
20207e00  __stack                             
20200000  __start___llvm_prf_bits             
20200000  __start___llvm_prf_cnts             
20200000  __stop___llvm_prf_bits              
20200000  __stop___llvm_prf_cnts              
0001ec29  _c_int00_noargs                     
202010fc  _device                             
20200f84  _ftable                             
2020144c  _lock                               
0001da57  _nop                                
20201174  _stream                             
20201470  _sys_memory                         
UNDEFED   _system_post_cinit                  
0001d60d  _system_pre_init                    
20201450  _unlock                             
0001f1c5  abort                               
0001c7b9  add_device                          
0001c4b9  aligned_alloc                       
ffffffff  binit                               
2020185b  buttons                             
20201456  clang_size                          
0001e181  close                               
20201458  correct_size                        
20201462  deadTimer                           
0001e7a9  exit                                
0001e7dd  finddevice                          
0001ea25  fopen                               
0001c98d  free                                
0001e811  freopen                             
0001db9d  getdevice                           
20201463  input                               
00000000  interruptVectors                    
202012d4  m_anvil                             
202012e3  m_cart1                             
202012f2  m_cart2                             
20201301  m_counter1                          
20201310  m_counter2                          
2020131f  m_counter3                          
2020132e  m_counter4                          
2020133d  m_counter5                          
2020134c  m_counter6                          
2020135b  m_portal                            
2020136a  m_refiner                           
20201379  m_rock1                             
20201388  m_rock1Mid                          
20201397  m_rock1Progress                     
202013a6  m_rock1Top                          
202013b5  m_rock2                             
202013c4  m_rock2Mid                          
202013d3  m_rock2Top                          
202013e2  m_smelter                           
202013f1  m_smelterProgress                   
20201400  m_todo                              
2020140f  m_todoDown                          
20201280  machineArr2                         
00018631  main                                
0001f175  malloc                              
0001c4b9  memalign                            
2020185c  menuOpen                            
20201465  numCounters                         
0001cfb5  open                                
20201434  p1                                  
20201830  parmbuf                             
20201466  progH                               
20201467  progW                               
0001f1b9  remove                              
0001ca75  setvbuf                             
2020184c  soundArr                            
20201850  soundIndex                          
2020183e  soundLength                         
2020185d  sound_flag                          
20201074  sprites                             
0001d611  strcmp                              
2020185e  toDoOpen                            
0001eb5d  unlink                              
0001ec01  write                               
2020145a  wrong_size                          


GLOBAL SYMBOLS: SORTED BY Symbol Address 

address   name                                
-------   ----                                
00000000  __TI_ATRegion0_region_sz            
00000000  __TI_ATRegion0_src_addr             
00000000  __TI_ATRegion0_trg_addr             
00000000  __TI_ATRegion1_region_sz            
00000000  __TI_ATRegion1_src_addr             
00000000  __TI_ATRegion1_trg_addr             
00000000  __TI_ATRegion2_region_sz            
00000000  __TI_ATRegion2_src_addr             
00000000  __TI_ATRegion2_trg_addr             
00000000  __TI_static_base__                  
00000000  interruptVectors                    
00000200  __STACK_SIZE                        
00000200  __SYSMEM_SIZE                       
00018628  SHT$$INIT_ARRAY$$Base               
00018630  SHT$$INIT_ARRAY$$Limit              
00018631  main                                
00019285  _ZN7Machine10updateCartEh           
00019795  _ZN7Machine11updateAnvilEh          
00019c5d  _ZN7Machine10updateRockEh           
0001a069  _ZN7Machine14updateCountersEhPS_    
0001a3f5  _ZN7Machine13updateSmelterEh        
0001a735  _ZN7Machine10printAnvilEv           
0001a9ed  _ZN7Machine13printCountersEPS_      
0001ac9d  _ZN6Player8inBoundsEssPP7Machinehh  
0001aee1  _Z17ST7735_DrawBitmapssPKtss        
0001b0f1  _Z17setUpInstructionsv              
0001b2cd  _ZN7Machine9printCartEv             
0001b4a5  _ZN7Machine12printSmelterEv         
0001b65d  _Z15Clock_Init80MHzi                
0001b811  _Z15ST7735_DrawCharsscssh           
0001b9b5  _Z16ST7735_DrawCharSsscssh          
0001bb55  _ZN7Machine13computeRecipeEPaa      
0001bced  _ZN7Machine9printRockEv             
0001be69  _ZN7Machine15updateAnvilMenuEPaa    
0001bfc9  _ZN7Machine13cartSendErrorEhh       
0001c279  _Z8ADC_InitP10ADC12_Regsjj          
0001c3a1  _Z15ST7735_FillRectsssst            
0001c4b9  aligned_alloc                       
0001c4b9  memalign                            
0001c5cd  _Z8SPI_Initv                        
0001c6c5  _Z18ST7735_SetRotationh             
0001c7b9  add_device                          
0001c8a5  _Z9UART_Initv                       
0001c98d  free                                
0001ca75  setvbuf                             
0001cb55  _Z10UART2_Initv                     
0001cc31  _Z14ST7735_OutCharc                 
0001cd09  _Z20ST7735_DrawFastHLinessst        
0001cdb9  _Z20ST7735_DrawFastVLinessst        
0001ce69  _Z14TimerG7_IntArmtjj               
0001cfb3  __aeabi_idiv0                       
0001cfb5  open                                
0001d055  _Z17ST7735_InitPrintfv              
0001d0f1  _ZN6Player14checkProximityE7Machine 
0001d18d  _Z12ST7735_InitR10initRFlags        
0001d225  _ZN6Player16resetCoordinatesEPsS0_  
0001d2bd  _Z15TimerG12_IntArmjj               
0001d351  _Z11Sound_Starth                    
0001d3e1  _Z17ST7735_DrawStringttPcs          
0001d46d  _ZN7MachineC1Ehhhhhhhhhh            
0001d46d  _ZN7MachineC2Ehhhhhhhhhh            
0001d4f9  _ZN8SlidePot4InitEv                 
0001d60d  _system_pre_init                    
0001d611  strcmp                              
0001d699  _ZN7MachineC1Ehhhhhhhhh             
0001d699  _ZN7MachineC2Ehhhhhhhhh             
0001d71d  _Z14LaunchPad_Initv                 
0001d799  __TI_closefile                      
0001d815  __TI_decompress_lzss                
0001d891  UART2_IRQHandler                    
0001d905  _Z13IRxmt_SendBiti                  
0001d979  _Z16ST7735_DrawPixelsst             
0001d9e9  _ZN6Player15getMachineInputE7Machine
0001da57  _nop                                
0001da59  HOSTlseek                           
0001dac5  HOSTrename                          
0001db9d  getdevice                           
0001dc09  _ZN7MachineC1Ehhhhhh                
0001dc09  _ZN7MachineC2Ehhhhhh                
0001dcd1  HOSTopen                            
0001dd31  HOSTread                            
0001dd89  HOSTwrite                           
0001dde1  SysTick_Handler                     
0001de39  _Z10TExaS_InitP10ADC12_RegsjPFhvE   
0001de91  __aeabi_idiv                        
0001de91  __aeabi_idivmod                     
0001dee9  _ZN6Player14printPosessionEh        
0001df3d  _ZN6Player8moveLeftEv               
0001df91  _ZN6Player9moveRightEv              
0001dfe5  _ZN8SlidePot2InEv                   
0001e039  __TI_auto_init_nobinit              
0001e08d  _ZN6Player8moveDownEv               
0001e0df  __TI_doflush                        
0001e181  close                               
0001e1d1  _ZN5Queue3GetEPc                    
0001e21d  _ZN5Queue3PutEc                     
0001e269  HOSTclose                           
0001e2b1  HOSTunlink                          
0001e2f9  _Z13IRxmt_OutCharc                  
0001e341  _Z14SPI_OutCommandc                 
0001e389  _Z8checkWinv                        
0001e3cd  TIMG7_IRQHandler                    
0001e40d  _Z10Sound_Initv                     
0001e44d  _Z9SPI_Resetv                       
0001e48d  __aeabi_uidiv                       
0001e48d  __aeabi_uidivmod                    
0001e54d  TIMG12_IRQHandler                   
0001e589  _Z9DAC5_Initv                       
0001e5c5  _ZN6Player6moveUpEv                 
0001e601  _Z11SPI_OutDatac                    
0001e639  _Z15ActivatePortA_Bv                
0001e671  _Z12ST7735_writeiPKcj               
0001e6a5  _Z14Clock_Delay1msj                 
0001e6d9  _Z16ST7735_SetCursorjj              
0001e70d  __TI_cleanup                        
0001e741  __TI_readmsg                        
0001e775  __TI_writemsg                       
0001e7a1  C$$IO$$                             
0001e7a9  exit                                
0001e7dd  finddevice                          
0001e811  freopen                             
0001e875  _ZN6Player14translateRightEv        
0001ea25  fopen                               
0001ea55  _Z12UART2_InCharv                   
0001ea81  _Z17ST7735_FillScreent              
0001eaad  _ZN6Player13translateDownEv         
0001ead9  _ZN6Player13translateLeftEv         
0001eb5d  unlink                              
0001eb89  _Z10IRxmt_Initv                     
0001ebb1  _Z9ADC_StartP10ADC12_Regs           
0001ec01  write                               
0001ec29  _c_int00_noargs                     
0001ec51  _Z16ST7735_OutStringPc              
0001ec79  _ZN8SlidePot4SaveEj                 
0001ee05  _ZN5Queue6IsFullEv                  
0001ee29  _Z8DAC5_Outj                        
0001ee49  _ZN8SlidePot4SyncEv                 
0001eec9  ADC0_IRQHandler                     
0001eec9  ADC1_IRQHandler                     
0001eec9  AES_IRQHandler                      
0001eec9  CANFD0_IRQHandler                   
0001eec9  DAC0_IRQHandler                     
0001eec9  DMA_IRQHandler                      
0001eec9  Default_Handler                     
0001eec9  GROUP0_IRQHandler                   
0001eec9  GROUP1_IRQHandler                   
0001eec9  I2C0_IRQHandler                     
0001eec9  I2C1_IRQHandler                     
0001eec9  NMI_Handler                         
0001eec9  PendSV_Handler                      
0001eec9  RTC_IRQHandler                      
0001eec9  SPI0_IRQHandler                     
0001eec9  SPI1_IRQHandler                     
0001eec9  SVC_Handler                         
0001eec9  TIMA0_IRQHandler                    
0001eec9  TIMA1_IRQHandler                    
0001eec9  TIMG0_IRQHandler                    
0001eec9  TIMG6_IRQHandler                    
0001eec9  TIMG8_IRQHandler                    
0001eec9  UART0_IRQHandler                    
0001eec9  UART1_IRQHandler                    
0001eec9  UART3_IRQHandler                    
0001eee5  HardFault_Handler                   
0001ef01  _Z9Switch_Inv                       
0001ef1d  _ZN6PlayerC1Ev                      
0001ef1d  _ZN6PlayerC2Ev                      
0001ef55  _Z11Switch_Initv                    
0001ef6d  _Z11ST7735_openPKcji                
0001ef83  _Z11ST7735_readiPcj                 
0001ef99  __TI_zero_init_nomemset             
0001efaf  _ZN5Queue7IsEmptyEv                 
0001efc3  _ZN6Player13setPossessionEh         
0001efd5  _ZN6Player7setXPosEs                
0001efe7  _ZN6Player7setYPosEs                
0001eff9  _ZN7Machine11setRockTypeEh          
0001f00b  TI_memcpy_small                     
0001f01d  __TI_decompress_none                
0001f02f  _Z11Clock_Delayj                    
0001f041  _Z12UART2_Enablev                   
0001f051  _Z13UART2_Disablev                  
0001f061  _Z28TExaS_LaunchPadLogicPB27PB26v   
0001f071  _ZN5QueueC1Ev                       
0001f071  _ZN5QueueC2Ev                       
0001f0bf  _Z12ST7735_lseekili                 
0001f0cd  _ZN6Player7getXPosEv                
0001f0db  _ZN6Player7getYPosEv                
0001f0e9  _ZN8SlidePotC1Ev                    
0001f0e9  _ZN8SlidePotC2Ev                    
0001f113  TI_memset_small                     
0001f121  _Z10Clock_Freqv                     
0001f12d  _Z13ST7735_renamePKcS0_             
0001f139  _Z5Delayj                           
0001f145  _ZN6Player7getSizeEv                
0001f151  _ZN8SlidePot9DistanceXEv            
0001f15d  _ZN8SlidePot9DistanceYEv            
0001f169  __aeabi_memclr                      
0001f169  __aeabi_memclr4                     
0001f169  __aeabi_memclr8                     
0001f175  malloc                              
0001f181  _Z11Sound_Clangv                    
0001f18b  _Z12ST7735_closei                   
0001f195  _Z13ST7735_unlinkPKc                
0001f19f  _Z8PLL_Initv                        
0001f1b1  __aeabi_memcpy                      
0001f1b1  __aeabi_memcpy4                     
0001f1b1  __aeabi_memcpy8                     
0001f1b9  remove                              
0001f1c1  Reset_Handler                       
0001f1c4  C$$EXIT                             
0001f1c5  abort                               
0001f7cc  __TI_Handler_Table_Base             
0001f7d8  __TI_Handler_Table_Limit            
0001f7e0  __TI_CINIT_Base                     
0001f7f0  __TI_CINIT_Limit                    
0001f7f0  __TI_CINIT_Warm                     
20200000  __start___llvm_prf_bits             
20200000  __start___llvm_prf_cnts             
20200000  __stop___llvm_prf_bits              
20200000  __stop___llvm_prf_cnts              
20200f84  _ftable                             
20201074  sprites                             
202010fc  _device                             
20201174  _stream                             
202011c4  Counters                            
20201200  Counters2                           
2020122e  StTextColor                         
20201230  FIFO2                               
20201258  Instructions                        
20201280  machineArr2                         
202012a8  Phrases                             
202012c0  ToDoArr                             
202012d4  m_anvil                             
202012e3  m_cart1                             
202012f2  m_cart2                             
20201301  m_counter1                          
20201310  m_counter2                          
2020131f  m_counter3                          
2020132e  m_counter4                          
2020133d  m_counter5                          
2020134c  m_counter6                          
2020135b  m_portal                            
2020136a  m_refiner                           
20201379  m_rock1                             
20201388  m_rock1Mid                          
20201397  m_rock1Progress                     
202013a6  m_rock1Top                          
202013b5  m_rock2                             
202013c4  m_rock2Mid                          
202013d3  m_rock2Top                          
202013e2  m_smelter                           
202013f1  m_smelterProgress                   
20201400  m_todo                              
2020140f  m_todoDown                          
20201420  Sensor                              
2020142c  __TI_cleanup_ptr                    
20201430  __TI_dtors_ptr                      
20201434  p1                                  
2020143c  BusFreq                             
20201440  StX                                 
20201444  StY                                 
20201448  __TI_ft_end                         
2020144c  _lock                               
20201450  _unlock                             
20201456  clang_size                          
20201458  correct_size                        
2020145a  wrong_size                          
20201462  deadTimer                           
20201463  input                               
20201465  numCounters                         
20201466  progH                               
20201467  progW                               
20201470  _sys_memory                         
20201670  _CIOBUF_                            
20201670  __CIOBUF_                           
20201790  __TI_tmpnams                        
20201830  parmbuf                             
2020183e  soundLength                         
20201840  LostData                            
20201844  TExaSLogic                          
20201848  TExaSadc                            
2020184c  soundArr                            
20201850  soundIndex                          
2020185b  buttons                             
2020185c  menuOpen                            
2020185d  sound_flag                          
2020185e  toDoOpen                            
20207e00  __stack                             
20208000  __STACK_END                         
ffffffff  __TI_pprof_out_hndl                 
ffffffff  __TI_prof_data_size                 
ffffffff  __TI_prof_data_start                
ffffffff  __binit__                           
ffffffff  binit                               
UNDEFED   __mpu_init                          
UNDEFED   _system_post_cinit                  

[295 symbols]
