******************************************************************************
            TI ARM Clang Linker PC v4.0.1                      
******************************************************************************
>> Linked Thu Apr 17 23:33:45 2025

OUTPUT FILE NAME:   <MadMines.out>
ENTRY POINT SYMBOL: "_c_int00_noargs"  address: 00001885


MEMORY CONFIGURATION

         name            origin    length      used     unused   attr    fill
----------------------  --------  ---------  --------  --------  ----  --------
  FLASH                 00000000   00020000  00001d50  0001e2b0  R  X
  SRAM                  20200000   00008000  0000091a  000076e6  RW X
  BCR_CONFIG            41c00000   00000080  00000000  00000080  R   
  BSL_CONFIG            41c00100   00000080  00000000  00000080  R   


SEGMENT ALLOCATION MAP

run origin  load origin   length   init length attrs members
----------  ----------- ---------- ----------- ----- -------
00000000    00000000    00001d50   00001d50    r-x
  00000000    00000000    000000c0   000000c0    r-- .intvecs
  000000c0    000000c0    00001b50   00001b50    r-x .text
  00001c10    00001c10    000000b0   000000b0    r-- .rodata
  00001cc0    00001cc0    00000008   00000008    r-- .init_array
  00001cc8    00001cc8    00000088   00000088    r-- .cinit
20200000    20200000    00000721   00000000    rw-
  20200000    20200000    00000341   00000000    rw- .data
  20200348    20200348    00000200   00000000    rw- .sysmem
  20200548    20200548    000001d9   00000000    rw- .bss
20207e00    20207e00    00000200   00000000    rw-
  20207e00    20207e00    00000200   00000000    rw- .stack


SECTION ALLOCATION MAP

 output                                  attributes/
section   page    origin      length       input sections
--------  ----  ----------  ----------   ----------------
.intvecs   0    00000000    000000c0     
                  00000000    000000c0     startup_mspm0g3507_ticlang.o (.intvecs)

.binit     0    00000000    00000000     

.text      0    000000c0    00001b50     
                  000000c0    00000284     libc.a : _printfi.c.obj (.text:__TI_printfi_minimal)
                  00000344    000001b8     Machine.o (.text._ZN7Machine13computeRecipeEPaa)
                  000004fc    0000013c     Lab9HMain.o (.text.main)
                  00000638    00000114     libc.a : memory.c.obj (.text.aligned_alloc)
                  0000074c    000000f8            : fputs.c.obj (.text.fputs)
                  00000844    000000e8            : memory.c.obj (.text.free)
                  0000092c    000000e0            : setvbuf.c.obj (.text.setvbuf)
                  00000a0c    00000004            : pre_init.c.obj (.text._system_pre_init)
                  00000a10    00000088            : strcmp-armv6m.S.obj (.text:strcmp)
                  00000a98    00000082     Machine.o (.text._ZN7MachineC2Ehhhhhhhhh)
                  00000b1a    00000002     Sound.o (.text.SysTick_Handler)
                  00000b1c    0000007c     libc.a : fclose.c.obj (.text.__TI_closefile)
                  00000b98    0000007c            : copy_decompress_lzss.c.obj (.text:decompress:lzss)
                  00000c14    00000074     UART2.o (.text.UART2_IRQHandler)
                  00000c88    0000006c     libsysbm.a : hostlseek.c.obj (.text.HOSTlseek)
                  00000cf4    0000006c                : hostrename.c.obj (.text.HOSTrename)
                  00000d60    0000006c     libc.a : fseek.c.obj (.text.fseeko)
                  00000dcc    0000006c            : getdevice.c.obj (.text.getdevice)
                  00000e38    00000064            : _io_perm.c.obj (.text.__TI_wrt_ok)
                  00000e9c    00000064            : memory.c.obj (.text.split)
                  00000f00    00000062     Machine.o (.text._ZN7MachineC2Ehhhhhh)
                  00000f62    00000002     libclang_rt.builtins.a : aeabi_div0.c.obj (.text.__aeabi_idiv0)
                  00000f64    00000060     libsysbm.a : hostopen.c.obj (.text.HOSTopen)
                  00000fc4    00000060     libc.a : fflush.c.obj (.text.fflush)
                  00001024    00000058     libsysbm.a : hostread.c.obj (.text.HOSTread)
                  0000107c    00000058                : hostwrite.c.obj (.text.HOSTwrite)
                  000010d4    00000056     libclang_rt.builtins.a : aeabi_idivmod.S.obj (.text.__aeabi_idivmod)
                  0000112a    00000002     libc.a : _lock.c.obj (.text._nop)
                  0000112c    00000054     SlidePot.o (.text._ZN8SlidePot2InEv)
                  00001180    00000054     libc.a : autoinit.c.obj (.text:__TI_auto_init_nobinit)
                  000011d4    00000052            : fflush.c.obj (.text.__TI_doflush)
                  00001226    00000050     Lab9HMain.o (.text._GLOBAL__sub_I_Lab9HMain.cpp)
                  00001276    00000002     --HOLE-- [fill = 0]
                  00001278    00000050     Lab9HMain.o (.text.__cxx_global_var_init.10)
                  000012c8    00000050     libsysbm.a : close.c.obj (.text.close)
                  00001318    00000048                : hostclose.c.obj (.text.HOSTclose)
                  00001360    00000048                : hostunlink.c.obj (.text.HOSTunlink)
                  000013a8    00000048     FIFO2.o (.text._ZN5Queue3PutEc)
                  000013f0    00000044     libc.a : aeabi_portable.c.obj (.text.__aeabi_assert)
                  00001434    00000040     TExaS.o (.text.TIMG7_IRQHandler)
                  00001474    00000040     libclang_rt.builtins.a : aeabi_uidivmod.S.obj (.text.__aeabi_uidivmod)
                  000014b4    00000040     Lab9HMain.o (.text.__cxx_global_var_init.18)
                  000014f4    0000003c     Lab9HMain.o (.text.TIMG12_IRQHandler)
                  00001530    00000038     libc.a : sprintf.c.obj (.text.sprintf)
                  00001568    00000034            : fopen.c.obj (.text.__TI_cleanup)
                  0000159c    00000034     libsysbm.a : trgmsg.c.obj (.text.__TI_readmsg)
                  000015d0    00000034                : trgmsg.c.obj (.text.__TI_writemsg)
                  00001604    00000034     libc.a : exit.c.obj (.text.exit)
                  00001638    00000034            : getdevice.c.obj (.text.finddevice)
                  0000166c    00000030     Lab9HMain.o (.text.__cxx_global_var_init.15)
                  0000169c    00000030     Lab9HMain.o (.text.__cxx_global_var_init.16)
                  000016cc    00000030     Lab9HMain.o (.text.__cxx_global_var_init.17)
                  000016fc    00000030     Lab9HMain.o (.text.__cxx_global_var_init.7)
                  0000172c    00000030     Lab9HMain.o (.text.__cxx_global_var_init.8)
                  0000175c    00000030     Lab9HMain.o (.text.__cxx_global_var_init.9)
                  0000178c    0000002c     Lab9HMain.o (.text.__cxx_global_var_init.6)
                  000017b8    0000002c     libsysbm.a : unlink.c.obj (.text.unlink)
                  000017e4    00000028     Lab9HMain.o (.text.__cxx_global_var_init.4)
                  0000180c    00000028     libc.a : memory.c.obj (.text.free_list_insert)
                  00001834    00000028     libsysbm.a : lseek.c.obj (.text.lseek)
                  0000185c    00000028                : write.c.obj (.text.write)
                  00001884    00000028     libc.a : boot_cortex_m.c.obj (.text:_c_int00_noargs)
                  000018ac    00000024     SlidePot.o (.text._ZN8SlidePot4SaveEj)
                  000018d0    00000024     Lab9HMain.o (.text.__cxx_global_var_init.11)
                  000018f4    00000024     Lab9HMain.o (.text.__cxx_global_var_init.12)
                  00001918    00000024     Lab9HMain.o (.text.__cxx_global_var_init.13)
                  0000193c    00000024     Lab9HMain.o (.text.__cxx_global_var_init.14)
                  00001960    00000024     Lab9HMain.o (.text.__cxx_global_var_init.2)
                  00001984    00000024     Lab9HMain.o (.text.__cxx_global_var_init.3)
                  000019a8    00000024     Lab9HMain.o (.text.__cxx_global_var_init.5)
                  000019cc    00000022     FIFO2.o (.text._ZN5Queue6IsFullEv)
                  000019ee    00000022     libc.a : memccpy.c.obj (.text.memccpy)
                  00001a10    0000001c     startup_mspm0g3507_ticlang.o (.text.Default_Handler)
                  00001a2c    0000001c     startup_mspm0g3507_ticlang.o (.text.HardFault_Handler)
                  00001a48    0000001c     Switch.o (.text._Z9Switch_Inv)
                  00001a64    0000001c     Player.o (.text._ZN6PlayerC2Ev)
                  00001a80    0000001c     libc.a : memory.c.obj (.text.free_list_remove)
                  00001a9c    00000018            : assert.c.obj (.text._abort_msg)
                  00001ab4    00000018            : sprintf.c.obj (.text._outs)
                  00001acc    00000016            : copy_zero_init.c.obj (.text:decompress:ZI:__TI_zero_init_nomemset)
                  00001ae2    00000012            : memcpy16.S.obj (.text:TI_memcpy_small)
                  00001af4    00000012            : copy_decompress_none.c.obj (.text:decompress:none)
                  00001b06    00000010     FIFO2.o (.text._ZN5QueueC2Ev)
                  00001b16    00000002     --HOLE-- [fill = 0]
                  00001b18    00000010     Lab9HMain.o (.text.__cxx_global_var_init.1)
                  00001b28    00000010     Lab9HMain.o (.text.__cxx_global_var_init)
                  00001b38    00000010     UART2.o (.text.__cxx_global_var_init)
                  00001b48    0000000e     libc.a : memory.c.obj (.text.OUTLINED_FUNCTION_0)
                  00001b56    0000000e     SlidePot.o (.text._ZN8SlidePotC2Ev)
                  00001b64    0000000e     libclang_rt.builtins.a : aeabi_memset.S.obj (.text.__aeabi_memset)
                  00001b72    0000000e     libsysbm.a : hostrename.c.obj (.text.strcpy)
                  00001b80    0000000e     libc.a : _printfi.c.obj (.text.strlen)
                  00001b8e    0000000e            : aeabi_portable.c.obj (.text.strlen)
                  00001b9c    0000000e     libsysbm.a : hostrename.c.obj (.text.strlen)
                  00001baa    0000000e     libc.a : memset16.S.obj (.text:TI_memset_small)
                  00001bb8    0000000c     libclang_rt.builtins.a : aeabi_memset.S.obj (.text.__aeabi_memclr)
                  00001bc4    0000000c     libc.a : memory.c.obj (.text.malloc)
                  00001bd0    0000000a            : sprintf.c.obj (.text._outc)
                  00001bda    00000008     UART2.o (.text._GLOBAL__sub_I_UART2.cpp)
                  00001be2    00000002     --HOLE-- [fill = 0]
                  00001be4    00000008     libclang_rt.builtins.a : aeabi_memcpy.S.obj (.text.__aeabi_memcpy)
                  00001bec    00000008     libc.a : fseek.c.obj (.text.fseek)
                  00001bf4    00000008     libsysbm.a : remove.c.obj (.text.remove)
                  00001bfc    00000004     startup_mspm0g3507_ticlang.o (.text.Reset_Handler)
                  00001c00    00000004     libc.a : exit.c.obj (.text:abort)
                  00001c04    0000000c     --HOLE-- [fill = 0]

.cinit     0    00001cc8    00000088     
                  00001cc8    00000062     (.cinit..data.load) [load image, compression = lzss]
                  00001d2a    00000002     --HOLE-- [fill = 0]
                  00001d2c    0000000c     (__TI_handler_table)
                  00001d38    00000008     (.cinit..bss.load) [load image, compression = zero_init]
                  00001d40    00000010     (__TI_cinit_table)

.rodata    0    00001c10    000000b0     
                  00001c10    0000002a     libc.a : aeabi_portable.c.obj (.rodata.str1.16032425787955110171)
                  00001c3a    00000019     Machine.o (.rodata._ZL7recipes)
                  00001c53    00000018     libc.a : aeabi_portable.c.obj (.rodata.str1.124606307532073926191)
                  00001c6b    00000011            : _printfi.c.obj (.rodata.str1.153638888446227384661)
                  00001c7c    00000011     Lab9HMain.o (.rodata.str1.92738753765294272191)
                  00001c8d    0000000b     Lab9HMain.o (.rodata.str1.136243777921425235241)
                  00001c98    0000000b     Lab9HMain.o (.rodata.str1.23765623467681484731)
                  00001ca3    0000000b     Lab9HMain.o (.rodata.str1.36435047076059183751)
                  00001cae    0000000b     Lab9HMain.o (.rodata.str1.74067424030976851731)
                  00001cb9    00000007     --HOLE-- [fill = 0]

.init_array 
*          0    00001cc0    00000008     
                  00001cc0    00000004     UART2.o (.init_array)
                  00001cc4    00000004     Lab9HMain.o (.init_array)

.data      0    20200000    00000341     UNINITIALIZED
                  20200000    000000f0     libc.a : defs.c.obj (.data._ftable)
                  202000f0    00000078     libsysbm.a : host_device.c.obj (.data._device)
                  20200168    00000050                : host_device.c.obj (.data._stream)
                  202001b8    00000038     Lab9HMain.o (.data.Counters)
                  202001f0    0000002c     UART2.o (.data.FIFO2)
                  2020021c    0000002a     Lab9HMain.o (.data.Counters2)
                  20200246    0000000e     Lab9HMain.o (.data.m_anvil)
                  20200254    0000000e     Lab9HMain.o (.data.m_cart1)
                  20200262    0000000e     Lab9HMain.o (.data.m_cart2)
                  20200270    0000000e     Lab9HMain.o (.data.m_counter1)
                  2020027e    0000000e     Lab9HMain.o (.data.m_counter2)
                  2020028c    0000000e     Lab9HMain.o (.data.m_counter3)
                  2020029a    0000000e     Lab9HMain.o (.data.m_counter4)
                  202002a8    0000000e     Lab9HMain.o (.data.m_counter5)
                  202002b6    0000000e     Lab9HMain.o (.data.m_counter6)
                  202002c4    0000000e     Lab9HMain.o (.data.m_portal)
                  202002d2    0000000e     Lab9HMain.o (.data.m_refiner)
                  202002e0    0000000e     Lab9HMain.o (.data.m_rock1)
                  202002ee    0000000e     Lab9HMain.o (.data.m_rock2)
                  202002fc    0000000e     Lab9HMain.o (.data.m_smelter)
                  2020030a    0000000e     Lab9HMain.o (.data.m_todo)
                  20200318    0000000c     Lab9HMain.o (.data.Sensor)
                  20200324    00000008     libc.a : exit.c.obj (.data..L_MergedGlobals)
                  2020032c    00000008     Lab9HMain.o (.data.p1)
                  20200334    00000004     libc.a : defs.c.obj (.data.__TI_ft_end)
                  20200338    00000004            : _lock.c.obj (.data._lock)
                  2020033c    00000004            : _lock.c.obj (.data._unlock)
                  20200340    00000001            : memory.c.obj (.data.memory_is_initialized)

.sysmem    0    20200348    00000200     UNINITIALIZED
                  20200348    00000010     libc.a : memory.c.obj (.sysmem)
                  20200358    000001f0     --HOLE--

.bss       0    20200548    000001d9     UNINITIALIZED
                  20200548    00000120     libsysbm.a : trgmsg.c.obj (.bss:_CIOBUF_)
                  20200668    000000a0     libc.a : defs.c.obj (.bss.__TI_tmpnams)
                  20200708    00000008     libsysbm.a : hostopen.c.obj (.bss.parmbuf)
                  20200710    00000004     UART2.o (.bss.LostData)
                  20200714    00000004     TExaS.o (.bss.TExaSLogic)
                  20200718    00000004     TExaS.o (.bss.TExaSadc)
                  2020071c    00000004     libc.a : memory.c.obj (.bss.sys_free)
                  20200720    00000001     Lab9HMain.o (.bss.buttons)

.stack     0    20207e00    00000200     UNINITIALIZED
                  20207e00    00000004     libc.a : boot_cortex_m.c.obj (.stack)
                  20207e04    000001fc     --HOLE--

__llvm_prf_cnts 
*          0    20200000    00000000     UNINITIALIZED

__llvm_prf_bits 
*          0    20200000    00000000     UNINITIALIZED

MODULE SUMMARY

       Module                         code   ro data   rw data
       ------                         ----   -------   -------
    .\
       Lab9HMain.o                    1256   65        329    
       Machine.o                      668    25        0      
       UART2.o                        140    4         48     
       SlidePot.o                     134    0         0      
       FIFO2.o                        122    0         0      
       TExaS.o                        64     0         8      
       Player.o                       28     0         0      
       Switch.o                       28     0         0      
       Sound.o                        2      0         0      
    +--+------------------------------+------+---------+---------+
       Total:                         2442   94        385    
                                                              
    .\ticlang\
       startup_mspm0g3507_ticlang.o   60     192       0      
    +--+------------------------------+------+---------+---------+
       Total:                         60     192       0      
                                                              
    C:\ti\ccs\tools\compiler\ti-cgt-armllvm_4.0.1.LTS\lib\armv6m-ti-none-eabi/c/libc.a
       memory.c.obj                   702    0         5      
       _printfi.c.obj                 658    17        0      
       defs.c.obj                     0      0         404    
       fputs.c.obj                    248    0         0      
       setvbuf.c.obj                  224    0         0      
       fflush.c.obj                   178    0         0      
       getdevice.c.obj                160    0         0      
       aeabi_portable.c.obj           82     66        0      
       strcmp-armv6m.S.obj            136    0         0      
       copy_decompress_lzss.c.obj     124    0         0      
       fclose.c.obj                   124    0         0      
       fseek.c.obj                    116    0         0      
       _io_perm.c.obj                 100    0         0      
       sprintf.c.obj                  90     0         0      
       autoinit.c.obj                 84     0         0      
       exit.c.obj                     56     0         8      
       fopen.c.obj                    52     0         0      
       boot_cortex_m.c.obj            40     0         0      
       memccpy.c.obj                  34     0         0      
       assert.c.obj                   24     0         0      
       copy_zero_init.c.obj           22     0         0      
       copy_decompress_none.c.obj     18     0         0      
       memcpy16.S.obj                 18     0         0      
       memset16.S.obj                 14     0         0      
       _lock.c.obj                    2      0         8      
       pre_init.c.obj                 4      0         0      
    +--+------------------------------+------+---------+---------+
       Total:                         3310   83        425    
                                                              
    C:\ti\ccs\tools\compiler\ti-cgt-armllvm_4.0.1.LTS\lib\armv6m-ti-none-eabi/c/libsysbm.a
       trgmsg.c.obj                   104    0         288    
       host_device.c.obj              0      0         200    
       hostrename.c.obj               136    0         0      
       hostlseek.c.obj                108    0         0      
       hostopen.c.obj                 96     0         8      
       hostread.c.obj                 88     0         0      
       hostwrite.c.obj                88     0         0      
       close.c.obj                    80     0         0      
       hostclose.c.obj                72     0         0      
       hostunlink.c.obj               72     0         0      
       unlink.c.obj                   44     0         0      
       lseek.c.obj                    40     0         0      
       write.c.obj                    40     0         0      
       remove.c.obj                   8      0         0      
    +--+------------------------------+------+---------+---------+
       Total:                         976    0         496    
                                                              
    C:\ti\ccs\tools\compiler\ti-cgt-armllvm_4.0.1.LTS\lib\armv6m-ti-none-eabi/libclang_rt.builtins.a
       aeabi_idivmod.S.obj            86     0         0      
       aeabi_uidivmod.S.obj           64     0         0      
       aeabi_memset.S.obj             26     0         0      
       aeabi_memcpy.S.obj             8      0         0      
       aeabi_div0.c.obj               2      0         0      
    +--+------------------------------+------+---------+---------+
       Total:                         186    0         0      
                                                              
       Heap:                          0      0         512    
       Stack:                         0      0         512    
       Linker Generated:              0      134       0      
    +--+------------------------------+------+---------+---------+
       Grand Total:                   6974   503       2330   


LINKER GENERATED COPY TABLES

__TI_cinit_table @ 00001d40 records: 2, size/record: 8, table size: 16
	.data: load addr=00001cc8, load size=00000062 bytes, run addr=20200000, run size=00000341 bytes, compression=lzss
	.bss: load addr=00001d38, load size=00000008 bytes, run addr=20200548, run size=000001d9 bytes, compression=zero_init


LINKER GENERATED HANDLER TABLE

__TI_handler_table @ 00001d2c records: 3, size/record: 4, table size: 12
	index: 0, handler: __TI_decompress_lzss
	index: 1, handler: __TI_decompress_none
	index: 2, handler: __TI_zero_init


GLOBAL SYMBOLS: SORTED ALPHABETICALLY BY Name 

address   name                          
-------   ----                          
00001a11  ADC0_IRQHandler               
00001a11  ADC1_IRQHandler               
00001a11  AES_IRQHandler                
00001c00  C$$EXIT                       
000015fd  C$$IO$$                       
00001a11  CANFD0_IRQHandler             
202001b8  Counters                      
2020021c  Counters2                     
00001a11  DAC0_IRQHandler               
00001a11  DMA_IRQHandler                
00001a11  Default_Handler               
202001f0  FIFO2                         
00001a11  GROUP0_IRQHandler             
00001a11  GROUP1_IRQHandler             
00001319  HOSTclose                     
00000c89  HOSTlseek                     
00000f65  HOSTopen                      
00001025  HOSTread                      
00000cf5  HOSTrename                    
00001361  HOSTunlink                    
0000107d  HOSTwrite                     
00001a2d  HardFault_Handler             
00001a11  I2C0_IRQHandler               
00001a11  I2C1_IRQHandler               
20200710  LostData                      
00001a11  NMI_Handler                   
00001a11  PendSV_Handler                
00001a11  RTC_IRQHandler                
00001bfd  Reset_Handler                 
00001cc0  SHT$$INIT_ARRAY$$Base         
00001cc8  SHT$$INIT_ARRAY$$Limit        
00001a11  SPI0_IRQHandler               
00001a11  SPI1_IRQHandler               
00001a11  SVC_Handler                   
20200318  Sensor                        
00000b1b  SysTick_Handler               
20200714  TExaSLogic                    
20200718  TExaSadc                      
00001a11  TIMA0_IRQHandler              
00001a11  TIMA1_IRQHandler              
00001a11  TIMG0_IRQHandler              
000014f5  TIMG12_IRQHandler             
00001a11  TIMG6_IRQHandler              
00001435  TIMG7_IRQHandler              
00001a11  TIMG8_IRQHandler              
00001ae3  TI_memcpy_small               
00001bab  TI_memset_small               
00001a11  UART0_IRQHandler              
00001a11  UART1_IRQHandler              
00000c15  UART2_IRQHandler              
00001a11  UART3_IRQHandler              
20200548  _CIOBUF_                      
00001a49  _Z9Switch_Inv                 
000013a9  _ZN5Queue3PutEc               
000019cd  _ZN5Queue6IsFullEv            
00001b07  _ZN5QueueC1Ev                 
00001b07  _ZN5QueueC2Ev                 
00001a65  _ZN6PlayerC1Ev                
00001a65  _ZN6PlayerC2Ev                
00000345  _ZN7Machine13computeRecipeEPaa
00000f01  _ZN7MachineC1Ehhhhhh          
00000a99  _ZN7MachineC1Ehhhhhhhhh       
00000f01  _ZN7MachineC2Ehhhhhh          
00000a99  _ZN7MachineC2Ehhhhhhhhh       
0000112d  _ZN8SlidePot2InEv             
000018ad  _ZN8SlidePot4SaveEj           
00001b57  _ZN8SlidePotC1Ev              
00001b57  _ZN8SlidePotC2Ev              
20200548  __CIOBUF_                     
20208000  __STACK_END                   
00000200  __STACK_SIZE                  
00000200  __SYSMEM_SIZE                 
00000000  __TI_ATRegion0_region_sz      
00000000  __TI_ATRegion0_src_addr       
00000000  __TI_ATRegion0_trg_addr       
00000000  __TI_ATRegion1_region_sz      
00000000  __TI_ATRegion1_src_addr       
00000000  __TI_ATRegion1_trg_addr       
00000000  __TI_ATRegion2_region_sz      
00000000  __TI_ATRegion2_src_addr       
00000000  __TI_ATRegion2_trg_addr       
00001d40  __TI_CINIT_Base               
00001d50  __TI_CINIT_Limit              
00001d50  __TI_CINIT_Warm               
00001d2c  __TI_Handler_Table_Base       
00001d38  __TI_Handler_Table_Limit      
00001181  __TI_auto_init_nobinit        
00001569  __TI_cleanup                  
20200324  __TI_cleanup_ptr              
00000b1d  __TI_closefile                
00000b99  __TI_decompress_lzss          
00001af5  __TI_decompress_none          
000011d5  __TI_doflush                  
20200328  __TI_dtors_ptr                
20200334  __TI_ft_end                   
ffffffff  __TI_pprof_out_hndl           
000000c1  __TI_printfi_minimal          
ffffffff  __TI_prof_data_size           
ffffffff  __TI_prof_data_start          
0000159d  __TI_readmsg                  
00000000  __TI_static_base__            
20200668  __TI_tmpnams                  
000015d1  __TI_writemsg                 
00000e39  __TI_wrt_ok                   
00001acd  __TI_zero_init_nomemset       
000013f1  __aeabi_assert                
000010d5  __aeabi_idiv                  
00000f63  __aeabi_idiv0                 
000010d5  __aeabi_idivmod               
00001bb9  __aeabi_memclr                
00001bb9  __aeabi_memclr4               
00001bb9  __aeabi_memclr8               
00001be5  __aeabi_memcpy                
00001be5  __aeabi_memcpy4               
00001be5  __aeabi_memcpy8               
00001b65  __aeabi_memset                
00001b65  __aeabi_memset4               
00001b65  __aeabi_memset8               
00001475  __aeabi_uidiv                 
00001475  __aeabi_uidivmod              
ffffffff  __binit__                     
UNDEFED   __mpu_init                    
20207e00  __stack                       
20200000  __start___llvm_prf_bits       
20200000  __start___llvm_prf_cnts       
20200000  __stop___llvm_prf_bits        
20200000  __stop___llvm_prf_cnts        
00001a9d  _abort_msg                    
00001885  _c_int00_noargs               
202000f0  _device                       
20200000  _ftable                       
20200338  _lock                         
0000112b  _nop                          
20200168  _stream                       
20200348  _sys_memory                   
UNDEFED   _system_post_cinit            
00000a0d  _system_pre_init              
2020033c  _unlock                       
00001c01  abort                         
00000639  aligned_alloc                 
ffffffff  binit                         
20200720  buttons                       
000012c9  close                         
00001605  exit                          
00000fc5  fflush                        
00001639  finddevice                    
0000074d  fputs                         
00000845  free                          
00001bed  fseek                         
00000d61  fseeko                        
00000dcd  getdevice                     
00000000  interruptVectors              
00001835  lseek                         
20200246  m_anvil                       
20200254  m_cart1                       
20200262  m_cart2                       
20200270  m_counter1                    
2020027e  m_counter2                    
2020028c  m_counter3                    
2020029a  m_counter4                    
202002a8  m_counter5                    
202002b6  m_counter6                    
202002c4  m_portal                      
202002d2  m_refiner                     
202002e0  m_rock1                       
202002ee  m_rock2                       
202002fc  m_smelter                     
2020030a  m_todo                        
000004fd  main                          
00001bc5  malloc                        
00000639  memalign                      
000019ef  memccpy                       
2020032c  p1                            
20200708  parmbuf                       
00001bf5  remove                        
0000092d  setvbuf                       
00001531  sprintf                       
00000a11  strcmp                        
000017b9  unlink                        
0000185d  write                         


GLOBAL SYMBOLS: SORTED BY Symbol Address 

address   name                          
-------   ----                          
00000000  __TI_ATRegion0_region_sz      
00000000  __TI_ATRegion0_src_addr       
00000000  __TI_ATRegion0_trg_addr       
00000000  __TI_ATRegion1_region_sz      
00000000  __TI_ATRegion1_src_addr       
00000000  __TI_ATRegion1_trg_addr       
00000000  __TI_ATRegion2_region_sz      
00000000  __TI_ATRegion2_src_addr       
00000000  __TI_ATRegion2_trg_addr       
00000000  __TI_static_base__            
00000000  interruptVectors              
000000c1  __TI_printfi_minimal          
00000200  __STACK_SIZE                  
00000200  __SYSMEM_SIZE                 
00000345  _ZN7Machine13computeRecipeEPaa
000004fd  main                          
00000639  aligned_alloc                 
00000639  memalign                      
0000074d  fputs                         
00000845  free                          
0000092d  setvbuf                       
00000a0d  _system_pre_init              
00000a11  strcmp                        
00000a99  _ZN7MachineC1Ehhhhhhhhh       
00000a99  _ZN7MachineC2Ehhhhhhhhh       
00000b1b  SysTick_Handler               
00000b1d  __TI_closefile                
00000b99  __TI_decompress_lzss          
00000c15  UART2_IRQHandler              
00000c89  HOSTlseek                     
00000cf5  HOSTrename                    
00000d61  fseeko                        
00000dcd  getdevice                     
00000e39  __TI_wrt_ok                   
00000f01  _ZN7MachineC1Ehhhhhh          
00000f01  _ZN7MachineC2Ehhhhhh          
00000f63  __aeabi_idiv0                 
00000f65  HOSTopen                      
00000fc5  fflush                        
00001025  HOSTread                      
0000107d  HOSTwrite                     
000010d5  __aeabi_idiv                  
000010d5  __aeabi_idivmod               
0000112b  _nop                          
0000112d  _ZN8SlidePot2InEv             
00001181  __TI_auto_init_nobinit        
000011d5  __TI_doflush                  
000012c9  close                         
00001319  HOSTclose                     
00001361  HOSTunlink                    
000013a9  _ZN5Queue3PutEc               
000013f1  __aeabi_assert                
00001435  TIMG7_IRQHandler              
00001475  __aeabi_uidiv                 
00001475  __aeabi_uidivmod              
000014f5  TIMG12_IRQHandler             
00001531  sprintf                       
00001569  __TI_cleanup                  
0000159d  __TI_readmsg                  
000015d1  __TI_writemsg                 
000015fd  C$$IO$$                       
00001605  exit                          
00001639  finddevice                    
000017b9  unlink                        
00001835  lseek                         
0000185d  write                         
00001885  _c_int00_noargs               
000018ad  _ZN8SlidePot4SaveEj           
000019cd  _ZN5Queue6IsFullEv            
000019ef  memccpy                       
00001a11  ADC0_IRQHandler               
00001a11  ADC1_IRQHandler               
00001a11  AES_IRQHandler                
00001a11  CANFD0_IRQHandler             
00001a11  DAC0_IRQHandler               
00001a11  DMA_IRQHandler                
00001a11  Default_Handler               
00001a11  GROUP0_IRQHandler             
00001a11  GROUP1_IRQHandler             
00001a11  I2C0_IRQHandler               
00001a11  I2C1_IRQHandler               
00001a11  NMI_Handler                   
00001a11  PendSV_Handler                
00001a11  RTC_IRQHandler                
00001a11  SPI0_IRQHandler               
00001a11  SPI1_IRQHandler               
00001a11  SVC_Handler                   
00001a11  TIMA0_IRQHandler              
00001a11  TIMA1_IRQHandler              
00001a11  TIMG0_IRQHandler              
00001a11  TIMG6_IRQHandler              
00001a11  TIMG8_IRQHandler              
00001a11  UART0_IRQHandler              
00001a11  UART1_IRQHandler              
00001a11  UART3_IRQHandler              
00001a2d  HardFault_Handler             
00001a49  _Z9Switch_Inv                 
00001a65  _ZN6PlayerC1Ev                
00001a65  _ZN6PlayerC2Ev                
00001a9d  _abort_msg                    
00001acd  __TI_zero_init_nomemset       
00001ae3  TI_memcpy_small               
00001af5  __TI_decompress_none          
00001b07  _ZN5QueueC1Ev                 
00001b07  _ZN5QueueC2Ev                 
00001b57  _ZN8SlidePotC1Ev              
00001b57  _ZN8SlidePotC2Ev              
00001b65  __aeabi_memset                
00001b65  __aeabi_memset4               
00001b65  __aeabi_memset8               
00001bab  TI_memset_small               
00001bb9  __aeabi_memclr                
00001bb9  __aeabi_memclr4               
00001bb9  __aeabi_memclr8               
00001bc5  malloc                        
00001be5  __aeabi_memcpy                
00001be5  __aeabi_memcpy4               
00001be5  __aeabi_memcpy8               
00001bed  fseek                         
00001bf5  remove                        
00001bfd  Reset_Handler                 
00001c00  C$$EXIT                       
00001c01  abort                         
00001cc0  SHT$$INIT_ARRAY$$Base         
00001cc8  SHT$$INIT_ARRAY$$Limit        
00001d2c  __TI_Handler_Table_Base       
00001d38  __TI_Handler_Table_Limit      
00001d40  __TI_CINIT_Base               
00001d50  __TI_CINIT_Limit              
00001d50  __TI_CINIT_Warm               
20200000  __start___llvm_prf_bits       
20200000  __start___llvm_prf_cnts       
20200000  __stop___llvm_prf_bits        
20200000  __stop___llvm_prf_cnts        
20200000  _ftable                       
202000f0  _device                       
20200168  _stream                       
202001b8  Counters                      
202001f0  FIFO2                         
2020021c  Counters2                     
20200246  m_anvil                       
20200254  m_cart1                       
20200262  m_cart2                       
20200270  m_counter1                    
2020027e  m_counter2                    
2020028c  m_counter3                    
2020029a  m_counter4                    
202002a8  m_counter5                    
202002b6  m_counter6                    
202002c4  m_portal                      
202002d2  m_refiner                     
202002e0  m_rock1                       
202002ee  m_rock2                       
202002fc  m_smelter                     
2020030a  m_todo                        
20200318  Sensor                        
20200324  __TI_cleanup_ptr              
20200328  __TI_dtors_ptr                
2020032c  p1                            
20200334  __TI_ft_end                   
20200338  _lock                         
2020033c  _unlock                       
20200348  _sys_memory                   
20200548  _CIOBUF_                      
20200548  __CIOBUF_                     
20200668  __TI_tmpnams                  
20200708  parmbuf                       
20200710  LostData                      
20200714  TExaSLogic                    
20200718  TExaSadc                      
20200720  buttons                       
20207e00  __stack                       
20208000  __STACK_END                   
ffffffff  __TI_pprof_out_hndl           
ffffffff  __TI_prof_data_size           
ffffffff  __TI_prof_data_start          
ffffffff  __binit__                     
ffffffff  binit                         
UNDEFED   __mpu_init                    
UNDEFED   _system_post_cinit            

[180 symbols]
