******************************************************************************
            TI ARM Clang Linker PC v4.0.1                      
******************************************************************************
>> Linked Tue Apr 15 20:10:06 2025

OUTPUT FILE NAME:   <MadMines.out>
ENTRY POINT SYMBOL: "_c_int00_noargs"  address: 0000fef1


MEMORY CONFIGURATION

         name            origin    length      used     unused   attr    fill
----------------------  --------  ---------  --------  --------  ----  --------
  FLASH                 00000000   00020000  000103d0  0000fc30  R  X
  SRAM                  20200000   00008000  000008a8  00007758  RW X
  BCR_CONFIG            41c00000   00000080  00000000  00000080  R   
  BSL_CONFIG            41c00100   00000080  00000000  00000080  R   


SEGMENT ALLOCATION MAP

run origin  load origin   length   init length attrs members
----------  ----------- ---------- ----------- ----- -------
00000000    00000000    000103d0   000103d0    r-x
  00000000    00000000    000000c0   000000c0    r-- .intvecs
  000000c0    000000c0    0000c3c0   0000c3c0    r-- .rodata
  0000c480    0000c480    00003e50   00003e50    r-x .text
  000102d0    000102d0    00000008   00000008    r-- .init_array
  000102d8    000102d8    000000f8   000000f8    r-- .cinit
20200000    20200000    000006af   00000000    rw-
  20200000    20200000    000002c9   00000000    rw- .data
  202002d0    202002d0    00000200   00000000    rw- .sysmem
  202004d0    202004d0    000001df   00000000    rw- .bss
20207e00    20207e00    00000200   00000000    rw-
  20207e00    20207e00    00000200   00000000    rw- .stack


SECTION ALLOCATION MAP

 output                                  attributes/
section   page    origin      length       input sections
--------  ----  ----------  ----------   ----------------
.intvecs   0    00000000    000000c0     
                  00000000    000000c0     startup_mspm0g3507_ticlang.o (.intvecs)

.binit     0    00000000    00000000     

.text      0    0000c480    00003e50     
                  0000c480    00000468     Lab9HMain.o (.text.main)
                  0000c8e8    00000418     Machine.o (.text._ZN7Machine11updateAnvilEh)
                  0000cd00    000002a4     Machine.o (.text._ZN7Machine10updateRockEh)
                  0000cfa4    00000210     ST7735.o (.text._Z17ST7735_DrawBitmapssPKtss)
                  0000d1b4    000001e8     Machine.o (.text._ZN7Machine10updateCartEh)
                  0000d39c    000001b4     Clock.o (.text._Z15Clock_Init80MHzi)
                  0000d550    000001ac     Machine.o (.text._ZN7Machine13computeRecipeEPaa)
                  0000d6fc    000001a0     ST7735.o (.text._Z16ST7735_DrawCharSsscssh)
                  0000d89c    00000164     Machine.o (.text._ZN7Machine15updateAnvilMenuEPaa)
                  0000da00    00000154     libc.a : fopen.c.obj (.text._openfile)
                  0000db54    0000012c     Player.o (.text._ZN6Player8moveDownEv)
                  0000dc80    00000128     TExaS.o (.text._Z8ADC_InitP10ADC12_Regsjj)
                  0000dda8    00000118     ST7735.o (.text._Z15ST7735_FillRectsssst)
                  0000dec0    00000114     libc.a : memory.c.obj (.text.aligned_alloc)
                  0000dfd4    00000108     Player.o (.text._ZN6Player6moveUpEv)
                  0000e0dc    000000f8     SPI.o (.text._Z8SPI_Initv)
                  0000e1d4    000000f4     ST7735.o (.text._Z18ST7735_SetRotationh)
                  0000e2c8    000000ec     libsysbm.a : add_device.c.obj (.text.add_device)
                  0000e3b4    000000e8     TExaS.o (.text._Z9UART_Initv)
                  0000e49c    000000e8     libc.a : memory.c.obj (.text.free)
                  0000e584    000000e0            : setvbuf.c.obj (.text.setvbuf)
                  0000e664    000000d8     ST7735.o (.text._Z14ST7735_OutCharc)
                  0000e73c    000000b0     ST7735.o (.text._Z20ST7735_DrawFastHLinessst)
                  0000e7ec    000000b0     ST7735.o (.text._Z20ST7735_DrawFastVLinessst)
                  0000e89c    000000a8     Timer.o (.text._Z14TimerG7_IntArmtjj)
                  0000e944    000000a4     Machine.o (.text._ZN7Machine9printCartEh)
                  0000e9e8    000000a2     ST7735.o (.text._ZL11commandListPKh)
                  0000ea8a    00000002     Sound.o (.text.SysTick_Handler)
                  0000ea8c    000000a0     libsysbm.a : open.c.obj (.text.open)
                  0000eb2c    0000009c     ST7735.o (.text._Z17ST7735_InitPrintfv)
                  0000ebc8    0000009c     Machine.o (.text._ZN7Machine10printAnvilEh)
                  0000ec64    00000098     ST7735.o (.text._Z12ST7735_InitR10initRFlags)
                  0000ecfc    00000096     Player.o (.text._ZN6Player14checkProximityE7Machine)
                  0000ed92    00000002     libclang_rt.builtins.a : aeabi_div0.c.obj (.text.__aeabi_idiv0)
                  0000ed94    00000094     Timer.o (.text._Z15TimerG12_IntArmjj)
                  0000ee28    0000008c     SlidePot.o (.text._ZN8SlidePot4InitEv)
                  0000eeb4    00000088     ST7735.o (.text._ZL13setAddrWindowhhhh)
                  0000ef3c    00000004     libc.a : pre_init.c.obj (.text._system_pre_init)
                  0000ef40    00000088            : strcmp-armv6m.S.obj (.text:strcmp)
                  0000efc8    00000084     ST7735.o (.text._Z17ST7735_DrawStringttPcs)
                  0000f04c    00000080     Player.o (.text._ZN6Player16resetCoordinatesEv)
                  0000f0cc    0000007c     LaunchPad.o (.text._Z14LaunchPad_Initv)
                  0000f148    0000007c     Machine.o (.text._ZN7Machine9printRockEh)
                  0000f1c4    0000007c     libc.a : fclose.c.obj (.text.__TI_closefile)
                  0000f240    0000007c            : copy_decompress_lzss.c.obj (.text:decompress:lzss)
                  0000f2bc    00000070     ST7735.o (.text._Z16ST7735_DrawPixelsst)
                  0000f32c    0000006c     libsysbm.a : hostlseek.c.obj (.text.HOSTlseek)
                  0000f398    0000006c                : hostrename.c.obj (.text.HOSTrename)
                  0000f404    0000006c     libc.a : getdevice.c.obj (.text.getdevice)
                  0000f470    00000064     Player.o (.text._ZN6Player15getMachineInputE7Machine)
                  0000f4d4    00000064     libc.a : memory.c.obj (.text.split)
                  0000f538    00000060     libsysbm.a : hostopen.c.obj (.text.HOSTopen)
                  0000f598    00000058                : hostread.c.obj (.text.HOSTread)
                  0000f5f0    00000058                : hostwrite.c.obj (.text.HOSTwrite)
                  0000f648    00000058     TExaS.o (.text._Z10TExaS_InitP10ADC12_RegsjPFhvE)
                  0000f6a0    00000056     libclang_rt.builtins.a : aeabi_idivmod.S.obj (.text.__aeabi_idivmod)
                  0000f6f6    00000002     libc.a : _lock.c.obj (.text._nop)
                  0000f6f8    00000054     SlidePot.o (.text._ZN8SlidePot2InEv)
                  0000f74c    00000054     libc.a : autoinit.c.obj (.text:__TI_auto_init_nobinit)
                  0000f7a0    00000052     Machine.o (.text._ZN7MachineC2Ehhhhhh)
                  0000f7f2    00000052     libc.a : fflush.c.obj (.text.__TI_doflush)
                  0000f844    00000050     libsysbm.a : close.c.obj (.text.close)
                  0000f894    0000004c     Player.o (.text._ZN6Player8moveLeftEv)
                  0000f8e0    0000004c     Player.o (.text._ZN6Player9moveRightEv)
                  0000f92c    00000048     libsysbm.a : hostclose.c.obj (.text.HOSTclose)
                  0000f974    00000048                : hostunlink.c.obj (.text.HOSTunlink)
                  0000f9bc    00000048     SPI.o (.text._Z14SPI_OutCommandc)
                  0000fa04    00000040     TExaS.o (.text.TIMG7_IRQHandler)
                  0000fa44    00000040     SPI.o (.text._Z9SPI_Resetv)
                  0000fa84    00000040     libclang_rt.builtins.a : aeabi_uidivmod.S.obj (.text.__aeabi_uidivmod)
                  0000fac4    00000040     libc.a : fopen.c.obj (.text._search_fp)
                  0000fb04    0000003c     Lab9HMain.o (.text.TIMG12_IRQHandler)
                  0000fb40    0000003c     Sound.o (.text._Z10Sound_Initv)
                  0000fb7c    00000038     SPI.o (.text._Z11SPI_OutDatac)
                  0000fbb4    00000038     LaunchPad.o (.text._Z15ActivatePortA_Bv)
                  0000fbec    00000034     ST7735.o (.text._Z12ST7735_writeiPKcj)
                  0000fc20    00000034     Clock.o (.text._Z14Clock_Delay1msj)
                  0000fc54    00000034     ST7735.o (.text._Z16ST7735_SetCursorjj)
                  0000fc88    00000034     libc.a : fopen.c.obj (.text.__TI_cleanup)
                  0000fcbc    00000034     libsysbm.a : trgmsg.c.obj (.text.__TI_readmsg)
                  0000fcf0    00000034                : trgmsg.c.obj (.text.__TI_writemsg)
                  0000fd24    00000034     libc.a : exit.c.obj (.text.exit)
                  0000fd58    00000034            : getdevice.c.obj (.text.finddevice)
                  0000fd8c    00000034            : fopen.c.obj (.text.freopen)
                  0000fdc0    00000030     ST7735.o (.text._ZL10commonInitPKh)
                  0000fdf0    00000030     libc.a : fopen.c.obj (.text.fopen)
                  0000fe20    0000002c     ST7735.o (.text._Z17ST7735_FillScreent)
                  0000fe4c    0000002c     libsysbm.a : unlink.c.obj (.text.unlink)
                  0000fe78    00000028     TExaS.o (.text._Z9ADC_StartP10ADC12_Regs)
                  0000fea0    00000028     libc.a : memory.c.obj (.text.free_list_insert)
                  0000fec8    00000028     libsysbm.a : write.c.obj (.text.write)
                  0000fef0    00000028     libc.a : boot_cortex_m.c.obj (.text:_c_int00_noargs)
                  0000ff18    00000024     Lab9HMain.o (.text._GLOBAL__sub_I_Lab9HMain.cpp)
                  0000ff3c    00000024     SlidePot.o (.text._ZN8SlidePot4SaveEj)
                  0000ff60    00000024     Lab9HMain.o (.text.__cxx_global_var_init.2)
                  0000ff84    00000024     Lab9HMain.o (.text.__cxx_global_var_init.3)
                  0000ffa8    00000024     Lab9HMain.o (.text.__cxx_global_var_init.4)
                  0000ffcc    00000024     Lab9HMain.o (.text.__cxx_global_var_init.5)
                  0000fff0    00000024     Lab9HMain.o (.text.__cxx_global_var_init.6)
                  00010014    00000024     Lab9HMain.o (.text.__cxx_global_var_init.7)
                  00010038    00000020     SlidePot.o (.text._ZN8SlidePot4SyncEv)
                  00010058    0000001e     ST7735.o (.text._ZL9pushColort)
                  00010076    00000002     --HOLE-- [fill = 0]
                  00010078    0000001c     startup_mspm0g3507_ticlang.o (.text.Default_Handler)
                  00010094    0000001c     startup_mspm0g3507_ticlang.o (.text.HardFault_Handler)
                  000100b0    0000001c     Switch.o (.text._Z9Switch_Inv)
                  000100cc    0000001c     Player.o (.text._ZN6PlayerC2Ev)
                  000100e8    0000001c     libc.a : memory.c.obj (.text.free_list_remove)
                  00010104    00000018     Switch.o (.text._Z11Switch_Initv)
                  0001011c    00000016     ST7735.o (.text._Z11ST7735_openPKcji)
                  00010132    00000016     ST7735.o (.text._Z11ST7735_readiPcj)
                  00010148    00000016     libc.a : copy_zero_init.c.obj (.text:decompress:ZI:__TI_zero_init_nomemset)
                  0001015e    00000012     Player.o (.text._ZN6Player13setPossessionEh)
                  00010170    00000012     libc.a : memcpy16.S.obj (.text:TI_memcpy_small)
                  00010182    00000012            : copy_decompress_none.c.obj (.text:decompress:none)
                  00010194    00000010     Clock.o (.text._Z11Clock_Delayj)
                  000101a4    00000010     Lab9HMain.o (.text._Z28TExaS_LaunchPadLogicPB27PB26v)
                  000101b4    00000010     Lab9HMain.o (.text.__cxx_global_var_init.1)
                  000101c4    00000010     Lab9HMain.o (.text.__cxx_global_var_init)
                  000101d4    0000000e     libc.a : memory.c.obj (.text.OUTLINED_FUNCTION_0)
                  000101e2    0000000e     ST7735.o (.text._Z12ST7735_lseekili)
                  000101f0    0000000e     Player.o (.text._ZN6Player7getXPosEv)
                  000101fe    0000000e     Player.o (.text._ZN6Player7getYPosEv)
                  0001020c    0000000e     SlidePot.o (.text._ZN8SlidePotC2Ev)
                  0001021a    0000000e     libsysbm.a : hostrename.c.obj (.text.strcpy)
                  00010228    0000000e                : hostrename.c.obj (.text.strlen)
                  00010236    0000000e     libc.a : memset16.S.obj (.text:TI_memset_small)
                  00010244    0000000c     Clock.o (.text._Z10Clock_Freqv)
                  00010250    0000000c     ST7735.o (.text._Z13ST7735_renamePKcS0_)
                  0001025c    0000000c     Player.o (.text._ZN6Player7getSizeEv)
                  00010268    0000000c     SlidePot.o (.text._ZN8SlidePot9DistanceXEv)
                  00010274    0000000c     SlidePot.o (.text._ZN8SlidePot9DistanceYEv)
                  00010280    0000000c     libclang_rt.builtins.a : aeabi_memset.S.obj (.text.__aeabi_memclr)
                  0001028c    0000000c     libc.a : memory.c.obj (.text.malloc)
                  00010298    0000000a     ST7735.o (.text._Z12ST7735_closei)
                  000102a2    0000000a     ST7735.o (.text._Z13ST7735_unlinkPKc)
                  000102ac    0000000a     Lab9HMain.o (.text._Z8PLL_Initv)
                  000102b6    00000002     --HOLE-- [fill = 0]
                  000102b8    00000008     libclang_rt.builtins.a : aeabi_memcpy.S.obj (.text.__aeabi_memcpy)
                  000102c0    00000008     libsysbm.a : remove.c.obj (.text.remove)
                  000102c8    00000004     startup_mspm0g3507_ticlang.o (.text.Reset_Handler)
                  000102cc    00000004     libc.a : exit.c.obj (.text:abort)

.cinit     0    000102d8    000000f8     
                  000102d8    000000d3     (.cinit..data.load) [load image, compression = lzss]
                  000103ab    00000001     --HOLE-- [fill = 0]
                  000103ac    0000000c     (__TI_handler_table)
                  000103b8    00000008     (.cinit..bss.load) [load image, compression = zero_init]
                  000103c0    00000010     (__TI_cinit_table)

.rodata    0    000000c0    0000c3c0     
                  000000c0    00002700     Machine.o (.rodata._ZL9anvilMenu)
                  000027c0    00000f78     Machine.o (.rodata._ZL12anvilWorking)
                  00003738    00000f78     Machine.o (.rodata._ZL14anvilHighlight)
                  000046b0    00000f78     Machine.o (.rodata._ZL5anvil)
                  00005628    00000f74     Machine.o (.rodata._ZL13cartHighlight)
                  0000659c    00000f74     Machine.o (.rodata._ZL4cart)
                  00007510    00000bb0     Machine.o (.rodata._ZL11workingRock)
                  000080c0    00000bb0     Machine.o (.rodata._ZL13highlightRock)
                  00008c70    00000bb0     Machine.o (.rodata._ZL4rock)
                  00009820    00000992     Lab9HMain.o (.rodata._ZL5miner)
                  0000a1b2    000004fb     ST7735.o (.rodata._ZL4Font)
                  0000a6ad    00000001     --HOLE-- [fill = 0]
                  0000a6ae    00000348     Lab9HMain.o (.rodata._ZL5watch)
                  0000a9f6    00000320     Lab9HMain.o (.rodata._ZL5trash)
                  0000ad16    000002d2     Lab9HMain.o (.rodata._ZL5sword)
                  0000afe8    000002ac     Lab9HMain.o (.rodata._ZL3key)
                  0000b294    000002a0     Lab9HMain.o (.rodata._ZL6shield)
                  0000b534    00000220     Lab9HMain.o (.rodata._ZL4ring)
                  0000b754    0000018c     Lab9HMain.o (.rodata._ZL10rawDiamond)
                  0000b8e0    0000018c     Lab9HMain.o (.rodata._ZL10rawEmerald)
                  0000ba6c    0000018c     Lab9HMain.o (.rodata._ZL7rawGold)
                  0000bbf8    0000018c     Lab9HMain.o (.rodata._ZL7rawRuby)
                  0000bd84    0000018c     Lab9HMain.o (.rodata._ZL9rawSilver)
                  0000bf10    0000010e     Lab9HMain.o (.rodata._ZL4gold)
                  0000c01e    0000010e     Lab9HMain.o (.rodata._ZL6silver)
                  0000c12c    000000d8     Lab9HMain.o (.rodata._ZL4Ruby)
                  0000c204    000000d8     Lab9HMain.o (.rodata._ZL7Diamond)
                  0000c2dc    000000d8     Lab9HMain.o (.rodata._ZL7Emerald)
                  0000c3b4    0000003b     ST7735.o (.rodata._ZL5Rcmd1)
                  0000c3ef    0000002b     ST7735.o (.rodata._ZL5Rcmd3)
                  0000c41a    00000019     Machine.o (.rodata._ZL7recipes)
                  0000c433    00000016     ST7735.o (.rodata.str1.145533100666594254441)
                  0000c449    0000000d     ST7735.o (.rodata._ZL10Rcmd2green)
                  0000c456    0000000d     ST7735.o (.rodata._ZL8Rcmd2red)
                  0000c463    00000008     ST7735.o (.rodata.str1.74455504091578136031)
                  0000c46b    00000007     ST7735.o (.rodata.str1.70397418904557661531)
                  0000c472    00000007     ST7735.o (.rodata.str1.94386759871288863331)
                  0000c479    00000002     ST7735.o (.rodata.str1.79068154596109554801)
                  0000c47b    00000005     --HOLE-- [fill = 0]

.init_array 
*          0    000102d0    00000008     
                  000102d0    00000004     Lab9HMain.o (.init_array)
                  000102d4    00000004     --HOLE-- [fill = 0]

.data      0    20200000    000002c9     UNINITIALIZED
                  20200000    000000f0     libc.a : defs.c.obj (.data._ftable)
                  202000f0    00000088     Lab9HMain.o (.data.sprites)
                  20200178    00000078     libsysbm.a : host_device.c.obj (.data._device)
                  202001f0    00000050                : host_device.c.obj (.data._stream)
                  20200240    0000000c     Lab9HMain.o (.data.Sensor)
                  2020024c    0000000a     Lab9HMain.o (.data.m_anvil)
                  20200256    0000000a     Lab9HMain.o (.data.m_cart)
                  20200260    0000000a     Lab9HMain.o (.data.m_portal)
                  2020026a    0000000a     Lab9HMain.o (.data.m_refiner)
                  20200274    0000000a     Lab9HMain.o (.data.m_rock)
                  2020027e    0000000a     Lab9HMain.o (.data.m_smelter)
                  20200288    00000008     libc.a : exit.c.obj (.data..L_MergedGlobals)
                  20200290    00000008     Lab9HMain.o (.data.p1)
                  20200298    00000004     Clock.o (.data.BusFreq)
                  2020029c    00000004     ST7735.o (.data.StX)
                  202002a0    00000004     ST7735.o (.data.StY)
                  202002a4    00000004     Machine.o (.data._ZZN7Machine9printCartEhE1i)
                  202002a8    00000004     libc.a : defs.c.obj (.data.__TI_ft_end)
                  202002ac    00000004            : _lock.c.obj (.data._lock)
                  202002b0    00000004            : _lock.c.obj (.data._unlock)
                  202002b4    00000002     ST7735.o (.data.StTextColor)
                  202002b6    00000002     ST7735.o (.data._ZL6_width)
                  202002b8    00000002     ST7735.o (.data._ZL7_height)
                  202002ba    00000001     Machine.o (.data._ZZN7Machine10updateCartEhE8debounce)
                  202002bb    00000001     Machine.o (.data._ZZN7Machine10updateRockEhE10wasWorking)
                  202002bc    00000001     Machine.o (.data._ZZN7Machine11updateAnvilEhE10wasWorking)
                  202002bd    00000001     Machine.o (.data._ZZN7Machine11updateAnvilEhE11anvilLength)
                  202002be    00000001     Machine.o (.data._ZZN7Machine11updateAnvilEhE12menuDebounce)
                  202002bf    00000001     Lab9HMain.o (.data.input)
                  202002c0    00000001     libsysbm.a : add_device.c.obj (.data.add_device.device_init)
                  202002c1    00000001     Machine.o (.data.progH)
                  202002c2    00000001     Machine.o (.data.progW)
                  202002c3    00000001     --HOLE--
                  202002c4    00000001     libc.a : memory.c.obj (.data.memory_is_initialized)
                  202002c5    00000003     --HOLE--
                  202002c8    00000001     libsysbm.a : open.c.obj (.data.open.stream_init)

.sysmem    0    202002d0    00000200     UNINITIALIZED
                  202002d0    00000010     libc.a : memory.c.obj (.sysmem)
                  202002e0    000001f0     --HOLE--

.bss       0    202004d0    000001df     UNINITIALIZED
                  202004d0    00000120     libsysbm.a : trgmsg.c.obj (.bss:_CIOBUF_)
                  202005f0    000000a0     libc.a : defs.c.obj (.bss.__TI_tmpnams)
                  20200690    00000008     libsysbm.a : hostopen.c.obj (.bss.parmbuf)
                  20200698    00000005     Machine.o (.bss._ZZN7Machine11updateAnvilEhE10AnvilItems)
                  2020069d    00000001     ST7735.o (.bss._ZL8ColStart)
                  2020069e    00000001     ST7735.o (.bss._ZL8Rotation)
                  2020069f    00000001     ST7735.o (.bss._ZL8RowStart)
                  202006a0    00000004     TExaS.o (.bss.TExaSLogic)
                  202006a4    00000004     TExaS.o (.bss.TExaSadc)
                  202006a8    00000004     libc.a : memory.c.obj (.bss.sys_free)
                  202006ac    00000001     ST7735.o (.bss._ZL8TabColor)
                  202006ad    00000001     Lab9HMain.o (.bss.buttons)
                  202006ae    00000001     Lab9HMain.o (.bss.menuOpen)

.stack     0    20207e00    00000200     UNINITIALIZED
                  20207e00    00000004     libc.a : boot_cortex_m.c.obj (.stack)
                  20207e04    000001fc     --HOLE--

__llvm_prf_cnts 
*          0    20200000    00000000     UNINITIALIZED

__llvm_prf_bits 
*          0    20200000    00000000     UNINITIALIZED

MODULE SUMMARY

       Module                         code    ro data   rw data
       ------                         ----    -------   -------
    .\
       Machine.o                      3522    38777     16     
       Lab9HMain.o                    1498    9884      219    
       ST7735.o                       3202    1449      18     
       Player.o                       1180    0         0      
       TExaS.o                        720     0         8      
       Clock.o                        516     0         4      
       SPI.o                          440     0         0      
       SlidePot.o                     330     0         0      
       Timer.o                        316     0         0      
       LaunchPad.o                    180     0         0      
       Sound.o                        62      0         0      
       Switch.o                       52      0         0      
    +--+------------------------------+-------+---------+---------+
       Total:                         12018   50110     265    
                                                               
    .\ticlang\
       startup_mspm0g3507_ticlang.o   60      192       0      
    +--+------------------------------+-------+---------+---------+
       Total:                         60      192       0      
                                                               
    C:\ti\ccs\tools\compiler\ti-cgt-armllvm_4.0.1.LTS\lib\armv6m-ti-none-eabi/c/libc.a
       memory.c.obj                   702     0         5      
       fopen.c.obj                    556     0         0      
       defs.c.obj                     0       0         404    
       setvbuf.c.obj                  224     0         0      
       getdevice.c.obj                160     0         0      
       strcmp-armv6m.S.obj            136     0         0      
       copy_decompress_lzss.c.obj     124     0         0      
       fclose.c.obj                   124     0         0      
       autoinit.c.obj                 84      0         0      
       fflush.c.obj                   82      0         0      
       exit.c.obj                     56      0         8      
       boot_cortex_m.c.obj            40      0         0      
       copy_zero_init.c.obj           22      0         0      
       copy_decompress_none.c.obj     18      0         0      
       memcpy16.S.obj                 18      0         0      
       memset16.S.obj                 14      0         0      
       _lock.c.obj                    2       0         8      
       pre_init.c.obj                 4       0         0      
    +--+------------------------------+-------+---------+---------+
       Total:                         2366    0         425    
                                                               
    C:\ti\ccs\tools\compiler\ti-cgt-armllvm_4.0.1.LTS\lib\armv6m-ti-none-eabi/c/libsysbm.a
       trgmsg.c.obj                   104     0         288    
       add_device.c.obj               236     0         1      
       host_device.c.obj              0       0         200    
       open.c.obj                     160     0         1      
       hostrename.c.obj               136     0         0      
       hostlseek.c.obj                108     0         0      
       hostopen.c.obj                 96      0         8      
       hostread.c.obj                 88      0         0      
       hostwrite.c.obj                88      0         0      
       close.c.obj                    80      0         0      
       hostclose.c.obj                72      0         0      
       hostunlink.c.obj               72      0         0      
       unlink.c.obj                   44      0         0      
       write.c.obj                    40      0         0      
       remove.c.obj                   8       0         0      
    +--+------------------------------+-------+---------+---------+
       Total:                         1332    0         498    
                                                               
    C:\ti\ccs\tools\compiler\ti-cgt-armllvm_4.0.1.LTS\lib\armv6m-ti-none-eabi/libclang_rt.builtins.a
       aeabi_idivmod.S.obj            86      0         0      
       aeabi_uidivmod.S.obj           64      0         0      
       aeabi_memset.S.obj             12      0         0      
       aeabi_memcpy.S.obj             8       0         0      
       aeabi_div0.c.obj               2       0         0      
    +--+------------------------------+-------+---------+---------+
       Total:                         172     0         0      
                                                               
       Heap:                          0       0         512    
       Stack:                         0       0         512    
       Linker Generated:              0       247       0      
    +--+------------------------------+-------+---------+---------+
       Grand Total:                   15948   50549     2212   


LINKER GENERATED COPY TABLES

__TI_cinit_table @ 000103c0 records: 2, size/record: 8, table size: 16
	.data: load addr=000102d8, load size=000000d3 bytes, run addr=20200000, run size=000002c9 bytes, compression=lzss
	.bss: load addr=000103b8, load size=00000008 bytes, run addr=202004d0, run size=000001df bytes, compression=zero_init


LINKER GENERATED HANDLER TABLE

__TI_handler_table @ 000103ac records: 3, size/record: 4, table size: 12
	index: 0, handler: __TI_decompress_lzss
	index: 1, handler: __TI_decompress_none
	index: 2, handler: __TI_zero_init


GLOBAL SYMBOLS: SORTED ALPHABETICALLY BY Name 

address   name                                
-------   ----                                
00010079  ADC0_IRQHandler                     
00010079  ADC1_IRQHandler                     
00010079  AES_IRQHandler                      
20200298  BusFreq                             
000102cc  C$$EXIT                             
0000fd1d  C$$IO$$                             
00010079  CANFD0_IRQHandler                   
00010079  DAC0_IRQHandler                     
00010079  DMA_IRQHandler                      
00010079  Default_Handler                     
00010079  GROUP0_IRQHandler                   
00010079  GROUP1_IRQHandler                   
0000f92d  HOSTclose                           
0000f32d  HOSTlseek                           
0000f539  HOSTopen                            
0000f599  HOSTread                            
0000f399  HOSTrename                          
0000f975  HOSTunlink                          
0000f5f1  HOSTwrite                           
00010095  HardFault_Handler                   
00010079  I2C0_IRQHandler                     
00010079  I2C1_IRQHandler                     
00010079  NMI_Handler                         
00010079  PendSV_Handler                      
00010079  RTC_IRQHandler                      
000102c9  Reset_Handler                       
000102d0  SHT$$INIT_ARRAY$$Base               
000102d4  SHT$$INIT_ARRAY$$Limit              
00010079  SPI0_IRQHandler                     
00010079  SPI1_IRQHandler                     
00010079  SVC_Handler                         
20200240  Sensor                              
202002b4  StTextColor                         
2020029c  StX                                 
202002a0  StY                                 
0000ea8b  SysTick_Handler                     
202006a0  TExaSLogic                          
202006a4  TExaSadc                            
00010079  TIMA0_IRQHandler                    
00010079  TIMA1_IRQHandler                    
00010079  TIMG0_IRQHandler                    
0000fb05  TIMG12_IRQHandler                   
00010079  TIMG6_IRQHandler                    
0000fa05  TIMG7_IRQHandler                    
00010079  TIMG8_IRQHandler                    
00010171  TI_memcpy_small                     
00010237  TI_memset_small                     
00010079  UART0_IRQHandler                    
00010079  UART1_IRQHandler                    
00010079  UART2_IRQHandler                    
00010079  UART3_IRQHandler                    
202004d0  _CIOBUF_                            
00010245  _Z10Clock_Freqv                     
0000fb41  _Z10Sound_Initv                     
0000f649  _Z10TExaS_InitP10ADC12_RegsjPFhvE   
00010195  _Z11Clock_Delayj                    
0000fb7d  _Z11SPI_OutDatac                    
0001011d  _Z11ST7735_openPKcji                
00010133  _Z11ST7735_readiPcj                 
00010105  _Z11Switch_Initv                    
0000ec65  _Z12ST7735_InitR10initRFlags        
00010299  _Z12ST7735_closei                   
000101e3  _Z12ST7735_lseekili                 
0000fbed  _Z12ST7735_writeiPKcj               
00010251  _Z13ST7735_renamePKcS0_             
000102a3  _Z13ST7735_unlinkPKc                
0000fc21  _Z14Clock_Delay1msj                 
0000f0cd  _Z14LaunchPad_Initv                 
0000f9bd  _Z14SPI_OutCommandc                 
0000e665  _Z14ST7735_OutCharc                 
0000e89d  _Z14TimerG7_IntArmtjj               
0000fbb5  _Z15ActivatePortA_Bv                
0000d39d  _Z15Clock_Init80MHzi                
0000dda9  _Z15ST7735_FillRectsssst            
0000ed95  _Z15TimerG12_IntArmjj               
0000d6fd  _Z16ST7735_DrawCharSsscssh          
0000f2bd  _Z16ST7735_DrawPixelsst             
0000fc55  _Z16ST7735_SetCursorjj              
0000cfa5  _Z17ST7735_DrawBitmapssPKtss        
0000efc9  _Z17ST7735_DrawStringttPcs          
0000fe21  _Z17ST7735_FillScreent              
0000eb2d  _Z17ST7735_InitPrintfv              
0000e1d5  _Z18ST7735_SetRotationh             
0000e73d  _Z20ST7735_DrawFastHLinessst        
0000e7ed  _Z20ST7735_DrawFastVLinessst        
000101a5  _Z28TExaS_LaunchPadLogicPB27PB26v   
0000dc81  _Z8ADC_InitP10ADC12_Regsjj          
000102ad  _Z8PLL_Initv                        
0000e0dd  _Z8SPI_Initv                        
0000fe79  _Z9ADC_StartP10ADC12_Regs           
0000fa45  _Z9SPI_Resetv                       
000100b1  _Z9Switch_Inv                       
0000e3b5  _Z9UART_Initv                       
0001015f  _ZN6Player13setPossessionEh         
0000ecfd  _ZN6Player14checkProximityE7Machine 
0000f471  _ZN6Player15getMachineInputE7Machine
0000f04d  _ZN6Player16resetCoordinatesEv      
0000dfd5  _ZN6Player6moveUpEv                 
0001025d  _ZN6Player7getSizeEv                
000101f1  _ZN6Player7getXPosEv                
000101ff  _ZN6Player7getYPosEv                
0000db55  _ZN6Player8moveDownEv               
0000f895  _ZN6Player8moveLeftEv               
0000f8e1  _ZN6Player9moveRightEv              
000100cd  _ZN6PlayerC1Ev                      
000100cd  _ZN6PlayerC2Ev                      
0000ebc9  _ZN7Machine10printAnvilEh           
0000d1b5  _ZN7Machine10updateCartEh           
0000cd01  _ZN7Machine10updateRockEh           
0000c8e9  _ZN7Machine11updateAnvilEh          
0000d551  _ZN7Machine13computeRecipeEPaa      
0000d89d  _ZN7Machine15updateAnvilMenuEPaa    
0000e945  _ZN7Machine9printCartEh             
0000f149  _ZN7Machine9printRockEh             
0000f7a1  _ZN7MachineC1Ehhhhhh                
0000f7a1  _ZN7MachineC2Ehhhhhh                
0000f6f9  _ZN8SlidePot2InEv                   
0000ee29  _ZN8SlidePot4InitEv                 
0000ff3d  _ZN8SlidePot4SaveEj                 
00010039  _ZN8SlidePot4SyncEv                 
00010269  _ZN8SlidePot9DistanceXEv            
00010275  _ZN8SlidePot9DistanceYEv            
0001020d  _ZN8SlidePotC1Ev                    
0001020d  _ZN8SlidePotC2Ev                    
202004d0  __CIOBUF_                           
20208000  __STACK_END                         
00000200  __STACK_SIZE                        
00000200  __SYSMEM_SIZE                       
00000000  __TI_ATRegion0_region_sz            
00000000  __TI_ATRegion0_src_addr             
00000000  __TI_ATRegion0_trg_addr             
00000000  __TI_ATRegion1_region_sz            
00000000  __TI_ATRegion1_src_addr             
00000000  __TI_ATRegion1_trg_addr             
00000000  __TI_ATRegion2_region_sz            
00000000  __TI_ATRegion2_src_addr             
00000000  __TI_ATRegion2_trg_addr             
000103c0  __TI_CINIT_Base                     
000103d0  __TI_CINIT_Limit                    
000103d0  __TI_CINIT_Warm                     
000103ac  __TI_Handler_Table_Base             
000103b8  __TI_Handler_Table_Limit            
0000f74d  __TI_auto_init_nobinit              
0000fc89  __TI_cleanup                        
20200288  __TI_cleanup_ptr                    
0000f1c5  __TI_closefile                      
0000f241  __TI_decompress_lzss                
00010183  __TI_decompress_none                
0000f7f3  __TI_doflush                        
2020028c  __TI_dtors_ptr                      
202002a8  __TI_ft_end                         
ffffffff  __TI_pprof_out_hndl                 
ffffffff  __TI_prof_data_size                 
ffffffff  __TI_prof_data_start                
0000fcbd  __TI_readmsg                        
00000000  __TI_static_base__                  
202005f0  __TI_tmpnams                        
0000fcf1  __TI_writemsg                       
00010149  __TI_zero_init_nomemset             
0000f6a1  __aeabi_idiv                        
0000ed93  __aeabi_idiv0                       
0000f6a1  __aeabi_idivmod                     
00010281  __aeabi_memclr                      
00010281  __aeabi_memclr4                     
00010281  __aeabi_memclr8                     
000102b9  __aeabi_memcpy                      
000102b9  __aeabi_memcpy4                     
000102b9  __aeabi_memcpy8                     
0000fa85  __aeabi_uidiv                       
0000fa85  __aeabi_uidivmod                    
ffffffff  __binit__                           
UNDEFED   __mpu_init                          
20207e00  __stack                             
20200000  __start___llvm_prf_bits             
20200000  __start___llvm_prf_cnts             
20200000  __stop___llvm_prf_bits              
20200000  __stop___llvm_prf_cnts              
0000fef1  _c_int00_noargs                     
20200178  _device                             
20200000  _ftable                             
202002ac  _lock                               
0000f6f7  _nop                                
202001f0  _stream                             
202002d0  _sys_memory                         
UNDEFED   _system_post_cinit                  
0000ef3d  _system_pre_init                    
202002b0  _unlock                             
000102cd  abort                               
0000e2c9  add_device                          
0000dec1  aligned_alloc                       
ffffffff  binit                               
202006ad  buttons                             
0000f845  close                               
0000fd25  exit                                
0000fd59  finddevice                          
0000fdf1  fopen                               
0000e49d  free                                
0000fd8d  freopen                             
0000f405  getdevice                           
202002bf  input                               
00000000  interruptVectors                    
2020024c  m_anvil                             
20200256  m_cart                              
20200260  m_portal                            
2020026a  m_refiner                           
20200274  m_rock                              
2020027e  m_smelter                           
0000c481  main                                
0001028d  malloc                              
0000dec1  memalign                            
202006ae  menuOpen                            
0000ea8d  open                                
20200290  p1                                  
20200690  parmbuf                             
202002c1  progH                               
202002c2  progW                               
000102c1  remove                              
0000e585  setvbuf                             
202000f0  sprites                             
0000ef41  strcmp                              
0000fe4d  unlink                              
0000fec9  write                               


GLOBAL SYMBOLS: SORTED BY Symbol Address 

address   name                                
-------   ----                                
00000000  __TI_ATRegion0_region_sz            
00000000  __TI_ATRegion0_src_addr             
00000000  __TI_ATRegion0_trg_addr             
00000000  __TI_ATRegion1_region_sz            
00000000  __TI_ATRegion1_src_addr             
00000000  __TI_ATRegion1_trg_addr             
00000000  __TI_ATRegion2_region_sz            
00000000  __TI_ATRegion2_src_addr             
00000000  __TI_ATRegion2_trg_addr             
00000000  __TI_static_base__                  
00000000  interruptVectors                    
00000200  __STACK_SIZE                        
00000200  __SYSMEM_SIZE                       
0000c481  main                                
0000c8e9  _ZN7Machine11updateAnvilEh          
0000cd01  _ZN7Machine10updateRockEh           
0000cfa5  _Z17ST7735_DrawBitmapssPKtss        
0000d1b5  _ZN7Machine10updateCartEh           
0000d39d  _Z15Clock_Init80MHzi                
0000d551  _ZN7Machine13computeRecipeEPaa      
0000d6fd  _Z16ST7735_DrawCharSsscssh          
0000d89d  _ZN7Machine15updateAnvilMenuEPaa    
0000db55  _ZN6Player8moveDownEv               
0000dc81  _Z8ADC_InitP10ADC12_Regsjj          
0000dda9  _Z15ST7735_FillRectsssst            
0000dec1  aligned_alloc                       
0000dec1  memalign                            
0000dfd5  _ZN6Player6moveUpEv                 
0000e0dd  _Z8SPI_Initv                        
0000e1d5  _Z18ST7735_SetRotationh             
0000e2c9  add_device                          
0000e3b5  _Z9UART_Initv                       
0000e49d  free                                
0000e585  setvbuf                             
0000e665  _Z14ST7735_OutCharc                 
0000e73d  _Z20ST7735_DrawFastHLinessst        
0000e7ed  _Z20ST7735_DrawFastVLinessst        
0000e89d  _Z14TimerG7_IntArmtjj               
0000e945  _ZN7Machine9printCartEh             
0000ea8b  SysTick_Handler                     
0000ea8d  open                                
0000eb2d  _Z17ST7735_InitPrintfv              
0000ebc9  _ZN7Machine10printAnvilEh           
0000ec65  _Z12ST7735_InitR10initRFlags        
0000ecfd  _ZN6Player14checkProximityE7Machine 
0000ed93  __aeabi_idiv0                       
0000ed95  _Z15TimerG12_IntArmjj               
0000ee29  _ZN8SlidePot4InitEv                 
0000ef3d  _system_pre_init                    
0000ef41  strcmp                              
0000efc9  _Z17ST7735_DrawStringttPcs          
0000f04d  _ZN6Player16resetCoordinatesEv      
0000f0cd  _Z14LaunchPad_Initv                 
0000f149  _ZN7Machine9printRockEh             
0000f1c5  __TI_closefile                      
0000f241  __TI_decompress_lzss                
0000f2bd  _Z16ST7735_DrawPixelsst             
0000f32d  HOSTlseek                           
0000f399  HOSTrename                          
0000f405  getdevice                           
0000f471  _ZN6Player15getMachineInputE7Machine
0000f539  HOSTopen                            
0000f599  HOSTread                            
0000f5f1  HOSTwrite                           
0000f649  _Z10TExaS_InitP10ADC12_RegsjPFhvE   
0000f6a1  __aeabi_idiv                        
0000f6a1  __aeabi_idivmod                     
0000f6f7  _nop                                
0000f6f9  _ZN8SlidePot2InEv                   
0000f74d  __TI_auto_init_nobinit              
0000f7a1  _ZN7MachineC1Ehhhhhh                
0000f7a1  _ZN7MachineC2Ehhhhhh                
0000f7f3  __TI_doflush                        
0000f845  close                               
0000f895  _ZN6Player8moveLeftEv               
0000f8e1  _ZN6Player9moveRightEv              
0000f92d  HOSTclose                           
0000f975  HOSTunlink                          
0000f9bd  _Z14SPI_OutCommandc                 
0000fa05  TIMG7_IRQHandler                    
0000fa45  _Z9SPI_Resetv                       
0000fa85  __aeabi_uidiv                       
0000fa85  __aeabi_uidivmod                    
0000fb05  TIMG12_IRQHandler                   
0000fb41  _Z10Sound_Initv                     
0000fb7d  _Z11SPI_OutDatac                    
0000fbb5  _Z15ActivatePortA_Bv                
0000fbed  _Z12ST7735_writeiPKcj               
0000fc21  _Z14Clock_Delay1msj                 
0000fc55  _Z16ST7735_SetCursorjj              
0000fc89  __TI_cleanup                        
0000fcbd  __TI_readmsg                        
0000fcf1  __TI_writemsg                       
0000fd1d  C$$IO$$                             
0000fd25  exit                                
0000fd59  finddevice                          
0000fd8d  freopen                             
0000fdf1  fopen                               
0000fe21  _Z17ST7735_FillScreent              
0000fe4d  unlink                              
0000fe79  _Z9ADC_StartP10ADC12_Regs           
0000fec9  write                               
0000fef1  _c_int00_noargs                     
0000ff3d  _ZN8SlidePot4SaveEj                 
00010039  _ZN8SlidePot4SyncEv                 
00010079  ADC0_IRQHandler                     
00010079  ADC1_IRQHandler                     
00010079  AES_IRQHandler                      
00010079  CANFD0_IRQHandler                   
00010079  DAC0_IRQHandler                     
00010079  DMA_IRQHandler                      
00010079  Default_Handler                     
00010079  GROUP0_IRQHandler                   
00010079  GROUP1_IRQHandler                   
00010079  I2C0_IRQHandler                     
00010079  I2C1_IRQHandler                     
00010079  NMI_Handler                         
00010079  PendSV_Handler                      
00010079  RTC_IRQHandler                      
00010079  SPI0_IRQHandler                     
00010079  SPI1_IRQHandler                     
00010079  SVC_Handler                         
00010079  TIMA0_IRQHandler                    
00010079  TIMA1_IRQHandler                    
00010079  TIMG0_IRQHandler                    
00010079  TIMG6_IRQHandler                    
00010079  TIMG8_IRQHandler                    
00010079  UART0_IRQHandler                    
00010079  UART1_IRQHandler                    
00010079  UART2_IRQHandler                    
00010079  UART3_IRQHandler                    
00010095  HardFault_Handler                   
000100b1  _Z9Switch_Inv                       
000100cd  _ZN6PlayerC1Ev                      
000100cd  _ZN6PlayerC2Ev                      
00010105  _Z11Switch_Initv                    
0001011d  _Z11ST7735_openPKcji                
00010133  _Z11ST7735_readiPcj                 
00010149  __TI_zero_init_nomemset             
0001015f  _ZN6Player13setPossessionEh         
00010171  TI_memcpy_small                     
00010183  __TI_decompress_none                
00010195  _Z11Clock_Delayj                    
000101a5  _Z28TExaS_LaunchPadLogicPB27PB26v   
000101e3  _Z12ST7735_lseekili                 
000101f1  _ZN6Player7getXPosEv                
000101ff  _ZN6Player7getYPosEv                
0001020d  _ZN8SlidePotC1Ev                    
0001020d  _ZN8SlidePotC2Ev                    
00010237  TI_memset_small                     
00010245  _Z10Clock_Freqv                     
00010251  _Z13ST7735_renamePKcS0_             
0001025d  _ZN6Player7getSizeEv                
00010269  _ZN8SlidePot9DistanceXEv            
00010275  _ZN8SlidePot9DistanceYEv            
00010281  __aeabi_memclr                      
00010281  __aeabi_memclr4                     
00010281  __aeabi_memclr8                     
0001028d  malloc                              
00010299  _Z12ST7735_closei                   
000102a3  _Z13ST7735_unlinkPKc                
000102ad  _Z8PLL_Initv                        
000102b9  __aeabi_memcpy                      
000102b9  __aeabi_memcpy4                     
000102b9  __aeabi_memcpy8                     
000102c1  remove                              
000102c9  Reset_Handler                       
000102cc  C$$EXIT                             
000102cd  abort                               
000102d0  SHT$$INIT_ARRAY$$Base               
000102d4  SHT$$INIT_ARRAY$$Limit              
000103ac  __TI_Handler_Table_Base             
000103b8  __TI_Handler_Table_Limit            
000103c0  __TI_CINIT_Base                     
000103d0  __TI_CINIT_Limit                    
000103d0  __TI_CINIT_Warm                     
20200000  __start___llvm_prf_bits             
20200000  __start___llvm_prf_cnts             
20200000  __stop___llvm_prf_bits              
20200000  __stop___llvm_prf_cnts              
20200000  _ftable                             
202000f0  sprites                             
20200178  _device                             
202001f0  _stream                             
20200240  Sensor                              
2020024c  m_anvil                             
20200256  m_cart                              
20200260  m_portal                            
2020026a  m_refiner                           
20200274  m_rock                              
2020027e  m_smelter                           
20200288  __TI_cleanup_ptr                    
2020028c  __TI_dtors_ptr                      
20200290  p1                                  
20200298  BusFreq                             
2020029c  StX                                 
202002a0  StY                                 
202002a8  __TI_ft_end                         
202002ac  _lock                               
202002b0  _unlock                             
202002b4  StTextColor                         
202002bf  input                               
202002c1  progH                               
202002c2  progW                               
202002d0  _sys_memory                         
202004d0  _CIOBUF_                            
202004d0  __CIOBUF_                           
202005f0  __TI_tmpnams                        
20200690  parmbuf                             
202006a0  TExaSLogic                          
202006a4  TExaSadc                            
202006ad  buttons                             
202006ae  menuOpen                            
20207e00  __stack                             
20208000  __STACK_END                         
ffffffff  __TI_pprof_out_hndl                 
ffffffff  __TI_prof_data_size                 
ffffffff  __TI_prof_data_start                
ffffffff  __binit__                           
ffffffff  binit                               
UNDEFED   __mpu_init                          
UNDEFED   _system_post_cinit                  

[222 symbols]
