******************************************************************************
            TI ARM Clang Linker PC v4.0.1                      
******************************************************************************
>> Linked Wed Apr 23 18:17:33 2025

OUTPUT FILE NAME:   <MadMines.out>
ENTRY POINT SYMBOL: "_c_int00_noargs"  address: 0001b791


MEMORY CONFIGURATION

         name            origin    length      used     unused   attr    fill
----------------------  --------  ---------  --------  --------  ----  --------
  FLASH                 00000000   00020000  0001c398  00003c68  R  X
  SRAM                  20200000   00008000  00001a80  00006580  RW X
  BCR_CONFIG            41c00000   00000080  00000000  00000080  R   
  BSL_CONFIG            41c00100   00000080  00000000  00000080  R   


SEGMENT ALLOCATION MAP

run origin  load origin   length   init length attrs members
----------  ----------- ---------- ----------- ----- -------
00000000    00000000    0001c398   0001c398    r-x
  00000000    00000000    000000c0   000000c0    r-- .intvecs
  000000c0    000000c0    00014d38   00014d38    r-- .rodata
  00014df8    00014df8    00000008   00000008    r-- .init_array
  00014e00    00014e00    00006f60   00006f60    r-x .text
  0001bd60    0001bd60    00000638   00000638    r-- .cinit
20200000    20200000    00001887   00000000    rw-
  20200000    20200000    00001481   00000000    rw- .data
  20201488    20201488    00000200   00000000    rw- .sysmem
  20201688    20201688    000001ff   00000000    rw- .bss
20207e00    20207e00    00000200   00000000    rw-
  20207e00    20207e00    00000200   00000000    rw- .stack


SECTION ALLOCATION MAP

 output                                  attributes/
section   page    origin      length       input sections
--------  ----  ----------  ----------   ----------------
.intvecs   0    00000000    000000c0     
                  00000000    000000c0     startup_mspm0g3507_ticlang.o (.intvecs)

.binit     0    00000000    00000000     

.text      0    00014e00    00006f60     
                  00014e00    000010dc     Lab9HMain.o (.text.main)
                  00015edc    00000528     Machine.o (.text._ZN7Machine10updateCartEh)
                  00016404    00000448     Machine.o (.text._ZN7Machine10updateRockEh)
                  0001684c    000003f0     Lab9HMain.o (.text._Z17setUpInstructionsh)
                  00016c3c    000003c4     Machine.o (.text._ZN7Machine13updateRefinerEh)
                  00017000    0000038c     Machine.o (.text._ZN7Machine14updateCountersEhPS_)
                  0001738c    000002b0     Machine.o (.text._ZN7Machine13printCountersEPS_)
                  0001763c    000002ac     Machine.o (.text._ZN7Machine12printRefinerEv)
                  000178e8    00000258     Machine.o (.text._ZN7Machine16updateTurnInAreaEh)
                  00017b40    00000244     Player.o (.text._ZN6Player8inBoundsEssPP7Machinehh)
                  00017d84    00000210     ST7735.o (.text._Z17ST7735_DrawBitmapssPKtss)
                  00017f94    000001d8     Machine.o (.text._ZN7Machine9printCartEv)
                  0001816c    000001b4     Clock.o (.text._Z15Clock_Init80MHzi)
                  00018320    000001a4     ST7735.o (.text._Z15ST7735_DrawCharsscssh)
                  000184c4    000001a0     ST7735.o (.text._Z16ST7735_DrawCharSsscssh)
                  00018664    0000017c     Machine.o (.text._ZN7Machine9printRockEv)
                  000187e0    00000170     Machine.o (.text._ZN7Machine13cartSendErrorEhh)
                  00018950    00000154     libc.a : fopen.c.obj (.text._openfile)
                  00018aa4    0000013c     Machine.o (.text._ZN7Machine15printTurnInAreaEv)
                  00018be0    00000128     TExaS.o (.text._Z8ADC_InitP10ADC12_Regsjj)
                  00018d08    00000118     ST7735.o (.text._Z15ST7735_FillRectsssst)
                  00018e20    00000114     libc.a : memory.c.obj (.text.aligned_alloc)
                  00018f34    00000110     Lab9HMain.o (.text._Z15randomizeOrdersv)
                  00019044    000000f8     SPI.o (.text._Z8SPI_Initv)
                  0001913c    000000f4     ST7735.o (.text._Z18ST7735_SetRotationh)
                  00019230    000000ec     libsysbm.a : add_device.c.obj (.text.add_device)
                  0001931c    000000e8     TExaS.o (.text._Z9UART_Initv)
                  00019404    000000e8     libc.a : memory.c.obj (.text.free)
                  000194ec    000000e0            : setvbuf.c.obj (.text.setvbuf)
                  000195cc    000000dc     UART2.o (.text._Z10UART2_Initv)
                  000196a8    000000d8     ST7735.o (.text._Z14ST7735_OutCharc)
                  00019780    000000cc     Lab9HMain.o (.text._Z10printScoreshhh)
                  0001984c    000000b0     ST7735.o (.text._Z20ST7735_DrawFastHLinessst)
                  000198fc    000000b0     ST7735.o (.text._Z20ST7735_DrawFastVLinessst)
                  000199ac    000000a8     Timer.o (.text._Z14TimerG7_IntArmtjj)
                  00019a54    000000a2     ST7735.o (.text._ZL11commandListPKh)
                  00019af6    00000002     libclang_rt.builtins.a : aeabi_div0.c.obj (.text.__aeabi_idiv0)
                  00019af8    000000a0     libsysbm.a : open.c.obj (.text.open)
                  00019b98    0000009c     ST7735.o (.text._Z17ST7735_InitPrintfv)
                  00019c34    0000009c     Player.o (.text._ZN6Player14checkProximityE7Machine)
                  00019cd0    00000098     ST7735.o (.text._Z12ST7735_InitR10initRFlags)
                  00019d68    00000098     Player.o (.text._ZN6Player16resetCoordinatesEPsS0_)
                  00019e00    00000094     Timer.o (.text._Z15TimerG12_IntArmjj)
                  00019e94    00000090     Sound.o (.text._Z11Sound_Starth)
                  00019f24    0000008c     ST7735.o (.text._Z17ST7735_DrawStringttPcs)
                  00019fb0    0000008c     Machine.o (.text._ZN7MachineC2Ehhhhhhhhhh)
                  0001a03c    0000008c     SlidePot.o (.text._ZN8SlidePot4InitEv)
                  0001a0c8    00000088     ST7735.o (.text._ZL13setAddrWindowhhhh)
                  0001a150    00000088     libc.a : strcmp-armv6m.S.obj (.text:strcmp)
                  0001a1d8    00000084     Machine.o (.text._ZN7MachineC2Ehhhhhhhhh)
                  0001a25c    0000007c     LaunchPad.o (.text._Z14LaunchPad_Initv)
                  0001a2d8    0000007c     libc.a : fclose.c.obj (.text.__TI_closefile)
                  0001a354    0000007c            : copy_decompress_lzss.c.obj (.text:decompress:lzss)
                  0001a3d0    00000074     UART2.o (.text.UART2_IRQHandler)
                  0001a444    00000074     IRxmt.o (.text._Z13IRxmt_SendBiti)
                  0001a4b8    00000070     ST7735.o (.text._Z16ST7735_DrawPixelsst)
                  0001a528    0000006e     Player.o (.text._ZN6Player15getMachineInputE7Machine)
                  0001a596    00000002     libc.a : _lock.c.obj (.text._nop)
                  0001a598    0000006c     libsysbm.a : hostlseek.c.obj (.text.HOSTlseek)
                  0001a604    0000006c                : hostrename.c.obj (.text.HOSTrename)
                  0001a670    0000006c     Lab9HMain.o (.text._GLOBAL__sub_I_Lab9HMain.cpp)
                  0001a6dc    0000006c     libc.a : getdevice.c.obj (.text.getdevice)
                  0001a748    00000064     Machine.o (.text._ZN7MachineC2Ehhhhhh)
                  0001a7ac    00000064     libc.a : memory.c.obj (.text.split)
                  0001a810    00000060     libsysbm.a : hostopen.c.obj (.text.HOSTopen)
                  0001a870    00000058                : hostread.c.obj (.text.HOSTread)
                  0001a8c8    00000058                : hostwrite.c.obj (.text.HOSTwrite)
                  0001a920    00000058     Sound.o (.text.SysTick_Handler)
                  0001a978    00000058     TExaS.o (.text._Z10TExaS_InitP10ADC12_RegsjPFhvE)
                  0001a9d0    00000056     libclang_rt.builtins.a : aeabi_idivmod.S.obj (.text.__aeabi_idivmod)
                  0001aa26    00000002     --HOLE-- [fill = 0]
                  0001aa28    00000054     Player.o (.text._ZN6Player14printPosessionEh)
                  0001aa7c    00000054     Player.o (.text._ZN6Player8moveLeftEv)
                  0001aad0    00000054     Player.o (.text._ZN6Player9moveRightEv)
                  0001ab24    00000054     SlidePot.o (.text._ZN8SlidePot2InEv)
                  0001ab78    00000054     libc.a : autoinit.c.obj (.text:__TI_auto_init_nobinit)
                  0001abcc    00000052     Player.o (.text._ZN6Player8moveDownEv)
                  0001ac1e    00000052     libc.a : fflush.c.obj (.text.__TI_doflush)
                  0001ac70    00000050     Lab9HMain.o (.text.__cxx_global_var_init.14)
                  0001acc0    00000050     libsysbm.a : close.c.obj (.text.close)
                  0001ad10    0000004c     FIFO2.o (.text._ZN5Queue3GetEPc)
                  0001ad5c    0000004c     FIFO2.o (.text._ZN5Queue3PutEc)
                  0001ada8    00000048     libsysbm.a : hostclose.c.obj (.text.HOSTclose)
                  0001adf0    00000048                : hostunlink.c.obj (.text.HOSTunlink)
                  0001ae38    00000048     IRxmt.o (.text._Z13IRxmt_OutCharc)
                  0001ae80    00000048     SPI.o (.text._Z14SPI_OutCommandc)
                  0001aec8    00000044     Lab9HMain.o (.text._Z8checkWinv)
                  0001af0c    00000040     TExaS.o (.text.TIMG7_IRQHandler)
                  0001af4c    00000040     Sound.o (.text._Z10Sound_Initv)
                  0001af8c    00000040     SPI.o (.text._Z9SPI_Resetv)
                  0001afcc    00000040     libclang_rt.builtins.a : aeabi_uidivmod.S.obj (.text.__aeabi_uidivmod)
                  0001b00c    00000040     Lab9HMain.o (.text.__cxx_global_var_init.26)
                  0001b04c    00000040     libc.a : fopen.c.obj (.text._search_fp)
                  0001b08c    0000003c     Lab9HMain.o (.text.TIMG12_IRQHandler)
                  0001b0c8    0000003c     DAC5.o (.text._Z9DAC5_Initv)
                  0001b104    0000003c     Player.o (.text._ZN6Player6moveUpEv)
                  0001b140    00000038     SPI.o (.text._Z11SPI_OutDatac)
                  0001b178    00000038     LaunchPad.o (.text._Z15ActivatePortA_Bv)
                  0001b1b0    00000034     ST7735.o (.text._Z12ST7735_writeiPKcj)
                  0001b1e4    00000034     Clock.o (.text._Z14Clock_Delay1msj)
                  0001b218    00000034     ST7735.o (.text._Z16ST7735_SetCursorjj)
                  0001b24c    00000034     libc.a : fopen.c.obj (.text.__TI_cleanup)
                  0001b280    00000034     libsysbm.a : trgmsg.c.obj (.text.__TI_readmsg)
                  0001b2b4    00000034                : trgmsg.c.obj (.text.__TI_writemsg)
                  0001b2e8    00000034     libc.a : exit.c.obj (.text.exit)
                  0001b31c    00000034            : getdevice.c.obj (.text.finddevice)
                  0001b350    00000034            : fopen.c.obj (.text.freopen)
                  0001b384    00000030     ST7735.o (.text._ZL10commonInitPKh)
                  0001b3b4    00000030     Player.o (.text._ZN6Player14translateRightEv)
                  0001b3e4    00000030     Lab9HMain.o (.text.__cxx_global_var_init.11)
                  0001b414    00000030     Lab9HMain.o (.text.__cxx_global_var_init.12)
                  0001b444    00000030     Lab9HMain.o (.text.__cxx_global_var_init.13)
                  0001b474    00000030     Lab9HMain.o (.text.__cxx_global_var_init.17)
                  0001b4a4    00000030     Lab9HMain.o (.text.__cxx_global_var_init.23)
                  0001b4d4    00000030     Lab9HMain.o (.text.__cxx_global_var_init.24)
                  0001b504    00000030     Lab9HMain.o (.text.__cxx_global_var_init.25)
                  0001b534    00000030     Lab9HMain.o (.text.__cxx_global_var_init.6)
                  0001b564    00000030     libc.a : fopen.c.obj (.text.fopen)
                  0001b594    0000002c     UART2.o (.text._Z12UART2_InCharv)
                  0001b5c0    0000002c     ST7735.o (.text._Z17ST7735_FillScreent)
                  0001b5ec    0000002c     Player.o (.text._ZN6Player13translateDownEv)
                  0001b618    0000002c     Player.o (.text._ZN6Player13translateLeftEv)
                  0001b644    0000002c     Lab9HMain.o (.text.__cxx_global_var_init.10)
                  0001b670    0000002c     libsysbm.a : unlink.c.obj (.text.unlink)
                  0001b69c    0000002a     Machine.o (.text._ZN7Machine13menuPrintCartEv)
                  0001b6c6    00000002     --HOLE-- [fill = 0]
                  0001b6c8    00000028     IRxmt.o (.text._Z10IRxmt_Initv)
                  0001b6f0    00000028     TExaS.o (.text._Z9ADC_StartP10ADC12_Regs)
                  0001b718    00000028     Lab9HMain.o (.text.__cxx_global_var_init.5)
                  0001b740    00000028     libc.a : memory.c.obj (.text.free_list_insert)
                  0001b768    00000028     libsysbm.a : write.c.obj (.text.write)
                  0001b790    00000028     libc.a : boot_cortex_m.c.obj (.text:_c_int00_noargs)
                  0001b7b8    00000026     ST7735.o (.text._Z16ST7735_OutStringPc)
                  0001b7de    00000002     --HOLE-- [fill = 0]
                  0001b7e0    00000024     SlidePot.o (.text._ZN8SlidePot4SaveEj)
                  0001b804    00000024     Lab9HMain.o (.text.__cxx_global_var_init.16)
                  0001b828    00000024     Lab9HMain.o (.text.__cxx_global_var_init.18)
                  0001b84c    00000024     Lab9HMain.o (.text.__cxx_global_var_init.19)
                  0001b870    00000024     Lab9HMain.o (.text.__cxx_global_var_init.20)
                  0001b894    00000024     Lab9HMain.o (.text.__cxx_global_var_init.21)
                  0001b8b8    00000024     Lab9HMain.o (.text.__cxx_global_var_init.22)
                  0001b8dc    00000024     Lab9HMain.o (.text.__cxx_global_var_init.3)
                  0001b900    00000024     Lab9HMain.o (.text.__cxx_global_var_init.4)
                  0001b924    00000024     Lab9HMain.o (.text.__cxx_global_var_init.7)
                  0001b948    00000024     Lab9HMain.o (.text.__cxx_global_var_init.9)
                  0001b96c    00000022     FIFO2.o (.text._ZN5Queue6IsFullEv)
                  0001b98e    00000002     --HOLE-- [fill = 0]
                  0001b990    00000020     DAC5.o (.text._Z8DAC5_Outj)
                  0001b9b0    00000020     SlidePot.o (.text._ZN8SlidePot4SyncEv)
                  0001b9d0    00000020     Lab9HMain.o (.text.__cxx_global_var_init.15)
                  0001b9f0    00000020     Lab9HMain.o (.text.__cxx_global_var_init.8)
                  0001ba10    0000001e     ST7735.o (.text._ZL9pushColort)
                  0001ba2e    00000002     --HOLE-- [fill = 0]
                  0001ba30    0000001c     startup_mspm0g3507_ticlang.o (.text.Default_Handler)
                  0001ba4c    0000001c     startup_mspm0g3507_ticlang.o (.text.HardFault_Handler)
                  0001ba68    0000001c     Switch.o (.text._Z9Switch_Inv)
                  0001ba84    0000001c     Player.o (.text._ZN6PlayerC2Ev)
                  0001baa0    0000001c     libc.a : memory.c.obj (.text.free_list_remove)
                  0001babc    00000018     Switch.o (.text._Z11Switch_Initv)
                  0001bad4    00000016     ST7735.o (.text._Z11ST7735_openPKcji)
                  0001baea    00000016     ST7735.o (.text._Z11ST7735_readiPcj)
                  0001bb00    00000016     libc.a : copy_zero_init.c.obj (.text:decompress:ZI:__TI_zero_init_nomemset)
                  0001bb16    00000014     FIFO2.o (.text._ZN5Queue7IsEmptyEv)
                  0001bb2a    00000012     Player.o (.text._ZN6Player13setPossessionEh)
                  0001bb3c    00000012     Player.o (.text._ZN6Player7setXPosEs)
                  0001bb4e    00000012     Player.o (.text._ZN6Player7setYPosEs)
                  0001bb60    00000012     Machine.o (.text._ZN7Machine11setRockTypeEh)
                  0001bb72    00000012     Machine.o (.text._ZN7Machine9setSpriteEh)
                  0001bb84    00000012     libc.a : memcpy16.S.obj (.text:TI_memcpy_small)
                  0001bb96    00000012            : copy_decompress_none.c.obj (.text:decompress:none)
                  0001bba8    00000010     Clock.o (.text._Z11Clock_Delayj)
                  0001bbb8    00000010     UART2.o (.text._Z12UART2_Enablev)
                  0001bbc8    00000010     UART2.o (.text._Z13UART2_Disablev)
                  0001bbd8    00000010     Lab9HMain.o (.text._Z28TExaS_LaunchPadLogicPB27PB26v)
                  0001bbe8    00000010     FIFO2.o (.text._ZN5QueueC2Ev)
                  0001bbf8    00000010     Lab9HMain.o (.text.__cxx_global_var_init.2)
                  0001bc08    00000010     Lab9HMain.o (.text.__cxx_global_var_init)
                  0001bc18    00000010     UART2.o (.text.__cxx_global_var_init)
                  0001bc28    0000000e     libc.a : memory.c.obj (.text.OUTLINED_FUNCTION_0)
                  0001bc36    0000000e     ST7735.o (.text._Z12ST7735_lseekili)
                  0001bc44    0000000e     Player.o (.text._ZN6Player7getXPosEv)
                  0001bc52    0000000e     Player.o (.text._ZN6Player7getYPosEv)
                  0001bc60    0000000e     SlidePot.o (.text._ZN8SlidePotC2Ev)
                  0001bc6e    0000000e     libsysbm.a : hostrename.c.obj (.text.strcpy)
                  0001bc7c    0000000e                : hostrename.c.obj (.text.strlen)
                  0001bc8a    0000000e     libc.a : memset16.S.obj (.text:TI_memset_small)
                  0001bc98    0000000c     Clock.o (.text._Z10Clock_Freqv)
                  0001bca4    0000000c     ST7735.o (.text._Z13ST7735_renamePKcS0_)
                  0001bcb0    0000000c     IRxmt.o (.text._Z5Delayj)
                  0001bcbc    0000000c     Player.o (.text._ZN6Player7getSizeEv)
                  0001bcc8    0000000c     SlidePot.o (.text._ZN8SlidePot9DistanceXEv)
                  0001bcd4    0000000c     SlidePot.o (.text._ZN8SlidePot9DistanceYEv)
                  0001bce0    0000000c     libclang_rt.builtins.a : aeabi_memset.S.obj (.text.__aeabi_memclr)
                  0001bcec    0000000c     libc.a : memory.c.obj (.text.malloc)
                  0001bcf8    0000000a     Sound.o (.text._Z11Sound_Clangv)
                  0001bd02    0000000a     Sound.o (.text._Z11Sound_Wrongv)
                  0001bd0c    0000000a     ST7735.o (.text._Z12ST7735_closei)
                  0001bd16    0000000a     ST7735.o (.text._Z13ST7735_unlinkPKc)
                  0001bd20    0000000a     Sound.o (.text._Z13Sound_Correctv)
                  0001bd2a    0000000a     Lab9HMain.o (.text._Z8PLL_Initv)
                  0001bd34    00000008     UART2.o (.text._GLOBAL__sub_I_UART2.cpp)
                  0001bd3c    00000008     libclang_rt.builtins.a : aeabi_memcpy.S.obj (.text.__aeabi_memcpy)
                  0001bd44    00000008     libsysbm.a : remove.c.obj (.text.remove)
                  0001bd4c    00000004     startup_mspm0g3507_ticlang.o (.text.Reset_Handler)
                  0001bd50    00000004     libc.a : pre_init.c.obj (.text._system_pre_init)
                  0001bd54    00000004            : exit.c.obj (.text:abort)
                  0001bd58    00000008     --HOLE-- [fill = 0]

.cinit     0    0001bd60    00000638     
                  0001bd60    00000612     (.cinit..data.load) [load image, compression = lzss]
                  0001c372    00000002     --HOLE-- [fill = 0]
                  0001c374    0000000c     (__TI_handler_table)
                  0001c380    00000008     (.cinit..bss.load) [load image, compression = zero_init]
                  0001c388    00000010     (__TI_cinit_table)

.rodata    0    000000c0    00014d38     
                  000000c0    00002800     Lab9HMain.o (.rodata._ZL4todo)
                  000028c0    00002800     Machine.o (.rodata._ZL4todo)
                  000050c0    00001ba8     Sound.o (.rodata._ZL7correct)
                  00006c68    00001b44     Sound.o (.rodata._ZL5clang)
                  000087ac    000010ae     Machine.o (.rodata._ZL14refinerWorking)
                  0000985a    000010ae     Machine.o (.rodata._ZL16refinerHighlight)
                  0000a908    000010ae     Machine.o (.rodata._ZL7refiner)
                  0000b9b6    00000f74     Machine.o (.rodata._ZL13cartHighlight)
                  0000c92a    00000f74     Machine.o (.rodata._ZL4cart)
                  0000d89e    00000738     Machine.o (.rodata._ZL13rockWorking_b)
                  0000dfd6    00000738     Machine.o (.rodata._ZL15rockHighlight_b)
                  0000e70e    00000738     Machine.o (.rodata._ZL22rockWorkingHighlight_b)
                  0000ee46    00000738     Machine.o (.rodata._ZL6rock_b)
                  0000f57e    00000720     Machine.o (.rodata._ZL15portalHighlight)
                  0000fc9e    00000720     Machine.o (.rodata._ZL6portal)
                  000103be    000006e0     Machine.o (.rodata._ZL6ladder)
                  00010a9e    00000548     Lab9HMain.o (.rodata._ZL5miner)
                  00010fe6    00000540     Machine.o (.rodata._ZL7counter)
                  00011526    000004fb     ST7735.o (.rodata._ZL4Font)
                  00011a21    00000001     --HOLE-- [fill = 0]
                  00011a22    00000348     Machine.o (.rodata._ZL5watch)
                  00011d6a    00000320     Machine.o (.rodata._ZL4boot)
                  0001208a    000002d2     Machine.o (.rodata._ZL5sword)
                  0001235c    000002ac     Machine.o (.rodata._ZL3key)
                  00012608    000002a0     Machine.o (.rodata._ZL6shield)
                  000128a8    00000220     Machine.o (.rodata._ZL4ring)
                  00012ac8    000001ee     Machine.o (.rodata._ZL6turnip)
                  00012cb6    0000018c     Machine.o (.rodata._ZL10rawDiamond)
                  00012e42    0000018c     Machine.o (.rodata._ZL10rawEmerald)
                  00012fce    0000018c     Machine.o (.rodata._ZL7rawGold)
                  0001315a    0000018c     Machine.o (.rodata._ZL7rawRuby)
                  000132e6    0000018c     Machine.o (.rodata._ZL9rawSilver)
                  00013472    00000168     Machine.o (.rodata._ZL13rockWorking_m)
                  000135da    00000168     Machine.o (.rodata._ZL15rockHighlight_m)
                  00013742    00000168     Machine.o (.rodata._ZL22rockWorkingHighlight_m)
                  000138aa    00000168     Machine.o (.rodata._ZL6rock_m)
                  00013a12    0000010e     Machine.o (.rodata._ZL4gold)
                  00013b20    0000010e     Machine.o (.rodata._ZL6silver)
                  00013c2e    0000010a     Machine.o (.rodata._ZL13rockWorking_t)
                  00013d38    0000010a     Machine.o (.rodata._ZL15rockHighlight_t)
                  00013e42    0000010a     Machine.o (.rodata._ZL22rockWorkingHighlight_t)
                  00013f4c    0000010a     Machine.o (.rodata._ZL6rock_t)
                  00014056    000000dd     Lab9HMain.o (.rodata._ZL13Page3_Spanish)
                  00014133    000000d8     Lab9HMain.o (.rodata._ZL13Page2_English)
                  0001420b    00000001     --HOLE-- [fill = 0]
                  0001420c    000000d8     Lab9HMain.o (.rodata._ZL4Ruby)
                  000142e4    000000d8     Machine.o (.rodata._ZL4Ruby)
                  000143bc    000000d8     Lab9HMain.o (.rodata._ZL7Diamond)
                  00014494    000000d8     Machine.o (.rodata._ZL7Diamond)
                  0001456c    000000d8     Lab9HMain.o (.rodata._ZL7Emerald)
                  00014644    000000d8     Machine.o (.rodata._ZL7Emerald)
                  0001471c    000000ce     Lab9HMain.o (.rodata._ZL13Page3_English)
                  000147ea    000000c9     Lab9HMain.o (.rodata._ZL13Page2_Spanish)
                  000148b3    000000ac     Lab9HMain.o (.rodata._ZL13Page1_English)
                  0001495f    000000a7     Lab9HMain.o (.rodata._ZL13Page1_Spanish)
                  00014a06    000000a4     Lab9HMain.o (.rodata._ZL13Page4_English)
                  00014aaa    000000a2     Lab9HMain.o (.rodata._ZL13Page4_Spanish)
                  00014b4c    00000096     Lab9HMain.o (.rodata._ZL13Page5_Spanish)
                  00014be2    00000066     Lab9HMain.o (.rodata._ZL13Page5_English)
                  00014c48    0000003b     ST7735.o (.rodata._ZL5Rcmd1)
                  00014c83    0000002b     ST7735.o (.rodata._ZL5Rcmd3)
                  00014cae    0000001f     Lab9HMain.o (.rodata._ZL11Won_Spanish)
                  00014ccd    0000001f     Lab9HMain.o (.rodata._ZL12Lost_Spanish)
                  00014cec    0000001f     Lab9HMain.o (.rodata._ZL12Wait_Spanish)
                  00014d0b    0000001d     Lab9HMain.o (.rodata._ZL12Lost_English)
                  00014d28    0000001d     Lab9HMain.o (.rodata._ZL12Wait_English)
                  00014d45    0000001c     Lab9HMain.o (.rodata._ZL11Won_English)
                  00014d61    00000016     ST7735.o (.rodata.str1.128370289436029622301)
                  00014d77    00000013     Lab9HMain.o (.rodata.str1.173505494541024909531)
                  00014d8a    00000010     Lab9HMain.o (.rodata.str1.36435047076059183751)
                  00014d9a    0000000d     ST7735.o (.rodata._ZL10Rcmd2green)
                  00014da7    0000000d     ST7735.o (.rodata._ZL8Rcmd2red)
                  00014db4    00000008     Lab9HMain.o (.rodata._ZL15Goodbye_English)
                  00014dbc    00000008     Lab9HMain.o (.rodata._ZL16Language_English)
                  00014dc4    00000008     Lab9HMain.o (.rodata._ZL16Language_Spanish)
                  00014dcc    00000008     ST7735.o (.rodata.str1.53591972959378542101)
                  00014dd4    00000007     Lab9HMain.o (.rodata._ZL13Hello_Spanish)
                  00014ddb    00000007     ST7735.o (.rodata.str1.28611865845488554281)
                  00014de2    00000007     ST7735.o (.rodata.str1.63348317913043414121)
                  00014de9    00000006     Lab9HMain.o (.rodata._ZL13Hello_English)
                  00014def    00000006     Lab9HMain.o (.rodata._ZL15Goodbye_Spanish)
                  00014df5    00000002     ST7735.o (.rodata.str1.90642305370257400361)
                  00014df7    00000001     --HOLE-- [fill = 0]

.init_array 
*          0    00014df8    00000008     
                  00014df8    00000004     UART2.o (.init_array)
                  00014dfc    00000004     Lab9HMain.o (.init_array)

.data      0    20200000    00001481     UNINITIALIZED
                  20200000    00000f83     Sound.o (.data._ZL5wrong)
                  20200f83    00000001     Lab9HMain.o (.data._ZZ17setUpInstructionshE10currOption)
                  20200f84    000000f0     libc.a : defs.c.obj (.data._ftable)
                  20201074    00000090     Machine.o (.data.sprites)
                  20201104    00000078     libsysbm.a : host_device.c.obj (.data._device)
                  2020117c    00000050                : host_device.c.obj (.data._stream)
                  202011cc    0000003c     Lab9HMain.o (.data.Counters)
                  20201208    00000030     Lab9HMain.o (.data.Phrases)
                  20201238    00000030     Lab9HMain.o (.data.machineArr1)
                  20201268    0000002d     Lab9HMain.o (.data.Counters2)
                  20201295    00000003     Machine.o (.data._ZZN7Machine10updateRockEhE8lastOuts)
                  20201298    00000028     UART2.o (.data.FIFO2)
                  202012c0    00000028     Lab9HMain.o (.data.Instructions)
                  202012e8    0000000f     Lab9HMain.o (.data.m_anvil)
                  202012f7    0000000f     Lab9HMain.o (.data.m_cart1)
                  20201306    0000000f     Lab9HMain.o (.data.m_cart2)
                  20201315    0000000f     Lab9HMain.o (.data.m_counter1)
                  20201324    0000000f     Lab9HMain.o (.data.m_counter2)
                  20201333    0000000f     Lab9HMain.o (.data.m_counter3)
                  20201342    0000000f     Lab9HMain.o (.data.m_counter4)
                  20201351    0000000f     Lab9HMain.o (.data.m_counter5)
                  20201360    0000000f     Lab9HMain.o (.data.m_counter6)
                  2020136f    0000000f     Lab9HMain.o (.data.m_portal)
                  2020137e    0000000f     Lab9HMain.o (.data.m_refiner)
                  2020138d    0000000f     Lab9HMain.o (.data.m_rock1)
                  2020139c    0000000f     Lab9HMain.o (.data.m_rock1Mid)
                  202013ab    0000000f     Lab9HMain.o (.data.m_rock1Progress)
                  202013ba    0000000f     Lab9HMain.o (.data.m_rock1Top)
                  202013c9    0000000f     Lab9HMain.o (.data.m_rock2)
                  202013d8    0000000f     Lab9HMain.o (.data.m_rock2Mid)
                  202013e7    0000000f     Lab9HMain.o (.data.m_rock2Top)
                  202013f6    0000000f     Lab9HMain.o (.data.m_smelter)
                  20201405    0000000f     Lab9HMain.o (.data.m_smelterProgress)
                  20201414    0000000f     Lab9HMain.o (.data.m_todo)
                  20201423    0000000f     Lab9HMain.o (.data.m_todoDown)
                  20201432    00000002     ST7735.o (.data.StTextColor)
                  20201434    0000000c     Lab9HMain.o (.data.Sensor)
                  20201440    00000008     libc.a : exit.c.obj (.data..L_MergedGlobals)
                  20201448    00000008     Lab9HMain.o (.data.p1)
                  20201450    00000004     Clock.o (.data.BusFreq)
                  20201454    00000004     ST7735.o (.data.StX)
                  20201458    00000004     ST7735.o (.data.StY)
                  2020145c    00000004     libc.a : defs.c.obj (.data.__TI_ft_end)
                  20201460    00000004            : _lock.c.obj (.data._lock)
                  20201464    00000004            : _lock.c.obj (.data._unlock)
                  20201468    00000002     ST7735.o (.data._ZL6_width)
                  2020146a    00000002     ST7735.o (.data._ZL7_height)
                  2020146c    00000002     Sound.o (.data.clang_size)
                  2020146e    00000002     Sound.o (.data.correct_size)
                  20201470    00000002     Sound.o (.data.wrong_size)
                  20201472    00000001     Machine.o (.data._ZZN7Machine10updateCartEhE8debounce)
                  20201473    00000001     Machine.o (.data._ZZN7Machine10updateRockEhE7halfway)
                  20201474    00000001     Machine.o (.data._ZZN7Machine13updateRefinerEhE8debounce)
                  20201475    00000001     Machine.o (.data._ZZN7Machine14updateCountersEhPS_E8debounce)
                  20201476    00000001     Machine.o (.data._ZZN7Machine9printCartEvE2in)
                  20201477    00000001     Machine.o (.data._ZZN7Machine9printCartEvE4sent)
                  20201478    00000001     libsysbm.a : add_device.c.obj (.data.add_device.device_init)
                  20201479    00000001     Lab9HMain.o (.data.deadTimer)
                  2020147a    00000001     Lab9HMain.o (.data.input)
                  2020147b    00000001     Lab9HMain.o (.data.numCounters)
                  2020147c    00000001     libc.a : memory.c.obj (.data.memory_is_initialized)
                  2020147d    00000001     Machine.o (.data.progH)
                  2020147e    00000001     Machine.o (.data.progW)
                  2020147f    00000001     --HOLE--
                  20201480    00000001     libsysbm.a : open.c.obj (.data.open.stream_init)

.sysmem    0    20201488    00000200     UNINITIALIZED
                  20201488    00000010     libc.a : memory.c.obj (.sysmem)
                  20201498    000001f0     --HOLE--

.bss       0    20201688    000001ff     UNINITIALIZED
                  20201688    00000120     libsysbm.a : trgmsg.c.obj (.bss:_CIOBUF_)
                  202017a8    000000a0     libc.a : defs.c.obj (.bss.__TI_tmpnams)
                  20201848    00000014     Machine.o (.bss.ToDoArr)
                  2020185c    00000008     libsysbm.a : hostopen.c.obj (.bss.parmbuf)
                  20201864    00000004     UART2.o (.bss.LostData)
                  20201868    00000004     TExaS.o (.bss.TExaSLogic)
                  2020186c    00000004     TExaS.o (.bss.TExaSadc)
                  20201870    00000004     Sound.o (.bss.soundArr)
                  20201874    00000004     Sound.o (.bss.soundIndex)
                  20201878    00000004     libc.a : memory.c.obj (.bss.sys_free)
                  2020187c    00000002     Lab9HMain.o (.bss.score)
                  2020187e    00000002     Sound.o (.bss.soundLength)
                  20201880    00000001     ST7735.o (.bss._ZL8ColStart)
                  20201881    00000001     ST7735.o (.bss._ZL8Rotation)
                  20201882    00000001     ST7735.o (.bss._ZL8RowStart)
                  20201883    00000001     ST7735.o (.bss._ZL8TabColor)
                  20201884    00000001     Lab9HMain.o (.bss.buttons)
                  20201885    00000001     Sound.o (.bss.sound_flag)
                  20201886    00000001     Lab9HMain.o (.bss.toDoOpen)

.stack     0    20207e00    00000200     UNINITIALIZED
                  20207e00    00000004     libc.a : boot_cortex_m.c.obj (.stack)
                  20207e04    000001fc     --HOLE--

__llvm_prf_cnts 
*          0    20200000    00000000     UNINITIALIZED

__llvm_prf_bits 
*          0    20200000    00000000     UNINITIALIZED

MODULE SUMMARY

       Module                         code    ro data   rw data
       ------                         ----    -------   -------
    .\
       Machine.o                      8246    55534     175    
       Lab9HMain.o                    7130    14262     599    
       Sound.o                        326     14060     3988   
       ST7735.o                       3668    1449      18     
       Player.o                       1650    0         0      
       TExaS.o                        720     0         8      
       Clock.o                        516     0         4      
       UART2.o                        436     4         44     
       SPI.o                          440     0         0      
       SlidePot.o                     330     0         0      
       Timer.o                        316     0         0      
       IRxmt.o                        240     0         0      
       FIFO2.o                        222     0         0      
       LaunchPad.o                    180     0         0      
       DAC5.o                         92      0         0      
       Switch.o                       52      0         0      
    +--+------------------------------+-------+---------+---------+
       Total:                         24564   85309     4836   
                                                               
    .\ticlang\
       startup_mspm0g3507_ticlang.o   60      192       0      
    +--+------------------------------+-------+---------+---------+
       Total:                         60      192       0      
                                                               
    C:\ti\ccs2000\ccs\tools\compiler\ti-cgt-armllvm_4.0.1.LTS\lib\armv6m-ti-none-eabi/c/libc.a
       memory.c.obj                   702     0         5      
       fopen.c.obj                    556     0         0      
       defs.c.obj                     0       0         404    
       setvbuf.c.obj                  224     0         0      
       getdevice.c.obj                160     0         0      
       strcmp-armv6m.S.obj            136     0         0      
       copy_decompress_lzss.c.obj     124     0         0      
       fclose.c.obj                   124     0         0      
       autoinit.c.obj                 84      0         0      
       fflush.c.obj                   82      0         0      
       exit.c.obj                     56      0         8      
       boot_cortex_m.c.obj            40      0         0      
       copy_zero_init.c.obj           22      0         0      
       copy_decompress_none.c.obj     18      0         0      
       memcpy16.S.obj                 18      0         0      
       memset16.S.obj                 14      0         0      
       _lock.c.obj                    2       0         8      
       pre_init.c.obj                 4       0         0      
    +--+------------------------------+-------+---------+---------+
       Total:                         2366    0         425    
                                                               
    C:\ti\ccs2000\ccs\tools\compiler\ti-cgt-armllvm_4.0.1.LTS\lib\armv6m-ti-none-eabi/c/libsysbm.a
       trgmsg.c.obj                   104     0         288    
       add_device.c.obj               236     0         1      
       host_device.c.obj              0       0         200    
       open.c.obj                     160     0         1      
       hostrename.c.obj               136     0         0      
       hostlseek.c.obj                108     0         0      
       hostopen.c.obj                 96      0         8      
       hostread.c.obj                 88      0         0      
       hostwrite.c.obj                88      0         0      
       close.c.obj                    80      0         0      
       hostclose.c.obj                72      0         0      
       hostunlink.c.obj               72      0         0      
       unlink.c.obj                   44      0         0      
       write.c.obj                    40      0         0      
       remove.c.obj                   8       0         0      
    +--+------------------------------+-------+---------+---------+
       Total:                         1332    0         498    
                                                               
    C:\ti\ccs2000\ccs\tools\compiler\ti-cgt-armllvm_4.0.1.LTS\lib\armv6m-ti-none-eabi/libclang_rt.builtins.a
       aeabi_idivmod.S.obj            86      0         0      
       aeabi_uidivmod.S.obj           64      0         0      
       aeabi_memset.S.obj             12      0         0      
       aeabi_memcpy.S.obj             8       0         0      
       aeabi_div0.c.obj               2       0         0      
    +--+------------------------------+-------+---------+---------+
       Total:                         172     0         0      
                                                               
       Heap:                          0       0         512    
       Stack:                         0       0         512    
       Linker Generated:              0       1590      0      
    +--+------------------------------+-------+---------+---------+
       Grand Total:                   28494   87091     6783   


LINKER GENERATED COPY TABLES

__TI_cinit_table @ 0001c388 records: 2, size/record: 8, table size: 16
	.data: load addr=0001bd60, load size=00000612 bytes, run addr=20200000, run size=00001481 bytes, compression=lzss
	.bss: load addr=0001c380, load size=00000008 bytes, run addr=20201688, run size=000001ff bytes, compression=zero_init


LINKER GENERATED HANDLER TABLE

__TI_handler_table @ 0001c374 records: 3, size/record: 4, table size: 12
	index: 0, handler: __TI_decompress_lzss
	index: 1, handler: __TI_decompress_none
	index: 2, handler: __TI_zero_init


GLOBAL SYMBOLS: SORTED ALPHABETICALLY BY Name 

address   name                                
-------   ----                                
0001ba31  ADC0_IRQHandler                     
0001ba31  ADC1_IRQHandler                     
0001ba31  AES_IRQHandler                      
20201450  BusFreq                             
0001bd54  C$$EXIT                             
0001b2e1  C$$IO$$                             
0001ba31  CANFD0_IRQHandler                   
202011cc  Counters                            
20201268  Counters2                           
0001ba31  DAC0_IRQHandler                     
0001ba31  DMA_IRQHandler                      
0001ba31  Default_Handler                     
20201298  FIFO2                               
0001ba31  GROUP0_IRQHandler                   
0001ba31  GROUP1_IRQHandler                   
0001ada9  HOSTclose                           
0001a599  HOSTlseek                           
0001a811  HOSTopen                            
0001a871  HOSTread                            
0001a605  HOSTrename                          
0001adf1  HOSTunlink                          
0001a8c9  HOSTwrite                           
0001ba4d  HardFault_Handler                   
0001ba31  I2C0_IRQHandler                     
0001ba31  I2C1_IRQHandler                     
202012c0  Instructions                        
20201864  LostData                            
0001ba31  NMI_Handler                         
0001ba31  PendSV_Handler                      
20201208  Phrases                             
0001ba31  RTC_IRQHandler                      
0001bd4d  Reset_Handler                       
00014df8  SHT$$INIT_ARRAY$$Base               
00014e00  SHT$$INIT_ARRAY$$Limit              
0001ba31  SPI0_IRQHandler                     
0001ba31  SPI1_IRQHandler                     
0001ba31  SVC_Handler                         
20201434  Sensor                              
20201432  StTextColor                         
20201454  StX                                 
20201458  StY                                 
0001a921  SysTick_Handler                     
20201868  TExaSLogic                          
2020186c  TExaSadc                            
0001ba31  TIMA0_IRQHandler                    
0001ba31  TIMA1_IRQHandler                    
0001ba31  TIMG0_IRQHandler                    
0001b08d  TIMG12_IRQHandler                   
0001ba31  TIMG6_IRQHandler                    
0001af0d  TIMG7_IRQHandler                    
0001ba31  TIMG8_IRQHandler                    
0001bb85  TI_memcpy_small                     
0001bc8b  TI_memset_small                     
20201848  ToDoArr                             
0001ba31  UART0_IRQHandler                    
0001ba31  UART1_IRQHandler                    
0001a3d1  UART2_IRQHandler                    
0001ba31  UART3_IRQHandler                    
20201688  _CIOBUF_                            
0001bc99  _Z10Clock_Freqv                     
0001b6c9  _Z10IRxmt_Initv                     
0001af4d  _Z10Sound_Initv                     
0001a979  _Z10TExaS_InitP10ADC12_RegsjPFhvE   
000195cd  _Z10UART2_Initv                     
00019781  _Z10printScoreshhh                  
0001bba9  _Z11Clock_Delayj                    
0001b141  _Z11SPI_OutDatac                    
0001bad5  _Z11ST7735_openPKcji                
0001baeb  _Z11ST7735_readiPcj                 
0001bcf9  _Z11Sound_Clangv                    
00019e95  _Z11Sound_Starth                    
0001bd03  _Z11Sound_Wrongv                    
0001babd  _Z11Switch_Initv                    
00019cd1  _Z12ST7735_InitR10initRFlags        
0001bd0d  _Z12ST7735_closei                   
0001bc37  _Z12ST7735_lseekili                 
0001b1b1  _Z12ST7735_writeiPKcj               
0001bbb9  _Z12UART2_Enablev                   
0001b595  _Z12UART2_InCharv                   
0001ae39  _Z13IRxmt_OutCharc                  
0001a445  _Z13IRxmt_SendBiti                  
0001bca5  _Z13ST7735_renamePKcS0_             
0001bd17  _Z13ST7735_unlinkPKc                
0001bd21  _Z13Sound_Correctv                  
0001bbc9  _Z13UART2_Disablev                  
0001b1e5  _Z14Clock_Delay1msj                 
0001a25d  _Z14LaunchPad_Initv                 
0001ae81  _Z14SPI_OutCommandc                 
000196a9  _Z14ST7735_OutCharc                 
000199ad  _Z14TimerG7_IntArmtjj               
0001b179  _Z15ActivatePortA_Bv                
0001816d  _Z15Clock_Init80MHzi                
00018321  _Z15ST7735_DrawCharsscssh           
00018d09  _Z15ST7735_FillRectsssst            
00019e01  _Z15TimerG12_IntArmjj               
00018f35  _Z15randomizeOrdersv                
000184c5  _Z16ST7735_DrawCharSsscssh          
0001a4b9  _Z16ST7735_DrawPixelsst             
0001b7b9  _Z16ST7735_OutStringPc              
0001b219  _Z16ST7735_SetCursorjj              
00017d85  _Z17ST7735_DrawBitmapssPKtss        
00019f25  _Z17ST7735_DrawStringttPcs          
0001b5c1  _Z17ST7735_FillScreent              
00019b99  _Z17ST7735_InitPrintfv              
0001684d  _Z17setUpInstructionsh              
0001913d  _Z18ST7735_SetRotationh             
0001984d  _Z20ST7735_DrawFastHLinessst        
000198fd  _Z20ST7735_DrawFastVLinessst        
0001bbd9  _Z28TExaS_LaunchPadLogicPB27PB26v   
0001bcb1  _Z5Delayj                           
00018be1  _Z8ADC_InitP10ADC12_Regsjj          
0001b991  _Z8DAC5_Outj                        
0001bd2b  _Z8PLL_Initv                        
00019045  _Z8SPI_Initv                        
0001aec9  _Z8checkWinv                        
0001b6f1  _Z9ADC_StartP10ADC12_Regs           
0001b0c9  _Z9DAC5_Initv                       
0001af8d  _Z9SPI_Resetv                       
0001ba69  _Z9Switch_Inv                       
0001931d  _Z9UART_Initv                       
0001ad11  _ZN5Queue3GetEPc                    
0001ad5d  _ZN5Queue3PutEc                     
0001b96d  _ZN5Queue6IsFullEv                  
0001bb17  _ZN5Queue7IsEmptyEv                 
0001bbe9  _ZN5QueueC1Ev                       
0001bbe9  _ZN5QueueC2Ev                       
0001bb2b  _ZN6Player13setPossessionEh         
0001b5ed  _ZN6Player13translateDownEv         
0001b619  _ZN6Player13translateLeftEv         
00019c35  _ZN6Player14checkProximityE7Machine 
0001aa29  _ZN6Player14printPosessionEh        
0001b3b5  _ZN6Player14translateRightEv        
0001a529  _ZN6Player15getMachineInputE7Machine
00019d69  _ZN6Player16resetCoordinatesEPsS0_  
0001b105  _ZN6Player6moveUpEv                 
0001bcbd  _ZN6Player7getSizeEv                
0001bc45  _ZN6Player7getXPosEv                
0001bc53  _ZN6Player7getYPosEv                
0001bb3d  _ZN6Player7setXPosEs                
0001bb4f  _ZN6Player7setYPosEs                
00017b41  _ZN6Player8inBoundsEssPP7Machinehh  
0001abcd  _ZN6Player8moveDownEv               
0001aa7d  _ZN6Player8moveLeftEv               
0001aad1  _ZN6Player9moveRightEv              
0001ba85  _ZN6PlayerC1Ev                      
0001ba85  _ZN6PlayerC2Ev                      
00015edd  _ZN7Machine10updateCartEh           
00016405  _ZN7Machine10updateRockEh           
0001bb61  _ZN7Machine11setRockTypeEh          
0001763d  _ZN7Machine12printRefinerEv         
000187e1  _ZN7Machine13cartSendErrorEhh       
0001b69d  _ZN7Machine13menuPrintCartEv        
0001738d  _ZN7Machine13printCountersEPS_      
00016c3d  _ZN7Machine13updateRefinerEh        
00017001  _ZN7Machine14updateCountersEhPS_    
00018aa5  _ZN7Machine15printTurnInAreaEv      
000178e9  _ZN7Machine16updateTurnInAreaEh     
00017f95  _ZN7Machine9printCartEv             
00018665  _ZN7Machine9printRockEv             
0001bb73  _ZN7Machine9setSpriteEh             
0001a749  _ZN7MachineC1Ehhhhhh                
0001a1d9  _ZN7MachineC1Ehhhhhhhhh             
00019fb1  _ZN7MachineC1Ehhhhhhhhhh            
0001a749  _ZN7MachineC2Ehhhhhh                
0001a1d9  _ZN7MachineC2Ehhhhhhhhh             
00019fb1  _ZN7MachineC2Ehhhhhhhhhh            
0001ab25  _ZN8SlidePot2InEv                   
0001a03d  _ZN8SlidePot4InitEv                 
0001b7e1  _ZN8SlidePot4SaveEj                 
0001b9b1  _ZN8SlidePot4SyncEv                 
0001bcc9  _ZN8SlidePot9DistanceXEv            
0001bcd5  _ZN8SlidePot9DistanceYEv            
0001bc61  _ZN8SlidePotC1Ev                    
0001bc61  _ZN8SlidePotC2Ev                    
20201688  __CIOBUF_                           
20208000  __STACK_END                         
00000200  __STACK_SIZE                        
00000200  __SYSMEM_SIZE                       
00000000  __TI_ATRegion0_region_sz            
00000000  __TI_ATRegion0_src_addr             
00000000  __TI_ATRegion0_trg_addr             
00000000  __TI_ATRegion1_region_sz            
00000000  __TI_ATRegion1_src_addr             
00000000  __TI_ATRegion1_trg_addr             
00000000  __TI_ATRegion2_region_sz            
00000000  __TI_ATRegion2_src_addr             
00000000  __TI_ATRegion2_trg_addr             
0001c388  __TI_CINIT_Base                     
0001c398  __TI_CINIT_Limit                    
0001c398  __TI_CINIT_Warm                     
0001c374  __TI_Handler_Table_Base             
0001c380  __TI_Handler_Table_Limit            
0001ab79  __TI_auto_init_nobinit              
0001b24d  __TI_cleanup                        
20201440  __TI_cleanup_ptr                    
0001a2d9  __TI_closefile                      
0001a355  __TI_decompress_lzss                
0001bb97  __TI_decompress_none                
0001ac1f  __TI_doflush                        
20201444  __TI_dtors_ptr                      
2020145c  __TI_ft_end                         
ffffffff  __TI_pprof_out_hndl                 
ffffffff  __TI_prof_data_size                 
ffffffff  __TI_prof_data_start                
0001b281  __TI_readmsg                        
00000000  __TI_static_base__                  
202017a8  __TI_tmpnams                        
0001b2b5  __TI_writemsg                       
0001bb01  __TI_zero_init_nomemset             
0001a9d1  __aeabi_idiv                        
00019af7  __aeabi_idiv0                       
0001a9d1  __aeabi_idivmod                     
0001bce1  __aeabi_memclr                      
0001bce1  __aeabi_memclr4                     
0001bce1  __aeabi_memclr8                     
0001bd3d  __aeabi_memcpy                      
0001bd3d  __aeabi_memcpy4                     
0001bd3d  __aeabi_memcpy8                     
0001afcd  __aeabi_uidiv                       
0001afcd  __aeabi_uidivmod                    
ffffffff  __binit__                           
UNDEFED   __mpu_init                          
20207e00  __stack                             
20200000  __start___llvm_prf_bits             
20200000  __start___llvm_prf_cnts             
20200000  __stop___llvm_prf_bits              
20200000  __stop___llvm_prf_cnts              
0001b791  _c_int00_noargs                     
20201104  _device                             
20200f84  _ftable                             
20201460  _lock                               
0001a597  _nop                                
2020117c  _stream                             
20201488  _sys_memory                         
UNDEFED   _system_post_cinit                  
0001bd51  _system_pre_init                    
20201464  _unlock                             
0001bd55  abort                               
00019231  add_device                          
00018e21  aligned_alloc                       
ffffffff  binit                               
20201884  buttons                             
2020146c  clang_size                          
0001acc1  close                               
2020146e  correct_size                        
20201479  deadTimer                           
0001b2e9  exit                                
0001b31d  finddevice                          
0001b565  fopen                               
00019405  free                                
0001b351  freopen                             
0001a6dd  getdevice                           
2020147a  input                               
00000000  interruptVectors                    
202012e8  m_anvil                             
202012f7  m_cart1                             
20201306  m_cart2                             
20201315  m_counter1                          
20201324  m_counter2                          
20201333  m_counter3                          
20201342  m_counter4                          
20201351  m_counter5                          
20201360  m_counter6                          
2020136f  m_portal                            
2020137e  m_refiner                           
2020138d  m_rock1                             
2020139c  m_rock1Mid                          
202013ab  m_rock1Progress                     
202013ba  m_rock1Top                          
202013c9  m_rock2                             
202013d8  m_rock2Mid                          
202013e7  m_rock2Top                          
202013f6  m_smelter                           
20201405  m_smelterProgress                   
20201414  m_todo                              
20201423  m_todoDown                          
20201238  machineArr1                         
00014e01  main                                
0001bced  malloc                              
00018e21  memalign                            
2020147b  numCounters                         
00019af9  open                                
20201448  p1                                  
2020185c  parmbuf                             
2020147d  progH                               
2020147e  progW                               
0001bd45  remove                              
2020187c  score                               
000194ed  setvbuf                             
20201870  soundArr                            
20201874  soundIndex                          
2020187e  soundLength                         
20201885  sound_flag                          
20201074  sprites                             
0001a151  strcmp                              
20201886  toDoOpen                            
0001b671  unlink                              
0001b769  write                               
20201470  wrong_size                          


GLOBAL SYMBOLS: SORTED BY Symbol Address 

address   name                                
-------   ----                                
00000000  __TI_ATRegion0_region_sz            
00000000  __TI_ATRegion0_src_addr             
00000000  __TI_ATRegion0_trg_addr             
00000000  __TI_ATRegion1_region_sz            
00000000  __TI_ATRegion1_src_addr             
00000000  __TI_ATRegion1_trg_addr             
00000000  __TI_ATRegion2_region_sz            
00000000  __TI_ATRegion2_src_addr             
00000000  __TI_ATRegion2_trg_addr             
00000000  __TI_static_base__                  
00000000  interruptVectors                    
00000200  __STACK_SIZE                        
00000200  __SYSMEM_SIZE                       
00014df8  SHT$$INIT_ARRAY$$Base               
00014e00  SHT$$INIT_ARRAY$$Limit              
00014e01  main                                
00015edd  _ZN7Machine10updateCartEh           
00016405  _ZN7Machine10updateRockEh           
0001684d  _Z17setUpInstructionsh              
00016c3d  _ZN7Machine13updateRefinerEh        
00017001  _ZN7Machine14updateCountersEhPS_    
0001738d  _ZN7Machine13printCountersEPS_      
0001763d  _ZN7Machine12printRefinerEv         
000178e9  _ZN7Machine16updateTurnInAreaEh     
00017b41  _ZN6Player8inBoundsEssPP7Machinehh  
00017d85  _Z17ST7735_DrawBitmapssPKtss        
00017f95  _ZN7Machine9printCartEv             
0001816d  _Z15Clock_Init80MHzi                
00018321  _Z15ST7735_DrawCharsscssh           
000184c5  _Z16ST7735_DrawCharSsscssh          
00018665  _ZN7Machine9printRockEv             
000187e1  _ZN7Machine13cartSendErrorEhh       
00018aa5  _ZN7Machine15printTurnInAreaEv      
00018be1  _Z8ADC_InitP10ADC12_Regsjj          
00018d09  _Z15ST7735_FillRectsssst            
00018e21  aligned_alloc                       
00018e21  memalign                            
00018f35  _Z15randomizeOrdersv                
00019045  _Z8SPI_Initv                        
0001913d  _Z18ST7735_SetRotationh             
00019231  add_device                          
0001931d  _Z9UART_Initv                       
00019405  free                                
000194ed  setvbuf                             
000195cd  _Z10UART2_Initv                     
000196a9  _Z14ST7735_OutCharc                 
00019781  _Z10printScoreshhh                  
0001984d  _Z20ST7735_DrawFastHLinessst        
000198fd  _Z20ST7735_DrawFastVLinessst        
000199ad  _Z14TimerG7_IntArmtjj               
00019af7  __aeabi_idiv0                       
00019af9  open                                
00019b99  _Z17ST7735_InitPrintfv              
00019c35  _ZN6Player14checkProximityE7Machine 
00019cd1  _Z12ST7735_InitR10initRFlags        
00019d69  _ZN6Player16resetCoordinatesEPsS0_  
00019e01  _Z15TimerG12_IntArmjj               
00019e95  _Z11Sound_Starth                    
00019f25  _Z17ST7735_DrawStringttPcs          
00019fb1  _ZN7MachineC1Ehhhhhhhhhh            
00019fb1  _ZN7MachineC2Ehhhhhhhhhh            
0001a03d  _ZN8SlidePot4InitEv                 
0001a151  strcmp                              
0001a1d9  _ZN7MachineC1Ehhhhhhhhh             
0001a1d9  _ZN7MachineC2Ehhhhhhhhh             
0001a25d  _Z14LaunchPad_Initv                 
0001a2d9  __TI_closefile                      
0001a355  __TI_decompress_lzss                
0001a3d1  UART2_IRQHandler                    
0001a445  _Z13IRxmt_SendBiti                  
0001a4b9  _Z16ST7735_DrawPixelsst             
0001a529  _ZN6Player15getMachineInputE7Machine
0001a597  _nop                                
0001a599  HOSTlseek                           
0001a605  HOSTrename                          
0001a6dd  getdevice                           
0001a749  _ZN7MachineC1Ehhhhhh                
0001a749  _ZN7MachineC2Ehhhhhh                
0001a811  HOSTopen                            
0001a871  HOSTread                            
0001a8c9  HOSTwrite                           
0001a921  SysTick_Handler                     
0001a979  _Z10TExaS_InitP10ADC12_RegsjPFhvE   
0001a9d1  __aeabi_idiv                        
0001a9d1  __aeabi_idivmod                     
0001aa29  _ZN6Player14printPosessionEh        
0001aa7d  _ZN6Player8moveLeftEv               
0001aad1  _ZN6Player9moveRightEv              
0001ab25  _ZN8SlidePot2InEv                   
0001ab79  __TI_auto_init_nobinit              
0001abcd  _ZN6Player8moveDownEv               
0001ac1f  __TI_doflush                        
0001acc1  close                               
0001ad11  _ZN5Queue3GetEPc                    
0001ad5d  _ZN5Queue3PutEc                     
0001ada9  HOSTclose                           
0001adf1  HOSTunlink                          
0001ae39  _Z13IRxmt_OutCharc                  
0001ae81  _Z14SPI_OutCommandc                 
0001aec9  _Z8checkWinv                        
0001af0d  TIMG7_IRQHandler                    
0001af4d  _Z10Sound_Initv                     
0001af8d  _Z9SPI_Resetv                       
0001afcd  __aeabi_uidiv                       
0001afcd  __aeabi_uidivmod                    
0001b08d  TIMG12_IRQHandler                   
0001b0c9  _Z9DAC5_Initv                       
0001b105  _ZN6Player6moveUpEv                 
0001b141  _Z11SPI_OutDatac                    
0001b179  _Z15ActivatePortA_Bv                
0001b1b1  _Z12ST7735_writeiPKcj               
0001b1e5  _Z14Clock_Delay1msj                 
0001b219  _Z16ST7735_SetCursorjj              
0001b24d  __TI_cleanup                        
0001b281  __TI_readmsg                        
0001b2b5  __TI_writemsg                       
0001b2e1  C$$IO$$                             
0001b2e9  exit                                
0001b31d  finddevice                          
0001b351  freopen                             
0001b3b5  _ZN6Player14translateRightEv        
0001b565  fopen                               
0001b595  _Z12UART2_InCharv                   
0001b5c1  _Z17ST7735_FillScreent              
0001b5ed  _ZN6Player13translateDownEv         
0001b619  _ZN6Player13translateLeftEv         
0001b671  unlink                              
0001b69d  _ZN7Machine13menuPrintCartEv        
0001b6c9  _Z10IRxmt_Initv                     
0001b6f1  _Z9ADC_StartP10ADC12_Regs           
0001b769  write                               
0001b791  _c_int00_noargs                     
0001b7b9  _Z16ST7735_OutStringPc              
0001b7e1  _ZN8SlidePot4SaveEj                 
0001b96d  _ZN5Queue6IsFullEv                  
0001b991  _Z8DAC5_Outj                        
0001b9b1  _ZN8SlidePot4SyncEv                 
0001ba31  ADC0_IRQHandler                     
0001ba31  ADC1_IRQHandler                     
0001ba31  AES_IRQHandler                      
0001ba31  CANFD0_IRQHandler                   
0001ba31  DAC0_IRQHandler                     
0001ba31  DMA_IRQHandler                      
0001ba31  Default_Handler                     
0001ba31  GROUP0_IRQHandler                   
0001ba31  GROUP1_IRQHandler                   
0001ba31  I2C0_IRQHandler                     
0001ba31  I2C1_IRQHandler                     
0001ba31  NMI_Handler                         
0001ba31  PendSV_Handler                      
0001ba31  RTC_IRQHandler                      
0001ba31  SPI0_IRQHandler                     
0001ba31  SPI1_IRQHandler                     
0001ba31  SVC_Handler                         
0001ba31  TIMA0_IRQHandler                    
0001ba31  TIMA1_IRQHandler                    
0001ba31  TIMG0_IRQHandler                    
0001ba31  TIMG6_IRQHandler                    
0001ba31  TIMG8_IRQHandler                    
0001ba31  UART0_IRQHandler                    
0001ba31  UART1_IRQHandler                    
0001ba31  UART3_IRQHandler                    
0001ba4d  HardFault_Handler                   
0001ba69  _Z9Switch_Inv                       
0001ba85  _ZN6PlayerC1Ev                      
0001ba85  _ZN6PlayerC2Ev                      
0001babd  _Z11Switch_Initv                    
0001bad5  _Z11ST7735_openPKcji                
0001baeb  _Z11ST7735_readiPcj                 
0001bb01  __TI_zero_init_nomemset             
0001bb17  _ZN5Queue7IsEmptyEv                 
0001bb2b  _ZN6Player13setPossessionEh         
0001bb3d  _ZN6Player7setXPosEs                
0001bb4f  _ZN6Player7setYPosEs                
0001bb61  _ZN7Machine11setRockTypeEh          
0001bb73  _ZN7Machine9setSpriteEh             
0001bb85  TI_memcpy_small                     
0001bb97  __TI_decompress_none                
0001bba9  _Z11Clock_Delayj                    
0001bbb9  _Z12UART2_Enablev                   
0001bbc9  _Z13UART2_Disablev                  
0001bbd9  _Z28TExaS_LaunchPadLogicPB27PB26v   
0001bbe9  _ZN5QueueC1Ev                       
0001bbe9  _ZN5QueueC2Ev                       
0001bc37  _Z12ST7735_lseekili                 
0001bc45  _ZN6Player7getXPosEv                
0001bc53  _ZN6Player7getYPosEv                
0001bc61  _ZN8SlidePotC1Ev                    
0001bc61  _ZN8SlidePotC2Ev                    
0001bc8b  TI_memset_small                     
0001bc99  _Z10Clock_Freqv                     
0001bca5  _Z13ST7735_renamePKcS0_             
0001bcb1  _Z5Delayj                           
0001bcbd  _ZN6Player7getSizeEv                
0001bcc9  _ZN8SlidePot9DistanceXEv            
0001bcd5  _ZN8SlidePot9DistanceYEv            
0001bce1  __aeabi_memclr                      
0001bce1  __aeabi_memclr4                     
0001bce1  __aeabi_memclr8                     
0001bced  malloc                              
0001bcf9  _Z11Sound_Clangv                    
0001bd03  _Z11Sound_Wrongv                    
0001bd0d  _Z12ST7735_closei                   
0001bd17  _Z13ST7735_unlinkPKc                
0001bd21  _Z13Sound_Correctv                  
0001bd2b  _Z8PLL_Initv                        
0001bd3d  __aeabi_memcpy                      
0001bd3d  __aeabi_memcpy4                     
0001bd3d  __aeabi_memcpy8                     
0001bd45  remove                              
0001bd4d  Reset_Handler                       
0001bd51  _system_pre_init                    
0001bd54  C$$EXIT                             
0001bd55  abort                               
0001c374  __TI_Handler_Table_Base             
0001c380  __TI_Handler_Table_Limit            
0001c388  __TI_CINIT_Base                     
0001c398  __TI_CINIT_Limit                    
0001c398  __TI_CINIT_Warm                     
20200000  __start___llvm_prf_bits             
20200000  __start___llvm_prf_cnts             
20200000  __stop___llvm_prf_bits              
20200000  __stop___llvm_prf_cnts              
20200f84  _ftable                             
20201074  sprites                             
20201104  _device                             
2020117c  _stream                             
202011cc  Counters                            
20201208  Phrases                             
20201238  machineArr1                         
20201268  Counters2                           
20201298  FIFO2                               
202012c0  Instructions                        
202012e8  m_anvil                             
202012f7  m_cart1                             
20201306  m_cart2                             
20201315  m_counter1                          
20201324  m_counter2                          
20201333  m_counter3                          
20201342  m_counter4                          
20201351  m_counter5                          
20201360  m_counter6                          
2020136f  m_portal                            
2020137e  m_refiner                           
2020138d  m_rock1                             
2020139c  m_rock1Mid                          
202013ab  m_rock1Progress                     
202013ba  m_rock1Top                          
202013c9  m_rock2                             
202013d8  m_rock2Mid                          
202013e7  m_rock2Top                          
202013f6  m_smelter                           
20201405  m_smelterProgress                   
20201414  m_todo                              
20201423  m_todoDown                          
20201432  StTextColor                         
20201434  Sensor                              
20201440  __TI_cleanup_ptr                    
20201444  __TI_dtors_ptr                      
20201448  p1                                  
20201450  BusFreq                             
20201454  StX                                 
20201458  StY                                 
2020145c  __TI_ft_end                         
20201460  _lock                               
20201464  _unlock                             
2020146c  clang_size                          
2020146e  correct_size                        
20201470  wrong_size                          
20201479  deadTimer                           
2020147a  input                               
2020147b  numCounters                         
2020147d  progH                               
2020147e  progW                               
20201488  _sys_memory                         
20201688  _CIOBUF_                            
20201688  __CIOBUF_                           
202017a8  __TI_tmpnams                        
20201848  ToDoArr                             
2020185c  parmbuf                             
20201864  LostData                            
20201868  TExaSLogic                          
2020186c  TExaSadc                            
20201870  soundArr                            
20201874  soundIndex                          
2020187c  score                               
2020187e  soundLength                         
20201884  buttons                             
20201885  sound_flag                          
20201886  toDoOpen                            
20207e00  __stack                             
20208000  __STACK_END                         
ffffffff  __TI_pprof_out_hndl                 
ffffffff  __TI_prof_data_size                 
ffffffff  __TI_prof_data_start                
ffffffff  __binit__                           
ffffffff  binit                               
UNDEFED   __mpu_init                          
UNDEFED   _system_post_cinit                  

[299 symbols]
