******************************************************************************
            TI ARM Clang Linker PC v4.0.1                      
******************************************************************************
>> Linked Wed Apr 16 20:26:25 2025

OUTPUT FILE NAME:   <MadMines.out>
ENTRY POINT SYMBOL: "_c_int00_noargs"  address: 00010609


MEMORY CONFIGURATION

         name            origin    length      used     unused   attr    fill
----------------------  --------  ---------  --------  --------  ----  --------
  FLASH                 00000000   00020000  00010b78  0000f488  R  X
  SRAM                  20200000   00008000  000008d8  00007728  RW X
  BCR_CONFIG            41c00000   00000080  00000000  00000080  R   
  BSL_CONFIG            41c00100   00000080  00000000  00000080  R   


SEGMENT ALLOCATION MAP

run origin  load origin   length   init length attrs members
----------  ----------- ---------- ----------- ----- -------
00000000    00000000    00010b78   00010b78    r-x
  00000000    00000000    000000c0   000000c0    r-- .intvecs
  000000c0    000000c0    0000c3c0   0000c3c0    r-- .rodata
  0000c480    0000c480    000045f0   000045f0    r-x .text
  00010a70    00010a70    00000008   00000008    r-- .init_array
  00010a78    00010a78    00000100   00000100    r-- .cinit
20200000    20200000    000006db   00000000    rw-
  20200000    20200000    000002f5   00000000    rw- .data
  202002f8    202002f8    00000200   00000000    rw- .sysmem
  202004f8    202004f8    000001e3   00000000    rw- .bss
20207e00    20207e00    00000200   00000000    rw-
  20207e00    20207e00    00000200   00000000    rw- .stack


SECTION ALLOCATION MAP

 output                                  attributes/
section   page    origin      length       input sections
--------  ----  ----------  ----------   ----------------
.intvecs   0    00000000    000000c0     
                  00000000    000000c0     startup_mspm0g3507_ticlang.o (.intvecs)

.binit     0    00000000    00000000     

.text      0    0000c480    000045f0     
                  0000c480    00000470     Lab9HMain.o (.text.main)
                  0000c8f0    00000418     Machine.o (.text._ZN7Machine11updateAnvilEh)
                  0000cd08    000003d0     Machine.o (.text._ZN7Machine10updateCartEh)
                  0000d0d8    000002a4     Machine.o (.text._ZN7Machine10updateRockEh)
                  0000d37c    00000210     ST7735.o (.text._Z17ST7735_DrawBitmapssPKtss)
                  0000d58c    000001b4     Clock.o (.text._Z15Clock_Init80MHzi)
                  0000d740    000001b4     Machine.o (.text._ZN7Machine9printCartEh)
                  0000d8f4    000001ac     Machine.o (.text._ZN7Machine13computeRecipeEPaa)
                  0000daa0    000001a0     ST7735.o (.text._Z16ST7735_DrawCharSsscssh)
                  0000dc40    00000164     Machine.o (.text._ZN7Machine15updateAnvilMenuEPaa)
                  0000dda4    0000015c     Machine.o (.text._ZN7Machine13cartSendErrorEhh)
                  0000df00    00000154     libc.a : fopen.c.obj (.text._openfile)
                  0000e054    0000012c     Player.o (.text._ZN6Player8moveDownEv)
                  0000e180    00000128     TExaS.o (.text._Z8ADC_InitP10ADC12_Regsjj)
                  0000e2a8    00000118     ST7735.o (.text._Z15ST7735_FillRectsssst)
                  0000e3c0    00000114     libc.a : memory.c.obj (.text.aligned_alloc)
                  0000e4d4    00000108     Player.o (.text._ZN6Player6moveUpEv)
                  0000e5dc    000000f8     SPI.o (.text._Z8SPI_Initv)
                  0000e6d4    000000f4     ST7735.o (.text._Z18ST7735_SetRotationh)
                  0000e7c8    000000ec     libsysbm.a : add_device.c.obj (.text.add_device)
                  0000e8b4    000000e8     TExaS.o (.text._Z9UART_Initv)
                  0000e99c    000000e8     libc.a : memory.c.obj (.text.free)
                  0000ea84    000000e0            : setvbuf.c.obj (.text.setvbuf)
                  0000eb64    000000dc     UART2.o (.text._Z10UART2_Initv)
                  0000ec40    000000d0     ST7735.o (.text._Z14ST7735_OutCharc)
                  0000ed10    000000b0     ST7735.o (.text._Z20ST7735_DrawFastHLinessst)
                  0000edc0    000000b0     ST7735.o (.text._Z20ST7735_DrawFastVLinessst)
                  0000ee70    000000a8     Timer.o (.text._Z14TimerG7_IntArmtjj)
                  0000ef18    000000a2     ST7735.o (.text._ZL11commandListPKh)
                  0000efba    00000002     Sound.o (.text.SysTick_Handler)
                  0000efbc    000000a0     libsysbm.a : open.c.obj (.text.open)
                  0000f05c    0000009c     ST7735.o (.text._Z17ST7735_InitPrintfv)
                  0000f0f8    0000009c     Machine.o (.text._ZN7Machine10printAnvilEh)
                  0000f194    00000098     ST7735.o (.text._Z12ST7735_InitR10initRFlags)
                  0000f22c    00000096     Player.o (.text._ZN6Player14checkProximityE7Machine)
                  0000f2c2    00000002     libclang_rt.builtins.a : aeabi_div0.c.obj (.text.__aeabi_idiv0)
                  0000f2c4    00000094     Timer.o (.text._Z15TimerG12_IntArmjj)
                  0000f358    0000008c     SlidePot.o (.text._ZN8SlidePot4InitEv)
                  0000f3e4    00000088     ST7735.o (.text._ZL13setAddrWindowhhhh)
                  0000f46c    00000004     libc.a : pre_init.c.obj (.text._system_pre_init)
                  0000f470    00000088            : strcmp-armv6m.S.obj (.text:strcmp)
                  0000f4f8    00000084     ST7735.o (.text._Z17ST7735_DrawStringttPcs)
                  0000f57c    00000080     Player.o (.text._ZN6Player16resetCoordinatesEv)
                  0000f5fc    0000007c     LaunchPad.o (.text._Z14LaunchPad_Initv)
                  0000f678    0000007c     Machine.o (.text._ZN7Machine9printRockEh)
                  0000f6f4    0000007c     libc.a : fclose.c.obj (.text.__TI_closefile)
                  0000f770    0000007c            : copy_decompress_lzss.c.obj (.text:decompress:lzss)
                  0000f7ec    00000074     UART2.o (.text.UART2_IRQHandler)
                  0000f860    00000074     IRxmt.o (.text._Z13IRxmt_SendBiti)
                  0000f8d4    00000070     ST7735.o (.text._Z16ST7735_DrawPixelsst)
                  0000f944    0000006c     libsysbm.a : hostlseek.c.obj (.text.HOSTlseek)
                  0000f9b0    0000006c                : hostrename.c.obj (.text.HOSTrename)
                  0000fa1c    0000006c     libc.a : getdevice.c.obj (.text.getdevice)
                  0000fa88    00000064     Player.o (.text._ZN6Player15getMachineInputE7Machine)
                  0000faec    00000064     libc.a : memory.c.obj (.text.split)
                  0000fb50    00000060     libsysbm.a : hostopen.c.obj (.text.HOSTopen)
                  0000fbb0    00000058                : hostread.c.obj (.text.HOSTread)
                  0000fc08    00000058                : hostwrite.c.obj (.text.HOSTwrite)
                  0000fc60    00000058     TExaS.o (.text._Z10TExaS_InitP10ADC12_RegsjPFhvE)
                  0000fcb8    00000056     libclang_rt.builtins.a : aeabi_idivmod.S.obj (.text.__aeabi_idivmod)
                  0000fd0e    00000002     libc.a : _lock.c.obj (.text._nop)
                  0000fd10    00000054     SlidePot.o (.text._ZN8SlidePot2InEv)
                  0000fd64    00000054     libc.a : autoinit.c.obj (.text:__TI_auto_init_nobinit)
                  0000fdb8    00000052     Machine.o (.text._ZN7MachineC2Ehhhhhh)
                  0000fe0a    00000052     libc.a : fflush.c.obj (.text.__TI_doflush)
                  0000fe5c    00000050     libsysbm.a : close.c.obj (.text.close)
                  0000feac    0000004c     Player.o (.text._ZN6Player8moveLeftEv)
                  0000fef8    0000004c     Player.o (.text._ZN6Player9moveRightEv)
                  0000ff44    00000048     libsysbm.a : hostclose.c.obj (.text.HOSTclose)
                  0000ff8c    00000048                : hostunlink.c.obj (.text.HOSTunlink)
                  0000ffd4    00000048     IRxmt.o (.text._Z13IRxmt_OutCharc)
                  0001001c    00000048     SPI.o (.text._Z14SPI_OutCommandc)
                  00010064    00000048     FIFO2.o (.text._ZN5Queue3GetEPc)
                  000100ac    00000048     FIFO2.o (.text._ZN5Queue3PutEc)
                  000100f4    00000040     TExaS.o (.text.TIMG7_IRQHandler)
                  00010134    00000040     SPI.o (.text._Z9SPI_Resetv)
                  00010174    00000040     libclang_rt.builtins.a : aeabi_uidivmod.S.obj (.text.__aeabi_uidivmod)
                  000101b4    00000040     libc.a : fopen.c.obj (.text._search_fp)
                  000101f4    0000003c     Lab9HMain.o (.text.TIMG12_IRQHandler)
                  00010230    0000003c     Sound.o (.text._Z10Sound_Initv)
                  0001026c    00000038     SPI.o (.text._Z11SPI_OutDatac)
                  000102a4    00000038     LaunchPad.o (.text._Z15ActivatePortA_Bv)
                  000102dc    00000034     ST7735.o (.text._Z12ST7735_writeiPKcj)
                  00010310    00000034     Clock.o (.text._Z14Clock_Delay1msj)
                  00010344    00000034     ST7735.o (.text._Z16ST7735_SetCursorjj)
                  00010378    00000034     libc.a : fopen.c.obj (.text.__TI_cleanup)
                  000103ac    00000034     libsysbm.a : trgmsg.c.obj (.text.__TI_readmsg)
                  000103e0    00000034                : trgmsg.c.obj (.text.__TI_writemsg)
                  00010414    00000034     libc.a : exit.c.obj (.text.exit)
                  00010448    00000034            : getdevice.c.obj (.text.finddevice)
                  0001047c    00000034            : fopen.c.obj (.text.freopen)
                  000104b0    00000030     ST7735.o (.text._ZL10commonInitPKh)
                  000104e0    00000030     libc.a : fopen.c.obj (.text.fopen)
                  00010510    0000002c     ST7735.o (.text._Z17ST7735_FillScreent)
                  0001053c    0000002c     libsysbm.a : unlink.c.obj (.text.unlink)
                  00010568    00000028     IRxmt.o (.text._Z10IRxmt_Initv)
                  00010590    00000028     TExaS.o (.text._Z9ADC_StartP10ADC12_Regs)
                  000105b8    00000028     libc.a : memory.c.obj (.text.free_list_insert)
                  000105e0    00000028     libsysbm.a : write.c.obj (.text.write)
                  00010608    00000028     libc.a : boot_cortex_m.c.obj (.text:_c_int00_noargs)
                  00010630    00000024     Lab9HMain.o (.text._GLOBAL__sub_I_Lab9HMain.cpp)
                  00010654    00000024     SlidePot.o (.text._ZN8SlidePot4SaveEj)
                  00010678    00000024     Lab9HMain.o (.text.__cxx_global_var_init.2)
                  0001069c    00000024     Lab9HMain.o (.text.__cxx_global_var_init.3)
                  000106c0    00000024     Lab9HMain.o (.text.__cxx_global_var_init.4)
                  000106e4    00000024     Lab9HMain.o (.text.__cxx_global_var_init.5)
                  00010708    00000024     Lab9HMain.o (.text.__cxx_global_var_init.6)
                  0001072c    00000024     Lab9HMain.o (.text.__cxx_global_var_init.7)
                  00010750    00000022     FIFO2.o (.text._ZN5Queue6IsFullEv)
                  00010772    00000020     SlidePot.o (.text._ZN8SlidePot4SyncEv)
                  00010792    0000001e     ST7735.o (.text._ZL9pushColort)
                  000107b0    0000001c     startup_mspm0g3507_ticlang.o (.text.Default_Handler)
                  000107cc    0000001c     startup_mspm0g3507_ticlang.o (.text.HardFault_Handler)
                  000107e8    0000001c     UART2.o (.text._Z12UART2_InCharv)
                  00010804    0000001c     Switch.o (.text._Z9Switch_Inv)
                  00010820    0000001c     Player.o (.text._ZN6PlayerC2Ev)
                  0001083c    0000001c     libc.a : memory.c.obj (.text.free_list_remove)
                  00010858    00000018     Switch.o (.text._Z11Switch_Initv)
                  00010870    00000016     ST7735.o (.text._Z11ST7735_openPKcji)
                  00010886    00000016     ST7735.o (.text._Z11ST7735_readiPcj)
                  0001089c    00000016     libc.a : copy_zero_init.c.obj (.text:decompress:ZI:__TI_zero_init_nomemset)
                  000108b2    00000014     FIFO2.o (.text._ZN5Queue7IsEmptyEv)
                  000108c6    00000012     Player.o (.text._ZN6Player13setPossessionEh)
                  000108d8    00000012     libc.a : memcpy16.S.obj (.text:TI_memcpy_small)
                  000108ea    00000012            : copy_decompress_none.c.obj (.text:decompress:none)
                  000108fc    00000010     Clock.o (.text._Z11Clock_Delayj)
                  0001090c    00000010     Lab9HMain.o (.text._Z28TExaS_LaunchPadLogicPB27PB26v)
                  0001091c    00000010     FIFO2.o (.text._ZN5QueueC2Ev)
                  0001092c    00000010     Lab9HMain.o (.text.__cxx_global_var_init.1)
                  0001093c    00000010     Lab9HMain.o (.text.__cxx_global_var_init)
                  0001094c    00000010     UART2.o (.text.__cxx_global_var_init)
                  0001095c    0000000e     libc.a : memory.c.obj (.text.OUTLINED_FUNCTION_0)
                  0001096a    0000000e     ST7735.o (.text._Z12ST7735_lseekili)
                  00010978    0000000e     Player.o (.text._ZN6Player7getXPosEv)
                  00010986    0000000e     Player.o (.text._ZN6Player7getYPosEv)
                  00010994    0000000e     SlidePot.o (.text._ZN8SlidePotC2Ev)
                  000109a2    0000000e     libsysbm.a : hostrename.c.obj (.text.strcpy)
                  000109b0    0000000e                : hostrename.c.obj (.text.strlen)
                  000109be    0000000e     libc.a : memset16.S.obj (.text:TI_memset_small)
                  000109cc    0000000c     Clock.o (.text._Z10Clock_Freqv)
                  000109d8    0000000c     ST7735.o (.text._Z13ST7735_renamePKcS0_)
                  000109e4    0000000c     IRxmt.o (.text._Z5Delayj)
                  000109f0    0000000c     Player.o (.text._ZN6Player7getSizeEv)
                  000109fc    0000000c     SlidePot.o (.text._ZN8SlidePot9DistanceXEv)
                  00010a08    0000000c     SlidePot.o (.text._ZN8SlidePot9DistanceYEv)
                  00010a14    0000000c     libclang_rt.builtins.a : aeabi_memset.S.obj (.text.__aeabi_memclr)
                  00010a20    0000000c     libc.a : memory.c.obj (.text.malloc)
                  00010a2c    0000000a     ST7735.o (.text._Z12ST7735_closei)
                  00010a36    0000000a     ST7735.o (.text._Z13ST7735_unlinkPKc)
                  00010a40    0000000a     Lab9HMain.o (.text._Z8PLL_Initv)
                  00010a4a    00000008     UART2.o (.text._GLOBAL__sub_I_UART2.cpp)
                  00010a52    00000002     --HOLE-- [fill = 0]
                  00010a54    00000008     libclang_rt.builtins.a : aeabi_memcpy.S.obj (.text.__aeabi_memcpy)
                  00010a5c    00000008     libsysbm.a : remove.c.obj (.text.remove)
                  00010a64    00000004     startup_mspm0g3507_ticlang.o (.text.Reset_Handler)
                  00010a68    00000004     libc.a : exit.c.obj (.text:abort)
                  00010a6c    00000004     --HOLE-- [fill = 0]

.cinit     0    00010a78    00000100     
                  00010a78    000000d5     (.cinit..data.load) [load image, compression = lzss]
                  00010b4d    00000003     --HOLE-- [fill = 0]
                  00010b50    0000000c     (__TI_handler_table)
                  00010b5c    00000008     (.cinit..bss.load) [load image, compression = zero_init]
                  00010b64    00000010     (__TI_cinit_table)
                  00010b74    00000004     --HOLE-- [fill = 0]

.rodata    0    000000c0    0000c3c0     
                  000000c0    00002700     Machine.o (.rodata._ZL9anvilMenu)
                  000027c0    00000f78     Machine.o (.rodata._ZL12anvilWorking)
                  00003738    00000f78     Machine.o (.rodata._ZL14anvilHighlight)
                  000046b0    00000f78     Machine.o (.rodata._ZL5anvil)
                  00005628    00000f74     Machine.o (.rodata._ZL13cartHighlight)
                  0000659c    00000f74     Machine.o (.rodata._ZL4cart)
                  00007510    00000bb0     Machine.o (.rodata._ZL11workingRock)
                  000080c0    00000bb0     Machine.o (.rodata._ZL13highlightRock)
                  00008c70    00000bb0     Machine.o (.rodata._ZL4rock)
                  00009820    00000992     Lab9HMain.o (.rodata._ZL5miner)
                  0000a1b2    000004fb     ST7735.o (.rodata._ZL4Font)
                  0000a6ad    00000001     --HOLE-- [fill = 0]
                  0000a6ae    00000348     Lab9HMain.o (.rodata._ZL5watch)
                  0000a9f6    00000320     Lab9HMain.o (.rodata._ZL5trash)
                  0000ad16    000002d2     Lab9HMain.o (.rodata._ZL5sword)
                  0000afe8    000002ac     Lab9HMain.o (.rodata._ZL3key)
                  0000b294    000002a0     Lab9HMain.o (.rodata._ZL6shield)
                  0000b534    00000220     Lab9HMain.o (.rodata._ZL4ring)
                  0000b754    0000018c     Lab9HMain.o (.rodata._ZL10rawDiamond)
                  0000b8e0    0000018c     Lab9HMain.o (.rodata._ZL10rawEmerald)
                  0000ba6c    0000018c     Lab9HMain.o (.rodata._ZL7rawGold)
                  0000bbf8    0000018c     Lab9HMain.o (.rodata._ZL7rawRuby)
                  0000bd84    0000018c     Lab9HMain.o (.rodata._ZL9rawSilver)
                  0000bf10    0000010e     Lab9HMain.o (.rodata._ZL4gold)
                  0000c01e    0000010e     Lab9HMain.o (.rodata._ZL6silver)
                  0000c12c    000000d8     Lab9HMain.o (.rodata._ZL4Ruby)
                  0000c204    000000d8     Lab9HMain.o (.rodata._ZL7Diamond)
                  0000c2dc    000000d8     Lab9HMain.o (.rodata._ZL7Emerald)
                  0000c3b4    0000003b     ST7735.o (.rodata._ZL5Rcmd1)
                  0000c3ef    0000002b     ST7735.o (.rodata._ZL5Rcmd3)
                  0000c41a    00000019     Machine.o (.rodata._ZL7recipes)
                  0000c433    00000016     ST7735.o (.rodata.str1.43788427057889536241)
                  0000c449    0000000d     ST7735.o (.rodata._ZL10Rcmd2green)
                  0000c456    0000000d     ST7735.o (.rodata._ZL8Rcmd2red)
                  0000c463    00000008     ST7735.o (.rodata.str1.54535931475021008601)
                  0000c46b    00000007     ST7735.o (.rodata.str1.103567388005067375301)
                  0000c472    00000007     ST7735.o (.rodata.str1.132933244321656697041)
                  0000c479    00000002     ST7735.o (.rodata.str1.18657686242476325171)
                  0000c47b    00000005     --HOLE-- [fill = 0]

.init_array 
*          0    00010a70    00000008     
                  00010a70    00000004     UART2.o (.init_array)
                  00010a74    00000004     Lab9HMain.o (.init_array)

.data      0    20200000    000002f5     UNINITIALIZED
                  20200000    000000f0     libc.a : defs.c.obj (.data._ftable)
                  202000f0    00000088     Lab9HMain.o (.data.sprites)
                  20200178    00000078     libsysbm.a : host_device.c.obj (.data._device)
                  202001f0    00000050                : host_device.c.obj (.data._stream)
                  20200240    0000002c     UART2.o (.data.FIFO2)
                  2020026c    0000000c     Lab9HMain.o (.data.Sensor)
                  20200278    0000000a     Lab9HMain.o (.data.m_anvil)
                  20200282    0000000a     Lab9HMain.o (.data.m_cart)
                  2020028c    0000000a     Lab9HMain.o (.data.m_portal)
                  20200296    0000000a     Lab9HMain.o (.data.m_refiner)
                  202002a0    0000000a     Lab9HMain.o (.data.m_rock)
                  202002aa    0000000a     Lab9HMain.o (.data.m_smelter)
                  202002b4    00000008     libc.a : exit.c.obj (.data..L_MergedGlobals)
                  202002bc    00000008     Lab9HMain.o (.data.p1)
                  202002c4    00000004     Clock.o (.data.BusFreq)
                  202002c8    00000004     ST7735.o (.data.StX)
                  202002cc    00000004     ST7735.o (.data.StY)
                  202002d0    00000004     libc.a : defs.c.obj (.data.__TI_ft_end)
                  202002d4    00000004            : _lock.c.obj (.data._lock)
                  202002d8    00000004            : _lock.c.obj (.data._unlock)
                  202002dc    00000002     ST7735.o (.data.StTextColor)
                  202002de    00000002     ST7735.o (.data._ZL6_width)
                  202002e0    00000002     ST7735.o (.data._ZL7_height)
                  202002e2    00000001     Machine.o (.data._ZZN7Machine10updateCartEhE8debounce)
                  202002e3    00000001     Machine.o (.data._ZZN7Machine10updateRockEhE10wasWorking)
                  202002e4    00000001     Machine.o (.data._ZZN7Machine11updateAnvilEhE10wasWorking)
                  202002e5    00000001     Machine.o (.data._ZZN7Machine11updateAnvilEhE11anvilLength)
                  202002e6    00000001     Machine.o (.data._ZZN7Machine11updateAnvilEhE12menuDebounce)
                  202002e7    00000001     Machine.o (.data._ZZN7Machine9printCartEhE2in)
                  202002e8    00000001     Machine.o (.data._ZZN7Machine9printCartEhE4sent)
                  202002e9    00000001     Lab9HMain.o (.data.input)
                  202002ea    00000001     Machine.o (.data.progH)
                  202002eb    00000001     Machine.o (.data.progW)
                  202002ec    00000001     libsysbm.a : add_device.c.obj (.data.add_device.device_init)
                  202002ed    00000003     --HOLE--
                  202002f0    00000001     libc.a : memory.c.obj (.data.memory_is_initialized)
                  202002f1    00000003     --HOLE--
                  202002f4    00000001     libsysbm.a : open.c.obj (.data.open.stream_init)

.sysmem    0    202002f8    00000200     UNINITIALIZED
                  202002f8    00000010     libc.a : memory.c.obj (.sysmem)
                  20200308    000001f0     --HOLE--

.bss       0    202004f8    000001e3     UNINITIALIZED
                  202004f8    00000120     libsysbm.a : trgmsg.c.obj (.bss:_CIOBUF_)
                  20200618    000000a0     libc.a : defs.c.obj (.bss.__TI_tmpnams)
                  202006b8    00000008     libsysbm.a : hostopen.c.obj (.bss.parmbuf)
                  202006c0    00000005     Machine.o (.bss._ZZN7Machine11updateAnvilEhE10AnvilItems)
                  202006c5    00000001     ST7735.o (.bss._ZL8ColStart)
                  202006c6    00000001     ST7735.o (.bss._ZL8Rotation)
                  202006c7    00000001     ST7735.o (.bss._ZL8RowStart)
                  202006c8    00000004     UART2.o (.bss.LostData)
                  202006cc    00000004     TExaS.o (.bss.TExaSLogic)
                  202006d0    00000004     TExaS.o (.bss.TExaSadc)
                  202006d4    00000004     libc.a : memory.c.obj (.bss.sys_free)
                  202006d8    00000001     ST7735.o (.bss._ZL8TabColor)
                  202006d9    00000001     Lab9HMain.o (.bss.buttons)
                  202006da    00000001     Lab9HMain.o (.bss.menuOpen)

.stack     0    20207e00    00000200     UNINITIALIZED
                  20207e00    00000004     libc.a : boot_cortex_m.c.obj (.stack)
                  20207e04    000001fc     --HOLE--

__llvm_prf_cnts 
*          0    20200000    00000000     UNINITIALIZED

__llvm_prf_bits 
*          0    20200000    00000000     UNINITIALIZED

MODULE SUMMARY

       Module                         code    ro data   rw data
       ------                         ----    -------   -------
    .\
       Machine.o                      4630    38777     14     
       Lab9HMain.o                    1506    9884      219    
       ST7735.o                       3194    1449      18     
       Player.o                       1180    0         0      
       TExaS.o                        720     0         8      
       Clock.o                        516     0         4      
       SPI.o                          440     0         0      
       UART2.o                        388     4         48     
       SlidePot.o                     330     0         0      
       Timer.o                        316     0         0      
       IRxmt.o                        240     0         0      
       FIFO2.o                        214     0         0      
       LaunchPad.o                    180     0         0      
       Sound.o                        62      0         0      
       Switch.o                       52      0         0      
    +--+------------------------------+-------+---------+---------+
       Total:                         13968   50114     311    
                                                               
    .\ticlang\
       startup_mspm0g3507_ticlang.o   60      192       0      
    +--+------------------------------+-------+---------+---------+
       Total:                         60      192       0      
                                                               
    C:\ti\ccs\tools\compiler\ti-cgt-armllvm_4.0.1.LTS\lib\armv6m-ti-none-eabi/c/libc.a
       memory.c.obj                   702     0         5      
       fopen.c.obj                    556     0         0      
       defs.c.obj                     0       0         404    
       setvbuf.c.obj                  224     0         0      
       getdevice.c.obj                160     0         0      
       strcmp-armv6m.S.obj            136     0         0      
       copy_decompress_lzss.c.obj     124     0         0      
       fclose.c.obj                   124     0         0      
       autoinit.c.obj                 84      0         0      
       fflush.c.obj                   82      0         0      
       exit.c.obj                     56      0         8      
       boot_cortex_m.c.obj            40      0         0      
       copy_zero_init.c.obj           22      0         0      
       copy_decompress_none.c.obj     18      0         0      
       memcpy16.S.obj                 18      0         0      
       memset16.S.obj                 14      0         0      
       _lock.c.obj                    2       0         8      
       pre_init.c.obj                 4       0         0      
    +--+------------------------------+-------+---------+---------+
       Total:                         2366    0         425    
                                                               
    C:\ti\ccs\tools\compiler\ti-cgt-armllvm_4.0.1.LTS\lib\armv6m-ti-none-eabi/c/libsysbm.a
       trgmsg.c.obj                   104     0         288    
       add_device.c.obj               236     0         1      
       host_device.c.obj              0       0         200    
       open.c.obj                     160     0         1      
       hostrename.c.obj               136     0         0      
       hostlseek.c.obj                108     0         0      
       hostopen.c.obj                 96      0         8      
       hostread.c.obj                 88      0         0      
       hostwrite.c.obj                88      0         0      
       close.c.obj                    80      0         0      
       hostclose.c.obj                72      0         0      
       hostunlink.c.obj               72      0         0      
       unlink.c.obj                   44      0         0      
       write.c.obj                    40      0         0      
       remove.c.obj                   8       0         0      
    +--+------------------------------+-------+---------+---------+
       Total:                         1332    0         498    
                                                               
    C:\ti\ccs\tools\compiler\ti-cgt-armllvm_4.0.1.LTS\lib\armv6m-ti-none-eabi/libclang_rt.builtins.a
       aeabi_idivmod.S.obj            86      0         0      
       aeabi_uidivmod.S.obj           64      0         0      
       aeabi_memset.S.obj             12      0         0      
       aeabi_memcpy.S.obj             8       0         0      
       aeabi_div0.c.obj               2       0         0      
    +--+------------------------------+-------+---------+---------+
       Total:                         172     0         0      
                                                               
       Heap:                          0       0         512    
       Stack:                         0       0         512    
       Linker Generated:              0       249       0      
    +--+------------------------------+-------+---------+---------+
       Grand Total:                   17898   50555     2258   


LINKER GENERATED COPY TABLES

__TI_cinit_table @ 00010b64 records: 2, size/record: 8, table size: 16
	.data: load addr=00010a78, load size=000000d5 bytes, run addr=20200000, run size=000002f5 bytes, compression=lzss
	.bss: load addr=00010b5c, load size=00000008 bytes, run addr=202004f8, run size=000001e3 bytes, compression=zero_init


LINKER GENERATED HANDLER TABLE

__TI_handler_table @ 00010b50 records: 3, size/record: 4, table size: 12
	index: 0, handler: __TI_decompress_lzss
	index: 1, handler: __TI_decompress_none
	index: 2, handler: __TI_zero_init


GLOBAL SYMBOLS: SORTED ALPHABETICALLY BY Name 

address   name                                
-------   ----                                
000107b1  ADC0_IRQHandler                     
000107b1  ADC1_IRQHandler                     
000107b1  AES_IRQHandler                      
202002c4  BusFreq                             
00010a68  C$$EXIT                             
0001040d  C$$IO$$                             
000107b1  CANFD0_IRQHandler                   
000107b1  DAC0_IRQHandler                     
000107b1  DMA_IRQHandler                      
000107b1  Default_Handler                     
20200240  FIFO2                               
000107b1  GROUP0_IRQHandler                   
000107b1  GROUP1_IRQHandler                   
0000ff45  HOSTclose                           
0000f945  HOSTlseek                           
0000fb51  HOSTopen                            
0000fbb1  HOSTread                            
0000f9b1  HOSTrename                          
0000ff8d  HOSTunlink                          
0000fc09  HOSTwrite                           
000107cd  HardFault_Handler                   
000107b1  I2C0_IRQHandler                     
000107b1  I2C1_IRQHandler                     
202006c8  LostData                            
000107b1  NMI_Handler                         
000107b1  PendSV_Handler                      
000107b1  RTC_IRQHandler                      
00010a65  Reset_Handler                       
00010a70  SHT$$INIT_ARRAY$$Base               
00010a78  SHT$$INIT_ARRAY$$Limit              
000107b1  SPI0_IRQHandler                     
000107b1  SPI1_IRQHandler                     
000107b1  SVC_Handler                         
2020026c  Sensor                              
202002dc  StTextColor                         
202002c8  StX                                 
202002cc  StY                                 
0000efbb  SysTick_Handler                     
202006cc  TExaSLogic                          
202006d0  TExaSadc                            
000107b1  TIMA0_IRQHandler                    
000107b1  TIMA1_IRQHandler                    
000107b1  TIMG0_IRQHandler                    
000101f5  TIMG12_IRQHandler                   
000107b1  TIMG6_IRQHandler                    
000100f5  TIMG7_IRQHandler                    
000107b1  TIMG8_IRQHandler                    
000108d9  TI_memcpy_small                     
000109bf  TI_memset_small                     
000107b1  UART0_IRQHandler                    
000107b1  UART1_IRQHandler                    
0000f7ed  UART2_IRQHandler                    
000107b1  UART3_IRQHandler                    
202004f8  _CIOBUF_                            
000109cd  _Z10Clock_Freqv                     
00010569  _Z10IRxmt_Initv                     
00010231  _Z10Sound_Initv                     
0000fc61  _Z10TExaS_InitP10ADC12_RegsjPFhvE   
0000eb65  _Z10UART2_Initv                     
000108fd  _Z11Clock_Delayj                    
0001026d  _Z11SPI_OutDatac                    
00010871  _Z11ST7735_openPKcji                
00010887  _Z11ST7735_readiPcj                 
00010859  _Z11Switch_Initv                    
0000f195  _Z12ST7735_InitR10initRFlags        
00010a2d  _Z12ST7735_closei                   
0001096b  _Z12ST7735_lseekili                 
000102dd  _Z12ST7735_writeiPKcj               
000107e9  _Z12UART2_InCharv                   
0000ffd5  _Z13IRxmt_OutCharc                  
0000f861  _Z13IRxmt_SendBiti                  
000109d9  _Z13ST7735_renamePKcS0_             
00010a37  _Z13ST7735_unlinkPKc                
00010311  _Z14Clock_Delay1msj                 
0000f5fd  _Z14LaunchPad_Initv                 
0001001d  _Z14SPI_OutCommandc                 
0000ec41  _Z14ST7735_OutCharc                 
0000ee71  _Z14TimerG7_IntArmtjj               
000102a5  _Z15ActivatePortA_Bv                
0000d58d  _Z15Clock_Init80MHzi                
0000e2a9  _Z15ST7735_FillRectsssst            
0000f2c5  _Z15TimerG12_IntArmjj               
0000daa1  _Z16ST7735_DrawCharSsscssh          
0000f8d5  _Z16ST7735_DrawPixelsst             
00010345  _Z16ST7735_SetCursorjj              
0000d37d  _Z17ST7735_DrawBitmapssPKtss        
0000f4f9  _Z17ST7735_DrawStringttPcs          
00010511  _Z17ST7735_FillScreent              
0000f05d  _Z17ST7735_InitPrintfv              
0000e6d5  _Z18ST7735_SetRotationh             
0000ed11  _Z20ST7735_DrawFastHLinessst        
0000edc1  _Z20ST7735_DrawFastVLinessst        
0001090d  _Z28TExaS_LaunchPadLogicPB27PB26v   
000109e5  _Z5Delayj                           
0000e181  _Z8ADC_InitP10ADC12_Regsjj          
00010a41  _Z8PLL_Initv                        
0000e5dd  _Z8SPI_Initv                        
00010591  _Z9ADC_StartP10ADC12_Regs           
00010135  _Z9SPI_Resetv                       
00010805  _Z9Switch_Inv                       
0000e8b5  _Z9UART_Initv                       
00010065  _ZN5Queue3GetEPc                    
000100ad  _ZN5Queue3PutEc                     
00010751  _ZN5Queue6IsFullEv                  
000108b3  _ZN5Queue7IsEmptyEv                 
0001091d  _ZN5QueueC1Ev                       
0001091d  _ZN5QueueC2Ev                       
000108c7  _ZN6Player13setPossessionEh         
0000f22d  _ZN6Player14checkProximityE7Machine 
0000fa89  _ZN6Player15getMachineInputE7Machine
0000f57d  _ZN6Player16resetCoordinatesEv      
0000e4d5  _ZN6Player6moveUpEv                 
000109f1  _ZN6Player7getSizeEv                
00010979  _ZN6Player7getXPosEv                
00010987  _ZN6Player7getYPosEv                
0000e055  _ZN6Player8moveDownEv               
0000fead  _ZN6Player8moveLeftEv               
0000fef9  _ZN6Player9moveRightEv              
00010821  _ZN6PlayerC1Ev                      
00010821  _ZN6PlayerC2Ev                      
0000f0f9  _ZN7Machine10printAnvilEh           
0000cd09  _ZN7Machine10updateCartEh           
0000d0d9  _ZN7Machine10updateRockEh           
0000c8f1  _ZN7Machine11updateAnvilEh          
0000dda5  _ZN7Machine13cartSendErrorEhh       
0000d8f5  _ZN7Machine13computeRecipeEPaa      
0000dc41  _ZN7Machine15updateAnvilMenuEPaa    
0000d741  _ZN7Machine9printCartEh             
0000f679  _ZN7Machine9printRockEh             
0000fdb9  _ZN7MachineC1Ehhhhhh                
0000fdb9  _ZN7MachineC2Ehhhhhh                
0000fd11  _ZN8SlidePot2InEv                   
0000f359  _ZN8SlidePot4InitEv                 
00010655  _ZN8SlidePot4SaveEj                 
00010773  _ZN8SlidePot4SyncEv                 
000109fd  _ZN8SlidePot9DistanceXEv            
00010a09  _ZN8SlidePot9DistanceYEv            
00010995  _ZN8SlidePotC1Ev                    
00010995  _ZN8SlidePotC2Ev                    
202004f8  __CIOBUF_                           
20208000  __STACK_END                         
00000200  __STACK_SIZE                        
00000200  __SYSMEM_SIZE                       
00000000  __TI_ATRegion0_region_sz            
00000000  __TI_ATRegion0_src_addr             
00000000  __TI_ATRegion0_trg_addr             
00000000  __TI_ATRegion1_region_sz            
00000000  __TI_ATRegion1_src_addr             
00000000  __TI_ATRegion1_trg_addr             
00000000  __TI_ATRegion2_region_sz            
00000000  __TI_ATRegion2_src_addr             
00000000  __TI_ATRegion2_trg_addr             
00010b64  __TI_CINIT_Base                     
00010b74  __TI_CINIT_Limit                    
00010b74  __TI_CINIT_Warm                     
00010b50  __TI_Handler_Table_Base             
00010b5c  __TI_Handler_Table_Limit            
0000fd65  __TI_auto_init_nobinit              
00010379  __TI_cleanup                        
202002b4  __TI_cleanup_ptr                    
0000f6f5  __TI_closefile                      
0000f771  __TI_decompress_lzss                
000108eb  __TI_decompress_none                
0000fe0b  __TI_doflush                        
202002b8  __TI_dtors_ptr                      
202002d0  __TI_ft_end                         
ffffffff  __TI_pprof_out_hndl                 
ffffffff  __TI_prof_data_size                 
ffffffff  __TI_prof_data_start                
000103ad  __TI_readmsg                        
00000000  __TI_static_base__                  
20200618  __TI_tmpnams                        
000103e1  __TI_writemsg                       
0001089d  __TI_zero_init_nomemset             
0000fcb9  __aeabi_idiv                        
0000f2c3  __aeabi_idiv0                       
0000fcb9  __aeabi_idivmod                     
00010a15  __aeabi_memclr                      
00010a15  __aeabi_memclr4                     
00010a15  __aeabi_memclr8                     
00010a55  __aeabi_memcpy                      
00010a55  __aeabi_memcpy4                     
00010a55  __aeabi_memcpy8                     
00010175  __aeabi_uidiv                       
00010175  __aeabi_uidivmod                    
ffffffff  __binit__                           
UNDEFED   __mpu_init                          
20207e00  __stack                             
20200000  __start___llvm_prf_bits             
20200000  __start___llvm_prf_cnts             
20200000  __stop___llvm_prf_bits              
20200000  __stop___llvm_prf_cnts              
00010609  _c_int00_noargs                     
20200178  _device                             
20200000  _ftable                             
202002d4  _lock                               
0000fd0f  _nop                                
202001f0  _stream                             
202002f8  _sys_memory                         
UNDEFED   _system_post_cinit                  
0000f46d  _system_pre_init                    
202002d8  _unlock                             
00010a69  abort                               
0000e7c9  add_device                          
0000e3c1  aligned_alloc                       
ffffffff  binit                               
202006d9  buttons                             
0000fe5d  close                               
00010415  exit                                
00010449  finddevice                          
000104e1  fopen                               
0000e99d  free                                
0001047d  freopen                             
0000fa1d  getdevice                           
202002e9  input                               
00000000  interruptVectors                    
20200278  m_anvil                             
20200282  m_cart                              
2020028c  m_portal                            
20200296  m_refiner                           
202002a0  m_rock                              
202002aa  m_smelter                           
0000c481  main                                
00010a21  malloc                              
0000e3c1  memalign                            
202006da  menuOpen                            
0000efbd  open                                
202002bc  p1                                  
202006b8  parmbuf                             
202002ea  progH                               
202002eb  progW                               
00010a5d  remove                              
0000ea85  setvbuf                             
202000f0  sprites                             
0000f471  strcmp                              
0001053d  unlink                              
000105e1  write                               


GLOBAL SYMBOLS: SORTED BY Symbol Address 

address   name                                
-------   ----                                
00000000  __TI_ATRegion0_region_sz            
00000000  __TI_ATRegion0_src_addr             
00000000  __TI_ATRegion0_trg_addr             
00000000  __TI_ATRegion1_region_sz            
00000000  __TI_ATRegion1_src_addr             
00000000  __TI_ATRegion1_trg_addr             
00000000  __TI_ATRegion2_region_sz            
00000000  __TI_ATRegion2_src_addr             
00000000  __TI_ATRegion2_trg_addr             
00000000  __TI_static_base__                  
00000000  interruptVectors                    
00000200  __STACK_SIZE                        
00000200  __SYSMEM_SIZE                       
0000c481  main                                
0000c8f1  _ZN7Machine11updateAnvilEh          
0000cd09  _ZN7Machine10updateCartEh           
0000d0d9  _ZN7Machine10updateRockEh           
0000d37d  _Z17ST7735_DrawBitmapssPKtss        
0000d58d  _Z15Clock_Init80MHzi                
0000d741  _ZN7Machine9printCartEh             
0000d8f5  _ZN7Machine13computeRecipeEPaa      
0000daa1  _Z16ST7735_DrawCharSsscssh          
0000dc41  _ZN7Machine15updateAnvilMenuEPaa    
0000dda5  _ZN7Machine13cartSendErrorEhh       
0000e055  _ZN6Player8moveDownEv               
0000e181  _Z8ADC_InitP10ADC12_Regsjj          
0000e2a9  _Z15ST7735_FillRectsssst            
0000e3c1  aligned_alloc                       
0000e3c1  memalign                            
0000e4d5  _ZN6Player6moveUpEv                 
0000e5dd  _Z8SPI_Initv                        
0000e6d5  _Z18ST7735_SetRotationh             
0000e7c9  add_device                          
0000e8b5  _Z9UART_Initv                       
0000e99d  free                                
0000ea85  setvbuf                             
0000eb65  _Z10UART2_Initv                     
0000ec41  _Z14ST7735_OutCharc                 
0000ed11  _Z20ST7735_DrawFastHLinessst        
0000edc1  _Z20ST7735_DrawFastVLinessst        
0000ee71  _Z14TimerG7_IntArmtjj               
0000efbb  SysTick_Handler                     
0000efbd  open                                
0000f05d  _Z17ST7735_InitPrintfv              
0000f0f9  _ZN7Machine10printAnvilEh           
0000f195  _Z12ST7735_InitR10initRFlags        
0000f22d  _ZN6Player14checkProximityE7Machine 
0000f2c3  __aeabi_idiv0                       
0000f2c5  _Z15TimerG12_IntArmjj               
0000f359  _ZN8SlidePot4InitEv                 
0000f46d  _system_pre_init                    
0000f471  strcmp                              
0000f4f9  _Z17ST7735_DrawStringttPcs          
0000f57d  _ZN6Player16resetCoordinatesEv      
0000f5fd  _Z14LaunchPad_Initv                 
0000f679  _ZN7Machine9printRockEh             
0000f6f5  __TI_closefile                      
0000f771  __TI_decompress_lzss                
0000f7ed  UART2_IRQHandler                    
0000f861  _Z13IRxmt_SendBiti                  
0000f8d5  _Z16ST7735_DrawPixelsst             
0000f945  HOSTlseek                           
0000f9b1  HOSTrename                          
0000fa1d  getdevice                           
0000fa89  _ZN6Player15getMachineInputE7Machine
0000fb51  HOSTopen                            
0000fbb1  HOSTread                            
0000fc09  HOSTwrite                           
0000fc61  _Z10TExaS_InitP10ADC12_RegsjPFhvE   
0000fcb9  __aeabi_idiv                        
0000fcb9  __aeabi_idivmod                     
0000fd0f  _nop                                
0000fd11  _ZN8SlidePot2InEv                   
0000fd65  __TI_auto_init_nobinit              
0000fdb9  _ZN7MachineC1Ehhhhhh                
0000fdb9  _ZN7MachineC2Ehhhhhh                
0000fe0b  __TI_doflush                        
0000fe5d  close                               
0000fead  _ZN6Player8moveLeftEv               
0000fef9  _ZN6Player9moveRightEv              
0000ff45  HOSTclose                           
0000ff8d  HOSTunlink                          
0000ffd5  _Z13IRxmt_OutCharc                  
0001001d  _Z14SPI_OutCommandc                 
00010065  _ZN5Queue3GetEPc                    
000100ad  _ZN5Queue3PutEc                     
000100f5  TIMG7_IRQHandler                    
00010135  _Z9SPI_Resetv                       
00010175  __aeabi_uidiv                       
00010175  __aeabi_uidivmod                    
000101f5  TIMG12_IRQHandler                   
00010231  _Z10Sound_Initv                     
0001026d  _Z11SPI_OutDatac                    
000102a5  _Z15ActivatePortA_Bv                
000102dd  _Z12ST7735_writeiPKcj               
00010311  _Z14Clock_Delay1msj                 
00010345  _Z16ST7735_SetCursorjj              
00010379  __TI_cleanup                        
000103ad  __TI_readmsg                        
000103e1  __TI_writemsg                       
0001040d  C$$IO$$                             
00010415  exit                                
00010449  finddevice                          
0001047d  freopen                             
000104e1  fopen                               
00010511  _Z17ST7735_FillScreent              
0001053d  unlink                              
00010569  _Z10IRxmt_Initv                     
00010591  _Z9ADC_StartP10ADC12_Regs           
000105e1  write                               
00010609  _c_int00_noargs                     
00010655  _ZN8SlidePot4SaveEj                 
00010751  _ZN5Queue6IsFullEv                  
00010773  _ZN8SlidePot4SyncEv                 
000107b1  ADC0_IRQHandler                     
000107b1  ADC1_IRQHandler                     
000107b1  AES_IRQHandler                      
000107b1  CANFD0_IRQHandler                   
000107b1  DAC0_IRQHandler                     
000107b1  DMA_IRQHandler                      
000107b1  Default_Handler                     
000107b1  GROUP0_IRQHandler                   
000107b1  GROUP1_IRQHandler                   
000107b1  I2C0_IRQHandler                     
000107b1  I2C1_IRQHandler                     
000107b1  NMI_Handler                         
000107b1  PendSV_Handler                      
000107b1  RTC_IRQHandler                      
000107b1  SPI0_IRQHandler                     
000107b1  SPI1_IRQHandler                     
000107b1  SVC_Handler                         
000107b1  TIMA0_IRQHandler                    
000107b1  TIMA1_IRQHandler                    
000107b1  TIMG0_IRQHandler                    
000107b1  TIMG6_IRQHandler                    
000107b1  TIMG8_IRQHandler                    
000107b1  UART0_IRQHandler                    
000107b1  UART1_IRQHandler                    
000107b1  UART3_IRQHandler                    
000107cd  HardFault_Handler                   
000107e9  _Z12UART2_InCharv                   
00010805  _Z9Switch_Inv                       
00010821  _ZN6PlayerC1Ev                      
00010821  _ZN6PlayerC2Ev                      
00010859  _Z11Switch_Initv                    
00010871  _Z11ST7735_openPKcji                
00010887  _Z11ST7735_readiPcj                 
0001089d  __TI_zero_init_nomemset             
000108b3  _ZN5Queue7IsEmptyEv                 
000108c7  _ZN6Player13setPossessionEh         
000108d9  TI_memcpy_small                     
000108eb  __TI_decompress_none                
000108fd  _Z11Clock_Delayj                    
0001090d  _Z28TExaS_LaunchPadLogicPB27PB26v   
0001091d  _ZN5QueueC1Ev                       
0001091d  _ZN5QueueC2Ev                       
0001096b  _Z12ST7735_lseekili                 
00010979  _ZN6Player7getXPosEv                
00010987  _ZN6Player7getYPosEv                
00010995  _ZN8SlidePotC1Ev                    
00010995  _ZN8SlidePotC2Ev                    
000109bf  TI_memset_small                     
000109cd  _Z10Clock_Freqv                     
000109d9  _Z13ST7735_renamePKcS0_             
000109e5  _Z5Delayj                           
000109f1  _ZN6Player7getSizeEv                
000109fd  _ZN8SlidePot9DistanceXEv            
00010a09  _ZN8SlidePot9DistanceYEv            
00010a15  __aeabi_memclr                      
00010a15  __aeabi_memclr4                     
00010a15  __aeabi_memclr8                     
00010a21  malloc                              
00010a2d  _Z12ST7735_closei                   
00010a37  _Z13ST7735_unlinkPKc                
00010a41  _Z8PLL_Initv                        
00010a55  __aeabi_memcpy                      
00010a55  __aeabi_memcpy4                     
00010a55  __aeabi_memcpy8                     
00010a5d  remove                              
00010a65  Reset_Handler                       
00010a68  C$$EXIT                             
00010a69  abort                               
00010a70  SHT$$INIT_ARRAY$$Base               
00010a78  SHT$$INIT_ARRAY$$Limit              
00010b50  __TI_Handler_Table_Base             
00010b5c  __TI_Handler_Table_Limit            
00010b64  __TI_CINIT_Base                     
00010b74  __TI_CINIT_Limit                    
00010b74  __TI_CINIT_Warm                     
20200000  __start___llvm_prf_bits             
20200000  __start___llvm_prf_cnts             
20200000  __stop___llvm_prf_bits              
20200000  __stop___llvm_prf_cnts              
20200000  _ftable                             
202000f0  sprites                             
20200178  _device                             
202001f0  _stream                             
20200240  FIFO2                               
2020026c  Sensor                              
20200278  m_anvil                             
20200282  m_cart                              
2020028c  m_portal                            
20200296  m_refiner                           
202002a0  m_rock                              
202002aa  m_smelter                           
202002b4  __TI_cleanup_ptr                    
202002b8  __TI_dtors_ptr                      
202002bc  p1                                  
202002c4  BusFreq                             
202002c8  StX                                 
202002cc  StY                                 
202002d0  __TI_ft_end                         
202002d4  _lock                               
202002d8  _unlock                             
202002dc  StTextColor                         
202002e9  input                               
202002ea  progH                               
202002eb  progW                               
202002f8  _sys_memory                         
202004f8  _CIOBUF_                            
202004f8  __CIOBUF_                           
20200618  __TI_tmpnams                        
202006b8  parmbuf                             
202006c8  LostData                            
202006cc  TExaSLogic                          
202006d0  TExaSadc                            
202006d9  buttons                             
202006da  menuOpen                            
20207e00  __stack                             
20208000  __STACK_END                         
ffffffff  __TI_pprof_out_hndl                 
ffffffff  __TI_prof_data_size                 
ffffffff  __TI_prof_data_start                
ffffffff  __binit__                           
ffffffff  binit                               
UNDEFED   __mpu_init                          
UNDEFED   _system_post_cinit                  

[237 symbols]
