******************************************************************************
            TI ARM Clang Linker PC v4.0.1                      
******************************************************************************
>> Linked Thu Apr 17 22:46:21 2025

OUTPUT FILE NAME:   <MadMines.out>
ENTRY POINT SYMBOL: "_c_int00_noargs"  address: 00016749


MEMORY CONFIGURATION

         name            origin    length      used     unused   attr    fill
----------------------  --------  ---------  --------  --------  ----  --------
  FLASH                 00000000   00020000  00016d20  000092e0  R  X
  SRAM                  20200000   00008000  000009e2  0000761e  RW X
  BCR_CONFIG            41c00000   00000080  00000000  00000080  R   
  BSL_CONFIG            41c00100   00000080  00000000  00000080  R   


SEGMENT ALLOCATION MAP

run origin  load origin   length   init length attrs members
----------  ----------- ---------- ----------- ----- -------
00000000    00000000    00016d20   00016d20    r-x
  00000000    00000000    000000c0   000000c0    r-- .intvecs
  000000c0    000000c0    00011690   00011690    r-- .rodata
  00011750    00011750    000054b0   000054b0    r-x .text
  00016c00    00016c00    00000008   00000008    r-- .init_array
  00016c08    00016c08    00000118   00000118    r-- .cinit
20200000    20200000    000007e5   00000000    rw-
  20200000    20200000    00000405   00000000    rw- .data
  20200408    20200408    00000200   00000000    rw- .sysmem
  20200608    20200608    000001dd   00000000    rw- .bss
20207e00    20207e00    00000200   00000000    rw-
  20207e00    20207e00    00000200   00000000    rw- .stack


SECTION ALLOCATION MAP

 output                                  attributes/
section   page    origin      length       input sections
--------  ----  ----------  ----------   ----------------
.intvecs   0    00000000    000000c0     
                  00000000    000000c0     startup_mspm0g3507_ticlang.o (.intvecs)

.binit     0    00000000    00000000     

.text      0    00011750    000054b0     
                  00011750    000007d4     Lab9HMain.o (.text.main)
                  00011f24    000003e4     Machine.o (.text._ZN7Machine10updateCartEh)
                  00012308    00000358     Machine.o (.text._ZN7Machine14updateCountersEhPS_)
                  00012660    00000340     Machine.o (.text._ZN7Machine13updateRefinerEh)
                  000129a0    000002e4     Machine.o (.text._ZN7Machine10updateRockEh)
                  00012c84    000002b0     Machine.o (.text._ZN7Machine13printCountersEPS_)
                  00012f34    00000240     Machine.o (.text._ZN7Machine16updateTurnInAreaEh)
                  00013174    00000210     ST7735.o (.text._Z17ST7735_DrawBitmapssPKtss)
                  00013384    000001d8     Machine.o (.text._ZN7Machine9printCartEv)
                  0001355c    000001b4     Clock.o (.text._Z15Clock_Init80MHzi)
                  00013710    000001a4     ST7735.o (.text._Z15ST7735_DrawCharsscssh)
                  000138b4    000001a0     ST7735.o (.text._Z16ST7735_DrawCharSsscssh)
                  00013a54    0000015c     Machine.o (.text._ZN7Machine13cartSendErrorEhh)
                  00013bb0    00000154     libc.a : fopen.c.obj (.text._openfile)
                  00013d04    00000130     Machine.o (.text._ZN7Machine15printTurnInAreaEv)
                  00013e34    0000012c     Player.o (.text._ZN6Player8moveDownEv)
                  00013f60    00000128     TExaS.o (.text._Z8ADC_InitP10ADC12_Regsjj)
                  00014088    00000118     ST7735.o (.text._Z15ST7735_FillRectsssst)
                  000141a0    00000114     libc.a : memory.c.obj (.text.aligned_alloc)
                  000142b4    00000108     Player.o (.text._ZN6Player6moveUpEv)
                  000143bc    000000f8     SPI.o (.text._Z8SPI_Initv)
                  000144b4    000000f4     ST7735.o (.text._Z18ST7735_SetRotationh)
                  000145a8    000000ec     libsysbm.a : add_device.c.obj (.text.add_device)
                  00014694    000000e8     TExaS.o (.text._Z9UART_Initv)
                  0001477c    000000e8     libc.a : memory.c.obj (.text.free)
                  00014864    000000e0            : setvbuf.c.obj (.text.setvbuf)
                  00014944    000000dc     UART2.o (.text._Z10UART2_Initv)
                  00014a20    000000d0     ST7735.o (.text._Z14ST7735_OutCharc)
                  00014af0    000000b0     ST7735.o (.text._Z20ST7735_DrawFastHLinessst)
                  00014ba0    000000b0     ST7735.o (.text._Z20ST7735_DrawFastVLinessst)
                  00014c50    000000ac     Machine.o (.text._ZN7Machine9printRockEv)
                  00014cfc    000000a8     Timer.o (.text._Z14TimerG7_IntArmtjj)
                  00014da4    000000a2     ST7735.o (.text._ZL11commandListPKh)
                  00014e46    00000002     Sound.o (.text.SysTick_Handler)
                  00014e48    000000a0     libsysbm.a : open.c.obj (.text.open)
                  00014ee8    0000009c     ST7735.o (.text._Z17ST7735_InitPrintfv)
                  00014f84    0000009c     Player.o (.text._ZN6Player14checkProximityE7Machine)
                  00015020    00000098     ST7735.o (.text._Z12ST7735_InitR10initRFlags)
                  000150b8    00000094     Timer.o (.text._Z15TimerG12_IntArmjj)
                  0001514c    0000008c     SlidePot.o (.text._ZN8SlidePot4InitEv)
                  000151d8    00000088     ST7735.o (.text._ZL13setAddrWindowhhhh)
                  00015260    00000088     libc.a : strcmp-armv6m.S.obj (.text:strcmp)
                  000152e8    00000084     ST7735.o (.text._Z17ST7735_DrawStringttPcs)
                  0001536c    00000082     Machine.o (.text._ZN7MachineC2Ehhhhhhhhh)
                  000153ee    00000080     Player.o (.text._ZN6Player16resetCoordinatesEv)
                  0001546e    00000002     libclang_rt.builtins.a : aeabi_div0.c.obj (.text.__aeabi_idiv0)
                  00015470    0000007c     LaunchPad.o (.text._Z14LaunchPad_Initv)
                  000154ec    0000007c     libc.a : fclose.c.obj (.text.__TI_closefile)
                  00015568    0000007c            : copy_decompress_lzss.c.obj (.text:decompress:lzss)
                  000155e4    00000078     Player.o (.text._ZN6Player15getMachineInputE7Machine)
                  0001565c    00000078     Machine.o (.text._ZN7Machine12printRefinerEv)
                  000156d4    00000074     UART2.o (.text.UART2_IRQHandler)
                  00015748    00000074     IRxmt.o (.text._Z13IRxmt_SendBiti)
                  000157bc    00000070     ST7735.o (.text._Z16ST7735_DrawPixelsst)
                  0001582c    0000006c     libsysbm.a : hostlseek.c.obj (.text.HOSTlseek)
                  00015898    0000006c                : hostrename.c.obj (.text.HOSTrename)
                  00015904    0000006c     libc.a : getdevice.c.obj (.text.getdevice)
                  00015970    00000064            : memory.c.obj (.text.split)
                  000159d4    00000062     Machine.o (.text._ZN7MachineC2Ehhhhhh)
                  00015a36    00000002     libc.a : _lock.c.obj (.text._nop)
                  00015a38    00000060     libsysbm.a : hostopen.c.obj (.text.HOSTopen)
                  00015a98    00000058                : hostread.c.obj (.text.HOSTread)
                  00015af0    00000058                : hostwrite.c.obj (.text.HOSTwrite)
                  00015b48    00000058     TExaS.o (.text._Z10TExaS_InitP10ADC12_RegsjPFhvE)
                  00015ba0    00000056     libclang_rt.builtins.a : aeabi_idivmod.S.obj (.text.__aeabi_idivmod)
                  00015bf6    00000002     --HOLE-- [fill = 0]
                  00015bf8    00000054     Player.o (.text._ZN6Player14printPosessionEh)
                  00015c4c    00000054     SlidePot.o (.text._ZN8SlidePot2InEv)
                  00015ca0    00000054     libc.a : autoinit.c.obj (.text:__TI_auto_init_nobinit)
                  00015cf4    00000052            : fflush.c.obj (.text.__TI_doflush)
                  00015d46    00000050     Lab9HMain.o (.text._GLOBAL__sub_I_Lab9HMain.cpp)
                  00015d96    00000002     --HOLE-- [fill = 0]
                  00015d98    00000050     Lab9HMain.o (.text.__cxx_global_var_init.10)
                  00015de8    00000050     libsysbm.a : close.c.obj (.text.close)
                  00015e38    0000004c     Player.o (.text._ZN6Player8moveLeftEv)
                  00015e84    0000004c     Player.o (.text._ZN6Player9moveRightEv)
                  00015ed0    00000048     libsysbm.a : hostclose.c.obj (.text.HOSTclose)
                  00015f18    00000048                : hostunlink.c.obj (.text.HOSTunlink)
                  00015f60    00000048     IRxmt.o (.text._Z13IRxmt_OutCharc)
                  00015fa8    00000048     SPI.o (.text._Z14SPI_OutCommandc)
                  00015ff0    00000048     FIFO2.o (.text._ZN5Queue3GetEPc)
                  00016038    00000048     FIFO2.o (.text._ZN5Queue3PutEc)
                  00016080    00000040     TExaS.o (.text.TIMG7_IRQHandler)
                  000160c0    00000040     SPI.o (.text._Z9SPI_Resetv)
                  00016100    00000040     libclang_rt.builtins.a : aeabi_uidivmod.S.obj (.text.__aeabi_uidivmod)
                  00016140    00000040     Lab9HMain.o (.text.__cxx_global_var_init.18)
                  00016180    00000040     libc.a : fopen.c.obj (.text._search_fp)
                  000161c0    0000003c     Lab9HMain.o (.text.TIMG12_IRQHandler)
                  000161fc    0000003c     Sound.o (.text._Z10Sound_Initv)
                  00016238    00000038     SPI.o (.text._Z11SPI_OutDatac)
                  00016270    00000038     LaunchPad.o (.text._Z15ActivatePortA_Bv)
                  000162a8    00000034     ST7735.o (.text._Z12ST7735_writeiPKcj)
                  000162dc    00000034     Clock.o (.text._Z14Clock_Delay1msj)
                  00016310    00000034     ST7735.o (.text._Z16ST7735_SetCursorjj)
                  00016344    00000034     libc.a : fopen.c.obj (.text.__TI_cleanup)
                  00016378    00000034     libsysbm.a : trgmsg.c.obj (.text.__TI_readmsg)
                  000163ac    00000034                : trgmsg.c.obj (.text.__TI_writemsg)
                  000163e0    00000034     libc.a : exit.c.obj (.text.exit)
                  00016414    00000034            : getdevice.c.obj (.text.finddevice)
                  00016448    00000034            : fopen.c.obj (.text.freopen)
                  0001647c    00000030     ST7735.o (.text._ZL10commonInitPKh)
                  000164ac    00000030     Lab9HMain.o (.text.__cxx_global_var_init.15)
                  000164dc    00000030     Lab9HMain.o (.text.__cxx_global_var_init.16)
                  0001650c    00000030     Lab9HMain.o (.text.__cxx_global_var_init.17)
                  0001653c    00000030     Lab9HMain.o (.text.__cxx_global_var_init.7)
                  0001656c    00000030     Lab9HMain.o (.text.__cxx_global_var_init.8)
                  0001659c    00000030     Lab9HMain.o (.text.__cxx_global_var_init.9)
                  000165cc    00000030     libc.a : fopen.c.obj (.text.fopen)
                  000165fc    0000002c     ST7735.o (.text._Z17ST7735_FillScreent)
                  00016628    0000002c     Lab9HMain.o (.text.__cxx_global_var_init.6)
                  00016654    0000002c     libsysbm.a : unlink.c.obj (.text.unlink)
                  00016680    00000028     IRxmt.o (.text._Z10IRxmt_Initv)
                  000166a8    00000028     TExaS.o (.text._Z9ADC_StartP10ADC12_Regs)
                  000166d0    00000028     Lab9HMain.o (.text.__cxx_global_var_init.4)
                  000166f8    00000028     libc.a : memory.c.obj (.text.free_list_insert)
                  00016720    00000028     libsysbm.a : write.c.obj (.text.write)
                  00016748    00000028     libc.a : boot_cortex_m.c.obj (.text:_c_int00_noargs)
                  00016770    00000024     SlidePot.o (.text._ZN8SlidePot4SaveEj)
                  00016794    00000024     Lab9HMain.o (.text.__cxx_global_var_init.11)
                  000167b8    00000024     Lab9HMain.o (.text.__cxx_global_var_init.12)
                  000167dc    00000024     Lab9HMain.o (.text.__cxx_global_var_init.13)
                  00016800    00000024     Lab9HMain.o (.text.__cxx_global_var_init.14)
                  00016824    00000024     Lab9HMain.o (.text.__cxx_global_var_init.2)
                  00016848    00000024     Lab9HMain.o (.text.__cxx_global_var_init.3)
                  0001686c    00000024     Lab9HMain.o (.text.__cxx_global_var_init.5)
                  00016890    00000022     FIFO2.o (.text._ZN5Queue6IsFullEv)
                  000168b2    00000020     SlidePot.o (.text._ZN8SlidePot4SyncEv)
                  000168d2    0000001e     ST7735.o (.text._ZL9pushColort)
                  000168f0    0000001c     startup_mspm0g3507_ticlang.o (.text.Default_Handler)
                  0001690c    0000001c     startup_mspm0g3507_ticlang.o (.text.HardFault_Handler)
                  00016928    0000001c     UART2.o (.text._Z12UART2_InCharv)
                  00016944    0000001c     Switch.o (.text._Z9Switch_Inv)
                  00016960    0000001c     Player.o (.text._ZN6PlayerC2Ev)
                  0001697c    0000001c     libc.a : memory.c.obj (.text.free_list_remove)
                  00016998    00000018     Switch.o (.text._Z11Switch_Initv)
                  000169b0    00000016     ST7735.o (.text._Z11ST7735_openPKcji)
                  000169c6    00000016     ST7735.o (.text._Z11ST7735_readiPcj)
                  000169dc    00000016     libc.a : copy_zero_init.c.obj (.text:decompress:ZI:__TI_zero_init_nomemset)
                  000169f2    00000014     FIFO2.o (.text._ZN5Queue7IsEmptyEv)
                  00016a06    00000012     Player.o (.text._ZN6Player13setPossessionEh)
                  00016a18    00000012     Machine.o (.text._ZN7Machine11setRockTypeEh)
                  00016a2a    00000012     Machine.o (.text._ZN7Machine9setSpriteEh)
                  00016a3c    00000012     libc.a : memcpy16.S.obj (.text:TI_memcpy_small)
                  00016a4e    00000012            : copy_decompress_none.c.obj (.text:decompress:none)
                  00016a60    00000010     Clock.o (.text._Z11Clock_Delayj)
                  00016a70    00000010     UART2.o (.text._Z12UART2_Enablev)
                  00016a80    00000010     UART2.o (.text._Z13UART2_Disablev)
                  00016a90    00000010     Lab9HMain.o (.text._Z28TExaS_LaunchPadLogicPB27PB26v)
                  00016aa0    00000010     FIFO2.o (.text._ZN5QueueC2Ev)
                  00016ab0    00000010     Lab9HMain.o (.text.__cxx_global_var_init.1)
                  00016ac0    00000010     Lab9HMain.o (.text.__cxx_global_var_init)
                  00016ad0    00000010     UART2.o (.text.__cxx_global_var_init)
                  00016ae0    0000000e     libc.a : memory.c.obj (.text.OUTLINED_FUNCTION_0)
                  00016aee    0000000e     ST7735.o (.text._Z12ST7735_lseekili)
                  00016afc    0000000e     Player.o (.text._ZN6Player7getXPosEv)
                  00016b0a    0000000e     Player.o (.text._ZN6Player7getYPosEv)
                  00016b18    0000000e     SlidePot.o (.text._ZN8SlidePotC2Ev)
                  00016b26    0000000e     libsysbm.a : hostrename.c.obj (.text.strcpy)
                  00016b34    0000000e                : hostrename.c.obj (.text.strlen)
                  00016b42    0000000e     libc.a : memset16.S.obj (.text:TI_memset_small)
                  00016b50    0000000c     Clock.o (.text._Z10Clock_Freqv)
                  00016b5c    0000000c     ST7735.o (.text._Z13ST7735_renamePKcS0_)
                  00016b68    0000000c     IRxmt.o (.text._Z5Delayj)
                  00016b74    0000000c     Player.o (.text._ZN6Player7getSizeEv)
                  00016b80    0000000c     SlidePot.o (.text._ZN8SlidePot9DistanceXEv)
                  00016b8c    0000000c     SlidePot.o (.text._ZN8SlidePot9DistanceYEv)
                  00016b98    0000000c     libclang_rt.builtins.a : aeabi_memset.S.obj (.text.__aeabi_memclr)
                  00016ba4    0000000c     libc.a : memory.c.obj (.text.malloc)
                  00016bb0    0000000a     ST7735.o (.text._Z12ST7735_closei)
                  00016bba    0000000a     ST7735.o (.text._Z13ST7735_unlinkPKc)
                  00016bc4    0000000a     Lab9HMain.o (.text._Z8PLL_Initv)
                  00016bce    00000008     UART2.o (.text._GLOBAL__sub_I_UART2.cpp)
                  00016bd6    00000002     --HOLE-- [fill = 0]
                  00016bd8    00000008     libclang_rt.builtins.a : aeabi_memcpy.S.obj (.text.__aeabi_memcpy)
                  00016be0    00000008     libsysbm.a : remove.c.obj (.text.remove)
                  00016be8    00000004     startup_mspm0g3507_ticlang.o (.text.Reset_Handler)
                  00016bec    00000004     libc.a : pre_init.c.obj (.text._system_pre_init)
                  00016bf0    00000004            : exit.c.obj (.text:abort)
                  00016bf4    0000000c     --HOLE-- [fill = 0]

.cinit     0    00016c08    00000118     
                  00016c08    000000ed     (.cinit..data.load) [load image, compression = lzss]
                  00016cf5    00000003     --HOLE-- [fill = 0]
                  00016cf8    0000000c     (__TI_handler_table)
                  00016d04    00000008     (.cinit..bss.load) [load image, compression = zero_init]
                  00016d0c    00000010     (__TI_cinit_table)
                  00016d1c    00000004     --HOLE-- [fill = 0]

.rodata    0    000000c0    00011690     
                  000000c0    00002800     Lab9HMain.o (.rodata._ZL4todo)
                  000028c0    00002800     Machine.o (.rodata._ZL4todo)
                  000050c0    000010ae     Machine.o (.rodata._ZL14refinerWorking)
                  0000616e    000010ae     Machine.o (.rodata._ZL16refinerHighlight)
                  0000721c    000010ae     Machine.o (.rodata._ZL7refiner)
                  000082ca    00000f74     Machine.o (.rodata._ZL13cartHighlight)
                  0000923e    00000f74     Machine.o (.rodata._ZL4cart)
                  0000a1b2    00000bb0     Machine.o (.rodata._ZL11workingRock)
                  0000ad62    00000bb0     Machine.o (.rodata._ZL13highlightRock)
                  0000b912    00000bb0     Machine.o (.rodata._ZL18rockCrackHighlight)
                  0000c4c2    00000bb0     Machine.o (.rodata._ZL4rock)
                  0000d072    00000960     Machine.o (.rodata._ZL15PortalHighlight)
                  0000d9d2    00000960     Machine.o (.rodata._ZL6Portal)
                  0000e332    000006e0     Machine.o (.rodata._ZL6ladder)
                  0000ea12    00000548     Lab9HMain.o (.rodata._ZL5miner)
                  0000ef5a    00000540     Machine.o (.rodata._ZL7counter)
                  0000f49a    000004fb     ST7735.o (.rodata._ZL4Font)
                  0000f995    00000001     --HOLE-- [fill = 0]
                  0000f996    00000348     Machine.o (.rodata._ZL5watch)
                  0000fcde    00000320     Machine.o (.rodata._ZL5trash)
                  0000fffe    000002d2     Machine.o (.rodata._ZL5sword)
                  000102d0    000002ac     Machine.o (.rodata._ZL3key)
                  0001057c    000002a0     Machine.o (.rodata._ZL6shield)
                  0001081c    00000220     Machine.o (.rodata._ZL4ring)
                  00010a3c    0000018c     Machine.o (.rodata._ZL10rawDiamond)
                  00010bc8    0000018c     Machine.o (.rodata._ZL10rawEmerald)
                  00010d54    0000018c     Machine.o (.rodata._ZL7rawGold)
                  00010ee0    0000018c     Machine.o (.rodata._ZL7rawRuby)
                  0001106c    0000018c     Machine.o (.rodata._ZL9rawSilver)
                  000111f8    0000010e     Machine.o (.rodata._ZL4gold)
                  00011306    0000010e     Machine.o (.rodata._ZL6silver)
                  00011414    000000d8     Machine.o (.rodata._ZL4Ruby)
                  000114ec    000000d8     Machine.o (.rodata._ZL7Diamond)
                  000115c4    000000d8     Machine.o (.rodata._ZL7Emerald)
                  0001169c    0000003b     ST7735.o (.rodata._ZL5Rcmd1)
                  000116d7    0000002b     ST7735.o (.rodata._ZL5Rcmd3)
                  00011702    00000016     ST7735.o (.rodata.str1.43788427057889536241)
                  00011718    0000000d     ST7735.o (.rodata._ZL10Rcmd2green)
                  00011725    0000000d     ST7735.o (.rodata._ZL8Rcmd2red)
                  00011732    00000008     ST7735.o (.rodata.str1.54535931475021008601)
                  0001173a    00000007     ST7735.o (.rodata.str1.103567388005067375301)
                  00011741    00000007     ST7735.o (.rodata.str1.132933244321656697041)
                  00011748    00000002     ST7735.o (.rodata.str1.18657686242476325171)
                  0001174a    00000006     --HOLE-- [fill = 0]

.init_array 
*          0    00016c00    00000008     
                  00016c00    00000004     UART2.o (.init_array)
                  00016c04    00000004     Lab9HMain.o (.init_array)

.data      0    20200000    00000405     UNINITIALIZED
                  20200000    000000f0     libc.a : defs.c.obj (.data._ftable)
                  202000f0    00000088     Machine.o (.data.sprites)
                  20200178    00000078     libsysbm.a : host_device.c.obj (.data._device)
                  202001f0    00000050                : host_device.c.obj (.data._stream)
                  20200240    00000038     Lab9HMain.o (.data.Counters)
                  20200278    0000002c     UART2.o (.data.FIFO2)
                  202002a4    0000002a     Lab9HMain.o (.data.Counters2)
                  202002ce    00000002     ST7735.o (.data.StTextColor)
                  202002d0    00000014     Machine.o (.data._ZL7ToDoArr)
                  202002e4    0000000e     Lab9HMain.o (.data.m_anvil)
                  202002f2    0000000e     Lab9HMain.o (.data.m_cart1)
                  20200300    0000000e     Lab9HMain.o (.data.m_cart2)
                  2020030e    0000000e     Lab9HMain.o (.data.m_counter1)
                  2020031c    0000000e     Lab9HMain.o (.data.m_counter2)
                  2020032a    0000000e     Lab9HMain.o (.data.m_counter3)
                  20200338    0000000e     Lab9HMain.o (.data.m_counter4)
                  20200346    0000000e     Lab9HMain.o (.data.m_counter5)
                  20200354    0000000e     Lab9HMain.o (.data.m_counter6)
                  20200362    0000000e     Lab9HMain.o (.data.m_portal)
                  20200370    0000000e     Lab9HMain.o (.data.m_refiner)
                  2020037e    0000000e     Lab9HMain.o (.data.m_rock1)
                  2020038c    0000000e     Lab9HMain.o (.data.m_rock2)
                  2020039a    0000000e     Lab9HMain.o (.data.m_smelter)
                  202003a8    0000000e     Lab9HMain.o (.data.m_todo)
                  202003b6    00000002     ST7735.o (.data._ZL6_width)
                  202003b8    0000000c     Lab9HMain.o (.data.Sensor)
                  202003c4    00000008     libc.a : exit.c.obj (.data..L_MergedGlobals)
                  202003cc    00000008     Lab9HMain.o (.data.p1)
                  202003d4    00000004     Clock.o (.data.BusFreq)
                  202003d8    00000004     ST7735.o (.data.StX)
                  202003dc    00000004     ST7735.o (.data.StY)
                  202003e0    00000004     Machine.o (.data._ZZN7Machine16updateTurnInAreaEhE5score)
                  202003e4    00000004     libc.a : defs.c.obj (.data.__TI_ft_end)
                  202003e8    00000004            : _lock.c.obj (.data._lock)
                  202003ec    00000004            : _lock.c.obj (.data._unlock)
                  202003f0    00000002     ST7735.o (.data._ZL7_height)
                  202003f2    00000001     Machine.o (.data._ZZN7Machine10updateCartEhE8debounce)
                  202003f3    00000001     Machine.o (.data._ZZN7Machine10updateRockEhE10wasWorking)
                  202003f4    00000001     Machine.o (.data._ZZN7Machine13updateRefinerEhE10wasWorking)
                  202003f5    00000001     Machine.o (.data._ZZN7Machine13updateRefinerEhE8debounce)
                  202003f6    00000001     Machine.o (.data._ZZN7Machine14updateCountersEhPS_E8debounce)
                  202003f7    00000001     Machine.o (.data._ZZN7Machine9printCartEvE2in)
                  202003f8    00000001     Machine.o (.data._ZZN7Machine9printCartEvE4sent)
                  202003f9    00000001     Lab9HMain.o (.data.input)
                  202003fa    00000001     Lab9HMain.o (.data.numCounters)
                  202003fb    00000001     Machine.o (.data.progH)
                  202003fc    00000001     libsysbm.a : add_device.c.obj (.data.add_device.device_init)
                  202003fd    00000001     Machine.o (.data.progW)
                  202003fe    00000002     --HOLE--
                  20200400    00000001     libc.a : memory.c.obj (.data.memory_is_initialized)
                  20200401    00000003     --HOLE--
                  20200404    00000001     libsysbm.a : open.c.obj (.data.open.stream_init)

.sysmem    0    20200408    00000200     UNINITIALIZED
                  20200408    00000010     libc.a : memory.c.obj (.sysmem)
                  20200418    000001f0     --HOLE--

.bss       0    20200608    000001dd     UNINITIALIZED
                  20200608    00000120     libsysbm.a : trgmsg.c.obj (.bss:_CIOBUF_)
                  20200728    000000a0     libc.a : defs.c.obj (.bss.__TI_tmpnams)
                  202007c8    00000008     libsysbm.a : hostopen.c.obj (.bss.parmbuf)
                  202007d0    00000004     UART2.o (.bss.LostData)
                  202007d4    00000004     TExaS.o (.bss.TExaSLogic)
                  202007d8    00000004     TExaS.o (.bss.TExaSadc)
                  202007dc    00000004     libc.a : memory.c.obj (.bss.sys_free)
                  202007e0    00000001     ST7735.o (.bss._ZL8ColStart)
                  202007e1    00000001     ST7735.o (.bss._ZL8Rotation)
                  202007e2    00000001     ST7735.o (.bss._ZL8RowStart)
                  202007e3    00000001     ST7735.o (.bss._ZL8TabColor)
                  202007e4    00000001     Lab9HMain.o (.bss.buttons)

.stack     0    20207e00    00000200     UNINITIALIZED
                  20207e00    00000004     libc.a : boot_cortex_m.c.obj (.stack)
                  20207e04    000001fc     --HOLE--

__llvm_prf_cnts 
*          0    20200000    00000000     UNINITIALIZED

__llvm_prf_bits 
*          0    20200000    00000000     UNINITIALIZED

MODULE SUMMARY

       Module                         code    ro data   rw data
       ------                         ----    -------   -------
    .\
       Machine.o                      6368    58264     169    
       Lab9HMain.o                    2970    11596     331    
       ST7735.o                       3614    1449      18     
       Player.o                       1290    0         0      
       TExaS.o                        720     0         8      
       Clock.o                        516     0         4      
       UART2.o                        420     4         48     
       SPI.o                          440     0         0      
       SlidePot.o                     330     0         0      
       Timer.o                        316     0         0      
       IRxmt.o                        240     0         0      
       FIFO2.o                        214     0         0      
       LaunchPad.o                    180     0         0      
       Sound.o                        62      0         0      
       Switch.o                       52      0         0      
    +--+------------------------------+-------+---------+---------+
       Total:                         17732   71313     578    
                                                               
    .\ticlang\
       startup_mspm0g3507_ticlang.o   60      192       0      
    +--+------------------------------+-------+---------+---------+
       Total:                         60      192       0      
                                                               
    C:\ti\ccs\tools\compiler\ti-cgt-armllvm_4.0.1.LTS\lib\armv6m-ti-none-eabi/c/libc.a
       memory.c.obj                   702     0         5      
       fopen.c.obj                    556     0         0      
       defs.c.obj                     0       0         404    
       setvbuf.c.obj                  224     0         0      
       getdevice.c.obj                160     0         0      
       strcmp-armv6m.S.obj            136     0         0      
       copy_decompress_lzss.c.obj     124     0         0      
       fclose.c.obj                   124     0         0      
       autoinit.c.obj                 84      0         0      
       fflush.c.obj                   82      0         0      
       exit.c.obj                     56      0         8      
       boot_cortex_m.c.obj            40      0         0      
       copy_zero_init.c.obj           22      0         0      
       copy_decompress_none.c.obj     18      0         0      
       memcpy16.S.obj                 18      0         0      
       memset16.S.obj                 14      0         0      
       _lock.c.obj                    2       0         8      
       pre_init.c.obj                 4       0         0      
    +--+------------------------------+-------+---------+---------+
       Total:                         2366    0         425    
                                                               
    C:\ti\ccs\tools\compiler\ti-cgt-armllvm_4.0.1.LTS\lib\armv6m-ti-none-eabi/c/libsysbm.a
       trgmsg.c.obj                   104     0         288    
       add_device.c.obj               236     0         1      
       host_device.c.obj              0       0         200    
       open.c.obj                     160     0         1      
       hostrename.c.obj               136     0         0      
       hostlseek.c.obj                108     0         0      
       hostopen.c.obj                 96      0         8      
       hostread.c.obj                 88      0         0      
       hostwrite.c.obj                88      0         0      
       close.c.obj                    80      0         0      
       hostclose.c.obj                72      0         0      
       hostunlink.c.obj               72      0         0      
       unlink.c.obj                   44      0         0      
       write.c.obj                    40      0         0      
       remove.c.obj                   8       0         0      
    +--+------------------------------+-------+---------+---------+
       Total:                         1332    0         498    
                                                               
    C:\ti\ccs\tools\compiler\ti-cgt-armllvm_4.0.1.LTS\lib\armv6m-ti-none-eabi/libclang_rt.builtins.a
       aeabi_idivmod.S.obj            86      0         0      
       aeabi_uidivmod.S.obj           64      0         0      
       aeabi_memset.S.obj             12      0         0      
       aeabi_memcpy.S.obj             8       0         0      
       aeabi_div0.c.obj               2       0         0      
    +--+------------------------------+-------+---------+---------+
       Total:                         172     0         0      
                                                               
       Heap:                          0       0         512    
       Stack:                         0       0         512    
       Linker Generated:              0       273       0      
    +--+------------------------------+-------+---------+---------+
       Grand Total:                   21662   71778     2525   


LINKER GENERATED COPY TABLES

__TI_cinit_table @ 00016d0c records: 2, size/record: 8, table size: 16
	.data: load addr=00016c08, load size=000000ed bytes, run addr=20200000, run size=00000405 bytes, compression=lzss
	.bss: load addr=00016d04, load size=00000008 bytes, run addr=20200608, run size=000001dd bytes, compression=zero_init


LINKER GENERATED HANDLER TABLE

__TI_handler_table @ 00016cf8 records: 3, size/record: 4, table size: 12
	index: 0, handler: __TI_decompress_lzss
	index: 1, handler: __TI_decompress_none
	index: 2, handler: __TI_zero_init


GLOBAL SYMBOLS: SORTED ALPHABETICALLY BY Name 

address   name                                
-------   ----                                
000168f1  ADC0_IRQHandler                     
000168f1  ADC1_IRQHandler                     
000168f1  AES_IRQHandler                      
202003d4  BusFreq                             
00016bf0  C$$EXIT                             
000163d9  C$$IO$$                             
000168f1  CANFD0_IRQHandler                   
20200240  Counters                            
202002a4  Counters2                           
000168f1  DAC0_IRQHandler                     
000168f1  DMA_IRQHandler                      
000168f1  Default_Handler                     
20200278  FIFO2                               
000168f1  GROUP0_IRQHandler                   
000168f1  GROUP1_IRQHandler                   
00015ed1  HOSTclose                           
0001582d  HOSTlseek                           
00015a39  HOSTopen                            
00015a99  HOSTread                            
00015899  HOSTrename                          
00015f19  HOSTunlink                          
00015af1  HOSTwrite                           
0001690d  HardFault_Handler                   
000168f1  I2C0_IRQHandler                     
000168f1  I2C1_IRQHandler                     
202007d0  LostData                            
000168f1  NMI_Handler                         
000168f1  PendSV_Handler                      
000168f1  RTC_IRQHandler                      
00016be9  Reset_Handler                       
00016c00  SHT$$INIT_ARRAY$$Base               
00016c08  SHT$$INIT_ARRAY$$Limit              
000168f1  SPI0_IRQHandler                     
000168f1  SPI1_IRQHandler                     
000168f1  SVC_Handler                         
202003b8  Sensor                              
202002ce  StTextColor                         
202003d8  StX                                 
202003dc  StY                                 
00014e47  SysTick_Handler                     
202007d4  TExaSLogic                          
202007d8  TExaSadc                            
000168f1  TIMA0_IRQHandler                    
000168f1  TIMA1_IRQHandler                    
000168f1  TIMG0_IRQHandler                    
000161c1  TIMG12_IRQHandler                   
000168f1  TIMG6_IRQHandler                    
00016081  TIMG7_IRQHandler                    
000168f1  TIMG8_IRQHandler                    
00016a3d  TI_memcpy_small                     
00016b43  TI_memset_small                     
000168f1  UART0_IRQHandler                    
000168f1  UART1_IRQHandler                    
000156d5  UART2_IRQHandler                    
000168f1  UART3_IRQHandler                    
20200608  _CIOBUF_                            
00016b51  _Z10Clock_Freqv                     
00016681  _Z10IRxmt_Initv                     
000161fd  _Z10Sound_Initv                     
00015b49  _Z10TExaS_InitP10ADC12_RegsjPFhvE   
00014945  _Z10UART2_Initv                     
00016a61  _Z11Clock_Delayj                    
00016239  _Z11SPI_OutDatac                    
000169b1  _Z11ST7735_openPKcji                
000169c7  _Z11ST7735_readiPcj                 
00016999  _Z11Switch_Initv                    
00015021  _Z12ST7735_InitR10initRFlags        
00016bb1  _Z12ST7735_closei                   
00016aef  _Z12ST7735_lseekili                 
000162a9  _Z12ST7735_writeiPKcj               
00016a71  _Z12UART2_Enablev                   
00016929  _Z12UART2_InCharv                   
00015f61  _Z13IRxmt_OutCharc                  
00015749  _Z13IRxmt_SendBiti                  
00016b5d  _Z13ST7735_renamePKcS0_             
00016bbb  _Z13ST7735_unlinkPKc                
00016a81  _Z13UART2_Disablev                  
000162dd  _Z14Clock_Delay1msj                 
00015471  _Z14LaunchPad_Initv                 
00015fa9  _Z14SPI_OutCommandc                 
00014a21  _Z14ST7735_OutCharc                 
00014cfd  _Z14TimerG7_IntArmtjj               
00016271  _Z15ActivatePortA_Bv                
0001355d  _Z15Clock_Init80MHzi                
00013711  _Z15ST7735_DrawCharsscssh           
00014089  _Z15ST7735_FillRectsssst            
000150b9  _Z15TimerG12_IntArmjj               
000138b5  _Z16ST7735_DrawCharSsscssh          
000157bd  _Z16ST7735_DrawPixelsst             
00016311  _Z16ST7735_SetCursorjj              
00013175  _Z17ST7735_DrawBitmapssPKtss        
000152e9  _Z17ST7735_DrawStringttPcs          
000165fd  _Z17ST7735_FillScreent              
00014ee9  _Z17ST7735_InitPrintfv              
000144b5  _Z18ST7735_SetRotationh             
00014af1  _Z20ST7735_DrawFastHLinessst        
00014ba1  _Z20ST7735_DrawFastVLinessst        
00016a91  _Z28TExaS_LaunchPadLogicPB27PB26v   
00016b69  _Z5Delayj                           
00013f61  _Z8ADC_InitP10ADC12_Regsjj          
00016bc5  _Z8PLL_Initv                        
000143bd  _Z8SPI_Initv                        
000166a9  _Z9ADC_StartP10ADC12_Regs           
000160c1  _Z9SPI_Resetv                       
00016945  _Z9Switch_Inv                       
00014695  _Z9UART_Initv                       
00015ff1  _ZN5Queue3GetEPc                    
00016039  _ZN5Queue3PutEc                     
00016891  _ZN5Queue6IsFullEv                  
000169f3  _ZN5Queue7IsEmptyEv                 
00016aa1  _ZN5QueueC1Ev                       
00016aa1  _ZN5QueueC2Ev                       
00016a07  _ZN6Player13setPossessionEh         
00014f85  _ZN6Player14checkProximityE7Machine 
00015bf9  _ZN6Player14printPosessionEh        
000155e5  _ZN6Player15getMachineInputE7Machine
000153ef  _ZN6Player16resetCoordinatesEv      
000142b5  _ZN6Player6moveUpEv                 
00016b75  _ZN6Player7getSizeEv                
00016afd  _ZN6Player7getXPosEv                
00016b0b  _ZN6Player7getYPosEv                
00013e35  _ZN6Player8moveDownEv               
00015e39  _ZN6Player8moveLeftEv               
00015e85  _ZN6Player9moveRightEv              
00016961  _ZN6PlayerC1Ev                      
00016961  _ZN6PlayerC2Ev                      
00011f25  _ZN7Machine10updateCartEh           
000129a1  _ZN7Machine10updateRockEh           
00016a19  _ZN7Machine11setRockTypeEh          
0001565d  _ZN7Machine12printRefinerEv         
00013a55  _ZN7Machine13cartSendErrorEhh       
00012c85  _ZN7Machine13printCountersEPS_      
00012661  _ZN7Machine13updateRefinerEh        
00012309  _ZN7Machine14updateCountersEhPS_    
00013d05  _ZN7Machine15printTurnInAreaEv      
00012f35  _ZN7Machine16updateTurnInAreaEh     
00013385  _ZN7Machine9printCartEv             
00014c51  _ZN7Machine9printRockEv             
00016a2b  _ZN7Machine9setSpriteEh             
000159d5  _ZN7MachineC1Ehhhhhh                
0001536d  _ZN7MachineC1Ehhhhhhhhh             
000159d5  _ZN7MachineC2Ehhhhhh                
0001536d  _ZN7MachineC2Ehhhhhhhhh             
00015c4d  _ZN8SlidePot2InEv                   
0001514d  _ZN8SlidePot4InitEv                 
00016771  _ZN8SlidePot4SaveEj                 
000168b3  _ZN8SlidePot4SyncEv                 
00016b81  _ZN8SlidePot9DistanceXEv            
00016b8d  _ZN8SlidePot9DistanceYEv            
00016b19  _ZN8SlidePotC1Ev                    
00016b19  _ZN8SlidePotC2Ev                    
20200608  __CIOBUF_                           
20208000  __STACK_END                         
00000200  __STACK_SIZE                        
00000200  __SYSMEM_SIZE                       
00000000  __TI_ATRegion0_region_sz            
00000000  __TI_ATRegion0_src_addr             
00000000  __TI_ATRegion0_trg_addr             
00000000  __TI_ATRegion1_region_sz            
00000000  __TI_ATRegion1_src_addr             
00000000  __TI_ATRegion1_trg_addr             
00000000  __TI_ATRegion2_region_sz            
00000000  __TI_ATRegion2_src_addr             
00000000  __TI_ATRegion2_trg_addr             
00016d0c  __TI_CINIT_Base                     
00016d1c  __TI_CINIT_Limit                    
00016d1c  __TI_CINIT_Warm                     
00016cf8  __TI_Handler_Table_Base             
00016d04  __TI_Handler_Table_Limit            
00015ca1  __TI_auto_init_nobinit              
00016345  __TI_cleanup                        
202003c4  __TI_cleanup_ptr                    
000154ed  __TI_closefile                      
00015569  __TI_decompress_lzss                
00016a4f  __TI_decompress_none                
00015cf5  __TI_doflush                        
202003c8  __TI_dtors_ptr                      
202003e4  __TI_ft_end                         
ffffffff  __TI_pprof_out_hndl                 
ffffffff  __TI_prof_data_size                 
ffffffff  __TI_prof_data_start                
00016379  __TI_readmsg                        
00000000  __TI_static_base__                  
20200728  __TI_tmpnams                        
000163ad  __TI_writemsg                       
000169dd  __TI_zero_init_nomemset             
00015ba1  __aeabi_idiv                        
0001546f  __aeabi_idiv0                       
00015ba1  __aeabi_idivmod                     
00016b99  __aeabi_memclr                      
00016b99  __aeabi_memclr4                     
00016b99  __aeabi_memclr8                     
00016bd9  __aeabi_memcpy                      
00016bd9  __aeabi_memcpy4                     
00016bd9  __aeabi_memcpy8                     
00016101  __aeabi_uidiv                       
00016101  __aeabi_uidivmod                    
ffffffff  __binit__                           
UNDEFED   __mpu_init                          
20207e00  __stack                             
20200000  __start___llvm_prf_bits             
20200000  __start___llvm_prf_cnts             
20200000  __stop___llvm_prf_bits              
20200000  __stop___llvm_prf_cnts              
00016749  _c_int00_noargs                     
20200178  _device                             
20200000  _ftable                             
202003e8  _lock                               
00015a37  _nop                                
202001f0  _stream                             
20200408  _sys_memory                         
UNDEFED   _system_post_cinit                  
00016bed  _system_pre_init                    
202003ec  _unlock                             
00016bf1  abort                               
000145a9  add_device                          
000141a1  aligned_alloc                       
ffffffff  binit                               
202007e4  buttons                             
00015de9  close                               
000163e1  exit                                
00016415  finddevice                          
000165cd  fopen                               
0001477d  free                                
00016449  freopen                             
00015905  getdevice                           
202003f9  input                               
00000000  interruptVectors                    
202002e4  m_anvil                             
202002f2  m_cart1                             
20200300  m_cart2                             
2020030e  m_counter1                          
2020031c  m_counter2                          
2020032a  m_counter3                          
20200338  m_counter4                          
20200346  m_counter5                          
20200354  m_counter6                          
20200362  m_portal                            
20200370  m_refiner                           
2020037e  m_rock1                             
2020038c  m_rock2                             
2020039a  m_smelter                           
202003a8  m_todo                              
00011751  main                                
00016ba5  malloc                              
000141a1  memalign                            
202003fa  numCounters                         
00014e49  open                                
202003cc  p1                                  
202007c8  parmbuf                             
202003fb  progH                               
202003fd  progW                               
00016be1  remove                              
00014865  setvbuf                             
202000f0  sprites                             
00015261  strcmp                              
00016655  unlink                              
00016721  write                               


GLOBAL SYMBOLS: SORTED BY Symbol Address 

address   name                                
-------   ----                                
00000000  __TI_ATRegion0_region_sz            
00000000  __TI_ATRegion0_src_addr             
00000000  __TI_ATRegion0_trg_addr             
00000000  __TI_ATRegion1_region_sz            
00000000  __TI_ATRegion1_src_addr             
00000000  __TI_ATRegion1_trg_addr             
00000000  __TI_ATRegion2_region_sz            
00000000  __TI_ATRegion2_src_addr             
00000000  __TI_ATRegion2_trg_addr             
00000000  __TI_static_base__                  
00000000  interruptVectors                    
00000200  __STACK_SIZE                        
00000200  __SYSMEM_SIZE                       
00011751  main                                
00011f25  _ZN7Machine10updateCartEh           
00012309  _ZN7Machine14updateCountersEhPS_    
00012661  _ZN7Machine13updateRefinerEh        
000129a1  _ZN7Machine10updateRockEh           
00012c85  _ZN7Machine13printCountersEPS_      
00012f35  _ZN7Machine16updateTurnInAreaEh     
00013175  _Z17ST7735_DrawBitmapssPKtss        
00013385  _ZN7Machine9printCartEv             
0001355d  _Z15Clock_Init80MHzi                
00013711  _Z15ST7735_DrawCharsscssh           
000138b5  _Z16ST7735_DrawCharSsscssh          
00013a55  _ZN7Machine13cartSendErrorEhh       
00013d05  _ZN7Machine15printTurnInAreaEv      
00013e35  _ZN6Player8moveDownEv               
00013f61  _Z8ADC_InitP10ADC12_Regsjj          
00014089  _Z15ST7735_FillRectsssst            
000141a1  aligned_alloc                       
000141a1  memalign                            
000142b5  _ZN6Player6moveUpEv                 
000143bd  _Z8SPI_Initv                        
000144b5  _Z18ST7735_SetRotationh             
000145a9  add_device                          
00014695  _Z9UART_Initv                       
0001477d  free                                
00014865  setvbuf                             
00014945  _Z10UART2_Initv                     
00014a21  _Z14ST7735_OutCharc                 
00014af1  _Z20ST7735_DrawFastHLinessst        
00014ba1  _Z20ST7735_DrawFastVLinessst        
00014c51  _ZN7Machine9printRockEv             
00014cfd  _Z14TimerG7_IntArmtjj               
00014e47  SysTick_Handler                     
00014e49  open                                
00014ee9  _Z17ST7735_InitPrintfv              
00014f85  _ZN6Player14checkProximityE7Machine 
00015021  _Z12ST7735_InitR10initRFlags        
000150b9  _Z15TimerG12_IntArmjj               
0001514d  _ZN8SlidePot4InitEv                 
00015261  strcmp                              
000152e9  _Z17ST7735_DrawStringttPcs          
0001536d  _ZN7MachineC1Ehhhhhhhhh             
0001536d  _ZN7MachineC2Ehhhhhhhhh             
000153ef  _ZN6Player16resetCoordinatesEv      
0001546f  __aeabi_idiv0                       
00015471  _Z14LaunchPad_Initv                 
000154ed  __TI_closefile                      
00015569  __TI_decompress_lzss                
000155e5  _ZN6Player15getMachineInputE7Machine
0001565d  _ZN7Machine12printRefinerEv         
000156d5  UART2_IRQHandler                    
00015749  _Z13IRxmt_SendBiti                  
000157bd  _Z16ST7735_DrawPixelsst             
0001582d  HOSTlseek                           
00015899  HOSTrename                          
00015905  getdevice                           
000159d5  _ZN7MachineC1Ehhhhhh                
000159d5  _ZN7MachineC2Ehhhhhh                
00015a37  _nop                                
00015a39  HOSTopen                            
00015a99  HOSTread                            
00015af1  HOSTwrite                           
00015b49  _Z10TExaS_InitP10ADC12_RegsjPFhvE   
00015ba1  __aeabi_idiv                        
00015ba1  __aeabi_idivmod                     
00015bf9  _ZN6Player14printPosessionEh        
00015c4d  _ZN8SlidePot2InEv                   
00015ca1  __TI_auto_init_nobinit              
00015cf5  __TI_doflush                        
00015de9  close                               
00015e39  _ZN6Player8moveLeftEv               
00015e85  _ZN6Player9moveRightEv              
00015ed1  HOSTclose                           
00015f19  HOSTunlink                          
00015f61  _Z13IRxmt_OutCharc                  
00015fa9  _Z14SPI_OutCommandc                 
00015ff1  _ZN5Queue3GetEPc                    
00016039  _ZN5Queue3PutEc                     
00016081  TIMG7_IRQHandler                    
000160c1  _Z9SPI_Resetv                       
00016101  __aeabi_uidiv                       
00016101  __aeabi_uidivmod                    
000161c1  TIMG12_IRQHandler                   
000161fd  _Z10Sound_Initv                     
00016239  _Z11SPI_OutDatac                    
00016271  _Z15ActivatePortA_Bv                
000162a9  _Z12ST7735_writeiPKcj               
000162dd  _Z14Clock_Delay1msj                 
00016311  _Z16ST7735_SetCursorjj              
00016345  __TI_cleanup                        
00016379  __TI_readmsg                        
000163ad  __TI_writemsg                       
000163d9  C$$IO$$                             
000163e1  exit                                
00016415  finddevice                          
00016449  freopen                             
000165cd  fopen                               
000165fd  _Z17ST7735_FillScreent              
00016655  unlink                              
00016681  _Z10IRxmt_Initv                     
000166a9  _Z9ADC_StartP10ADC12_Regs           
00016721  write                               
00016749  _c_int00_noargs                     
00016771  _ZN8SlidePot4SaveEj                 
00016891  _ZN5Queue6IsFullEv                  
000168b3  _ZN8SlidePot4SyncEv                 
000168f1  ADC0_IRQHandler                     
000168f1  ADC1_IRQHandler                     
000168f1  AES_IRQHandler                      
000168f1  CANFD0_IRQHandler                   
000168f1  DAC0_IRQHandler                     
000168f1  DMA_IRQHandler                      
000168f1  Default_Handler                     
000168f1  GROUP0_IRQHandler                   
000168f1  GROUP1_IRQHandler                   
000168f1  I2C0_IRQHandler                     
000168f1  I2C1_IRQHandler                     
000168f1  NMI_Handler                         
000168f1  PendSV_Handler                      
000168f1  RTC_IRQHandler                      
000168f1  SPI0_IRQHandler                     
000168f1  SPI1_IRQHandler                     
000168f1  SVC_Handler                         
000168f1  TIMA0_IRQHandler                    
000168f1  TIMA1_IRQHandler                    
000168f1  TIMG0_IRQHandler                    
000168f1  TIMG6_IRQHandler                    
000168f1  TIMG8_IRQHandler                    
000168f1  UART0_IRQHandler                    
000168f1  UART1_IRQHandler                    
000168f1  UART3_IRQHandler                    
0001690d  HardFault_Handler                   
00016929  _Z12UART2_InCharv                   
00016945  _Z9Switch_Inv                       
00016961  _ZN6PlayerC1Ev                      
00016961  _ZN6PlayerC2Ev                      
00016999  _Z11Switch_Initv                    
000169b1  _Z11ST7735_openPKcji                
000169c7  _Z11ST7735_readiPcj                 
000169dd  __TI_zero_init_nomemset             
000169f3  _ZN5Queue7IsEmptyEv                 
00016a07  _ZN6Player13setPossessionEh         
00016a19  _ZN7Machine11setRockTypeEh          
00016a2b  _ZN7Machine9setSpriteEh             
00016a3d  TI_memcpy_small                     
00016a4f  __TI_decompress_none                
00016a61  _Z11Clock_Delayj                    
00016a71  _Z12UART2_Enablev                   
00016a81  _Z13UART2_Disablev                  
00016a91  _Z28TExaS_LaunchPadLogicPB27PB26v   
00016aa1  _ZN5QueueC1Ev                       
00016aa1  _ZN5QueueC2Ev                       
00016aef  _Z12ST7735_lseekili                 
00016afd  _ZN6Player7getXPosEv                
00016b0b  _ZN6Player7getYPosEv                
00016b19  _ZN8SlidePotC1Ev                    
00016b19  _ZN8SlidePotC2Ev                    
00016b43  TI_memset_small                     
00016b51  _Z10Clock_Freqv                     
00016b5d  _Z13ST7735_renamePKcS0_             
00016b69  _Z5Delayj                           
00016b75  _ZN6Player7getSizeEv                
00016b81  _ZN8SlidePot9DistanceXEv            
00016b8d  _ZN8SlidePot9DistanceYEv            
00016b99  __aeabi_memclr                      
00016b99  __aeabi_memclr4                     
00016b99  __aeabi_memclr8                     
00016ba5  malloc                              
00016bb1  _Z12ST7735_closei                   
00016bbb  _Z13ST7735_unlinkPKc                
00016bc5  _Z8PLL_Initv                        
00016bd9  __aeabi_memcpy                      
00016bd9  __aeabi_memcpy4                     
00016bd9  __aeabi_memcpy8                     
00016be1  remove                              
00016be9  Reset_Handler                       
00016bed  _system_pre_init                    
00016bf0  C$$EXIT                             
00016bf1  abort                               
00016c00  SHT$$INIT_ARRAY$$Base               
00016c08  SHT$$INIT_ARRAY$$Limit              
00016cf8  __TI_Handler_Table_Base             
00016d04  __TI_Handler_Table_Limit            
00016d0c  __TI_CINIT_Base                     
00016d1c  __TI_CINIT_Limit                    
00016d1c  __TI_CINIT_Warm                     
20200000  __start___llvm_prf_bits             
20200000  __start___llvm_prf_cnts             
20200000  __stop___llvm_prf_bits              
20200000  __stop___llvm_prf_cnts              
20200000  _ftable                             
202000f0  sprites                             
20200178  _device                             
202001f0  _stream                             
20200240  Counters                            
20200278  FIFO2                               
202002a4  Counters2                           
202002ce  StTextColor                         
202002e4  m_anvil                             
202002f2  m_cart1                             
20200300  m_cart2                             
2020030e  m_counter1                          
2020031c  m_counter2                          
2020032a  m_counter3                          
20200338  m_counter4                          
20200346  m_counter5                          
20200354  m_counter6                          
20200362  m_portal                            
20200370  m_refiner                           
2020037e  m_rock1                             
2020038c  m_rock2                             
2020039a  m_smelter                           
202003a8  m_todo                              
202003b8  Sensor                              
202003c4  __TI_cleanup_ptr                    
202003c8  __TI_dtors_ptr                      
202003cc  p1                                  
202003d4  BusFreq                             
202003d8  StX                                 
202003dc  StY                                 
202003e4  __TI_ft_end                         
202003e8  _lock                               
202003ec  _unlock                             
202003f9  input                               
202003fa  numCounters                         
202003fb  progH                               
202003fd  progW                               
20200408  _sys_memory                         
20200608  _CIOBUF_                            
20200608  __CIOBUF_                           
20200728  __TI_tmpnams                        
202007c8  parmbuf                             
202007d0  LostData                            
202007d4  TExaSLogic                          
202007d8  TExaSadc                            
202007e4  buttons                             
20207e00  __stack                             
20208000  __STACK_END                         
ffffffff  __TI_pprof_out_hndl                 
ffffffff  __TI_prof_data_size                 
ffffffff  __TI_prof_data_start                
ffffffff  __binit__                           
ffffffff  binit                               
UNDEFED   __mpu_init                          
UNDEFED   _system_post_cinit                  

[258 symbols]
