******************************************************************************
            TI ARM Clang Linker PC v4.0.1                      
******************************************************************************
>> Linked Mon Apr 21 21:45:41 2025

OUTPUT FILE NAME:   <MadMines.out>
ENTRY POINT SYMBOL: "_c_int00_noargs"  address: 0001ab95


MEMORY CONFIGURATION

         name            origin    length      used     unused   attr    fill
----------------------  --------  ---------  --------  --------  ----  --------
  FLASH                 00000000   00020000  0001b780  00004880  R  X
  SRAM                  20200000   00008000  00001a62  0000659e  RW X
  BCR_CONFIG            41c00000   00000080  00000000  00000080  R   
  BSL_CONFIG            41c00100   00000080  00000000  00000080  R   


SEGMENT ALLOCATION MAP

run origin  load origin   length   init length attrs members
----------  ----------- ---------- ----------- ----- -------
00000000    00000000    0001b780   0001b780    r-x
  00000000    00000000    000000c0   000000c0    r-- .intvecs
  000000c0    000000c0    00014800   00014800    r-- .rodata
  000148c0    000148c0    000068a0   000068a0    r-x .text
  0001b160    0001b160    00000008   00000008    r-- .init_array
  0001b168    0001b168    00000618   00000618    r-- .cinit
20200000    20200000    00001865   00000000    rw-
  20200000    20200000    00001465   00000000    rw- .data
  20201468    20201468    00000200   00000000    rw- .sysmem
  20201668    20201668    000001fd   00000000    rw- .bss
20207e00    20207e00    00000200   00000000    rw-
  20207e00    20207e00    00000200   00000000    rw- .stack


SECTION ALLOCATION MAP

 output                                  attributes/
section   page    origin      length       input sections
--------  ----  ----------  ----------   ----------------
.intvecs   0    00000000    000000c0     
                  00000000    000000c0     startup_mspm0g3507_ticlang.o (.intvecs)

.binit     0    00000000    00000000     

.text      0    000148c0    000068a0     
                  000148c0    00000eb4     Lab9HMain.o (.text.main)
                  00015774    00000510     Machine.o (.text._ZN7Machine10updateCartEh)
                  00015c84    0000040c     Machine.o (.text._ZN7Machine10updateRockEh)
                  00016090    000003c4     Machine.o (.text._ZN7Machine13updateRefinerEh)
                  00016454    0000038c     Machine.o (.text._ZN7Machine14updateCountersEhPS_)
                  000167e0    000002b0     Machine.o (.text._ZN7Machine13printCountersEPS_)
                  00016a90    000002ac     Machine.o (.text._ZN7Machine12printRefinerEv)
                  00016d3c    00000254     Machine.o (.text._ZN7Machine16updateTurnInAreaEh)
                  00016f90    00000244     Player.o (.text._ZN6Player8inBoundsEssPP7Machinehh)
                  000171d4    00000210     ST7735.o (.text._Z17ST7735_DrawBitmapssPKtss)
                  000173e4    000001dc     Lab9HMain.o (.text._Z17setUpInstructionsv)
                  000175c0    000001d8     Machine.o (.text._ZN7Machine9printCartEv)
                  00017798    000001b4     Clock.o (.text._Z15Clock_Init80MHzi)
                  0001794c    000001a4     ST7735.o (.text._Z15ST7735_DrawCharsscssh)
                  00017af0    000001a0     ST7735.o (.text._Z16ST7735_DrawCharSsscssh)
                  00017c90    0000017c     Machine.o (.text._ZN7Machine9printRockEv)
                  00017e0c    0000015c     Machine.o (.text._ZN7Machine13cartSendErrorEhh)
                  00017f68    00000154     libc.a : fopen.c.obj (.text._openfile)
                  000180bc    0000013c     Machine.o (.text._ZN7Machine15printTurnInAreaEv)
                  000181f8    00000128     TExaS.o (.text._Z8ADC_InitP10ADC12_Regsjj)
                  00018320    00000118     ST7735.o (.text._Z15ST7735_FillRectsssst)
                  00018438    00000114     libc.a : memory.c.obj (.text.aligned_alloc)
                  0001854c    000000f8     SPI.o (.text._Z8SPI_Initv)
                  00018644    000000f4     ST7735.o (.text._Z18ST7735_SetRotationh)
                  00018738    000000ec     libsysbm.a : add_device.c.obj (.text.add_device)
                  00018824    000000e8     TExaS.o (.text._Z9UART_Initv)
                  0001890c    000000e8     libc.a : memory.c.obj (.text.free)
                  000189f4    000000e0            : setvbuf.c.obj (.text.setvbuf)
                  00018ad4    000000dc     UART2.o (.text._Z10UART2_Initv)
                  00018bb0    000000d8     ST7735.o (.text._Z14ST7735_OutCharc)
                  00018c88    000000b0     ST7735.o (.text._Z20ST7735_DrawFastHLinessst)
                  00018d38    000000b0     ST7735.o (.text._Z20ST7735_DrawFastVLinessst)
                  00018de8    000000a8     Timer.o (.text._Z14TimerG7_IntArmtjj)
                  00018e90    000000a2     ST7735.o (.text._ZL11commandListPKh)
                  00018f32    00000002     libclang_rt.builtins.a : aeabi_div0.c.obj (.text.__aeabi_idiv0)
                  00018f34    000000a0     libsysbm.a : open.c.obj (.text.open)
                  00018fd4    0000009c     ST7735.o (.text._Z17ST7735_InitPrintfv)
                  00019070    0000009c     Player.o (.text._ZN6Player14checkProximityE7Machine)
                  0001910c    00000098     ST7735.o (.text._Z12ST7735_InitR10initRFlags)
                  000191a4    00000098     Player.o (.text._ZN6Player16resetCoordinatesEPsS0_)
                  0001923c    00000094     Timer.o (.text._Z15TimerG12_IntArmjj)
                  000192d0    00000090     Sound.o (.text._Z11Sound_Starth)
                  00019360    0000008c     ST7735.o (.text._Z17ST7735_DrawStringttPcs)
                  000193ec    0000008c     Machine.o (.text._ZN7MachineC2Ehhhhhhhhhh)
                  00019478    0000008c     SlidePot.o (.text._ZN8SlidePot4InitEv)
                  00019504    00000088     ST7735.o (.text._ZL13setAddrWindowhhhh)
                  0001958c    00000004     libc.a : pre_init.c.obj (.text._system_pre_init)
                  00019590    00000088            : strcmp-armv6m.S.obj (.text:strcmp)
                  00019618    00000084     Machine.o (.text._ZN7MachineC2Ehhhhhhhhh)
                  0001969c    0000007c     LaunchPad.o (.text._Z14LaunchPad_Initv)
                  00019718    0000007c     libc.a : fclose.c.obj (.text.__TI_closefile)
                  00019794    0000007c            : copy_decompress_lzss.c.obj (.text:decompress:lzss)
                  00019810    00000074     UART2.o (.text.UART2_IRQHandler)
                  00019884    00000074     IRxmt.o (.text._Z13IRxmt_SendBiti)
                  000198f8    00000070     ST7735.o (.text._Z16ST7735_DrawPixelsst)
                  00019968    0000006e     Player.o (.text._ZN6Player15getMachineInputE7Machine)
                  000199d6    00000002     libc.a : _lock.c.obj (.text._nop)
                  000199d8    0000006c     libsysbm.a : hostlseek.c.obj (.text.HOSTlseek)
                  00019a44    0000006c                : hostrename.c.obj (.text.HOSTrename)
                  00019ab0    0000006c     Lab9HMain.o (.text._GLOBAL__sub_I_Lab9HMain.cpp)
                  00019b1c    0000006c     libc.a : getdevice.c.obj (.text.getdevice)
                  00019b88    00000064     Machine.o (.text._ZN7MachineC2Ehhhhhh)
                  00019bec    00000064     libc.a : memory.c.obj (.text.split)
                  00019c50    00000060     libsysbm.a : hostopen.c.obj (.text.HOSTopen)
                  00019cb0    00000058                : hostread.c.obj (.text.HOSTread)
                  00019d08    00000058                : hostwrite.c.obj (.text.HOSTwrite)
                  00019d60    00000058     Sound.o (.text.SysTick_Handler)
                  00019db8    00000058     TExaS.o (.text._Z10TExaS_InitP10ADC12_RegsjPFhvE)
                  00019e10    00000056     libclang_rt.builtins.a : aeabi_idivmod.S.obj (.text.__aeabi_idivmod)
                  00019e66    00000002     --HOLE-- [fill = 0]
                  00019e68    00000054     Player.o (.text._ZN6Player14printPosessionEh)
                  00019ebc    00000054     Player.o (.text._ZN6Player8moveLeftEv)
                  00019f10    00000054     Player.o (.text._ZN6Player9moveRightEv)
                  00019f64    00000054     SlidePot.o (.text._ZN8SlidePot2InEv)
                  00019fb8    00000054     libc.a : autoinit.c.obj (.text:__TI_auto_init_nobinit)
                  0001a00c    00000052     Player.o (.text._ZN6Player8moveDownEv)
                  0001a05e    00000052     libc.a : fflush.c.obj (.text.__TI_doflush)
                  0001a0b0    00000050     Lab9HMain.o (.text.__cxx_global_var_init.13)
                  0001a100    00000050     libsysbm.a : close.c.obj (.text.close)
                  0001a150    00000048                : hostclose.c.obj (.text.HOSTclose)
                  0001a198    00000048                : hostunlink.c.obj (.text.HOSTunlink)
                  0001a1e0    00000048     IRxmt.o (.text._Z13IRxmt_OutCharc)
                  0001a228    00000048     SPI.o (.text._Z14SPI_OutCommandc)
                  0001a270    00000048     FIFO2.o (.text._ZN5Queue3GetEPc)
                  0001a2b8    00000048     FIFO2.o (.text._ZN5Queue3PutEc)
                  0001a300    00000040     TExaS.o (.text.TIMG7_IRQHandler)
                  0001a340    00000040     Sound.o (.text._Z10Sound_Initv)
                  0001a380    00000040     SPI.o (.text._Z9SPI_Resetv)
                  0001a3c0    00000040     libclang_rt.builtins.a : aeabi_uidivmod.S.obj (.text.__aeabi_uidivmod)
                  0001a400    00000040     Lab9HMain.o (.text.__cxx_global_var_init.25)
                  0001a440    00000040     libc.a : fopen.c.obj (.text._search_fp)
                  0001a480    0000003c     Lab9HMain.o (.text.TIMG12_IRQHandler)
                  0001a4bc    0000003c     Lab9HMain.o (.text._Z15randomizeOrdersv)
                  0001a4f8    0000003c     DAC5.o (.text._Z9DAC5_Initv)
                  0001a534    0000003c     Player.o (.text._ZN6Player6moveUpEv)
                  0001a570    00000038     SPI.o (.text._Z11SPI_OutDatac)
                  0001a5a8    00000038     LaunchPad.o (.text._Z15ActivatePortA_Bv)
                  0001a5e0    00000034     ST7735.o (.text._Z12ST7735_writeiPKcj)
                  0001a614    00000034     Clock.o (.text._Z14Clock_Delay1msj)
                  0001a648    00000034     ST7735.o (.text._Z16ST7735_SetCursorjj)
                  0001a67c    00000034     libc.a : fopen.c.obj (.text.__TI_cleanup)
                  0001a6b0    00000034     libsysbm.a : trgmsg.c.obj (.text.__TI_readmsg)
                  0001a6e4    00000034                : trgmsg.c.obj (.text.__TI_writemsg)
                  0001a718    00000034     libc.a : exit.c.obj (.text.exit)
                  0001a74c    00000034            : getdevice.c.obj (.text.finddevice)
                  0001a780    00000034            : fopen.c.obj (.text.freopen)
                  0001a7b4    00000030     ST7735.o (.text._ZL10commonInitPKh)
                  0001a7e4    00000030     Player.o (.text._ZN6Player14translateRightEv)
                  0001a814    00000030     Lab9HMain.o (.text.__cxx_global_var_init.10)
                  0001a844    00000030     Lab9HMain.o (.text.__cxx_global_var_init.11)
                  0001a874    00000030     Lab9HMain.o (.text.__cxx_global_var_init.12)
                  0001a8a4    00000030     Lab9HMain.o (.text.__cxx_global_var_init.16)
                  0001a8d4    00000030     Lab9HMain.o (.text.__cxx_global_var_init.22)
                  0001a904    00000030     Lab9HMain.o (.text.__cxx_global_var_init.23)
                  0001a934    00000030     Lab9HMain.o (.text.__cxx_global_var_init.24)
                  0001a964    00000030     Lab9HMain.o (.text.__cxx_global_var_init.5)
                  0001a994    00000030     libc.a : fopen.c.obj (.text.fopen)
                  0001a9c4    0000002c     UART2.o (.text._Z12UART2_InCharv)
                  0001a9f0    0000002c     ST7735.o (.text._Z17ST7735_FillScreent)
                  0001aa1c    0000002c     Player.o (.text._ZN6Player13translateDownEv)
                  0001aa48    0000002c     Player.o (.text._ZN6Player13translateLeftEv)
                  0001aa74    0000002c     Lab9HMain.o (.text.__cxx_global_var_init.9)
                  0001aaa0    0000002c     libsysbm.a : unlink.c.obj (.text.unlink)
                  0001aacc    00000028     IRxmt.o (.text._Z10IRxmt_Initv)
                  0001aaf4    00000028     TExaS.o (.text._Z9ADC_StartP10ADC12_Regs)
                  0001ab1c    00000028     Lab9HMain.o (.text.__cxx_global_var_init.4)
                  0001ab44    00000028     libc.a : memory.c.obj (.text.free_list_insert)
                  0001ab6c    00000028     libsysbm.a : write.c.obj (.text.write)
                  0001ab94    00000028     libc.a : boot_cortex_m.c.obj (.text:_c_int00_noargs)
                  0001abbc    00000026     ST7735.o (.text._Z16ST7735_OutStringPc)
                  0001abe2    00000002     --HOLE-- [fill = 0]
                  0001abe4    00000024     SlidePot.o (.text._ZN8SlidePot4SaveEj)
                  0001ac08    00000024     Lab9HMain.o (.text.__cxx_global_var_init.15)
                  0001ac2c    00000024     Lab9HMain.o (.text.__cxx_global_var_init.17)
                  0001ac50    00000024     Lab9HMain.o (.text.__cxx_global_var_init.18)
                  0001ac74    00000024     Lab9HMain.o (.text.__cxx_global_var_init.19)
                  0001ac98    00000024     Lab9HMain.o (.text.__cxx_global_var_init.20)
                  0001acbc    00000024     Lab9HMain.o (.text.__cxx_global_var_init.21)
                  0001ace0    00000024     Lab9HMain.o (.text.__cxx_global_var_init.2)
                  0001ad04    00000024     Lab9HMain.o (.text.__cxx_global_var_init.3)
                  0001ad28    00000024     Lab9HMain.o (.text.__cxx_global_var_init.6)
                  0001ad4c    00000024     Lab9HMain.o (.text.__cxx_global_var_init.8)
                  0001ad70    00000022     FIFO2.o (.text._ZN5Queue6IsFullEv)
                  0001ad92    00000002     --HOLE-- [fill = 0]
                  0001ad94    00000020     DAC5.o (.text._Z8DAC5_Outj)
                  0001adb4    00000020     SlidePot.o (.text._ZN8SlidePot4SyncEv)
                  0001add4    00000020     Lab9HMain.o (.text.__cxx_global_var_init.14)
                  0001adf4    00000020     Lab9HMain.o (.text.__cxx_global_var_init.7)
                  0001ae14    0000001e     ST7735.o (.text._ZL9pushColort)
                  0001ae32    00000002     --HOLE-- [fill = 0]
                  0001ae34    0000001c     startup_mspm0g3507_ticlang.o (.text.Default_Handler)
                  0001ae50    0000001c     startup_mspm0g3507_ticlang.o (.text.HardFault_Handler)
                  0001ae6c    0000001c     Switch.o (.text._Z9Switch_Inv)
                  0001ae88    0000001c     Player.o (.text._ZN6PlayerC2Ev)
                  0001aea4    0000001c     libc.a : memory.c.obj (.text.free_list_remove)
                  0001aec0    00000018     Switch.o (.text._Z11Switch_Initv)
                  0001aed8    00000016     ST7735.o (.text._Z11ST7735_openPKcji)
                  0001aeee    00000016     ST7735.o (.text._Z11ST7735_readiPcj)
                  0001af04    00000016     libc.a : copy_zero_init.c.obj (.text:decompress:ZI:__TI_zero_init_nomemset)
                  0001af1a    00000014     FIFO2.o (.text._ZN5Queue7IsEmptyEv)
                  0001af2e    00000012     Player.o (.text._ZN6Player13setPossessionEh)
                  0001af40    00000012     Player.o (.text._ZN6Player7setXPosEs)
                  0001af52    00000012     Player.o (.text._ZN6Player7setYPosEs)
                  0001af64    00000012     Machine.o (.text._ZN7Machine11setRockTypeEh)
                  0001af76    00000012     Machine.o (.text._ZN7Machine9setSpriteEh)
                  0001af88    00000012     libc.a : memcpy16.S.obj (.text:TI_memcpy_small)
                  0001af9a    00000012            : copy_decompress_none.c.obj (.text:decompress:none)
                  0001afac    00000010     Clock.o (.text._Z11Clock_Delayj)
                  0001afbc    00000010     UART2.o (.text._Z12UART2_Enablev)
                  0001afcc    00000010     UART2.o (.text._Z13UART2_Disablev)
                  0001afdc    00000010     Lab9HMain.o (.text._Z28TExaS_LaunchPadLogicPB27PB26v)
                  0001afec    00000010     FIFO2.o (.text._ZN5QueueC2Ev)
                  0001affc    00000010     Lab9HMain.o (.text.__cxx_global_var_init.1)
                  0001b00c    00000010     Lab9HMain.o (.text.__cxx_global_var_init)
                  0001b01c    00000010     UART2.o (.text.__cxx_global_var_init)
                  0001b02c    0000000e     libc.a : memory.c.obj (.text.OUTLINED_FUNCTION_0)
                  0001b03a    0000000e     ST7735.o (.text._Z12ST7735_lseekili)
                  0001b048    0000000e     Player.o (.text._ZN6Player7getXPosEv)
                  0001b056    0000000e     Player.o (.text._ZN6Player7getYPosEv)
                  0001b064    0000000e     SlidePot.o (.text._ZN8SlidePotC2Ev)
                  0001b072    0000000e     libsysbm.a : hostrename.c.obj (.text.strcpy)
                  0001b080    0000000e                : hostrename.c.obj (.text.strlen)
                  0001b08e    0000000e     libc.a : memset16.S.obj (.text:TI_memset_small)
                  0001b09c    0000000c     Clock.o (.text._Z10Clock_Freqv)
                  0001b0a8    0000000c     ST7735.o (.text._Z13ST7735_renamePKcS0_)
                  0001b0b4    0000000c     IRxmt.o (.text._Z5Delayj)
                  0001b0c0    0000000c     Player.o (.text._ZN6Player7getSizeEv)
                  0001b0cc    0000000c     SlidePot.o (.text._ZN8SlidePot9DistanceXEv)
                  0001b0d8    0000000c     SlidePot.o (.text._ZN8SlidePot9DistanceYEv)
                  0001b0e4    0000000c     libclang_rt.builtins.a : aeabi_memset.S.obj (.text.__aeabi_memclr)
                  0001b0f0    0000000c     libc.a : memory.c.obj (.text.malloc)
                  0001b0fc    0000000a     Sound.o (.text._Z11Sound_Clangv)
                  0001b106    0000000a     Sound.o (.text._Z11Sound_Wrongv)
                  0001b110    0000000a     ST7735.o (.text._Z12ST7735_closei)
                  0001b11a    0000000a     ST7735.o (.text._Z13ST7735_unlinkPKc)
                  0001b124    0000000a     Sound.o (.text._Z13Sound_Correctv)
                  0001b12e    0000000a     Lab9HMain.o (.text._Z8PLL_Initv)
                  0001b138    00000008     UART2.o (.text._GLOBAL__sub_I_UART2.cpp)
                  0001b140    00000008     libclang_rt.builtins.a : aeabi_memcpy.S.obj (.text.__aeabi_memcpy)
                  0001b148    00000008     libsysbm.a : remove.c.obj (.text.remove)
                  0001b150    00000004     startup_mspm0g3507_ticlang.o (.text.Reset_Handler)
                  0001b154    00000004     libc.a : exit.c.obj (.text:abort)
                  0001b158    00000008     --HOLE-- [fill = 0]

.cinit     0    0001b168    00000618     
                  0001b168    000005f3     (.cinit..data.load) [load image, compression = lzss]
                  0001b75b    00000001     --HOLE-- [fill = 0]
                  0001b75c    0000000c     (__TI_handler_table)
                  0001b768    00000008     (.cinit..bss.load) [load image, compression = zero_init]
                  0001b770    00000010     (__TI_cinit_table)

.rodata    0    000000c0    00014800     
                  000000c0    00002800     Lab9HMain.o (.rodata._ZL4todo)
                  000028c0    00002800     Machine.o (.rodata._ZL4todo)
                  000050c0    00001ba8     Sound.o (.rodata._ZL7correct)
                  00006c68    00001b44     Sound.o (.rodata._ZL5clang)
                  000087ac    000010ae     Machine.o (.rodata._ZL14refinerWorking)
                  0000985a    000010ae     Machine.o (.rodata._ZL16refinerHighlight)
                  0000a908    000010ae     Machine.o (.rodata._ZL7refiner)
                  0000b9b6    00000f74     Machine.o (.rodata._ZL13cartHighlight)
                  0000c92a    00000f74     Machine.o (.rodata._ZL4cart)
                  0000d89e    00000738     Machine.o (.rodata._ZL13rockWorking_b)
                  0000dfd6    00000738     Machine.o (.rodata._ZL15rockHighlight_b)
                  0000e70e    00000738     Machine.o (.rodata._ZL22rockWorkingHighlight_b)
                  0000ee46    00000738     Machine.o (.rodata._ZL6rock_b)
                  0000f57e    00000720     Machine.o (.rodata._ZL15portalHighlight)
                  0000fc9e    00000720     Machine.o (.rodata._ZL6portal)
                  000103be    000006e0     Machine.o (.rodata._ZL6ladder)
                  00010a9e    00000548     Lab9HMain.o (.rodata._ZL5miner)
                  00010fe6    00000540     Machine.o (.rodata._ZL7counter)
                  00011526    000004fb     ST7735.o (.rodata._ZL4Font)
                  00011a21    00000001     --HOLE-- [fill = 0]
                  00011a22    00000348     Machine.o (.rodata._ZL5watch)
                  00011d6a    00000320     Machine.o (.rodata._ZL5trash)
                  0001208a    000002d2     Machine.o (.rodata._ZL5sword)
                  0001235c    000002ac     Machine.o (.rodata._ZL3key)
                  00012608    000002a0     Machine.o (.rodata._ZL6shield)
                  000128a8    00000220     Machine.o (.rodata._ZL4ring)
                  00012ac8    0000018c     Machine.o (.rodata._ZL10rawDiamond)
                  00012c54    0000018c     Machine.o (.rodata._ZL10rawEmerald)
                  00012de0    0000018c     Machine.o (.rodata._ZL7rawGold)
                  00012f6c    0000018c     Machine.o (.rodata._ZL7rawRuby)
                  000130f8    0000018c     Machine.o (.rodata._ZL9rawSilver)
                  00013284    00000168     Machine.o (.rodata._ZL13rockWorking_m)
                  000133ec    00000168     Machine.o (.rodata._ZL15rockHighlight_m)
                  00013554    00000168     Machine.o (.rodata._ZL22rockWorkingHighlight_m)
                  000136bc    00000168     Machine.o (.rodata._ZL6rock_m)
                  00013824    0000010e     Machine.o (.rodata._ZL4gold)
                  00013932    0000010e     Machine.o (.rodata._ZL6silver)
                  00013a40    0000010a     Machine.o (.rodata._ZL13rockWorking_t)
                  00013b4a    0000010a     Machine.o (.rodata._ZL15rockHighlight_t)
                  00013c54    0000010a     Machine.o (.rodata._ZL22rockWorkingHighlight_t)
                  00013d5e    0000010a     Machine.o (.rodata._ZL6rock_t)
                  00013e68    000000dd     Lab9HMain.o (.rodata._ZL13Page3_Spanish)
                  00013f45    000000d8     Lab9HMain.o (.rodata._ZL13Page2_English)
                  0001401d    00000001     --HOLE-- [fill = 0]
                  0001401e    000000d8     Machine.o (.rodata._ZL4Ruby)
                  000140f6    000000d8     Machine.o (.rodata._ZL7Diamond)
                  000141ce    000000d8     Machine.o (.rodata._ZL7Emerald)
                  000142a6    000000ce     Lab9HMain.o (.rodata._ZL13Page3_English)
                  00014374    000000c9     Lab9HMain.o (.rodata._ZL13Page2_Spanish)
                  0001443d    000000ac     Lab9HMain.o (.rodata._ZL13Page1_English)
                  000144e9    000000a7     Lab9HMain.o (.rodata._ZL13Page1_Spanish)
                  00014590    000000a4     Lab9HMain.o (.rodata._ZL13Page4_English)
                  00014634    000000a2     Lab9HMain.o (.rodata._ZL13Page4_Spanish)
                  000146d6    00000096     Lab9HMain.o (.rodata._ZL13Page5_Spanish)
                  0001476c    00000066     Lab9HMain.o (.rodata._ZL13Page5_English)
                  000147d2    0000003b     ST7735.o (.rodata._ZL5Rcmd1)
                  0001480d    0000002b     ST7735.o (.rodata._ZL5Rcmd3)
                  00014838    00000016     ST7735.o (.rodata.str1.128370289436029622301)
                  0001484e    00000010     Lab9HMain.o (.rodata.str1.36435047076059183751)
                  0001485e    0000000d     ST7735.o (.rodata._ZL10Rcmd2green)
                  0001486b    0000000d     ST7735.o (.rodata._ZL8Rcmd2red)
                  00014878    00000008     Lab9HMain.o (.rodata._ZL15Goodbye_English)
                  00014880    00000008     Lab9HMain.o (.rodata._ZL16Language_English)
                  00014888    00000008     Lab9HMain.o (.rodata._ZL16Language_Spanish)
                  00014890    00000008     ST7735.o (.rodata.str1.53591972959378542101)
                  00014898    00000007     Lab9HMain.o (.rodata._ZL13Hello_Spanish)
                  0001489f    00000007     ST7735.o (.rodata.str1.28611865845488554281)
                  000148a6    00000007     ST7735.o (.rodata.str1.63348317913043414121)
                  000148ad    00000006     Lab9HMain.o (.rodata._ZL13Hello_English)
                  000148b3    00000006     Lab9HMain.o (.rodata._ZL15Goodbye_Spanish)
                  000148b9    00000002     ST7735.o (.rodata.str1.90642305370257400361)
                  000148bb    00000005     --HOLE-- [fill = 0]

.init_array 
*          0    0001b160    00000008     
                  0001b160    00000004     UART2.o (.init_array)
                  0001b164    00000004     Lab9HMain.o (.init_array)

.data      0    20200000    00001465     UNINITIALIZED
                  20200000    00000f83     Sound.o (.data._ZL5wrong)
                  20200f83    00000001     Machine.o (.data._ZZN7Machine10updateCartEhE8debounce)
                  20200f84    000000f0     libc.a : defs.c.obj (.data._ftable)
                  20201074    00000088     Machine.o (.data.sprites)
                  202010fc    00000078     libsysbm.a : host_device.c.obj (.data._device)
                  20201174    00000050                : host_device.c.obj (.data._stream)
                  202011c4    0000003c     Lab9HMain.o (.data.Counters)
                  20201200    00000030     Lab9HMain.o (.data.machineArr1)
                  20201230    0000002d     Lab9HMain.o (.data.Counters2)
                  2020125d    00000001     Machine.o (.data._ZZN7Machine10updateRockEhE7halfway)
                  2020125e    00000002     ST7735.o (.data.StTextColor)
                  20201260    0000002c     UART2.o (.data.FIFO2)
                  2020128c    00000028     Lab9HMain.o (.data.Instructions)
                  202012b4    00000018     Lab9HMain.o (.data.Phrases)
                  202012cc    0000000f     Lab9HMain.o (.data.m_anvil)
                  202012db    0000000f     Lab9HMain.o (.data.m_cart1)
                  202012ea    0000000f     Lab9HMain.o (.data.m_cart2)
                  202012f9    0000000f     Lab9HMain.o (.data.m_counter1)
                  20201308    0000000f     Lab9HMain.o (.data.m_counter2)
                  20201317    0000000f     Lab9HMain.o (.data.m_counter3)
                  20201326    0000000f     Lab9HMain.o (.data.m_counter4)
                  20201335    0000000f     Lab9HMain.o (.data.m_counter5)
                  20201344    0000000f     Lab9HMain.o (.data.m_counter6)
                  20201353    0000000f     Lab9HMain.o (.data.m_portal)
                  20201362    0000000f     Lab9HMain.o (.data.m_refiner)
                  20201371    0000000f     Lab9HMain.o (.data.m_rock1)
                  20201380    0000000f     Lab9HMain.o (.data.m_rock1Mid)
                  2020138f    0000000f     Lab9HMain.o (.data.m_rock1Progress)
                  2020139e    0000000f     Lab9HMain.o (.data.m_rock1Top)
                  202013ad    0000000f     Lab9HMain.o (.data.m_rock2)
                  202013bc    0000000f     Lab9HMain.o (.data.m_rock2Mid)
                  202013cb    0000000f     Lab9HMain.o (.data.m_rock2Top)
                  202013da    0000000f     Lab9HMain.o (.data.m_smelter)
                  202013e9    0000000f     Lab9HMain.o (.data.m_smelterProgress)
                  202013f8    0000000f     Lab9HMain.o (.data.m_todo)
                  20201407    0000000f     Lab9HMain.o (.data.m_todoDown)
                  20201416    00000002     ST7735.o (.data._ZL6_width)
                  20201418    0000000c     Lab9HMain.o (.data.Sensor)
                  20201424    00000008     libc.a : exit.c.obj (.data..L_MergedGlobals)
                  2020142c    00000008     Lab9HMain.o (.data.p1)
                  20201434    00000004     Clock.o (.data.BusFreq)
                  20201438    00000004     ST7735.o (.data.StX)
                  2020143c    00000004     ST7735.o (.data.StY)
                  20201440    00000004     libc.a : defs.c.obj (.data.__TI_ft_end)
                  20201444    00000004            : _lock.c.obj (.data._lock)
                  20201448    00000004            : _lock.c.obj (.data._unlock)
                  2020144c    00000002     ST7735.o (.data._ZL7_height)
                  2020144e    00000002     Machine.o (.data._ZZN7Machine16updateTurnInAreaEhE5score)
                  20201450    00000002     Sound.o (.data.clang_size)
                  20201452    00000002     Sound.o (.data.correct_size)
                  20201454    00000002     Sound.o (.data.wrong_size)
                  20201456    00000001     Machine.o (.data._ZZN7Machine13updateRefinerEhE8debounce)
                  20201457    00000001     Machine.o (.data._ZZN7Machine14updateCountersEhPS_E8debounce)
                  20201458    00000001     Machine.o (.data._ZZN7Machine9printCartEvE2in)
                  20201459    00000001     Machine.o (.data._ZZN7Machine9printCartEvE4sent)
                  2020145a    00000001     Lab9HMain.o (.data.deadTimer)
                  2020145b    00000001     Lab9HMain.o (.data.input)
                  2020145c    00000001     libsysbm.a : add_device.c.obj (.data.add_device.device_init)
                  2020145d    00000001     Lab9HMain.o (.data.numCounters)
                  2020145e    00000001     Machine.o (.data.progH)
                  2020145f    00000001     Machine.o (.data.progW)
                  20201460    00000001     libc.a : memory.c.obj (.data.memory_is_initialized)
                  20201461    00000003     --HOLE--
                  20201464    00000001     libsysbm.a : open.c.obj (.data.open.stream_init)

.sysmem    0    20201468    00000200     UNINITIALIZED
                  20201468    00000010     libc.a : memory.c.obj (.sysmem)
                  20201478    000001f0     --HOLE--

.bss       0    20201668    000001fd     UNINITIALIZED
                  20201668    00000120     libsysbm.a : trgmsg.c.obj (.bss:_CIOBUF_)
                  20201788    000000a0     libc.a : defs.c.obj (.bss.__TI_tmpnams)
                  20201828    00000014     Machine.o (.bss.ToDoArr)
                  2020183c    00000008     libsysbm.a : hostopen.c.obj (.bss.parmbuf)
                  20201844    00000004     UART2.o (.bss.LostData)
                  20201848    00000004     TExaS.o (.bss.TExaSLogic)
                  2020184c    00000004     TExaS.o (.bss.TExaSadc)
                  20201850    00000004     Sound.o (.bss.soundArr)
                  20201854    00000004     Sound.o (.bss.soundIndex)
                  20201858    00000004     libc.a : memory.c.obj (.bss.sys_free)
                  2020185c    00000002     Sound.o (.bss.soundLength)
                  2020185e    00000001     ST7735.o (.bss._ZL8ColStart)
                  2020185f    00000001     ST7735.o (.bss._ZL8Rotation)
                  20201860    00000001     ST7735.o (.bss._ZL8RowStart)
                  20201861    00000001     ST7735.o (.bss._ZL8TabColor)
                  20201862    00000001     Lab9HMain.o (.bss.buttons)
                  20201863    00000001     Sound.o (.bss.sound_flag)
                  20201864    00000001     Lab9HMain.o (.bss.toDoOpen)

.stack     0    20207e00    00000200     UNINITIALIZED
                  20207e00    00000004     libc.a : boot_cortex_m.c.obj (.stack)
                  20207e04    000001fc     --HOLE--

__llvm_prf_cnts 
*          0    20200000    00000000     UNINITIALIZED

__llvm_prf_bits 
*          0    20200000    00000000     UNINITIALIZED

MODULE SUMMARY

       Module                         code    ro data   rw data
       ------                         ----    -------   -------
    .\
       Machine.o                      8096    55040     166    
       Lab9HMain.o                    5562    13416     572    
       Sound.o                        326     14060     3988   
       ST7735.o                       3668    1449      18     
       Player.o                       1650    0         0      
       TExaS.o                        720     0         8      
       Clock.o                        516     0         4      
       UART2.o                        436     4         48     
       SPI.o                          440     0         0      
       SlidePot.o                     330     0         0      
       Timer.o                        316     0         0      
       IRxmt.o                        240     0         0      
       FIFO2.o                        214     0         0      
       LaunchPad.o                    180     0         0      
       DAC5.o                         92      0         0      
       Switch.o                       52      0         0      
    +--+------------------------------+-------+---------+---------+
       Total:                         22838   83969     4804   
                                                               
    .\ticlang\
       startup_mspm0g3507_ticlang.o   60      192       0      
    +--+------------------------------+-------+---------+---------+
       Total:                         60      192       0      
                                                               
    C:\ti\ccs\tools\compiler\ti-cgt-armllvm_4.0.1.LTS\lib\armv6m-ti-none-eabi/c/libc.a
       memory.c.obj                   702     0         5      
       fopen.c.obj                    556     0         0      
       defs.c.obj                     0       0         404    
       setvbuf.c.obj                  224     0         0      
       getdevice.c.obj                160     0         0      
       strcmp-armv6m.S.obj            136     0         0      
       copy_decompress_lzss.c.obj     124     0         0      
       fclose.c.obj                   124     0         0      
       autoinit.c.obj                 84      0         0      
       fflush.c.obj                   82      0         0      
       exit.c.obj                     56      0         8      
       boot_cortex_m.c.obj            40      0         0      
       copy_zero_init.c.obj           22      0         0      
       copy_decompress_none.c.obj     18      0         0      
       memcpy16.S.obj                 18      0         0      
       memset16.S.obj                 14      0         0      
       _lock.c.obj                    2       0         8      
       pre_init.c.obj                 4       0         0      
    +--+------------------------------+-------+---------+---------+
       Total:                         2366    0         425    
                                                               
    C:\ti\ccs\tools\compiler\ti-cgt-armllvm_4.0.1.LTS\lib\armv6m-ti-none-eabi/c/libsysbm.a
       trgmsg.c.obj                   104     0         288    
       add_device.c.obj               236     0         1      
       host_device.c.obj              0       0         200    
       open.c.obj                     160     0         1      
       hostrename.c.obj               136     0         0      
       hostlseek.c.obj                108     0         0      
       hostopen.c.obj                 96      0         8      
       hostread.c.obj                 88      0         0      
       hostwrite.c.obj                88      0         0      
       close.c.obj                    80      0         0      
       hostclose.c.obj                72      0         0      
       hostunlink.c.obj               72      0         0      
       unlink.c.obj                   44      0         0      
       write.c.obj                    40      0         0      
       remove.c.obj                   8       0         0      
    +--+------------------------------+-------+---------+---------+
       Total:                         1332    0         498    
                                                               
    C:\ti\ccs\tools\compiler\ti-cgt-armllvm_4.0.1.LTS\lib\armv6m-ti-none-eabi/libclang_rt.builtins.a
       aeabi_idivmod.S.obj            86      0         0      
       aeabi_uidivmod.S.obj           64      0         0      
       aeabi_memset.S.obj             12      0         0      
       aeabi_memcpy.S.obj             8       0         0      
       aeabi_div0.c.obj               2       0         0      
    +--+------------------------------+-------+---------+---------+
       Total:                         172     0         0      
                                                               
       Heap:                          0       0         512    
       Stack:                         0       0         512    
       Linker Generated:              0       1559      0      
    +--+------------------------------+-------+---------+---------+
       Grand Total:                   26768   85720     6751   


LINKER GENERATED COPY TABLES

__TI_cinit_table @ 0001b770 records: 2, size/record: 8, table size: 16
	.data: load addr=0001b168, load size=000005f3 bytes, run addr=20200000, run size=00001465 bytes, compression=lzss
	.bss: load addr=0001b768, load size=00000008 bytes, run addr=20201668, run size=000001fd bytes, compression=zero_init


LINKER GENERATED HANDLER TABLE

__TI_handler_table @ 0001b75c records: 3, size/record: 4, table size: 12
	index: 0, handler: __TI_decompress_lzss
	index: 1, handler: __TI_decompress_none
	index: 2, handler: __TI_zero_init


GLOBAL SYMBOLS: SORTED ALPHABETICALLY BY Name 

address   name                                
-------   ----                                
0001ae35  ADC0_IRQHandler                     
0001ae35  ADC1_IRQHandler                     
0001ae35  AES_IRQHandler                      
20201434  BusFreq                             
0001b154  C$$EXIT                             
0001a711  C$$IO$$                             
0001ae35  CANFD0_IRQHandler                   
202011c4  Counters                            
20201230  Counters2                           
0001ae35  DAC0_IRQHandler                     
0001ae35  DMA_IRQHandler                      
0001ae35  Default_Handler                     
20201260  FIFO2                               
0001ae35  GROUP0_IRQHandler                   
0001ae35  GROUP1_IRQHandler                   
0001a151  HOSTclose                           
000199d9  HOSTlseek                           
00019c51  HOSTopen                            
00019cb1  HOSTread                            
00019a45  HOSTrename                          
0001a199  HOSTunlink                          
00019d09  HOSTwrite                           
0001ae51  HardFault_Handler                   
0001ae35  I2C0_IRQHandler                     
0001ae35  I2C1_IRQHandler                     
2020128c  Instructions                        
20201844  LostData                            
0001ae35  NMI_Handler                         
0001ae35  PendSV_Handler                      
202012b4  Phrases                             
0001ae35  RTC_IRQHandler                      
0001b151  Reset_Handler                       
0001b160  SHT$$INIT_ARRAY$$Base               
0001b168  SHT$$INIT_ARRAY$$Limit              
0001ae35  SPI0_IRQHandler                     
0001ae35  SPI1_IRQHandler                     
0001ae35  SVC_Handler                         
20201418  Sensor                              
2020125e  StTextColor                         
20201438  StX                                 
2020143c  StY                                 
00019d61  SysTick_Handler                     
20201848  TExaSLogic                          
2020184c  TExaSadc                            
0001ae35  TIMA0_IRQHandler                    
0001ae35  TIMA1_IRQHandler                    
0001ae35  TIMG0_IRQHandler                    
0001a481  TIMG12_IRQHandler                   
0001ae35  TIMG6_IRQHandler                    
0001a301  TIMG7_IRQHandler                    
0001ae35  TIMG8_IRQHandler                    
0001af89  TI_memcpy_small                     
0001b08f  TI_memset_small                     
20201828  ToDoArr                             
0001ae35  UART0_IRQHandler                    
0001ae35  UART1_IRQHandler                    
00019811  UART2_IRQHandler                    
0001ae35  UART3_IRQHandler                    
20201668  _CIOBUF_                            
0001b09d  _Z10Clock_Freqv                     
0001aacd  _Z10IRxmt_Initv                     
0001a341  _Z10Sound_Initv                     
00019db9  _Z10TExaS_InitP10ADC12_RegsjPFhvE   
00018ad5  _Z10UART2_Initv                     
0001afad  _Z11Clock_Delayj                    
0001a571  _Z11SPI_OutDatac                    
0001aed9  _Z11ST7735_openPKcji                
0001aeef  _Z11ST7735_readiPcj                 
0001b0fd  _Z11Sound_Clangv                    
000192d1  _Z11Sound_Starth                    
0001b107  _Z11Sound_Wrongv                    
0001aec1  _Z11Switch_Initv                    
0001910d  _Z12ST7735_InitR10initRFlags        
0001b111  _Z12ST7735_closei                   
0001b03b  _Z12ST7735_lseekili                 
0001a5e1  _Z12ST7735_writeiPKcj               
0001afbd  _Z12UART2_Enablev                   
0001a9c5  _Z12UART2_InCharv                   
0001a1e1  _Z13IRxmt_OutCharc                  
00019885  _Z13IRxmt_SendBiti                  
0001b0a9  _Z13ST7735_renamePKcS0_             
0001b11b  _Z13ST7735_unlinkPKc                
0001b125  _Z13Sound_Correctv                  
0001afcd  _Z13UART2_Disablev                  
0001a615  _Z14Clock_Delay1msj                 
0001969d  _Z14LaunchPad_Initv                 
0001a229  _Z14SPI_OutCommandc                 
00018bb1  _Z14ST7735_OutCharc                 
00018de9  _Z14TimerG7_IntArmtjj               
0001a5a9  _Z15ActivatePortA_Bv                
00017799  _Z15Clock_Init80MHzi                
0001794d  _Z15ST7735_DrawCharsscssh           
00018321  _Z15ST7735_FillRectsssst            
0001923d  _Z15TimerG12_IntArmjj               
0001a4bd  _Z15randomizeOrdersv                
00017af1  _Z16ST7735_DrawCharSsscssh          
000198f9  _Z16ST7735_DrawPixelsst             
0001abbd  _Z16ST7735_OutStringPc              
0001a649  _Z16ST7735_SetCursorjj              
000171d5  _Z17ST7735_DrawBitmapssPKtss        
00019361  _Z17ST7735_DrawStringttPcs          
0001a9f1  _Z17ST7735_FillScreent              
00018fd5  _Z17ST7735_InitPrintfv              
000173e5  _Z17setUpInstructionsv              
00018645  _Z18ST7735_SetRotationh             
00018c89  _Z20ST7735_DrawFastHLinessst        
00018d39  _Z20ST7735_DrawFastVLinessst        
0001afdd  _Z28TExaS_LaunchPadLogicPB27PB26v   
0001b0b5  _Z5Delayj                           
000181f9  _Z8ADC_InitP10ADC12_Regsjj          
0001ad95  _Z8DAC5_Outj                        
0001b12f  _Z8PLL_Initv                        
0001854d  _Z8SPI_Initv                        
0001aaf5  _Z9ADC_StartP10ADC12_Regs           
0001a4f9  _Z9DAC5_Initv                       
0001a381  _Z9SPI_Resetv                       
0001ae6d  _Z9Switch_Inv                       
00018825  _Z9UART_Initv                       
0001a271  _ZN5Queue3GetEPc                    
0001a2b9  _ZN5Queue3PutEc                     
0001ad71  _ZN5Queue6IsFullEv                  
0001af1b  _ZN5Queue7IsEmptyEv                 
0001afed  _ZN5QueueC1Ev                       
0001afed  _ZN5QueueC2Ev                       
0001af2f  _ZN6Player13setPossessionEh         
0001aa1d  _ZN6Player13translateDownEv         
0001aa49  _ZN6Player13translateLeftEv         
00019071  _ZN6Player14checkProximityE7Machine 
00019e69  _ZN6Player14printPosessionEh        
0001a7e5  _ZN6Player14translateRightEv        
00019969  _ZN6Player15getMachineInputE7Machine
000191a5  _ZN6Player16resetCoordinatesEPsS0_  
0001a535  _ZN6Player6moveUpEv                 
0001b0c1  _ZN6Player7getSizeEv                
0001b049  _ZN6Player7getXPosEv                
0001b057  _ZN6Player7getYPosEv                
0001af41  _ZN6Player7setXPosEs                
0001af53  _ZN6Player7setYPosEs                
00016f91  _ZN6Player8inBoundsEssPP7Machinehh  
0001a00d  _ZN6Player8moveDownEv               
00019ebd  _ZN6Player8moveLeftEv               
00019f11  _ZN6Player9moveRightEv              
0001ae89  _ZN6PlayerC1Ev                      
0001ae89  _ZN6PlayerC2Ev                      
00015775  _ZN7Machine10updateCartEh           
00015c85  _ZN7Machine10updateRockEh           
0001af65  _ZN7Machine11setRockTypeEh          
00016a91  _ZN7Machine12printRefinerEv         
00017e0d  _ZN7Machine13cartSendErrorEhh       
000167e1  _ZN7Machine13printCountersEPS_      
00016091  _ZN7Machine13updateRefinerEh        
00016455  _ZN7Machine14updateCountersEhPS_    
000180bd  _ZN7Machine15printTurnInAreaEv      
00016d3d  _ZN7Machine16updateTurnInAreaEh     
000175c1  _ZN7Machine9printCartEv             
00017c91  _ZN7Machine9printRockEv             
0001af77  _ZN7Machine9setSpriteEh             
00019b89  _ZN7MachineC1Ehhhhhh                
00019619  _ZN7MachineC1Ehhhhhhhhh             
000193ed  _ZN7MachineC1Ehhhhhhhhhh            
00019b89  _ZN7MachineC2Ehhhhhh                
00019619  _ZN7MachineC2Ehhhhhhhhh             
000193ed  _ZN7MachineC2Ehhhhhhhhhh            
00019f65  _ZN8SlidePot2InEv                   
00019479  _ZN8SlidePot4InitEv                 
0001abe5  _ZN8SlidePot4SaveEj                 
0001adb5  _ZN8SlidePot4SyncEv                 
0001b0cd  _ZN8SlidePot9DistanceXEv            
0001b0d9  _ZN8SlidePot9DistanceYEv            
0001b065  _ZN8SlidePotC1Ev                    
0001b065  _ZN8SlidePotC2Ev                    
20201668  __CIOBUF_                           
20208000  __STACK_END                         
00000200  __STACK_SIZE                        
00000200  __SYSMEM_SIZE                       
00000000  __TI_ATRegion0_region_sz            
00000000  __TI_ATRegion0_src_addr             
00000000  __TI_ATRegion0_trg_addr             
00000000  __TI_ATRegion1_region_sz            
00000000  __TI_ATRegion1_src_addr             
00000000  __TI_ATRegion1_trg_addr             
00000000  __TI_ATRegion2_region_sz            
00000000  __TI_ATRegion2_src_addr             
00000000  __TI_ATRegion2_trg_addr             
0001b770  __TI_CINIT_Base                     
0001b780  __TI_CINIT_Limit                    
0001b780  __TI_CINIT_Warm                     
0001b75c  __TI_Handler_Table_Base             
0001b768  __TI_Handler_Table_Limit            
00019fb9  __TI_auto_init_nobinit              
0001a67d  __TI_cleanup                        
20201424  __TI_cleanup_ptr                    
00019719  __TI_closefile                      
00019795  __TI_decompress_lzss                
0001af9b  __TI_decompress_none                
0001a05f  __TI_doflush                        
20201428  __TI_dtors_ptr                      
20201440  __TI_ft_end                         
ffffffff  __TI_pprof_out_hndl                 
ffffffff  __TI_prof_data_size                 
ffffffff  __TI_prof_data_start                
0001a6b1  __TI_readmsg                        
00000000  __TI_static_base__                  
20201788  __TI_tmpnams                        
0001a6e5  __TI_writemsg                       
0001af05  __TI_zero_init_nomemset             
00019e11  __aeabi_idiv                        
00018f33  __aeabi_idiv0                       
00019e11  __aeabi_idivmod                     
0001b0e5  __aeabi_memclr                      
0001b0e5  __aeabi_memclr4                     
0001b0e5  __aeabi_memclr8                     
0001b141  __aeabi_memcpy                      
0001b141  __aeabi_memcpy4                     
0001b141  __aeabi_memcpy8                     
0001a3c1  __aeabi_uidiv                       
0001a3c1  __aeabi_uidivmod                    
ffffffff  __binit__                           
UNDEFED   __mpu_init                          
20207e00  __stack                             
20200000  __start___llvm_prf_bits             
20200000  __start___llvm_prf_cnts             
20200000  __stop___llvm_prf_bits              
20200000  __stop___llvm_prf_cnts              
0001ab95  _c_int00_noargs                     
202010fc  _device                             
20200f84  _ftable                             
20201444  _lock                               
000199d7  _nop                                
20201174  _stream                             
20201468  _sys_memory                         
UNDEFED   _system_post_cinit                  
0001958d  _system_pre_init                    
20201448  _unlock                             
0001b155  abort                               
00018739  add_device                          
00018439  aligned_alloc                       
ffffffff  binit                               
20201862  buttons                             
20201450  clang_size                          
0001a101  close                               
20201452  correct_size                        
2020145a  deadTimer                           
0001a719  exit                                
0001a74d  finddevice                          
0001a995  fopen                               
0001890d  free                                
0001a781  freopen                             
00019b1d  getdevice                           
2020145b  input                               
00000000  interruptVectors                    
202012cc  m_anvil                             
202012db  m_cart1                             
202012ea  m_cart2                             
202012f9  m_counter1                          
20201308  m_counter2                          
20201317  m_counter3                          
20201326  m_counter4                          
20201335  m_counter5                          
20201344  m_counter6                          
20201353  m_portal                            
20201362  m_refiner                           
20201371  m_rock1                             
20201380  m_rock1Mid                          
2020138f  m_rock1Progress                     
2020139e  m_rock1Top                          
202013ad  m_rock2                             
202013bc  m_rock2Mid                          
202013cb  m_rock2Top                          
202013da  m_smelter                           
202013e9  m_smelterProgress                   
202013f8  m_todo                              
20201407  m_todoDown                          
20201200  machineArr1                         
000148c1  main                                
0001b0f1  malloc                              
00018439  memalign                            
2020145d  numCounters                         
00018f35  open                                
2020142c  p1                                  
2020183c  parmbuf                             
2020145e  progH                               
2020145f  progW                               
0001b149  remove                              
000189f5  setvbuf                             
20201850  soundArr                            
20201854  soundIndex                          
2020185c  soundLength                         
20201863  sound_flag                          
20201074  sprites                             
00019591  strcmp                              
20201864  toDoOpen                            
0001aaa1  unlink                              
0001ab6d  write                               
20201454  wrong_size                          


GLOBAL SYMBOLS: SORTED BY Symbol Address 

address   name                                
-------   ----                                
00000000  __TI_ATRegion0_region_sz            
00000000  __TI_ATRegion0_src_addr             
00000000  __TI_ATRegion0_trg_addr             
00000000  __TI_ATRegion1_region_sz            
00000000  __TI_ATRegion1_src_addr             
00000000  __TI_ATRegion1_trg_addr             
00000000  __TI_ATRegion2_region_sz            
00000000  __TI_ATRegion2_src_addr             
00000000  __TI_ATRegion2_trg_addr             
00000000  __TI_static_base__                  
00000000  interruptVectors                    
00000200  __STACK_SIZE                        
00000200  __SYSMEM_SIZE                       
000148c1  main                                
00015775  _ZN7Machine10updateCartEh           
00015c85  _ZN7Machine10updateRockEh           
00016091  _ZN7Machine13updateRefinerEh        
00016455  _ZN7Machine14updateCountersEhPS_    
000167e1  _ZN7Machine13printCountersEPS_      
00016a91  _ZN7Machine12printRefinerEv         
00016d3d  _ZN7Machine16updateTurnInAreaEh     
00016f91  _ZN6Player8inBoundsEssPP7Machinehh  
000171d5  _Z17ST7735_DrawBitmapssPKtss        
000173e5  _Z17setUpInstructionsv              
000175c1  _ZN7Machine9printCartEv             
00017799  _Z15Clock_Init80MHzi                
0001794d  _Z15ST7735_DrawCharsscssh           
00017af1  _Z16ST7735_DrawCharSsscssh          
00017c91  _ZN7Machine9printRockEv             
00017e0d  _ZN7Machine13cartSendErrorEhh       
000180bd  _ZN7Machine15printTurnInAreaEv      
000181f9  _Z8ADC_InitP10ADC12_Regsjj          
00018321  _Z15ST7735_FillRectsssst            
00018439  aligned_alloc                       
00018439  memalign                            
0001854d  _Z8SPI_Initv                        
00018645  _Z18ST7735_SetRotationh             
00018739  add_device                          
00018825  _Z9UART_Initv                       
0001890d  free                                
000189f5  setvbuf                             
00018ad5  _Z10UART2_Initv                     
00018bb1  _Z14ST7735_OutCharc                 
00018c89  _Z20ST7735_DrawFastHLinessst        
00018d39  _Z20ST7735_DrawFastVLinessst        
00018de9  _Z14TimerG7_IntArmtjj               
00018f33  __aeabi_idiv0                       
00018f35  open                                
00018fd5  _Z17ST7735_InitPrintfv              
00019071  _ZN6Player14checkProximityE7Machine 
0001910d  _Z12ST7735_InitR10initRFlags        
000191a5  _ZN6Player16resetCoordinatesEPsS0_  
0001923d  _Z15TimerG12_IntArmjj               
000192d1  _Z11Sound_Starth                    
00019361  _Z17ST7735_DrawStringttPcs          
000193ed  _ZN7MachineC1Ehhhhhhhhhh            
000193ed  _ZN7MachineC2Ehhhhhhhhhh            
00019479  _ZN8SlidePot4InitEv                 
0001958d  _system_pre_init                    
00019591  strcmp                              
00019619  _ZN7MachineC1Ehhhhhhhhh             
00019619  _ZN7MachineC2Ehhhhhhhhh             
0001969d  _Z14LaunchPad_Initv                 
00019719  __TI_closefile                      
00019795  __TI_decompress_lzss                
00019811  UART2_IRQHandler                    
00019885  _Z13IRxmt_SendBiti                  
000198f9  _Z16ST7735_DrawPixelsst             
00019969  _ZN6Player15getMachineInputE7Machine
000199d7  _nop                                
000199d9  HOSTlseek                           
00019a45  HOSTrename                          
00019b1d  getdevice                           
00019b89  _ZN7MachineC1Ehhhhhh                
00019b89  _ZN7MachineC2Ehhhhhh                
00019c51  HOSTopen                            
00019cb1  HOSTread                            
00019d09  HOSTwrite                           
00019d61  SysTick_Handler                     
00019db9  _Z10TExaS_InitP10ADC12_RegsjPFhvE   
00019e11  __aeabi_idiv                        
00019e11  __aeabi_idivmod                     
00019e69  _ZN6Player14printPosessionEh        
00019ebd  _ZN6Player8moveLeftEv               
00019f11  _ZN6Player9moveRightEv              
00019f65  _ZN8SlidePot2InEv                   
00019fb9  __TI_auto_init_nobinit              
0001a00d  _ZN6Player8moveDownEv               
0001a05f  __TI_doflush                        
0001a101  close                               
0001a151  HOSTclose                           
0001a199  HOSTunlink                          
0001a1e1  _Z13IRxmt_OutCharc                  
0001a229  _Z14SPI_OutCommandc                 
0001a271  _ZN5Queue3GetEPc                    
0001a2b9  _ZN5Queue3PutEc                     
0001a301  TIMG7_IRQHandler                    
0001a341  _Z10Sound_Initv                     
0001a381  _Z9SPI_Resetv                       
0001a3c1  __aeabi_uidiv                       
0001a3c1  __aeabi_uidivmod                    
0001a481  TIMG12_IRQHandler                   
0001a4bd  _Z15randomizeOrdersv                
0001a4f9  _Z9DAC5_Initv                       
0001a535  _ZN6Player6moveUpEv                 
0001a571  _Z11SPI_OutDatac                    
0001a5a9  _Z15ActivatePortA_Bv                
0001a5e1  _Z12ST7735_writeiPKcj               
0001a615  _Z14Clock_Delay1msj                 
0001a649  _Z16ST7735_SetCursorjj              
0001a67d  __TI_cleanup                        
0001a6b1  __TI_readmsg                        
0001a6e5  __TI_writemsg                       
0001a711  C$$IO$$                             
0001a719  exit                                
0001a74d  finddevice                          
0001a781  freopen                             
0001a7e5  _ZN6Player14translateRightEv        
0001a995  fopen                               
0001a9c5  _Z12UART2_InCharv                   
0001a9f1  _Z17ST7735_FillScreent              
0001aa1d  _ZN6Player13translateDownEv         
0001aa49  _ZN6Player13translateLeftEv         
0001aaa1  unlink                              
0001aacd  _Z10IRxmt_Initv                     
0001aaf5  _Z9ADC_StartP10ADC12_Regs           
0001ab6d  write                               
0001ab95  _c_int00_noargs                     
0001abbd  _Z16ST7735_OutStringPc              
0001abe5  _ZN8SlidePot4SaveEj                 
0001ad71  _ZN5Queue6IsFullEv                  
0001ad95  _Z8DAC5_Outj                        
0001adb5  _ZN8SlidePot4SyncEv                 
0001ae35  ADC0_IRQHandler                     
0001ae35  ADC1_IRQHandler                     
0001ae35  AES_IRQHandler                      
0001ae35  CANFD0_IRQHandler                   
0001ae35  DAC0_IRQHandler                     
0001ae35  DMA_IRQHandler                      
0001ae35  Default_Handler                     
0001ae35  GROUP0_IRQHandler                   
0001ae35  GROUP1_IRQHandler                   
0001ae35  I2C0_IRQHandler                     
0001ae35  I2C1_IRQHandler                     
0001ae35  NMI_Handler                         
0001ae35  PendSV_Handler                      
0001ae35  RTC_IRQHandler                      
0001ae35  SPI0_IRQHandler                     
0001ae35  SPI1_IRQHandler                     
0001ae35  SVC_Handler                         
0001ae35  TIMA0_IRQHandler                    
0001ae35  TIMA1_IRQHandler                    
0001ae35  TIMG0_IRQHandler                    
0001ae35  TIMG6_IRQHandler                    
0001ae35  TIMG8_IRQHandler                    
0001ae35  UART0_IRQHandler                    
0001ae35  UART1_IRQHandler                    
0001ae35  UART3_IRQHandler                    
0001ae51  HardFault_Handler                   
0001ae6d  _Z9Switch_Inv                       
0001ae89  _ZN6PlayerC1Ev                      
0001ae89  _ZN6PlayerC2Ev                      
0001aec1  _Z11Switch_Initv                    
0001aed9  _Z11ST7735_openPKcji                
0001aeef  _Z11ST7735_readiPcj                 
0001af05  __TI_zero_init_nomemset             
0001af1b  _ZN5Queue7IsEmptyEv                 
0001af2f  _ZN6Player13setPossessionEh         
0001af41  _ZN6Player7setXPosEs                
0001af53  _ZN6Player7setYPosEs                
0001af65  _ZN7Machine11setRockTypeEh          
0001af77  _ZN7Machine9setSpriteEh             
0001af89  TI_memcpy_small                     
0001af9b  __TI_decompress_none                
0001afad  _Z11Clock_Delayj                    
0001afbd  _Z12UART2_Enablev                   
0001afcd  _Z13UART2_Disablev                  
0001afdd  _Z28TExaS_LaunchPadLogicPB27PB26v   
0001afed  _ZN5QueueC1Ev                       
0001afed  _ZN5QueueC2Ev                       
0001b03b  _Z12ST7735_lseekili                 
0001b049  _ZN6Player7getXPosEv                
0001b057  _ZN6Player7getYPosEv                
0001b065  _ZN8SlidePotC1Ev                    
0001b065  _ZN8SlidePotC2Ev                    
0001b08f  TI_memset_small                     
0001b09d  _Z10Clock_Freqv                     
0001b0a9  _Z13ST7735_renamePKcS0_             
0001b0b5  _Z5Delayj                           
0001b0c1  _ZN6Player7getSizeEv                
0001b0cd  _ZN8SlidePot9DistanceXEv            
0001b0d9  _ZN8SlidePot9DistanceYEv            
0001b0e5  __aeabi_memclr                      
0001b0e5  __aeabi_memclr4                     
0001b0e5  __aeabi_memclr8                     
0001b0f1  malloc                              
0001b0fd  _Z11Sound_Clangv                    
0001b107  _Z11Sound_Wrongv                    
0001b111  _Z12ST7735_closei                   
0001b11b  _Z13ST7735_unlinkPKc                
0001b125  _Z13Sound_Correctv                  
0001b12f  _Z8PLL_Initv                        
0001b141  __aeabi_memcpy                      
0001b141  __aeabi_memcpy4                     
0001b141  __aeabi_memcpy8                     
0001b149  remove                              
0001b151  Reset_Handler                       
0001b154  C$$EXIT                             
0001b155  abort                               
0001b160  SHT$$INIT_ARRAY$$Base               
0001b168  SHT$$INIT_ARRAY$$Limit              
0001b75c  __TI_Handler_Table_Base             
0001b768  __TI_Handler_Table_Limit            
0001b770  __TI_CINIT_Base                     
0001b780  __TI_CINIT_Limit                    
0001b780  __TI_CINIT_Warm                     
20200000  __start___llvm_prf_bits             
20200000  __start___llvm_prf_cnts             
20200000  __stop___llvm_prf_bits              
20200000  __stop___llvm_prf_cnts              
20200f84  _ftable                             
20201074  sprites                             
202010fc  _device                             
20201174  _stream                             
202011c4  Counters                            
20201200  machineArr1                         
20201230  Counters2                           
2020125e  StTextColor                         
20201260  FIFO2                               
2020128c  Instructions                        
202012b4  Phrases                             
202012cc  m_anvil                             
202012db  m_cart1                             
202012ea  m_cart2                             
202012f9  m_counter1                          
20201308  m_counter2                          
20201317  m_counter3                          
20201326  m_counter4                          
20201335  m_counter5                          
20201344  m_counter6                          
20201353  m_portal                            
20201362  m_refiner                           
20201371  m_rock1                             
20201380  m_rock1Mid                          
2020138f  m_rock1Progress                     
2020139e  m_rock1Top                          
202013ad  m_rock2                             
202013bc  m_rock2Mid                          
202013cb  m_rock2Top                          
202013da  m_smelter                           
202013e9  m_smelterProgress                   
202013f8  m_todo                              
20201407  m_todoDown                          
20201418  Sensor                              
20201424  __TI_cleanup_ptr                    
20201428  __TI_dtors_ptr                      
2020142c  p1                                  
20201434  BusFreq                             
20201438  StX                                 
2020143c  StY                                 
20201440  __TI_ft_end                         
20201444  _lock                               
20201448  _unlock                             
20201450  clang_size                          
20201452  correct_size                        
20201454  wrong_size                          
2020145a  deadTimer                           
2020145b  input                               
2020145d  numCounters                         
2020145e  progH                               
2020145f  progW                               
20201468  _sys_memory                         
20201668  _CIOBUF_                            
20201668  __CIOBUF_                           
20201788  __TI_tmpnams                        
20201828  ToDoArr                             
2020183c  parmbuf                             
20201844  LostData                            
20201848  TExaSLogic                          
2020184c  TExaSadc                            
20201850  soundArr                            
20201854  soundIndex                          
2020185c  soundLength                         
20201862  buttons                             
20201863  sound_flag                          
20201864  toDoOpen                            
20207e00  __stack                             
20208000  __STACK_END                         
ffffffff  __TI_pprof_out_hndl                 
ffffffff  __TI_prof_data_size                 
ffffffff  __TI_prof_data_start                
ffffffff  __binit__                           
ffffffff  binit                               
UNDEFED   __mpu_init                          
UNDEFED   _system_post_cinit                  

[295 symbols]
