******************************************************************************
            TI ARM Clang Linker PC v4.0.1                      
******************************************************************************
>> Linked Sat Apr 12 12:26:57 2025

OUTPUT FILE NAME:   <MadMines.out>
ENTRY POINT SYMBOL: "_c_int00_noargs"  address: 00009a75


MEMORY CONFIGURATION

         name            origin    length      used     unused   attr    fill
----------------------  --------  ---------  --------  --------  ----  --------
  FLASH                 00000000   00020000  00009dd8  00016228  R  X
  SRAM                  20200000   00008000  000007d9  00007827  RW X
  BCR_CONFIG            41c00000   00000080  00000000  00000080  R   
  BSL_CONFIG            41c00100   00000080  00000000  00000080  R   


SEGMENT ALLOCATION MAP

run origin  load origin   length   init length attrs members
----------  ----------- ---------- ----------- ----- -------
00000000    00000000    00009dd8   00009dd8    r-x
  00000000    00000000    000000c0   000000c0    r-- .intvecs
  000000c0    000000c0    00007028   00007028    r-- .rodata
  000070e8    000070e8    00000008   00000008    r-- .init_array
  000070f0    000070f0    00002c50   00002c50    r-x .text
  00009d40    00009d40    00000098   00000098    r-- .cinit
20200000    20200000    000005dc   00000000    rw-
  20200000    20200000    00000200   00000000    rw- .sysmem
  20200200    20200200    00000201   00000000    rw- .data
  20200404    20200404    000001d8   00000000    rw- .bss
20207e00    20207e00    00000200   00000000    rw-
  20207e00    20207e00    00000200   00000000    rw- .stack


SECTION ALLOCATION MAP

 output                                  attributes/
section   page    origin      length       input sections
--------  ----  ----------  ----------   ----------------
.intvecs   0    00000000    000000c0     
                  00000000    000000c0     startup_mspm0g3507_ticlang.o (.intvecs)

.binit     0    00000000    00000000     

.text      0    000070f0    00002c50     
                  000070f0    00000210     ST7735.o (.text._Z17ST7735_DrawBitmapssPKtss)
                  00007300    000001c4     Lab9HMain.o (.text.main)
                  000074c4    000001b4     Clock.o (.text._Z15Clock_Init80MHzi)
                  00007678    000001a0     ST7735.o (.text._Z16ST7735_DrawCharSsscssh)
                  00007818    00000154     libc.a : fopen.c.obj (.text._openfile)
                  0000796c    0000012c     Player.o (.text._ZN6Player8moveDownEv)
                  00007a98    00000128     TExaS.o (.text._Z8ADC_InitP10ADC12_Regsjj)
                  00007bc0    00000118     ST7735.o (.text._Z15ST7735_FillRectsssst)
                  00007cd8    00000114     libc.a : memory.c.obj (.text.aligned_alloc)
                  00007dec    00000108     Player.o (.text._ZN6Player6moveUpEv)
                  00007ef4    000000f8     SPI.o (.text._Z8SPI_Initv)
                  00007fec    000000f4     ST7735.o (.text._Z18ST7735_SetRotationh)
                  000080e0    000000ec     libsysbm.a : add_device.c.obj (.text.add_device)
                  000081cc    000000e8     TExaS.o (.text._Z9UART_Initv)
                  000082b4    000000e8     libc.a : memory.c.obj (.text.free)
                  0000839c    000000e0            : setvbuf.c.obj (.text.setvbuf)
                  0000847c    000000d0     ST7735.o (.text._Z14ST7735_OutCharc)
                  0000854c    000000c8     Player.o (.text._ZN6Player14checkProximityE7Machine)
                  00008614    000000a8     Timer.o (.text._Z14TimerG7_IntArmtjj)
                  000086bc    000000a2     ST7735.o (.text._ZL11commandListPKh)
                  0000875e    00000002     Sound.o (.text.SysTick_Handler)
                  00008760    000000a0     libsysbm.a : open.c.obj (.text.open)
                  00008800    0000009c     ST7735.o (.text._Z17ST7735_InitPrintfv)
                  0000889c    00000098     ST7735.o (.text._Z12ST7735_InitR10initRFlags)
                  00008934    00000094     Timer.o (.text._Z15TimerG12_IntArmjj)
                  000089c8    0000008c     SlidePot.o (.text._ZN8SlidePot4InitEv)
                  00008a54    00000088     ST7735.o (.text._ZL13setAddrWindowhhhh)
                  00008adc    00000004     libc.a : pre_init.c.obj (.text._system_pre_init)
                  00008ae0    00000088            : strcmp-armv6m.S.obj (.text:strcmp)
                  00008b68    00000084     ST7735.o (.text._Z17ST7735_DrawStringttPcs)
                  00008bec    00000080     Player.o (.text._ZN6Player16resetCoordinatesEv)
                  00008c6c    0000007c     LaunchPad.o (.text._Z14LaunchPad_Initv)
                  00008ce8    0000007c     libc.a : fclose.c.obj (.text.__TI_closefile)
                  00008d64    0000007c            : copy_decompress_lzss.c.obj (.text:decompress:lzss)
                  00008de0    00000070     ST7735.o (.text._Z16ST7735_DrawPixelsst)
                  00008e50    0000006c     libsysbm.a : hostlseek.c.obj (.text.HOSTlseek)
                  00008ebc    0000006c                : hostrename.c.obj (.text.HOSTrename)
                  00008f28    0000006c     Machine.o (.text._ZN7Machine12printRefinerEh)
                  00008f94    0000006c     libc.a : getdevice.c.obj (.text.getdevice)
                  00009000    00000064     Machine.o (.text._ZN7Machine13updateRefinerEh)
                  00009064    00000064     libc.a : memory.c.obj (.text.split)
                  000090c8    00000060     libsysbm.a : hostopen.c.obj (.text.HOSTopen)
                  00009128    00000058                : hostread.c.obj (.text.HOSTread)
                  00009180    00000058                : hostwrite.c.obj (.text.HOSTwrite)
                  000091d8    00000058     TExaS.o (.text._Z10TExaS_InitP10ADC12_RegsjPFhvE)
                  00009230    00000054     Player.o (.text._ZN6Player15getMachineInputE7Machine)
                  00009284    00000054     SlidePot.o (.text._ZN8SlidePot2InEv)
                  000092d8    00000054     libc.a : autoinit.c.obj (.text:__TI_auto_init_nobinit)
                  0000932c    00000052            : fflush.c.obj (.text.__TI_doflush)
                  0000937e    00000002     Sound.o (.text._Z10Sound_Initv)
                  00009380    00000050     libsysbm.a : close.c.obj (.text.close)
                  000093d0    0000004c     Player.o (.text._ZN6Player8moveLeftEv)
                  0000941c    0000004c     Player.o (.text._ZN6Player9moveRightEv)
                  00009468    00000048     libsysbm.a : hostclose.c.obj (.text.HOSTclose)
                  000094b0    00000048                : hostunlink.c.obj (.text.HOSTunlink)
                  000094f8    00000048     SPI.o (.text._Z14SPI_OutCommandc)
                  00009540    00000040     TExaS.o (.text.TIMG7_IRQHandler)
                  00009580    00000040     SPI.o (.text._Z9SPI_Resetv)
                  000095c0    00000040     libclang_rt.builtins.a : aeabi_uidivmod.S.obj (.text.__aeabi_uidivmod)
                  00009600    00000040     libc.a : fopen.c.obj (.text._search_fp)
                  00009640    00000038     SPI.o (.text._Z11SPI_OutDatac)
                  00009678    00000038     LaunchPad.o (.text._Z15ActivatePortA_Bv)
                  000096b0    00000034     ST7735.o (.text._Z12ST7735_writeiPKcj)
                  000096e4    00000034     Clock.o (.text._Z14Clock_Delay1msj)
                  00009718    00000034     ST7735.o (.text._Z16ST7735_SetCursorjj)
                  0000974c    00000034     LED.o (.text._Z8LED_Initv)
                  00009780    00000034     Machine.o (.text._ZN7MachineC2Ehhhh)
                  000097b4    00000034     libc.a : fopen.c.obj (.text.__TI_cleanup)
                  000097e8    00000034     libsysbm.a : trgmsg.c.obj (.text.__TI_readmsg)
                  0000981c    00000034                : trgmsg.c.obj (.text.__TI_writemsg)
                  00009850    00000034     libc.a : exit.c.obj (.text.exit)
                  00009884    00000034            : getdevice.c.obj (.text.finddevice)
                  000098b8    00000034            : fopen.c.obj (.text.freopen)
                  000098ec    00000030     Lab9HMain.o (.text.TIMG12_IRQHandler)
                  0000991c    00000030     ST7735.o (.text._ZL10commonInitPKh)
                  0000994c    00000030     libc.a : fopen.c.obj (.text.fopen)
                  0000997c    0000002c     ST7735.o (.text._Z17ST7735_FillScreent)
                  000099a8    0000002c     libsysbm.a : unlink.c.obj (.text.unlink)
                  000099d4    00000028     Switch.o (.text._Z11Switch_Initv)
                  000099fc    00000028     TExaS.o (.text._Z9ADC_StartP10ADC12_Regs)
                  00009a24    00000028     libc.a : memory.c.obj (.text.free_list_insert)
                  00009a4c    00000028     libsysbm.a : write.c.obj (.text.write)
                  00009a74    00000028     libc.a : boot_cortex_m.c.obj (.text:_c_int00_noargs)
                  00009a9c    00000024     SlidePot.o (.text._ZN8SlidePot4SaveEj)
                  00009ac0    00000020     SlidePot.o (.text._ZN8SlidePot4SyncEv)
                  00009ae0    0000001e     ST7735.o (.text._ZL9pushColort)
                  00009afe    00000002     libclang_rt.builtins.a : aeabi_div0.c.obj (.text.__aeabi_idiv0)
                  00009b00    0000001c     startup_mspm0g3507_ticlang.o (.text.Default_Handler)
                  00009b1c    0000001c     startup_mspm0g3507_ticlang.o (.text.HardFault_Handler)
                  00009b38    0000001c     Player.o (.text._ZN6PlayerC2Ev)
                  00009b54    0000001c     Lab9HMain.o (.text.__cxx_global_var_init.2)
                  00009b70    0000001c     libc.a : memory.c.obj (.text.free_list_remove)
                  00009b8c    00000016     ST7735.o (.text._Z11ST7735_openPKcji)
                  00009ba2    00000016     ST7735.o (.text._Z11ST7735_readiPcj)
                  00009bb8    00000016     libc.a : copy_zero_init.c.obj (.text:decompress:ZI:__TI_zero_init_nomemset)
                  00009bce    00000012            : memcpy16.S.obj (.text:TI_memcpy_small)
                  00009be0    00000012            : copy_decompress_none.c.obj (.text:decompress:none)
                  00009bf2    00000010     Lab9HMain.o (.text._GLOBAL__sub_I_Lab9HMain.cpp)
                  00009c02    00000010     Clock.o (.text._Z11Clock_Delayj)
                  00009c12    00000002     libc.a : _lock.c.obj (.text._nop)
                  00009c14    00000010     Lab9HMain.o (.text._Z28TExaS_LaunchPadLogicPB27PB26v)
                  00009c24    00000010     Lab9HMain.o (.text.__cxx_global_var_init.1)
                  00009c34    00000010     Lab9HMain.o (.text.__cxx_global_var_init)
                  00009c44    0000000e     libc.a : memory.c.obj (.text.OUTLINED_FUNCTION_0)
                  00009c52    0000000e     ST7735.o (.text._Z12ST7735_lseekili)
                  00009c60    0000000e     Player.o (.text._ZN6Player7getXPosEv)
                  00009c6e    0000000e     Player.o (.text._ZN6Player7getYPosEv)
                  00009c7c    0000000e     SlidePot.o (.text._ZN8SlidePotC2Ev)
                  00009c8a    0000000e     libsysbm.a : hostrename.c.obj (.text.strcpy)
                  00009c98    0000000e                : hostrename.c.obj (.text.strlen)
                  00009ca6    0000000e     libc.a : memset16.S.obj (.text:TI_memset_small)
                  00009cb4    0000000c     Clock.o (.text._Z10Clock_Freqv)
                  00009cc0    0000000c     ST7735.o (.text._Z13ST7735_renamePKcS0_)
                  00009ccc    0000000c     Player.o (.text._ZN6Player7getSizeEv)
                  00009cd8    0000000c     SlidePot.o (.text._ZN8SlidePot9DistanceXEv)
                  00009ce4    0000000c     SlidePot.o (.text._ZN8SlidePot9DistanceYEv)
                  00009cf0    0000000c     libclang_rt.builtins.a : aeabi_memset.S.obj (.text.__aeabi_memclr)
                  00009cfc    0000000c     libc.a : memory.c.obj (.text.malloc)
                  00009d08    0000000a     ST7735.o (.text._Z12ST7735_closei)
                  00009d12    0000000a     ST7735.o (.text._Z13ST7735_unlinkPKc)
                  00009d1c    0000000a     Lab9HMain.o (.text._Z8PLL_Initv)
                  00009d26    00000002     --HOLE-- [fill = 0]
                  00009d28    00000008     libclang_rt.builtins.a : aeabi_memcpy.S.obj (.text.__aeabi_memcpy)
                  00009d30    00000008     libsysbm.a : remove.c.obj (.text.remove)
                  00009d38    00000004     startup_mspm0g3507_ticlang.o (.text.Reset_Handler)
                  00009d3c    00000004     libc.a : exit.c.obj (.text:abort)

.cinit     0    00009d40    00000098     
                  00009d40    0000006d     (.cinit..data.load) [load image, compression = lzss]
                  00009dad    00000003     --HOLE-- [fill = 0]
                  00009db0    0000000c     (__TI_handler_table)
                  00009dbc    00000008     (.cinit..bss.load) [load image, compression = zero_init]
                  00009dc4    00000010     (__TI_cinit_table)
                  00009dd4    00000004     --HOLE-- [fill = 0]

.rodata    0    000000c0    00007028     
                  000000c0    00001f40     Lab9HMain.o (.rodata._ZL4todo)
                  00002000    000010ae     Machine.o (.rodata._ZL14refinerWorking)
                  000030ae    000010ae     Machine.o (.rodata._ZL16refinerHighlight)
                  0000415c    000010ae     Lab9HMain.o (.rodata._ZL7refiner)
                  0000520a    000010ae     Machine.o (.rodata._ZL7refiner)
                  000062b8    00000882     Lab9HMain.o (.rodata._ZL5miner)
                  00006b3a    000004fb     ST7735.o (.rodata._ZL4Font)
                  00007035    0000003b     ST7735.o (.rodata._ZL5Rcmd1)
                  00007070    0000002b     ST7735.o (.rodata._ZL5Rcmd3)
                  0000709b    00000016     ST7735.o (.rodata.str1.145533100666594254441)
                  000070b1    0000000d     ST7735.o (.rodata._ZL10Rcmd2green)
                  000070be    0000000d     ST7735.o (.rodata._ZL8Rcmd2red)
                  000070cb    00000008     ST7735.o (.rodata.str1.74455504091578136031)
                  000070d3    00000007     ST7735.o (.rodata.str1.70397418904557661531)
                  000070da    00000007     ST7735.o (.rodata.str1.94386759871288863331)
                  000070e1    00000002     ST7735.o (.rodata.str1.79068154596109554801)
                  000070e3    00000005     --HOLE-- [fill = 0]

.init_array 
*          0    000070e8    00000008     
                  000070e8    00000004     Lab9HMain.o (.init_array)
                  000070ec    00000004     --HOLE-- [fill = 0]

.sysmem    0    20200000    00000200     UNINITIALIZED
                  20200000    00000010     libc.a : memory.c.obj (.sysmem)
                  20200010    000001f0     --HOLE--

.data      0    20200200    00000201     UNINITIALIZED
                  20200200    000000f0     libc.a : defs.c.obj (.data._ftable)
                  202002f0    00000078     libsysbm.a : host_device.c.obj (.data._device)
                  20200368    00000050                : host_device.c.obj (.data._stream)
                  202003b8    0000000c     Lab9HMain.o (.data.Sensor)
                  202003c4    00000008     libc.a : exit.c.obj (.data..L_MergedGlobals)
                  202003cc    00000008     Lab9HMain.o (.data.p1)
                  202003d4    00000006     Lab9HMain.o (.data.m_refiner)
                  202003da    00000002     ST7735.o (.data.StTextColor)
                  202003dc    00000004     Clock.o (.data.BusFreq)
                  202003e0    00000004     ST7735.o (.data.StX)
                  202003e4    00000004     ST7735.o (.data.StY)
                  202003e8    00000004     libc.a : defs.c.obj (.data.__TI_ft_end)
                  202003ec    00000004            : _lock.c.obj (.data._lock)
                  202003f0    00000004            : _lock.c.obj (.data._unlock)
                  202003f4    00000002     ST7735.o (.data._ZL6_width)
                  202003f6    00000002     ST7735.o (.data._ZL7_height)
                  202003f8    00000001     libsysbm.a : add_device.c.obj (.data.add_device.device_init)
                  202003f9    00000001     Lab9HMain.o (.data.input)
                  202003fa    00000002     --HOLE--
                  202003fc    00000001     libc.a : memory.c.obj (.data.memory_is_initialized)
                  202003fd    00000003     --HOLE--
                  20200400    00000001     libsysbm.a : open.c.obj (.data.open.stream_init)

.bss       0    20200404    000001d8     UNINITIALIZED
                  20200404    00000120     libsysbm.a : trgmsg.c.obj (.bss:_CIOBUF_)
                  20200524    000000a0     libc.a : defs.c.obj (.bss.__TI_tmpnams)
                  202005c4    00000008     libsysbm.a : hostopen.c.obj (.bss.parmbuf)
                  202005cc    00000004     TExaS.o (.bss.TExaSLogic)
                  202005d0    00000004     TExaS.o (.bss.TExaSadc)
                  202005d4    00000004     libc.a : memory.c.obj (.bss.sys_free)
                  202005d8    00000001     ST7735.o (.bss._ZL8ColStart)
                  202005d9    00000001     ST7735.o (.bss._ZL8Rotation)
                  202005da    00000001     ST7735.o (.bss._ZL8RowStart)
                  202005db    00000001     ST7735.o (.bss._ZL8TabColor)

.stack     0    20207e00    00000200     UNINITIALIZED
                  20207e00    00000004     libc.a : boot_cortex_m.c.obj (.stack)
                  20207e04    000001fc     --HOLE--

__llvm_prf_cnts 
*          0    20200000    00000000     UNINITIALIZED

__llvm_prf_bits 
*          0    20200000    00000000     UNINITIALIZED

MODULE SUMMARY

       Module                         code    ro data   rw data
       ------                         ----    -------   -------
    .\
       Lab9HMain.o                    602     14452     27     
       Machine.o                      260     12810     0      
       ST7735.o                       2842    1449      18     
       Player.o                       1196    0         0      
       TExaS.o                        720     0         8      
       Clock.o                        516     0         4      
       SPI.o                          440     0         0      
       SlidePot.o                     330     0         0      
       Timer.o                        316     0         0      
       LaunchPad.o                    180     0         0      
       LED.o                          52      0         0      
       Switch.o                       40      0         0      
       Sound.o                        4       0         0      
    +--+------------------------------+-------+---------+---------+
       Total:                         7498    28711     57     
                                                               
    .\ticlang\
       startup_mspm0g3507_ticlang.o   60      192       0      
    +--+------------------------------+-------+---------+---------+
       Total:                         60      192       0      
                                                               
    C:\ti\ccs2000\ccs\tools\compiler\ti-cgt-armllvm_4.0.1.LTS\lib\armv6m-ti-none-eabi/c/libc.a
       memory.c.obj                   702     0         5      
       fopen.c.obj                    556     0         0      
       defs.c.obj                     0       0         404    
       setvbuf.c.obj                  224     0         0      
       getdevice.c.obj                160     0         0      
       strcmp-armv6m.S.obj            136     0         0      
       copy_decompress_lzss.c.obj     124     0         0      
       fclose.c.obj                   124     0         0      
       autoinit.c.obj                 84      0         0      
       fflush.c.obj                   82      0         0      
       exit.c.obj                     56      0         8      
       boot_cortex_m.c.obj            40      0         0      
       copy_zero_init.c.obj           22      0         0      
       copy_decompress_none.c.obj     18      0         0      
       memcpy16.S.obj                 18      0         0      
       memset16.S.obj                 14      0         0      
       _lock.c.obj                    2       0         8      
       pre_init.c.obj                 4       0         0      
    +--+------------------------------+-------+---------+---------+
       Total:                         2366    0         425    
                                                               
    C:\ti\ccs2000\ccs\tools\compiler\ti-cgt-armllvm_4.0.1.LTS\lib\armv6m-ti-none-eabi/c/libsysbm.a
       trgmsg.c.obj                   104     0         288    
       add_device.c.obj               236     0         1      
       host_device.c.obj              0       0         200    
       open.c.obj                     160     0         1      
       hostrename.c.obj               136     0         0      
       hostlseek.c.obj                108     0         0      
       hostopen.c.obj                 96      0         8      
       hostread.c.obj                 88      0         0      
       hostwrite.c.obj                88      0         0      
       close.c.obj                    80      0         0      
       hostclose.c.obj                72      0         0      
       hostunlink.c.obj               72      0         0      
       unlink.c.obj                   44      0         0      
       write.c.obj                    40      0         0      
       remove.c.obj                   8       0         0      
    +--+------------------------------+-------+---------+---------+
       Total:                         1332    0         498    
                                                               
    C:\ti\ccs2000\ccs\tools\compiler\ti-cgt-armllvm_4.0.1.LTS\lib\armv6m-ti-none-eabi/libclang_rt.builtins.a
       aeabi_uidivmod.S.obj           64      0         0      
       aeabi_memset.S.obj             12      0         0      
       aeabi_memcpy.S.obj             8       0         0      
       aeabi_div0.c.obj               2       0         0      
    +--+------------------------------+-------+---------+---------+
       Total:                         86      0         0      
                                                               
       Heap:                          0       0         512    
       Stack:                         0       0         512    
       Linker Generated:              0       145       0      
    +--+------------------------------+-------+---------+---------+
       Grand Total:                   11342   29048     2004   


LINKER GENERATED COPY TABLES

__TI_cinit_table @ 00009dc4 records: 2, size/record: 8, table size: 16
	.data: load addr=00009d40, load size=0000006d bytes, run addr=20200200, run size=00000201 bytes, compression=lzss
	.bss: load addr=00009dbc, load size=00000008 bytes, run addr=20200404, run size=000001d8 bytes, compression=zero_init


LINKER GENERATED HANDLER TABLE

__TI_handler_table @ 00009db0 records: 3, size/record: 4, table size: 12
	index: 0, handler: __TI_decompress_lzss
	index: 1, handler: __TI_decompress_none
	index: 2, handler: __TI_zero_init


GLOBAL SYMBOLS: SORTED ALPHABETICALLY BY Name 

address   name                                
-------   ----                                
00009b01  ADC0_IRQHandler                     
00009b01  ADC1_IRQHandler                     
00009b01  AES_IRQHandler                      
202003dc  BusFreq                             
00009d3c  C$$EXIT                             
00009849  C$$IO$$                             
00009b01  CANFD0_IRQHandler                   
00009b01  DAC0_IRQHandler                     
00009b01  DMA_IRQHandler                      
00009b01  Default_Handler                     
00009b01  GROUP0_IRQHandler                   
00009b01  GROUP1_IRQHandler                   
00009469  HOSTclose                           
00008e51  HOSTlseek                           
000090c9  HOSTopen                            
00009129  HOSTread                            
00008ebd  HOSTrename                          
000094b1  HOSTunlink                          
00009181  HOSTwrite                           
00009b1d  HardFault_Handler                   
00009b01  I2C0_IRQHandler                     
00009b01  I2C1_IRQHandler                     
00009b01  NMI_Handler                         
00009b01  PendSV_Handler                      
00009b01  RTC_IRQHandler                      
00009d39  Reset_Handler                       
000070e8  SHT$$INIT_ARRAY$$Base               
000070ec  SHT$$INIT_ARRAY$$Limit              
00009b01  SPI0_IRQHandler                     
00009b01  SPI1_IRQHandler                     
00009b01  SVC_Handler                         
202003b8  Sensor                              
202003da  StTextColor                         
202003e0  StX                                 
202003e4  StY                                 
0000875f  SysTick_Handler                     
202005cc  TExaSLogic                          
202005d0  TExaSadc                            
00009b01  TIMA0_IRQHandler                    
00009b01  TIMA1_IRQHandler                    
00009b01  TIMG0_IRQHandler                    
000098ed  TIMG12_IRQHandler                   
00009b01  TIMG6_IRQHandler                    
00009541  TIMG7_IRQHandler                    
00009b01  TIMG8_IRQHandler                    
00009bcf  TI_memcpy_small                     
00009ca7  TI_memset_small                     
00009b01  UART0_IRQHandler                    
00009b01  UART1_IRQHandler                    
00009b01  UART2_IRQHandler                    
00009b01  UART3_IRQHandler                    
20200404  _CIOBUF_                            
00009cb5  _Z10Clock_Freqv                     
0000937f  _Z10Sound_Initv                     
000091d9  _Z10TExaS_InitP10ADC12_RegsjPFhvE   
00009c03  _Z11Clock_Delayj                    
00009641  _Z11SPI_OutDatac                    
00009b8d  _Z11ST7735_openPKcji                
00009ba3  _Z11ST7735_readiPcj                 
000099d5  _Z11Switch_Initv                    
0000889d  _Z12ST7735_InitR10initRFlags        
00009d09  _Z12ST7735_closei                   
00009c53  _Z12ST7735_lseekili                 
000096b1  _Z12ST7735_writeiPKcj               
00009cc1  _Z13ST7735_renamePKcS0_             
00009d13  _Z13ST7735_unlinkPKc                
000096e5  _Z14Clock_Delay1msj                 
00008c6d  _Z14LaunchPad_Initv                 
000094f9  _Z14SPI_OutCommandc                 
0000847d  _Z14ST7735_OutCharc                 
00008615  _Z14TimerG7_IntArmtjj               
00009679  _Z15ActivatePortA_Bv                
000074c5  _Z15Clock_Init80MHzi                
00007bc1  _Z15ST7735_FillRectsssst            
00008935  _Z15TimerG12_IntArmjj               
00007679  _Z16ST7735_DrawCharSsscssh          
00008de1  _Z16ST7735_DrawPixelsst             
00009719  _Z16ST7735_SetCursorjj              
000070f1  _Z17ST7735_DrawBitmapssPKtss        
00008b69  _Z17ST7735_DrawStringttPcs          
0000997d  _Z17ST7735_FillScreent              
00008801  _Z17ST7735_InitPrintfv              
00007fed  _Z18ST7735_SetRotationh             
00009c15  _Z28TExaS_LaunchPadLogicPB27PB26v   
00007a99  _Z8ADC_InitP10ADC12_Regsjj          
0000974d  _Z8LED_Initv                        
00009d1d  _Z8PLL_Initv                        
00007ef5  _Z8SPI_Initv                        
000099fd  _Z9ADC_StartP10ADC12_Regs           
00009581  _Z9SPI_Resetv                       
000081cd  _Z9UART_Initv                       
0000854d  _ZN6Player14checkProximityE7Machine 
00009231  _ZN6Player15getMachineInputE7Machine
00008bed  _ZN6Player16resetCoordinatesEv      
00007ded  _ZN6Player6moveUpEv                 
00009ccd  _ZN6Player7getSizeEv                
00009c61  _ZN6Player7getXPosEv                
00009c6f  _ZN6Player7getYPosEv                
0000796d  _ZN6Player8moveDownEv               
000093d1  _ZN6Player8moveLeftEv               
0000941d  _ZN6Player9moveRightEv              
00009b39  _ZN6PlayerC1Ev                      
00009b39  _ZN6PlayerC2Ev                      
00008f29  _ZN7Machine12printRefinerEh         
00009001  _ZN7Machine13updateRefinerEh        
00009781  _ZN7MachineC1Ehhhh                  
00009781  _ZN7MachineC2Ehhhh                  
00009285  _ZN8SlidePot2InEv                   
000089c9  _ZN8SlidePot4InitEv                 
00009a9d  _ZN8SlidePot4SaveEj                 
00009ac1  _ZN8SlidePot4SyncEv                 
00009cd9  _ZN8SlidePot9DistanceXEv            
00009ce5  _ZN8SlidePot9DistanceYEv            
00009c7d  _ZN8SlidePotC1Ev                    
00009c7d  _ZN8SlidePotC2Ev                    
20200404  __CIOBUF_                           
20208000  __STACK_END                         
00000200  __STACK_SIZE                        
00000200  __SYSMEM_SIZE                       
00000000  __TI_ATRegion0_region_sz            
00000000  __TI_ATRegion0_src_addr             
00000000  __TI_ATRegion0_trg_addr             
00000000  __TI_ATRegion1_region_sz            
00000000  __TI_ATRegion1_src_addr             
00000000  __TI_ATRegion1_trg_addr             
00000000  __TI_ATRegion2_region_sz            
00000000  __TI_ATRegion2_src_addr             
00000000  __TI_ATRegion2_trg_addr             
00009dc4  __TI_CINIT_Base                     
00009dd4  __TI_CINIT_Limit                    
00009dd4  __TI_CINIT_Warm                     
00009db0  __TI_Handler_Table_Base             
00009dbc  __TI_Handler_Table_Limit            
000092d9  __TI_auto_init_nobinit              
000097b5  __TI_cleanup                        
202003c4  __TI_cleanup_ptr                    
00008ce9  __TI_closefile                      
00008d65  __TI_decompress_lzss                
00009be1  __TI_decompress_none                
0000932d  __TI_doflush                        
202003c8  __TI_dtors_ptr                      
202003e8  __TI_ft_end                         
ffffffff  __TI_pprof_out_hndl                 
ffffffff  __TI_prof_data_size                 
ffffffff  __TI_prof_data_start                
000097e9  __TI_readmsg                        
00000000  __TI_static_base__                  
20200524  __TI_tmpnams                        
0000981d  __TI_writemsg                       
00009bb9  __TI_zero_init_nomemset             
00009aff  __aeabi_idiv0                       
00009cf1  __aeabi_memclr                      
00009cf1  __aeabi_memclr4                     
00009cf1  __aeabi_memclr8                     
00009d29  __aeabi_memcpy                      
00009d29  __aeabi_memcpy4                     
00009d29  __aeabi_memcpy8                     
000095c1  __aeabi_uidiv                       
000095c1  __aeabi_uidivmod                    
ffffffff  __binit__                           
UNDEFED   __mpu_init                          
20207e00  __stack                             
20200000  __start___llvm_prf_bits             
20200000  __start___llvm_prf_cnts             
20200000  __stop___llvm_prf_bits              
20200000  __stop___llvm_prf_cnts              
00009a75  _c_int00_noargs                     
202002f0  _device                             
20200200  _ftable                             
202003ec  _lock                               
00009c13  _nop                                
20200368  _stream                             
20200000  _sys_memory                         
UNDEFED   _system_post_cinit                  
00008add  _system_pre_init                    
202003f0  _unlock                             
00009d3d  abort                               
000080e1  add_device                          
00007cd9  aligned_alloc                       
ffffffff  binit                               
00009381  close                               
00009851  exit                                
00009885  finddevice                          
0000994d  fopen                               
000082b5  free                                
000098b9  freopen                             
00008f95  getdevice                           
202003f9  input                               
00000000  interruptVectors                    
202003d4  m_refiner                           
00007301  main                                
00009cfd  malloc                              
00007cd9  memalign                            
00008761  open                                
202003cc  p1                                  
202005c4  parmbuf                             
00009d31  remove                              
0000839d  setvbuf                             
00008ae1  strcmp                              
000099a9  unlink                              
00009a4d  write                               


GLOBAL SYMBOLS: SORTED BY Symbol Address 

address   name                                
-------   ----                                
00000000  __TI_ATRegion0_region_sz            
00000000  __TI_ATRegion0_src_addr             
00000000  __TI_ATRegion0_trg_addr             
00000000  __TI_ATRegion1_region_sz            
00000000  __TI_ATRegion1_src_addr             
00000000  __TI_ATRegion1_trg_addr             
00000000  __TI_ATRegion2_region_sz            
00000000  __TI_ATRegion2_src_addr             
00000000  __TI_ATRegion2_trg_addr             
00000000  __TI_static_base__                  
00000000  interruptVectors                    
00000200  __STACK_SIZE                        
00000200  __SYSMEM_SIZE                       
000070e8  SHT$$INIT_ARRAY$$Base               
000070ec  SHT$$INIT_ARRAY$$Limit              
000070f1  _Z17ST7735_DrawBitmapssPKtss        
00007301  main                                
000074c5  _Z15Clock_Init80MHzi                
00007679  _Z16ST7735_DrawCharSsscssh          
0000796d  _ZN6Player8moveDownEv               
00007a99  _Z8ADC_InitP10ADC12_Regsjj          
00007bc1  _Z15ST7735_FillRectsssst            
00007cd9  aligned_alloc                       
00007cd9  memalign                            
00007ded  _ZN6Player6moveUpEv                 
00007ef5  _Z8SPI_Initv                        
00007fed  _Z18ST7735_SetRotationh             
000080e1  add_device                          
000081cd  _Z9UART_Initv                       
000082b5  free                                
0000839d  setvbuf                             
0000847d  _Z14ST7735_OutCharc                 
0000854d  _ZN6Player14checkProximityE7Machine 
00008615  _Z14TimerG7_IntArmtjj               
0000875f  SysTick_Handler                     
00008761  open                                
00008801  _Z17ST7735_InitPrintfv              
0000889d  _Z12ST7735_InitR10initRFlags        
00008935  _Z15TimerG12_IntArmjj               
000089c9  _ZN8SlidePot4InitEv                 
00008add  _system_pre_init                    
00008ae1  strcmp                              
00008b69  _Z17ST7735_DrawStringttPcs          
00008bed  _ZN6Player16resetCoordinatesEv      
00008c6d  _Z14LaunchPad_Initv                 
00008ce9  __TI_closefile                      
00008d65  __TI_decompress_lzss                
00008de1  _Z16ST7735_DrawPixelsst             
00008e51  HOSTlseek                           
00008ebd  HOSTrename                          
00008f29  _ZN7Machine12printRefinerEh         
00008f95  getdevice                           
00009001  _ZN7Machine13updateRefinerEh        
000090c9  HOSTopen                            
00009129  HOSTread                            
00009181  HOSTwrite                           
000091d9  _Z10TExaS_InitP10ADC12_RegsjPFhvE   
00009231  _ZN6Player15getMachineInputE7Machine
00009285  _ZN8SlidePot2InEv                   
000092d9  __TI_auto_init_nobinit              
0000932d  __TI_doflush                        
0000937f  _Z10Sound_Initv                     
00009381  close                               
000093d1  _ZN6Player8moveLeftEv               
0000941d  _ZN6Player9moveRightEv              
00009469  HOSTclose                           
000094b1  HOSTunlink                          
000094f9  _Z14SPI_OutCommandc                 
00009541  TIMG7_IRQHandler                    
00009581  _Z9SPI_Resetv                       
000095c1  __aeabi_uidiv                       
000095c1  __aeabi_uidivmod                    
00009641  _Z11SPI_OutDatac                    
00009679  _Z15ActivatePortA_Bv                
000096b1  _Z12ST7735_writeiPKcj               
000096e5  _Z14Clock_Delay1msj                 
00009719  _Z16ST7735_SetCursorjj              
0000974d  _Z8LED_Initv                        
00009781  _ZN7MachineC1Ehhhh                  
00009781  _ZN7MachineC2Ehhhh                  
000097b5  __TI_cleanup                        
000097e9  __TI_readmsg                        
0000981d  __TI_writemsg                       
00009849  C$$IO$$                             
00009851  exit                                
00009885  finddevice                          
000098b9  freopen                             
000098ed  TIMG12_IRQHandler                   
0000994d  fopen                               
0000997d  _Z17ST7735_FillScreent              
000099a9  unlink                              
000099d5  _Z11Switch_Initv                    
000099fd  _Z9ADC_StartP10ADC12_Regs           
00009a4d  write                               
00009a75  _c_int00_noargs                     
00009a9d  _ZN8SlidePot4SaveEj                 
00009ac1  _ZN8SlidePot4SyncEv                 
00009aff  __aeabi_idiv0                       
00009b01  ADC0_IRQHandler                     
00009b01  ADC1_IRQHandler                     
00009b01  AES_IRQHandler                      
00009b01  CANFD0_IRQHandler                   
00009b01  DAC0_IRQHandler                     
00009b01  DMA_IRQHandler                      
00009b01  Default_Handler                     
00009b01  GROUP0_IRQHandler                   
00009b01  GROUP1_IRQHandler                   
00009b01  I2C0_IRQHandler                     
00009b01  I2C1_IRQHandler                     
00009b01  NMI_Handler                         
00009b01  PendSV_Handler                      
00009b01  RTC_IRQHandler                      
00009b01  SPI0_IRQHandler                     
00009b01  SPI1_IRQHandler                     
00009b01  SVC_Handler                         
00009b01  TIMA0_IRQHandler                    
00009b01  TIMA1_IRQHandler                    
00009b01  TIMG0_IRQHandler                    
00009b01  TIMG6_IRQHandler                    
00009b01  TIMG8_IRQHandler                    
00009b01  UART0_IRQHandler                    
00009b01  UART1_IRQHandler                    
00009b01  UART2_IRQHandler                    
00009b01  UART3_IRQHandler                    
00009b1d  HardFault_Handler                   
00009b39  _ZN6PlayerC1Ev                      
00009b39  _ZN6PlayerC2Ev                      
00009b8d  _Z11ST7735_openPKcji                
00009ba3  _Z11ST7735_readiPcj                 
00009bb9  __TI_zero_init_nomemset             
00009bcf  TI_memcpy_small                     
00009be1  __TI_decompress_none                
00009c03  _Z11Clock_Delayj                    
00009c13  _nop                                
00009c15  _Z28TExaS_LaunchPadLogicPB27PB26v   
00009c53  _Z12ST7735_lseekili                 
00009c61  _ZN6Player7getXPosEv                
00009c6f  _ZN6Player7getYPosEv                
00009c7d  _ZN8SlidePotC1Ev                    
00009c7d  _ZN8SlidePotC2Ev                    
00009ca7  TI_memset_small                     
00009cb5  _Z10Clock_Freqv                     
00009cc1  _Z13ST7735_renamePKcS0_             
00009ccd  _ZN6Player7getSizeEv                
00009cd9  _ZN8SlidePot9DistanceXEv            
00009ce5  _ZN8SlidePot9DistanceYEv            
00009cf1  __aeabi_memclr                      
00009cf1  __aeabi_memclr4                     
00009cf1  __aeabi_memclr8                     
00009cfd  malloc                              
00009d09  _Z12ST7735_closei                   
00009d13  _Z13ST7735_unlinkPKc                
00009d1d  _Z8PLL_Initv                        
00009d29  __aeabi_memcpy                      
00009d29  __aeabi_memcpy4                     
00009d29  __aeabi_memcpy8                     
00009d31  remove                              
00009d39  Reset_Handler                       
00009d3c  C$$EXIT                             
00009d3d  abort                               
00009db0  __TI_Handler_Table_Base             
00009dbc  __TI_Handler_Table_Limit            
00009dc4  __TI_CINIT_Base                     
00009dd4  __TI_CINIT_Limit                    
00009dd4  __TI_CINIT_Warm                     
20200000  __start___llvm_prf_bits             
20200000  __start___llvm_prf_cnts             
20200000  __stop___llvm_prf_bits              
20200000  __stop___llvm_prf_cnts              
20200000  _sys_memory                         
20200200  _ftable                             
202002f0  _device                             
20200368  _stream                             
202003b8  Sensor                              
202003c4  __TI_cleanup_ptr                    
202003c8  __TI_dtors_ptr                      
202003cc  p1                                  
202003d4  m_refiner                           
202003da  StTextColor                         
202003dc  BusFreq                             
202003e0  StX                                 
202003e4  StY                                 
202003e8  __TI_ft_end                         
202003ec  _lock                               
202003f0  _unlock                             
202003f9  input                               
20200404  _CIOBUF_                            
20200404  __CIOBUF_                           
20200524  __TI_tmpnams                        
202005c4  parmbuf                             
202005cc  TExaSLogic                          
202005d0  TExaSadc                            
20207e00  __stack                             
20208000  __STACK_END                         
ffffffff  __TI_pprof_out_hndl                 
ffffffff  __TI_prof_data_size                 
ffffffff  __TI_prof_data_start                
ffffffff  __binit__                           
ffffffff  binit                               
UNDEFED   __mpu_init                          
UNDEFED   _system_post_cinit                  

[201 symbols]
