******************************************************************************
            TI ARM Clang Linker PC v4.0.1                      
******************************************************************************
>> Linked Sat Apr 12 15:48:42 2025

OUTPUT FILE NAME:   <MadMines.out>
ENTRY POINT SYMBOL: "_c_int00_noargs"  address: 00007fa5


MEMORY CONFIGURATION

         name            origin    length      used     unused   attr    fill
----------------------  --------  ---------  --------  --------  ----  --------
  FLASH                 00000000   00020000  00008358  00017ca8  R  X
  SRAM                  20200000   00008000  000007e8  00007818  RW X
  BCR_CONFIG            41c00000   00000080  00000000  00000080  R   
  BSL_CONFIG            41c00100   00000080  00000000  00000080  R   


SEGMENT ALLOCATION MAP

run origin  load origin   length   init length attrs members
----------  ----------- ---------- ----------- ----- -------
00000000    00000000    00008358   00008358    r-x
  00000000    00000000    000000c0   000000c0    r-- .intvecs
  000000c0    000000c0    00005498   00005498    r-- .rodata
  00005558    00005558    00000008   00000008    r-- .init_array
  00005560    00005560    00002d60   00002d60    r-x .text
  000082c0    000082c0    00000098   00000098    r-- .cinit
20200000    20200000    000005ef   00000000    rw-
  20200000    20200000    00000209   00000000    rw- .data
  20200210    20200210    00000200   00000000    rw- .sysmem
  20200410    20200410    000001df   00000000    rw- .bss
20207e00    20207e00    00000200   00000000    rw-
  20207e00    20207e00    00000200   00000000    rw- .stack


SECTION ALLOCATION MAP

 output                                  attributes/
section   page    origin      length       input sections
--------  ----  ----------  ----------   ----------------
.intvecs   0    00000000    000000c0     
                  00000000    000000c0     startup_mspm0g3507_ticlang.o (.intvecs)

.binit     0    00000000    00000000     

.text      0    00005560    00002d60     
                  00005560    00000210     ST7735.o (.text._Z17ST7735_DrawBitmapssPKtss)
                  00005770    000001cc     Lab9HMain.o (.text.main)
                  0000593c    000001b4     Clock.o (.text._Z15Clock_Init80MHzi)
                  00005af0    000001a0     ST7735.o (.text._Z16ST7735_DrawCharSsscssh)
                  00005c90    00000154     libc.a : fopen.c.obj (.text._openfile)
                  00005de4    00000144     Player.o (.text._ZN6Player14checkProximityE7Machine)
                  00005f28    0000012c     Player.o (.text._ZN6Player8moveDownEv)
                  00006054    00000128     TExaS.o (.text._Z8ADC_InitP10ADC12_Regsjj)
                  0000617c    00000118     ST7735.o (.text._Z15ST7735_FillRectsssst)
                  00006294    00000114     libc.a : memory.c.obj (.text.aligned_alloc)
                  000063a8    00000108     Player.o (.text._ZN6Player6moveUpEv)
                  000064b0    000000f8     SPI.o (.text._Z8SPI_Initv)
                  000065a8    000000f4     ST7735.o (.text._Z18ST7735_SetRotationh)
                  0000669c    000000ec     libsysbm.a : add_device.c.obj (.text.add_device)
                  00006788    000000e8     TExaS.o (.text._Z9UART_Initv)
                  00006870    000000e8     libc.a : memory.c.obj (.text.free)
                  00006958    000000e4     Machine.o (.text._ZN7Machine11updateAnvilEh)
                  00006a3c    000000e0     libc.a : setvbuf.c.obj (.text.setvbuf)
                  00006b1c    000000d0     ST7735.o (.text._Z14ST7735_OutCharc)
                  00006bec    000000a8     Timer.o (.text._Z14TimerG7_IntArmtjj)
                  00006c94    000000a2     ST7735.o (.text._ZL11commandListPKh)
                  00006d36    00000002     Sound.o (.text.SysTick_Handler)
                  00006d38    000000a0     libsysbm.a : open.c.obj (.text.open)
                  00006dd8    0000009c     ST7735.o (.text._Z17ST7735_InitPrintfv)
                  00006e74    00000098     ST7735.o (.text._Z12ST7735_InitR10initRFlags)
                  00006f0c    00000094     Timer.o (.text._Z15TimerG12_IntArmjj)
                  00006fa0    0000008c     SlidePot.o (.text._ZN8SlidePot4InitEv)
                  0000702c    00000088     ST7735.o (.text._ZL13setAddrWindowhhhh)
                  000070b4    0000000c     Clock.o (.text._Z10Clock_Freqv)
                  000070c0    00000088     libc.a : strcmp-armv6m.S.obj (.text:strcmp)
                  00007148    00000084     ST7735.o (.text._Z17ST7735_DrawStringttPcs)
                  000071cc    00000080     Player.o (.text._ZN6Player16resetCoordinatesEv)
                  0000724c    0000007c     LaunchPad.o (.text._Z14LaunchPad_Initv)
                  000072c8    0000007c     libc.a : fclose.c.obj (.text.__TI_closefile)
                  00007344    0000007c            : copy_decompress_lzss.c.obj (.text:decompress:lzss)
                  000073c0    00000070     ST7735.o (.text._Z16ST7735_DrawPixelsst)
                  00007430    00000070     Machine.o (.text._ZN7Machine10printAnvilEh)
                  000074a0    0000006c     libsysbm.a : hostlseek.c.obj (.text.HOSTlseek)
                  0000750c    0000006c                : hostrename.c.obj (.text.HOSTrename)
                  00007578    0000006c     libc.a : getdevice.c.obj (.text.getdevice)
                  000075e4    00000064            : memory.c.obj (.text.split)
                  00007648    00000060     libsysbm.a : hostopen.c.obj (.text.HOSTopen)
                  000076a8    00000058                : hostread.c.obj (.text.HOSTread)
                  00007700    00000058                : hostwrite.c.obj (.text.HOSTwrite)
                  00007758    00000058     TExaS.o (.text._Z10TExaS_InitP10ADC12_RegsjPFhvE)
                  000077b0    00000054     Player.o (.text._ZN6Player15getMachineInputE7Machine)
                  00007804    00000054     SlidePot.o (.text._ZN8SlidePot2InEv)
                  00007858    00000054     libc.a : autoinit.c.obj (.text:__TI_auto_init_nobinit)
                  000078ac    00000052            : fflush.c.obj (.text.__TI_doflush)
                  000078fe    00000002     Sound.o (.text._Z10Sound_Initv)
                  00007900    00000050     libsysbm.a : close.c.obj (.text.close)
                  00007950    0000004c     Player.o (.text._ZN6Player8moveLeftEv)
                  0000799c    0000004c     Player.o (.text._ZN6Player9moveRightEv)
                  000079e8    00000048     libsysbm.a : hostclose.c.obj (.text.HOSTclose)
                  00007a30    00000048                : hostunlink.c.obj (.text.HOSTunlink)
                  00007a78    00000048     SPI.o (.text._Z14SPI_OutCommandc)
                  00007ac0    00000040     TExaS.o (.text.TIMG7_IRQHandler)
                  00007b00    00000040     SPI.o (.text._Z9SPI_Resetv)
                  00007b40    00000040     libclang_rt.builtins.a : aeabi_uidivmod.S.obj (.text.__aeabi_uidivmod)
                  00007b80    00000040     libc.a : fopen.c.obj (.text._search_fp)
                  00007bc0    0000003c     Lab9HMain.o (.text.TIMG12_IRQHandler)
                  00007bfc    00000038     SPI.o (.text._Z11SPI_OutDatac)
                  00007c34    00000038     LaunchPad.o (.text._Z15ActivatePortA_Bv)
                  00007c6c    00000034     ST7735.o (.text._Z12ST7735_writeiPKcj)
                  00007ca0    00000034     Clock.o (.text._Z14Clock_Delay1msj)
                  00007cd4    00000034     ST7735.o (.text._Z16ST7735_SetCursorjj)
                  00007d08    00000034     Machine.o (.text._ZN7MachineC2Ehhhh)
                  00007d3c    00000034     libc.a : fopen.c.obj (.text.__TI_cleanup)
                  00007d70    00000034     libsysbm.a : trgmsg.c.obj (.text.__TI_readmsg)
                  00007da4    00000034                : trgmsg.c.obj (.text.__TI_writemsg)
                  00007dd8    00000034     libc.a : exit.c.obj (.text.exit)
                  00007e0c    00000034            : getdevice.c.obj (.text.finddevice)
                  00007e40    00000034            : fopen.c.obj (.text.freopen)
                  00007e74    00000030     ST7735.o (.text._ZL10commonInitPKh)
                  00007ea4    00000030     libc.a : fopen.c.obj (.text.fopen)
                  00007ed4    0000002c     ST7735.o (.text._Z17ST7735_FillScreent)
                  00007f00    0000002c     libsysbm.a : unlink.c.obj (.text.unlink)
                  00007f2c    00000028     TExaS.o (.text._Z9ADC_StartP10ADC12_Regs)
                  00007f54    00000028     libc.a : memory.c.obj (.text.free_list_insert)
                  00007f7c    00000028     libsysbm.a : write.c.obj (.text.write)
                  00007fa4    00000028     libc.a : boot_cortex_m.c.obj (.text:_c_int00_noargs)
                  00007fcc    00000024     SlidePot.o (.text._ZN8SlidePot4SaveEj)
                  00007ff0    00000020     SlidePot.o (.text._ZN8SlidePot4SyncEv)
                  00008010    0000001e     ST7735.o (.text._ZL9pushColort)
                  0000802e    00000002     libclang_rt.builtins.a : aeabi_div0.c.obj (.text.__aeabi_idiv0)
                  00008030    0000001c     startup_mspm0g3507_ticlang.o (.text.Default_Handler)
                  0000804c    0000001c     startup_mspm0g3507_ticlang.o (.text.HardFault_Handler)
                  00008068    0000001c     Switch.o (.text._Z9Switch_Inv)
                  00008084    0000001c     Player.o (.text._ZN6PlayerC2Ev)
                  000080a0    0000001c     Lab9HMain.o (.text.__cxx_global_var_init.2)
                  000080bc    0000001c     Lab9HMain.o (.text.__cxx_global_var_init.3)
                  000080d8    0000001c     libc.a : memory.c.obj (.text.free_list_remove)
                  000080f4    00000018     Switch.o (.text._Z11Switch_Initv)
                  0000810c    00000016     ST7735.o (.text._Z11ST7735_openPKcji)
                  00008122    00000016     ST7735.o (.text._Z11ST7735_readiPcj)
                  00008138    00000016     libc.a : copy_zero_init.c.obj (.text:decompress:ZI:__TI_zero_init_nomemset)
                  0000814e    00000014     Lab9HMain.o (.text._GLOBAL__sub_I_Lab9HMain.cpp)
                  00008162    00000012     libc.a : memcpy16.S.obj (.text:TI_memcpy_small)
                  00008174    00000012            : copy_decompress_none.c.obj (.text:decompress:none)
                  00008186    00000010     Clock.o (.text._Z11Clock_Delayj)
                  00008196    00000002     libc.a : _lock.c.obj (.text._nop)
                  00008198    00000010     Lab9HMain.o (.text._Z28TExaS_LaunchPadLogicPB27PB26v)
                  000081a8    00000010     Lab9HMain.o (.text.__cxx_global_var_init.1)
                  000081b8    00000010     Lab9HMain.o (.text.__cxx_global_var_init)
                  000081c8    0000000e     libc.a : memory.c.obj (.text.OUTLINED_FUNCTION_0)
                  000081d6    0000000e     ST7735.o (.text._Z12ST7735_lseekili)
                  000081e4    0000000e     Player.o (.text._ZN6Player7getXPosEv)
                  000081f2    0000000e     Player.o (.text._ZN6Player7getYPosEv)
                  00008200    0000000e     SlidePot.o (.text._ZN8SlidePotC2Ev)
                  0000820e    0000000e     libsysbm.a : hostrename.c.obj (.text.strcpy)
                  0000821c    0000000e                : hostrename.c.obj (.text.strlen)
                  0000822a    0000000e     libc.a : memset16.S.obj (.text:TI_memset_small)
                  00008238    0000000c     ST7735.o (.text._Z13ST7735_renamePKcS0_)
                  00008244    0000000c     Player.o (.text._ZN6Player7getSizeEv)
                  00008250    0000000c     SlidePot.o (.text._ZN8SlidePot9DistanceXEv)
                  0000825c    0000000c     SlidePot.o (.text._ZN8SlidePot9DistanceYEv)
                  00008268    0000000c     libclang_rt.builtins.a : aeabi_memset.S.obj (.text.__aeabi_memclr)
                  00008274    0000000c     libc.a : memory.c.obj (.text.malloc)
                  00008280    0000000a     ST7735.o (.text._Z12ST7735_closei)
                  0000828a    0000000a     ST7735.o (.text._Z13ST7735_unlinkPKc)
                  00008294    0000000a     Lab9HMain.o (.text._Z8PLL_Initv)
                  0000829e    00000002     --HOLE-- [fill = 0]
                  000082a0    00000008     libclang_rt.builtins.a : aeabi_memcpy.S.obj (.text.__aeabi_memcpy)
                  000082a8    00000008     libsysbm.a : remove.c.obj (.text.remove)
                  000082b0    00000004     startup_mspm0g3507_ticlang.o (.text.Reset_Handler)
                  000082b4    00000004     libc.a : pre_init.c.obj (.text._system_pre_init)
                  000082b8    00000004            : exit.c.obj (.text:abort)
                  000082bc    00000004     --HOLE-- [fill = 0]

.cinit     0    000082c0    00000098     
                  000082c0    0000006f     (.cinit..data.load) [load image, compression = lzss]
                  0000832f    00000001     --HOLE-- [fill = 0]
                  00008330    0000000c     (__TI_handler_table)
                  0000833c    00000008     (.cinit..bss.load) [load image, compression = zero_init]
                  00008344    00000010     (__TI_cinit_table)
                  00008354    00000004     --HOLE-- [fill = 0]

.rodata    0    000000c0    00005498     
                  000000c0    00000f78     Machine.o (.rodata._ZL12anvilWorking)
                  00001038    00000f78     Machine.o (.rodata._ZL14anvilHighlight)
                  00001fb0    00000f78     Lab9HMain.o (.rodata._ZL5anvil)
                  00002f28    00000f78     Machine.o (.rodata._ZL5anvil)
                  00003ea0    00000888     Lab9HMain.o (.rodata._ZL4Rock)
                  00004728    00000882     Lab9HMain.o (.rodata._ZL5miner)
                  00004faa    000004fb     ST7735.o (.rodata._ZL4Font)
                  000054a5    0000003b     ST7735.o (.rodata._ZL5Rcmd1)
                  000054e0    0000002b     ST7735.o (.rodata._ZL5Rcmd3)
                  0000550b    00000016     ST7735.o (.rodata.str1.43788427057889536241)
                  00005521    0000000d     ST7735.o (.rodata._ZL10Rcmd2green)
                  0000552e    0000000d     ST7735.o (.rodata._ZL8Rcmd2red)
                  0000553b    00000008     ST7735.o (.rodata.str1.54535931475021008601)
                  00005543    00000007     ST7735.o (.rodata.str1.103567388005067375301)
                  0000554a    00000007     ST7735.o (.rodata.str1.132933244321656697041)
                  00005551    00000002     ST7735.o (.rodata.str1.18657686242476325171)
                  00005553    00000005     --HOLE-- [fill = 0]

.init_array 
*          0    00005558    00000008     
                  00005558    00000004     Lab9HMain.o (.init_array)
                  0000555c    00000004     --HOLE-- [fill = 0]

.data      0    20200000    00000209     UNINITIALIZED
                  20200000    000000f0     libc.a : defs.c.obj (.data._ftable)
                  202000f0    00000078     libsysbm.a : host_device.c.obj (.data._device)
                  20200168    00000050                : host_device.c.obj (.data._stream)
                  202001b8    0000000c     Lab9HMain.o (.data.Sensor)
                  202001c4    00000008     libc.a : exit.c.obj (.data..L_MergedGlobals)
                  202001cc    00000008     Lab9HMain.o (.data.p1)
                  202001d4    00000006     Lab9HMain.o (.data.m_anvil)
                  202001da    00000006     Lab9HMain.o (.data.m_refiner)
                  202001e0    00000004     Clock.o (.data.BusFreq)
                  202001e4    00000004     ST7735.o (.data.StX)
                  202001e8    00000004     ST7735.o (.data.StY)
                  202001ec    00000004     libc.a : defs.c.obj (.data.__TI_ft_end)
                  202001f0    00000004            : _lock.c.obj (.data._lock)
                  202001f4    00000004            : _lock.c.obj (.data._unlock)
                  202001f8    00000002     ST7735.o (.data.StTextColor)
                  202001fa    00000002     ST7735.o (.data._ZL6_width)
                  202001fc    00000002     ST7735.o (.data._ZL7_height)
                  202001fe    00000001     Lab9HMain.o (.data.input)
                  202001ff    00000001     --HOLE--
                  20200200    00000001     libsysbm.a : add_device.c.obj (.data.add_device.device_init)
                  20200201    00000003     --HOLE--
                  20200204    00000001     libc.a : memory.c.obj (.data.memory_is_initialized)
                  20200205    00000003     --HOLE--
                  20200208    00000001     libsysbm.a : open.c.obj (.data.open.stream_init)

.sysmem    0    20200210    00000200     UNINITIALIZED
                  20200210    00000010     libc.a : memory.c.obj (.sysmem)
                  20200220    000001f0     --HOLE--

.bss       0    20200410    000001df     UNINITIALIZED
                  20200410    00000120     libsysbm.a : trgmsg.c.obj (.bss:_CIOBUF_)
                  20200530    000000a0     libc.a : defs.c.obj (.bss.__TI_tmpnams)
                  202005d0    00000008     libsysbm.a : hostopen.c.obj (.bss.parmbuf)
                  202005d8    00000005     Machine.o (.bss._ZZN7Machine11updateAnvilEhE10AnvilItems)
                  202005dd    00000001     ST7735.o (.bss._ZL8ColStart)
                  202005de    00000001     ST7735.o (.bss._ZL8Rotation)
                  202005df    00000001     ST7735.o (.bss._ZL8RowStart)
                  202005e0    00000004     TExaS.o (.bss.TExaSLogic)
                  202005e4    00000004     TExaS.o (.bss.TExaSadc)
                  202005e8    00000004     libc.a : memory.c.obj (.bss.sys_free)
                  202005ec    00000001     ST7735.o (.bss._ZL8TabColor)
                  202005ed    00000001     Machine.o (.bss._ZZN7Machine11updateAnvilEhE11anvilLength)
                  202005ee    00000001     Lab9HMain.o (.bss.key)

.stack     0    20207e00    00000200     UNINITIALIZED
                  20207e00    00000004     libc.a : boot_cortex_m.c.obj (.stack)
                  20207e04    000001fc     --HOLE--

__llvm_prf_cnts 
*          0    20200000    00000000     UNINITIALIZED

__llvm_prf_bits 
*          0    20200000    00000000     UNINITIALIZED

MODULE SUMMARY

       Module                         code    ro data   rw data
       ------                         ----    -------   -------
    .\
       Machine.o                      392     11880     6      
       Lab9HMain.o                    654     8326      34     
       ST7735.o                       2842    1449      18     
       Player.o                       1320    0         0      
       TExaS.o                        720     0         8      
       Clock.o                        516     0         4      
       SPI.o                          440     0         0      
       SlidePot.o                     330     0         0      
       Timer.o                        316     0         0      
       LaunchPad.o                    180     0         0      
       Switch.o                       52      0         0      
       Sound.o                        4       0         0      
    +--+------------------------------+-------+---------+---------+
       Total:                         7766    21655     70     
                                                               
    .\ticlang\
       startup_mspm0g3507_ticlang.o   60      192       0      
    +--+------------------------------+-------+---------+---------+
       Total:                         60      192       0      
                                                               
    C:\ti\ccs\tools\compiler\ti-cgt-armllvm_4.0.1.LTS\lib\armv6m-ti-none-eabi/c/libc.a
       memory.c.obj                   702     0         5      
       fopen.c.obj                    556     0         0      
       defs.c.obj                     0       0         404    
       setvbuf.c.obj                  224     0         0      
       getdevice.c.obj                160     0         0      
       strcmp-armv6m.S.obj            136     0         0      
       copy_decompress_lzss.c.obj     124     0         0      
       fclose.c.obj                   124     0         0      
       autoinit.c.obj                 84      0         0      
       fflush.c.obj                   82      0         0      
       exit.c.obj                     56      0         8      
       boot_cortex_m.c.obj            40      0         0      
       copy_zero_init.c.obj           22      0         0      
       copy_decompress_none.c.obj     18      0         0      
       memcpy16.S.obj                 18      0         0      
       memset16.S.obj                 14      0         0      
       _lock.c.obj                    2       0         8      
       pre_init.c.obj                 4       0         0      
    +--+------------------------------+-------+---------+---------+
       Total:                         2366    0         425    
                                                               
    C:\ti\ccs\tools\compiler\ti-cgt-armllvm_4.0.1.LTS\lib\armv6m-ti-none-eabi/c/libsysbm.a
       trgmsg.c.obj                   104     0         288    
       add_device.c.obj               236     0         1      
       host_device.c.obj              0       0         200    
       open.c.obj                     160     0         1      
       hostrename.c.obj               136     0         0      
       hostlseek.c.obj                108     0         0      
       hostopen.c.obj                 96      0         8      
       hostread.c.obj                 88      0         0      
       hostwrite.c.obj                88      0         0      
       close.c.obj                    80      0         0      
       hostclose.c.obj                72      0         0      
       hostunlink.c.obj               72      0         0      
       unlink.c.obj                   44      0         0      
       write.c.obj                    40      0         0      
       remove.c.obj                   8       0         0      
    +--+------------------------------+-------+---------+---------+
       Total:                         1332    0         498    
                                                               
    C:\ti\ccs\tools\compiler\ti-cgt-armllvm_4.0.1.LTS\lib\armv6m-ti-none-eabi/libclang_rt.builtins.a
       aeabi_uidivmod.S.obj           64      0         0      
       aeabi_memset.S.obj             12      0         0      
       aeabi_memcpy.S.obj             8       0         0      
       aeabi_div0.c.obj               2       0         0      
    +--+------------------------------+-------+---------+---------+
       Total:                         86      0         0      
                                                               
       Heap:                          0       0         512    
       Stack:                         0       0         512    
       Linker Generated:              0       147       0      
    +--+------------------------------+-------+---------+---------+
       Grand Total:                   11610   21994     2017   


LINKER GENERATED COPY TABLES

__TI_cinit_table @ 00008344 records: 2, size/record: 8, table size: 16
	.data: load addr=000082c0, load size=0000006f bytes, run addr=20200000, run size=00000209 bytes, compression=lzss
	.bss: load addr=0000833c, load size=00000008 bytes, run addr=20200410, run size=000001df bytes, compression=zero_init


LINKER GENERATED HANDLER TABLE

__TI_handler_table @ 00008330 records: 3, size/record: 4, table size: 12
	index: 0, handler: __TI_decompress_lzss
	index: 1, handler: __TI_decompress_none
	index: 2, handler: __TI_zero_init


GLOBAL SYMBOLS: SORTED ALPHABETICALLY BY Name 

address   name                                
-------   ----                                
00008031  ADC0_IRQHandler                     
00008031  ADC1_IRQHandler                     
00008031  AES_IRQHandler                      
202001e0  BusFreq                             
000082b8  C$$EXIT                             
00007dd1  C$$IO$$                             
00008031  CANFD0_IRQHandler                   
00008031  DAC0_IRQHandler                     
00008031  DMA_IRQHandler                      
00008031  Default_Handler                     
00008031  GROUP0_IRQHandler                   
00008031  GROUP1_IRQHandler                   
000079e9  HOSTclose                           
000074a1  HOSTlseek                           
00007649  HOSTopen                            
000076a9  HOSTread                            
0000750d  HOSTrename                          
00007a31  HOSTunlink                          
00007701  HOSTwrite                           
0000804d  HardFault_Handler                   
00008031  I2C0_IRQHandler                     
00008031  I2C1_IRQHandler                     
00008031  NMI_Handler                         
00008031  PendSV_Handler                      
00008031  RTC_IRQHandler                      
000082b1  Reset_Handler                       
00005558  SHT$$INIT_ARRAY$$Base               
0000555c  SHT$$INIT_ARRAY$$Limit              
00008031  SPI0_IRQHandler                     
00008031  SPI1_IRQHandler                     
00008031  SVC_Handler                         
202001b8  Sensor                              
202001f8  StTextColor                         
202001e4  StX                                 
202001e8  StY                                 
00006d37  SysTick_Handler                     
202005e0  TExaSLogic                          
202005e4  TExaSadc                            
00008031  TIMA0_IRQHandler                    
00008031  TIMA1_IRQHandler                    
00008031  TIMG0_IRQHandler                    
00007bc1  TIMG12_IRQHandler                   
00008031  TIMG6_IRQHandler                    
00007ac1  TIMG7_IRQHandler                    
00008031  TIMG8_IRQHandler                    
00008163  TI_memcpy_small                     
0000822b  TI_memset_small                     
00008031  UART0_IRQHandler                    
00008031  UART1_IRQHandler                    
00008031  UART2_IRQHandler                    
00008031  UART3_IRQHandler                    
20200410  _CIOBUF_                            
000070b5  _Z10Clock_Freqv                     
000078ff  _Z10Sound_Initv                     
00007759  _Z10TExaS_InitP10ADC12_RegsjPFhvE   
00008187  _Z11Clock_Delayj                    
00007bfd  _Z11SPI_OutDatac                    
0000810d  _Z11ST7735_openPKcji                
00008123  _Z11ST7735_readiPcj                 
000080f5  _Z11Switch_Initv                    
00006e75  _Z12ST7735_InitR10initRFlags        
00008281  _Z12ST7735_closei                   
000081d7  _Z12ST7735_lseekili                 
00007c6d  _Z12ST7735_writeiPKcj               
00008239  _Z13ST7735_renamePKcS0_             
0000828b  _Z13ST7735_unlinkPKc                
00007ca1  _Z14Clock_Delay1msj                 
0000724d  _Z14LaunchPad_Initv                 
00007a79  _Z14SPI_OutCommandc                 
00006b1d  _Z14ST7735_OutCharc                 
00006bed  _Z14TimerG7_IntArmtjj               
00007c35  _Z15ActivatePortA_Bv                
0000593d  _Z15Clock_Init80MHzi                
0000617d  _Z15ST7735_FillRectsssst            
00006f0d  _Z15TimerG12_IntArmjj               
00005af1  _Z16ST7735_DrawCharSsscssh          
000073c1  _Z16ST7735_DrawPixelsst             
00007cd5  _Z16ST7735_SetCursorjj              
00005561  _Z17ST7735_DrawBitmapssPKtss        
00007149  _Z17ST7735_DrawStringttPcs          
00007ed5  _Z17ST7735_FillScreent              
00006dd9  _Z17ST7735_InitPrintfv              
000065a9  _Z18ST7735_SetRotationh             
00008199  _Z28TExaS_LaunchPadLogicPB27PB26v   
00006055  _Z8ADC_InitP10ADC12_Regsjj          
00008295  _Z8PLL_Initv                        
000064b1  _Z8SPI_Initv                        
00007f2d  _Z9ADC_StartP10ADC12_Regs           
00007b01  _Z9SPI_Resetv                       
00008069  _Z9Switch_Inv                       
00006789  _Z9UART_Initv                       
00005de5  _ZN6Player14checkProximityE7Machine 
000077b1  _ZN6Player15getMachineInputE7Machine
000071cd  _ZN6Player16resetCoordinatesEv      
000063a9  _ZN6Player6moveUpEv                 
00008245  _ZN6Player7getSizeEv                
000081e5  _ZN6Player7getXPosEv                
000081f3  _ZN6Player7getYPosEv                
00005f29  _ZN6Player8moveDownEv               
00007951  _ZN6Player8moveLeftEv               
0000799d  _ZN6Player9moveRightEv              
00008085  _ZN6PlayerC1Ev                      
00008085  _ZN6PlayerC2Ev                      
00007431  _ZN7Machine10printAnvilEh           
00006959  _ZN7Machine11updateAnvilEh          
00007d09  _ZN7MachineC1Ehhhh                  
00007d09  _ZN7MachineC2Ehhhh                  
00007805  _ZN8SlidePot2InEv                   
00006fa1  _ZN8SlidePot4InitEv                 
00007fcd  _ZN8SlidePot4SaveEj                 
00007ff1  _ZN8SlidePot4SyncEv                 
00008251  _ZN8SlidePot9DistanceXEv            
0000825d  _ZN8SlidePot9DistanceYEv            
00008201  _ZN8SlidePotC1Ev                    
00008201  _ZN8SlidePotC2Ev                    
20200410  __CIOBUF_                           
20208000  __STACK_END                         
00000200  __STACK_SIZE                        
00000200  __SYSMEM_SIZE                       
00000000  __TI_ATRegion0_region_sz            
00000000  __TI_ATRegion0_src_addr             
00000000  __TI_ATRegion0_trg_addr             
00000000  __TI_ATRegion1_region_sz            
00000000  __TI_ATRegion1_src_addr             
00000000  __TI_ATRegion1_trg_addr             
00000000  __TI_ATRegion2_region_sz            
00000000  __TI_ATRegion2_src_addr             
00000000  __TI_ATRegion2_trg_addr             
00008344  __TI_CINIT_Base                     
00008354  __TI_CINIT_Limit                    
00008354  __TI_CINIT_Warm                     
00008330  __TI_Handler_Table_Base             
0000833c  __TI_Handler_Table_Limit            
00007859  __TI_auto_init_nobinit              
00007d3d  __TI_cleanup                        
202001c4  __TI_cleanup_ptr                    
000072c9  __TI_closefile                      
00007345  __TI_decompress_lzss                
00008175  __TI_decompress_none                
000078ad  __TI_doflush                        
202001c8  __TI_dtors_ptr                      
202001ec  __TI_ft_end                         
ffffffff  __TI_pprof_out_hndl                 
ffffffff  __TI_prof_data_size                 
ffffffff  __TI_prof_data_start                
00007d71  __TI_readmsg                        
00000000  __TI_static_base__                  
20200530  __TI_tmpnams                        
00007da5  __TI_writemsg                       
00008139  __TI_zero_init_nomemset             
0000802f  __aeabi_idiv0                       
00008269  __aeabi_memclr                      
00008269  __aeabi_memclr4                     
00008269  __aeabi_memclr8                     
000082a1  __aeabi_memcpy                      
000082a1  __aeabi_memcpy4                     
000082a1  __aeabi_memcpy8                     
00007b41  __aeabi_uidiv                       
00007b41  __aeabi_uidivmod                    
ffffffff  __binit__                           
UNDEFED   __mpu_init                          
20207e00  __stack                             
20200000  __start___llvm_prf_bits             
20200000  __start___llvm_prf_cnts             
20200000  __stop___llvm_prf_bits              
20200000  __stop___llvm_prf_cnts              
00007fa5  _c_int00_noargs                     
202000f0  _device                             
20200000  _ftable                             
202001f0  _lock                               
00008197  _nop                                
20200168  _stream                             
20200210  _sys_memory                         
UNDEFED   _system_post_cinit                  
000082b5  _system_pre_init                    
202001f4  _unlock                             
000082b9  abort                               
0000669d  add_device                          
00006295  aligned_alloc                       
ffffffff  binit                               
00007901  close                               
00007dd9  exit                                
00007e0d  finddevice                          
00007ea5  fopen                               
00006871  free                                
00007e41  freopen                             
00007579  getdevice                           
202001fe  input                               
00000000  interruptVectors                    
202005ee  key                                 
202001d4  m_anvil                             
202001da  m_refiner                           
00005771  main                                
00008275  malloc                              
00006295  memalign                            
00006d39  open                                
202001cc  p1                                  
202005d0  parmbuf                             
000082a9  remove                              
00006a3d  setvbuf                             
000070c1  strcmp                              
00007f01  unlink                              
00007f7d  write                               


GLOBAL SYMBOLS: SORTED BY Symbol Address 

address   name                                
-------   ----                                
00000000  __TI_ATRegion0_region_sz            
00000000  __TI_ATRegion0_src_addr             
00000000  __TI_ATRegion0_trg_addr             
00000000  __TI_ATRegion1_region_sz            
00000000  __TI_ATRegion1_src_addr             
00000000  __TI_ATRegion1_trg_addr             
00000000  __TI_ATRegion2_region_sz            
00000000  __TI_ATRegion2_src_addr             
00000000  __TI_ATRegion2_trg_addr             
00000000  __TI_static_base__                  
00000000  interruptVectors                    
00000200  __STACK_SIZE                        
00000200  __SYSMEM_SIZE                       
00005558  SHT$$INIT_ARRAY$$Base               
0000555c  SHT$$INIT_ARRAY$$Limit              
00005561  _Z17ST7735_DrawBitmapssPKtss        
00005771  main                                
0000593d  _Z15Clock_Init80MHzi                
00005af1  _Z16ST7735_DrawCharSsscssh          
00005de5  _ZN6Player14checkProximityE7Machine 
00005f29  _ZN6Player8moveDownEv               
00006055  _Z8ADC_InitP10ADC12_Regsjj          
0000617d  _Z15ST7735_FillRectsssst            
00006295  aligned_alloc                       
00006295  memalign                            
000063a9  _ZN6Player6moveUpEv                 
000064b1  _Z8SPI_Initv                        
000065a9  _Z18ST7735_SetRotationh             
0000669d  add_device                          
00006789  _Z9UART_Initv                       
00006871  free                                
00006959  _ZN7Machine11updateAnvilEh          
00006a3d  setvbuf                             
00006b1d  _Z14ST7735_OutCharc                 
00006bed  _Z14TimerG7_IntArmtjj               
00006d37  SysTick_Handler                     
00006d39  open                                
00006dd9  _Z17ST7735_InitPrintfv              
00006e75  _Z12ST7735_InitR10initRFlags        
00006f0d  _Z15TimerG12_IntArmjj               
00006fa1  _ZN8SlidePot4InitEv                 
000070b5  _Z10Clock_Freqv                     
000070c1  strcmp                              
00007149  _Z17ST7735_DrawStringttPcs          
000071cd  _ZN6Player16resetCoordinatesEv      
0000724d  _Z14LaunchPad_Initv                 
000072c9  __TI_closefile                      
00007345  __TI_decompress_lzss                
000073c1  _Z16ST7735_DrawPixelsst             
00007431  _ZN7Machine10printAnvilEh           
000074a1  HOSTlseek                           
0000750d  HOSTrename                          
00007579  getdevice                           
00007649  HOSTopen                            
000076a9  HOSTread                            
00007701  HOSTwrite                           
00007759  _Z10TExaS_InitP10ADC12_RegsjPFhvE   
000077b1  _ZN6Player15getMachineInputE7Machine
00007805  _ZN8SlidePot2InEv                   
00007859  __TI_auto_init_nobinit              
000078ad  __TI_doflush                        
000078ff  _Z10Sound_Initv                     
00007901  close                               
00007951  _ZN6Player8moveLeftEv               
0000799d  _ZN6Player9moveRightEv              
000079e9  HOSTclose                           
00007a31  HOSTunlink                          
00007a79  _Z14SPI_OutCommandc                 
00007ac1  TIMG7_IRQHandler                    
00007b01  _Z9SPI_Resetv                       
00007b41  __aeabi_uidiv                       
00007b41  __aeabi_uidivmod                    
00007bc1  TIMG12_IRQHandler                   
00007bfd  _Z11SPI_OutDatac                    
00007c35  _Z15ActivatePortA_Bv                
00007c6d  _Z12ST7735_writeiPKcj               
00007ca1  _Z14Clock_Delay1msj                 
00007cd5  _Z16ST7735_SetCursorjj              
00007d09  _ZN7MachineC1Ehhhh                  
00007d09  _ZN7MachineC2Ehhhh                  
00007d3d  __TI_cleanup                        
00007d71  __TI_readmsg                        
00007da5  __TI_writemsg                       
00007dd1  C$$IO$$                             
00007dd9  exit                                
00007e0d  finddevice                          
00007e41  freopen                             
00007ea5  fopen                               
00007ed5  _Z17ST7735_FillScreent              
00007f01  unlink                              
00007f2d  _Z9ADC_StartP10ADC12_Regs           
00007f7d  write                               
00007fa5  _c_int00_noargs                     
00007fcd  _ZN8SlidePot4SaveEj                 
00007ff1  _ZN8SlidePot4SyncEv                 
0000802f  __aeabi_idiv0                       
00008031  ADC0_IRQHandler                     
00008031  ADC1_IRQHandler                     
00008031  AES_IRQHandler                      
00008031  CANFD0_IRQHandler                   
00008031  DAC0_IRQHandler                     
00008031  DMA_IRQHandler                      
00008031  Default_Handler                     
00008031  GROUP0_IRQHandler                   
00008031  GROUP1_IRQHandler                   
00008031  I2C0_IRQHandler                     
00008031  I2C1_IRQHandler                     
00008031  NMI_Handler                         
00008031  PendSV_Handler                      
00008031  RTC_IRQHandler                      
00008031  SPI0_IRQHandler                     
00008031  SPI1_IRQHandler                     
00008031  SVC_Handler                         
00008031  TIMA0_IRQHandler                    
00008031  TIMA1_IRQHandler                    
00008031  TIMG0_IRQHandler                    
00008031  TIMG6_IRQHandler                    
00008031  TIMG8_IRQHandler                    
00008031  UART0_IRQHandler                    
00008031  UART1_IRQHandler                    
00008031  UART2_IRQHandler                    
00008031  UART3_IRQHandler                    
0000804d  HardFault_Handler                   
00008069  _Z9Switch_Inv                       
00008085  _ZN6PlayerC1Ev                      
00008085  _ZN6PlayerC2Ev                      
000080f5  _Z11Switch_Initv                    
0000810d  _Z11ST7735_openPKcji                
00008123  _Z11ST7735_readiPcj                 
00008139  __TI_zero_init_nomemset             
00008163  TI_memcpy_small                     
00008175  __TI_decompress_none                
00008187  _Z11Clock_Delayj                    
00008197  _nop                                
00008199  _Z28TExaS_LaunchPadLogicPB27PB26v   
000081d7  _Z12ST7735_lseekili                 
000081e5  _ZN6Player7getXPosEv                
000081f3  _ZN6Player7getYPosEv                
00008201  _ZN8SlidePotC1Ev                    
00008201  _ZN8SlidePotC2Ev                    
0000822b  TI_memset_small                     
00008239  _Z13ST7735_renamePKcS0_             
00008245  _ZN6Player7getSizeEv                
00008251  _ZN8SlidePot9DistanceXEv            
0000825d  _ZN8SlidePot9DistanceYEv            
00008269  __aeabi_memclr                      
00008269  __aeabi_memclr4                     
00008269  __aeabi_memclr8                     
00008275  malloc                              
00008281  _Z12ST7735_closei                   
0000828b  _Z13ST7735_unlinkPKc                
00008295  _Z8PLL_Initv                        
000082a1  __aeabi_memcpy                      
000082a1  __aeabi_memcpy4                     
000082a1  __aeabi_memcpy8                     
000082a9  remove                              
000082b1  Reset_Handler                       
000082b5  _system_pre_init                    
000082b8  C$$EXIT                             
000082b9  abort                               
00008330  __TI_Handler_Table_Base             
0000833c  __TI_Handler_Table_Limit            
00008344  __TI_CINIT_Base                     
00008354  __TI_CINIT_Limit                    
00008354  __TI_CINIT_Warm                     
20200000  __start___llvm_prf_bits             
20200000  __start___llvm_prf_cnts             
20200000  __stop___llvm_prf_bits              
20200000  __stop___llvm_prf_cnts              
20200000  _ftable                             
202000f0  _device                             
20200168  _stream                             
202001b8  Sensor                              
202001c4  __TI_cleanup_ptr                    
202001c8  __TI_dtors_ptr                      
202001cc  p1                                  
202001d4  m_anvil                             
202001da  m_refiner                           
202001e0  BusFreq                             
202001e4  StX                                 
202001e8  StY                                 
202001ec  __TI_ft_end                         
202001f0  _lock                               
202001f4  _unlock                             
202001f8  StTextColor                         
202001fe  input                               
20200210  _sys_memory                         
20200410  _CIOBUF_                            
20200410  __CIOBUF_                           
20200530  __TI_tmpnams                        
202005d0  parmbuf                             
202005e0  TExaSLogic                          
202005e4  TExaSadc                            
202005ee  key                                 
20207e00  __stack                             
20208000  __STACK_END                         
ffffffff  __TI_pprof_out_hndl                 
ffffffff  __TI_prof_data_size                 
ffffffff  __TI_prof_data_start                
ffffffff  __binit__                           
ffffffff  binit                               
UNDEFED   __mpu_init                          
UNDEFED   _system_post_cinit                  

[203 symbols]
