******************************************************************************
            TI ARM Clang Linker PC v4.0.1                      
******************************************************************************
>> Linked Fri Apr 11 17:01:58 2025

OUTPUT FILE NAME:   <MadMines.out>
ENTRY POINT SYMBOL: "_c_int00_noargs"  address: 00009791


MEMORY CONFIGURATION

         name            origin    length      used     unused   attr    fill
----------------------  --------  ---------  --------  --------  ----  --------
  FLASH                 00000000   00020000  00009ac8  00016538  R  X
  SRAM                  20200000   00008000  000007dd  00007823  RW X
  BCR_CONFIG            41c00000   00000080  00000000  00000080  R   
  BSL_CONFIG            41c00100   00000080  00000000  00000080  R   


SEGMENT ALLOCATION MAP

run origin  load origin   length   init length attrs members
----------  ----------- ---------- ----------- ----- -------
00000000    00000000    00009ac8   00009ac8    r-x
  00000000    00000000    000000c0   000000c0    r-- .intvecs
  000000c0    000000c0    00006f28   00006f28    r-- .rodata
  00006fe8    00006fe8    00000008   00000008    r-- .init_array
  00006ff0    00006ff0    00002a40   00002a40    r-x .text
  00009a30    00009a30    00000098   00000098    r-- .cinit
20200000    20200000    000005e0   00000000    rw-
  20200000    20200000    00000200   00000000    rw- .sysmem
  20200200    20200200    00000205   00000000    rw- .data
  20200408    20200408    000001d8   00000000    rw- .bss
20207e00    20207e00    00000200   00000000    rw-
  20207e00    20207e00    00000200   00000000    rw- .stack


SECTION ALLOCATION MAP

 output                                  attributes/
section   page    origin      length       input sections
--------  ----  ----------  ----------   ----------------
.intvecs   0    00000000    000000c0     
                  00000000    000000c0     startup_mspm0g3507_ticlang.o (.intvecs)

.binit     0    00000000    00000000     

.text      0    00006ff0    00002a40     
                  00006ff0    00000210     ST7735.o (.text._Z17ST7735_DrawBitmapssPKtss)
                  00007200    000001b4     Clock.o (.text._Z15Clock_Init80MHzi)
                  000073b4    000001a0     ST7735.o (.text._Z16ST7735_DrawCharSsscssh)
                  00007554    0000017c     Lab9HMain.o (.text.main)
                  000076d0    00000154     libc.a : fopen.c.obj (.text._openfile)
                  00007824    00000128     TExaS.o (.text._Z8ADC_InitP10ADC12_Regsjj)
                  0000794c    00000126     Player.o (.text._ZN6Player8moveDownEv)
                  00007a72    00000002     Sound.o (.text.SysTick_Handler)
                  00007a74    00000118     ST7735.o (.text._Z15ST7735_FillRectsssst)
                  00007b8c    00000114     libc.a : memory.c.obj (.text.aligned_alloc)
                  00007ca0    00000102     Player.o (.text._ZN6Player6moveUpEv)
                  00007da2    00000002     Sound.o (.text._Z10Sound_Initv)
                  00007da4    000000f8     SPI.o (.text._Z8SPI_Initv)
                  00007e9c    000000f4     ST7735.o (.text._Z18ST7735_SetRotationh)
                  00007f90    000000ec     libsysbm.a : add_device.c.obj (.text.add_device)
                  0000807c    000000e8     TExaS.o (.text._Z9UART_Initv)
                  00008164    000000e8     libc.a : memory.c.obj (.text.free)
                  0000824c    000000e0            : setvbuf.c.obj (.text.setvbuf)
                  0000832c    000000d0     ST7735.o (.text._Z14ST7735_OutCharc)
                  000083fc    000000a8     Timer.o (.text._Z14TimerG7_IntArmtjj)
                  000084a4    000000a2     ST7735.o (.text._ZL11commandListPKh)
                  00008546    00000002     libclang_rt.builtins.a : aeabi_div0.c.obj (.text.__aeabi_idiv0)
                  00008548    000000a0     libsysbm.a : open.c.obj (.text.open)
                  000085e8    0000009c     ST7735.o (.text._Z17ST7735_InitPrintfv)
                  00008684    00000098     ST7735.o (.text._Z12ST7735_InitR10initRFlags)
                  0000871c    00000094     Timer.o (.text._Z15TimerG12_IntArmjj)
                  000087b0    0000008c     SlidePot.o (.text._ZN8SlidePot4InitEv)
                  0000883c    00000088     ST7735.o (.text._ZL13setAddrWindowhhhh)
                  000088c4    0000000c     Lab9HMain.o (.text._GLOBAL__sub_I_Lab9HMain.cpp)
                  000088d0    00000088     libc.a : strcmp-armv6m.S.obj (.text:strcmp)
                  00008958    00000084     ST7735.o (.text._Z17ST7735_DrawStringttPcs)
                  000089dc    00000084     Machine.o (.text._ZN7Machine12printRefinerEv)
                  00008a60    00000080     Player.o (.text._ZN6Player16resetCoordinatesEv)
                  00008ae0    0000007c     LaunchPad.o (.text._Z14LaunchPad_Initv)
                  00008b5c    0000007c     libc.a : fclose.c.obj (.text.__TI_closefile)
                  00008bd8    0000007c            : copy_decompress_lzss.c.obj (.text:decompress:lzss)
                  00008c54    00000070     ST7735.o (.text._Z16ST7735_DrawPixelsst)
                  00008cc4    0000006c     libsysbm.a : hostlseek.c.obj (.text.HOSTlseek)
                  00008d30    0000006c                : hostrename.c.obj (.text.HOSTrename)
                  00008d9c    0000006c     libc.a : getdevice.c.obj (.text.getdevice)
                  00008e08    00000064            : memory.c.obj (.text.split)
                  00008e6c    00000060     libsysbm.a : hostopen.c.obj (.text.HOSTopen)
                  00008ecc    00000058                : hostread.c.obj (.text.HOSTread)
                  00008f24    00000058                : hostwrite.c.obj (.text.HOSTwrite)
                  00008f7c    00000058     TExaS.o (.text._Z10TExaS_InitP10ADC12_RegsjPFhvE)
                  00008fd4    00000054     SlidePot.o (.text._ZN8SlidePot2InEv)
                  00009028    00000054     libc.a : autoinit.c.obj (.text:__TI_auto_init_nobinit)
                  0000907c    00000052            : fflush.c.obj (.text.__TI_doflush)
                  000090ce    00000002            : _lock.c.obj (.text._nop)
                  000090d0    00000050     libsysbm.a : close.c.obj (.text.close)
                  00009120    0000004c     Player.o (.text._ZN6Player8moveLeftEv)
                  0000916c    0000004c     Player.o (.text._ZN6Player9moveRightEv)
                  000091b8    00000048     libsysbm.a : hostclose.c.obj (.text.HOSTclose)
                  00009200    00000048                : hostunlink.c.obj (.text.HOSTunlink)
                  00009248    00000048     SPI.o (.text._Z14SPI_OutCommandc)
                  00009290    00000040     TExaS.o (.text.TIMG7_IRQHandler)
                  000092d0    00000040     SPI.o (.text._Z9SPI_Resetv)
                  00009310    00000040     libclang_rt.builtins.a : aeabi_uidivmod.S.obj (.text.__aeabi_uidivmod)
                  00009350    00000040     libc.a : fopen.c.obj (.text._search_fp)
                  00009390    00000038     SPI.o (.text._Z11SPI_OutDatac)
                  000093c8    00000038     LaunchPad.o (.text._Z15ActivatePortA_Bv)
                  00009400    00000034     ST7735.o (.text._Z12ST7735_writeiPKcj)
                  00009434    00000034     Clock.o (.text._Z14Clock_Delay1msj)
                  00009468    00000034     ST7735.o (.text._Z16ST7735_SetCursorjj)
                  0000949c    00000034     LED.o (.text._Z8LED_Initv)
                  000094d0    00000034     libc.a : fopen.c.obj (.text.__TI_cleanup)
                  00009504    00000034     libsysbm.a : trgmsg.c.obj (.text.__TI_readmsg)
                  00009538    00000034                : trgmsg.c.obj (.text.__TI_writemsg)
                  0000956c    00000034     libc.a : exit.c.obj (.text.exit)
                  000095a0    00000034            : getdevice.c.obj (.text.finddevice)
                  000095d4    00000034            : fopen.c.obj (.text.freopen)
                  00009608    00000030     Lab9HMain.o (.text.TIMG12_IRQHandler)
                  00009638    00000030     ST7735.o (.text._ZL10commonInitPKh)
                  00009668    00000030     libc.a : fopen.c.obj (.text.fopen)
                  00009698    0000002c     ST7735.o (.text._Z17ST7735_FillScreent)
                  000096c4    0000002c     libsysbm.a : unlink.c.obj (.text.unlink)
                  000096f0    00000028     Switch.o (.text._Z11Switch_Initv)
                  00009718    00000028     TExaS.o (.text._Z9ADC_StartP10ADC12_Regs)
                  00009740    00000028     libc.a : memory.c.obj (.text.free_list_insert)
                  00009768    00000028     libsysbm.a : write.c.obj (.text.write)
                  00009790    00000028     libc.a : boot_cortex_m.c.obj (.text:_c_int00_noargs)
                  000097b8    00000024     SlidePot.o (.text._ZN8SlidePot4SaveEj)
                  000097dc    00000020     SlidePot.o (.text._ZN8SlidePot4SyncEv)
                  000097fc    0000001e     ST7735.o (.text._ZL9pushColort)
                  0000981a    00000002     --HOLE-- [fill = 0]
                  0000981c    0000001c     startup_mspm0g3507_ticlang.o (.text.Default_Handler)
                  00009838    0000001c     startup_mspm0g3507_ticlang.o (.text.HardFault_Handler)
                  00009854    0000001c     libc.a : memory.c.obj (.text.free_list_remove)
                  00009870    0000001a     Player.o (.text._ZN6PlayerC2Ev)
                  0000988a    00000016     ST7735.o (.text._Z11ST7735_openPKcji)
                  000098a0    00000016     ST7735.o (.text._Z11ST7735_readiPcj)
                  000098b6    00000016     libc.a : copy_zero_init.c.obj (.text:decompress:ZI:__TI_zero_init_nomemset)
                  000098cc    00000012            : memcpy16.S.obj (.text:TI_memcpy_small)
                  000098de    00000012            : copy_decompress_none.c.obj (.text:decompress:none)
                  000098f0    00000010     Clock.o (.text._Z11Clock_Delayj)
                  00009900    00000010     Lab9HMain.o (.text._Z28TExaS_LaunchPadLogicPB27PB26v)
                  00009910    00000010     Lab9HMain.o (.text.__cxx_global_var_init.1)
                  00009920    00000010     Lab9HMain.o (.text.__cxx_global_var_init)
                  00009930    0000000e     libc.a : memory.c.obj (.text.OUTLINED_FUNCTION_0)
                  0000993e    0000000e     ST7735.o (.text._Z12ST7735_lseekili)
                  0000994c    0000000e     Player.o (.text._ZN6Player7getXPosEv)
                  0000995a    0000000e     Player.o (.text._ZN6Player7getYPosEv)
                  00009968    0000000e     SlidePot.o (.text._ZN8SlidePotC2Ev)
                  00009976    0000000e     libsysbm.a : hostrename.c.obj (.text.strcpy)
                  00009984    0000000e                : hostrename.c.obj (.text.strlen)
                  00009992    0000000e     libc.a : memset16.S.obj (.text:TI_memset_small)
                  000099a0    0000000c     Clock.o (.text._Z10Clock_Freqv)
                  000099ac    0000000c     ST7735.o (.text._Z13ST7735_renamePKcS0_)
                  000099b8    0000000c     Player.o (.text._ZN6Player7getSizeEv)
                  000099c4    0000000c     SlidePot.o (.text._ZN8SlidePot9DistanceXEv)
                  000099d0    0000000c     SlidePot.o (.text._ZN8SlidePot9DistanceYEv)
                  000099dc    0000000c     libclang_rt.builtins.a : aeabi_memset.S.obj (.text.__aeabi_memclr)
                  000099e8    0000000c     libc.a : memory.c.obj (.text.malloc)
                  000099f4    0000000a     ST7735.o (.text._Z12ST7735_closei)
                  000099fe    0000000a     ST7735.o (.text._Z13ST7735_unlinkPKc)
                  00009a08    0000000a     Lab9HMain.o (.text._Z8PLL_Initv)
                  00009a12    00000002     --HOLE-- [fill = 0]
                  00009a14    00000008     libclang_rt.builtins.a : aeabi_memcpy.S.obj (.text.__aeabi_memcpy)
                  00009a1c    00000008     libsysbm.a : remove.c.obj (.text.remove)
                  00009a24    00000004     startup_mspm0g3507_ticlang.o (.text.Reset_Handler)
                  00009a28    00000004     libc.a : pre_init.c.obj (.text._system_pre_init)
                  00009a2c    00000004            : exit.c.obj (.text:abort)

.cinit     0    00009a30    00000098     
                  00009a30    0000006e     (.cinit..data.load) [load image, compression = lzss]
                  00009a9e    00000002     --HOLE-- [fill = 0]
                  00009aa0    0000000c     (__TI_handler_table)
                  00009aac    00000008     (.cinit..bss.load) [load image, compression = zero_init]
                  00009ab4    00000010     (__TI_cinit_table)
                  00009ac4    00000004     --HOLE-- [fill = 0]

.rodata    0    000000c0    00006f28     
                  000000c0    00001f40     Lab9HMain.o (.rodata._ZL4todo)
                  00002000    000010ae     Machine.o (.rodata._ZL14refinerWorking)
                  000030ae    000010ae     Machine.o (.rodata._ZL16refinerHighlight)
                  0000415c    000010ae     Lab9HMain.o (.rodata._ZL7refiner)
                  0000520a    000010ae     Machine.o (.rodata._ZL7refiner)
                  000062b8    00000782     Lab9HMain.o (.rodata._ZL5miner)
                  00006a3a    000004fb     ST7735.o (.rodata._ZL4Font)
                  00006f35    0000003b     ST7735.o (.rodata._ZL5Rcmd1)
                  00006f70    0000002b     ST7735.o (.rodata._ZL5Rcmd3)
                  00006f9b    00000016     ST7735.o (.rodata.str1.43788427057889536241)
                  00006fb1    0000000d     ST7735.o (.rodata._ZL10Rcmd2green)
                  00006fbe    0000000d     ST7735.o (.rodata._ZL8Rcmd2red)
                  00006fcb    00000008     ST7735.o (.rodata.str1.54535931475021008601)
                  00006fd3    00000007     ST7735.o (.rodata.str1.103567388005067375301)
                  00006fda    00000007     ST7735.o (.rodata.str1.132933244321656697041)
                  00006fe1    00000002     ST7735.o (.rodata.str1.18657686242476325171)
                  00006fe3    00000005     --HOLE-- [fill = 0]

.init_array 
*          0    00006fe8    00000008     
                  00006fe8    00000004     Lab9HMain.o (.init_array)
                  00006fec    00000004     --HOLE-- [fill = 0]

.sysmem    0    20200000    00000200     UNINITIALIZED
                  20200000    00000010     libc.a : memory.c.obj (.sysmem)
                  20200010    000001f0     --HOLE--

.data      0    20200200    00000205     UNINITIALIZED
                  20200200    000000f0     libc.a : defs.c.obj (.data._ftable)
                  202002f0    00000078     libsysbm.a : host_device.c.obj (.data._device)
                  20200368    00000050                : host_device.c.obj (.data._stream)
                  202003b8    0000000c     Lab9HMain.o (.data.Sensor)
                  202003c4    0000000c     Lab9HMain.o (.data.p1)
                  202003d0    00000008     libc.a : exit.c.obj (.data..L_MergedGlobals)
                  202003d8    00000004     Clock.o (.data.BusFreq)
                  202003dc    00000004     ST7735.o (.data.StX)
                  202003e0    00000004     ST7735.o (.data.StY)
                  202003e4    00000004     Machine.o (.data._ZZN7Machine12printRefinerEvE1i)
                  202003e8    00000004     libc.a : defs.c.obj (.data.__TI_ft_end)
                  202003ec    00000004            : _lock.c.obj (.data._lock)
                  202003f0    00000004            : _lock.c.obj (.data._unlock)
                  202003f4    00000002     ST7735.o (.data.StTextColor)
                  202003f6    00000002     ST7735.o (.data._ZL6_width)
                  202003f8    00000002     ST7735.o (.data._ZL7_height)
                  202003fa    00000002     Lab9HMain.o (.data.m_refiner)
                  202003fc    00000001     libsysbm.a : add_device.c.obj (.data.add_device.device_init)
                  202003fd    00000003     --HOLE--
                  20200400    00000001     libc.a : memory.c.obj (.data.memory_is_initialized)
                  20200401    00000003     --HOLE--
                  20200404    00000001     libsysbm.a : open.c.obj (.data.open.stream_init)

.bss       0    20200408    000001d8     UNINITIALIZED
                  20200408    00000120     libsysbm.a : trgmsg.c.obj (.bss:_CIOBUF_)
                  20200528    000000a0     libc.a : defs.c.obj (.bss.__TI_tmpnams)
                  202005c8    00000008     libsysbm.a : hostopen.c.obj (.bss.parmbuf)
                  202005d0    00000004     TExaS.o (.bss.TExaSLogic)
                  202005d4    00000004     TExaS.o (.bss.TExaSadc)
                  202005d8    00000004     libc.a : memory.c.obj (.bss.sys_free)
                  202005dc    00000001     ST7735.o (.bss._ZL8ColStart)
                  202005dd    00000001     ST7735.o (.bss._ZL8Rotation)
                  202005de    00000001     ST7735.o (.bss._ZL8RowStart)
                  202005df    00000001     ST7735.o (.bss._ZL8TabColor)

.stack     0    20207e00    00000200     UNINITIALIZED
                  20207e00    00000004     libc.a : boot_cortex_m.c.obj (.stack)
                  20207e04    000001fc     --HOLE--

__llvm_prf_cnts 
*          0    20200000    00000000     UNINITIALIZED

__llvm_prf_bits 
*          0    20200000    00000000     UNINITIALIZED

MODULE SUMMARY

       Module                         code    ro data   rw data
       ------                         ----    -------   -------
    .\
       Lab9HMain.o                    498     14196     26     
       Machine.o                      132     12810     4      
       ST7735.o                       2842    1449      18     
       Player.o                       898     0         0      
       TExaS.o                        720     0         8      
       Clock.o                        516     0         4      
       SPI.o                          440     0         0      
       SlidePot.o                     330     0         0      
       Timer.o                        316     0         0      
       LaunchPad.o                    180     0         0      
       LED.o                          52      0         0      
       Switch.o                       40      0         0      
       Sound.o                        4       0         0      
    +--+------------------------------+-------+---------+---------+
       Total:                         6968    28455     60     
                                                               
    .\ticlang\
       startup_mspm0g3507_ticlang.o   60      192       0      
    +--+------------------------------+-------+---------+---------+
       Total:                         60      192       0      
                                                               
    C:\ti\ccs\tools\compiler\ti-cgt-armllvm_4.0.1.LTS\lib\armv6m-ti-none-eabi/c/libc.a
       memory.c.obj                   702     0         5      
       fopen.c.obj                    556     0         0      
       defs.c.obj                     0       0         404    
       setvbuf.c.obj                  224     0         0      
       getdevice.c.obj                160     0         0      
       strcmp-armv6m.S.obj            136     0         0      
       copy_decompress_lzss.c.obj     124     0         0      
       fclose.c.obj                   124     0         0      
       autoinit.c.obj                 84      0         0      
       fflush.c.obj                   82      0         0      
       exit.c.obj                     56      0         8      
       boot_cortex_m.c.obj            40      0         0      
       copy_zero_init.c.obj           22      0         0      
       copy_decompress_none.c.obj     18      0         0      
       memcpy16.S.obj                 18      0         0      
       memset16.S.obj                 14      0         0      
       _lock.c.obj                    2       0         8      
       pre_init.c.obj                 4       0         0      
    +--+------------------------------+-------+---------+---------+
       Total:                         2366    0         425    
                                                               
    C:\ti\ccs\tools\compiler\ti-cgt-armllvm_4.0.1.LTS\lib\armv6m-ti-none-eabi/c/libsysbm.a
       trgmsg.c.obj                   104     0         288    
       add_device.c.obj               236     0         1      
       host_device.c.obj              0       0         200    
       open.c.obj                     160     0         1      
       hostrename.c.obj               136     0         0      
       hostlseek.c.obj                108     0         0      
       hostopen.c.obj                 96      0         8      
       hostread.c.obj                 88      0         0      
       hostwrite.c.obj                88      0         0      
       close.c.obj                    80      0         0      
       hostclose.c.obj                72      0         0      
       hostunlink.c.obj               72      0         0      
       unlink.c.obj                   44      0         0      
       write.c.obj                    40      0         0      
       remove.c.obj                   8       0         0      
    +--+------------------------------+-------+---------+---------+
       Total:                         1332    0         498    
                                                               
    C:\ti\ccs\tools\compiler\ti-cgt-armllvm_4.0.1.LTS\lib\armv6m-ti-none-eabi/libclang_rt.builtins.a
       aeabi_uidivmod.S.obj           64      0         0      
       aeabi_memset.S.obj             12      0         0      
       aeabi_memcpy.S.obj             8       0         0      
       aeabi_div0.c.obj               2       0         0      
    +--+------------------------------+-------+---------+---------+
       Total:                         86      0         0      
                                                               
       Heap:                          0       0         512    
       Stack:                         0       0         512    
       Linker Generated:              0       146       0      
    +--+------------------------------+-------+---------+---------+
       Grand Total:                   10812   28793     2007   


LINKER GENERATED COPY TABLES

__TI_cinit_table @ 00009ab4 records: 2, size/record: 8, table size: 16
	.data: load addr=00009a30, load size=0000006e bytes, run addr=20200200, run size=00000205 bytes, compression=lzss
	.bss: load addr=00009aac, load size=00000008 bytes, run addr=20200408, run size=000001d8 bytes, compression=zero_init


LINKER GENERATED HANDLER TABLE

__TI_handler_table @ 00009aa0 records: 3, size/record: 4, table size: 12
	index: 0, handler: __TI_decompress_lzss
	index: 1, handler: __TI_decompress_none
	index: 2, handler: __TI_zero_init


GLOBAL SYMBOLS: SORTED ALPHABETICALLY BY Name 

address   name                             
-------   ----                             
0000981d  ADC0_IRQHandler                  
0000981d  ADC1_IRQHandler                  
0000981d  AES_IRQHandler                   
202003d8  BusFreq                          
00009a2c  C$$EXIT                          
00009565  C$$IO$$                          
0000981d  CANFD0_IRQHandler                
0000981d  DAC0_IRQHandler                  
0000981d  DMA_IRQHandler                   
0000981d  Default_Handler                  
0000981d  GROUP0_IRQHandler                
0000981d  GROUP1_IRQHandler                
000091b9  HOSTclose                        
00008cc5  HOSTlseek                        
00008e6d  HOSTopen                         
00008ecd  HOSTread                         
00008d31  HOSTrename                       
00009201  HOSTunlink                       
00008f25  HOSTwrite                        
00009839  HardFault_Handler                
0000981d  I2C0_IRQHandler                  
0000981d  I2C1_IRQHandler                  
0000981d  NMI_Handler                      
0000981d  PendSV_Handler                   
0000981d  RTC_IRQHandler                   
00009a25  Reset_Handler                    
00006fe8  SHT$$INIT_ARRAY$$Base            
00006fec  SHT$$INIT_ARRAY$$Limit           
0000981d  SPI0_IRQHandler                  
0000981d  SPI1_IRQHandler                  
0000981d  SVC_Handler                      
202003b8  Sensor                           
202003f4  StTextColor                      
202003dc  StX                              
202003e0  StY                              
00007a73  SysTick_Handler                  
202005d0  TExaSLogic                       
202005d4  TExaSadc                         
0000981d  TIMA0_IRQHandler                 
0000981d  TIMA1_IRQHandler                 
0000981d  TIMG0_IRQHandler                 
00009609  TIMG12_IRQHandler                
0000981d  TIMG6_IRQHandler                 
00009291  TIMG7_IRQHandler                 
0000981d  TIMG8_IRQHandler                 
000098cd  TI_memcpy_small                  
00009993  TI_memset_small                  
0000981d  UART0_IRQHandler                 
0000981d  UART1_IRQHandler                 
0000981d  UART2_IRQHandler                 
0000981d  UART3_IRQHandler                 
20200408  _CIOBUF_                         
000099a1  _Z10Clock_Freqv                  
00007da3  _Z10Sound_Initv                  
00008f7d  _Z10TExaS_InitP10ADC12_RegsjPFhvE
000098f1  _Z11Clock_Delayj                 
00009391  _Z11SPI_OutDatac                 
0000988b  _Z11ST7735_openPKcji             
000098a1  _Z11ST7735_readiPcj              
000096f1  _Z11Switch_Initv                 
00008685  _Z12ST7735_InitR10initRFlags     
000099f5  _Z12ST7735_closei                
0000993f  _Z12ST7735_lseekili              
00009401  _Z12ST7735_writeiPKcj            
000099ad  _Z13ST7735_renamePKcS0_          
000099ff  _Z13ST7735_unlinkPKc             
00009435  _Z14Clock_Delay1msj              
00008ae1  _Z14LaunchPad_Initv              
00009249  _Z14SPI_OutCommandc              
0000832d  _Z14ST7735_OutCharc              
000083fd  _Z14TimerG7_IntArmtjj            
000093c9  _Z15ActivatePortA_Bv             
00007201  _Z15Clock_Init80MHzi             
00007a75  _Z15ST7735_FillRectsssst         
0000871d  _Z15TimerG12_IntArmjj            
000073b5  _Z16ST7735_DrawCharSsscssh       
00008c55  _Z16ST7735_DrawPixelsst          
00009469  _Z16ST7735_SetCursorjj           
00006ff1  _Z17ST7735_DrawBitmapssPKtss     
00008959  _Z17ST7735_DrawStringttPcs       
00009699  _Z17ST7735_FillScreent           
000085e9  _Z17ST7735_InitPrintfv           
00007e9d  _Z18ST7735_SetRotationh          
00009901  _Z28TExaS_LaunchPadLogicPB27PB26v
00007825  _Z8ADC_InitP10ADC12_Regsjj       
0000949d  _Z8LED_Initv                     
00009a09  _Z8PLL_Initv                     
00007da5  _Z8SPI_Initv                     
00009719  _Z9ADC_StartP10ADC12_Regs        
000092d1  _Z9SPI_Resetv                    
0000807d  _Z9UART_Initv                    
00008a61  _ZN6Player16resetCoordinatesEv   
00007ca1  _ZN6Player6moveUpEv              
000099b9  _ZN6Player7getSizeEv             
0000994d  _ZN6Player7getXPosEv             
0000995b  _ZN6Player7getYPosEv             
0000794d  _ZN6Player8moveDownEv            
00009121  _ZN6Player8moveLeftEv            
0000916d  _ZN6Player9moveRightEv           
00009871  _ZN6PlayerC1Ev                   
00009871  _ZN6PlayerC2Ev                   
000089dd  _ZN7Machine12printRefinerEv      
00008fd5  _ZN8SlidePot2InEv                
000087b1  _ZN8SlidePot4InitEv              
000097b9  _ZN8SlidePot4SaveEj              
000097dd  _ZN8SlidePot4SyncEv              
000099c5  _ZN8SlidePot9DistanceXEv         
000099d1  _ZN8SlidePot9DistanceYEv         
00009969  _ZN8SlidePotC1Ev                 
00009969  _ZN8SlidePotC2Ev                 
20200408  __CIOBUF_                        
20208000  __STACK_END                      
00000200  __STACK_SIZE                     
00000200  __SYSMEM_SIZE                    
00000000  __TI_ATRegion0_region_sz         
00000000  __TI_ATRegion0_src_addr          
00000000  __TI_ATRegion0_trg_addr          
00000000  __TI_ATRegion1_region_sz         
00000000  __TI_ATRegion1_src_addr          
00000000  __TI_ATRegion1_trg_addr          
00000000  __TI_ATRegion2_region_sz         
00000000  __TI_ATRegion2_src_addr          
00000000  __TI_ATRegion2_trg_addr          
00009ab4  __TI_CINIT_Base                  
00009ac4  __TI_CINIT_Limit                 
00009ac4  __TI_CINIT_Warm                  
00009aa0  __TI_Handler_Table_Base          
00009aac  __TI_Handler_Table_Limit         
00009029  __TI_auto_init_nobinit           
000094d1  __TI_cleanup                     
202003d0  __TI_cleanup_ptr                 
00008b5d  __TI_closefile                   
00008bd9  __TI_decompress_lzss             
000098df  __TI_decompress_none             
0000907d  __TI_doflush                     
202003d4  __TI_dtors_ptr                   
202003e8  __TI_ft_end                      
ffffffff  __TI_pprof_out_hndl              
ffffffff  __TI_prof_data_size              
ffffffff  __TI_prof_data_start             
00009505  __TI_readmsg                     
00000000  __TI_static_base__               
20200528  __TI_tmpnams                     
00009539  __TI_writemsg                    
000098b7  __TI_zero_init_nomemset          
00008547  __aeabi_idiv0                    
000099dd  __aeabi_memclr                   
000099dd  __aeabi_memclr4                  
000099dd  __aeabi_memclr8                  
00009a15  __aeabi_memcpy                   
00009a15  __aeabi_memcpy4                  
00009a15  __aeabi_memcpy8                  
00009311  __aeabi_uidiv                    
00009311  __aeabi_uidivmod                 
ffffffff  __binit__                        
UNDEFED   __mpu_init                       
20207e00  __stack                          
20200000  __start___llvm_prf_bits          
20200000  __start___llvm_prf_cnts          
20200000  __stop___llvm_prf_bits           
20200000  __stop___llvm_prf_cnts           
00009791  _c_int00_noargs                  
202002f0  _device                          
20200200  _ftable                          
202003ec  _lock                            
000090cf  _nop                             
20200368  _stream                          
20200000  _sys_memory                      
UNDEFED   _system_post_cinit               
00009a29  _system_pre_init                 
202003f0  _unlock                          
00009a2d  abort                            
00007f91  add_device                       
00007b8d  aligned_alloc                    
ffffffff  binit                            
000090d1  close                            
0000956d  exit                             
000095a1  finddevice                       
00009669  fopen                            
00008165  free                             
000095d5  freopen                          
00008d9d  getdevice                        
00000000  interruptVectors                 
202003fa  m_refiner                        
00007555  main                             
000099e9  malloc                           
00007b8d  memalign                         
00008549  open                             
202003c4  p1                               
202005c8  parmbuf                          
00009a1d  remove                           
0000824d  setvbuf                          
000088d1  strcmp                           
000096c5  unlink                           
00009769  write                            


GLOBAL SYMBOLS: SORTED BY Symbol Address 

address   name                             
-------   ----                             
00000000  __TI_ATRegion0_region_sz         
00000000  __TI_ATRegion0_src_addr          
00000000  __TI_ATRegion0_trg_addr          
00000000  __TI_ATRegion1_region_sz         
00000000  __TI_ATRegion1_src_addr          
00000000  __TI_ATRegion1_trg_addr          
00000000  __TI_ATRegion2_region_sz         
00000000  __TI_ATRegion2_src_addr          
00000000  __TI_ATRegion2_trg_addr          
00000000  __TI_static_base__               
00000000  interruptVectors                 
00000200  __STACK_SIZE                     
00000200  __SYSMEM_SIZE                    
00006fe8  SHT$$INIT_ARRAY$$Base            
00006fec  SHT$$INIT_ARRAY$$Limit           
00006ff1  _Z17ST7735_DrawBitmapssPKtss     
00007201  _Z15Clock_Init80MHzi             
000073b5  _Z16ST7735_DrawCharSsscssh       
00007555  main                             
00007825  _Z8ADC_InitP10ADC12_Regsjj       
0000794d  _ZN6Player8moveDownEv            
00007a73  SysTick_Handler                  
00007a75  _Z15ST7735_FillRectsssst         
00007b8d  aligned_alloc                    
00007b8d  memalign                         
00007ca1  _ZN6Player6moveUpEv              
00007da3  _Z10Sound_Initv                  
00007da5  _Z8SPI_Initv                     
00007e9d  _Z18ST7735_SetRotationh          
00007f91  add_device                       
0000807d  _Z9UART_Initv                    
00008165  free                             
0000824d  setvbuf                          
0000832d  _Z14ST7735_OutCharc              
000083fd  _Z14TimerG7_IntArmtjj            
00008547  __aeabi_idiv0                    
00008549  open                             
000085e9  _Z17ST7735_InitPrintfv           
00008685  _Z12ST7735_InitR10initRFlags     
0000871d  _Z15TimerG12_IntArmjj            
000087b1  _ZN8SlidePot4InitEv              
000088d1  strcmp                           
00008959  _Z17ST7735_DrawStringttPcs       
000089dd  _ZN7Machine12printRefinerEv      
00008a61  _ZN6Player16resetCoordinatesEv   
00008ae1  _Z14LaunchPad_Initv              
00008b5d  __TI_closefile                   
00008bd9  __TI_decompress_lzss             
00008c55  _Z16ST7735_DrawPixelsst          
00008cc5  HOSTlseek                        
00008d31  HOSTrename                       
00008d9d  getdevice                        
00008e6d  HOSTopen                         
00008ecd  HOSTread                         
00008f25  HOSTwrite                        
00008f7d  _Z10TExaS_InitP10ADC12_RegsjPFhvE
00008fd5  _ZN8SlidePot2InEv                
00009029  __TI_auto_init_nobinit           
0000907d  __TI_doflush                     
000090cf  _nop                             
000090d1  close                            
00009121  _ZN6Player8moveLeftEv            
0000916d  _ZN6Player9moveRightEv           
000091b9  HOSTclose                        
00009201  HOSTunlink                       
00009249  _Z14SPI_OutCommandc              
00009291  TIMG7_IRQHandler                 
000092d1  _Z9SPI_Resetv                    
00009311  __aeabi_uidiv                    
00009311  __aeabi_uidivmod                 
00009391  _Z11SPI_OutDatac                 
000093c9  _Z15ActivatePortA_Bv             
00009401  _Z12ST7735_writeiPKcj            
00009435  _Z14Clock_Delay1msj              
00009469  _Z16ST7735_SetCursorjj           
0000949d  _Z8LED_Initv                     
000094d1  __TI_cleanup                     
00009505  __TI_readmsg                     
00009539  __TI_writemsg                    
00009565  C$$IO$$                          
0000956d  exit                             
000095a1  finddevice                       
000095d5  freopen                          
00009609  TIMG12_IRQHandler                
00009669  fopen                            
00009699  _Z17ST7735_FillScreent           
000096c5  unlink                           
000096f1  _Z11Switch_Initv                 
00009719  _Z9ADC_StartP10ADC12_Regs        
00009769  write                            
00009791  _c_int00_noargs                  
000097b9  _ZN8SlidePot4SaveEj              
000097dd  _ZN8SlidePot4SyncEv              
0000981d  ADC0_IRQHandler                  
0000981d  ADC1_IRQHandler                  
0000981d  AES_IRQHandler                   
0000981d  CANFD0_IRQHandler                
0000981d  DAC0_IRQHandler                  
0000981d  DMA_IRQHandler                   
0000981d  Default_Handler                  
0000981d  GROUP0_IRQHandler                
0000981d  GROUP1_IRQHandler                
0000981d  I2C0_IRQHandler                  
0000981d  I2C1_IRQHandler                  
0000981d  NMI_Handler                      
0000981d  PendSV_Handler                   
0000981d  RTC_IRQHandler                   
0000981d  SPI0_IRQHandler                  
0000981d  SPI1_IRQHandler                  
0000981d  SVC_Handler                      
0000981d  TIMA0_IRQHandler                 
0000981d  TIMA1_IRQHandler                 
0000981d  TIMG0_IRQHandler                 
0000981d  TIMG6_IRQHandler                 
0000981d  TIMG8_IRQHandler                 
0000981d  UART0_IRQHandler                 
0000981d  UART1_IRQHandler                 
0000981d  UART2_IRQHandler                 
0000981d  UART3_IRQHandler                 
00009839  HardFault_Handler                
00009871  _ZN6PlayerC1Ev                   
00009871  _ZN6PlayerC2Ev                   
0000988b  _Z11ST7735_openPKcji             
000098a1  _Z11ST7735_readiPcj              
000098b7  __TI_zero_init_nomemset          
000098cd  TI_memcpy_small                  
000098df  __TI_decompress_none             
000098f1  _Z11Clock_Delayj                 
00009901  _Z28TExaS_LaunchPadLogicPB27PB26v
0000993f  _Z12ST7735_lseekili              
0000994d  _ZN6Player7getXPosEv             
0000995b  _ZN6Player7getYPosEv             
00009969  _ZN8SlidePotC1Ev                 
00009969  _ZN8SlidePotC2Ev                 
00009993  TI_memset_small                  
000099a1  _Z10Clock_Freqv                  
000099ad  _Z13ST7735_renamePKcS0_          
000099b9  _ZN6Player7getSizeEv             
000099c5  _ZN8SlidePot9DistanceXEv         
000099d1  _ZN8SlidePot9DistanceYEv         
000099dd  __aeabi_memclr                   
000099dd  __aeabi_memclr4                  
000099dd  __aeabi_memclr8                  
000099e9  malloc                           
000099f5  _Z12ST7735_closei                
000099ff  _Z13ST7735_unlinkPKc             
00009a09  _Z8PLL_Initv                     
00009a15  __aeabi_memcpy                   
00009a15  __aeabi_memcpy4                  
00009a15  __aeabi_memcpy8                  
00009a1d  remove                           
00009a25  Reset_Handler                    
00009a29  _system_pre_init                 
00009a2c  C$$EXIT                          
00009a2d  abort                            
00009aa0  __TI_Handler_Table_Base          
00009aac  __TI_Handler_Table_Limit         
00009ab4  __TI_CINIT_Base                  
00009ac4  __TI_CINIT_Limit                 
00009ac4  __TI_CINIT_Warm                  
20200000  __start___llvm_prf_bits          
20200000  __start___llvm_prf_cnts          
20200000  __stop___llvm_prf_bits           
20200000  __stop___llvm_prf_cnts           
20200000  _sys_memory                      
20200200  _ftable                          
202002f0  _device                          
20200368  _stream                          
202003b8  Sensor                           
202003c4  p1                               
202003d0  __TI_cleanup_ptr                 
202003d4  __TI_dtors_ptr                   
202003d8  BusFreq                          
202003dc  StX                              
202003e0  StY                              
202003e8  __TI_ft_end                      
202003ec  _lock                            
202003f0  _unlock                          
202003f4  StTextColor                      
202003fa  m_refiner                        
20200408  _CIOBUF_                         
20200408  __CIOBUF_                        
20200528  __TI_tmpnams                     
202005c8  parmbuf                          
202005d0  TExaSLogic                       
202005d4  TExaSadc                         
20207e00  __stack                          
20208000  __STACK_END                      
ffffffff  __TI_pprof_out_hndl              
ffffffff  __TI_prof_data_size              
ffffffff  __TI_prof_data_start             
ffffffff  __binit__                        
ffffffff  binit                            
UNDEFED   __mpu_init                       
UNDEFED   _system_post_cinit               

[195 symbols]
