******************************************************************************
            TI ARM Clang Linker PC v4.0.1                      
******************************************************************************
>> Linked Sat Apr 19 23:19:47 2025

OUTPUT FILE NAME:   <MadMines.out>
ENTRY POINT SYMBOL: "_c_int00_noargs"  address: 00016b49


MEMORY CONFIGURATION

         name            origin    length      used     unused   attr    fill
----------------------  --------  ---------  --------  --------  ----  --------
  FLASH                 00000000   00020000  000171a0  00008e60  R  X
  SRAM                  20200000   00008000  00000a53  000075ad  RW X
  BCR_CONFIG            41c00000   00000080  00000000  00000080  R   
  BSL_CONFIG            41c00100   00000080  00000000  00000080  R   


SEGMENT ALLOCATION MAP

run origin  load origin   length   init length attrs members
----------  ----------- ---------- ----------- ----- -------
00000000    00000000    000171a0   000171a0    r-x
  00000000    00000000    000000c0   000000c0    r-- .intvecs
  000000c0    000000c0    000109f8   000109f8    r-- .rodata
  00010ab8    00010ab8    00000008   00000008    r-- .init_array
  00010ac0    00010ac0    000065a0   000065a0    r-x .text
  00017060    00017060    00000140   00000140    r-- .cinit
20200000    20200000    00000856   00000000    rw-
  20200000    20200000    00000475   00000000    rw- .data
  20200478    20200478    00000200   00000000    rw- .sysmem
  20200678    20200678    000001de   00000000    rw- .bss
20207e00    20207e00    00000200   00000000    rw-
  20207e00    20207e00    00000200   00000000    rw- .stack


SECTION ALLOCATION MAP

 output                                  attributes/
section   page    origin      length       input sections
--------  ----  ----------  ----------   ----------------
.intvecs   0    00000000    000000c0     
                  00000000    000000c0     startup_mspm0g3507_ticlang.o (.intvecs)

.binit     0    00000000    00000000     

.text      0    00010ac0    000065a0     
                  00010ac0    00001028     Lab9HMain.o (.text.main)
                  00011ae8    0000055c     Machine.o (.text._ZN7Machine10updateCartEh)
                  00012044    00000410     Machine.o (.text._ZN7Machine10updateRockEh)
                  00012454    000003cc     Machine.o (.text._ZN7Machine13updateRefinerEh)
                  00012820    0000038c     Machine.o (.text._ZN7Machine14updateCountersEhPS_)
                  00012bac    000002b0     Machine.o (.text._ZN7Machine13printCountersEPS_)
                  00012e5c    000002ac     Machine.o (.text._ZN7Machine12printRefinerEv)
                  00013108    00000248     Machine.o (.text._ZN7Machine16updateTurnInAreaEh)
                  00013350    00000210     ST7735.o (.text._Z17ST7735_DrawBitmapssPKtss)
                  00013560    000001d8     Machine.o (.text._ZN7Machine9printCartEv)
                  00013738    000001b4     Clock.o (.text._Z15Clock_Init80MHzi)
                  000138ec    000001a4     ST7735.o (.text._Z15ST7735_DrawCharsscssh)
                  00013a90    000001a0     ST7735.o (.text._Z16ST7735_DrawCharSsscssh)
                  00013c30    00000180     Player.o (.text._ZN6Player8inBoundsEssPP7Machineh)
                  00013db0    0000017c     Machine.o (.text._ZN7Machine9printRockEv)
                  00013f2c    0000015c     Machine.o (.text._ZN7Machine13cartSendErrorEhh)
                  00014088    00000154     libc.a : fopen.c.obj (.text._openfile)
                  000141dc    0000013c     Machine.o (.text._ZN7Machine15printTurnInAreaEv)
                  00014318    00000128     TExaS.o (.text._Z8ADC_InitP10ADC12_Regsjj)
                  00014440    00000118     ST7735.o (.text._Z15ST7735_FillRectsssst)
                  00014558    00000114     libc.a : memory.c.obj (.text.aligned_alloc)
                  0001466c    000000f8     SPI.o (.text._Z8SPI_Initv)
                  00014764    000000f4     ST7735.o (.text._Z18ST7735_SetRotationh)
                  00014858    000000ec     libsysbm.a : add_device.c.obj (.text.add_device)
                  00014944    000000e8     TExaS.o (.text._Z9UART_Initv)
                  00014a2c    000000e8     libc.a : memory.c.obj (.text.free)
                  00014b14    000000e0            : setvbuf.c.obj (.text.setvbuf)
                  00014bf4    000000dc     UART2.o (.text._Z10UART2_Initv)
                  00014cd0    000000d0     ST7735.o (.text._Z14ST7735_OutCharc)
                  00014da0    000000b0     ST7735.o (.text._Z20ST7735_DrawFastHLinessst)
                  00014e50    000000b0     ST7735.o (.text._Z20ST7735_DrawFastVLinessst)
                  00014f00    000000a8     Timer.o (.text._Z14TimerG7_IntArmtjj)
                  00014fa8    000000a2     ST7735.o (.text._ZL11commandListPKh)
                  0001504a    00000002     Sound.o (.text.SysTick_Handler)
                  0001504c    000000a0     libsysbm.a : open.c.obj (.text.open)
                  000150ec    0000009c     ST7735.o (.text._Z17ST7735_InitPrintfv)
                  00015188    0000009c     Player.o (.text._ZN6Player14checkProximityE7Machine)
                  00015224    00000098     ST7735.o (.text._Z12ST7735_InitR10initRFlags)
                  000152bc    00000098     Player.o (.text._ZN6Player16resetCoordinatesEPsS0_)
                  00015354    00000094     Timer.o (.text._Z15TimerG12_IntArmjj)
                  000153e8    0000008c     SlidePot.o (.text._ZN8SlidePot4InitEv)
                  00015474    0000008a     Machine.o (.text._ZN7MachineC2Ehhhhhhhhhh)
                  000154fe    00000002     libclang_rt.builtins.a : aeabi_div0.c.obj (.text.__aeabi_idiv0)
                  00015500    00000088     ST7735.o (.text._ZL13setAddrWindowhhhh)
                  00015588    00000008     UART2.o (.text._GLOBAL__sub_I_UART2.cpp)
                  00015590    00000088     libc.a : strcmp-armv6m.S.obj (.text:strcmp)
                  00015618    00000084     ST7735.o (.text._Z17ST7735_DrawStringttPcs)
                  0001569c    00000082     Machine.o (.text._ZN7MachineC2Ehhhhhhhhh)
                  0001571e    00000002     libc.a : _lock.c.obj (.text._nop)
                  00015720    0000007c     LaunchPad.o (.text._Z14LaunchPad_Initv)
                  0001579c    0000007c     libc.a : fclose.c.obj (.text.__TI_closefile)
                  00015818    0000007c            : copy_decompress_lzss.c.obj (.text:decompress:lzss)
                  00015894    00000078     Player.o (.text._ZN6Player15getMachineInputE7Machine)
                  0001590c    00000074     UART2.o (.text.UART2_IRQHandler)
                  00015980    00000074     IRxmt.o (.text._Z13IRxmt_SendBiti)
                  000159f4    00000070     ST7735.o (.text._Z16ST7735_DrawPixelsst)
                  00015a64    0000006c     libsysbm.a : hostlseek.c.obj (.text.HOSTlseek)
                  00015ad0    0000006c                : hostrename.c.obj (.text.HOSTrename)
                  00015b3c    0000006c     libc.a : getdevice.c.obj (.text.getdevice)
                  00015ba8    00000064     Lab9HMain.o (.text._GLOBAL__sub_I_Lab9HMain.cpp)
                  00015c0c    00000064     libc.a : memory.c.obj (.text.split)
                  00015c70    00000062     Machine.o (.text._ZN7MachineC2Ehhhhhh)
                  00015cd2    00000002     --HOLE-- [fill = 0]
                  00015cd4    00000060     libsysbm.a : hostopen.c.obj (.text.HOSTopen)
                  00015d34    00000058                : hostread.c.obj (.text.HOSTread)
                  00015d8c    00000058                : hostwrite.c.obj (.text.HOSTwrite)
                  00015de4    00000058     TExaS.o (.text._Z10TExaS_InitP10ADC12_RegsjPFhvE)
                  00015e3c    00000056     libclang_rt.builtins.a : aeabi_idivmod.S.obj (.text.__aeabi_idivmod)
                  00015e92    00000002     --HOLE-- [fill = 0]
                  00015e94    00000054     Player.o (.text._ZN6Player14printPosessionEh)
                  00015ee8    00000054     Player.o (.text._ZN6Player8moveLeftEv)
                  00015f3c    00000054     Player.o (.text._ZN6Player9moveRightEv)
                  00015f90    00000054     SlidePot.o (.text._ZN8SlidePot2InEv)
                  00015fe4    00000054     libc.a : autoinit.c.obj (.text:__TI_auto_init_nobinit)
                  00016038    00000052     Player.o (.text._ZN6Player8moveDownEv)
                  0001608a    00000052     libc.a : fflush.c.obj (.text.__TI_doflush)
                  000160dc    00000050     Lab9HMain.o (.text.__cxx_global_var_init.12)
                  0001612c    00000050     libsysbm.a : close.c.obj (.text.close)
                  0001617c    00000048                : hostclose.c.obj (.text.HOSTclose)
                  000161c4    00000048                : hostunlink.c.obj (.text.HOSTunlink)
                  0001620c    00000048     IRxmt.o (.text._Z13IRxmt_OutCharc)
                  00016254    00000048     SPI.o (.text._Z14SPI_OutCommandc)
                  0001629c    00000048     FIFO2.o (.text._ZN5Queue3GetEPc)
                  000162e4    00000048     FIFO2.o (.text._ZN5Queue3PutEc)
                  0001632c    00000040     TExaS.o (.text.TIMG7_IRQHandler)
                  0001636c    00000040     SPI.o (.text._Z9SPI_Resetv)
                  000163ac    00000040     libclang_rt.builtins.a : aeabi_uidivmod.S.obj (.text.__aeabi_uidivmod)
                  000163ec    00000040     Lab9HMain.o (.text.__cxx_global_var_init.23)
                  0001642c    00000040     libc.a : fopen.c.obj (.text._search_fp)
                  0001646c    0000003c     Lab9HMain.o (.text.TIMG12_IRQHandler)
                  000164a8    0000003c     Sound.o (.text._Z10Sound_Initv)
                  000164e4    0000003c     Player.o (.text._ZN6Player6moveUpEv)
                  00016520    00000038     SPI.o (.text._Z11SPI_OutDatac)
                  00016558    00000038     LaunchPad.o (.text._Z15ActivatePortA_Bv)
                  00016590    00000034     ST7735.o (.text._Z12ST7735_writeiPKcj)
                  000165c4    00000034     Clock.o (.text._Z14Clock_Delay1msj)
                  000165f8    00000034     ST7735.o (.text._Z16ST7735_SetCursorjj)
                  0001662c    00000034     libc.a : fopen.c.obj (.text.__TI_cleanup)
                  00016660    00000034     libsysbm.a : trgmsg.c.obj (.text.__TI_readmsg)
                  00016694    00000034                : trgmsg.c.obj (.text.__TI_writemsg)
                  000166c8    00000034     libc.a : exit.c.obj (.text.exit)
                  000166fc    00000034            : getdevice.c.obj (.text.finddevice)
                  00016730    00000034            : fopen.c.obj (.text.freopen)
                  00016764    00000030     ST7735.o (.text._ZL10commonInitPKh)
                  00016794    00000030     Player.o (.text._ZN6Player14translateRightEv)
                  000167c4    00000030     Lab9HMain.o (.text.__cxx_global_var_init.10)
                  000167f4    00000030     Lab9HMain.o (.text.__cxx_global_var_init.11)
                  00016824    00000030     Lab9HMain.o (.text.__cxx_global_var_init.15)
                  00016854    00000030     Lab9HMain.o (.text.__cxx_global_var_init.20)
                  00016884    00000030     Lab9HMain.o (.text.__cxx_global_var_init.21)
                  000168b4    00000030     Lab9HMain.o (.text.__cxx_global_var_init.22)
                  000168e4    00000030     Lab9HMain.o (.text.__cxx_global_var_init.5)
                  00016914    00000030     Lab9HMain.o (.text.__cxx_global_var_init.9)
                  00016944    00000030     libc.a : fopen.c.obj (.text.fopen)
                  00016974    0000002c     UART2.o (.text._Z12UART2_InCharv)
                  000169a0    0000002c     ST7735.o (.text._Z17ST7735_FillScreent)
                  000169cc    0000002c     Player.o (.text._ZN6Player13translateDownEv)
                  000169f8    0000002c     Player.o (.text._ZN6Player13translateLeftEv)
                  00016a24    0000002c     Lab9HMain.o (.text.__cxx_global_var_init.4)
                  00016a50    0000002c     Lab9HMain.o (.text.__cxx_global_var_init.8)
                  00016a7c    0000002c     libsysbm.a : unlink.c.obj (.text.unlink)
                  00016aa8    00000028     IRxmt.o (.text._Z10IRxmt_Initv)
                  00016ad0    00000028     TExaS.o (.text._Z9ADC_StartP10ADC12_Regs)
                  00016af8    00000028     libc.a : memory.c.obj (.text.free_list_insert)
                  00016b20    00000028     libsysbm.a : write.c.obj (.text.write)
                  00016b48    00000028     libc.a : boot_cortex_m.c.obj (.text:_c_int00_noargs)
                  00016b70    00000024     SlidePot.o (.text._ZN8SlidePot4SaveEj)
                  00016b94    00000024     Lab9HMain.o (.text.__cxx_global_var_init.14)
                  00016bb8    00000024     Lab9HMain.o (.text.__cxx_global_var_init.16)
                  00016bdc    00000024     Lab9HMain.o (.text.__cxx_global_var_init.17)
                  00016c00    00000024     Lab9HMain.o (.text.__cxx_global_var_init.18)
                  00016c24    00000024     Lab9HMain.o (.text.__cxx_global_var_init.19)
                  00016c48    00000024     Lab9HMain.o (.text.__cxx_global_var_init.2)
                  00016c6c    00000024     Lab9HMain.o (.text.__cxx_global_var_init.3)
                  00016c90    00000024     Lab9HMain.o (.text.__cxx_global_var_init.6)
                  00016cb4    00000022     FIFO2.o (.text._ZN5Queue6IsFullEv)
                  00016cd6    00000020     SlidePot.o (.text._ZN8SlidePot4SyncEv)
                  00016cf6    00000002     --HOLE-- [fill = 0]
                  00016cf8    00000020     Lab9HMain.o (.text.__cxx_global_var_init.13)
                  00016d18    00000020     Lab9HMain.o (.text.__cxx_global_var_init.7)
                  00016d38    0000001e     ST7735.o (.text._ZL9pushColort)
                  00016d56    00000002     --HOLE-- [fill = 0]
                  00016d58    0000001c     startup_mspm0g3507_ticlang.o (.text.Default_Handler)
                  00016d74    0000001c     startup_mspm0g3507_ticlang.o (.text.HardFault_Handler)
                  00016d90    0000001c     Switch.o (.text._Z9Switch_Inv)
                  00016dac    0000001c     Player.o (.text._ZN6PlayerC2Ev)
                  00016dc8    0000001c     libc.a : memory.c.obj (.text.free_list_remove)
                  00016de4    00000018     Switch.o (.text._Z11Switch_Initv)
                  00016dfc    00000016     ST7735.o (.text._Z11ST7735_openPKcji)
                  00016e12    00000016     ST7735.o (.text._Z11ST7735_readiPcj)
                  00016e28    00000016     libc.a : copy_zero_init.c.obj (.text:decompress:ZI:__TI_zero_init_nomemset)
                  00016e3e    00000014     FIFO2.o (.text._ZN5Queue7IsEmptyEv)
                  00016e52    00000012     Player.o (.text._ZN6Player13setPossessionEh)
                  00016e64    00000012     Player.o (.text._ZN6Player7setXPosEs)
                  00016e76    00000012     Player.o (.text._ZN6Player7setYPosEs)
                  00016e88    00000012     Machine.o (.text._ZN7Machine11setRockTypeEh)
                  00016e9a    00000012     Machine.o (.text._ZN7Machine9setSpriteEh)
                  00016eac    00000012     libc.a : memcpy16.S.obj (.text:TI_memcpy_small)
                  00016ebe    00000012            : copy_decompress_none.c.obj (.text:decompress:none)
                  00016ed0    00000010     Clock.o (.text._Z11Clock_Delayj)
                  00016ee0    00000010     UART2.o (.text._Z12UART2_Enablev)
                  00016ef0    00000010     UART2.o (.text._Z13UART2_Disablev)
                  00016f00    00000010     Lab9HMain.o (.text._Z28TExaS_LaunchPadLogicPB27PB26v)
                  00016f10    00000010     FIFO2.o (.text._ZN5QueueC2Ev)
                  00016f20    00000010     Lab9HMain.o (.text.__cxx_global_var_init.1)
                  00016f30    00000010     Lab9HMain.o (.text.__cxx_global_var_init)
                  00016f40    00000010     UART2.o (.text.__cxx_global_var_init)
                  00016f50    0000000e     libc.a : memory.c.obj (.text.OUTLINED_FUNCTION_0)
                  00016f5e    0000000e     ST7735.o (.text._Z12ST7735_lseekili)
                  00016f6c    0000000e     Player.o (.text._ZN6Player7getXPosEv)
                  00016f7a    0000000e     Player.o (.text._ZN6Player7getYPosEv)
                  00016f88    0000000e     SlidePot.o (.text._ZN8SlidePotC2Ev)
                  00016f96    0000000e     libsysbm.a : hostrename.c.obj (.text.strcpy)
                  00016fa4    0000000e                : hostrename.c.obj (.text.strlen)
                  00016fb2    0000000e     libc.a : memset16.S.obj (.text:TI_memset_small)
                  00016fc0    0000000c     Clock.o (.text._Z10Clock_Freqv)
                  00016fcc    0000000c     ST7735.o (.text._Z13ST7735_renamePKcS0_)
                  00016fd8    0000000c     IRxmt.o (.text._Z5Delayj)
                  00016fe4    0000000c     Player.o (.text._ZN6Player7getSizeEv)
                  00016ff0    0000000c     SlidePot.o (.text._ZN8SlidePot9DistanceXEv)
                  00016ffc    0000000c     SlidePot.o (.text._ZN8SlidePot9DistanceYEv)
                  00017008    0000000c     libclang_rt.builtins.a : aeabi_memset.S.obj (.text.__aeabi_memclr)
                  00017014    0000000c     libc.a : memory.c.obj (.text.malloc)
                  00017020    0000000a     ST7735.o (.text._Z12ST7735_closei)
                  0001702a    0000000a     ST7735.o (.text._Z13ST7735_unlinkPKc)
                  00017034    0000000a     Lab9HMain.o (.text._Z8PLL_Initv)
                  0001703e    00000002     --HOLE-- [fill = 0]
                  00017040    00000008     libclang_rt.builtins.a : aeabi_memcpy.S.obj (.text.__aeabi_memcpy)
                  00017048    00000008     libsysbm.a : remove.c.obj (.text.remove)
                  00017050    00000004     startup_mspm0g3507_ticlang.o (.text.Reset_Handler)
                  00017054    00000004     libc.a : pre_init.c.obj (.text._system_pre_init)
                  00017058    00000004            : exit.c.obj (.text:abort)
                  0001705c    00000004     --HOLE-- [fill = 0]

.cinit     0    00017060    00000140     
                  00017060    00000118     (.cinit..data.load) [load image, compression = lzss]
                  00017178    0000000c     (__TI_handler_table)
                  00017184    00000008     (.cinit..bss.load) [load image, compression = zero_init]
                  0001718c    00000010     (__TI_cinit_table)
                  0001719c    00000004     --HOLE-- [fill = 0]

.rodata    0    000000c0    000109f8     
                  000000c0    00002800     Lab9HMain.o (.rodata._ZL4todo)
                  000028c0    00002800     Machine.o (.rodata._ZL4todo)
                  000050c0    000010ae     Machine.o (.rodata._ZL14refinerWorking)
                  0000616e    000010ae     Machine.o (.rodata._ZL16refinerHighlight)
                  0000721c    000010ae     Machine.o (.rodata._ZL7refiner)
                  000082ca    00000f74     Machine.o (.rodata._ZL13cartHighlight)
                  0000923e    00000f74     Machine.o (.rodata._ZL4cart)
                  0000a1b2    00000738     Machine.o (.rodata._ZL13rockWorking_b)
                  0000a8ea    00000738     Machine.o (.rodata._ZL15rockHighlight_b)
                  0000b022    00000738     Machine.o (.rodata._ZL22rockWorkingHighlight_b)
                  0000b75a    00000738     Machine.o (.rodata._ZL6rock_b)
                  0000be92    00000720     Machine.o (.rodata._ZL15portalHighlight)
                  0000c5b2    00000720     Machine.o (.rodata._ZL6portal)
                  0000ccd2    000006e0     Machine.o (.rodata._ZL6ladder)
                  0000d3b2    00000548     Lab9HMain.o (.rodata._ZL5miner)
                  0000d8fa    00000540     Machine.o (.rodata._ZL7counter)
                  0000de3a    000004fb     ST7735.o (.rodata._ZL4Font)
                  0000e335    00000001     --HOLE-- [fill = 0]
                  0000e336    00000348     Machine.o (.rodata._ZL5watch)
                  0000e67e    00000320     Machine.o (.rodata._ZL5trash)
                  0000e99e    000002d2     Machine.o (.rodata._ZL5sword)
                  0000ec70    000002ac     Machine.o (.rodata._ZL3key)
                  0000ef1c    000002a0     Machine.o (.rodata._ZL6shield)
                  0000f1bc    00000220     Machine.o (.rodata._ZL4ring)
                  0000f3dc    0000018c     Machine.o (.rodata._ZL10rawDiamond)
                  0000f568    0000018c     Machine.o (.rodata._ZL10rawEmerald)
                  0000f6f4    0000018c     Machine.o (.rodata._ZL7rawGold)
                  0000f880    0000018c     Machine.o (.rodata._ZL7rawRuby)
                  0000fa0c    0000018c     Machine.o (.rodata._ZL9rawSilver)
                  0000fb98    00000168     Machine.o (.rodata._ZL13rockWorking_m)
                  0000fd00    00000168     Machine.o (.rodata._ZL15rockHighlight_m)
                  0000fe68    00000168     Machine.o (.rodata._ZL22rockWorkingHighlight_m)
                  0000ffd0    00000168     Machine.o (.rodata._ZL6rock_m)
                  00010138    0000010e     Machine.o (.rodata._ZL4gold)
                  00010246    0000010e     Machine.o (.rodata._ZL6silver)
                  00010354    0000010a     Machine.o (.rodata._ZL13rockWorking_t)
                  0001045e    0000010a     Machine.o (.rodata._ZL15rockHighlight_t)
                  00010568    0000010a     Machine.o (.rodata._ZL22rockWorkingHighlight_t)
                  00010672    0000010a     Machine.o (.rodata._ZL6rock_t)
                  0001077c    000000d8     Machine.o (.rodata._ZL4Ruby)
                  00010854    000000d8     Machine.o (.rodata._ZL7Diamond)
                  0001092c    000000d8     Machine.o (.rodata._ZL7Emerald)
                  00010a04    0000003b     ST7735.o (.rodata._ZL5Rcmd1)
                  00010a3f    0000002b     ST7735.o (.rodata._ZL5Rcmd3)
                  00010a6a    00000016     ST7735.o (.rodata.str1.43788427057889536241)
                  00010a80    0000000d     ST7735.o (.rodata._ZL10Rcmd2green)
                  00010a8d    0000000d     ST7735.o (.rodata._ZL8Rcmd2red)
                  00010a9a    00000008     ST7735.o (.rodata.str1.54535931475021008601)
                  00010aa2    00000007     ST7735.o (.rodata.str1.103567388005067375301)
                  00010aa9    00000007     ST7735.o (.rodata.str1.132933244321656697041)
                  00010ab0    00000002     ST7735.o (.rodata.str1.18657686242476325171)
                  00010ab2    00000006     --HOLE-- [fill = 0]

.init_array 
*          0    00010ab8    00000008     
                  00010ab8    00000004     UART2.o (.init_array)
                  00010abc    00000004     Lab9HMain.o (.init_array)

.data      0    20200000    00000475     UNINITIALIZED
                  20200000    000000f0     libc.a : defs.c.obj (.data._ftable)
                  202000f0    00000088     Machine.o (.data.sprites)
                  20200178    00000078     libsysbm.a : host_device.c.obj (.data._device)
                  202001f0    00000050                : host_device.c.obj (.data._stream)
                  20200240    00000038     Lab9HMain.o (.data.Counters)
                  20200278    0000002c     UART2.o (.data.FIFO2)
                  202002a4    0000002c     Lab9HMain.o (.data.machineArr1)
                  202002d0    0000002a     Lab9HMain.o (.data.Counters2)
                  202002fa    00000002     ST7735.o (.data.StTextColor)
                  202002fc    00000014     Machine.o (.data._ZL7ToDoArr)
                  20200310    0000000e     Lab9HMain.o (.data.m_anvil)
                  2020031e    0000000e     Lab9HMain.o (.data.m_cart1)
                  2020032c    0000000e     Lab9HMain.o (.data.m_cart2)
                  2020033a    0000000e     Lab9HMain.o (.data.m_counter1)
                  20200348    0000000e     Lab9HMain.o (.data.m_counter2)
                  20200356    0000000e     Lab9HMain.o (.data.m_counter3)
                  20200364    0000000e     Lab9HMain.o (.data.m_counter4)
                  20200372    0000000e     Lab9HMain.o (.data.m_counter5)
                  20200380    0000000e     Lab9HMain.o (.data.m_counter6)
                  2020038e    0000000e     Lab9HMain.o (.data.m_portal)
                  2020039c    0000000e     Lab9HMain.o (.data.m_refiner)
                  202003aa    0000000e     Lab9HMain.o (.data.m_rock1)
                  202003b8    0000000e     Lab9HMain.o (.data.m_rock1Mid)
                  202003c6    0000000e     Lab9HMain.o (.data.m_rock1Top)
                  202003d4    0000000e     Lab9HMain.o (.data.m_rock2)
                  202003e2    0000000e     Lab9HMain.o (.data.m_rock2Mid)
                  202003f0    0000000e     Lab9HMain.o (.data.m_rock2Top)
                  202003fe    0000000e     Lab9HMain.o (.data.m_smelter)
                  2020040c    0000000e     Lab9HMain.o (.data.m_todo)
                  2020041a    0000000e     Lab9HMain.o (.data.m_todoDown)
                  20200428    0000000c     Lab9HMain.o (.data.Sensor)
                  20200434    00000008     libc.a : exit.c.obj (.data..L_MergedGlobals)
                  2020043c    00000008     Lab9HMain.o (.data.p1)
                  20200444    00000004     Clock.o (.data.BusFreq)
                  20200448    00000004     ST7735.o (.data.StX)
                  2020044c    00000004     ST7735.o (.data.StY)
                  20200450    00000004     libc.a : defs.c.obj (.data.__TI_ft_end)
                  20200454    00000004            : _lock.c.obj (.data._lock)
                  20200458    00000004            : _lock.c.obj (.data._unlock)
                  2020045c    00000002     ST7735.o (.data._ZL6_width)
                  2020045e    00000002     ST7735.o (.data._ZL7_height)
                  20200460    00000002     Machine.o (.data._ZZN7Machine16updateTurnInAreaEhE5score)
                  20200462    00000001     Machine.o (.data._ZZN7Machine10updateCartEhE8debounce)
                  20200463    00000001     Machine.o (.data._ZZN7Machine10updateRockEhE10wasWorking)
                  20200464    00000001     Machine.o (.data._ZZN7Machine10updateRockEhE7halfway)
                  20200465    00000001     Machine.o (.data._ZZN7Machine13updateRefinerEhE10wasWorking)
                  20200466    00000001     Machine.o (.data._ZZN7Machine13updateRefinerEhE8debounce)
                  20200467    00000001     Machine.o (.data._ZZN7Machine14updateCountersEhPS_E8debounce)
                  20200468    00000001     Machine.o (.data._ZZN7Machine9printCartEvE2in)
                  20200469    00000001     Machine.o (.data._ZZN7Machine9printCartEvE4sent)
                  2020046a    00000001     Lab9HMain.o (.data.deadTimer)
                  2020046b    00000001     Lab9HMain.o (.data.input)
                  2020046c    00000001     libsysbm.a : add_device.c.obj (.data.add_device.device_init)
                  2020046d    00000001     Lab9HMain.o (.data.numCounters)
                  2020046e    00000001     Machine.o (.data.progH)
                  2020046f    00000001     Machine.o (.data.progW)
                  20200470    00000001     libc.a : memory.c.obj (.data.memory_is_initialized)
                  20200471    00000003     --HOLE--
                  20200474    00000001     libsysbm.a : open.c.obj (.data.open.stream_init)

.sysmem    0    20200478    00000200     UNINITIALIZED
                  20200478    00000010     libc.a : memory.c.obj (.sysmem)
                  20200488    000001f0     --HOLE--

.bss       0    20200678    000001de     UNINITIALIZED
                  20200678    00000120     libsysbm.a : trgmsg.c.obj (.bss:_CIOBUF_)
                  20200798    000000a0     libc.a : defs.c.obj (.bss.__TI_tmpnams)
                  20200838    00000008     libsysbm.a : hostopen.c.obj (.bss.parmbuf)
                  20200840    00000004     UART2.o (.bss.LostData)
                  20200844    00000004     TExaS.o (.bss.TExaSLogic)
                  20200848    00000004     TExaS.o (.bss.TExaSadc)
                  2020084c    00000004     libc.a : memory.c.obj (.bss.sys_free)
                  20200850    00000001     ST7735.o (.bss._ZL8ColStart)
                  20200851    00000001     ST7735.o (.bss._ZL8Rotation)
                  20200852    00000001     ST7735.o (.bss._ZL8RowStart)
                  20200853    00000001     ST7735.o (.bss._ZL8TabColor)
                  20200854    00000001     Lab9HMain.o (.bss.buttons)
                  20200855    00000001     Lab9HMain.o (.bss.toDoOpen)

.stack     0    20207e00    00000200     UNINITIALIZED
                  20207e00    00000004     libc.a : boot_cortex_m.c.obj (.stack)
                  20207e04    000001fc     --HOLE--

__llvm_prf_cnts 
*          0    20200000    00000000     UNINITIALIZED

__llvm_prf_bits 
*          0    20200000    00000000     UNINITIALIZED

MODULE SUMMARY

       Module                         code    ro data   rw data
       ------                         ----    -------   -------
    .\
       Machine.o                      8166    55040     168    
       Lab9HMain.o                    5322    11596     447    
       ST7735.o                       3614    1449      18     
       Player.o                       1464    0         0      
       TExaS.o                        720     0         8      
       Clock.o                        516     0         4      
       UART2.o                        436     4         48     
       SPI.o                          440     0         0      
       SlidePot.o                     330     0         0      
       Timer.o                        316     0         0      
       IRxmt.o                        240     0         0      
       FIFO2.o                        214     0         0      
       LaunchPad.o                    180     0         0      
       Sound.o                        62      0         0      
       Switch.o                       52      0         0      
    +--+------------------------------+-------+---------+---------+
       Total:                         22072   68089     693    
                                                               
    .\ticlang\
       startup_mspm0g3507_ticlang.o   60      192       0      
    +--+------------------------------+-------+---------+---------+
       Total:                         60      192       0      
                                                               
    C:\ti\ccs\tools\compiler\ti-cgt-armllvm_4.0.1.LTS\lib\armv6m-ti-none-eabi/c/libc.a
       memory.c.obj                   702     0         5      
       fopen.c.obj                    556     0         0      
       defs.c.obj                     0       0         404    
       setvbuf.c.obj                  224     0         0      
       getdevice.c.obj                160     0         0      
       strcmp-armv6m.S.obj            136     0         0      
       copy_decompress_lzss.c.obj     124     0         0      
       fclose.c.obj                   124     0         0      
       autoinit.c.obj                 84      0         0      
       fflush.c.obj                   82      0         0      
       exit.c.obj                     56      0         8      
       boot_cortex_m.c.obj            40      0         0      
       copy_zero_init.c.obj           22      0         0      
       copy_decompress_none.c.obj     18      0         0      
       memcpy16.S.obj                 18      0         0      
       memset16.S.obj                 14      0         0      
       _lock.c.obj                    2       0         8      
       pre_init.c.obj                 4       0         0      
    +--+------------------------------+-------+---------+---------+
       Total:                         2366    0         425    
                                                               
    C:\ti\ccs\tools\compiler\ti-cgt-armllvm_4.0.1.LTS\lib\armv6m-ti-none-eabi/c/libsysbm.a
       trgmsg.c.obj                   104     0         288    
       add_device.c.obj               236     0         1      
       host_device.c.obj              0       0         200    
       open.c.obj                     160     0         1      
       hostrename.c.obj               136     0         0      
       hostlseek.c.obj                108     0         0      
       hostopen.c.obj                 96      0         8      
       hostread.c.obj                 88      0         0      
       hostwrite.c.obj                88      0         0      
       close.c.obj                    80      0         0      
       hostclose.c.obj                72      0         0      
       hostunlink.c.obj               72      0         0      
       unlink.c.obj                   44      0         0      
       write.c.obj                    40      0         0      
       remove.c.obj                   8       0         0      
    +--+------------------------------+-------+---------+---------+
       Total:                         1332    0         498    
                                                               
    C:\ti\ccs\tools\compiler\ti-cgt-armllvm_4.0.1.LTS\lib\armv6m-ti-none-eabi/libclang_rt.builtins.a
       aeabi_idivmod.S.obj            86      0         0      
       aeabi_uidivmod.S.obj           64      0         0      
       aeabi_memset.S.obj             12      0         0      
       aeabi_memcpy.S.obj             8       0         0      
       aeabi_div0.c.obj               2       0         0      
    +--+------------------------------+-------+---------+---------+
       Total:                         172     0         0      
                                                               
       Heap:                          0       0         512    
       Stack:                         0       0         512    
       Linker Generated:              0       316       0      
    +--+------------------------------+-------+---------+---------+
       Grand Total:                   26002   68597     2640   


LINKER GENERATED COPY TABLES

__TI_cinit_table @ 0001718c records: 2, size/record: 8, table size: 16
	.data: load addr=00017060, load size=00000118 bytes, run addr=20200000, run size=00000475 bytes, compression=lzss
	.bss: load addr=00017184, load size=00000008 bytes, run addr=20200678, run size=000001de bytes, compression=zero_init


LINKER GENERATED HANDLER TABLE

__TI_handler_table @ 00017178 records: 3, size/record: 4, table size: 12
	index: 0, handler: __TI_decompress_lzss
	index: 1, handler: __TI_decompress_none
	index: 2, handler: __TI_zero_init


GLOBAL SYMBOLS: SORTED ALPHABETICALLY BY Name 

address   name                                
-------   ----                                
00016d59  ADC0_IRQHandler                     
00016d59  ADC1_IRQHandler                     
00016d59  AES_IRQHandler                      
20200444  BusFreq                             
00017058  C$$EXIT                             
000166c1  C$$IO$$                             
00016d59  CANFD0_IRQHandler                   
20200240  Counters                            
202002d0  Counters2                           
00016d59  DAC0_IRQHandler                     
00016d59  DMA_IRQHandler                      
00016d59  Default_Handler                     
20200278  FIFO2                               
00016d59  GROUP0_IRQHandler                   
00016d59  GROUP1_IRQHandler                   
0001617d  HOSTclose                           
00015a65  HOSTlseek                           
00015cd5  HOSTopen                            
00015d35  HOSTread                            
00015ad1  HOSTrename                          
000161c5  HOSTunlink                          
00015d8d  HOSTwrite                           
00016d75  HardFault_Handler                   
00016d59  I2C0_IRQHandler                     
00016d59  I2C1_IRQHandler                     
20200840  LostData                            
00016d59  NMI_Handler                         
00016d59  PendSV_Handler                      
00016d59  RTC_IRQHandler                      
00017051  Reset_Handler                       
00010ab8  SHT$$INIT_ARRAY$$Base               
00010ac0  SHT$$INIT_ARRAY$$Limit              
00016d59  SPI0_IRQHandler                     
00016d59  SPI1_IRQHandler                     
00016d59  SVC_Handler                         
20200428  Sensor                              
202002fa  StTextColor                         
20200448  StX                                 
2020044c  StY                                 
0001504b  SysTick_Handler                     
20200844  TExaSLogic                          
20200848  TExaSadc                            
00016d59  TIMA0_IRQHandler                    
00016d59  TIMA1_IRQHandler                    
00016d59  TIMG0_IRQHandler                    
0001646d  TIMG12_IRQHandler                   
00016d59  TIMG6_IRQHandler                    
0001632d  TIMG7_IRQHandler                    
00016d59  TIMG8_IRQHandler                    
00016ead  TI_memcpy_small                     
00016fb3  TI_memset_small                     
00016d59  UART0_IRQHandler                    
00016d59  UART1_IRQHandler                    
0001590d  UART2_IRQHandler                    
00016d59  UART3_IRQHandler                    
20200678  _CIOBUF_                            
00016fc1  _Z10Clock_Freqv                     
00016aa9  _Z10IRxmt_Initv                     
000164a9  _Z10Sound_Initv                     
00015de5  _Z10TExaS_InitP10ADC12_RegsjPFhvE   
00014bf5  _Z10UART2_Initv                     
00016ed1  _Z11Clock_Delayj                    
00016521  _Z11SPI_OutDatac                    
00016dfd  _Z11ST7735_openPKcji                
00016e13  _Z11ST7735_readiPcj                 
00016de5  _Z11Switch_Initv                    
00015225  _Z12ST7735_InitR10initRFlags        
00017021  _Z12ST7735_closei                   
00016f5f  _Z12ST7735_lseekili                 
00016591  _Z12ST7735_writeiPKcj               
00016ee1  _Z12UART2_Enablev                   
00016975  _Z12UART2_InCharv                   
0001620d  _Z13IRxmt_OutCharc                  
00015981  _Z13IRxmt_SendBiti                  
00016fcd  _Z13ST7735_renamePKcS0_             
0001702b  _Z13ST7735_unlinkPKc                
00016ef1  _Z13UART2_Disablev                  
000165c5  _Z14Clock_Delay1msj                 
00015721  _Z14LaunchPad_Initv                 
00016255  _Z14SPI_OutCommandc                 
00014cd1  _Z14ST7735_OutCharc                 
00014f01  _Z14TimerG7_IntArmtjj               
00016559  _Z15ActivatePortA_Bv                
00013739  _Z15Clock_Init80MHzi                
000138ed  _Z15ST7735_DrawCharsscssh           
00014441  _Z15ST7735_FillRectsssst            
00015355  _Z15TimerG12_IntArmjj               
00013a91  _Z16ST7735_DrawCharSsscssh          
000159f5  _Z16ST7735_DrawPixelsst             
000165f9  _Z16ST7735_SetCursorjj              
00013351  _Z17ST7735_DrawBitmapssPKtss        
00015619  _Z17ST7735_DrawStringttPcs          
000169a1  _Z17ST7735_FillScreent              
000150ed  _Z17ST7735_InitPrintfv              
00014765  _Z18ST7735_SetRotationh             
00014da1  _Z20ST7735_DrawFastHLinessst        
00014e51  _Z20ST7735_DrawFastVLinessst        
00016f01  _Z28TExaS_LaunchPadLogicPB27PB26v   
00016fd9  _Z5Delayj                           
00014319  _Z8ADC_InitP10ADC12_Regsjj          
00017035  _Z8PLL_Initv                        
0001466d  _Z8SPI_Initv                        
00016ad1  _Z9ADC_StartP10ADC12_Regs           
0001636d  _Z9SPI_Resetv                       
00016d91  _Z9Switch_Inv                       
00014945  _Z9UART_Initv                       
0001629d  _ZN5Queue3GetEPc                    
000162e5  _ZN5Queue3PutEc                     
00016cb5  _ZN5Queue6IsFullEv                  
00016e3f  _ZN5Queue7IsEmptyEv                 
00016f11  _ZN5QueueC1Ev                       
00016f11  _ZN5QueueC2Ev                       
00016e53  _ZN6Player13setPossessionEh         
000169cd  _ZN6Player13translateDownEv         
000169f9  _ZN6Player13translateLeftEv         
00015189  _ZN6Player14checkProximityE7Machine 
00015e95  _ZN6Player14printPosessionEh        
00016795  _ZN6Player14translateRightEv        
00015895  _ZN6Player15getMachineInputE7Machine
000152bd  _ZN6Player16resetCoordinatesEPsS0_  
000164e5  _ZN6Player6moveUpEv                 
00016fe5  _ZN6Player7getSizeEv                
00016f6d  _ZN6Player7getXPosEv                
00016f7b  _ZN6Player7getYPosEv                
00016e65  _ZN6Player7setXPosEs                
00016e77  _ZN6Player7setYPosEs                
00013c31  _ZN6Player8inBoundsEssPP7Machineh   
00016039  _ZN6Player8moveDownEv               
00015ee9  _ZN6Player8moveLeftEv               
00015f3d  _ZN6Player9moveRightEv              
00016dad  _ZN6PlayerC1Ev                      
00016dad  _ZN6PlayerC2Ev                      
00011ae9  _ZN7Machine10updateCartEh           
00012045  _ZN7Machine10updateRockEh           
00016e89  _ZN7Machine11setRockTypeEh          
00012e5d  _ZN7Machine12printRefinerEv         
00013f2d  _ZN7Machine13cartSendErrorEhh       
00012bad  _ZN7Machine13printCountersEPS_      
00012455  _ZN7Machine13updateRefinerEh        
00012821  _ZN7Machine14updateCountersEhPS_    
000141dd  _ZN7Machine15printTurnInAreaEv      
00013109  _ZN7Machine16updateTurnInAreaEh     
00013561  _ZN7Machine9printCartEv             
00013db1  _ZN7Machine9printRockEv             
00016e9b  _ZN7Machine9setSpriteEh             
00015c71  _ZN7MachineC1Ehhhhhh                
0001569d  _ZN7MachineC1Ehhhhhhhhh             
00015475  _ZN7MachineC1Ehhhhhhhhhh            
00015c71  _ZN7MachineC2Ehhhhhh                
0001569d  _ZN7MachineC2Ehhhhhhhhh             
00015475  _ZN7MachineC2Ehhhhhhhhhh            
00015f91  _ZN8SlidePot2InEv                   
000153e9  _ZN8SlidePot4InitEv                 
00016b71  _ZN8SlidePot4SaveEj                 
00016cd7  _ZN8SlidePot4SyncEv                 
00016ff1  _ZN8SlidePot9DistanceXEv            
00016ffd  _ZN8SlidePot9DistanceYEv            
00016f89  _ZN8SlidePotC1Ev                    
00016f89  _ZN8SlidePotC2Ev                    
20200678  __CIOBUF_                           
20208000  __STACK_END                         
00000200  __STACK_SIZE                        
00000200  __SYSMEM_SIZE                       
00000000  __TI_ATRegion0_region_sz            
00000000  __TI_ATRegion0_src_addr             
00000000  __TI_ATRegion0_trg_addr             
00000000  __TI_ATRegion1_region_sz            
00000000  __TI_ATRegion1_src_addr             
00000000  __TI_ATRegion1_trg_addr             
00000000  __TI_ATRegion2_region_sz            
00000000  __TI_ATRegion2_src_addr             
00000000  __TI_ATRegion2_trg_addr             
0001718c  __TI_CINIT_Base                     
0001719c  __TI_CINIT_Limit                    
0001719c  __TI_CINIT_Warm                     
00017178  __TI_Handler_Table_Base             
00017184  __TI_Handler_Table_Limit            
00015fe5  __TI_auto_init_nobinit              
0001662d  __TI_cleanup                        
20200434  __TI_cleanup_ptr                    
0001579d  __TI_closefile                      
00015819  __TI_decompress_lzss                
00016ebf  __TI_decompress_none                
0001608b  __TI_doflush                        
20200438  __TI_dtors_ptr                      
20200450  __TI_ft_end                         
ffffffff  __TI_pprof_out_hndl                 
ffffffff  __TI_prof_data_size                 
ffffffff  __TI_prof_data_start                
00016661  __TI_readmsg                        
00000000  __TI_static_base__                  
20200798  __TI_tmpnams                        
00016695  __TI_writemsg                       
00016e29  __TI_zero_init_nomemset             
00015e3d  __aeabi_idiv                        
000154ff  __aeabi_idiv0                       
00015e3d  __aeabi_idivmod                     
00017009  __aeabi_memclr                      
00017009  __aeabi_memclr4                     
00017009  __aeabi_memclr8                     
00017041  __aeabi_memcpy                      
00017041  __aeabi_memcpy4                     
00017041  __aeabi_memcpy8                     
000163ad  __aeabi_uidiv                       
000163ad  __aeabi_uidivmod                    
ffffffff  __binit__                           
UNDEFED   __mpu_init                          
20207e00  __stack                             
20200000  __start___llvm_prf_bits             
20200000  __start___llvm_prf_cnts             
20200000  __stop___llvm_prf_bits              
20200000  __stop___llvm_prf_cnts              
00016b49  _c_int00_noargs                     
20200178  _device                             
20200000  _ftable                             
20200454  _lock                               
0001571f  _nop                                
202001f0  _stream                             
20200478  _sys_memory                         
UNDEFED   _system_post_cinit                  
00017055  _system_pre_init                    
20200458  _unlock                             
00017059  abort                               
00014859  add_device                          
00014559  aligned_alloc                       
ffffffff  binit                               
20200854  buttons                             
0001612d  close                               
2020046a  deadTimer                           
000166c9  exit                                
000166fd  finddevice                          
00016945  fopen                               
00014a2d  free                                
00016731  freopen                             
00015b3d  getdevice                           
2020046b  input                               
00000000  interruptVectors                    
20200310  m_anvil                             
2020031e  m_cart1                             
2020032c  m_cart2                             
2020033a  m_counter1                          
20200348  m_counter2                          
20200356  m_counter3                          
20200364  m_counter4                          
20200372  m_counter5                          
20200380  m_counter6                          
2020038e  m_portal                            
2020039c  m_refiner                           
202003aa  m_rock1                             
202003b8  m_rock1Mid                          
202003c6  m_rock1Top                          
202003d4  m_rock2                             
202003e2  m_rock2Mid                          
202003f0  m_rock2Top                          
202003fe  m_smelter                           
2020040c  m_todo                              
2020041a  m_todoDown                          
202002a4  machineArr1                         
00010ac1  main                                
00017015  malloc                              
00014559  memalign                            
2020046d  numCounters                         
0001504d  open                                
2020043c  p1                                  
20200838  parmbuf                             
2020046e  progH                               
2020046f  progW                               
00017049  remove                              
00014b15  setvbuf                             
202000f0  sprites                             
00015591  strcmp                              
20200855  toDoOpen                            
00016a7d  unlink                              
00016b21  write                               


GLOBAL SYMBOLS: SORTED BY Symbol Address 

address   name                                
-------   ----                                
00000000  __TI_ATRegion0_region_sz            
00000000  __TI_ATRegion0_src_addr             
00000000  __TI_ATRegion0_trg_addr             
00000000  __TI_ATRegion1_region_sz            
00000000  __TI_ATRegion1_src_addr             
00000000  __TI_ATRegion1_trg_addr             
00000000  __TI_ATRegion2_region_sz            
00000000  __TI_ATRegion2_src_addr             
00000000  __TI_ATRegion2_trg_addr             
00000000  __TI_static_base__                  
00000000  interruptVectors                    
00000200  __STACK_SIZE                        
00000200  __SYSMEM_SIZE                       
00010ab8  SHT$$INIT_ARRAY$$Base               
00010ac0  SHT$$INIT_ARRAY$$Limit              
00010ac1  main                                
00011ae9  _ZN7Machine10updateCartEh           
00012045  _ZN7Machine10updateRockEh           
00012455  _ZN7Machine13updateRefinerEh        
00012821  _ZN7Machine14updateCountersEhPS_    
00012bad  _ZN7Machine13printCountersEPS_      
00012e5d  _ZN7Machine12printRefinerEv         
00013109  _ZN7Machine16updateTurnInAreaEh     
00013351  _Z17ST7735_DrawBitmapssPKtss        
00013561  _ZN7Machine9printCartEv             
00013739  _Z15Clock_Init80MHzi                
000138ed  _Z15ST7735_DrawCharsscssh           
00013a91  _Z16ST7735_DrawCharSsscssh          
00013c31  _ZN6Player8inBoundsEssPP7Machineh   
00013db1  _ZN7Machine9printRockEv             
00013f2d  _ZN7Machine13cartSendErrorEhh       
000141dd  _ZN7Machine15printTurnInAreaEv      
00014319  _Z8ADC_InitP10ADC12_Regsjj          
00014441  _Z15ST7735_FillRectsssst            
00014559  aligned_alloc                       
00014559  memalign                            
0001466d  _Z8SPI_Initv                        
00014765  _Z18ST7735_SetRotationh             
00014859  add_device                          
00014945  _Z9UART_Initv                       
00014a2d  free                                
00014b15  setvbuf                             
00014bf5  _Z10UART2_Initv                     
00014cd1  _Z14ST7735_OutCharc                 
00014da1  _Z20ST7735_DrawFastHLinessst        
00014e51  _Z20ST7735_DrawFastVLinessst        
00014f01  _Z14TimerG7_IntArmtjj               
0001504b  SysTick_Handler                     
0001504d  open                                
000150ed  _Z17ST7735_InitPrintfv              
00015189  _ZN6Player14checkProximityE7Machine 
00015225  _Z12ST7735_InitR10initRFlags        
000152bd  _ZN6Player16resetCoordinatesEPsS0_  
00015355  _Z15TimerG12_IntArmjj               
000153e9  _ZN8SlidePot4InitEv                 
00015475  _ZN7MachineC1Ehhhhhhhhhh            
00015475  _ZN7MachineC2Ehhhhhhhhhh            
000154ff  __aeabi_idiv0                       
00015591  strcmp                              
00015619  _Z17ST7735_DrawStringttPcs          
0001569d  _ZN7MachineC1Ehhhhhhhhh             
0001569d  _ZN7MachineC2Ehhhhhhhhh             
0001571f  _nop                                
00015721  _Z14LaunchPad_Initv                 
0001579d  __TI_closefile                      
00015819  __TI_decompress_lzss                
00015895  _ZN6Player15getMachineInputE7Machine
0001590d  UART2_IRQHandler                    
00015981  _Z13IRxmt_SendBiti                  
000159f5  _Z16ST7735_DrawPixelsst             
00015a65  HOSTlseek                           
00015ad1  HOSTrename                          
00015b3d  getdevice                           
00015c71  _ZN7MachineC1Ehhhhhh                
00015c71  _ZN7MachineC2Ehhhhhh                
00015cd5  HOSTopen                            
00015d35  HOSTread                            
00015d8d  HOSTwrite                           
00015de5  _Z10TExaS_InitP10ADC12_RegsjPFhvE   
00015e3d  __aeabi_idiv                        
00015e3d  __aeabi_idivmod                     
00015e95  _ZN6Player14printPosessionEh        
00015ee9  _ZN6Player8moveLeftEv               
00015f3d  _ZN6Player9moveRightEv              
00015f91  _ZN8SlidePot2InEv                   
00015fe5  __TI_auto_init_nobinit              
00016039  _ZN6Player8moveDownEv               
0001608b  __TI_doflush                        
0001612d  close                               
0001617d  HOSTclose                           
000161c5  HOSTunlink                          
0001620d  _Z13IRxmt_OutCharc                  
00016255  _Z14SPI_OutCommandc                 
0001629d  _ZN5Queue3GetEPc                    
000162e5  _ZN5Queue3PutEc                     
0001632d  TIMG7_IRQHandler                    
0001636d  _Z9SPI_Resetv                       
000163ad  __aeabi_uidiv                       
000163ad  __aeabi_uidivmod                    
0001646d  TIMG12_IRQHandler                   
000164a9  _Z10Sound_Initv                     
000164e5  _ZN6Player6moveUpEv                 
00016521  _Z11SPI_OutDatac                    
00016559  _Z15ActivatePortA_Bv                
00016591  _Z12ST7735_writeiPKcj               
000165c5  _Z14Clock_Delay1msj                 
000165f9  _Z16ST7735_SetCursorjj              
0001662d  __TI_cleanup                        
00016661  __TI_readmsg                        
00016695  __TI_writemsg                       
000166c1  C$$IO$$                             
000166c9  exit                                
000166fd  finddevice                          
00016731  freopen                             
00016795  _ZN6Player14translateRightEv        
00016945  fopen                               
00016975  _Z12UART2_InCharv                   
000169a1  _Z17ST7735_FillScreent              
000169cd  _ZN6Player13translateDownEv         
000169f9  _ZN6Player13translateLeftEv         
00016a7d  unlink                              
00016aa9  _Z10IRxmt_Initv                     
00016ad1  _Z9ADC_StartP10ADC12_Regs           
00016b21  write                               
00016b49  _c_int00_noargs                     
00016b71  _ZN8SlidePot4SaveEj                 
00016cb5  _ZN5Queue6IsFullEv                  
00016cd7  _ZN8SlidePot4SyncEv                 
00016d59  ADC0_IRQHandler                     
00016d59  ADC1_IRQHandler                     
00016d59  AES_IRQHandler                      
00016d59  CANFD0_IRQHandler                   
00016d59  DAC0_IRQHandler                     
00016d59  DMA_IRQHandler                      
00016d59  Default_Handler                     
00016d59  GROUP0_IRQHandler                   
00016d59  GROUP1_IRQHandler                   
00016d59  I2C0_IRQHandler                     
00016d59  I2C1_IRQHandler                     
00016d59  NMI_Handler                         
00016d59  PendSV_Handler                      
00016d59  RTC_IRQHandler                      
00016d59  SPI0_IRQHandler                     
00016d59  SPI1_IRQHandler                     
00016d59  SVC_Handler                         
00016d59  TIMA0_IRQHandler                    
00016d59  TIMA1_IRQHandler                    
00016d59  TIMG0_IRQHandler                    
00016d59  TIMG6_IRQHandler                    
00016d59  TIMG8_IRQHandler                    
00016d59  UART0_IRQHandler                    
00016d59  UART1_IRQHandler                    
00016d59  UART3_IRQHandler                    
00016d75  HardFault_Handler                   
00016d91  _Z9Switch_Inv                       
00016dad  _ZN6PlayerC1Ev                      
00016dad  _ZN6PlayerC2Ev                      
00016de5  _Z11Switch_Initv                    
00016dfd  _Z11ST7735_openPKcji                
00016e13  _Z11ST7735_readiPcj                 
00016e29  __TI_zero_init_nomemset             
00016e3f  _ZN5Queue7IsEmptyEv                 
00016e53  _ZN6Player13setPossessionEh         
00016e65  _ZN6Player7setXPosEs                
00016e77  _ZN6Player7setYPosEs                
00016e89  _ZN7Machine11setRockTypeEh          
00016e9b  _ZN7Machine9setSpriteEh             
00016ead  TI_memcpy_small                     
00016ebf  __TI_decompress_none                
00016ed1  _Z11Clock_Delayj                    
00016ee1  _Z12UART2_Enablev                   
00016ef1  _Z13UART2_Disablev                  
00016f01  _Z28TExaS_LaunchPadLogicPB27PB26v   
00016f11  _ZN5QueueC1Ev                       
00016f11  _ZN5QueueC2Ev                       
00016f5f  _Z12ST7735_lseekili                 
00016f6d  _ZN6Player7getXPosEv                
00016f7b  _ZN6Player7getYPosEv                
00016f89  _ZN8SlidePotC1Ev                    
00016f89  _ZN8SlidePotC2Ev                    
00016fb3  TI_memset_small                     
00016fc1  _Z10Clock_Freqv                     
00016fcd  _Z13ST7735_renamePKcS0_             
00016fd9  _Z5Delayj                           
00016fe5  _ZN6Player7getSizeEv                
00016ff1  _ZN8SlidePot9DistanceXEv            
00016ffd  _ZN8SlidePot9DistanceYEv            
00017009  __aeabi_memclr                      
00017009  __aeabi_memclr4                     
00017009  __aeabi_memclr8                     
00017015  malloc                              
00017021  _Z12ST7735_closei                   
0001702b  _Z13ST7735_unlinkPKc                
00017035  _Z8PLL_Initv                        
00017041  __aeabi_memcpy                      
00017041  __aeabi_memcpy4                     
00017041  __aeabi_memcpy8                     
00017049  remove                              
00017051  Reset_Handler                       
00017055  _system_pre_init                    
00017058  C$$EXIT                             
00017059  abort                               
00017178  __TI_Handler_Table_Base             
00017184  __TI_Handler_Table_Limit            
0001718c  __TI_CINIT_Base                     
0001719c  __TI_CINIT_Limit                    
0001719c  __TI_CINIT_Warm                     
20200000  __start___llvm_prf_bits             
20200000  __start___llvm_prf_cnts             
20200000  __stop___llvm_prf_bits              
20200000  __stop___llvm_prf_cnts              
20200000  _ftable                             
202000f0  sprites                             
20200178  _device                             
202001f0  _stream                             
20200240  Counters                            
20200278  FIFO2                               
202002a4  machineArr1                         
202002d0  Counters2                           
202002fa  StTextColor                         
20200310  m_anvil                             
2020031e  m_cart1                             
2020032c  m_cart2                             
2020033a  m_counter1                          
20200348  m_counter2                          
20200356  m_counter3                          
20200364  m_counter4                          
20200372  m_counter5                          
20200380  m_counter6                          
2020038e  m_portal                            
2020039c  m_refiner                           
202003aa  m_rock1                             
202003b8  m_rock1Mid                          
202003c6  m_rock1Top                          
202003d4  m_rock2                             
202003e2  m_rock2Mid                          
202003f0  m_rock2Top                          
202003fe  m_smelter                           
2020040c  m_todo                              
2020041a  m_todoDown                          
20200428  Sensor                              
20200434  __TI_cleanup_ptr                    
20200438  __TI_dtors_ptr                      
2020043c  p1                                  
20200444  BusFreq                             
20200448  StX                                 
2020044c  StY                                 
20200450  __TI_ft_end                         
20200454  _lock                               
20200458  _unlock                             
2020046a  deadTimer                           
2020046b  input                               
2020046d  numCounters                         
2020046e  progH                               
2020046f  progW                               
20200478  _sys_memory                         
20200678  _CIOBUF_                            
20200678  __CIOBUF_                           
20200798  __TI_tmpnams                        
20200838  parmbuf                             
20200840  LostData                            
20200844  TExaSLogic                          
20200848  TExaSadc                            
20200854  buttons                             
20200855  toDoOpen                            
20207e00  __stack                             
20208000  __STACK_END                         
ffffffff  __TI_pprof_out_hndl                 
ffffffff  __TI_prof_data_size                 
ffffffff  __TI_prof_data_start                
ffffffff  __binit__                           
ffffffff  binit                               
UNDEFED   __mpu_init                          
UNDEFED   _system_post_cinit                  

[274 symbols]
