******************************************************************************
            TI ARM Clang Linker PC v4.0.1                      
******************************************************************************
>> Linked Sun Apr 13 19:28:53 2025

OUTPUT FILE NAME:   <MadMines.out>
ENTRY POINT SYMBOL: "_c_int00_noargs"  address: 000098d9


MEMORY CONFIGURATION

         name            origin    length      used     unused   attr    fill
----------------------  --------  ---------  --------  --------  ----  --------
  FLASH                 00000000   00020000  00009ce8  00016318  R  X
  SRAM                  20200000   00008000  000007f8  00007808  RW X
  BCR_CONFIG            41c00000   00000080  00000000  00000080  R   
  BSL_CONFIG            41c00100   00000080  00000000  00000080  R   


SEGMENT ALLOCATION MAP

run origin  load origin   length   init length attrs members
----------  ----------- ---------- ----------- ----- -------
00000000    00000000    00009ce8   00009ce8    r-x
  00000000    00000000    000000c0   000000c0    r-- .intvecs
  000000c0    000000c0    00006b58   00006b58    r-- .rodata
  00006c18    00006c18    00000008   00000008    r-- .init_array
  00006c20    00006c20    00003030   00003030    r-x .text
  00009c50    00009c50    00000098   00000098    r-- .cinit
20200000    20200000    000005ff   00000000    rw-
  20200000    20200000    00000219   00000000    rw- .data
  20200220    20200220    00000200   00000000    rw- .sysmem
  20200420    20200420    000001df   00000000    rw- .bss
20207e00    20207e00    00000200   00000000    rw-
  20207e00    20207e00    00000200   00000000    rw- .stack


SECTION ALLOCATION MAP

 output                                  attributes/
section   page    origin      length       input sections
--------  ----  ----------  ----------   ----------------
.intvecs   0    00000000    000000c0     
                  00000000    000000c0     startup_mspm0g3507_ticlang.o (.intvecs)

.binit     0    00000000    00000000     

.text      0    00006c20    00003030     
                  00006c20    000002a0     Lab9HMain.o (.text.main)
                  00006ec0    00000210     ST7735.o (.text._Z17ST7735_DrawBitmapssPKtss)
                  000070d0    000001b4     Clock.o (.text._Z15Clock_Init80MHzi)
                  00007284    000001a0     ST7735.o (.text._Z16ST7735_DrawCharSsscssh)
                  00007424    0000015c     Machine.o (.text._ZN7Machine10updateRockEh)
                  00007580    00000154     libc.a : fopen.c.obj (.text._openfile)
                  000076d4    0000012c     Player.o (.text._ZN6Player8moveDownEv)
                  00007800    00000128     TExaS.o (.text._Z8ADC_InitP10ADC12_Regsjj)
                  00007928    00000118     ST7735.o (.text._Z15ST7735_FillRectsssst)
                  00007a40    00000114     libc.a : memory.c.obj (.text.aligned_alloc)
                  00007b54    00000108     Player.o (.text._ZN6Player6moveUpEv)
                  00007c5c    00000108     Machine.o (.text._ZN7Machine11updateAnvilEh)
                  00007d64    000000f8     SPI.o (.text._Z8SPI_Initv)
                  00007e5c    000000f4     ST7735.o (.text._Z18ST7735_SetRotationh)
                  00007f50    000000ec     libsysbm.a : add_device.c.obj (.text.add_device)
                  0000803c    000000e8     TExaS.o (.text._Z9UART_Initv)
                  00008124    000000e8     libc.a : memory.c.obj (.text.free)
                  0000820c    000000e0            : setvbuf.c.obj (.text.setvbuf)
                  000082ec    000000d0     ST7735.o (.text._Z14ST7735_OutCharc)
                  000083bc    000000a8     Timer.o (.text._Z14TimerG7_IntArmtjj)
                  00008464    000000a6     Player.o (.text._ZN6Player14checkProximityE7Machine)
                  0000850a    000000a6     Player.o (.text._ZN6Player15getMachineInputE7Machine)
                  000085b0    000000a2     ST7735.o (.text._ZL11commandListPKh)
                  00008652    00000002     Sound.o (.text.SysTick_Handler)
                  00008654    000000a0     libsysbm.a : open.c.obj (.text.open)
                  000086f4    0000009c     ST7735.o (.text._Z17ST7735_InitPrintfv)
                  00008790    00000098     ST7735.o (.text._Z12ST7735_InitR10initRFlags)
                  00008828    00000094     Timer.o (.text._Z15TimerG12_IntArmjj)
                  000088bc    0000008c     SlidePot.o (.text._ZN8SlidePot4InitEv)
                  00008948    00000088     ST7735.o (.text._ZL13setAddrWindowhhhh)
                  000089d0    00000088     libc.a : strcmp-armv6m.S.obj (.text:strcmp)
                  00008a58    00000084     ST7735.o (.text._Z17ST7735_DrawStringttPcs)
                  00008adc    00000080     Player.o (.text._ZN6Player16resetCoordinatesEv)
                  00008b5c    0000007c     LaunchPad.o (.text._Z14LaunchPad_Initv)
                  00008bd8    0000007c     libc.a : fclose.c.obj (.text.__TI_closefile)
                  00008c54    0000007c            : copy_decompress_lzss.c.obj (.text:decompress:lzss)
                  00008cd0    00000070     ST7735.o (.text._Z16ST7735_DrawPixelsst)
                  00008d40    00000070     Machine.o (.text._ZN7Machine10printAnvilEh)
                  00008db0    00000070     Machine.o (.text._ZN7Machine9printRockEh)
                  00008e20    0000006c     libsysbm.a : hostlseek.c.obj (.text.HOSTlseek)
                  00008e8c    0000006c                : hostrename.c.obj (.text.HOSTrename)
                  00008ef8    0000006c     libc.a : getdevice.c.obj (.text.getdevice)
                  00008f64    00000064            : memory.c.obj (.text.split)
                  00008fc8    00000060     libsysbm.a : hostopen.c.obj (.text.HOSTopen)
                  00009028    00000058                : hostread.c.obj (.text.HOSTread)
                  00009080    00000058                : hostwrite.c.obj (.text.HOSTwrite)
                  000090d8    00000058     TExaS.o (.text._Z10TExaS_InitP10ADC12_RegsjPFhvE)
                  00009130    00000054     SlidePot.o (.text._ZN8SlidePot2InEv)
                  00009184    00000054     libc.a : autoinit.c.obj (.text:__TI_auto_init_nobinit)
                  000091d8    00000052            : fflush.c.obj (.text.__TI_doflush)
                  0000922a    00000002     Sound.o (.text._Z10Sound_Initv)
                  0000922c    00000050     libsysbm.a : close.c.obj (.text.close)
                  0000927c    0000004c     Player.o (.text._ZN6Player8moveLeftEv)
                  000092c8    0000004c     Player.o (.text._ZN6Player9moveRightEv)
                  00009314    00000048     libsysbm.a : hostclose.c.obj (.text.HOSTclose)
                  0000935c    00000048                : hostunlink.c.obj (.text.HOSTunlink)
                  000093a4    00000048     SPI.o (.text._Z14SPI_OutCommandc)
                  000093ec    00000040     TExaS.o (.text.TIMG7_IRQHandler)
                  0000942c    00000040     SPI.o (.text._Z9SPI_Resetv)
                  0000946c    00000040     libclang_rt.builtins.a : aeabi_uidivmod.S.obj (.text.__aeabi_uidivmod)
                  000094ac    00000040     libc.a : fopen.c.obj (.text._search_fp)
                  000094ec    0000003c     Lab9HMain.o (.text.TIMG12_IRQHandler)
                  00009528    0000003a     Machine.o (.text._ZN7MachineC2Ehhhh)
                  00009562    00000002     libclang_rt.builtins.a : aeabi_div0.c.obj (.text.__aeabi_idiv0)
                  00009564    00000038     SPI.o (.text._Z11SPI_OutDatac)
                  0000959c    00000038     LaunchPad.o (.text._Z15ActivatePortA_Bv)
                  000095d4    00000034     ST7735.o (.text._Z12ST7735_writeiPKcj)
                  00009608    00000034     Clock.o (.text._Z14Clock_Delay1msj)
                  0000963c    00000034     ST7735.o (.text._Z16ST7735_SetCursorjj)
                  00009670    00000034     libc.a : fopen.c.obj (.text.__TI_cleanup)
                  000096a4    00000034     libsysbm.a : trgmsg.c.obj (.text.__TI_readmsg)
                  000096d8    00000034                : trgmsg.c.obj (.text.__TI_writemsg)
                  0000970c    00000034     libc.a : exit.c.obj (.text.exit)
                  00009740    00000034            : getdevice.c.obj (.text.finddevice)
                  00009774    00000034            : fopen.c.obj (.text.freopen)
                  000097a8    00000030     ST7735.o (.text._ZL10commonInitPKh)
                  000097d8    00000030     libc.a : fopen.c.obj (.text.fopen)
                  00009808    0000002c     ST7735.o (.text._Z17ST7735_FillScreent)
                  00009834    0000002c     libsysbm.a : unlink.c.obj (.text.unlink)
                  00009860    00000028     TExaS.o (.text._Z9ADC_StartP10ADC12_Regs)
                  00009888    00000028     libc.a : memory.c.obj (.text.free_list_insert)
                  000098b0    00000028     libsysbm.a : write.c.obj (.text.write)
                  000098d8    00000028     libc.a : boot_cortex_m.c.obj (.text:_c_int00_noargs)
                  00009900    00000024     SlidePot.o (.text._ZN8SlidePot4SaveEj)
                  00009924    00000020     Machine.o (.text._Z8Random32v)
                  00009944    00000020     SlidePot.o (.text._ZN8SlidePot4SyncEv)
                  00009964    0000001e     ST7735.o (.text._ZL9pushColort)
                  00009982    00000002     libc.a : _lock.c.obj (.text._nop)
                  00009984    0000001c     startup_mspm0g3507_ticlang.o (.text.Default_Handler)
                  000099a0    0000001c     startup_mspm0g3507_ticlang.o (.text.HardFault_Handler)
                  000099bc    0000001c     Switch.o (.text._Z9Switch_Inv)
                  000099d8    0000001c     Player.o (.text._ZN6PlayerC2Ev)
                  000099f4    0000001c     Lab9HMain.o (.text.__cxx_global_var_init.2)
                  00009a10    0000001c     Lab9HMain.o (.text.__cxx_global_var_init.3)
                  00009a2c    0000001c     Lab9HMain.o (.text.__cxx_global_var_init.4)
                  00009a48    0000001c     libc.a : memory.c.obj (.text.free_list_remove)
                  00009a64    00000018     Lab9HMain.o (.text._GLOBAL__sub_I_Lab9HMain.cpp)
                  00009a7c    00000018     Switch.o (.text._Z11Switch_Initv)
                  00009a94    00000016     ST7735.o (.text._Z11ST7735_openPKcji)
                  00009aaa    00000016     ST7735.o (.text._Z11ST7735_readiPcj)
                  00009ac0    00000016     libc.a : copy_zero_init.c.obj (.text:decompress:ZI:__TI_zero_init_nomemset)
                  00009ad6    00000012     Player.o (.text._ZN6Player13setPossessionEh)
                  00009ae8    00000012     libc.a : memcpy16.S.obj (.text:TI_memcpy_small)
                  00009afa    00000012            : copy_decompress_none.c.obj (.text:decompress:none)
                  00009b0c    00000010     Clock.o (.text._Z11Clock_Delayj)
                  00009b1c    00000010     Lab9HMain.o (.text._Z28TExaS_LaunchPadLogicPB27PB26v)
                  00009b2c    00000010     Lab9HMain.o (.text.__cxx_global_var_init.1)
                  00009b3c    00000010     Lab9HMain.o (.text.__cxx_global_var_init)
                  00009b4c    0000000e     libc.a : memory.c.obj (.text.OUTLINED_FUNCTION_0)
                  00009b5a    0000000e     ST7735.o (.text._Z12ST7735_lseekili)
                  00009b68    0000000e     Player.o (.text._ZN6Player7getXPosEv)
                  00009b76    0000000e     Player.o (.text._ZN6Player7getYPosEv)
                  00009b84    0000000e     SlidePot.o (.text._ZN8SlidePotC2Ev)
                  00009b92    0000000e     libsysbm.a : hostrename.c.obj (.text.strcpy)
                  00009ba0    0000000e                : hostrename.c.obj (.text.strlen)
                  00009bae    0000000e     libc.a : memset16.S.obj (.text:TI_memset_small)
                  00009bbc    0000000c     Clock.o (.text._Z10Clock_Freqv)
                  00009bc8    0000000c     ST7735.o (.text._Z13ST7735_renamePKcS0_)
                  00009bd4    0000000c     Player.o (.text._ZN6Player7getSizeEv)
                  00009be0    0000000c     SlidePot.o (.text._ZN8SlidePot9DistanceXEv)
                  00009bec    0000000c     SlidePot.o (.text._ZN8SlidePot9DistanceYEv)
                  00009bf8    0000000c     libclang_rt.builtins.a : aeabi_memset.S.obj (.text.__aeabi_memclr)
                  00009c04    0000000c     libc.a : memory.c.obj (.text.malloc)
                  00009c10    0000000a     ST7735.o (.text._Z12ST7735_closei)
                  00009c1a    0000000a     ST7735.o (.text._Z13ST7735_unlinkPKc)
                  00009c24    0000000a     Lab9HMain.o (.text._Z8PLL_Initv)
                  00009c2e    00000002     --HOLE-- [fill = 0]
                  00009c30    00000008     libclang_rt.builtins.a : aeabi_memcpy.S.obj (.text.__aeabi_memcpy)
                  00009c38    00000008     libsysbm.a : remove.c.obj (.text.remove)
                  00009c40    00000004     startup_mspm0g3507_ticlang.o (.text.Reset_Handler)
                  00009c44    00000004     libc.a : pre_init.c.obj (.text._system_pre_init)
                  00009c48    00000004            : exit.c.obj (.text:abort)
                  00009c4c    00000004     --HOLE-- [fill = 0]

.cinit     0    00009c50    00000098     
                  00009c50    0000006d     (.cinit..data.load) [load image, compression = lzss]
                  00009cbd    00000003     --HOLE-- [fill = 0]
                  00009cc0    0000000c     (__TI_handler_table)
                  00009ccc    00000008     (.cinit..bss.load) [load image, compression = zero_init]
                  00009cd4    00000010     (__TI_cinit_table)
                  00009ce4    00000004     --HOLE-- [fill = 0]

.rodata    0    000000c0    00006b58     
                  000000c0    00000f78     Machine.o (.rodata._ZL12anvilWorking)
                  00001038    00000f78     Machine.o (.rodata._ZL14anvilHighlight)
                  00001fb0    00000f78     Machine.o (.rodata._ZL5anvil)
                  00002f28    00000bb0     Machine.o (.rodata._ZL11workingRock)
                  00003ad8    00000bb0     Machine.o (.rodata._ZL13highlightRock)
                  00004688    00000bb0     Lab9HMain.o (.rodata._ZL4rock)
                  00005238    00000bb0     Machine.o (.rodata._ZL4rock)
                  00005de8    00000882     Lab9HMain.o (.rodata._ZL5miner)
                  0000666a    000004fb     ST7735.o (.rodata._ZL4Font)
                  00006b65    0000003b     ST7735.o (.rodata._ZL5Rcmd1)
                  00006ba0    0000002b     ST7735.o (.rodata._ZL5Rcmd3)
                  00006bcb    00000016     ST7735.o (.rodata.str1.43788427057889536241)
                  00006be1    0000000d     ST7735.o (.rodata._ZL10Rcmd2green)
                  00006bee    0000000d     ST7735.o (.rodata._ZL8Rcmd2red)
                  00006bfb    00000008     ST7735.o (.rodata.str1.54535931475021008601)
                  00006c03    00000007     ST7735.o (.rodata.str1.103567388005067375301)
                  00006c0a    00000007     ST7735.o (.rodata.str1.132933244321656697041)
                  00006c11    00000002     ST7735.o (.rodata.str1.18657686242476325171)
                  00006c13    00000005     --HOLE-- [fill = 0]

.init_array 
*          0    00006c18    00000008     
                  00006c18    00000004     Lab9HMain.o (.init_array)
                  00006c1c    00000004     --HOLE-- [fill = 0]

.data      0    20200000    00000219     UNINITIALIZED
                  20200000    000000f0     libc.a : defs.c.obj (.data._ftable)
                  202000f0    00000078     libsysbm.a : host_device.c.obj (.data._device)
                  20200168    00000050                : host_device.c.obj (.data._stream)
                  202001b8    0000000c     Lab9HMain.o (.data.Sensor)
                  202001c4    00000008     libc.a : exit.c.obj (.data..L_MergedGlobals)
                  202001cc    00000008     Lab9HMain.o (.data.m_anvil)
                  202001d4    00000008     Lab9HMain.o (.data.m_refiner)
                  202001dc    00000008     Lab9HMain.o (.data.m_rock)
                  202001e4    00000008     Lab9HMain.o (.data.p1)
                  202001ec    00000004     Clock.o (.data.BusFreq)
                  202001f0    00000004     Machine.o (.data.M)
                  202001f4    00000004     ST7735.o (.data.StX)
                  202001f8    00000004     ST7735.o (.data.StY)
                  202001fc    00000004     libc.a : defs.c.obj (.data.__TI_ft_end)
                  20200200    00000004            : _lock.c.obj (.data._lock)
                  20200204    00000004            : _lock.c.obj (.data._unlock)
                  20200208    00000002     ST7735.o (.data.StTextColor)
                  2020020a    00000002     ST7735.o (.data._ZL6_width)
                  2020020c    00000002     ST7735.o (.data._ZL7_height)
                  2020020e    00000001     Machine.o (.data._ZZN7Machine10updateRockEhE10wasWorking)
                  2020020f    00000001     Lab9HMain.o (.data.input)
                  20200210    00000001     libsysbm.a : add_device.c.obj (.data.add_device.device_init)
                  20200211    00000003     --HOLE--
                  20200214    00000001     libc.a : memory.c.obj (.data.memory_is_initialized)
                  20200215    00000003     --HOLE--
                  20200218    00000001     libsysbm.a : open.c.obj (.data.open.stream_init)

.sysmem    0    20200220    00000200     UNINITIALIZED
                  20200220    00000010     libc.a : memory.c.obj (.sysmem)
                  20200230    000001f0     --HOLE--

.bss       0    20200420    000001df     UNINITIALIZED
                  20200420    00000120     libsysbm.a : trgmsg.c.obj (.bss:_CIOBUF_)
                  20200540    000000a0     libc.a : defs.c.obj (.bss.__TI_tmpnams)
                  202005e0    00000008     libsysbm.a : hostopen.c.obj (.bss.parmbuf)
                  202005e8    00000005     Machine.o (.bss._ZZN7Machine11updateAnvilEhE10AnvilItems)
                  202005ed    00000001     ST7735.o (.bss._ZL8ColStart)
                  202005ee    00000001     ST7735.o (.bss._ZL8Rotation)
                  202005ef    00000001     ST7735.o (.bss._ZL8RowStart)
                  202005f0    00000004     TExaS.o (.bss.TExaSLogic)
                  202005f4    00000004     TExaS.o (.bss.TExaSadc)
                  202005f8    00000004     libc.a : memory.c.obj (.bss.sys_free)
                  202005fc    00000001     ST7735.o (.bss._ZL8TabColor)
                  202005fd    00000001     Machine.o (.bss._ZZN7Machine11updateAnvilEhE11anvilLength)
                  202005fe    00000001     Lab9HMain.o (.bss.buttons)

.stack     0    20207e00    00000200     UNINITIALIZED
                  20207e00    00000004     libc.a : boot_cortex_m.c.obj (.stack)
                  20207e04    000001fc     --HOLE--

__llvm_prf_cnts 
*          0    20200000    00000000     UNINITIALIZED

__llvm_prf_bits 
*          0    20200000    00000000     UNINITIALIZED

MODULE SUMMARY

       Module                         code    ro data   rw data
       ------                         ----    -------   -------
    .\
       Machine.o                      926     20856     11     
       Lab9HMain.o                    898     5174      46     
       ST7735.o                       2842    1449      18     
       Player.o                       1262    0         0      
       TExaS.o                        720     0         8      
       Clock.o                        516     0         4      
       SPI.o                          440     0         0      
       SlidePot.o                     330     0         0      
       Timer.o                        316     0         0      
       LaunchPad.o                    180     0         0      
       Switch.o                       52      0         0      
       Sound.o                        4       0         0      
    +--+------------------------------+-------+---------+---------+
       Total:                         8486    27479     87     
                                                               
    .\ticlang\
       startup_mspm0g3507_ticlang.o   60      192       0      
    +--+------------------------------+-------+---------+---------+
       Total:                         60      192       0      
                                                               
    C:\ti\ccs\tools\compiler\ti-cgt-armllvm_4.0.1.LTS\lib\armv6m-ti-none-eabi/c/libc.a
       memory.c.obj                   702     0         5      
       fopen.c.obj                    556     0         0      
       defs.c.obj                     0       0         404    
       setvbuf.c.obj                  224     0         0      
       getdevice.c.obj                160     0         0      
       strcmp-armv6m.S.obj            136     0         0      
       copy_decompress_lzss.c.obj     124     0         0      
       fclose.c.obj                   124     0         0      
       autoinit.c.obj                 84      0         0      
       fflush.c.obj                   82      0         0      
       exit.c.obj                     56      0         8      
       boot_cortex_m.c.obj            40      0         0      
       copy_zero_init.c.obj           22      0         0      
       copy_decompress_none.c.obj     18      0         0      
       memcpy16.S.obj                 18      0         0      
       memset16.S.obj                 14      0         0      
       _lock.c.obj                    2       0         8      
       pre_init.c.obj                 4       0         0      
    +--+------------------------------+-------+---------+---------+
       Total:                         2366    0         425    
                                                               
    C:\ti\ccs\tools\compiler\ti-cgt-armllvm_4.0.1.LTS\lib\armv6m-ti-none-eabi/c/libsysbm.a
       trgmsg.c.obj                   104     0         288    
       add_device.c.obj               236     0         1      
       host_device.c.obj              0       0         200    
       open.c.obj                     160     0         1      
       hostrename.c.obj               136     0         0      
       hostlseek.c.obj                108     0         0      
       hostopen.c.obj                 96      0         8      
       hostread.c.obj                 88      0         0      
       hostwrite.c.obj                88      0         0      
       close.c.obj                    80      0         0      
       hostclose.c.obj                72      0         0      
       hostunlink.c.obj               72      0         0      
       unlink.c.obj                   44      0         0      
       write.c.obj                    40      0         0      
       remove.c.obj                   8       0         0      
    +--+------------------------------+-------+---------+---------+
       Total:                         1332    0         498    
                                                               
    C:\ti\ccs\tools\compiler\ti-cgt-armllvm_4.0.1.LTS\lib\armv6m-ti-none-eabi/libclang_rt.builtins.a
       aeabi_uidivmod.S.obj           64      0         0      
       aeabi_memset.S.obj             12      0         0      
       aeabi_memcpy.S.obj             8       0         0      
       aeabi_div0.c.obj               2       0         0      
    +--+------------------------------+-------+---------+---------+
       Total:                         86      0         0      
                                                               
       Heap:                          0       0         512    
       Stack:                         0       0         512    
       Linker Generated:              0       145       0      
    +--+------------------------------+-------+---------+---------+
       Grand Total:                   12330   27816     2034   


LINKER GENERATED COPY TABLES

__TI_cinit_table @ 00009cd4 records: 2, size/record: 8, table size: 16
	.data: load addr=00009c50, load size=0000006d bytes, run addr=20200000, run size=00000219 bytes, compression=lzss
	.bss: load addr=00009ccc, load size=00000008 bytes, run addr=20200420, run size=000001df bytes, compression=zero_init


LINKER GENERATED HANDLER TABLE

__TI_handler_table @ 00009cc0 records: 3, size/record: 4, table size: 12
	index: 0, handler: __TI_decompress_lzss
	index: 1, handler: __TI_decompress_none
	index: 2, handler: __TI_zero_init


GLOBAL SYMBOLS: SORTED ALPHABETICALLY BY Name 

address   name                                
-------   ----                                
00009985  ADC0_IRQHandler                     
00009985  ADC1_IRQHandler                     
00009985  AES_IRQHandler                      
202001ec  BusFreq                             
00009c48  C$$EXIT                             
00009705  C$$IO$$                             
00009985  CANFD0_IRQHandler                   
00009985  DAC0_IRQHandler                     
00009985  DMA_IRQHandler                      
00009985  Default_Handler                     
00009985  GROUP0_IRQHandler                   
00009985  GROUP1_IRQHandler                   
00009315  HOSTclose                           
00008e21  HOSTlseek                           
00008fc9  HOSTopen                            
00009029  HOSTread                            
00008e8d  HOSTrename                          
0000935d  HOSTunlink                          
00009081  HOSTwrite                           
000099a1  HardFault_Handler                   
00009985  I2C0_IRQHandler                     
00009985  I2C1_IRQHandler                     
202001f0  M                                   
00009985  NMI_Handler                         
00009985  PendSV_Handler                      
00009985  RTC_IRQHandler                      
00009c41  Reset_Handler                       
00006c18  SHT$$INIT_ARRAY$$Base               
00006c1c  SHT$$INIT_ARRAY$$Limit              
00009985  SPI0_IRQHandler                     
00009985  SPI1_IRQHandler                     
00009985  SVC_Handler                         
202001b8  Sensor                              
20200208  StTextColor                         
202001f4  StX                                 
202001f8  StY                                 
00008653  SysTick_Handler                     
202005f0  TExaSLogic                          
202005f4  TExaSadc                            
00009985  TIMA0_IRQHandler                    
00009985  TIMA1_IRQHandler                    
00009985  TIMG0_IRQHandler                    
000094ed  TIMG12_IRQHandler                   
00009985  TIMG6_IRQHandler                    
000093ed  TIMG7_IRQHandler                    
00009985  TIMG8_IRQHandler                    
00009ae9  TI_memcpy_small                     
00009baf  TI_memset_small                     
00009985  UART0_IRQHandler                    
00009985  UART1_IRQHandler                    
00009985  UART2_IRQHandler                    
00009985  UART3_IRQHandler                    
20200420  _CIOBUF_                            
00009bbd  _Z10Clock_Freqv                     
0000922b  _Z10Sound_Initv                     
000090d9  _Z10TExaS_InitP10ADC12_RegsjPFhvE   
00009b0d  _Z11Clock_Delayj                    
00009565  _Z11SPI_OutDatac                    
00009a95  _Z11ST7735_openPKcji                
00009aab  _Z11ST7735_readiPcj                 
00009a7d  _Z11Switch_Initv                    
00008791  _Z12ST7735_InitR10initRFlags        
00009c11  _Z12ST7735_closei                   
00009b5b  _Z12ST7735_lseekili                 
000095d5  _Z12ST7735_writeiPKcj               
00009bc9  _Z13ST7735_renamePKcS0_             
00009c1b  _Z13ST7735_unlinkPKc                
00009609  _Z14Clock_Delay1msj                 
00008b5d  _Z14LaunchPad_Initv                 
000093a5  _Z14SPI_OutCommandc                 
000082ed  _Z14ST7735_OutCharc                 
000083bd  _Z14TimerG7_IntArmtjj               
0000959d  _Z15ActivatePortA_Bv                
000070d1  _Z15Clock_Init80MHzi                
00007929  _Z15ST7735_FillRectsssst            
00008829  _Z15TimerG12_IntArmjj               
00007285  _Z16ST7735_DrawCharSsscssh          
00008cd1  _Z16ST7735_DrawPixelsst             
0000963d  _Z16ST7735_SetCursorjj              
00006ec1  _Z17ST7735_DrawBitmapssPKtss        
00008a59  _Z17ST7735_DrawStringttPcs          
00009809  _Z17ST7735_FillScreent              
000086f5  _Z17ST7735_InitPrintfv              
00007e5d  _Z18ST7735_SetRotationh             
00009b1d  _Z28TExaS_LaunchPadLogicPB27PB26v   
00007801  _Z8ADC_InitP10ADC12_Regsjj          
00009c25  _Z8PLL_Initv                        
00009925  _Z8Random32v                        
00007d65  _Z8SPI_Initv                        
00009861  _Z9ADC_StartP10ADC12_Regs           
0000942d  _Z9SPI_Resetv                       
000099bd  _Z9Switch_Inv                       
0000803d  _Z9UART_Initv                       
00009ad7  _ZN6Player13setPossessionEh         
00008465  _ZN6Player14checkProximityE7Machine 
0000850b  _ZN6Player15getMachineInputE7Machine
00008add  _ZN6Player16resetCoordinatesEv      
00007b55  _ZN6Player6moveUpEv                 
00009bd5  _ZN6Player7getSizeEv                
00009b69  _ZN6Player7getXPosEv                
00009b77  _ZN6Player7getYPosEv                
000076d5  _ZN6Player8moveDownEv               
0000927d  _ZN6Player8moveLeftEv               
000092c9  _ZN6Player9moveRightEv              
000099d9  _ZN6PlayerC1Ev                      
000099d9  _ZN6PlayerC2Ev                      
00008d41  _ZN7Machine10printAnvilEh           
00007425  _ZN7Machine10updateRockEh           
00007c5d  _ZN7Machine11updateAnvilEh          
00008db1  _ZN7Machine9printRockEh             
00009529  _ZN7MachineC1Ehhhh                  
00009529  _ZN7MachineC2Ehhhh                  
00009131  _ZN8SlidePot2InEv                   
000088bd  _ZN8SlidePot4InitEv                 
00009901  _ZN8SlidePot4SaveEj                 
00009945  _ZN8SlidePot4SyncEv                 
00009be1  _ZN8SlidePot9DistanceXEv            
00009bed  _ZN8SlidePot9DistanceYEv            
00009b85  _ZN8SlidePotC1Ev                    
00009b85  _ZN8SlidePotC2Ev                    
20200420  __CIOBUF_                           
20208000  __STACK_END                         
00000200  __STACK_SIZE                        
00000200  __SYSMEM_SIZE                       
00000000  __TI_ATRegion0_region_sz            
00000000  __TI_ATRegion0_src_addr             
00000000  __TI_ATRegion0_trg_addr             
00000000  __TI_ATRegion1_region_sz            
00000000  __TI_ATRegion1_src_addr             
00000000  __TI_ATRegion1_trg_addr             
00000000  __TI_ATRegion2_region_sz            
00000000  __TI_ATRegion2_src_addr             
00000000  __TI_ATRegion2_trg_addr             
00009cd4  __TI_CINIT_Base                     
00009ce4  __TI_CINIT_Limit                    
00009ce4  __TI_CINIT_Warm                     
00009cc0  __TI_Handler_Table_Base             
00009ccc  __TI_Handler_Table_Limit            
00009185  __TI_auto_init_nobinit              
00009671  __TI_cleanup                        
202001c4  __TI_cleanup_ptr                    
00008bd9  __TI_closefile                      
00008c55  __TI_decompress_lzss                
00009afb  __TI_decompress_none                
000091d9  __TI_doflush                        
202001c8  __TI_dtors_ptr                      
202001fc  __TI_ft_end                         
ffffffff  __TI_pprof_out_hndl                 
ffffffff  __TI_prof_data_size                 
ffffffff  __TI_prof_data_start                
000096a5  __TI_readmsg                        
00000000  __TI_static_base__                  
20200540  __TI_tmpnams                        
000096d9  __TI_writemsg                       
00009ac1  __TI_zero_init_nomemset             
00009563  __aeabi_idiv0                       
00009bf9  __aeabi_memclr                      
00009bf9  __aeabi_memclr4                     
00009bf9  __aeabi_memclr8                     
00009c31  __aeabi_memcpy                      
00009c31  __aeabi_memcpy4                     
00009c31  __aeabi_memcpy8                     
0000946d  __aeabi_uidiv                       
0000946d  __aeabi_uidivmod                    
ffffffff  __binit__                           
UNDEFED   __mpu_init                          
20207e00  __stack                             
20200000  __start___llvm_prf_bits             
20200000  __start___llvm_prf_cnts             
20200000  __stop___llvm_prf_bits              
20200000  __stop___llvm_prf_cnts              
000098d9  _c_int00_noargs                     
202000f0  _device                             
20200000  _ftable                             
20200200  _lock                               
00009983  _nop                                
20200168  _stream                             
20200220  _sys_memory                         
UNDEFED   _system_post_cinit                  
00009c45  _system_pre_init                    
20200204  _unlock                             
00009c49  abort                               
00007f51  add_device                          
00007a41  aligned_alloc                       
ffffffff  binit                               
202005fe  buttons                             
0000922d  close                               
0000970d  exit                                
00009741  finddevice                          
000097d9  fopen                               
00008125  free                                
00009775  freopen                             
00008ef9  getdevice                           
2020020f  input                               
00000000  interruptVectors                    
202001cc  m_anvil                             
202001d4  m_refiner                           
202001dc  m_rock                              
00006c21  main                                
00009c05  malloc                              
00007a41  memalign                            
00008655  open                                
202001e4  p1                                  
202005e0  parmbuf                             
00009c39  remove                              
0000820d  setvbuf                             
000089d1  strcmp                              
00009835  unlink                              
000098b1  write                               


GLOBAL SYMBOLS: SORTED BY Symbol Address 

address   name                                
-------   ----                                
00000000  __TI_ATRegion0_region_sz            
00000000  __TI_ATRegion0_src_addr             
00000000  __TI_ATRegion0_trg_addr             
00000000  __TI_ATRegion1_region_sz            
00000000  __TI_ATRegion1_src_addr             
00000000  __TI_ATRegion1_trg_addr             
00000000  __TI_ATRegion2_region_sz            
00000000  __TI_ATRegion2_src_addr             
00000000  __TI_ATRegion2_trg_addr             
00000000  __TI_static_base__                  
00000000  interruptVectors                    
00000200  __STACK_SIZE                        
00000200  __SYSMEM_SIZE                       
00006c18  SHT$$INIT_ARRAY$$Base               
00006c1c  SHT$$INIT_ARRAY$$Limit              
00006c21  main                                
00006ec1  _Z17ST7735_DrawBitmapssPKtss        
000070d1  _Z15Clock_Init80MHzi                
00007285  _Z16ST7735_DrawCharSsscssh          
00007425  _ZN7Machine10updateRockEh           
000076d5  _ZN6Player8moveDownEv               
00007801  _Z8ADC_InitP10ADC12_Regsjj          
00007929  _Z15ST7735_FillRectsssst            
00007a41  aligned_alloc                       
00007a41  memalign                            
00007b55  _ZN6Player6moveUpEv                 
00007c5d  _ZN7Machine11updateAnvilEh          
00007d65  _Z8SPI_Initv                        
00007e5d  _Z18ST7735_SetRotationh             
00007f51  add_device                          
0000803d  _Z9UART_Initv                       
00008125  free                                
0000820d  setvbuf                             
000082ed  _Z14ST7735_OutCharc                 
000083bd  _Z14TimerG7_IntArmtjj               
00008465  _ZN6Player14checkProximityE7Machine 
0000850b  _ZN6Player15getMachineInputE7Machine
00008653  SysTick_Handler                     
00008655  open                                
000086f5  _Z17ST7735_InitPrintfv              
00008791  _Z12ST7735_InitR10initRFlags        
00008829  _Z15TimerG12_IntArmjj               
000088bd  _ZN8SlidePot4InitEv                 
000089d1  strcmp                              
00008a59  _Z17ST7735_DrawStringttPcs          
00008add  _ZN6Player16resetCoordinatesEv      
00008b5d  _Z14LaunchPad_Initv                 
00008bd9  __TI_closefile                      
00008c55  __TI_decompress_lzss                
00008cd1  _Z16ST7735_DrawPixelsst             
00008d41  _ZN7Machine10printAnvilEh           
00008db1  _ZN7Machine9printRockEh             
00008e21  HOSTlseek                           
00008e8d  HOSTrename                          
00008ef9  getdevice                           
00008fc9  HOSTopen                            
00009029  HOSTread                            
00009081  HOSTwrite                           
000090d9  _Z10TExaS_InitP10ADC12_RegsjPFhvE   
00009131  _ZN8SlidePot2InEv                   
00009185  __TI_auto_init_nobinit              
000091d9  __TI_doflush                        
0000922b  _Z10Sound_Initv                     
0000922d  close                               
0000927d  _ZN6Player8moveLeftEv               
000092c9  _ZN6Player9moveRightEv              
00009315  HOSTclose                           
0000935d  HOSTunlink                          
000093a5  _Z14SPI_OutCommandc                 
000093ed  TIMG7_IRQHandler                    
0000942d  _Z9SPI_Resetv                       
0000946d  __aeabi_uidiv                       
0000946d  __aeabi_uidivmod                    
000094ed  TIMG12_IRQHandler                   
00009529  _ZN7MachineC1Ehhhh                  
00009529  _ZN7MachineC2Ehhhh                  
00009563  __aeabi_idiv0                       
00009565  _Z11SPI_OutDatac                    
0000959d  _Z15ActivatePortA_Bv                
000095d5  _Z12ST7735_writeiPKcj               
00009609  _Z14Clock_Delay1msj                 
0000963d  _Z16ST7735_SetCursorjj              
00009671  __TI_cleanup                        
000096a5  __TI_readmsg                        
000096d9  __TI_writemsg                       
00009705  C$$IO$$                             
0000970d  exit                                
00009741  finddevice                          
00009775  freopen                             
000097d9  fopen                               
00009809  _Z17ST7735_FillScreent              
00009835  unlink                              
00009861  _Z9ADC_StartP10ADC12_Regs           
000098b1  write                               
000098d9  _c_int00_noargs                     
00009901  _ZN8SlidePot4SaveEj                 
00009925  _Z8Random32v                        
00009945  _ZN8SlidePot4SyncEv                 
00009983  _nop                                
00009985  ADC0_IRQHandler                     
00009985  ADC1_IRQHandler                     
00009985  AES_IRQHandler                      
00009985  CANFD0_IRQHandler                   
00009985  DAC0_IRQHandler                     
00009985  DMA_IRQHandler                      
00009985  Default_Handler                     
00009985  GROUP0_IRQHandler                   
00009985  GROUP1_IRQHandler                   
00009985  I2C0_IRQHandler                     
00009985  I2C1_IRQHandler                     
00009985  NMI_Handler                         
00009985  PendSV_Handler                      
00009985  RTC_IRQHandler                      
00009985  SPI0_IRQHandler                     
00009985  SPI1_IRQHandler                     
00009985  SVC_Handler                         
00009985  TIMA0_IRQHandler                    
00009985  TIMA1_IRQHandler                    
00009985  TIMG0_IRQHandler                    
00009985  TIMG6_IRQHandler                    
00009985  TIMG8_IRQHandler                    
00009985  UART0_IRQHandler                    
00009985  UART1_IRQHandler                    
00009985  UART2_IRQHandler                    
00009985  UART3_IRQHandler                    
000099a1  HardFault_Handler                   
000099bd  _Z9Switch_Inv                       
000099d9  _ZN6PlayerC1Ev                      
000099d9  _ZN6PlayerC2Ev                      
00009a7d  _Z11Switch_Initv                    
00009a95  _Z11ST7735_openPKcji                
00009aab  _Z11ST7735_readiPcj                 
00009ac1  __TI_zero_init_nomemset             
00009ad7  _ZN6Player13setPossessionEh         
00009ae9  TI_memcpy_small                     
00009afb  __TI_decompress_none                
00009b0d  _Z11Clock_Delayj                    
00009b1d  _Z28TExaS_LaunchPadLogicPB27PB26v   
00009b5b  _Z12ST7735_lseekili                 
00009b69  _ZN6Player7getXPosEv                
00009b77  _ZN6Player7getYPosEv                
00009b85  _ZN8SlidePotC1Ev                    
00009b85  _ZN8SlidePotC2Ev                    
00009baf  TI_memset_small                     
00009bbd  _Z10Clock_Freqv                     
00009bc9  _Z13ST7735_renamePKcS0_             
00009bd5  _ZN6Player7getSizeEv                
00009be1  _ZN8SlidePot9DistanceXEv            
00009bed  _ZN8SlidePot9DistanceYEv            
00009bf9  __aeabi_memclr                      
00009bf9  __aeabi_memclr4                     
00009bf9  __aeabi_memclr8                     
00009c05  malloc                              
00009c11  _Z12ST7735_closei                   
00009c1b  _Z13ST7735_unlinkPKc                
00009c25  _Z8PLL_Initv                        
00009c31  __aeabi_memcpy                      
00009c31  __aeabi_memcpy4                     
00009c31  __aeabi_memcpy8                     
00009c39  remove                              
00009c41  Reset_Handler                       
00009c45  _system_pre_init                    
00009c48  C$$EXIT                             
00009c49  abort                               
00009cc0  __TI_Handler_Table_Base             
00009ccc  __TI_Handler_Table_Limit            
00009cd4  __TI_CINIT_Base                     
00009ce4  __TI_CINIT_Limit                    
00009ce4  __TI_CINIT_Warm                     
20200000  __start___llvm_prf_bits             
20200000  __start___llvm_prf_cnts             
20200000  __stop___llvm_prf_bits              
20200000  __stop___llvm_prf_cnts              
20200000  _ftable                             
202000f0  _device                             
20200168  _stream                             
202001b8  Sensor                              
202001c4  __TI_cleanup_ptr                    
202001c8  __TI_dtors_ptr                      
202001cc  m_anvil                             
202001d4  m_refiner                           
202001dc  m_rock                              
202001e4  p1                                  
202001ec  BusFreq                             
202001f0  M                                   
202001f4  StX                                 
202001f8  StY                                 
202001fc  __TI_ft_end                         
20200200  _lock                               
20200204  _unlock                             
20200208  StTextColor                         
2020020f  input                               
20200220  _sys_memory                         
20200420  _CIOBUF_                            
20200420  __CIOBUF_                           
20200540  __TI_tmpnams                        
202005e0  parmbuf                             
202005f0  TExaSLogic                          
202005f4  TExaSadc                            
202005fe  buttons                             
20207e00  __stack                             
20208000  __STACK_END                         
ffffffff  __TI_pprof_out_hndl                 
ffffffff  __TI_prof_data_size                 
ffffffff  __TI_prof_data_start                
ffffffff  __binit__                           
ffffffff  binit                               
UNDEFED   __mpu_init                          
UNDEFED   _system_post_cinit                  

[209 symbols]
