<?xml version="1.0" encoding="ISO-8859-1" ?>
<link_info>
   <banner>TI ARM Clang Linker PC v4.0.1.LTS</banner>
   <copyright>Copyright (c) 1996-2018 Texas Instruments Incorporated</copyright>
   <command_line>C:\ti\ccs\tools\compiler\ti-cgt-armllvm_4.0.1.LTS\bin\tiarmlnk -IC:\ti\ccs\tools\compiler\ti-cgt-armllvm_4.0.1.LTS\lib -o MadMines.out -mMadMines.map --heap_size=512 --stack_size=512 -iC:/Users/rober/OneDrive/Documents/College/319H/MSPM0_ValvanoWare/MadMines/Debug/syscfg -iC:/ti/ccs/tools/compiler/ti-cgt-armllvm_4.0.1.LTS/lib --diag_wrap=off --display_error_number --warn_sections --xml_link_info=MadMines_linkInfo.xml --rom_model ./Clock.o ./DAC5.o ./FIFO2.o ./IRxmt.o ./LED.o ./Lab9HMain.o ./LaunchPad.o ./Machine.o ./Player.o ./SPI.o ./ST7735.o ./SlidePot.o ./SmallFont.o ./Sound.o ./Switch.o ./TExaS.o ./Timer.o ./UART2.o ./ticlang/startup_mspm0g3507_ticlang.o ../mspm0g3507.cmd -lC:/ti/mspm0_sdk_2_03_00_07/source/ti/driverlib/lib/ticlang/m0p/mspm0g1x0x_g3x0x/driverlib.a -llibc.a --start-group -llibc++.a -llibc++abi.a -llibc.a -llibsys.a -llibsysbm.a -llibclang_rt.builtins.a -llibclang_rt.profile.a --end-group --cg_opt_level=0</command_line>
   <link_time>0x68005074</link_time>
   <link_errors>0x0</link_errors>
   <output_file>C:\Users\rober\OneDrive\Documents\College\319H\MSPM0_ValvanoWare\MadMines\Debug\MadMines.out</output_file>
   <entry_point>
      <name>_c_int00_noargs</name>
      <address>0x104a9</address>
   </entry_point>
   <input_file_list>
      <input_file id="fl-1">
         <path>C:\Users\rober\OneDrive\Documents\College\319H\MSPM0_ValvanoWare\MadMines\Debug\.\</path>
         <kind>object</kind>
         <file>Clock.o</file>
         <name>Clock.o</name>
      </input_file>
      <input_file id="fl-2">
         <path>C:\Users\rober\OneDrive\Documents\College\319H\MSPM0_ValvanoWare\MadMines\Debug\.\</path>
         <kind>object</kind>
         <file>DAC5.o</file>
         <name>DAC5.o</name>
      </input_file>
      <input_file id="fl-3">
         <path>C:\Users\rober\OneDrive\Documents\College\319H\MSPM0_ValvanoWare\MadMines\Debug\.\</path>
         <kind>object</kind>
         <file>FIFO2.o</file>
         <name>FIFO2.o</name>
      </input_file>
      <input_file id="fl-4">
         <path>C:\Users\rober\OneDrive\Documents\College\319H\MSPM0_ValvanoWare\MadMines\Debug\.\</path>
         <kind>object</kind>
         <file>IRxmt.o</file>
         <name>IRxmt.o</name>
      </input_file>
      <input_file id="fl-5">
         <path>C:\Users\rober\OneDrive\Documents\College\319H\MSPM0_ValvanoWare\MadMines\Debug\.\</path>
         <kind>object</kind>
         <file>LED.o</file>
         <name>LED.o</name>
      </input_file>
      <input_file id="fl-6">
         <path>C:\Users\rober\OneDrive\Documents\College\319H\MSPM0_ValvanoWare\MadMines\Debug\.\</path>
         <kind>object</kind>
         <file>Lab9HMain.o</file>
         <name>Lab9HMain.o</name>
      </input_file>
      <input_file id="fl-7">
         <path>C:\Users\rober\OneDrive\Documents\College\319H\MSPM0_ValvanoWare\MadMines\Debug\.\</path>
         <kind>object</kind>
         <file>LaunchPad.o</file>
         <name>LaunchPad.o</name>
      </input_file>
      <input_file id="fl-8">
         <path>C:\Users\rober\OneDrive\Documents\College\319H\MSPM0_ValvanoWare\MadMines\Debug\.\</path>
         <kind>object</kind>
         <file>Machine.o</file>
         <name>Machine.o</name>
      </input_file>
      <input_file id="fl-9">
         <path>C:\Users\rober\OneDrive\Documents\College\319H\MSPM0_ValvanoWare\MadMines\Debug\.\</path>
         <kind>object</kind>
         <file>Player.o</file>
         <name>Player.o</name>
      </input_file>
      <input_file id="fl-a">
         <path>C:\Users\rober\OneDrive\Documents\College\319H\MSPM0_ValvanoWare\MadMines\Debug\.\</path>
         <kind>object</kind>
         <file>SPI.o</file>
         <name>SPI.o</name>
      </input_file>
      <input_file id="fl-b">
         <path>C:\Users\rober\OneDrive\Documents\College\319H\MSPM0_ValvanoWare\MadMines\Debug\.\</path>
         <kind>object</kind>
         <file>ST7735.o</file>
         <name>ST7735.o</name>
      </input_file>
      <input_file id="fl-c">
         <path>C:\Users\rober\OneDrive\Documents\College\319H\MSPM0_ValvanoWare\MadMines\Debug\.\</path>
         <kind>object</kind>
         <file>SlidePot.o</file>
         <name>SlidePot.o</name>
      </input_file>
      <input_file id="fl-d">
         <path>C:\Users\rober\OneDrive\Documents\College\319H\MSPM0_ValvanoWare\MadMines\Debug\.\</path>
         <kind>object</kind>
         <file>SmallFont.o</file>
         <name>SmallFont.o</name>
      </input_file>
      <input_file id="fl-e">
         <path>C:\Users\rober\OneDrive\Documents\College\319H\MSPM0_ValvanoWare\MadMines\Debug\.\</path>
         <kind>object</kind>
         <file>Sound.o</file>
         <name>Sound.o</name>
      </input_file>
      <input_file id="fl-f">
         <path>C:\Users\rober\OneDrive\Documents\College\319H\MSPM0_ValvanoWare\MadMines\Debug\.\</path>
         <kind>object</kind>
         <file>Switch.o</file>
         <name>Switch.o</name>
      </input_file>
      <input_file id="fl-10">
         <path>C:\Users\rober\OneDrive\Documents\College\319H\MSPM0_ValvanoWare\MadMines\Debug\.\</path>
         <kind>object</kind>
         <file>TExaS.o</file>
         <name>TExaS.o</name>
      </input_file>
      <input_file id="fl-11">
         <path>C:\Users\rober\OneDrive\Documents\College\319H\MSPM0_ValvanoWare\MadMines\Debug\.\</path>
         <kind>object</kind>
         <file>Timer.o</file>
         <name>Timer.o</name>
      </input_file>
      <input_file id="fl-12">
         <path>C:\Users\rober\OneDrive\Documents\College\319H\MSPM0_ValvanoWare\MadMines\Debug\.\</path>
         <kind>object</kind>
         <file>UART2.o</file>
         <name>UART2.o</name>
      </input_file>
      <input_file id="fl-13">
         <path>C:\Users\rober\OneDrive\Documents\College\319H\MSPM0_ValvanoWare\MadMines\Debug\.\ticlang\</path>
         <kind>object</kind>
         <file>startup_mspm0g3507_ticlang.o</file>
         <name>startup_mspm0g3507_ticlang.o</name>
      </input_file>
      <input_file id="fl-1f">
         <path>C:\Users\rober\OneDrive\Documents\College\319H\MSPM0_ValvanoWare\MadMines\Debug\</path>
         <kind>object</kind>
         <file>&lt;internal&gt;</file>
         <name>&lt;internal&gt;</name>
      </input_file>
      <input_file id="fl-34">
         <path>C:\ti\ccs\tools\compiler\ti-cgt-armllvm_4.0.1.LTS\lib\armv6m-ti-none-eabi\c\</path>
         <kind>archive</kind>
         <file>libc.a</file>
         <name>fopen.c.obj</name>
      </input_file>
      <input_file id="fl-35">
         <path>C:\ti\ccs\tools\compiler\ti-cgt-armllvm_4.0.1.LTS\lib\armv6m-ti-none-eabi\c\</path>
         <kind>archive</kind>
         <file>libc.a</file>
         <name>setvbuf.c.obj</name>
      </input_file>
      <input_file id="fl-36">
         <path>C:\ti\ccs\tools\compiler\ti-cgt-armllvm_4.0.1.LTS\lib\armv6m-ti-none-eabi\c\</path>
         <kind>archive</kind>
         <file>libc.a</file>
         <name>aeabi_portable.c.obj</name>
      </input_file>
      <input_file id="fl-37">
         <path>C:\ti\ccs\tools\compiler\ti-cgt-armllvm_4.0.1.LTS\lib\armv6m-ti-none-eabi\c\</path>
         <kind>archive</kind>
         <file>libc.a</file>
         <name>exit.c.obj</name>
      </input_file>
      <input_file id="fl-38">
         <path>C:\ti\ccs\tools\compiler\ti-cgt-armllvm_4.0.1.LTS\lib\armv6m-ti-none-eabi\c\</path>
         <kind>archive</kind>
         <file>libc.a</file>
         <name>_lock.c.obj</name>
      </input_file>
      <input_file id="fl-39">
         <path>C:\ti\ccs\tools\compiler\ti-cgt-armllvm_4.0.1.LTS\lib\armv6m-ti-none-eabi\c\</path>
         <kind>archive</kind>
         <file>libc.a</file>
         <name>assert.c.obj</name>
      </input_file>
      <input_file id="fl-3a">
         <path>C:\ti\ccs\tools\compiler\ti-cgt-armllvm_4.0.1.LTS\lib\armv6m-ti-none-eabi\c\</path>
         <kind>archive</kind>
         <file>libc.a</file>
         <name>defs.c.obj</name>
      </input_file>
      <input_file id="fl-3b">
         <path>C:\ti\ccs\tools\compiler\ti-cgt-armllvm_4.0.1.LTS\lib\armv6m-ti-none-eabi\c\</path>
         <kind>archive</kind>
         <file>libc.a</file>
         <name>memory.c.obj</name>
      </input_file>
      <input_file id="fl-3c">
         <path>C:\ti\ccs\tools\compiler\ti-cgt-armllvm_4.0.1.LTS\lib\armv6m-ti-none-eabi\c\</path>
         <kind>archive</kind>
         <file>libc.a</file>
         <name>copy_zero_init.c.obj</name>
      </input_file>
      <input_file id="fl-3d">
         <path>C:\ti\ccs\tools\compiler\ti-cgt-armllvm_4.0.1.LTS\lib\armv6m-ti-none-eabi\c\</path>
         <kind>archive</kind>
         <file>libc.a</file>
         <name>copy_decompress_none.c.obj</name>
      </input_file>
      <input_file id="fl-3e">
         <path>C:\ti\ccs\tools\compiler\ti-cgt-armllvm_4.0.1.LTS\lib\armv6m-ti-none-eabi\c\</path>
         <kind>archive</kind>
         <file>libc.a</file>
         <name>copy_decompress_lzss.c.obj</name>
      </input_file>
      <input_file id="fl-3f">
         <path>C:\ti\ccs\tools\compiler\ti-cgt-armllvm_4.0.1.LTS\lib\armv6m-ti-none-eabi\c\</path>
         <kind>archive</kind>
         <file>libc.a</file>
         <name>boot_cortex_m.c.obj</name>
      </input_file>
      <input_file id="fl-40">
         <path>C:\ti\ccs\tools\compiler\ti-cgt-armllvm_4.0.1.LTS\lib\armv6m-ti-none-eabi\c\</path>
         <kind>archive</kind>
         <file>libc.a</file>
         <name>mathacl_init.c.obj</name>
      </input_file>
      <input_file id="fl-41">
         <path>C:\ti\ccs\tools\compiler\ti-cgt-armllvm_4.0.1.LTS\lib\armv6m-ti-none-eabi\c\</path>
         <kind>archive</kind>
         <file>libc.a</file>
         <name>sprintf.c.obj</name>
      </input_file>
      <input_file id="fl-42">
         <path>C:\ti\ccs\tools\compiler\ti-cgt-armllvm_4.0.1.LTS\lib\armv6m-ti-none-eabi\c\</path>
         <kind>archive</kind>
         <file>libc.a</file>
         <name>fclose.c.obj</name>
      </input_file>
      <input_file id="fl-43">
         <path>C:\ti\ccs\tools\compiler\ti-cgt-armllvm_4.0.1.LTS\lib\armv6m-ti-none-eabi\c\</path>
         <kind>archive</kind>
         <file>libc.a</file>
         <name>fflush.c.obj</name>
      </input_file>
      <input_file id="fl-44">
         <path>C:\ti\ccs\tools\compiler\ti-cgt-armllvm_4.0.1.LTS\lib\armv6m-ti-none-eabi\c\</path>
         <kind>archive</kind>
         <file>libc.a</file>
         <name>fputs.c.obj</name>
      </input_file>
      <input_file id="fl-45">
         <path>C:\ti\ccs\tools\compiler\ti-cgt-armllvm_4.0.1.LTS\lib\armv6m-ti-none-eabi\c\</path>
         <kind>archive</kind>
         <file>libc.a</file>
         <name>_io_perm.c.obj</name>
      </input_file>
      <input_file id="fl-46">
         <path>C:\ti\ccs\tools\compiler\ti-cgt-armllvm_4.0.1.LTS\lib\armv6m-ti-none-eabi\c\</path>
         <kind>archive</kind>
         <file>libc.a</file>
         <name>args_main.c.obj</name>
      </input_file>
      <input_file id="fl-47">
         <path>C:\ti\ccs\tools\compiler\ti-cgt-armllvm_4.0.1.LTS\lib\armv6m-ti-none-eabi\c\</path>
         <kind>archive</kind>
         <file>libc.a</file>
         <name>autoinit.c.obj</name>
      </input_file>
      <input_file id="fl-48">
         <path>C:\ti\ccs\tools\compiler\ti-cgt-armllvm_4.0.1.LTS\lib\armv6m-ti-none-eabi\c\</path>
         <kind>archive</kind>
         <file>libc.a</file>
         <name>pre_init.c.obj</name>
      </input_file>
      <input_file id="fl-49">
         <path>C:\ti\ccs\tools\compiler\ti-cgt-armllvm_4.0.1.LTS\lib\armv6m-ti-none-eabi\c\</path>
         <kind>archive</kind>
         <file>libc.a</file>
         <name>cpy_tbl.c.obj</name>
      </input_file>
      <input_file id="fl-4a">
         <path>C:\ti\ccs\tools\compiler\ti-cgt-armllvm_4.0.1.LTS\lib\armv6m-ti-none-eabi\c\</path>
         <kind>archive</kind>
         <file>libc.a</file>
         <name>_printfi.c.obj</name>
      </input_file>
      <input_file id="fl-4b">
         <path>C:\ti\ccs\tools\compiler\ti-cgt-armllvm_4.0.1.LTS\lib\armv6m-ti-none-eabi\c\</path>
         <kind>archive</kind>
         <file>libc.a</file>
         <name>fseek.c.obj</name>
      </input_file>
      <input_file id="fl-4c">
         <path>C:\ti\ccs\tools\compiler\ti-cgt-armllvm_4.0.1.LTS\lib\armv6m-ti-none-eabi\c\</path>
         <kind>archive</kind>
         <file>libc.a</file>
         <name>wcslen.c.obj</name>
      </input_file>
      <input_file id="fl-4d">
         <path>C:\ti\ccs\tools\compiler\ti-cgt-armllvm_4.0.1.LTS\lib\armv6m-ti-none-eabi\c\</path>
         <kind>archive</kind>
         <file>libc.a</file>
         <name>_ltoa.c.obj</name>
      </input_file>
      <input_file id="fl-4e">
         <path>C:\ti\ccs\tools\compiler\ti-cgt-armllvm_4.0.1.LTS\lib\armv6m-ti-none-eabi\c\</path>
         <kind>archive</kind>
         <file>libc.a</file>
         <name>atoi.c.obj</name>
      </input_file>
      <input_file id="fl-4f">
         <path>C:\ti\ccs\tools\compiler\ti-cgt-armllvm_4.0.1.LTS\lib\armv6m-ti-none-eabi\c\</path>
         <kind>archive</kind>
         <file>libc.a</file>
         <name>memccpy.c.obj</name>
      </input_file>
      <input_file id="fl-50">
         <path>C:\ti\ccs\tools\compiler\ti-cgt-armllvm_4.0.1.LTS\lib\armv6m-ti-none-eabi\c\</path>
         <kind>archive</kind>
         <file>libc.a</file>
         <name>s_frexp.c.obj</name>
      </input_file>
      <input_file id="fl-51">
         <path>C:\ti\ccs\tools\compiler\ti-cgt-armllvm_4.0.1.LTS\lib\armv6m-ti-none-eabi\c\</path>
         <kind>archive</kind>
         <file>libc.a</file>
         <name>s_scalbn.c.obj</name>
      </input_file>
      <input_file id="fl-52">
         <path>C:\ti\ccs\tools\compiler\ti-cgt-armllvm_4.0.1.LTS\lib\armv6m-ti-none-eabi\c\</path>
         <kind>archive</kind>
         <file>libc.a</file>
         <name>aeabi_ctype.S.obj</name>
      </input_file>
      <input_file id="fl-e8">
         <path>C:\ti\ccs\tools\compiler\ti-cgt-armllvm_4.0.1.LTS\lib\armv6m-ti-none-eabi\c\</path>
         <kind>archive</kind>
         <file>libsysbm.a</file>
         <name>write.c.obj</name>
      </input_file>
      <input_file id="fl-e9">
         <path>C:\ti\ccs\tools\compiler\ti-cgt-armllvm_4.0.1.LTS\lib\armv6m-ti-none-eabi\c\</path>
         <kind>archive</kind>
         <file>libsysbm.a</file>
         <name>host_device.c.obj</name>
      </input_file>
      <input_file id="fl-ea">
         <path>C:\ti\ccs\tools\compiler\ti-cgt-armllvm_4.0.1.LTS\lib\armv6m-ti-none-eabi\c\</path>
         <kind>archive</kind>
         <file>libsysbm.a</file>
         <name>remove.c.obj</name>
      </input_file>
      <input_file id="fl-eb">
         <path>C:\ti\ccs\tools\compiler\ti-cgt-armllvm_4.0.1.LTS\lib\armv6m-ti-none-eabi\c\</path>
         <kind>archive</kind>
         <file>libsysbm.a</file>
         <name>open.c.obj</name>
      </input_file>
      <input_file id="fl-ec">
         <path>C:\ti\ccs\tools\compiler\ti-cgt-armllvm_4.0.1.LTS\lib\armv6m-ti-none-eabi\c\</path>
         <kind>archive</kind>
         <file>libsysbm.a</file>
         <name>lseek.c.obj</name>
      </input_file>
      <input_file id="fl-ed">
         <path>C:\ti\ccs\tools\compiler\ti-cgt-armllvm_4.0.1.LTS\lib\armv6m-ti-none-eabi\c\</path>
         <kind>archive</kind>
         <file>libsysbm.a</file>
         <name>close.c.obj</name>
      </input_file>
      <input_file id="fl-ee">
         <path>C:\ti\ccs\tools\compiler\ti-cgt-armllvm_4.0.1.LTS\lib\armv6m-ti-none-eabi\c\</path>
         <kind>archive</kind>
         <file>libsysbm.a</file>
         <name>add_device.c.obj</name>
      </input_file>
      <input_file id="fl-ef">
         <path>C:\ti\ccs\tools\compiler\ti-cgt-armllvm_4.0.1.LTS\lib\armv6m-ti-none-eabi\c\</path>
         <kind>archive</kind>
         <file>libsysbm.a</file>
         <name>unlink.c.obj</name>
      </input_file>
      <input_file id="fl-f0">
         <path>C:\ti\ccs\tools\compiler\ti-cgt-armllvm_4.0.1.LTS\lib\armv6m-ti-none-eabi\c\</path>
         <kind>archive</kind>
         <file>libsysbm.a</file>
         <name>hostclose.c.obj</name>
      </input_file>
      <input_file id="fl-f1">
         <path>C:\ti\ccs\tools\compiler\ti-cgt-armllvm_4.0.1.LTS\lib\armv6m-ti-none-eabi\c\</path>
         <kind>archive</kind>
         <file>libsysbm.a</file>
         <name>hostlseek.c.obj</name>
      </input_file>
      <input_file id="fl-f2">
         <path>C:\ti\ccs\tools\compiler\ti-cgt-armllvm_4.0.1.LTS\lib\armv6m-ti-none-eabi\c\</path>
         <kind>archive</kind>
         <file>libsysbm.a</file>
         <name>hostopen.c.obj</name>
      </input_file>
      <input_file id="fl-f3">
         <path>C:\ti\ccs\tools\compiler\ti-cgt-armllvm_4.0.1.LTS\lib\armv6m-ti-none-eabi\c\</path>
         <kind>archive</kind>
         <file>libsysbm.a</file>
         <name>hostread.c.obj</name>
      </input_file>
      <input_file id="fl-f4">
         <path>C:\ti\ccs\tools\compiler\ti-cgt-armllvm_4.0.1.LTS\lib\armv6m-ti-none-eabi\c\</path>
         <kind>archive</kind>
         <file>libsysbm.a</file>
         <name>hostrename.c.obj</name>
      </input_file>
      <input_file id="fl-f5">
         <path>C:\ti\ccs\tools\compiler\ti-cgt-armllvm_4.0.1.LTS\lib\armv6m-ti-none-eabi\c\</path>
         <kind>archive</kind>
         <file>libsysbm.a</file>
         <name>hostunlink.c.obj</name>
      </input_file>
      <input_file id="fl-f6">
         <path>C:\ti\ccs\tools\compiler\ti-cgt-armllvm_4.0.1.LTS\lib\armv6m-ti-none-eabi\c\</path>
         <kind>archive</kind>
         <file>libsysbm.a</file>
         <name>hostwrite.c.obj</name>
      </input_file>
      <input_file id="fl-f7">
         <path>C:\ti\ccs\tools\compiler\ti-cgt-armllvm_4.0.1.LTS\lib\armv6m-ti-none-eabi\c\</path>
         <kind>archive</kind>
         <file>libsysbm.a</file>
         <name>trgmsg.c.obj</name>
      </input_file>
      <input_file id="fl-f8">
         <path>C:\ti\ccs\tools\compiler\ti-cgt-armllvm_4.0.1.LTS\lib\armv6m-ti-none-eabi\</path>
         <kind>archive</kind>
         <file>libclang_rt.builtins.a</file>
         <name>adddf3.S.obj</name>
      </input_file>
      <input_file id="fl-f9">
         <path>C:\ti\ccs\tools\compiler\ti-cgt-armllvm_4.0.1.LTS\lib\armv6m-ti-none-eabi\</path>
         <kind>archive</kind>
         <file>libclang_rt.builtins.a</file>
         <name>muldf3.S.obj</name>
      </input_file>
      <input_file id="fl-fa">
         <path>C:\ti\ccs\tools\compiler\ti-cgt-armllvm_4.0.1.LTS\lib\armv6m-ti-none-eabi\</path>
         <kind>archive</kind>
         <file>libclang_rt.builtins.a</file>
         <name>muldsi3.S.obj</name>
      </input_file>
      <input_file id="fl-fb">
         <path>C:\ti\ccs\tools\compiler\ti-cgt-armllvm_4.0.1.LTS\lib\armv6m-ti-none-eabi\</path>
         <kind>archive</kind>
         <file>libclang_rt.builtins.a</file>
         <name>divdf3.S.obj</name>
      </input_file>
      <input_file id="fl-fc">
         <path>C:\ti\ccs\tools\compiler\ti-cgt-armllvm_4.0.1.LTS\lib\armv6m-ti-none-eabi\</path>
         <kind>archive</kind>
         <file>libclang_rt.builtins.a</file>
         <name>fixdfsi.S.obj</name>
      </input_file>
      <input_file id="fl-fd">
         <path>C:\ti\ccs\tools\compiler\ti-cgt-armllvm_4.0.1.LTS\lib\armv6m-ti-none-eabi\</path>
         <kind>archive</kind>
         <file>libclang_rt.builtins.a</file>
         <name>floatsidf.S.obj</name>
      </input_file>
      <input_file id="fl-fe">
         <path>C:\ti\ccs\tools\compiler\ti-cgt-armllvm_4.0.1.LTS\lib\armv6m-ti-none-eabi\</path>
         <kind>archive</kind>
         <file>libclang_rt.builtins.a</file>
         <name>muldi3.S.obj</name>
      </input_file>
      <input_file id="fl-ff">
         <path>C:\ti\ccs\tools\compiler\ti-cgt-armllvm_4.0.1.LTS\lib\armv6m-ti-none-eabi\</path>
         <kind>archive</kind>
         <file>libclang_rt.builtins.a</file>
         <name>aeabi_dcmp.S.obj</name>
      </input_file>
      <input_file id="fl-100">
         <path>C:\ti\ccs\tools\compiler\ti-cgt-armllvm_4.0.1.LTS\lib\armv6m-ti-none-eabi\</path>
         <kind>archive</kind>
         <file>libclang_rt.builtins.a</file>
         <name>aeabi_idivmod.S.obj</name>
      </input_file>
      <input_file id="fl-101">
         <path>C:\ti\ccs\tools\compiler\ti-cgt-armllvm_4.0.1.LTS\lib\armv6m-ti-none-eabi\</path>
         <kind>archive</kind>
         <file>libclang_rt.builtins.a</file>
         <name>aeabi_memcpy.S.obj</name>
      </input_file>
      <input_file id="fl-102">
         <path>C:\ti\ccs\tools\compiler\ti-cgt-armllvm_4.0.1.LTS\lib\armv6m-ti-none-eabi\</path>
         <kind>archive</kind>
         <file>libclang_rt.builtins.a</file>
         <name>aeabi_memset.S.obj</name>
      </input_file>
      <input_file id="fl-103">
         <path>C:\ti\ccs\tools\compiler\ti-cgt-armllvm_4.0.1.LTS\lib\armv6m-ti-none-eabi\</path>
         <kind>archive</kind>
         <file>libclang_rt.builtins.a</file>
         <name>aeabi_uidivmod.S.obj</name>
      </input_file>
      <input_file id="fl-104">
         <path>C:\ti\ccs\tools\compiler\ti-cgt-armllvm_4.0.1.LTS\lib\armv6m-ti-none-eabi\</path>
         <kind>archive</kind>
         <file>libclang_rt.builtins.a</file>
         <name>aeabi_uldivmod.S.obj</name>
      </input_file>
      <input_file id="fl-105">
         <path>C:\ti\ccs\tools\compiler\ti-cgt-armllvm_4.0.1.LTS\lib\armv6m-ti-none-eabi\</path>
         <kind>archive</kind>
         <file>libclang_rt.builtins.a</file>
         <name>udivmoddi4.S.obj</name>
      </input_file>
      <input_file id="fl-106">
         <path>C:\ti\ccs\tools\compiler\ti-cgt-armllvm_4.0.1.LTS\lib\armv6m-ti-none-eabi\</path>
         <kind>archive</kind>
         <file>libclang_rt.builtins.a</file>
         <name>ashldi3.S.obj</name>
      </input_file>
      <input_file id="fl-107">
         <path>C:\ti\ccs\tools\compiler\ti-cgt-armllvm_4.0.1.LTS\lib\armv6m-ti-none-eabi\</path>
         <kind>archive</kind>
         <file>libclang_rt.builtins.a</file>
         <name>comparedf2.c.obj</name>
      </input_file>
      <input_file id="fl-108">
         <path>C:\ti\ccs\tools\compiler\ti-cgt-armllvm_4.0.1.LTS\lib\armv6m-ti-none-eabi\</path>
         <kind>archive</kind>
         <file>libclang_rt.builtins.a</file>
         <name>aeabi_div0.c.obj</name>
      </input_file>
      <input_file id="fl-109">
         <path>C:\ti\ccs\tools\compiler\ti-cgt-armllvm_4.0.1.LTS\lib\armv6m-ti-none-eabi\c\</path>
         <kind>archive</kind>
         <file>libc.a</file>
         <name>getdevice.c.obj</name>
      </input_file>
      <input_file id="fl-10a">
         <path>C:\ti\ccs\tools\compiler\ti-cgt-armllvm_4.0.1.LTS\lib\armv6m-ti-none-eabi\c\</path>
         <kind>archive</kind>
         <file>libc.a</file>
         <name>memcpy16.S.obj</name>
      </input_file>
      <input_file id="fl-10b">
         <path>C:\ti\ccs\tools\compiler\ti-cgt-armllvm_4.0.1.LTS\lib\armv6m-ti-none-eabi\c\</path>
         <kind>archive</kind>
         <file>libc.a</file>
         <name>memset16.S.obj</name>
      </input_file>
      <input_file id="fl-10c">
         <path>C:\ti\ccs\tools\compiler\ti-cgt-armllvm_4.0.1.LTS\lib\armv6m-ti-none-eabi\c\</path>
         <kind>archive</kind>
         <file>libc.a</file>
         <name>strcmp-armv6m.S.obj</name>
      </input_file>
   </input_file_list>
   <object_component_list>
      <object_component id="oc-18">
         <name>.intvecs</name>
         <load_address>0x0</load_address>
         <readonly>true</readonly>
         <run_address>0x0</run_address>
         <size>0xc0</size>
         <alignment>0x4</alignment>
         <input_file_ref idref="fl-13"/>
      </object_component>
      <object_component id="oc-a1">
         <name>.text.main</name>
         <load_address>0xc480</load_address>
         <readonly>true</readonly>
         <executable>true</executable>
         <run_address>0xc480</run_address>
         <size>0x470</size>
         <alignment>0x4</alignment>
         <input_file_ref idref="fl-6"/>
      </object_component>
      <object_component id="oc-f9">
         <name>.text._ZN7Machine11updateAnvilEh</name>
         <load_address>0xc8f0</load_address>
         <readonly>true</readonly>
         <executable>true</executable>
         <run_address>0xc8f0</run_address>
         <size>0x418</size>
         <alignment>0x4</alignment>
         <input_file_ref idref="fl-8"/>
      </object_component>
      <object_component id="oc-101">
         <name>.text._ZN7Machine10updateCartEh</name>
         <load_address>0xcd08</load_address>
         <readonly>true</readonly>
         <executable>true</executable>
         <run_address>0xcd08</run_address>
         <size>0x378</size>
         <alignment>0x4</alignment>
         <input_file_ref idref="fl-8"/>
      </object_component>
      <object_component id="oc-100">
         <name>.text._ZN7Machine10updateRockEh</name>
         <load_address>0xd080</load_address>
         <readonly>true</readonly>
         <executable>true</executable>
         <run_address>0xd080</run_address>
         <size>0x2a4</size>
         <alignment>0x4</alignment>
         <input_file_ref idref="fl-8"/>
      </object_component>
      <object_component id="oc-f5">
         <name>.text._Z17ST7735_DrawBitmapssPKtss</name>
         <load_address>0xd324</load_address>
         <readonly>true</readonly>
         <executable>true</executable>
         <run_address>0xd324</run_address>
         <size>0x210</size>
         <alignment>0x4</alignment>
         <input_file_ref idref="fl-b"/>
      </object_component>
      <object_component id="oc-138">
         <name>.text._Z15Clock_Init80MHzi</name>
         <load_address>0xd534</load_address>
         <readonly>true</readonly>
         <executable>true</executable>
         <run_address>0xd534</run_address>
         <size>0x1b4</size>
         <alignment>0x4</alignment>
         <input_file_ref idref="fl-1"/>
      </object_component>
      <object_component id="oc-17d">
         <name>.text._ZN7Machine13computeRecipeEPaa</name>
         <load_address>0xd6e8</load_address>
         <readonly>true</readonly>
         <executable>true</executable>
         <run_address>0xd6e8</run_address>
         <size>0x1ac</size>
         <alignment>0x4</alignment>
         <input_file_ref idref="fl-8"/>
      </object_component>
      <object_component id="oc-23b">
         <name>.text._Z16ST7735_DrawCharSsscssh</name>
         <load_address>0xd894</load_address>
         <readonly>true</readonly>
         <executable>true</executable>
         <run_address>0xd894</run_address>
         <size>0x1a0</size>
         <alignment>0x4</alignment>
         <input_file_ref idref="fl-b"/>
      </object_component>
      <object_component id="oc-17c">
         <name>.text._ZN7Machine15updateAnvilMenuEPaa</name>
         <load_address>0xda34</load_address>
         <readonly>true</readonly>
         <executable>true</executable>
         <run_address>0xda34</run_address>
         <size>0x164</size>
         <alignment>0x4</alignment>
         <input_file_ref idref="fl-8"/>
      </object_component>
      <object_component id="oc-18c">
         <name>.text._ZN7Machine13cartSendErrorEhh</name>
         <load_address>0xdb98</load_address>
         <readonly>true</readonly>
         <executable>true</executable>
         <run_address>0xdb98</run_address>
         <size>0x15c</size>
         <alignment>0x2</alignment>
         <input_file_ref idref="fl-8"/>
      </object_component>
      <object_component id="oc-1c8">
         <name>.text._openfile</name>
         <load_address>0xdcf4</load_address>
         <readonly>true</readonly>
         <executable>true</executable>
         <run_address>0xdcf4</run_address>
         <size>0x154</size>
         <alignment>0x4</alignment>
         <input_file_ref idref="fl-34"/>
      </object_component>
      <object_component id="oc-f1">
         <name>.text._ZN6Player8moveDownEv</name>
         <load_address>0xde48</load_address>
         <readonly>true</readonly>
         <executable>true</executable>
         <run_address>0xde48</run_address>
         <size>0x12c</size>
         <alignment>0x2</alignment>
         <input_file_ref idref="fl-9"/>
      </object_component>
      <object_component id="oc-164">
         <name>.text._Z8ADC_InitP10ADC12_Regsjj</name>
         <load_address>0xdf74</load_address>
         <readonly>true</readonly>
         <executable>true</executable>
         <run_address>0xdf74</run_address>
         <size>0x128</size>
         <alignment>0x4</alignment>
         <input_file_ref idref="fl-10"/>
      </object_component>
      <object_component id="oc-ff">
         <name>.text._Z15ST7735_FillRectsssst</name>
         <load_address>0xe09c</load_address>
         <readonly>true</readonly>
         <executable>true</executable>
         <run_address>0xe09c</run_address>
         <size>0x118</size>
         <alignment>0x4</alignment>
         <input_file_ref idref="fl-b"/>
      </object_component>
      <object_component id="oc-239">
         <name>.text.aligned_alloc</name>
         <load_address>0xe1b4</load_address>
         <readonly>true</readonly>
         <executable>true</executable>
         <run_address>0xe1b4</run_address>
         <size>0x114</size>
         <alignment>0x4</alignment>
         <input_file_ref idref="fl-3b"/>
      </object_component>
      <object_component id="oc-f0">
         <name>.text._ZN6Player6moveUpEv</name>
         <load_address>0xe2c8</load_address>
         <readonly>true</readonly>
         <executable>true</executable>
         <run_address>0xe2c8</run_address>
         <size>0x108</size>
         <alignment>0x2</alignment>
         <input_file_ref idref="fl-9"/>
      </object_component>
      <object_component id="oc-1f5">
         <name>.text._Z8SPI_Initv</name>
         <load_address>0xe3d0</load_address>
         <readonly>true</readonly>
         <executable>true</executable>
         <run_address>0xe3d0</run_address>
         <size>0xf8</size>
         <alignment>0x4</alignment>
         <input_file_ref idref="fl-a"/>
      </object_component>
      <object_component id="oc-f6">
         <name>.text._Z18ST7735_SetRotationh</name>
         <load_address>0xe4c8</load_address>
         <readonly>true</readonly>
         <executable>true</executable>
         <run_address>0xe4c8</run_address>
         <size>0xf4</size>
         <alignment>0x4</alignment>
         <input_file_ref idref="fl-b"/>
      </object_component>
      <object_component id="oc-141">
         <name>.text.add_device</name>
         <load_address>0xe5bc</load_address>
         <readonly>true</readonly>
         <executable>true</executable>
         <run_address>0xe5bc</run_address>
         <size>0xec</size>
         <alignment>0x4</alignment>
         <input_file_ref idref="fl-ee"/>
      </object_component>
      <object_component id="oc-166">
         <name>.text._Z9UART_Initv</name>
         <load_address>0xe6a8</load_address>
         <readonly>true</readonly>
         <executable>true</executable>
         <run_address>0xe6a8</run_address>
         <size>0xe8</size>
         <alignment>0x4</alignment>
         <input_file_ref idref="fl-10"/>
      </object_component>
      <object_component id="oc-1d1">
         <name>.text.free</name>
         <load_address>0xe790</load_address>
         <readonly>true</readonly>
         <executable>true</executable>
         <run_address>0xe790</run_address>
         <size>0xe8</size>
         <alignment>0x4</alignment>
         <input_file_ref idref="fl-3b"/>
      </object_component>
      <object_component id="oc-14c">
         <name>.text.setvbuf</name>
         <load_address>0xe878</load_address>
         <readonly>true</readonly>
         <executable>true</executable>
         <run_address>0xe878</run_address>
         <size>0xe0</size>
         <alignment>0x4</alignment>
         <input_file_ref idref="fl-35"/>
      </object_component>
      <object_component id="oc-dd">
         <name>.text._Z10UART2_Initv</name>
         <load_address>0xe958</load_address>
         <readonly>true</readonly>
         <executable>true</executable>
         <run_address>0xe958</run_address>
         <size>0xdc</size>
         <alignment>0x4</alignment>
         <input_file_ref idref="fl-12"/>
      </object_component>
      <object_component id="oc-1d8">
         <name>.text._Z14ST7735_OutCharc</name>
         <load_address>0xea34</load_address>
         <readonly>true</readonly>
         <executable>true</executable>
         <run_address>0xea34</run_address>
         <size>0xd0</size>
         <alignment>0x4</alignment>
         <input_file_ref idref="fl-b"/>
      </object_component>
      <object_component id="oc-e5">
         <name>.text._Z20ST7735_DrawFastHLinessst</name>
         <load_address>0xeb04</load_address>
         <readonly>true</readonly>
         <executable>true</executable>
         <run_address>0xeb04</run_address>
         <size>0xb0</size>
         <alignment>0x4</alignment>
         <input_file_ref idref="fl-b"/>
      </object_component>
      <object_component id="oc-e6">
         <name>.text._Z20ST7735_DrawFastVLinessst</name>
         <load_address>0xebb4</load_address>
         <readonly>true</readonly>
         <executable>true</executable>
         <run_address>0xebb4</run_address>
         <size>0xb0</size>
         <alignment>0x4</alignment>
         <input_file_ref idref="fl-b"/>
      </object_component>
      <object_component id="oc-16c">
         <name>.text._Z14TimerG7_IntArmtjj</name>
         <load_address>0xec64</load_address>
         <readonly>true</readonly>
         <executable>true</executable>
         <run_address>0xec64</run_address>
         <size>0xa8</size>
         <alignment>0x4</alignment>
         <input_file_ref idref="fl-11"/>
      </object_component>
      <object_component id="oc-189">
         <name>.text._ZN7Machine9printCartEh</name>
         <load_address>0xed0c</load_address>
         <readonly>true</readonly>
         <executable>true</executable>
         <run_address>0xed0c</run_address>
         <size>0xa4</size>
         <alignment>0x4</alignment>
         <input_file_ref idref="fl-8"/>
      </object_component>
      <object_component id="oc-1b2">
         <name>.text._ZL11commandListPKh</name>
         <load_address>0xedb0</load_address>
         <readonly>true</readonly>
         <executable>true</executable>
         <run_address>0xedb0</run_address>
         <size>0xa2</size>
         <alignment>0x2</alignment>
         <input_file_ref idref="fl-b"/>
      </object_component>
      <object_component id="oc-39">
         <name>.text.SysTick_Handler</name>
         <load_address>0xee52</load_address>
         <readonly>true</readonly>
         <executable>true</executable>
         <run_address>0xee52</run_address>
         <size>0x2</size>
         <alignment>0x2</alignment>
         <input_file_ref idref="fl-e"/>
      </object_component>
      <object_component id="oc-221">
         <name>.text.open</name>
         <load_address>0xee54</load_address>
         <readonly>true</readonly>
         <executable>true</executable>
         <run_address>0xee54</run_address>
         <size>0xa0</size>
         <alignment>0x4</alignment>
         <input_file_ref idref="fl-eb"/>
      </object_component>
      <object_component id="oc-d0">
         <name>.text._Z17ST7735_InitPrintfv</name>
         <load_address>0xeef4</load_address>
         <readonly>true</readonly>
         <executable>true</executable>
         <run_address>0xeef4</run_address>
         <size>0x9c</size>
         <alignment>0x4</alignment>
         <input_file_ref idref="fl-b"/>
      </object_component>
      <object_component id="oc-17b">
         <name>.text._ZN7Machine10printAnvilEh</name>
         <load_address>0xef90</load_address>
         <readonly>true</readonly>
         <executable>true</executable>
         <run_address>0xef90</run_address>
         <size>0x9c</size>
         <alignment>0x4</alignment>
         <input_file_ref idref="fl-8"/>
      </object_component>
      <object_component id="oc-140">
         <name>.text._Z12ST7735_InitR10initRFlags</name>
         <load_address>0xf02c</load_address>
         <readonly>true</readonly>
         <executable>true</executable>
         <run_address>0xf02c</run_address>
         <size>0x98</size>
         <alignment>0x4</alignment>
         <input_file_ref idref="fl-b"/>
      </object_component>
      <object_component id="oc-17a">
         <name>.text._ZN6Player14checkProximityE7Machine</name>
         <load_address>0xf0c4</load_address>
         <readonly>true</readonly>
         <executable>true</executable>
         <run_address>0xf0c4</run_address>
         <size>0x96</size>
         <alignment>0x2</alignment>
         <input_file_ref idref="fl-9"/>
      </object_component>
      <object_component id="oc-12b">
         <name>.text.__aeabi_idiv0</name>
         <load_address>0xf15a</load_address>
         <readonly>true</readonly>
         <executable>true</executable>
         <run_address>0xf15a</run_address>
         <size>0x2</size>
         <alignment>0x2</alignment>
         <input_file_ref idref="fl-108"/>
      </object_component>
      <object_component id="oc-e0">
         <name>.text._Z15TimerG12_IntArmjj</name>
         <load_address>0xf15c</load_address>
         <readonly>true</readonly>
         <executable>true</executable>
         <run_address>0xf15c</run_address>
         <size>0x94</size>
         <alignment>0x4</alignment>
         <input_file_ref idref="fl-11"/>
      </object_component>
      <object_component id="oc-d6">
         <name>.text._ZN8SlidePot4InitEv</name>
         <load_address>0xf1f0</load_address>
         <readonly>true</readonly>
         <executable>true</executable>
         <run_address>0xf1f0</run_address>
         <size>0x8c</size>
         <alignment>0x4</alignment>
         <input_file_ref idref="fl-c"/>
      </object_component>
      <object_component id="oc-16f">
         <name>.text._ZL13setAddrWindowhhhh</name>
         <load_address>0xf27c</load_address>
         <readonly>true</readonly>
         <executable>true</executable>
         <run_address>0xf27c</run_address>
         <size>0x88</size>
         <alignment>0x4</alignment>
         <input_file_ref idref="fl-b"/>
      </object_component>
      <object_component id="oc-167">
         <name>.text._Z10Clock_Freqv</name>
         <load_address>0xf304</load_address>
         <readonly>true</readonly>
         <executable>true</executable>
         <run_address>0xf304</run_address>
         <size>0xc</size>
         <alignment>0x4</alignment>
         <input_file_ref idref="fl-1"/>
      </object_component>
      <object_component id="oc-1f9">
         <name>.text:strcmp</name>
         <load_address>0xf310</load_address>
         <readonly>true</readonly>
         <executable>true</executable>
         <run_address>0xf310</run_address>
         <size>0x88</size>
         <alignment>0x10</alignment>
         <input_file_ref idref="fl-10c"/>
      </object_component>
      <object_component id="oc-23a">
         <name>.text._Z17ST7735_DrawStringttPcs</name>
         <load_address>0xf398</load_address>
         <readonly>true</readonly>
         <executable>true</executable>
         <run_address>0xf398</run_address>
         <size>0x84</size>
         <alignment>0x2</alignment>
         <input_file_ref idref="fl-b"/>
      </object_component>
      <object_component id="oc-f7">
         <name>.text._ZN6Player16resetCoordinatesEv</name>
         <load_address>0xf41c</load_address>
         <readonly>true</readonly>
         <executable>true</executable>
         <run_address>0xf41c</run_address>
         <size>0x80</size>
         <alignment>0x2</alignment>
         <input_file_ref idref="fl-9"/>
      </object_component>
      <object_component id="oc-cb">
         <name>.text._Z14LaunchPad_Initv</name>
         <load_address>0xf49c</load_address>
         <readonly>true</readonly>
         <executable>true</executable>
         <run_address>0xf49c</run_address>
         <size>0x7c</size>
         <alignment>0x4</alignment>
         <input_file_ref idref="fl-7"/>
      </object_component>
      <object_component id="oc-187">
         <name>.text._ZN7Machine9printRockEh</name>
         <load_address>0xf518</load_address>
         <readonly>true</readonly>
         <executable>true</executable>
         <run_address>0xf518</run_address>
         <size>0x7c</size>
         <alignment>0x4</alignment>
         <input_file_ref idref="fl-8"/>
      </object_component>
      <object_component id="oc-1cb">
         <name>.text.__TI_closefile</name>
         <load_address>0xf594</load_address>
         <readonly>true</readonly>
         <executable>true</executable>
         <run_address>0xf594</run_address>
         <size>0x7c</size>
         <alignment>0x4</alignment>
         <input_file_ref idref="fl-42"/>
      </object_component>
      <object_component id="oc-1c">
         <name>.text:decompress:lzss</name>
         <load_address>0xf610</load_address>
         <readonly>true</readonly>
         <executable>true</executable>
         <run_address>0xf610</run_address>
         <size>0x7c</size>
         <alignment>0x4</alignment>
         <input_file_ref idref="fl-3e"/>
      </object_component>
      <object_component id="oc-3e">
         <name>.text.UART2_IRQHandler</name>
         <load_address>0xf68c</load_address>
         <readonly>true</readonly>
         <executable>true</executable>
         <run_address>0xf68c</run_address>
         <size>0x74</size>
         <alignment>0x4</alignment>
         <input_file_ref idref="fl-12"/>
      </object_component>
      <object_component id="oc-1ea">
         <name>.text._Z13IRxmt_SendBiti</name>
         <load_address>0xf700</load_address>
         <readonly>true</readonly>
         <executable>true</executable>
         <run_address>0xf700</run_address>
         <size>0x74</size>
         <alignment>0x4</alignment>
         <input_file_ref idref="fl-4"/>
      </object_component>
      <object_component id="oc-278">
         <name>.text._Z16ST7735_DrawPixelsst</name>
         <load_address>0xf774</load_address>
         <readonly>true</readonly>
         <executable>true</executable>
         <run_address>0xf774</run_address>
         <size>0x70</size>
         <alignment>0x4</alignment>
         <input_file_ref idref="fl-b"/>
      </object_component>
      <object_component id="oc-20f">
         <name>.text.HOSTlseek</name>
         <load_address>0xf7e4</load_address>
         <readonly>true</readonly>
         <executable>true</executable>
         <run_address>0xf7e4</run_address>
         <size>0x6c</size>
         <alignment>0x4</alignment>
         <input_file_ref idref="fl-f1"/>
      </object_component>
      <object_component id="oc-217">
         <name>.text.HOSTrename</name>
         <load_address>0xf850</load_address>
         <readonly>true</readonly>
         <executable>true</executable>
         <run_address>0xf850</run_address>
         <size>0x6c</size>
         <alignment>0x4</alignment>
         <input_file_ref idref="fl-f4"/>
      </object_component>
      <object_component id="oc-25f">
         <name>.text.getdevice</name>
         <load_address>0xf8bc</load_address>
         <readonly>true</readonly>
         <executable>true</executable>
         <run_address>0xf8bc</run_address>
         <size>0x6c</size>
         <alignment>0x4</alignment>
         <input_file_ref idref="fl-109"/>
      </object_component>
      <object_component id="oc-f8">
         <name>.text._ZN6Player15getMachineInputE7Machine</name>
         <load_address>0xf928</load_address>
         <readonly>true</readonly>
         <executable>true</executable>
         <run_address>0xf928</run_address>
         <size>0x64</size>
         <alignment>0x2</alignment>
         <input_file_ref idref="fl-9"/>
      </object_component>
      <object_component id="oc-276">
         <name>.text.split</name>
         <load_address>0xf98c</load_address>
         <readonly>true</readonly>
         <executable>true</executable>
         <run_address>0xf98c</run_address>
         <size>0x64</size>
         <alignment>0x4</alignment>
         <input_file_ref idref="fl-3b"/>
      </object_component>
      <object_component id="oc-1ff">
         <name>.text.HOSTopen</name>
         <load_address>0xf9f0</load_address>
         <readonly>true</readonly>
         <executable>true</executable>
         <run_address>0xf9f0</run_address>
         <size>0x60</size>
         <alignment>0x4</alignment>
         <input_file_ref idref="fl-f2"/>
      </object_component>
      <object_component id="oc-207">
         <name>.text.HOSTread</name>
         <load_address>0xfa50</load_address>
         <readonly>true</readonly>
         <executable>true</executable>
         <run_address>0xfa50</run_address>
         <size>0x58</size>
         <alignment>0x4</alignment>
         <input_file_ref idref="fl-f3"/>
      </object_component>
      <object_component id="oc-20b">
         <name>.text.HOSTwrite</name>
         <load_address>0xfaa8</load_address>
         <readonly>true</readonly>
         <executable>true</executable>
         <run_address>0xfaa8</run_address>
         <size>0x58</size>
         <alignment>0x4</alignment>
         <input_file_ref idref="fl-f6"/>
      </object_component>
      <object_component id="oc-df">
         <name>.text._Z10TExaS_InitP10ADC12_RegsjPFhvE</name>
         <load_address>0xfb00</load_address>
         <readonly>true</readonly>
         <executable>true</executable>
         <run_address>0xfb00</run_address>
         <size>0x58</size>
         <alignment>0x4</alignment>
         <input_file_ref idref="fl-10"/>
      </object_component>
      <object_component id="oc-b6">
         <name>.text.__aeabi_idivmod</name>
         <load_address>0xfb58</load_address>
         <readonly>true</readonly>
         <executable>true</executable>
         <run_address>0xfb58</run_address>
         <size>0x56</size>
         <alignment>0x4</alignment>
         <input_file_ref idref="fl-100"/>
      </object_component>
      <object_component id="oc-1ec">
         <name>.text._nop</name>
         <load_address>0xfbae</load_address>
         <readonly>true</readonly>
         <executable>true</executable>
         <run_address>0xfbae</run_address>
         <size>0x2</size>
         <alignment>0x2</alignment>
         <input_file_ref idref="fl-38"/>
      </object_component>
      <object_component id="oc-85">
         <name>.text._ZN8SlidePot2InEv</name>
         <load_address>0xfbb0</load_address>
         <readonly>true</readonly>
         <executable>true</executable>
         <run_address>0xfbb0</run_address>
         <size>0x54</size>
         <alignment>0x4</alignment>
         <input_file_ref idref="fl-c"/>
      </object_component>
      <object_component id="oc-118">
         <name>.text:__TI_auto_init_nobinit</name>
         <load_address>0xfc04</load_address>
         <readonly>true</readonly>
         <executable>true</executable>
         <run_address>0xfc04</run_address>
         <size>0x54</size>
         <alignment>0x4</alignment>
         <input_file_ref idref="fl-47"/>
      </object_component>
      <object_component id="oc-126">
         <name>.text._ZN7MachineC2Ehhhhhh</name>
         <load_address>0xfc58</load_address>
         <readonly>true</readonly>
         <executable>true</executable>
         <run_address>0xfc58</run_address>
         <size>0x52</size>
         <alignment>0x2</alignment>
         <input_file_ref idref="fl-8"/>
      </object_component>
      <object_component id="oc-225">
         <name>.text.__TI_doflush</name>
         <load_address>0xfcaa</load_address>
         <readonly>true</readonly>
         <executable>true</executable>
         <run_address>0xfcaa</run_address>
         <size>0x52</size>
         <alignment>0x2</alignment>
         <input_file_ref idref="fl-43"/>
      </object_component>
      <object_component id="oc-22b">
         <name>.text.close</name>
         <load_address>0xfcfc</load_address>
         <readonly>true</readonly>
         <executable>true</executable>
         <run_address>0xfcfc</run_address>
         <size>0x50</size>
         <alignment>0x4</alignment>
         <input_file_ref idref="fl-ed"/>
      </object_component>
      <object_component id="oc-ef">
         <name>.text._ZN6Player8moveLeftEv</name>
         <load_address>0xfd4c</load_address>
         <readonly>true</readonly>
         <executable>true</executable>
         <run_address>0xfd4c</run_address>
         <size>0x4c</size>
         <alignment>0x2</alignment>
         <input_file_ref idref="fl-9"/>
      </object_component>
      <object_component id="oc-ea">
         <name>.text._ZN6Player9moveRightEv</name>
         <load_address>0xfd98</load_address>
         <readonly>true</readonly>
         <executable>true</executable>
         <run_address>0xfd98</run_address>
         <size>0x4c</size>
         <alignment>0x2</alignment>
         <input_file_ref idref="fl-9"/>
      </object_component>
      <object_component id="oc-203">
         <name>.text.HOSTclose</name>
         <load_address>0xfde4</load_address>
         <readonly>true</readonly>
         <executable>true</executable>
         <run_address>0xfde4</run_address>
         <size>0x48</size>
         <alignment>0x4</alignment>
         <input_file_ref idref="fl-f0"/>
      </object_component>
      <object_component id="oc-213">
         <name>.text.HOSTunlink</name>
         <load_address>0xfe2c</load_address>
         <readonly>true</readonly>
         <executable>true</executable>
         <run_address>0xfe2c</run_address>
         <size>0x48</size>
         <alignment>0x4</alignment>
         <input_file_ref idref="fl-f5"/>
      </object_component>
      <object_component id="oc-18a">
         <name>.text._Z13IRxmt_OutCharc</name>
         <load_address>0xfe74</load_address>
         <readonly>true</readonly>
         <executable>true</executable>
         <run_address>0xfe74</run_address>
         <size>0x48</size>
         <alignment>0x2</alignment>
         <input_file_ref idref="fl-4"/>
      </object_component>
      <object_component id="oc-177">
         <name>.text._Z14SPI_OutCommandc</name>
         <load_address>0xfebc</load_address>
         <readonly>true</readonly>
         <executable>true</executable>
         <run_address>0xfebc</run_address>
         <size>0x48</size>
         <alignment>0x4</alignment>
         <input_file_ref idref="fl-a"/>
      </object_component>
      <object_component id="oc-1eb">
         <name>.text._ZN5Queue3GetEPc</name>
         <load_address>0xff04</load_address>
         <readonly>true</readonly>
         <executable>true</executable>
         <run_address>0xff04</run_address>
         <size>0x48</size>
         <alignment>0x2</alignment>
         <input_file_ref idref="fl-3"/>
      </object_component>
      <object_component id="oc-78">
         <name>.text._ZN5Queue3PutEc</name>
         <load_address>0xff4c</load_address>
         <readonly>true</readonly>
         <executable>true</executable>
         <run_address>0xff4c</run_address>
         <size>0x48</size>
         <alignment>0x2</alignment>
         <input_file_ref idref="fl-3"/>
      </object_component>
      <object_component id="oc-43">
         <name>.text.TIMG7_IRQHandler</name>
         <load_address>0xff94</load_address>
         <readonly>true</readonly>
         <executable>true</executable>
         <run_address>0xff94</run_address>
         <size>0x40</size>
         <alignment>0x4</alignment>
         <input_file_ref idref="fl-10"/>
      </object_component>
      <object_component id="oc-23f">
         <name>.text._Z9SPI_Resetv</name>
         <load_address>0xffd4</load_address>
         <readonly>true</readonly>
         <executable>true</executable>
         <run_address>0xffd4</run_address>
         <size>0x40</size>
         <alignment>0x4</alignment>
         <input_file_ref idref="fl-a"/>
      </object_component>
      <object_component id="oc-168">
         <name>.text.__aeabi_uidivmod</name>
         <load_address>0x10014</load_address>
         <readonly>true</readonly>
         <executable>true</executable>
         <run_address>0x10014</run_address>
         <size>0x40</size>
         <alignment>0x4</alignment>
         <input_file_ref idref="fl-103"/>
      </object_component>
      <object_component id="oc-1c7">
         <name>.text._search_fp</name>
         <load_address>0x10054</load_address>
         <readonly>true</readonly>
         <executable>true</executable>
         <run_address>0x10054</run_address>
         <size>0x40</size>
         <alignment>0x4</alignment>
         <input_file_ref idref="fl-34"/>
      </object_component>
      <object_component id="oc-48">
         <name>.text.TIMG12_IRQHandler</name>
         <load_address>0x10094</load_address>
         <readonly>true</readonly>
         <executable>true</executable>
         <run_address>0x10094</run_address>
         <size>0x3c</size>
         <alignment>0x4</alignment>
         <input_file_ref idref="fl-6"/>
      </object_component>
      <object_component id="oc-de">
         <name>.text._Z10Sound_Initv</name>
         <load_address>0x100d0</load_address>
         <readonly>true</readonly>
         <executable>true</executable>
         <run_address>0x100d0</run_address>
         <size>0x3c</size>
         <alignment>0x4</alignment>
         <input_file_ref idref="fl-e"/>
      </object_component>
      <object_component id="oc-170">
         <name>.text._Z11SPI_OutDatac</name>
         <load_address>0x1010c</load_address>
         <readonly>true</readonly>
         <executable>true</executable>
         <run_address>0x1010c</run_address>
         <size>0x38</size>
         <alignment>0x4</alignment>
         <input_file_ref idref="fl-a"/>
      </object_component>
      <object_component id="oc-13d">
         <name>.text._Z15ActivatePortA_Bv</name>
         <load_address>0x10144</load_address>
         <readonly>true</readonly>
         <executable>true</executable>
         <run_address>0x10144</run_address>
         <size>0x38</size>
         <alignment>0x4</alignment>
         <input_file_ref idref="fl-7"/>
      </object_component>
      <object_component id="oc-153">
         <name>.text._Z12ST7735_writeiPKcj</name>
         <load_address>0x1017c</load_address>
         <readonly>true</readonly>
         <executable>true</executable>
         <run_address>0x1017c</run_address>
         <size>0x34</size>
         <alignment>0x2</alignment>
         <input_file_ref idref="fl-b"/>
      </object_component>
      <object_component id="oc-1f6">
         <name>.text._Z14Clock_Delay1msj</name>
         <load_address>0x101b0</load_address>
         <readonly>true</readonly>
         <executable>true</executable>
         <run_address>0x101b0</run_address>
         <size>0x34</size>
         <alignment>0x4</alignment>
         <input_file_ref idref="fl-1"/>
      </object_component>
      <object_component id="oc-1b3">
         <name>.text._Z16ST7735_SetCursorjj</name>
         <load_address>0x101e4</load_address>
         <readonly>true</readonly>
         <executable>true</executable>
         <run_address>0x101e4</run_address>
         <size>0x34</size>
         <alignment>0x4</alignment>
         <input_file_ref idref="fl-b"/>
      </object_component>
      <object_component id="oc-1d4">
         <name>.text.__TI_cleanup</name>
         <load_address>0x10218</load_address>
         <readonly>true</readonly>
         <executable>true</executable>
         <run_address>0x10218</run_address>
         <size>0x34</size>
         <alignment>0x4</alignment>
         <input_file_ref idref="fl-34"/>
      </object_component>
      <object_component id="oc-247">
         <name>.text.__TI_readmsg</name>
         <load_address>0x1024c</load_address>
         <readonly>true</readonly>
         <executable>true</executable>
         <run_address>0x1024c</run_address>
         <size>0x34</size>
         <alignment>0x4</alignment>
         <input_file_ref idref="fl-f7"/>
      </object_component>
      <object_component id="oc-241">
         <name>.text.__TI_writemsg</name>
         <load_address>0x10280</load_address>
         <readonly>true</readonly>
         <executable>true</executable>
         <run_address>0x10280</run_address>
         <size>0x34</size>
         <alignment>0x4</alignment>
         <input_file_ref idref="fl-f7"/>
      </object_component>
      <object_component id="oc-110">
         <name>.text.exit</name>
         <load_address>0x102b4</load_address>
         <readonly>true</readonly>
         <executable>true</executable>
         <run_address>0x102b4</run_address>
         <size>0x34</size>
         <alignment>0x4</alignment>
         <input_file_ref idref="fl-37"/>
      </object_component>
      <object_component id="oc-1bb">
         <name>.text.finddevice</name>
         <load_address>0x102e8</load_address>
         <readonly>true</readonly>
         <executable>true</executable>
         <run_address>0x102e8</run_address>
         <size>0x34</size>
         <alignment>0x4</alignment>
         <input_file_ref idref="fl-109"/>
      </object_component>
      <object_component id="oc-14b">
         <name>.text.freopen</name>
         <load_address>0x1031c</load_address>
         <readonly>true</readonly>
         <executable>true</executable>
         <run_address>0x1031c</run_address>
         <size>0x34</size>
         <alignment>0x4</alignment>
         <input_file_ref idref="fl-34"/>
      </object_component>
      <object_component id="oc-1b1">
         <name>.text._ZL10commonInitPKh</name>
         <load_address>0x10350</load_address>
         <readonly>true</readonly>
         <executable>true</executable>
         <run_address>0x10350</run_address>
         <size>0x30</size>
         <alignment>0x4</alignment>
         <input_file_ref idref="fl-b"/>
      </object_component>
      <object_component id="oc-145">
         <name>.text.fopen</name>
         <load_address>0x10380</load_address>
         <readonly>true</readonly>
         <executable>true</executable>
         <run_address>0x10380</run_address>
         <size>0x30</size>
         <alignment>0x4</alignment>
         <input_file_ref idref="fl-34"/>
      </object_component>
      <object_component id="oc-d5">
         <name>.text._Z17ST7735_FillScreent</name>
         <load_address>0x103b0</load_address>
         <readonly>true</readonly>
         <executable>true</executable>
         <run_address>0x103b0</run_address>
         <size>0x2c</size>
         <alignment>0x4</alignment>
         <input_file_ref idref="fl-b"/>
      </object_component>
      <object_component id="oc-26e">
         <name>.text.unlink</name>
         <load_address>0x103dc</load_address>
         <readonly>true</readonly>
         <executable>true</executable>
         <run_address>0x103dc</run_address>
         <size>0x2c</size>
         <alignment>0x4</alignment>
         <input_file_ref idref="fl-ef"/>
      </object_component>
      <object_component id="oc-d8">
         <name>.text._Z10IRxmt_Initv</name>
         <load_address>0x10408</load_address>
         <readonly>true</readonly>
         <executable>true</executable>
         <run_address>0x10408</run_address>
         <size>0x28</size>
         <alignment>0x4</alignment>
         <input_file_ref idref="fl-4"/>
      </object_component>
      <object_component id="oc-165">
         <name>.text._Z9ADC_StartP10ADC12_Regs</name>
         <load_address>0x10430</load_address>
         <readonly>true</readonly>
         <executable>true</executable>
         <run_address>0x10430</run_address>
         <size>0x28</size>
         <alignment>0x4</alignment>
         <input_file_ref idref="fl-10"/>
      </object_component>
      <object_component id="oc-238">
         <name>.text.free_list_insert</name>
         <load_address>0x10458</load_address>
         <readonly>true</readonly>
         <executable>true</executable>
         <run_address>0x10458</run_address>
         <size>0x28</size>
         <alignment>0x4</alignment>
         <input_file_ref idref="fl-3b"/>
      </object_component>
      <object_component id="oc-265">
         <name>.text.write</name>
         <load_address>0x10480</load_address>
         <readonly>true</readonly>
         <executable>true</executable>
         <run_address>0x10480</run_address>
         <size>0x28</size>
         <alignment>0x4</alignment>
         <input_file_ref idref="fl-e8"/>
      </object_component>
      <object_component id="oc-68">
         <name>.text:_c_int00_noargs</name>
         <load_address>0x104a8</load_address>
         <readonly>true</readonly>
         <executable>true</executable>
         <run_address>0x104a8</run_address>
         <size>0x28</size>
         <alignment>0x4</alignment>
         <input_file_ref idref="fl-3f"/>
      </object_component>
      <object_component id="oc-6f">
         <name>.text._GLOBAL__sub_I_Lab9HMain.cpp</name>
         <load_address>0x104d0</load_address>
         <readonly>true</readonly>
         <executable>true</executable>
         <run_address>0x104d0</run_address>
         <size>0x24</size>
         <alignment>0x2</alignment>
         <input_file_ref idref="fl-6"/>
      </object_component>
      <object_component id="oc-8a">
         <name>.text._ZN8SlidePot4SaveEj</name>
         <load_address>0x104f4</load_address>
         <readonly>true</readonly>
         <executable>true</executable>
         <run_address>0x104f4</run_address>
         <size>0x24</size>
         <alignment>0x4</alignment>
         <input_file_ref idref="fl-c"/>
      </object_component>
      <object_component id="oc-ae">
         <name>.text.__cxx_global_var_init.2</name>
         <load_address>0x10518</load_address>
         <readonly>true</readonly>
         <executable>true</executable>
         <run_address>0x10518</run_address>
         <size>0x24</size>
         <alignment>0x4</alignment>
         <input_file_ref idref="fl-6"/>
      </object_component>
      <object_component id="oc-af">
         <name>.text.__cxx_global_var_init.3</name>
         <load_address>0x1053c</load_address>
         <readonly>true</readonly>
         <executable>true</executable>
         <run_address>0x1053c</run_address>
         <size>0x24</size>
         <alignment>0x4</alignment>
         <input_file_ref idref="fl-6"/>
      </object_component>
      <object_component id="oc-b0">
         <name>.text.__cxx_global_var_init.4</name>
         <load_address>0x10560</load_address>
         <readonly>true</readonly>
         <executable>true</executable>
         <run_address>0x10560</run_address>
         <size>0x24</size>
         <alignment>0x4</alignment>
         <input_file_ref idref="fl-6"/>
      </object_component>
      <object_component id="oc-b1">
         <name>.text.__cxx_global_var_init.5</name>
         <load_address>0x10584</load_address>
         <readonly>true</readonly>
         <executable>true</executable>
         <run_address>0x10584</run_address>
         <size>0x24</size>
         <alignment>0x4</alignment>
         <input_file_ref idref="fl-6"/>
      </object_component>
      <object_component id="oc-b2">
         <name>.text.__cxx_global_var_init.6</name>
         <load_address>0x105a8</load_address>
         <readonly>true</readonly>
         <executable>true</executable>
         <run_address>0x105a8</run_address>
         <size>0x24</size>
         <alignment>0x4</alignment>
         <input_file_ref idref="fl-6"/>
      </object_component>
      <object_component id="oc-b3">
         <name>.text.__cxx_global_var_init.7</name>
         <load_address>0x105cc</load_address>
         <readonly>true</readonly>
         <executable>true</executable>
         <run_address>0x105cc</run_address>
         <size>0x24</size>
         <alignment>0x4</alignment>
         <input_file_ref idref="fl-6"/>
      </object_component>
      <object_component id="oc-b5">
         <name>.text._ZN5Queue6IsFullEv</name>
         <load_address>0x105f0</load_address>
         <readonly>true</readonly>
         <executable>true</executable>
         <run_address>0x105f0</run_address>
         <size>0x22</size>
         <alignment>0x2</alignment>
         <input_file_ref idref="fl-3"/>
      </object_component>
      <object_component id="oc-e7">
         <name>.text._ZN8SlidePot4SyncEv</name>
         <load_address>0x10612</load_address>
         <readonly>true</readonly>
         <executable>true</executable>
         <run_address>0x10612</run_address>
         <size>0x20</size>
         <alignment>0x2</alignment>
         <input_file_ref idref="fl-c"/>
      </object_component>
      <object_component id="oc-283">
         <name>.text._ZL9pushColort</name>
         <load_address>0x10632</load_address>
         <readonly>true</readonly>
         <executable>true</executable>
         <run_address>0x10632</run_address>
         <size>0x1e</size>
         <alignment>0x2</alignment>
         <input_file_ref idref="fl-b"/>
      </object_component>
      <object_component id="oc-37">
         <name>.text.Default_Handler</name>
         <load_address>0x10650</load_address>
         <readonly>true</readonly>
         <executable>true</executable>
         <run_address>0x10650</run_address>
         <size>0x1c</size>
         <alignment>0x4</alignment>
         <input_file_ref idref="fl-13"/>
      </object_component>
      <object_component id="oc-38">
         <name>.text.HardFault_Handler</name>
         <load_address>0x1066c</load_address>
         <readonly>true</readonly>
         <executable>true</executable>
         <run_address>0x1066c</run_address>
         <size>0x1c</size>
         <alignment>0x4</alignment>
         <input_file_ref idref="fl-13"/>
      </object_component>
      <object_component id="oc-18b">
         <name>.text._Z12UART2_InCharv</name>
         <load_address>0x10688</load_address>
         <readonly>true</readonly>
         <executable>true</executable>
         <run_address>0x10688</run_address>
         <size>0x1c</size>
         <alignment>0x4</alignment>
         <input_file_ref idref="fl-12"/>
      </object_component>
      <object_component id="oc-8b">
         <name>.text._Z9Switch_Inv</name>
         <load_address>0x106a4</load_address>
         <readonly>true</readonly>
         <executable>true</executable>
         <run_address>0x106a4</run_address>
         <size>0x1c</size>
         <alignment>0x4</alignment>
         <input_file_ref idref="fl-f"/>
      </object_component>
      <object_component id="oc-125">
         <name>.text._ZN6PlayerC2Ev</name>
         <load_address>0x106c0</load_address>
         <readonly>true</readonly>
         <executable>true</executable>
         <run_address>0x106c0</run_address>
         <size>0x1c</size>
         <alignment>0x2</alignment>
         <input_file_ref idref="fl-9"/>
      </object_component>
      <object_component id="oc-236">
         <name>.text.free_list_remove</name>
         <load_address>0x106dc</load_address>
         <readonly>true</readonly>
         <executable>true</executable>
         <run_address>0x106dc</run_address>
         <size>0x1c</size>
         <alignment>0x4</alignment>
         <input_file_ref idref="fl-3b"/>
      </object_component>
      <object_component id="oc-d7">
         <name>.text._Z11Switch_Initv</name>
         <load_address>0x106f8</load_address>
         <readonly>true</readonly>
         <executable>true</executable>
         <run_address>0x106f8</run_address>
         <size>0x18</size>
         <alignment>0x4</alignment>
         <input_file_ref idref="fl-f"/>
      </object_component>
      <object_component id="oc-156">
         <name>.text._Z11ST7735_openPKcji</name>
         <load_address>0x10710</load_address>
         <readonly>true</readonly>
         <executable>true</executable>
         <run_address>0x10710</run_address>
         <size>0x16</size>
         <alignment>0x2</alignment>
         <input_file_ref idref="fl-b"/>
      </object_component>
      <object_component id="oc-154">
         <name>.text._Z11ST7735_readiPcj</name>
         <load_address>0x10726</load_address>
         <readonly>true</readonly>
         <executable>true</executable>
         <run_address>0x10726</run_address>
         <size>0x16</size>
         <alignment>0x2</alignment>
         <input_file_ref idref="fl-b"/>
      </object_component>
      <object_component id="oc-5f">
         <name>.text:decompress:ZI:__TI_zero_init_nomemset</name>
         <load_address>0x1073c</load_address>
         <readonly>true</readonly>
         <executable>true</executable>
         <run_address>0x1073c</run_address>
         <size>0x16</size>
         <alignment>0x2</alignment>
         <input_file_ref idref="fl-3c"/>
      </object_component>
      <object_component id="oc-23e">
         <name>.text._ZN5Queue7IsEmptyEv</name>
         <load_address>0x10752</load_address>
         <readonly>true</readonly>
         <executable>true</executable>
         <run_address>0x10752</run_address>
         <size>0x14</size>
         <alignment>0x2</alignment>
         <input_file_ref idref="fl-3"/>
      </object_component>
      <object_component id="oc-fe">
         <name>.text._ZN6Player13setPossessionEh</name>
         <load_address>0x10766</load_address>
         <readonly>true</readonly>
         <executable>true</executable>
         <run_address>0x10766</run_address>
         <size>0x12</size>
         <alignment>0x2</alignment>
         <input_file_ref idref="fl-9"/>
      </object_component>
      <object_component id="oc-c0">
         <name>.text:TI_memcpy_small</name>
         <load_address>0x10778</load_address>
         <readonly>true</readonly>
         <executable>true</executable>
         <run_address>0x10778</run_address>
         <size>0x12</size>
         <alignment>0x1</alignment>
         <input_file_ref idref="fl-10a"/>
      </object_component>
      <object_component id="oc-20">
         <name>.text:decompress:none</name>
         <load_address>0x1078a</load_address>
         <readonly>true</readonly>
         <executable>true</executable>
         <run_address>0x1078a</run_address>
         <size>0x12</size>
         <alignment>0x2</alignment>
         <input_file_ref idref="fl-3d"/>
      </object_component>
      <object_component id="oc-161">
         <name>.text._Z11Clock_Delayj</name>
         <load_address>0x1079c</load_address>
         <readonly>true</readonly>
         <executable>true</executable>
         <run_address>0x1079c</run_address>
         <size>0x10</size>
         <alignment>0x2</alignment>
         <input_file_ref idref="fl-1"/>
      </object_component>
      <object_component id="oc-102">
         <name>.text._Z28TExaS_LaunchPadLogicPB27PB26v</name>
         <load_address>0x107ac</load_address>
         <readonly>true</readonly>
         <executable>true</executable>
         <run_address>0x107ac</run_address>
         <size>0x10</size>
         <alignment>0x4</alignment>
         <input_file_ref idref="fl-6"/>
      </object_component>
      <object_component id="oc-12a">
         <name>.text._ZN5QueueC2Ev</name>
         <load_address>0x107bc</load_address>
         <readonly>true</readonly>
         <executable>true</executable>
         <run_address>0x107bc</run_address>
         <size>0x10</size>
         <alignment>0x2</alignment>
         <input_file_ref idref="fl-3"/>
      </object_component>
      <object_component id="oc-ad">
         <name>.text.__cxx_global_var_init.1</name>
         <load_address>0x107cc</load_address>
         <readonly>true</readonly>
         <executable>true</executable>
         <run_address>0x107cc</run_address>
         <size>0x10</size>
         <alignment>0x4</alignment>
         <input_file_ref idref="fl-6"/>
      </object_component>
      <object_component id="oc-ac">
         <name>.text.__cxx_global_var_init</name>
         <load_address>0x107dc</load_address>
         <readonly>true</readonly>
         <executable>true</executable>
         <run_address>0x107dc</run_address>
         <size>0x10</size>
         <alignment>0x4</alignment>
         <input_file_ref idref="fl-6"/>
      </object_component>
      <object_component id="oc-b4">
         <name>.text.__cxx_global_var_init</name>
         <load_address>0x107ec</load_address>
         <readonly>true</readonly>
         <executable>true</executable>
         <run_address>0x107ec</run_address>
         <size>0x10</size>
         <alignment>0x4</alignment>
         <input_file_ref idref="fl-12"/>
      </object_component>
      <object_component id="oc-237">
         <name>.text.OUTLINED_FUNCTION_0</name>
         <load_address>0x107fc</load_address>
         <readonly>true</readonly>
         <executable>true</executable>
         <run_address>0x107fc</run_address>
         <size>0xe</size>
         <alignment>0x2</alignment>
         <input_file_ref idref="fl-3b"/>
      </object_component>
      <object_component id="oc-152">
         <name>.text._Z12ST7735_lseekili</name>
         <load_address>0x1080a</load_address>
         <readonly>true</readonly>
         <executable>true</executable>
         <run_address>0x1080a</run_address>
         <size>0xe</size>
         <alignment>0x2</alignment>
         <input_file_ref idref="fl-b"/>
      </object_component>
      <object_component id="oc-f2">
         <name>.text._ZN6Player7getXPosEv</name>
         <load_address>0x10818</load_address>
         <readonly>true</readonly>
         <executable>true</executable>
         <run_address>0x10818</run_address>
         <size>0xe</size>
         <alignment>0x2</alignment>
         <input_file_ref idref="fl-9"/>
      </object_component>
      <object_component id="oc-f3">
         <name>.text._ZN6Player7getYPosEv</name>
         <load_address>0x10826</load_address>
         <readonly>true</readonly>
         <executable>true</executable>
         <run_address>0x10826</run_address>
         <size>0xe</size>
         <alignment>0x2</alignment>
         <input_file_ref idref="fl-9"/>
      </object_component>
      <object_component id="oc-124">
         <name>.text._ZN8SlidePotC2Ev</name>
         <load_address>0x10834</load_address>
         <readonly>true</readonly>
         <executable>true</executable>
         <run_address>0x10834</run_address>
         <size>0xe</size>
         <alignment>0x2</alignment>
         <input_file_ref idref="fl-c"/>
      </object_component>
      <object_component id="oc-25b">
         <name>.text.strcpy</name>
         <load_address>0x10842</load_address>
         <readonly>true</readonly>
         <executable>true</executable>
         <run_address>0x10842</run_address>
         <size>0xe</size>
         <alignment>0x2</alignment>
         <input_file_ref idref="fl-f4"/>
      </object_component>
      <object_component id="oc-25c">
         <name>.text.strlen</name>
         <load_address>0x10850</load_address>
         <readonly>true</readonly>
         <executable>true</executable>
         <run_address>0x10850</run_address>
         <size>0xe</size>
         <alignment>0x2</alignment>
         <input_file_ref idref="fl-f4"/>
      </object_component>
      <object_component id="oc-132">
         <name>.text:TI_memset_small</name>
         <load_address>0x1085e</load_address>
         <readonly>true</readonly>
         <executable>true</executable>
         <run_address>0x1085e</run_address>
         <size>0xe</size>
         <alignment>0x1</alignment>
         <input_file_ref idref="fl-10b"/>
      </object_component>
      <object_component id="oc-150">
         <name>.text._Z13ST7735_renamePKcS0_</name>
         <load_address>0x1086c</load_address>
         <readonly>true</readonly>
         <executable>true</executable>
         <run_address>0x1086c</run_address>
         <size>0xc</size>
         <alignment>0x2</alignment>
         <input_file_ref idref="fl-b"/>
      </object_component>
      <object_component id="oc-23d">
         <name>.text._Z5Delayj</name>
         <load_address>0x10878</load_address>
         <readonly>true</readonly>
         <executable>true</executable>
         <run_address>0x10878</run_address>
         <size>0xc</size>
         <alignment>0x2</alignment>
         <input_file_ref idref="fl-4"/>
      </object_component>
      <object_component id="oc-f4">
         <name>.text._ZN6Player7getSizeEv</name>
         <load_address>0x10884</load_address>
         <readonly>true</readonly>
         <executable>true</executable>
         <run_address>0x10884</run_address>
         <size>0xc</size>
         <alignment>0x2</alignment>
         <input_file_ref idref="fl-9"/>
      </object_component>
      <object_component id="oc-e9">
         <name>.text._ZN8SlidePot9DistanceXEv</name>
         <load_address>0x10890</load_address>
         <readonly>true</readonly>
         <executable>true</executable>
         <run_address>0x10890</run_address>
         <size>0xc</size>
         <alignment>0x2</alignment>
         <input_file_ref idref="fl-c"/>
      </object_component>
      <object_component id="oc-e8">
         <name>.text._ZN8SlidePot9DistanceYEv</name>
         <load_address>0x1089c</load_address>
         <readonly>true</readonly>
         <executable>true</executable>
         <run_address>0x1089c</run_address>
         <size>0xc</size>
         <alignment>0x2</alignment>
         <input_file_ref idref="fl-c"/>
      </object_component>
      <object_component id="oc-98">
         <name>.text.__aeabi_memclr</name>
         <load_address>0x108a8</load_address>
         <readonly>true</readonly>
         <executable>true</executable>
         <run_address>0x108a8</run_address>
         <size>0xc</size>
         <alignment>0x4</alignment>
         <input_file_ref idref="fl-102"/>
      </object_component>
      <object_component id="oc-1d3">
         <name>.text.malloc</name>
         <load_address>0x108b4</load_address>
         <readonly>true</readonly>
         <executable>true</executable>
         <run_address>0x108b4</run_address>
         <size>0xc</size>
         <alignment>0x2</alignment>
         <input_file_ref idref="fl-3b"/>
      </object_component>
      <object_component id="oc-157">
         <name>.text._Z12ST7735_closei</name>
         <load_address>0x108c0</load_address>
         <readonly>true</readonly>
         <executable>true</executable>
         <run_address>0x108c0</run_address>
         <size>0xa</size>
         <alignment>0x2</alignment>
         <input_file_ref idref="fl-b"/>
      </object_component>
      <object_component id="oc-151">
         <name>.text._Z13ST7735_unlinkPKc</name>
         <load_address>0x108ca</load_address>
         <readonly>true</readonly>
         <executable>true</executable>
         <run_address>0x108ca</run_address>
         <size>0xa</size>
         <alignment>0x2</alignment>
         <input_file_ref idref="fl-b"/>
      </object_component>
      <object_component id="oc-ca">
         <name>.text._Z8PLL_Initv</name>
         <load_address>0x108d4</load_address>
         <readonly>true</readonly>
         <executable>true</executable>
         <run_address>0x108d4</run_address>
         <size>0xa</size>
         <alignment>0x2</alignment>
         <input_file_ref idref="fl-6"/>
      </object_component>
      <object_component id="oc-70">
         <name>.text._GLOBAL__sub_I_UART2.cpp</name>
         <load_address>0x108de</load_address>
         <readonly>true</readonly>
         <executable>true</executable>
[...]
         <name>_ZN8SlidePot4SaveEj</name>
         <value>0x104f5</value>
         <object_component_ref idref="oc-8a"/>
      </symbol>
      <symbol id="sm-21e">
         <name>_ZN8SlidePot4SyncEv</name>
         <value>0x10613</value>
         <object_component_ref idref="oc-e7"/>
      </symbol>
      <symbol id="sm-21f">
         <name>_ZN8SlidePot9DistanceXEv</name>
         <value>0x10891</value>
         <object_component_ref idref="oc-e9"/>
      </symbol>
      <symbol id="sm-220">
         <name>_ZN8SlidePot9DistanceYEv</name>
         <value>0x1089d</value>
         <object_component_ref idref="oc-e8"/>
      </symbol>
      <symbol id="sm-221">
         <name>_ZN8SlidePotC1Ev</name>
         <value>0x10835</value>
         <object_component_ref idref="oc-124"/>
      </symbol>
      <symbol id="sm-22e">
         <name>_Z10Sound_Initv</name>
         <value>0x100d1</value>
         <object_component_ref idref="oc-de"/>
      </symbol>
      <symbol id="sm-22f">
         <name>SysTick_Handler</name>
         <value>0xee53</value>
         <object_component_ref idref="oc-39"/>
      </symbol>
      <symbol id="sm-23c">
         <name>_Z11Switch_Initv</name>
         <value>0x106f9</value>
         <object_component_ref idref="oc-d7"/>
      </symbol>
      <symbol id="sm-23d">
         <name>_Z9Switch_Inv</name>
         <value>0x106a5</value>
         <object_component_ref idref="oc-8b"/>
      </symbol>
      <symbol id="sm-253">
         <name>_Z8ADC_InitP10ADC12_Regsjj</name>
         <value>0xdf75</value>
         <object_component_ref idref="oc-164"/>
      </symbol>
      <symbol id="sm-254">
         <name>_Z9ADC_StartP10ADC12_Regs</name>
         <value>0x10431</value>
         <object_component_ref idref="oc-165"/>
      </symbol>
      <symbol id="sm-255">
         <name>_Z9UART_Initv</name>
         <value>0xe6a9</value>
         <object_component_ref idref="oc-166"/>
      </symbol>
      <symbol id="sm-256">
         <name>TIMG7_IRQHandler</name>
         <value>0xff95</value>
         <object_component_ref idref="oc-43"/>
      </symbol>
      <symbol id="sm-257">
         <name>TExaSadc</name>
         <value>0x202006d0</value>
         <object_component_ref idref="oc-81"/>
      </symbol>
      <symbol id="sm-258">
         <name>TExaSLogic</name>
         <value>0x202006cc</value>
         <object_component_ref idref="oc-82"/>
      </symbol>
      <symbol id="sm-259">
         <name>_Z10TExaS_InitP10ADC12_RegsjPFhvE</name>
         <value>0xfb01</value>
         <object_component_ref idref="oc-df"/>
      </symbol>
      <symbol id="sm-266">
         <name>_Z14TimerG7_IntArmtjj</name>
         <value>0xec65</value>
         <object_component_ref idref="oc-16c"/>
      </symbol>
      <symbol id="sm-267">
         <name>_Z15TimerG12_IntArmjj</name>
         <value>0xf15d</value>
         <object_component_ref idref="oc-e0"/>
      </symbol>
      <symbol id="sm-27e">
         <name>FIFO2</name>
         <value>0x20200240</value>
         <object_component_ref idref="oc-7d"/>
      </symbol>
      <symbol id="sm-27f">
         <name>_Z10UART2_Initv</name>
         <value>0xe959</value>
         <object_component_ref idref="oc-dd"/>
      </symbol>
      <symbol id="sm-280">
         <name>LostData</name>
         <value>0x202006c8</value>
         <object_component_ref idref="oc-7e"/>
      </symbol>
      <symbol id="sm-281">
         <name>_Z12UART2_InCharv</name>
         <value>0x10689</value>
         <object_component_ref idref="oc-18b"/>
      </symbol>
      <symbol id="sm-282">
         <name>UART2_IRQHandler</name>
         <value>0xf68d</value>
         <object_component_ref idref="oc-3e"/>
      </symbol>
      <symbol id="sm-293">
         <name>Default_Handler</name>
         <value>0x10651</value>
         <object_component_ref idref="oc-37"/>
      </symbol>
      <symbol id="sm-294">
         <name>Reset_Handler</name>
         <value>0x108f9</value>
         <object_component_ref idref="oc-33"/>
      </symbol>
      <symbol id="sm-295">
         <name>HardFault_Handler</name>
         <value>0x1066d</value>
         <object_component_ref idref="oc-38"/>
      </symbol>
      <symbol id="sm-296">
         <name>interruptVectors</name>
         <value>0x0</value>
         <object_component_ref idref="oc-18"/>
      </symbol>
      <symbol id="sm-297">
         <name>NMI_Handler</name>
         <value>0x10651</value>
         <object_component_ref idref="oc-37"/>
      </symbol>
      <symbol id="sm-298">
         <name>SVC_Handler</name>
         <value>0x10651</value>
         <object_component_ref idref="oc-37"/>
      </symbol>
      <symbol id="sm-299">
         <name>PendSV_Handler</name>
         <value>0x10651</value>
         <object_component_ref idref="oc-37"/>
      </symbol>
      <symbol id="sm-29a">
         <name>GROUP0_IRQHandler</name>
         <value>0x10651</value>
         <object_component_ref idref="oc-37"/>
      </symbol>
      <symbol id="sm-29b">
         <name>GROUP1_IRQHandler</name>
         <value>0x10651</value>
         <object_component_ref idref="oc-37"/>
      </symbol>
      <symbol id="sm-29c">
         <name>TIMG8_IRQHandler</name>
         <value>0x10651</value>
         <object_component_ref idref="oc-37"/>
      </symbol>
      <symbol id="sm-29d">
         <name>UART3_IRQHandler</name>
         <value>0x10651</value>
         <object_component_ref idref="oc-37"/>
      </symbol>
      <symbol id="sm-29e">
         <name>ADC0_IRQHandler</name>
         <value>0x10651</value>
         <object_component_ref idref="oc-37"/>
      </symbol>
      <symbol id="sm-29f">
         <name>ADC1_IRQHandler</name>
         <value>0x10651</value>
         <object_component_ref idref="oc-37"/>
      </symbol>
      <symbol id="sm-2a0">
         <name>CANFD0_IRQHandler</name>
         <value>0x10651</value>
         <object_component_ref idref="oc-37"/>
      </symbol>
      <symbol id="sm-2a1">
         <name>DAC0_IRQHandler</name>
         <value>0x10651</value>
         <object_component_ref idref="oc-37"/>
      </symbol>
      <symbol id="sm-2a2">
         <name>SPI0_IRQHandler</name>
         <value>0x10651</value>
         <object_component_ref idref="oc-37"/>
      </symbol>
      <symbol id="sm-2a3">
         <name>SPI1_IRQHandler</name>
         <value>0x10651</value>
         <object_component_ref idref="oc-37"/>
      </symbol>
      <symbol id="sm-2a4">
         <name>UART1_IRQHandler</name>
         <value>0x10651</value>
         <object_component_ref idref="oc-37"/>
      </symbol>
      <symbol id="sm-2a5">
         <name>UART0_IRQHandler</name>
         <value>0x10651</value>
         <object_component_ref idref="oc-37"/>
      </symbol>
      <symbol id="sm-2a6">
         <name>TIMG0_IRQHandler</name>
         <value>0x10651</value>
         <object_component_ref idref="oc-37"/>
      </symbol>
      <symbol id="sm-2a7">
         <name>TIMG6_IRQHandler</name>
         <value>0x10651</value>
         <object_component_ref idref="oc-37"/>
      </symbol>
      <symbol id="sm-2a8">
         <name>TIMA0_IRQHandler</name>
         <value>0x10651</value>
         <object_component_ref idref="oc-37"/>
      </symbol>
      <symbol id="sm-2a9">
         <name>TIMA1_IRQHandler</name>
         <value>0x10651</value>
         <object_component_ref idref="oc-37"/>
      </symbol>
      <symbol id="sm-2aa">
         <name>I2C0_IRQHandler</name>
         <value>0x10651</value>
         <object_component_ref idref="oc-37"/>
      </symbol>
      <symbol id="sm-2ab">
         <name>I2C1_IRQHandler</name>
         <value>0x10651</value>
         <object_component_ref idref="oc-37"/>
      </symbol>
      <symbol id="sm-2ac">
         <name>AES_IRQHandler</name>
         <value>0x10651</value>
         <object_component_ref idref="oc-37"/>
      </symbol>
      <symbol id="sm-2ad">
         <name>RTC_IRQHandler</name>
         <value>0x10651</value>
         <object_component_ref idref="oc-37"/>
      </symbol>
      <symbol id="sm-2ae">
         <name>DMA_IRQHandler</name>
         <value>0x10651</value>
         <object_component_ref idref="oc-37"/>
      </symbol>
      <symbol id="sm-2af">
         <name>__TI_ATRegion0_src_addr</name>
         <value>0x0</value>
      </symbol>
      <symbol id="sm-2b0">
         <name>__TI_ATRegion0_trg_addr</name>
         <value>0x0</value>
      </symbol>
      <symbol id="sm-2b1">
         <name>__TI_ATRegion0_region_sz</name>
         <value>0x0</value>
      </symbol>
      <symbol id="sm-2b2">
         <name>__TI_ATRegion1_src_addr</name>
         <value>0x0</value>
      </symbol>
      <symbol id="sm-2b3">
         <name>__TI_ATRegion1_trg_addr</name>
         <value>0x0</value>
      </symbol>
      <symbol id="sm-2b4">
         <name>__TI_ATRegion1_region_sz</name>
         <value>0x0</value>
      </symbol>
      <symbol id="sm-2b5">
         <name>__TI_ATRegion2_src_addr</name>
         <value>0x0</value>
      </symbol>
      <symbol id="sm-2b6">
         <name>__TI_ATRegion2_trg_addr</name>
         <value>0x0</value>
      </symbol>
      <symbol id="sm-2b7">
         <name>__TI_ATRegion2_region_sz</name>
         <value>0x0</value>
      </symbol>
      <symbol id="sm-2d0">
         <name>fopen</name>
         <value>0x10381</value>
         <object_component_ref idref="oc-145"/>
      </symbol>
      <symbol id="sm-2d1">
         <name>__TI_cleanup</name>
         <value>0x10219</value>
         <object_component_ref idref="oc-1d4"/>
      </symbol>
      <symbol id="sm-2d2">
         <name>freopen</name>
         <value>0x1031d</value>
         <object_component_ref idref="oc-14b"/>
      </symbol>
      <symbol id="sm-2dc">
         <name>setvbuf</name>
         <value>0xe879</value>
         <object_component_ref idref="oc-14c"/>
      </symbol>
      <symbol id="sm-2eb">
         <name>abort</name>
         <value>0x10901</value>
         <object_component_ref idref="oc-10b"/>
      </symbol>
      <symbol id="sm-2ec">
         <name>C$$EXIT</name>
         <value>0x10900</value>
         <object_component_ref idref="oc-10b"/>
      </symbol>
      <symbol id="sm-2ed">
         <name>__TI_cleanup_ptr</name>
         <value>0x202002b4</value>
         <object_component_ref idref="oc-1a2"/>
      </symbol>
      <symbol id="sm-2ee">
         <name>__TI_dtors_ptr</name>
         <value>0x202002b8</value>
         <object_component_ref idref="oc-1a2"/>
      </symbol>
      <symbol id="sm-2ef">
         <name>exit</name>
         <value>0x102b5</value>
         <object_component_ref idref="oc-110"/>
      </symbol>
      <symbol id="sm-2f8">
         <name>_nop</name>
         <value>0xfbaf</value>
         <object_component_ref idref="oc-1ec"/>
      </symbol>
      <symbol id="sm-2f9">
         <name>_lock</name>
         <value>0x202002d8</value>
         <object_component_ref idref="oc-1a0"/>
      </symbol>
      <symbol id="sm-2fa">
         <name>_unlock</name>
         <value>0x202002dc</value>
         <object_component_ref idref="oc-1a3"/>
      </symbol>
      <symbol id="sm-300">
         <name>_ftable</name>
         <value>0x20200000</value>
         <object_component_ref idref="oc-15a"/>
      </symbol>
      <symbol id="sm-301">
         <name>__TI_ft_end</name>
         <value>0x202002d4</value>
         <object_component_ref idref="oc-220"/>
      </symbol>
      <symbol id="sm-302">
         <name>__TI_tmpnams</name>
         <value>0x20200618</value>
         <object_component_ref idref="oc-233"/>
      </symbol>
      <symbol id="sm-325">
         <name>malloc</name>
         <value>0x108b5</value>
         <object_component_ref idref="oc-1d3"/>
      </symbol>
      <symbol id="sm-326">
         <name>aligned_alloc</name>
         <value>0xe1b5</value>
         <object_component_ref idref="oc-239"/>
      </symbol>
      <symbol id="sm-327">
         <name>free</name>
         <value>0xe791</value>
         <object_component_ref idref="oc-1d1"/>
      </symbol>
      <symbol id="sm-328">
         <name>_sys_memory</name>
         <value>0x202002f8</value>
         <object_component_ref idref="oc-31"/>
      </symbol>
      <symbol id="sm-329">
         <name>memalign</name>
         <value>0xe1b5</value>
         <object_component_ref idref="oc-239"/>
      </symbol>
      <symbol id="sm-333">
         <name>__TI_zero_init_nomemset</name>
         <value>0x1073d</value>
         <object_component_ref idref="oc-5f"/>
      </symbol>
      <symbol id="sm-33c">
         <name>__TI_decompress_none</name>
         <value>0x1078b</value>
         <object_component_ref idref="oc-20"/>
      </symbol>
      <symbol id="sm-347">
         <name>__TI_decompress_lzss</name>
         <value>0xf611</value>
         <object_component_ref idref="oc-1c"/>
      </symbol>
      <symbol id="sm-352">
         <name>_c_int00_noargs</name>
         <value>0x104a9</value>
         <object_component_ref idref="oc-68"/>
      </symbol>
      <symbol id="sm-353">
         <name>__stack</name>
         <value>0x20207e00</value>
         <object_component_ref idref="oc-1a"/>
      </symbol>
      <symbol id="sm-360">
         <name>__TI_closefile</name>
         <value>0xf595</value>
         <object_component_ref idref="oc-1cb"/>
      </symbol>
      <symbol id="sm-36a">
         <name>__TI_doflush</name>
         <value>0xfcab</value>
         <object_component_ref idref="oc-225"/>
      </symbol>
      <symbol id="sm-378">
         <name>__TI_auto_init_nobinit</name>
         <value>0xfc05</value>
         <object_component_ref idref="oc-118"/>
      </symbol>
      <symbol id="sm-380">
         <name>_system_pre_init</name>
         <value>0x108fd</value>
         <object_component_ref idref="oc-9d"/>
      </symbol>
      <symbol id="sm-393">
         <name>write</name>
         <value>0x10481</value>
         <object_component_ref idref="oc-265"/>
      </symbol>
      <symbol id="sm-398">
         <name>_device</name>
         <value>0x20200178</value>
         <object_component_ref idref="oc-1c2"/>
      </symbol>
      <symbol id="sm-399">
         <name>_stream</name>
         <value>0x202001f0</value>
         <object_component_ref idref="oc-261"/>
      </symbol>
      <symbol id="sm-3a2">
         <name>remove</name>
         <value>0x108f1</value>
         <object_component_ref idref="oc-22f"/>
      </symbol>
      <symbol id="sm-3ae">
         <name>open</name>
         <value>0xee55</value>
         <object_component_ref idref="oc-221"/>
      </symbol>
      <symbol id="sm-3b9">
         <name>close</name>
         <value>0xfcfd</value>
         <object_component_ref idref="oc-22b"/>
      </symbol>
      <symbol id="sm-3c5">
         <name>add_device</name>
         <value>0xe5bd</value>
         <object_component_ref idref="oc-141"/>
      </symbol>
      <symbol id="sm-3cf">
         <name>unlink</name>
         <value>0x103dd</value>
         <object_component_ref idref="oc-26e"/>
      </symbol>
      <symbol id="sm-3d9">
         <name>HOSTclose</name>
         <value>0xfde5</value>
         <object_component_ref idref="oc-203"/>
      </symbol>
      <symbol id="sm-3e3">
         <name>HOSTlseek</name>
         <value>0xf7e5</value>
         <object_component_ref idref="oc-20f"/>
      </symbol>
      <symbol id="sm-3ed">
         <name>HOSTopen</name>
         <value>0xf9f1</value>
         <object_component_ref idref="oc-1ff"/>
      </symbol>
      <symbol id="sm-3ee">
         <name>parmbuf</name>
         <value>0x202006b8</value>
         <object_component_ref idref="oc-248"/>
      </symbol>
      <symbol id="sm-3f8">
         <name>HOSTread</name>
         <value>0xfa51</value>
         <object_component_ref idref="oc-207"/>
      </symbol>
      <symbol id="sm-409">
         <name>HOSTrename</name>
         <value>0xf851</value>
         <object_component_ref idref="oc-217"/>
      </symbol>
      <symbol id="sm-413">
         <name>HOSTunlink</name>
         <value>0xfe2d</value>
         <object_component_ref idref="oc-213"/>
      </symbol>
      <symbol id="sm-41d">
         <name>HOSTwrite</name>
         <value>0xfaa9</value>
         <object_component_ref idref="oc-20b"/>
      </symbol>
      <symbol id="sm-42b">
         <name>C$$IO$$</name>
         <value>0x102ad</value>
         <object_component_ref idref="oc-241"/>
      </symbol>
      <symbol id="sm-42c">
         <name>__TI_writemsg</name>
         <value>0x10281</value>
         <object_component_ref idref="oc-241"/>
      </symbol>
      <symbol id="sm-42d">
         <name>__CIOBUF_</name>
         <value>0x202004f8</value>
         <object_component_ref idref="oc-27a"/>
      </symbol>
      <symbol id="sm-42e">
         <name>__TI_readmsg</name>
         <value>0x1024d</value>
         <object_component_ref idref="oc-247"/>
      </symbol>
      <symbol id="sm-42f">
         <name>_CIOBUF_</name>
         <value>0x202004f8</value>
         <object_component_ref idref="oc-27a"/>
      </symbol>
      <symbol id="sm-435">
         <name>__aeabi_idiv</name>
         <value>0xfb59</value>
         <object_component_ref idref="oc-b6"/>
      </symbol>
      <symbol id="sm-436">
         <name>__aeabi_idivmod</name>
         <value>0xfb59</value>
         <object_component_ref idref="oc-b6"/>
      </symbol>
      <symbol id="sm-43c">
         <name>__aeabi_memcpy</name>
         <value>0x108e9</value>
         <object_component_ref idref="oc-58"/>
      </symbol>
      <symbol id="sm-43d">
         <name>__aeabi_memcpy4</name>
         <value>0x108e9</value>
         <object_component_ref idref="oc-58"/>
      </symbol>
      <symbol id="sm-43e">
         <name>__aeabi_memcpy8</name>
         <value>0x108e9</value>
         <object_component_ref idref="oc-58"/>
      </symbol>
      <symbol id="sm-445">
         <name>__aeabi_memclr</name>
         <value>0x108a9</value>
         <object_component_ref idref="oc-98"/>
      </symbol>
      <symbol id="sm-446">
         <name>__aeabi_memclr4</name>
         <value>0x108a9</value>
         <object_component_ref idref="oc-98"/>
      </symbol>
      <symbol id="sm-447">
         <name>__aeabi_memclr8</name>
         <value>0x108a9</value>
         <object_component_ref idref="oc-98"/>
      </symbol>
      <symbol id="sm-44d">
         <name>__aeabi_uidiv</name>
         <value>0x10015</value>
         <object_component_ref idref="oc-168"/>
      </symbol>
      <symbol id="sm-44e">
         <name>__aeabi_uidivmod</name>
         <value>0x10015</value>
         <object_component_ref idref="oc-168"/>
      </symbol>
      <symbol id="sm-459">
         <name>__aeabi_idiv0</name>
         <value>0xf15b</value>
         <object_component_ref idref="oc-12b"/>
      </symbol>
      <symbol id="sm-467">
         <name>finddevice</name>
         <value>0x102e9</value>
         <object_component_ref idref="oc-1bb"/>
      </symbol>
      <symbol id="sm-468">
         <name>getdevice</name>
         <value>0xf8bd</value>
         <object_component_ref idref="oc-25f"/>
      </symbol>
      <symbol id="sm-471">
         <name>TI_memcpy_small</name>
         <value>0x10779</value>
         <object_component_ref idref="oc-c0"/>
      </symbol>
      <symbol id="sm-47a">
         <name>TI_memset_small</name>
         <value>0x1085f</value>
         <object_component_ref idref="oc-132"/>
      </symbol>
      <symbol id="sm-482">
         <name>strcmp</name>
         <value>0xf311</value>
         <object_component_ref idref="oc-1f9"/>
      </symbol>
      <symbol id="sm-483">
         <name>__TI_static_base__</name>
         <value>0x0</value>
      </symbol>
      <symbol id="sm-486">
         <name>__mpu_init</name>
         <value>0x0</value>
      </symbol>
      <symbol id="sm-487">
         <name>_system_post_cinit</name>
         <value>0x0</value>
      </symbol>
   </symbol_table>
   <title>Link successful</title>
</link_info>
