******************************************************************************
            TI ARM Clang Linker PC v4.0.1                      
******************************************************************************
>> Linked Thu Apr 17 18:40:00 2025

OUTPUT FILE NAME:   <MadMines.out>
ENTRY POINT SYMBOL: "_c_int00_noargs"  address: 00015d99


MEMORY CONFIGURATION

         name            origin    length      used     unused   attr    fill
----------------------  --------  ---------  --------  --------  ----  --------
  FLASH                 00000000   00020000  00016328  00009cd8  R  X
  SRAM                  20200000   00008000  0000096c  00007694  RW X
  BCR_CONFIG            41c00000   00000080  00000000  00000080  R   
  BSL_CONFIG            41c00100   00000080  00000000  00000080  R   


SEGMENT ALLOCATION MAP

run origin  load origin   length   init length attrs members
----------  ----------- ---------- ----------- ----- -------
00000000    00000000    00016328   00016328    r-x
  00000000    00000000    000000c0   000000c0    r-- .intvecs
  000000c0    000000c0    000113e8   000113e8    r-- .rodata
  000114a8    000114a8    00000008   00000008    r-- .init_array
  000114b0    000114b0    00004d70   00004d70    r-x .text
  00016220    00016220    00000108   00000108    r-- .cinit
20200000    20200000    00000773   00000000    rw-
  20200000    20200000    00000389   00000000    rw- .data
  20200390    20200390    00000200   00000000    rw- .sysmem
  20200590    20200590    000001e3   00000000    rw- .bss
20207e00    20207e00    00000200   00000000    rw-
  20207e00    20207e00    00000200   00000000    rw- .stack


SECTION ALLOCATION MAP

 output                                  attributes/
section   page    origin      length       input sections
--------  ----  ----------  ----------   ----------------
.intvecs   0    00000000    000000c0     
                  00000000    000000c0     startup_mspm0g3507_ticlang.o (.intvecs)

.binit     0    00000000    00000000     

.text      0    000114b0    00004d70     
                  000114b0    000004e0     Lab9HMain.o (.text.main)
                  00011990    00000408     Machine.o (.text._ZN7Machine11updateAnvilEh)
                  00011d98    000003e4     Machine.o (.text._ZN7Machine10updateCartEh)
                  0001217c    00000330     Machine.o (.text._ZN7Machine13updateSmelterEh)
                  000124ac    00000298     Machine.o (.text._ZN7Machine10updateRockEh)
                  00012744    00000210     ST7735.o (.text._Z17ST7735_DrawBitmapssPKtss)
                  00012954    000001b4     Clock.o (.text._Z15Clock_Init80MHzi)
                  00012b08    000001b0     Machine.o (.text._ZN7Machine9printCartEv)
                  00012cb8    000001ac     Machine.o (.text._ZN7Machine13computeRecipeEPaa)
                  00012e64    000001a0     ST7735.o (.text._Z16ST7735_DrawCharSsscssh)
                  00013004    00000190     Machine.o (.text._ZN7Machine12printSmelterEv)
                  00013194    00000160     Machine.o (.text._ZN7Machine15updateAnvilMenuEPaa)
                  000132f4    0000015c     Machine.o (.text._ZN7Machine13cartSendErrorEhh)
                  00013450    00000154     libc.a : fopen.c.obj (.text._openfile)
                  000135a4    0000012c     Player.o (.text._ZN6Player8moveDownEv)
                  000136d0    00000128     TExaS.o (.text._Z8ADC_InitP10ADC12_Regsjj)
                  000137f8    00000118     ST7735.o (.text._Z15ST7735_FillRectsssst)
                  00013910    00000114     libc.a : memory.c.obj (.text.aligned_alloc)
                  00013a24    00000108     Player.o (.text._ZN6Player6moveUpEv)
                  00013b2c    000000f8     SPI.o (.text._Z8SPI_Initv)
                  00013c24    000000f4     ST7735.o (.text._Z18ST7735_SetRotationh)
                  00013d18    000000ec     libsysbm.a : add_device.c.obj (.text.add_device)
                  00013e04    000000e8     TExaS.o (.text._Z9UART_Initv)
                  00013eec    000000e8     libc.a : memory.c.obj (.text.free)
                  00013fd4    000000e0            : setvbuf.c.obj (.text.setvbuf)
                  000140b4    000000dc     UART2.o (.text._Z10UART2_Initv)
                  00014190    000000d0     ST7735.o (.text._Z14ST7735_OutCharc)
                  00014260    000000b0     ST7735.o (.text._Z20ST7735_DrawFastHLinessst)
                  00014310    000000b0     ST7735.o (.text._Z20ST7735_DrawFastVLinessst)
                  000143c0    000000a8     Timer.o (.text._Z14TimerG7_IntArmtjj)
                  00014468    000000a2     ST7735.o (.text._ZL11commandListPKh)
                  0001450a    00000002     Sound.o (.text.SysTick_Handler)
                  0001450c    000000a0     libsysbm.a : open.c.obj (.text.open)
                  000145ac    0000009c     ST7735.o (.text._Z17ST7735_InitPrintfv)
                  00014648    0000009c     Player.o (.text._ZN6Player14checkProximityE7Machine)
                  000146e4    00000098     ST7735.o (.text._Z12ST7735_InitR10initRFlags)
                  0001477c    00000098     Machine.o (.text._ZN7Machine10printAnvilEv)
                  00014814    00000094     Timer.o (.text._Z15TimerG12_IntArmjj)
                  000148a8    0000008c     SlidePot.o (.text._ZN8SlidePot4InitEv)
                  00014934    00000088     ST7735.o (.text._ZL13setAddrWindowhhhh)
                  000149bc    00000004     libc.a : pre_init.c.obj (.text._system_pre_init)
                  000149c0    00000088            : strcmp-armv6m.S.obj (.text:strcmp)
                  00014a48    00000084     ST7735.o (.text._Z17ST7735_DrawStringttPcs)
                  00014acc    00000082     Machine.o (.text._ZN7MachineC2Ehhhhhhhhh)
                  00014b4e    00000080     Player.o (.text._ZN6Player16resetCoordinatesEv)
                  00014bce    00000002     libclang_rt.builtins.a : aeabi_div0.c.obj (.text.__aeabi_idiv0)
                  00014bd0    0000007c     LaunchPad.o (.text._Z14LaunchPad_Initv)
                  00014c4c    0000007c     libc.a : fclose.c.obj (.text.__TI_closefile)
                  00014cc8    0000007c            : copy_decompress_lzss.c.obj (.text:decompress:lzss)
                  00014d44    00000078     Player.o (.text._ZN6Player15getMachineInputE7Machine)
                  00014dbc    00000078     Machine.o (.text._ZN7Machine9printRockEv)
                  00014e34    00000074     UART2.o (.text.UART2_IRQHandler)
                  00014ea8    00000074     IRxmt.o (.text._Z13IRxmt_SendBiti)
                  00014f1c    00000070     ST7735.o (.text._Z16ST7735_DrawPixelsst)
                  00014f8c    0000006c     libsysbm.a : hostlseek.c.obj (.text.HOSTlseek)
                  00014ff8    0000006c                : hostrename.c.obj (.text.HOSTrename)
                  00015064    0000006c     libc.a : getdevice.c.obj (.text.getdevice)
                  000150d0    00000064            : memory.c.obj (.text.split)
                  00015134    00000062     Machine.o (.text._ZN7MachineC2Ehhhhhh)
                  00015196    00000002     libc.a : _lock.c.obj (.text._nop)
                  00015198    00000060     libsysbm.a : hostopen.c.obj (.text.HOSTopen)
                  000151f8    00000058                : hostread.c.obj (.text.HOSTread)
                  00015250    00000058                : hostwrite.c.obj (.text.HOSTwrite)
                  000152a8    00000058     TExaS.o (.text._Z10TExaS_InitP10ADC12_RegsjPFhvE)
                  00015300    00000056     libclang_rt.builtins.a : aeabi_idivmod.S.obj (.text.__aeabi_idivmod)
                  00015356    00000002     --HOLE-- [fill = 0]
                  00015358    00000054     Player.o (.text._ZN6Player14printPosessionEh)
                  000153ac    00000054     SlidePot.o (.text._ZN8SlidePot2InEv)
                  00015400    00000054     libc.a : autoinit.c.obj (.text:__TI_auto_init_nobinit)
                  00015454    00000052            : fflush.c.obj (.text.__TI_doflush)
                  000154a6    00000002     --HOLE-- [fill = 0]
                  000154a8    00000050     Lab9HMain.o (.text.__cxx_global_var_init.9)
                  000154f8    00000050     libsysbm.a : close.c.obj (.text.close)
                  00015548    0000004c     Player.o (.text._ZN6Player8moveLeftEv)
                  00015594    0000004c     Player.o (.text._ZN6Player9moveRightEv)
                  000155e0    00000048     libsysbm.a : hostclose.c.obj (.text.HOSTclose)
                  00015628    00000048                : hostunlink.c.obj (.text.HOSTunlink)
                  00015670    00000048     IRxmt.o (.text._Z13IRxmt_OutCharc)
                  000156b8    00000048     SPI.o (.text._Z14SPI_OutCommandc)
                  00015700    00000048     FIFO2.o (.text._ZN5Queue3GetEPc)
                  00015748    00000048     FIFO2.o (.text._ZN5Queue3PutEc)
                  00015790    00000040     TExaS.o (.text.TIMG7_IRQHandler)
                  000157d0    00000040     SPI.o (.text._Z9SPI_Resetv)
                  00015810    00000040     libclang_rt.builtins.a : aeabi_uidivmod.S.obj (.text.__aeabi_uidivmod)
                  00015850    00000040     libc.a : fopen.c.obj (.text._search_fp)
                  00015890    0000003c     Lab9HMain.o (.text.TIMG12_IRQHandler)
                  000158cc    0000003c     Lab9HMain.o (.text._GLOBAL__sub_I_Lab9HMain.cpp)
                  00015908    0000003c     Sound.o (.text._Z10Sound_Initv)
                  00015944    00000038     SPI.o (.text._Z11SPI_OutDatac)
                  0001597c    00000038     LaunchPad.o (.text._Z15ActivatePortA_Bv)
                  000159b4    00000034     ST7735.o (.text._Z12ST7735_writeiPKcj)
                  000159e8    00000034     Clock.o (.text._Z14Clock_Delay1msj)
                  00015a1c    00000034     ST7735.o (.text._Z16ST7735_SetCursorjj)
                  00015a50    00000034     libc.a : fopen.c.obj (.text.__TI_cleanup)
                  00015a84    00000034     libsysbm.a : trgmsg.c.obj (.text.__TI_readmsg)
                  00015ab8    00000034                : trgmsg.c.obj (.text.__TI_writemsg)
                  00015aec    00000034     libc.a : exit.c.obj (.text.exit)
                  00015b20    00000034            : getdevice.c.obj (.text.finddevice)
                  00015b54    00000034            : fopen.c.obj (.text.freopen)
                  00015b88    00000030     ST7735.o (.text._ZL10commonInitPKh)
                  00015bb8    00000030     Lab9HMain.o (.text.__cxx_global_var_init.6)
                  00015be8    00000030     Lab9HMain.o (.text.__cxx_global_var_init.7)
                  00015c18    00000030     Lab9HMain.o (.text.__cxx_global_var_init.8)
                  00015c48    00000030     libc.a : fopen.c.obj (.text.fopen)
                  00015c78    0000002c     ST7735.o (.text._Z17ST7735_FillScreent)
                  00015ca4    0000002c     libsysbm.a : unlink.c.obj (.text.unlink)
                  00015cd0    00000028     IRxmt.o (.text._Z10IRxmt_Initv)
                  00015cf8    00000028     TExaS.o (.text._Z9ADC_StartP10ADC12_Regs)
                  00015d20    00000028     Lab9HMain.o (.text.__cxx_global_var_init.5)
                  00015d48    00000028     libc.a : memory.c.obj (.text.free_list_insert)
                  00015d70    00000028     libsysbm.a : write.c.obj (.text.write)
                  00015d98    00000028     libc.a : boot_cortex_m.c.obj (.text:_c_int00_noargs)
                  00015dc0    00000024     SlidePot.o (.text._ZN8SlidePot4SaveEj)
                  00015de4    00000024     Lab9HMain.o (.text.__cxx_global_var_init.10)
                  00015e08    00000024     Lab9HMain.o (.text.__cxx_global_var_init.11)
                  00015e2c    00000024     Lab9HMain.o (.text.__cxx_global_var_init.12)
                  00015e50    00000024     Lab9HMain.o (.text.__cxx_global_var_init.13)
                  00015e74    00000024     Lab9HMain.o (.text.__cxx_global_var_init.2)
                  00015e98    00000024     Lab9HMain.o (.text.__cxx_global_var_init.3)
                  00015ebc    00000024     Lab9HMain.o (.text.__cxx_global_var_init.4)
                  00015ee0    00000022     FIFO2.o (.text._ZN5Queue6IsFullEv)
                  00015f02    00000020     SlidePot.o (.text._ZN8SlidePot4SyncEv)
                  00015f22    0000001e     ST7735.o (.text._ZL9pushColort)
                  00015f40    0000001c     startup_mspm0g3507_ticlang.o (.text.Default_Handler)
                  00015f5c    0000001c     startup_mspm0g3507_ticlang.o (.text.HardFault_Handler)
                  00015f78    0000001c     UART2.o (.text._Z12UART2_InCharv)
                  00015f94    0000001c     Switch.o (.text._Z9Switch_Inv)
                  00015fb0    0000001c     Player.o (.text._ZN6PlayerC2Ev)
                  00015fcc    0000001c     libc.a : memory.c.obj (.text.free_list_remove)
                  00015fe8    00000018     Switch.o (.text._Z11Switch_Initv)
                  00016000    00000016     ST7735.o (.text._Z11ST7735_openPKcji)
                  00016016    00000016     ST7735.o (.text._Z11ST7735_readiPcj)
                  0001602c    00000016     libc.a : copy_zero_init.c.obj (.text:decompress:ZI:__TI_zero_init_nomemset)
                  00016042    00000014     FIFO2.o (.text._ZN5Queue7IsEmptyEv)
                  00016056    00000012     Player.o (.text._ZN6Player13setPossessionEh)
                  00016068    00000012     libc.a : memcpy16.S.obj (.text:TI_memcpy_small)
                  0001607a    00000012            : copy_decompress_none.c.obj (.text:decompress:none)
                  0001608c    00000010     Clock.o (.text._Z11Clock_Delayj)
                  0001609c    00000010     UART2.o (.text._Z12UART2_Enablev)
                  000160ac    00000010     UART2.o (.text._Z13UART2_Disablev)
                  000160bc    00000010     Lab9HMain.o (.text._Z28TExaS_LaunchPadLogicPB27PB26v)
                  000160cc    00000010     FIFO2.o (.text._ZN5QueueC2Ev)
                  000160dc    00000010     Lab9HMain.o (.text.__cxx_global_var_init.1)
                  000160ec    00000010     Lab9HMain.o (.text.__cxx_global_var_init)
                  000160fc    00000010     UART2.o (.text.__cxx_global_var_init)
                  0001610c    0000000e     libc.a : memory.c.obj (.text.OUTLINED_FUNCTION_0)
                  0001611a    0000000e     ST7735.o (.text._Z12ST7735_lseekili)
                  00016128    0000000e     Player.o (.text._ZN6Player7getXPosEv)
                  00016136    0000000e     Player.o (.text._ZN6Player7getYPosEv)
                  00016144    0000000e     SlidePot.o (.text._ZN8SlidePotC2Ev)
                  00016152    0000000e     libsysbm.a : hostrename.c.obj (.text.strcpy)
                  00016160    0000000e                : hostrename.c.obj (.text.strlen)
                  0001616e    0000000e     libc.a : memset16.S.obj (.text:TI_memset_small)
                  0001617c    0000000c     Clock.o (.text._Z10Clock_Freqv)
                  00016188    0000000c     ST7735.o (.text._Z13ST7735_renamePKcS0_)
                  00016194    0000000c     IRxmt.o (.text._Z5Delayj)
                  000161a0    0000000c     Player.o (.text._ZN6Player7getSizeEv)
                  000161ac    0000000c     SlidePot.o (.text._ZN8SlidePot9DistanceXEv)
                  000161b8    0000000c     SlidePot.o (.text._ZN8SlidePot9DistanceYEv)
                  000161c4    0000000c     libclang_rt.builtins.a : aeabi_memset.S.obj (.text.__aeabi_memclr)
                  000161d0    0000000c     libc.a : memory.c.obj (.text.malloc)
                  000161dc    0000000a     ST7735.o (.text._Z12ST7735_closei)
                  000161e6    0000000a     ST7735.o (.text._Z13ST7735_unlinkPKc)
                  000161f0    0000000a     Lab9HMain.o (.text._Z8PLL_Initv)
                  000161fa    00000008     UART2.o (.text._GLOBAL__sub_I_UART2.cpp)
                  00016202    00000002     --HOLE-- [fill = 0]
                  00016204    00000008     libclang_rt.builtins.a : aeabi_memcpy.S.obj (.text.__aeabi_memcpy)
                  0001620c    00000008     libsysbm.a : remove.c.obj (.text.remove)
                  00016214    00000004     startup_mspm0g3507_ticlang.o (.text.Reset_Handler)
                  00016218    00000004     libc.a : exit.c.obj (.text:abort)
                  0001621c    00000004     --HOLE-- [fill = 0]

.cinit     0    00016220    00000108     
                  00016220    000000e2     (.cinit..data.load) [load image, compression = lzss]
                  00016302    00000002     --HOLE-- [fill = 0]
                  00016304    0000000c     (__TI_handler_table)
                  00016310    00000008     (.cinit..bss.load) [load image, compression = zero_init]
                  00016318    00000010     (__TI_cinit_table)

.rodata    0    000000c0    000113e8     
                  000000c0    00002700     Machine.o (.rodata._ZL9anvilMenu)
                  000027c0    00001008     Machine.o (.rodata._ZL11smelterFail)
                  000037c8    00001008     Machine.o (.rodata._ZL14smelterWorking)
                  000047d0    00001008     Machine.o (.rodata._ZL16smelterHighlight)
                  000057d8    00001008     Machine.o (.rodata._ZL20smelterFailHighlight)
                  000067e0    00001008     Machine.o (.rodata._ZL7smelter)
                  000077e8    00000f78     Machine.o (.rodata._ZL12anvilWorking)
                  00008760    00000f78     Machine.o (.rodata._ZL14anvilHighlight)
                  000096d8    00000f78     Machine.o (.rodata._ZL5anvil)
                  0000a650    00000f74     Machine.o (.rodata._ZL13cartHighlight)
                  0000b5c4    00000f74     Machine.o (.rodata._ZL4cart)
                  0000c538    00000bb0     Machine.o (.rodata._ZL11workingRock)
                  0000d0e8    00000bb0     Machine.o (.rodata._ZL13highlightRock)
                  0000dc98    00000bb0     Machine.o (.rodata._ZL4rock)
                  0000e848    00000992     Lab9HMain.o (.rodata._ZL5miner)
                  0000f1da    000004fb     ST7735.o (.rodata._ZL4Font)
                  0000f6d5    00000001     --HOLE-- [fill = 0]
                  0000f6d6    00000348     Machine.o (.rodata._ZL5watch)
                  0000fa1e    00000320     Machine.o (.rodata._ZL5trash)
                  0000fd3e    000002d2     Machine.o (.rodata._ZL5sword)
                  00010010    000002ac     Machine.o (.rodata._ZL3key)
                  000102bc    000002a0     Machine.o (.rodata._ZL6shield)
                  0001055c    00000220     Machine.o (.rodata._ZL4ring)
                  0001077c    0000018c     Machine.o (.rodata._ZL10rawDiamond)
                  00010908    0000018c     Machine.o (.rodata._ZL10rawEmerald)
                  00010a94    0000018c     Machine.o (.rodata._ZL7rawGold)
                  00010c20    0000018c     Machine.o (.rodata._ZL7rawRuby)
                  00010dac    0000018c     Machine.o (.rodata._ZL9rawSilver)
                  00010f38    0000010e     Machine.o (.rodata._ZL4gold)
                  00011046    0000010e     Machine.o (.rodata._ZL6silver)
                  00011154    000000d8     Machine.o (.rodata._ZL4Ruby)
                  0001122c    000000d8     Machine.o (.rodata._ZL7Diamond)
                  00011304    000000d8     Machine.o (.rodata._ZL7Emerald)
                  000113dc    0000003b     ST7735.o (.rodata._ZL5Rcmd1)
                  00011417    0000002b     ST7735.o (.rodata._ZL5Rcmd3)
                  00011442    00000019     Machine.o (.rodata._ZL7recipes)
                  0001145b    00000016     ST7735.o (.rodata.str1.43788427057889536241)
                  00011471    0000000d     ST7735.o (.rodata._ZL10Rcmd2green)
                  0001147e    0000000d     ST7735.o (.rodata._ZL8Rcmd2red)
                  0001148b    00000008     ST7735.o (.rodata.str1.54535931475021008601)
                  00011493    00000007     ST7735.o (.rodata.str1.103567388005067375301)
                  0001149a    00000007     ST7735.o (.rodata.str1.132933244321656697041)
                  000114a1    00000002     ST7735.o (.rodata.str1.18657686242476325171)
                  000114a3    00000005     --HOLE-- [fill = 0]

.init_array 
*          0    000114a8    00000008     
                  000114a8    00000004     UART2.o (.init_array)
                  000114ac    00000004     Lab9HMain.o (.init_array)

.data      0    20200000    00000389     UNINITIALIZED
                  20200000    000000f0     libc.a : defs.c.obj (.data._ftable)
                  202000f0    00000088     Machine.o (.data.sprites)
                  20200178    00000078     libsysbm.a : host_device.c.obj (.data._device)
                  202001f0    00000050                : host_device.c.obj (.data._stream)
                  20200240    00000038     Lab9HMain.o (.data.Counters)
                  20200278    0000002c     UART2.o (.data.FIFO2)
                  202002a4    0000000e     Lab9HMain.o (.data.m_anvil)
                  202002b2    0000000e     Lab9HMain.o (.data.m_cart1)
                  202002c0    0000000e     Lab9HMain.o (.data.m_cart2)
                  202002ce    0000000e     Lab9HMain.o (.data.m_counter1)
                  202002dc    0000000e     Lab9HMain.o (.data.m_counter2)
                  202002ea    0000000e     Lab9HMain.o (.data.m_counter3)
                  202002f8    0000000e     Lab9HMain.o (.data.m_portal)
                  20200306    0000000e     Lab9HMain.o (.data.m_refiner)
                  20200314    0000000e     Lab9HMain.o (.data.m_rock)
                  20200322    0000000e     Lab9HMain.o (.data.m_smelter)
                  20200330    0000000e     Lab9HMain.o (.data.m_todo)
                  2020033e    00000002     ST7735.o (.data.StTextColor)
                  20200340    0000000c     Lab9HMain.o (.data.Sensor)
                  2020034c    00000008     libc.a : exit.c.obj (.data..L_MergedGlobals)
                  20200354    00000008     Lab9HMain.o (.data.p1)
                  2020035c    00000004     Clock.o (.data.BusFreq)
                  20200360    00000004     ST7735.o (.data.StX)
                  20200364    00000004     ST7735.o (.data.StY)
                  20200368    00000004     libc.a : defs.c.obj (.data.__TI_ft_end)
                  2020036c    00000004            : _lock.c.obj (.data._lock)
                  20200370    00000004            : _lock.c.obj (.data._unlock)
                  20200374    00000002     ST7735.o (.data._ZL6_width)
                  20200376    00000002     ST7735.o (.data._ZL7_height)
                  20200378    00000001     Machine.o (.data._ZZN7Machine10updateCartEhE8debounce)
                  20200379    00000001     Machine.o (.data._ZZN7Machine10updateRockEhE10wasWorking)
                  2020037a    00000001     Machine.o (.data._ZZN7Machine11updateAnvilEhE10wasWorking)
                  2020037b    00000001     Machine.o (.data._ZZN7Machine11updateAnvilEhE11anvilLength)
                  2020037c    00000001     Machine.o (.data._ZZN7Machine11updateAnvilEhE12menuDebounce)
                  2020037d    00000001     Machine.o (.data._ZZN7Machine9printCartEvE2in)
                  2020037e    00000001     Machine.o (.data._ZZN7Machine9printCartEvE4sent)
                  2020037f    00000001     Lab9HMain.o (.data.input)
                  20200380    00000001     libsysbm.a : add_device.c.obj (.data.add_device.device_init)
                  20200381    00000001     Machine.o (.data.progH)
                  20200382    00000001     Machine.o (.data.progW)
                  20200383    00000001     --HOLE--
                  20200384    00000001     libc.a : memory.c.obj (.data.memory_is_initialized)
                  20200385    00000003     --HOLE--
                  20200388    00000001     libsysbm.a : open.c.obj (.data.open.stream_init)

.sysmem    0    20200390    00000200     UNINITIALIZED
                  20200390    00000010     libc.a : memory.c.obj (.sysmem)
                  202003a0    000001f0     --HOLE--

.bss       0    20200590    000001e3     UNINITIALIZED
                  20200590    00000120     libsysbm.a : trgmsg.c.obj (.bss:_CIOBUF_)
                  202006b0    000000a0     libc.a : defs.c.obj (.bss.__TI_tmpnams)
                  20200750    00000008     libsysbm.a : hostopen.c.obj (.bss.parmbuf)
                  20200758    00000005     Machine.o (.bss._ZZN7Machine11updateAnvilEhE10AnvilItems)
                  2020075d    00000001     ST7735.o (.bss._ZL8ColStart)
                  2020075e    00000001     ST7735.o (.bss._ZL8Rotation)
                  2020075f    00000001     ST7735.o (.bss._ZL8RowStart)
                  20200760    00000004     UART2.o (.bss.LostData)
                  20200764    00000004     TExaS.o (.bss.TExaSLogic)
                  20200768    00000004     TExaS.o (.bss.TExaSadc)
                  2020076c    00000004     libc.a : memory.c.obj (.bss.sys_free)
                  20200770    00000001     ST7735.o (.bss._ZL8TabColor)
                  20200771    00000001     Lab9HMain.o (.bss.buttons)
                  20200772    00000001     Lab9HMain.o (.bss.menuOpen)

.stack     0    20207e00    00000200     UNINITIALIZED
                  20207e00    00000004     libc.a : boot_cortex_m.c.obj (.stack)
                  20207e04    000001fc     --HOLE--

__llvm_prf_cnts 
*          0    20200000    00000000     UNINITIALIZED

__llvm_prf_bits 
*          0    20200000    00000000     UNINITIALIZED

MODULE SUMMARY

       Module                         code    ro data   rw data
       ------                         ----    -------   -------
    .\
       Machine.o                      5968    66727     150    
       ST7735.o                       3194    1449      18     
       Lab9HMain.o                    1942    2454      233    
       Player.o                       1290    0         0      
       TExaS.o                        720     0         8      
       Clock.o                        516     0         4      
       UART2.o                        420     4         48     
       SPI.o                          440     0         0      
       SlidePot.o                     330     0         0      
       Timer.o                        316     0         0      
       IRxmt.o                        240     0         0      
       FIFO2.o                        214     0         0      
       LaunchPad.o                    180     0         0      
       Sound.o                        62      0         0      
       Switch.o                       52      0         0      
    +--+------------------------------+-------+---------+---------+
       Total:                         15884   70634     461    
                                                               
    .\ticlang\
       startup_mspm0g3507_ticlang.o   60      192       0      
    +--+------------------------------+-------+---------+---------+
       Total:                         60      192       0      
                                                               
    C:\ti\ccs\tools\compiler\ti-cgt-armllvm_4.0.1.LTS\lib\armv6m-ti-none-eabi/c/libc.a
       memory.c.obj                   702     0         5      
       fopen.c.obj                    556     0         0      
       defs.c.obj                     0       0         404    
       setvbuf.c.obj                  224     0         0      
       getdevice.c.obj                160     0         0      
       strcmp-armv6m.S.obj            136     0         0      
       copy_decompress_lzss.c.obj     124     0         0      
       fclose.c.obj                   124     0         0      
       autoinit.c.obj                 84      0         0      
       fflush.c.obj                   82      0         0      
       exit.c.obj                     56      0         8      
       boot_cortex_m.c.obj            40      0         0      
       copy_zero_init.c.obj           22      0         0      
       copy_decompress_none.c.obj     18      0         0      
       memcpy16.S.obj                 18      0         0      
       memset16.S.obj                 14      0         0      
       _lock.c.obj                    2       0         8      
       pre_init.c.obj                 4       0         0      
    +--+------------------------------+-------+---------+---------+
       Total:                         2366    0         425    
                                                               
    C:\ti\ccs\tools\compiler\ti-cgt-armllvm_4.0.1.LTS\lib\armv6m-ti-none-eabi/c/libsysbm.a
       trgmsg.c.obj                   104     0         288    
       add_device.c.obj               236     0         1      
       host_device.c.obj              0       0         200    
       open.c.obj                     160     0         1      
       hostrename.c.obj               136     0         0      
       hostlseek.c.obj                108     0         0      
       hostopen.c.obj                 96      0         8      
       hostread.c.obj                 88      0         0      
       hostwrite.c.obj                88      0         0      
       close.c.obj                    80      0         0      
       hostclose.c.obj                72      0         0      
       hostunlink.c.obj               72      0         0      
       unlink.c.obj                   44      0         0      
       write.c.obj                    40      0         0      
       remove.c.obj                   8       0         0      
    +--+------------------------------+-------+---------+---------+
       Total:                         1332    0         498    
                                                               
    C:\ti\ccs\tools\compiler\ti-cgt-armllvm_4.0.1.LTS\lib\armv6m-ti-none-eabi/libclang_rt.builtins.a
       aeabi_idivmod.S.obj            86      0         0      
       aeabi_uidivmod.S.obj           64      0         0      
       aeabi_memset.S.obj             12      0         0      
       aeabi_memcpy.S.obj             8       0         0      
       aeabi_div0.c.obj               2       0         0      
    +--+------------------------------+-------+---------+---------+
       Total:                         172     0         0      
                                                               
       Heap:                          0       0         512    
       Stack:                         0       0         512    
       Linker Generated:              0       262       0      
    +--+------------------------------+-------+---------+---------+
       Grand Total:                   19814   71088     2408   


LINKER GENERATED COPY TABLES

__TI_cinit_table @ 00016318 records: 2, size/record: 8, table size: 16
	.data: load addr=00016220, load size=000000e2 bytes, run addr=20200000, run size=00000389 bytes, compression=lzss
	.bss: load addr=00016310, load size=00000008 bytes, run addr=20200590, run size=000001e3 bytes, compression=zero_init


LINKER GENERATED HANDLER TABLE

__TI_handler_table @ 00016304 records: 3, size/record: 4, table size: 12
	index: 0, handler: __TI_decompress_lzss
	index: 1, handler: __TI_decompress_none
	index: 2, handler: __TI_zero_init


GLOBAL SYMBOLS: SORTED ALPHABETICALLY BY Name 

address   name                                
-------   ----                                
00015f41  ADC0_IRQHandler                     
00015f41  ADC1_IRQHandler                     
00015f41  AES_IRQHandler                      
2020035c  BusFreq                             
00016218  C$$EXIT                             
00015ae5  C$$IO$$                             
00015f41  CANFD0_IRQHandler                   
20200240  Counters                            
00015f41  DAC0_IRQHandler                     
00015f41  DMA_IRQHandler                      
00015f41  Default_Handler                     
20200278  FIFO2                               
00015f41  GROUP0_IRQHandler                   
00015f41  GROUP1_IRQHandler                   
000155e1  HOSTclose                           
00014f8d  HOSTlseek                           
00015199  HOSTopen                            
000151f9  HOSTread                            
00014ff9  HOSTrename                          
00015629  HOSTunlink                          
00015251  HOSTwrite                           
00015f5d  HardFault_Handler                   
00015f41  I2C0_IRQHandler                     
00015f41  I2C1_IRQHandler                     
20200760  LostData                            
00015f41  NMI_Handler                         
00015f41  PendSV_Handler                      
00015f41  RTC_IRQHandler                      
00016215  Reset_Handler                       
000114a8  SHT$$INIT_ARRAY$$Base               
000114b0  SHT$$INIT_ARRAY$$Limit              
00015f41  SPI0_IRQHandler                     
00015f41  SPI1_IRQHandler                     
00015f41  SVC_Handler                         
20200340  Sensor                              
2020033e  StTextColor                         
20200360  StX                                 
20200364  StY                                 
0001450b  SysTick_Handler                     
20200764  TExaSLogic                          
20200768  TExaSadc                            
00015f41  TIMA0_IRQHandler                    
00015f41  TIMA1_IRQHandler                    
00015f41  TIMG0_IRQHandler                    
00015891  TIMG12_IRQHandler                   
00015f41  TIMG6_IRQHandler                    
00015791  TIMG7_IRQHandler                    
00015f41  TIMG8_IRQHandler                    
00016069  TI_memcpy_small                     
0001616f  TI_memset_small                     
00015f41  UART0_IRQHandler                    
00015f41  UART1_IRQHandler                    
00014e35  UART2_IRQHandler                    
00015f41  UART3_IRQHandler                    
20200590  _CIOBUF_                            
0001617d  _Z10Clock_Freqv                     
00015cd1  _Z10IRxmt_Initv                     
00015909  _Z10Sound_Initv                     
000152a9  _Z10TExaS_InitP10ADC12_RegsjPFhvE   
000140b5  _Z10UART2_Initv                     
0001608d  _Z11Clock_Delayj                    
00015945  _Z11SPI_OutDatac                    
00016001  _Z11ST7735_openPKcji                
00016017  _Z11ST7735_readiPcj                 
00015fe9  _Z11Switch_Initv                    
000146e5  _Z12ST7735_InitR10initRFlags        
000161dd  _Z12ST7735_closei                   
0001611b  _Z12ST7735_lseekili                 
000159b5  _Z12ST7735_writeiPKcj               
0001609d  _Z12UART2_Enablev                   
00015f79  _Z12UART2_InCharv                   
00015671  _Z13IRxmt_OutCharc                  
00014ea9  _Z13IRxmt_SendBiti                  
00016189  _Z13ST7735_renamePKcS0_             
000161e7  _Z13ST7735_unlinkPKc                
000160ad  _Z13UART2_Disablev                  
000159e9  _Z14Clock_Delay1msj                 
00014bd1  _Z14LaunchPad_Initv                 
000156b9  _Z14SPI_OutCommandc                 
00014191  _Z14ST7735_OutCharc                 
000143c1  _Z14TimerG7_IntArmtjj               
0001597d  _Z15ActivatePortA_Bv                
00012955  _Z15Clock_Init80MHzi                
000137f9  _Z15ST7735_FillRectsssst            
00014815  _Z15TimerG12_IntArmjj               
00012e65  _Z16ST7735_DrawCharSsscssh          
00014f1d  _Z16ST7735_DrawPixelsst             
00015a1d  _Z16ST7735_SetCursorjj              
00012745  _Z17ST7735_DrawBitmapssPKtss        
00014a49  _Z17ST7735_DrawStringttPcs          
00015c79  _Z17ST7735_FillScreent              
000145ad  _Z17ST7735_InitPrintfv              
00013c25  _Z18ST7735_SetRotationh             
00014261  _Z20ST7735_DrawFastHLinessst        
00014311  _Z20ST7735_DrawFastVLinessst        
000160bd  _Z28TExaS_LaunchPadLogicPB27PB26v   
00016195  _Z5Delayj                           
000136d1  _Z8ADC_InitP10ADC12_Regsjj          
000161f1  _Z8PLL_Initv                        
00013b2d  _Z8SPI_Initv                        
00015cf9  _Z9ADC_StartP10ADC12_Regs           
000157d1  _Z9SPI_Resetv                       
00015f95  _Z9Switch_Inv                       
00013e05  _Z9UART_Initv                       
00015701  _ZN5Queue3GetEPc                    
00015749  _ZN5Queue3PutEc                     
00015ee1  _ZN5Queue6IsFullEv                  
00016043  _ZN5Queue7IsEmptyEv                 
000160cd  _ZN5QueueC1Ev                       
000160cd  _ZN5QueueC2Ev                       
00016057  _ZN6Player13setPossessionEh         
00014649  _ZN6Player14checkProximityE7Machine 
00015359  _ZN6Player14printPosessionEh        
00014d45  _ZN6Player15getMachineInputE7Machine
00014b4f  _ZN6Player16resetCoordinatesEv      
00013a25  _ZN6Player6moveUpEv                 
000161a1  _ZN6Player7getSizeEv                
00016129  _ZN6Player7getXPosEv                
00016137  _ZN6Player7getYPosEv                
000135a5  _ZN6Player8moveDownEv               
00015549  _ZN6Player8moveLeftEv               
00015595  _ZN6Player9moveRightEv              
00015fb1  _ZN6PlayerC1Ev                      
00015fb1  _ZN6PlayerC2Ev                      
0001477d  _ZN7Machine10printAnvilEv           
00011d99  _ZN7Machine10updateCartEh           
000124ad  _ZN7Machine10updateRockEh           
00011991  _ZN7Machine11updateAnvilEh          
00013005  _ZN7Machine12printSmelterEv         
000132f5  _ZN7Machine13cartSendErrorEhh       
00012cb9  _ZN7Machine13computeRecipeEPaa      
0001217d  _ZN7Machine13updateSmelterEh        
00013195  _ZN7Machine15updateAnvilMenuEPaa    
00012b09  _ZN7Machine9printCartEv             
00014dbd  _ZN7Machine9printRockEv             
00015135  _ZN7MachineC1Ehhhhhh                
00014acd  _ZN7MachineC1Ehhhhhhhhh             
00015135  _ZN7MachineC2Ehhhhhh                
00014acd  _ZN7MachineC2Ehhhhhhhhh             
000153ad  _ZN8SlidePot2InEv                   
000148a9  _ZN8SlidePot4InitEv                 
00015dc1  _ZN8SlidePot4SaveEj                 
00015f03  _ZN8SlidePot4SyncEv                 
000161ad  _ZN8SlidePot9DistanceXEv            
000161b9  _ZN8SlidePot9DistanceYEv            
00016145  _ZN8SlidePotC1Ev                    
00016145  _ZN8SlidePotC2Ev                    
20200590  __CIOBUF_                           
20208000  __STACK_END                         
00000200  __STACK_SIZE                        
00000200  __SYSMEM_SIZE                       
00000000  __TI_ATRegion0_region_sz            
00000000  __TI_ATRegion0_src_addr             
00000000  __TI_ATRegion0_trg_addr             
00000000  __TI_ATRegion1_region_sz            
00000000  __TI_ATRegion1_src_addr             
00000000  __TI_ATRegion1_trg_addr             
00000000  __TI_ATRegion2_region_sz            
00000000  __TI_ATRegion2_src_addr             
00000000  __TI_ATRegion2_trg_addr             
00016318  __TI_CINIT_Base                     
00016328  __TI_CINIT_Limit                    
00016328  __TI_CINIT_Warm                     
00016304  __TI_Handler_Table_Base             
00016310  __TI_Handler_Table_Limit            
00015401  __TI_auto_init_nobinit              
00015a51  __TI_cleanup                        
2020034c  __TI_cleanup_ptr                    
00014c4d  __TI_closefile                      
00014cc9  __TI_decompress_lzss                
0001607b  __TI_decompress_none                
00015455  __TI_doflush                        
20200350  __TI_dtors_ptr                      
20200368  __TI_ft_end                         
ffffffff  __TI_pprof_out_hndl                 
ffffffff  __TI_prof_data_size                 
ffffffff  __TI_prof_data_start                
00015a85  __TI_readmsg                        
00000000  __TI_static_base__                  
202006b0  __TI_tmpnams                        
00015ab9  __TI_writemsg                       
0001602d  __TI_zero_init_nomemset             
00015301  __aeabi_idiv                        
00014bcf  __aeabi_idiv0                       
00015301  __aeabi_idivmod                     
000161c5  __aeabi_memclr                      
000161c5  __aeabi_memclr4                     
000161c5  __aeabi_memclr8                     
00016205  __aeabi_memcpy                      
00016205  __aeabi_memcpy4                     
00016205  __aeabi_memcpy8                     
00015811  __aeabi_uidiv                       
00015811  __aeabi_uidivmod                    
ffffffff  __binit__                           
UNDEFED   __mpu_init                          
20207e00  __stack                             
20200000  __start___llvm_prf_bits             
20200000  __start___llvm_prf_cnts             
20200000  __stop___llvm_prf_bits              
20200000  __stop___llvm_prf_cnts              
00015d99  _c_int00_noargs                     
20200178  _device                             
20200000  _ftable                             
2020036c  _lock                               
00015197  _nop                                
202001f0  _stream                             
20200390  _sys_memory                         
UNDEFED   _system_post_cinit                  
000149bd  _system_pre_init                    
20200370  _unlock                             
00016219  abort                               
00013d19  add_device                          
00013911  aligned_alloc                       
ffffffff  binit                               
20200771  buttons                             
000154f9  close                               
00015aed  exit                                
00015b21  finddevice                          
00015c49  fopen                               
00013eed  free                                
00015b55  freopen                             
00015065  getdevice                           
2020037f  input                               
00000000  interruptVectors                    
202002a4  m_anvil                             
202002b2  m_cart1                             
202002c0  m_cart2                             
202002ce  m_counter1                          
202002dc  m_counter2                          
202002ea  m_counter3                          
202002f8  m_portal                            
20200306  m_refiner                           
20200314  m_rock                              
20200322  m_smelter                           
20200330  m_todo                              
000114b1  main                                
000161d1  malloc                              
00013911  memalign                            
20200772  menuOpen                            
0001450d  open                                
20200354  p1                                  
20200750  parmbuf                             
20200381  progH                               
20200382  progW                               
0001620d  remove                              
00013fd5  setvbuf                             
202000f0  sprites                             
000149c1  strcmp                              
00015ca5  unlink                              
00015d71  write                               


GLOBAL SYMBOLS: SORTED BY Symbol Address 

address   name                                
-------   ----                                
00000000  __TI_ATRegion0_region_sz            
00000000  __TI_ATRegion0_src_addr             
00000000  __TI_ATRegion0_trg_addr             
00000000  __TI_ATRegion1_region_sz            
00000000  __TI_ATRegion1_src_addr             
00000000  __TI_ATRegion1_trg_addr             
00000000  __TI_ATRegion2_region_sz            
00000000  __TI_ATRegion2_src_addr             
00000000  __TI_ATRegion2_trg_addr             
00000000  __TI_static_base__                  
00000000  interruptVectors                    
00000200  __STACK_SIZE                        
00000200  __SYSMEM_SIZE                       
000114a8  SHT$$INIT_ARRAY$$Base               
000114b0  SHT$$INIT_ARRAY$$Limit              
000114b1  main                                
00011991  _ZN7Machine11updateAnvilEh          
00011d99  _ZN7Machine10updateCartEh           
0001217d  _ZN7Machine13updateSmelterEh        
000124ad  _ZN7Machine10updateRockEh           
00012745  _Z17ST7735_DrawBitmapssPKtss        
00012955  _Z15Clock_Init80MHzi                
00012b09  _ZN7Machine9printCartEv             
00012cb9  _ZN7Machine13computeRecipeEPaa      
00012e65  _Z16ST7735_DrawCharSsscssh          
00013005  _ZN7Machine12printSmelterEv         
00013195  _ZN7Machine15updateAnvilMenuEPaa    
000132f5  _ZN7Machine13cartSendErrorEhh       
000135a5  _ZN6Player8moveDownEv               
000136d1  _Z8ADC_InitP10ADC12_Regsjj          
000137f9  _Z15ST7735_FillRectsssst            
00013911  aligned_alloc                       
00013911  memalign                            
00013a25  _ZN6Player6moveUpEv                 
00013b2d  _Z8SPI_Initv                        
00013c25  _Z18ST7735_SetRotationh             
00013d19  add_device                          
00013e05  _Z9UART_Initv                       
00013eed  free                                
00013fd5  setvbuf                             
000140b5  _Z10UART2_Initv                     
00014191  _Z14ST7735_OutCharc                 
00014261  _Z20ST7735_DrawFastHLinessst        
00014311  _Z20ST7735_DrawFastVLinessst        
000143c1  _Z14TimerG7_IntArmtjj               
0001450b  SysTick_Handler                     
0001450d  open                                
000145ad  _Z17ST7735_InitPrintfv              
00014649  _ZN6Player14checkProximityE7Machine 
000146e5  _Z12ST7735_InitR10initRFlags        
0001477d  _ZN7Machine10printAnvilEv           
00014815  _Z15TimerG12_IntArmjj               
000148a9  _ZN8SlidePot4InitEv                 
000149bd  _system_pre_init                    
000149c1  strcmp                              
00014a49  _Z17ST7735_DrawStringttPcs          
00014acd  _ZN7MachineC1Ehhhhhhhhh             
00014acd  _ZN7MachineC2Ehhhhhhhhh             
00014b4f  _ZN6Player16resetCoordinatesEv      
00014bcf  __aeabi_idiv0                       
00014bd1  _Z14LaunchPad_Initv                 
00014c4d  __TI_closefile                      
00014cc9  __TI_decompress_lzss                
00014d45  _ZN6Player15getMachineInputE7Machine
00014dbd  _ZN7Machine9printRockEv             
00014e35  UART2_IRQHandler                    
00014ea9  _Z13IRxmt_SendBiti                  
00014f1d  _Z16ST7735_DrawPixelsst             
00014f8d  HOSTlseek                           
00014ff9  HOSTrename                          
00015065  getdevice                           
00015135  _ZN7MachineC1Ehhhhhh                
00015135  _ZN7MachineC2Ehhhhhh                
00015197  _nop                                
00015199  HOSTopen                            
000151f9  HOSTread                            
00015251  HOSTwrite                           
000152a9  _Z10TExaS_InitP10ADC12_RegsjPFhvE   
00015301  __aeabi_idiv                        
00015301  __aeabi_idivmod                     
00015359  _ZN6Player14printPosessionEh        
000153ad  _ZN8SlidePot2InEv                   
00015401  __TI_auto_init_nobinit              
00015455  __TI_doflush                        
000154f9  close                               
00015549  _ZN6Player8moveLeftEv               
00015595  _ZN6Player9moveRightEv              
000155e1  HOSTclose                           
00015629  HOSTunlink                          
00015671  _Z13IRxmt_OutCharc                  
000156b9  _Z14SPI_OutCommandc                 
00015701  _ZN5Queue3GetEPc                    
00015749  _ZN5Queue3PutEc                     
00015791  TIMG7_IRQHandler                    
000157d1  _Z9SPI_Resetv                       
00015811  __aeabi_uidiv                       
00015811  __aeabi_uidivmod                    
00015891  TIMG12_IRQHandler                   
00015909  _Z10Sound_Initv                     
00015945  _Z11SPI_OutDatac                    
0001597d  _Z15ActivatePortA_Bv                
000159b5  _Z12ST7735_writeiPKcj               
000159e9  _Z14Clock_Delay1msj                 
00015a1d  _Z16ST7735_SetCursorjj              
00015a51  __TI_cleanup                        
00015a85  __TI_readmsg                        
00015ab9  __TI_writemsg                       
00015ae5  C$$IO$$                             
00015aed  exit                                
00015b21  finddevice                          
00015b55  freopen                             
00015c49  fopen                               
00015c79  _Z17ST7735_FillScreent              
00015ca5  unlink                              
00015cd1  _Z10IRxmt_Initv                     
00015cf9  _Z9ADC_StartP10ADC12_Regs           
00015d71  write                               
00015d99  _c_int00_noargs                     
00015dc1  _ZN8SlidePot4SaveEj                 
00015ee1  _ZN5Queue6IsFullEv                  
00015f03  _ZN8SlidePot4SyncEv                 
00015f41  ADC0_IRQHandler                     
00015f41  ADC1_IRQHandler                     
00015f41  AES_IRQHandler                      
00015f41  CANFD0_IRQHandler                   
00015f41  DAC0_IRQHandler                     
00015f41  DMA_IRQHandler                      
00015f41  Default_Handler                     
00015f41  GROUP0_IRQHandler                   
00015f41  GROUP1_IRQHandler                   
00015f41  I2C0_IRQHandler                     
00015f41  I2C1_IRQHandler                     
00015f41  NMI_Handler                         
00015f41  PendSV_Handler                      
00015f41  RTC_IRQHandler                      
00015f41  SPI0_IRQHandler                     
00015f41  SPI1_IRQHandler                     
00015f41  SVC_Handler                         
00015f41  TIMA0_IRQHandler                    
00015f41  TIMA1_IRQHandler                    
00015f41  TIMG0_IRQHandler                    
00015f41  TIMG6_IRQHandler                    
00015f41  TIMG8_IRQHandler                    
00015f41  UART0_IRQHandler                    
00015f41  UART1_IRQHandler                    
00015f41  UART3_IRQHandler                    
00015f5d  HardFault_Handler                   
00015f79  _Z12UART2_InCharv                   
00015f95  _Z9Switch_Inv                       
00015fb1  _ZN6PlayerC1Ev                      
00015fb1  _ZN6PlayerC2Ev                      
00015fe9  _Z11Switch_Initv                    
00016001  _Z11ST7735_openPKcji                
00016017  _Z11ST7735_readiPcj                 
0001602d  __TI_zero_init_nomemset             
00016043  _ZN5Queue7IsEmptyEv                 
00016057  _ZN6Player13setPossessionEh         
00016069  TI_memcpy_small                     
0001607b  __TI_decompress_none                
0001608d  _Z11Clock_Delayj                    
0001609d  _Z12UART2_Enablev                   
000160ad  _Z13UART2_Disablev                  
000160bd  _Z28TExaS_LaunchPadLogicPB27PB26v   
000160cd  _ZN5QueueC1Ev                       
000160cd  _ZN5QueueC2Ev                       
0001611b  _Z12ST7735_lseekili                 
00016129  _ZN6Player7getXPosEv                
00016137  _ZN6Player7getYPosEv                
00016145  _ZN8SlidePotC1Ev                    
00016145  _ZN8SlidePotC2Ev                    
0001616f  TI_memset_small                     
0001617d  _Z10Clock_Freqv                     
00016189  _Z13ST7735_renamePKcS0_             
00016195  _Z5Delayj                           
000161a1  _ZN6Player7getSizeEv                
000161ad  _ZN8SlidePot9DistanceXEv            
000161b9  _ZN8SlidePot9DistanceYEv            
000161c5  __aeabi_memclr                      
000161c5  __aeabi_memclr4                     
000161c5  __aeabi_memclr8                     
000161d1  malloc                              
000161dd  _Z12ST7735_closei                   
000161e7  _Z13ST7735_unlinkPKc                
000161f1  _Z8PLL_Initv                        
00016205  __aeabi_memcpy                      
00016205  __aeabi_memcpy4                     
00016205  __aeabi_memcpy8                     
0001620d  remove                              
00016215  Reset_Handler                       
00016218  C$$EXIT                             
00016219  abort                               
00016304  __TI_Handler_Table_Base             
00016310  __TI_Handler_Table_Limit            
00016318  __TI_CINIT_Base                     
00016328  __TI_CINIT_Limit                    
00016328  __TI_CINIT_Warm                     
20200000  __start___llvm_prf_bits             
20200000  __start___llvm_prf_cnts             
20200000  __stop___llvm_prf_bits              
20200000  __stop___llvm_prf_cnts              
20200000  _ftable                             
202000f0  sprites                             
20200178  _device                             
202001f0  _stream                             
20200240  Counters                            
20200278  FIFO2                               
202002a4  m_anvil                             
202002b2  m_cart1                             
202002c0  m_cart2                             
202002ce  m_counter1                          
202002dc  m_counter2                          
202002ea  m_counter3                          
202002f8  m_portal                            
20200306  m_refiner                           
20200314  m_rock                              
20200322  m_smelter                           
20200330  m_todo                              
2020033e  StTextColor                         
20200340  Sensor                              
2020034c  __TI_cleanup_ptr                    
20200350  __TI_dtors_ptr                      
20200354  p1                                  
2020035c  BusFreq                             
20200360  StX                                 
20200364  StY                                 
20200368  __TI_ft_end                         
2020036c  _lock                               
20200370  _unlock                             
2020037f  input                               
20200381  progH                               
20200382  progW                               
20200390  _sys_memory                         
20200590  _CIOBUF_                            
20200590  __CIOBUF_                           
202006b0  __TI_tmpnams                        
20200750  parmbuf                             
20200760  LostData                            
20200764  TExaSLogic                          
20200768  TExaSadc                            
20200771  buttons                             
20200772  menuOpen                            
20207e00  __stack                             
20208000  __STACK_END                         
ffffffff  __TI_pprof_out_hndl                 
ffffffff  __TI_prof_data_size                 
ffffffff  __TI_prof_data_start                
ffffffff  __binit__                           
ffffffff  binit                               
UNDEFED   __mpu_init                          
UNDEFED   _system_post_cinit                  

[250 symbols]
