******************************************************************************
            TI ARM Clang Linker PC v4.0.1                      
******************************************************************************
>> Linked Thu Apr 10 22:52:26 2025

OUTPUT FILE NAME:   <MadMines.out>
ENTRY POINT SYMBOL: "_c_int00_noargs"  address: 00002755


MEMORY CONFIGURATION

         name            origin    length      used     unused   attr    fill
----------------------  --------  ---------  --------  --------  ----  --------
  FLASH                 00000000   00020000  00003f60  0001c0a0  R  X
  SRAM                  20200000   00008000  000007d9  00007827  RW X
  BCR_CONFIG            41c00000   00000080  00000000  00000080  R   
  BSL_CONFIG            41c00100   00000080  00000000  00000080  R   


SEGMENT ALLOCATION MAP

run origin  load origin   length   init length attrs members
----------  ----------- ---------- ----------- ----- -------
00000000    00000000    00003f60   00003f60    r-x
  00000000    00000000    000000c0   000000c0    r-- .intvecs
  000000c0    000000c0    00002930   00002930    r-x .text
  000029f0    000029f0    000014d0   000014d0    r-- .rodata
  00003ec0    00003ec0    00000008   00000008    r-- .init_array
  00003ec8    00003ec8    00000098   00000098    r-- .cinit
20200000    20200000    000005dc   00000000    rw-
  20200000    20200000    00000200   00000000    rw- .sysmem
  20200200    20200200    00000201   00000000    rw- .data
  20200404    20200404    000001d8   00000000    rw- .bss
20207e00    20207e00    00000200   00000000    rw-
  20207e00    20207e00    00000200   00000000    rw- .stack


SECTION ALLOCATION MAP

 output                                  attributes/
section   page    origin      length       input sections
--------  ----  ----------  ----------   ----------------
.intvecs   0    00000000    000000c0     
                  00000000    000000c0     startup_mspm0g3507_ticlang.o (.intvecs)

.binit     0    00000000    00000000     

.text      0    000000c0    00002930     
                  000000c0    00000210     ST7735.o (.text._Z17ST7735_DrawBitmapssPKtss)
                  000002d0    000001b4     Clock.o (.text._Z15Clock_Init80MHzi)
                  00000484    000001a0     ST7735.o (.text._Z16ST7735_DrawCharSsscssh)
                  00000624    00000154     libc.a : fopen.c.obj (.text._openfile)
                  00000778    00000128     TExaS.o (.text._Z8ADC_InitP10ADC12_Regsjj)
                  000008a0    00000128     Lab9HMain.o (.text.main)
                  000009c8    00000118     ST7735.o (.text._Z15ST7735_FillRectsssst)
                  00000ae0    00000114     Player.o (.text._ZN6Player8moveDownEv)
                  00000bf4    00000114     libc.a : memory.c.obj (.text.aligned_alloc)
                  00000d08    000000f8     SPI.o (.text._Z8SPI_Initv)
                  00000e00    000000f4     ST7735.o (.text._Z18ST7735_SetRotationh)
                  00000ef4    000000ec     libsysbm.a : add_device.c.obj (.text.add_device)
                  00000fe0    000000e8     TExaS.o (.text._Z9UART_Initv)
                  000010c8    000000e8     libc.a : memory.c.obj (.text.free)
                  000011b0    000000e6     Player.o (.text._ZN6Player6moveUpEv)
                  00001296    00000002     Sound.o (.text.SysTick_Handler)
                  00001298    000000e0     libc.a : setvbuf.c.obj (.text.setvbuf)
                  00001378    000000d0     ST7735.o (.text._Z14ST7735_OutCharc)
                  00001448    000000a8     Timer.o (.text._Z14TimerG7_IntArmtjj)
                  000014f0    000000a2     ST7735.o (.text._ZL11commandListPKh)
                  00001592    00000002     Sound.o (.text._Z10Sound_Initv)
                  00001594    000000a0     libsysbm.a : open.c.obj (.text.open)
                  00001634    0000009c     ST7735.o (.text._Z17ST7735_InitPrintfv)
                  000016d0    00000098     ST7735.o (.text._Z12ST7735_InitR10initRFlags)
                  00001768    00000094     Timer.o (.text._Z15TimerG12_IntArmjj)
                  000017fc    0000008c     SlidePot.o (.text._ZN8SlidePot4InitEv)
                  00001888    00000088     ST7735.o (.text._ZL13setAddrWindowhhhh)
                  00001910    00000088     libc.a : strcmp-armv6m.S.obj (.text:strcmp)
                  00001998    00000084     ST7735.o (.text._Z17ST7735_DrawStringttPcs)
                  00001a1c    0000007c     LaunchPad.o (.text._Z14LaunchPad_Initv)
                  00001a98    0000007c     libc.a : fclose.c.obj (.text.__TI_closefile)
                  00001b14    0000007c            : copy_decompress_lzss.c.obj (.text:decompress:lzss)
                  00001b90    00000076     Player.o (.text._ZN6Player16resetCoordinatesEv)
                  00001c06    00000002     libclang_rt.builtins.a : aeabi_div0.c.obj (.text.__aeabi_idiv0)
                  00001c08    00000070     ST7735.o (.text._Z16ST7735_DrawPixelsst)
                  00001c78    0000006c     libsysbm.a : hostlseek.c.obj (.text.HOSTlseek)
                  00001ce4    0000006c                : hostrename.c.obj (.text.HOSTrename)
                  00001d50    0000006c     libc.a : getdevice.c.obj (.text.getdevice)
                  00001dbc    00000064            : memory.c.obj (.text.split)
                  00001e20    00000060     libsysbm.a : hostopen.c.obj (.text.HOSTopen)
                  00001e80    00000058                : hostread.c.obj (.text.HOSTread)
                  00001ed8    00000058                : hostwrite.c.obj (.text.HOSTwrite)
                  00001f30    00000058     TExaS.o (.text._Z10TExaS_InitP10ADC12_RegsjPFhvE)
                  00001f88    00000054     SlidePot.o (.text._ZN8SlidePot2InEv)
                  00001fdc    00000054     libc.a : autoinit.c.obj (.text:__TI_auto_init_nobinit)
                  00002030    00000052            : fflush.c.obj (.text.__TI_doflush)
                  00002082    00000002            : _lock.c.obj (.text._nop)
                  00002084    00000050     libsysbm.a : close.c.obj (.text.close)
                  000020d4    00000048                : hostclose.c.obj (.text.HOSTclose)
                  0000211c    00000048                : hostunlink.c.obj (.text.HOSTunlink)
                  00002164    00000048     Lab9HMain.o (.text.TIMG12_IRQHandler)
                  000021ac    00000048     SPI.o (.text._Z14SPI_OutCommandc)
                  000021f4    00000048     Player.o (.text._ZN6Player8moveLeftEv)
                  0000223c    00000048     Player.o (.text._ZN6Player9moveRightEv)
                  00002284    00000040     TExaS.o (.text.TIMG7_IRQHandler)
                  000022c4    00000040     SPI.o (.text._Z9SPI_Resetv)
                  00002304    00000040     libclang_rt.builtins.a : aeabi_uidivmod.S.obj (.text.__aeabi_uidivmod)
                  00002344    00000040     libc.a : fopen.c.obj (.text._search_fp)
                  00002384    00000038     SPI.o (.text._Z11SPI_OutDatac)
                  000023bc    00000038     LaunchPad.o (.text._Z15ActivatePortA_Bv)
                  000023f4    00000034     ST7735.o (.text._Z12ST7735_writeiPKcj)
                  00002428    00000034     Clock.o (.text._Z14Clock_Delay1msj)
                  0000245c    00000034     ST7735.o (.text._Z16ST7735_SetCursorjj)
                  00002490    00000034     LED.o (.text._Z8LED_Initv)
                  000024c4    00000034     libc.a : fopen.c.obj (.text.__TI_cleanup)
                  000024f8    00000034     libsysbm.a : trgmsg.c.obj (.text.__TI_readmsg)
                  0000252c    00000034                : trgmsg.c.obj (.text.__TI_writemsg)
                  00002560    00000034     libc.a : exit.c.obj (.text.exit)
                  00002594    00000034            : getdevice.c.obj (.text.finddevice)
                  000025c8    00000034            : fopen.c.obj (.text.freopen)
                  000025fc    00000030     ST7735.o (.text._ZL10commonInitPKh)
                  0000262c    00000030     libc.a : fopen.c.obj (.text.fopen)
                  0000265c    0000002c     ST7735.o (.text._Z17ST7735_FillScreent)
                  00002688    0000002c     libsysbm.a : unlink.c.obj (.text.unlink)
                  000026b4    00000028     Switch.o (.text._Z11Switch_Initv)
                  000026dc    00000028     TExaS.o (.text._Z9ADC_StartP10ADC12_Regs)
                  00002704    00000028     libc.a : memory.c.obj (.text.free_list_insert)
                  0000272c    00000028     libsysbm.a : write.c.obj (.text.write)
                  00002754    00000028     libc.a : boot_cortex_m.c.obj (.text:_c_int00_noargs)
                  0000277c    00000024     SlidePot.o (.text._ZN8SlidePot4SaveEj)
                  000027a0    00000020     SlidePot.o (.text._ZN8SlidePot4SyncEv)
                  000027c0    0000001e     ST7735.o (.text._ZL9pushColort)
                  000027de    00000002     --HOLE-- [fill = 0]
                  000027e0    0000001c     startup_mspm0g3507_ticlang.o (.text.Default_Handler)
                  000027fc    0000001c     startup_mspm0g3507_ticlang.o (.text.HardFault_Handler)
                  00002818    0000001c     libc.a : memory.c.obj (.text.free_list_remove)
                  00002834    00000016     ST7735.o (.text._Z11ST7735_openPKcji)
                  0000284a    00000016     ST7735.o (.text._Z11ST7735_readiPcj)
                  00002860    00000016     Player.o (.text._ZN6PlayerC2Ev)
                  00002876    00000016     libc.a : copy_zero_init.c.obj (.text:decompress:ZI:__TI_zero_init_nomemset)
                  0000288c    00000012            : memcpy16.S.obj (.text:TI_memcpy_small)
                  0000289e    00000012            : copy_decompress_none.c.obj (.text:decompress:none)
                  000028b0    00000010     Clock.o (.text._Z11Clock_Delayj)
                  000028c0    00000010     Lab9HMain.o (.text._Z28TExaS_LaunchPadLogicPB27PB26v)
                  000028d0    00000010     Lab9HMain.o (.text.__cxx_global_var_init.1)
                  000028e0    00000010     Lab9HMain.o (.text.__cxx_global_var_init)
                  000028f0    0000000e     libc.a : memory.c.obj (.text.OUTLINED_FUNCTION_0)
                  000028fe    0000000e     ST7735.o (.text._Z12ST7735_lseekili)
                  0000290c    0000000e     Player.o (.text._ZN6Player7getXPosEv)
                  0000291a    0000000e     Player.o (.text._ZN6Player7getYPosEv)
                  00002928    0000000e     SlidePot.o (.text._ZN8SlidePotC2Ev)
                  00002936    0000000e     libsysbm.a : hostrename.c.obj (.text.strcpy)
                  00002944    0000000e                : hostrename.c.obj (.text.strlen)
                  00002952    0000000e     libc.a : memset16.S.obj (.text:TI_memset_small)
                  00002960    0000000c     Lab9HMain.o (.text._GLOBAL__sub_I_Lab9HMain.cpp)
                  0000296c    0000000c     Clock.o (.text._Z10Clock_Freqv)
                  00002978    0000000c     ST7735.o (.text._Z13ST7735_renamePKcS0_)
                  00002984    0000000c     SlidePot.o (.text._ZN8SlidePot9DistanceXEv)
                  00002990    0000000c     SlidePot.o (.text._ZN8SlidePot9DistanceYEv)
                  0000299c    0000000c     libclang_rt.builtins.a : aeabi_memset.S.obj (.text.__aeabi_memclr)
                  000029a8    0000000c     libc.a : memory.c.obj (.text.malloc)
                  000029b4    0000000a     ST7735.o (.text._Z12ST7735_closei)
                  000029be    0000000a     ST7735.o (.text._Z13ST7735_unlinkPKc)
                  000029c8    0000000a     Lab9HMain.o (.text._Z8PLL_Initv)
                  000029d2    00000002     --HOLE-- [fill = 0]
                  000029d4    00000008     libclang_rt.builtins.a : aeabi_memcpy.S.obj (.text.__aeabi_memcpy)
                  000029dc    00000008     libsysbm.a : remove.c.obj (.text.remove)
                  000029e4    00000004     startup_mspm0g3507_ticlang.o (.text.Reset_Handler)
                  000029e8    00000004     libc.a : pre_init.c.obj (.text._system_pre_init)
                  000029ec    00000004            : exit.c.obj (.text:abort)

.cinit     0    00003ec8    00000098     
                  00003ec8    0000006e     (.cinit..data.load) [load image, compression = lzss]
                  00003f36    00000002     --HOLE-- [fill = 0]
                  00003f38    0000000c     (__TI_handler_table)
                  00003f44    00000008     (.cinit..bss.load) [load image, compression = zero_init]
                  00003f4c    00000010     (__TI_cinit_table)
                  00003f5c    00000004     --HOLE-- [fill = 0]

.rodata    0    000029f0    000014d0     
                  000029f0    00000f20     Lab9HMain.o (.rodata._ZL5miner)
                  00003910    000004fb     ST7735.o (.rodata._ZL4Font)
                  00003e0b    0000003b     ST7735.o (.rodata._ZL5Rcmd1)
                  00003e46    0000002b     ST7735.o (.rodata._ZL5Rcmd3)
                  00003e71    00000016     ST7735.o (.rodata.str1.145533100666594254441)
                  00003e87    0000000d     ST7735.o (.rodata._ZL10Rcmd2green)
                  00003e94    0000000d     ST7735.o (.rodata._ZL8Rcmd2red)
                  00003ea1    00000008     ST7735.o (.rodata.str1.74455504091578136031)
                  00003ea9    00000007     ST7735.o (.rodata.str1.70397418904557661531)
                  00003eb0    00000007     ST7735.o (.rodata.str1.94386759871288863331)
                  00003eb7    00000002     ST7735.o (.rodata.str1.79068154596109554801)
                  00003eb9    00000007     --HOLE-- [fill = 0]

.init_array 
*          0    00003ec0    00000008     
                  00003ec0    00000004     Lab9HMain.o (.init_array)
                  00003ec4    00000004     --HOLE-- [fill = 0]

.sysmem    0    20200000    00000200     UNINITIALIZED
                  20200000    00000010     libc.a : memory.c.obj (.sysmem)
                  20200010    000001f0     --HOLE--

.data      0    20200200    00000201     UNINITIALIZED
                  20200200    000000f0     libc.a : defs.c.obj (.data._ftable)
                  202002f0    00000078     libsysbm.a : host_device.c.obj (.data._device)
                  20200368    00000050                : host_device.c.obj (.data._stream)
                  202003b8    0000000c     Lab9HMain.o (.data.Sensor)
                  202003c4    0000000c     Lab9HMain.o (.data.p1)
                  202003d0    00000008     libc.a : exit.c.obj (.data..L_MergedGlobals)
                  202003d8    00000004     Clock.o (.data.BusFreq)
                  202003dc    00000004     ST7735.o (.data.StX)
                  202003e0    00000004     ST7735.o (.data.StY)
                  202003e4    00000004     libc.a : defs.c.obj (.data.__TI_ft_end)
                  202003e8    00000004            : _lock.c.obj (.data._lock)
                  202003ec    00000004            : _lock.c.obj (.data._unlock)
                  202003f0    00000002     ST7735.o (.data.StTextColor)
                  202003f2    00000002     ST7735.o (.data._ZL6_width)
                  202003f4    00000002     ST7735.o (.data._ZL7_height)
                  202003f6    00000002     --HOLE--
                  202003f8    00000001     libsysbm.a : add_device.c.obj (.data.add_device.device_init)
                  202003f9    00000003     --HOLE--
                  202003fc    00000001     libc.a : memory.c.obj (.data.memory_is_initialized)
                  202003fd    00000003     --HOLE--
                  20200400    00000001     libsysbm.a : open.c.obj (.data.open.stream_init)

.bss       0    20200404    000001d8     UNINITIALIZED
                  20200404    00000120     libsysbm.a : trgmsg.c.obj (.bss:_CIOBUF_)
                  20200524    000000a0     libc.a : defs.c.obj (.bss.__TI_tmpnams)
                  202005c4    00000008     libsysbm.a : hostopen.c.obj (.bss.parmbuf)
                  202005cc    00000004     TExaS.o (.bss.TExaSLogic)
                  202005d0    00000004     TExaS.o (.bss.TExaSadc)
                  202005d4    00000004     libc.a : memory.c.obj (.bss.sys_free)
                  202005d8    00000001     ST7735.o (.bss._ZL8ColStart)
                  202005d9    00000001     ST7735.o (.bss._ZL8Rotation)
                  202005da    00000001     ST7735.o (.bss._ZL8RowStart)
                  202005db    00000001     ST7735.o (.bss._ZL8TabColor)

.stack     0    20207e00    00000200     UNINITIALIZED
                  20207e00    00000004     libc.a : boot_cortex_m.c.obj (.stack)
                  20207e04    000001fc     --HOLE--

__llvm_prf_cnts 
*          0    20200000    00000000     UNINITIALIZED

__llvm_prf_bits 
*          0    20200000    00000000     UNINITIALIZED

MODULE SUMMARY

       Module                         code    ro data   rw data
       ------                         ----    -------   -------
    .\
       Lab9HMain.o                    438     3876      24     
       ST7735.o                       2842    1449      18     
       Player.o                       818     0         0      
       TExaS.o                        720     0         8      
       Clock.o                        516     0         4      
       SPI.o                          440     0         0      
       SlidePot.o                     330     0         0      
       Timer.o                        316     0         0      
       LaunchPad.o                    180     0         0      
       LED.o                          52      0         0      
       Switch.o                       40      0         0      
       Sound.o                        4       0         0      
    +--+------------------------------+-------+---------+---------+
       Total:                         6696    5325      54     
                                                               
    .\ticlang\
       startup_mspm0g3507_ticlang.o   60      192       0      
    +--+------------------------------+-------+---------+---------+
       Total:                         60      192       0      
                                                               
    C:\ti\ccs2000\ccs\tools\compiler\ti-cgt-armllvm_4.0.1.LTS\lib\armv6m-ti-none-eabi/c/libc.a
       memory.c.obj                   702     0         5      
       fopen.c.obj                    556     0         0      
       defs.c.obj                     0       0         404    
       setvbuf.c.obj                  224     0         0      
       getdevice.c.obj                160     0         0      
       strcmp-armv6m.S.obj            136     0         0      
       copy_decompress_lzss.c.obj     124     0         0      
       fclose.c.obj                   124     0         0      
       autoinit.c.obj                 84      0         0      
       fflush.c.obj                   82      0         0      
       exit.c.obj                     56      0         8      
       boot_cortex_m.c.obj            40      0         0      
       copy_zero_init.c.obj           22      0         0      
       copy_decompress_none.c.obj     18      0         0      
       memcpy16.S.obj                 18      0         0      
       memset16.S.obj                 14      0         0      
       _lock.c.obj                    2       0         8      
       pre_init.c.obj                 4       0         0      
    +--+------------------------------+-------+---------+---------+
       Total:                         2366    0         425    
                                                               
    C:\ti\ccs2000\ccs\tools\compiler\ti-cgt-armllvm_4.0.1.LTS\lib\armv6m-ti-none-eabi/c/libsysbm.a
       trgmsg.c.obj                   104     0         288    
       add_device.c.obj               236     0         1      
       host_device.c.obj              0       0         200    
       open.c.obj                     160     0         1      
       hostrename.c.obj               136     0         0      
       hostlseek.c.obj                108     0         0      
       hostopen.c.obj                 96      0         8      
       hostread.c.obj                 88      0         0      
       hostwrite.c.obj                88      0         0      
       close.c.obj                    80      0         0      
       hostclose.c.obj                72      0         0      
       hostunlink.c.obj               72      0         0      
       unlink.c.obj                   44      0         0      
       write.c.obj                    40      0         0      
       remove.c.obj                   8       0         0      
    +--+------------------------------+-------+---------+---------+
       Total:                         1332    0         498    
                                                               
    C:\ti\ccs2000\ccs\tools\compiler\ti-cgt-armllvm_4.0.1.LTS\lib\armv6m-ti-none-eabi/libclang_rt.builtins.a
       aeabi_uidivmod.S.obj           64      0         0      
       aeabi_memset.S.obj             12      0         0      
       aeabi_memcpy.S.obj             8       0         0      
       aeabi_div0.c.obj               2       0         0      
    +--+------------------------------+-------+---------+---------+
       Total:                         86      0         0      
                                                               
       Heap:                          0       0         512    
       Stack:                         0       0         512    
       Linker Generated:              0       146       0      
    +--+------------------------------+-------+---------+---------+
       Grand Total:                   10540   5663      2001   


LINKER GENERATED COPY TABLES

__TI_cinit_table @ 00003f4c records: 2, size/record: 8, table size: 16
	.data: load addr=00003ec8, load size=0000006e bytes, run addr=20200200, run size=00000201 bytes, compression=lzss
	.bss: load addr=00003f44, load size=00000008 bytes, run addr=20200404, run size=000001d8 bytes, compression=zero_init


LINKER GENERATED HANDLER TABLE

__TI_handler_table @ 00003f38 records: 3, size/record: 4, table size: 12
	index: 0, handler: __TI_decompress_lzss
	index: 1, handler: __TI_decompress_none
	index: 2, handler: __TI_zero_init


GLOBAL SYMBOLS: SORTED ALPHABETICALLY BY Name 

address   name                             
-------   ----                             
000027e1  ADC0_IRQHandler                  
000027e1  ADC1_IRQHandler                  
000027e1  AES_IRQHandler                   
202003d8  BusFreq                          
000029ec  C$$EXIT                          
00002559  C$$IO$$                          
000027e1  CANFD0_IRQHandler                
000027e1  DAC0_IRQHandler                  
000027e1  DMA_IRQHandler                   
000027e1  Default_Handler                  
000027e1  GROUP0_IRQHandler                
000027e1  GROUP1_IRQHandler                
000020d5  HOSTclose                        
00001c79  HOSTlseek                        
00001e21  HOSTopen                         
00001e81  HOSTread                         
00001ce5  HOSTrename                       
0000211d  HOSTunlink                       
00001ed9  HOSTwrite                        
000027fd  HardFault_Handler                
000027e1  I2C0_IRQHandler                  
000027e1  I2C1_IRQHandler                  
000027e1  NMI_Handler                      
000027e1  PendSV_Handler                   
000027e1  RTC_IRQHandler                   
000029e5  Reset_Handler                    
00003ec0  SHT$$INIT_ARRAY$$Base            
00003ec4  SHT$$INIT_ARRAY$$Limit           
000027e1  SPI0_IRQHandler                  
000027e1  SPI1_IRQHandler                  
000027e1  SVC_Handler                      
202003b8  Sensor                           
202003f0  StTextColor                      
202003dc  StX                              
202003e0  StY                              
00001297  SysTick_Handler                  
202005cc  TExaSLogic                       
202005d0  TExaSadc                         
000027e1  TIMA0_IRQHandler                 
000027e1  TIMA1_IRQHandler                 
000027e1  TIMG0_IRQHandler                 
00002165  TIMG12_IRQHandler                
000027e1  TIMG6_IRQHandler                 
00002285  TIMG7_IRQHandler                 
000027e1  TIMG8_IRQHandler                 
0000288d  TI_memcpy_small                  
00002953  TI_memset_small                  
000027e1  UART0_IRQHandler                 
000027e1  UART1_IRQHandler                 
000027e1  UART2_IRQHandler                 
000027e1  UART3_IRQHandler                 
20200404  _CIOBUF_                         
0000296d  _Z10Clock_Freqv                  
00001593  _Z10Sound_Initv                  
00001f31  _Z10TExaS_InitP10ADC12_RegsjPFhvE
000028b1  _Z11Clock_Delayj                 
00002385  _Z11SPI_OutDatac                 
00002835  _Z11ST7735_openPKcji             
0000284b  _Z11ST7735_readiPcj              
000026b5  _Z11Switch_Initv                 
000016d1  _Z12ST7735_InitR10initRFlags     
000029b5  _Z12ST7735_closei                
000028ff  _Z12ST7735_lseekili              
000023f5  _Z12ST7735_writeiPKcj            
00002979  _Z13ST7735_renamePKcS0_          
000029bf  _Z13ST7735_unlinkPKc             
00002429  _Z14Clock_Delay1msj              
00001a1d  _Z14LaunchPad_Initv              
000021ad  _Z14SPI_OutCommandc              
00001379  _Z14ST7735_OutCharc              
00001449  _Z14TimerG7_IntArmtjj            
000023bd  _Z15ActivatePortA_Bv             
000002d1  _Z15Clock_Init80MHzi             
000009c9  _Z15ST7735_FillRectsssst         
00001769  _Z15TimerG12_IntArmjj            
00000485  _Z16ST7735_DrawCharSsscssh       
00001c09  _Z16ST7735_DrawPixelsst          
0000245d  _Z16ST7735_SetCursorjj           
000000c1  _Z17ST7735_DrawBitmapssPKtss     
00001999  _Z17ST7735_DrawStringttPcs       
0000265d  _Z17ST7735_FillScreent           
00001635  _Z17ST7735_InitPrintfv           
00000e01  _Z18ST7735_SetRotationh          
000028c1  _Z28TExaS_LaunchPadLogicPB27PB26v
00000779  _Z8ADC_InitP10ADC12_Regsjj       
00002491  _Z8LED_Initv                     
000029c9  _Z8PLL_Initv                     
00000d09  _Z8SPI_Initv                     
000026dd  _Z9ADC_StartP10ADC12_Regs        
000022c5  _Z9SPI_Resetv                    
00000fe1  _Z9UART_Initv                    
00001b91  _ZN6Player16resetCoordinatesEv   
000011b1  _ZN6Player6moveUpEv              
0000290d  _ZN6Player7getXPosEv             
0000291b  _ZN6Player7getYPosEv             
00000ae1  _ZN6Player8moveDownEv            
000021f5  _ZN6Player8moveLeftEv            
0000223d  _ZN6Player9moveRightEv           
00002861  _ZN6PlayerC1Ev                   
00002861  _ZN6PlayerC2Ev                   
00001f89  _ZN8SlidePot2InEv                
000017fd  _ZN8SlidePot4InitEv              
0000277d  _ZN8SlidePot4SaveEj              
000027a1  _ZN8SlidePot4SyncEv              
00002985  _ZN8SlidePot9DistanceXEv         
00002991  _ZN8SlidePot9DistanceYEv         
00002929  _ZN8SlidePotC1Ev                 
00002929  _ZN8SlidePotC2Ev                 
20200404  __CIOBUF_                        
20208000  __STACK_END                      
00000200  __STACK_SIZE                     
00000200  __SYSMEM_SIZE                    
00000000  __TI_ATRegion0_region_sz         
00000000  __TI_ATRegion0_src_addr          
00000000  __TI_ATRegion0_trg_addr          
00000000  __TI_ATRegion1_region_sz         
00000000  __TI_ATRegion1_src_addr          
00000000  __TI_ATRegion1_trg_addr          
00000000  __TI_ATRegion2_region_sz         
00000000  __TI_ATRegion2_src_addr          
00000000  __TI_ATRegion2_trg_addr          
00003f4c  __TI_CINIT_Base                  
00003f5c  __TI_CINIT_Limit                 
00003f5c  __TI_CINIT_Warm                  
00003f38  __TI_Handler_Table_Base          
00003f44  __TI_Handler_Table_Limit         
00001fdd  __TI_auto_init_nobinit           
000024c5  __TI_cleanup                     
202003d0  __TI_cleanup_ptr                 
00001a99  __TI_closefile                   
00001b15  __TI_decompress_lzss             
0000289f  __TI_decompress_none             
00002031  __TI_doflush                     
202003d4  __TI_dtors_ptr                   
202003e4  __TI_ft_end                      
ffffffff  __TI_pprof_out_hndl              
ffffffff  __TI_prof_data_size              
ffffffff  __TI_prof_data_start             
000024f9  __TI_readmsg                     
00000000  __TI_static_base__               
20200524  __TI_tmpnams                     
0000252d  __TI_writemsg                    
00002877  __TI_zero_init_nomemset          
00001c07  __aeabi_idiv0                    
0000299d  __aeabi_memclr                   
0000299d  __aeabi_memclr4                  
0000299d  __aeabi_memclr8                  
000029d5  __aeabi_memcpy                   
000029d5  __aeabi_memcpy4                  
000029d5  __aeabi_memcpy8                  
00002305  __aeabi_uidiv                    
00002305  __aeabi_uidivmod                 
ffffffff  __binit__                        
UNDEFED   __mpu_init                       
20207e00  __stack                          
20200000  __start___llvm_prf_bits          
20200000  __start___llvm_prf_cnts          
20200000  __stop___llvm_prf_bits           
20200000  __stop___llvm_prf_cnts           
00002755  _c_int00_noargs                  
202002f0  _device                          
20200200  _ftable                          
202003e8  _lock                            
00002083  _nop                             
20200368  _stream                          
20200000  _sys_memory                      
UNDEFED   _system_post_cinit               
000029e9  _system_pre_init                 
202003ec  _unlock                          
000029ed  abort                            
00000ef5  add_device                       
00000bf5  aligned_alloc                    
ffffffff  binit                            
00002085  close                            
00002561  exit                             
00002595  finddevice                       
0000262d  fopen                            
000010c9  free                             
000025c9  freopen                          
00001d51  getdevice                        
00000000  interruptVectors                 
000008a1  main                             
000029a9  malloc                           
00000bf5  memalign                         
00001595  open                             
202003c4  p1                               
202005c4  parmbuf                          
000029dd  remove                           
00001299  setvbuf                          
00001911  strcmp                           
00002689  unlink                           
0000272d  write                            


GLOBAL SYMBOLS: SORTED BY Symbol Address 

address   name                             
-------   ----                             
00000000  __TI_ATRegion0_region_sz         
00000000  __TI_ATRegion0_src_addr          
00000000  __TI_ATRegion0_trg_addr          
00000000  __TI_ATRegion1_region_sz         
00000000  __TI_ATRegion1_src_addr          
00000000  __TI_ATRegion1_trg_addr          
00000000  __TI_ATRegion2_region_sz         
00000000  __TI_ATRegion2_src_addr          
00000000  __TI_ATRegion2_trg_addr          
00000000  __TI_static_base__               
00000000  interruptVectors                 
000000c1  _Z17ST7735_DrawBitmapssPKtss     
00000200  __STACK_SIZE                     
00000200  __SYSMEM_SIZE                    
000002d1  _Z15Clock_Init80MHzi             
00000485  _Z16ST7735_DrawCharSsscssh       
00000779  _Z8ADC_InitP10ADC12_Regsjj       
000008a1  main                             
000009c9  _Z15ST7735_FillRectsssst         
00000ae1  _ZN6Player8moveDownEv            
00000bf5  aligned_alloc                    
00000bf5  memalign                         
00000d09  _Z8SPI_Initv                     
00000e01  _Z18ST7735_SetRotationh          
00000ef5  add_device                       
00000fe1  _Z9UART_Initv                    
000010c9  free                             
000011b1  _ZN6Player6moveUpEv              
00001297  SysTick_Handler                  
00001299  setvbuf                          
00001379  _Z14ST7735_OutCharc              
00001449  _Z14TimerG7_IntArmtjj            
00001593  _Z10Sound_Initv                  
00001595  open                             
00001635  _Z17ST7735_InitPrintfv           
000016d1  _Z12ST7735_InitR10initRFlags     
00001769  _Z15TimerG12_IntArmjj            
000017fd  _ZN8SlidePot4InitEv              
00001911  strcmp                           
00001999  _Z17ST7735_DrawStringttPcs       
00001a1d  _Z14LaunchPad_Initv              
00001a99  __TI_closefile                   
00001b15  __TI_decompress_lzss             
00001b91  _ZN6Player16resetCoordinatesEv   
00001c07  __aeabi_idiv0                    
00001c09  _Z16ST7735_DrawPixelsst          
00001c79  HOSTlseek                        
00001ce5  HOSTrename                       
00001d51  getdevice                        
00001e21  HOSTopen                         
00001e81  HOSTread                         
00001ed9  HOSTwrite                        
00001f31  _Z10TExaS_InitP10ADC12_RegsjPFhvE
00001f89  _ZN8SlidePot2InEv                
00001fdd  __TI_auto_init_nobinit           
00002031  __TI_doflush                     
00002083  _nop                             
00002085  close                            
000020d5  HOSTclose                        
0000211d  HOSTunlink                       
00002165  TIMG12_IRQHandler                
000021ad  _Z14SPI_OutCommandc              
000021f5  _ZN6Player8moveLeftEv            
0000223d  _ZN6Player9moveRightEv           
00002285  TIMG7_IRQHandler                 
000022c5  _Z9SPI_Resetv                    
00002305  __aeabi_uidiv                    
00002305  __aeabi_uidivmod                 
00002385  _Z11SPI_OutDatac                 
000023bd  _Z15ActivatePortA_Bv             
000023f5  _Z12ST7735_writeiPKcj            
00002429  _Z14Clock_Delay1msj              
0000245d  _Z16ST7735_SetCursorjj           
00002491  _Z8LED_Initv                     
000024c5  __TI_cleanup                     
000024f9  __TI_readmsg                     
0000252d  __TI_writemsg                    
00002559  C$$IO$$                          
00002561  exit                             
00002595  finddevice                       
000025c9  freopen                          
0000262d  fopen                            
0000265d  _Z17ST7735_FillScreent           
00002689  unlink                           
000026b5  _Z11Switch_Initv                 
000026dd  _Z9ADC_StartP10ADC12_Regs        
0000272d  write                            
00002755  _c_int00_noargs                  
0000277d  _ZN8SlidePot4SaveEj              
000027a1  _ZN8SlidePot4SyncEv              
000027e1  ADC0_IRQHandler                  
000027e1  ADC1_IRQHandler                  
000027e1  AES_IRQHandler                   
000027e1  CANFD0_IRQHandler                
000027e1  DAC0_IRQHandler                  
000027e1  DMA_IRQHandler                   
000027e1  Default_Handler                  
000027e1  GROUP0_IRQHandler                
000027e1  GROUP1_IRQHandler                
000027e1  I2C0_IRQHandler                  
000027e1  I2C1_IRQHandler                  
000027e1  NMI_Handler                      
000027e1  PendSV_Handler                   
000027e1  RTC_IRQHandler                   
000027e1  SPI0_IRQHandler                  
000027e1  SPI1_IRQHandler                  
000027e1  SVC_Handler                      
000027e1  TIMA0_IRQHandler                 
000027e1  TIMA1_IRQHandler                 
000027e1  TIMG0_IRQHandler                 
000027e1  TIMG6_IRQHandler                 
000027e1  TIMG8_IRQHandler                 
000027e1  UART0_IRQHandler                 
000027e1  UART1_IRQHandler                 
000027e1  UART2_IRQHandler                 
000027e1  UART3_IRQHandler                 
000027fd  HardFault_Handler                
00002835  _Z11ST7735_openPKcji             
0000284b  _Z11ST7735_readiPcj              
00002861  _ZN6PlayerC1Ev                   
00002861  _ZN6PlayerC2Ev                   
00002877  __TI_zero_init_nomemset          
0000288d  TI_memcpy_small                  
0000289f  __TI_decompress_none             
000028b1  _Z11Clock_Delayj                 
000028c1  _Z28TExaS_LaunchPadLogicPB27PB26v
000028ff  _Z12ST7735_lseekili              
0000290d  _ZN6Player7getXPosEv             
0000291b  _ZN6Player7getYPosEv             
00002929  _ZN8SlidePotC1Ev                 
00002929  _ZN8SlidePotC2Ev                 
00002953  TI_memset_small                  
0000296d  _Z10Clock_Freqv                  
00002979  _Z13ST7735_renamePKcS0_          
00002985  _ZN8SlidePot9DistanceXEv         
00002991  _ZN8SlidePot9DistanceYEv         
0000299d  __aeabi_memclr                   
0000299d  __aeabi_memclr4                  
0000299d  __aeabi_memclr8                  
000029a9  malloc                           
000029b5  _Z12ST7735_closei                
000029bf  _Z13ST7735_unlinkPKc             
000029c9  _Z8PLL_Initv                     
000029d5  __aeabi_memcpy                   
000029d5  __aeabi_memcpy4                  
000029d5  __aeabi_memcpy8                  
000029dd  remove                           
000029e5  Reset_Handler                    
000029e9  _system_pre_init                 
000029ec  C$$EXIT                          
000029ed  abort                            
00003ec0  SHT$$INIT_ARRAY$$Base            
00003ec4  SHT$$INIT_ARRAY$$Limit           
00003f38  __TI_Handler_Table_Base          
00003f44  __TI_Handler_Table_Limit         
00003f4c  __TI_CINIT_Base                  
00003f5c  __TI_CINIT_Limit                 
00003f5c  __TI_CINIT_Warm                  
20200000  __start___llvm_prf_bits          
20200000  __start___llvm_prf_cnts          
20200000  __stop___llvm_prf_bits           
20200000  __stop___llvm_prf_cnts           
20200000  _sys_memory                      
20200200  _ftable                          
202002f0  _device                          
20200368  _stream                          
202003b8  Sensor                           
202003c4  p1                               
202003d0  __TI_cleanup_ptr                 
202003d4  __TI_dtors_ptr                   
202003d8  BusFreq                          
202003dc  StX                              
202003e0  StY                              
202003e4  __TI_ft_end                      
202003e8  _lock                            
202003ec  _unlock                          
202003f0  StTextColor                      
20200404  _CIOBUF_                         
20200404  __CIOBUF_                        
20200524  __TI_tmpnams                     
202005c4  parmbuf                          
202005cc  TExaSLogic                       
202005d0  TExaSadc                         
20207e00  __stack                          
20208000  __STACK_END                      
ffffffff  __TI_pprof_out_hndl              
ffffffff  __TI_prof_data_size              
ffffffff  __TI_prof_data_start             
ffffffff  __binit__                        
ffffffff  binit                            
UNDEFED   __mpu_init                       
UNDEFED   _system_post_cinit               

[192 symbols]
