<?xml version="1.0" encoding="ISO-8859-1" ?>
<link_info>
   <banner>TI ARM Clang Linker PC v4.0.1.LTS</banner>
   <copyright>Copyright (c) 1996-2018 Texas Instruments Incorporated</copyright>
   <command_line>C:\ti\ccs2000\ccs\tools\compiler\ti-cgt-armllvm_4.0.1.LTS\bin\tiarmlnk -IC:\ti\ccs2000\ccs\tools\compiler\ti-cgt-armllvm_4.0.1.LTS\lib -o MadMines.out -mMadMines.map --heap_size=512 --stack_size=512 -iC:/Users/madis/OneDrive - The University of Texas at Austin/Documents/UT - School/24-25/319H/MSPM0_ValvanoWare/MadMines/Debug/syscfg -iC:/ti/ccs2000/ccs/tools/compiler/ti-cgt-armllvm_4.0.1.LTS/lib --diag_wrap=off --display_error_number --warn_sections --xml_link_info=MadMines_linkInfo.xml --rom_model ./Clock.o ./DAC5.o ./FIFO2.o ./IRxmt.o ./LED.o ./Lab9HMain.o ./LaunchPad.o ./Machine.o ./Player.o ./SPI.o ./ST7735.o ./SlidePot.o ./SmallFont.o ./Sound.o ./Switch.o ./TExaS.o ./Timer.o ./UART2.o ./ticlang/startup_mspm0g3507_ticlang.o ../mspm0g3507.cmd -lC:/ti/mspm0_sdk_2_03_00_07/source/ti/driverlib/lib/ticlang/m0p/mspm0g1x0x_g3x0x/driverlib.a -llibc.a --start-group -llibc++.a -llibc++abi.a -llibc.a -llibsys.a -llibsysbm.a -llibclang_rt.builtins.a -llibclang_rt.profile.a --end-group --cg_opt_level=0</command_line>
   <link_time>0x68070043</link_time>
   <link_errors>0x0</link_errors>
   <output_file>C:\Users\madis\OneDrive - The University of Texas at Austin\Documents\UT - School\24-25\319H\MSPM0_ValvanoWare\MadMines\Debug\MadMines.out</output_file>
   <entry_point>
      <name>_c_int00_noargs</name>
      <address>0x1ec29</address>
   </entry_point>
   <input_file_list>
      <input_file id="fl-1">
         <path>C:\Users\madis\OneDrive - The University of Texas at Austin\Documents\UT - School\24-25\319H\MSPM0_ValvanoWare\MadMines\Debug\.\</path>
         <kind>object</kind>
         <file>Clock.o</file>
         <name>Clock.o</name>
      </input_file>
      <input_file id="fl-2">
         <path>C:\Users\madis\OneDrive - The University of Texas at Austin\Documents\UT - School\24-25\319H\MSPM0_ValvanoWare\MadMines\Debug\.\</path>
         <kind>object</kind>
         <file>DAC5.o</file>
         <name>DAC5.o</name>
      </input_file>
      <input_file id="fl-3">
         <path>C:\Users\madis\OneDrive - The University of Texas at Austin\Documents\UT - School\24-25\319H\MSPM0_ValvanoWare\MadMines\Debug\.\</path>
         <kind>object</kind>
         <file>FIFO2.o</file>
         <name>FIFO2.o</name>
      </input_file>
      <input_file id="fl-4">
         <path>C:\Users\madis\OneDrive - The University of Texas at Austin\Documents\UT - School\24-25\319H\MSPM0_ValvanoWare\MadMines\Debug\.\</path>
         <kind>object</kind>
         <file>IRxmt.o</file>
         <name>IRxmt.o</name>
      </input_file>
      <input_file id="fl-5">
         <path>C:\Users\madis\OneDrive - The University of Texas at Austin\Documents\UT - School\24-25\319H\MSPM0_ValvanoWare\MadMines\Debug\.\</path>
         <kind>object</kind>
         <file>LED.o</file>
         <name>LED.o</name>
      </input_file>
      <input_file id="fl-6">
         <path>C:\Users\madis\OneDrive - The University of Texas at Austin\Documents\UT - School\24-25\319H\MSPM0_ValvanoWare\MadMines\Debug\.\</path>
         <kind>object</kind>
         <file>Lab9HMain.o</file>
         <name>Lab9HMain.o</name>
      </input_file>
      <input_file id="fl-7">
         <path>C:\Users\madis\OneDrive - The University of Texas at Austin\Documents\UT - School\24-25\319H\MSPM0_ValvanoWare\MadMines\Debug\.\</path>
         <kind>object</kind>
         <file>LaunchPad.o</file>
         <name>LaunchPad.o</name>
      </input_file>
      <input_file id="fl-8">
         <path>C:\Users\madis\OneDrive - The University of Texas at Austin\Documents\UT - School\24-25\319H\MSPM0_ValvanoWare\MadMines\Debug\.\</path>
         <kind>object</kind>
         <file>Machine.o</file>
         <name>Machine.o</name>
      </input_file>
      <input_file id="fl-9">
         <path>C:\Users\madis\OneDrive - The University of Texas at Austin\Documents\UT - School\24-25\319H\MSPM0_ValvanoWare\MadMines\Debug\.\</path>
         <kind>object</kind>
         <file>Player.o</file>
         <name>Player.o</name>
      </input_file>
      <input_file id="fl-a">
         <path>C:\Users\madis\OneDrive - The University of Texas at Austin\Documents\UT - School\24-25\319H\MSPM0_ValvanoWare\MadMines\Debug\.\</path>
         <kind>object</kind>
         <file>SPI.o</file>
         <name>SPI.o</name>
      </input_file>
      <input_file id="fl-b">
         <path>C:\Users\madis\OneDrive - The University of Texas at Austin\Documents\UT - School\24-25\319H\MSPM0_ValvanoWare\MadMines\Debug\.\</path>
         <kind>object</kind>
         <file>ST7735.o</file>
         <name>ST7735.o</name>
      </input_file>
      <input_file id="fl-c">
         <path>C:\Users\madis\OneDrive - The University of Texas at Austin\Documents\UT - School\24-25\319H\MSPM0_ValvanoWare\MadMines\Debug\.\</path>
         <kind>object</kind>
         <file>SlidePot.o</file>
         <name>SlidePot.o</name>
      </input_file>
      <input_file id="fl-d">
         <path>C:\Users\madis\OneDrive - The University of Texas at Austin\Documents\UT - School\24-25\319H\MSPM0_ValvanoWare\MadMines\Debug\.\</path>
         <kind>object</kind>
         <file>SmallFont.o</file>
         <name>SmallFont.o</name>
      </input_file>
      <input_file id="fl-e">
         <path>C:\Users\madis\OneDrive - The University of Texas at Austin\Documents\UT - School\24-25\319H\MSPM0_ValvanoWare\MadMines\Debug\.\</path>
         <kind>object</kind>
         <file>Sound.o</file>
         <name>Sound.o</name>
      </input_file>
      <input_file id="fl-f">
         <path>C:\Users\madis\OneDrive - The University of Texas at Austin\Documents\UT - School\24-25\319H\MSPM0_ValvanoWare\MadMines\Debug\.\</path>
         <kind>object</kind>
         <file>Switch.o</file>
         <name>Switch.o</name>
      </input_file>
      <input_file id="fl-10">
         <path>C:\Users\madis\OneDrive - The University of Texas at Austin\Documents\UT - School\24-25\319H\MSPM0_ValvanoWare\MadMines\Debug\.\</path>
         <kind>object</kind>
         <file>TExaS.o</file>
         <name>TExaS.o</name>
      </input_file>
      <input_file id="fl-11">
         <path>C:\Users\madis\OneDrive - The University of Texas at Austin\Documents\UT - School\24-25\319H\MSPM0_ValvanoWare\MadMines\Debug\.\</path>
         <kind>object</kind>
         <file>Timer.o</file>
         <name>Timer.o</name>
      </input_file>
      <input_file id="fl-12">
         <path>C:\Users\madis\OneDrive - The University of Texas at Austin\Documents\UT - School\24-25\319H\MSPM0_ValvanoWare\MadMines\Debug\.\</path>
         <kind>object</kind>
         <file>UART2.o</file>
         <name>UART2.o</name>
      </input_file>
      <input_file id="fl-13">
         <path>C:\Users\madis\OneDrive - The University of Texas at Austin\Documents\UT - School\24-25\319H\MSPM0_ValvanoWare\MadMines\Debug\.\ticlang\</path>
         <kind>object</kind>
         <file>startup_mspm0g3507_ticlang.o</file>
         <name>startup_mspm0g3507_ticlang.o</name>
      </input_file>
      <input_file id="fl-1f">
         <path>C:\Users\madis\OneDrive - The University of Texas at Austin\Documents\UT - School\24-25\319H\MSPM0_ValvanoWare\MadMines\Debug\</path>
         <kind>object</kind>
         <file>&lt;internal&gt;</file>
         <name>&lt;internal&gt;</name>
      </input_file>
      <input_file id="fl-34">
         <path>C:\ti\ccs2000\ccs\tools\compiler\ti-cgt-armllvm_4.0.1.LTS\lib\armv6m-ti-none-eabi\c\</path>
         <kind>archive</kind>
         <file>libc.a</file>
         <name>fopen.c.obj</name>
      </input_file>
      <input_file id="fl-35">
         <path>C:\ti\ccs2000\ccs\tools\compiler\ti-cgt-armllvm_4.0.1.LTS\lib\armv6m-ti-none-eabi\c\</path>
         <kind>archive</kind>
         <file>libc.a</file>
         <name>setvbuf.c.obj</name>
      </input_file>
      <input_file id="fl-36">
         <path>C:\ti\ccs2000\ccs\tools\compiler\ti-cgt-armllvm_4.0.1.LTS\lib\armv6m-ti-none-eabi\c\</path>
         <kind>archive</kind>
         <file>libc.a</file>
         <name>aeabi_portable.c.obj</name>
      </input_file>
      <input_file id="fl-37">
         <path>C:\ti\ccs2000\ccs\tools\compiler\ti-cgt-armllvm_4.0.1.LTS\lib\armv6m-ti-none-eabi\c\</path>
         <kind>archive</kind>
         <file>libc.a</file>
         <name>exit.c.obj</name>
      </input_file>
      <input_file id="fl-38">
         <path>C:\ti\ccs2000\ccs\tools\compiler\ti-cgt-armllvm_4.0.1.LTS\lib\armv6m-ti-none-eabi\c\</path>
         <kind>archive</kind>
         <file>libc.a</file>
         <name>_lock.c.obj</name>
      </input_file>
      <input_file id="fl-39">
         <path>C:\ti\ccs2000\ccs\tools\compiler\ti-cgt-armllvm_4.0.1.LTS\lib\armv6m-ti-none-eabi\c\</path>
         <kind>archive</kind>
         <file>libc.a</file>
         <name>assert.c.obj</name>
      </input_file>
      <input_file id="fl-3a">
         <path>C:\ti\ccs2000\ccs\tools\compiler\ti-cgt-armllvm_4.0.1.LTS\lib\armv6m-ti-none-eabi\c\</path>
         <kind>archive</kind>
         <file>libc.a</file>
         <name>defs.c.obj</name>
      </input_file>
      <input_file id="fl-3b">
         <path>C:\ti\ccs2000\ccs\tools\compiler\ti-cgt-armllvm_4.0.1.LTS\lib\armv6m-ti-none-eabi\c\</path>
         <kind>archive</kind>
         <file>libc.a</file>
         <name>memory.c.obj</name>
      </input_file>
      <input_file id="fl-3c">
         <path>C:\ti\ccs2000\ccs\tools\compiler\ti-cgt-armllvm_4.0.1.LTS\lib\armv6m-ti-none-eabi\c\</path>
         <kind>archive</kind>
         <file>libc.a</file>
         <name>copy_zero_init.c.obj</name>
      </input_file>
      <input_file id="fl-3d">
         <path>C:\ti\ccs2000\ccs\tools\compiler\ti-cgt-armllvm_4.0.1.LTS\lib\armv6m-ti-none-eabi\c\</path>
         <kind>archive</kind>
         <file>libc.a</file>
         <name>copy_decompress_none.c.obj</name>
      </input_file>
      <input_file id="fl-3e">
         <path>C:\ti\ccs2000\ccs\tools\compiler\ti-cgt-armllvm_4.0.1.LTS\lib\armv6m-ti-none-eabi\c\</path>
         <kind>archive</kind>
         <file>libc.a</file>
         <name>copy_decompress_lzss.c.obj</name>
      </input_file>
      <input_file id="fl-3f">
         <path>C:\ti\ccs2000\ccs\tools\compiler\ti-cgt-armllvm_4.0.1.LTS\lib\armv6m-ti-none-eabi\c\</path>
         <kind>archive</kind>
         <file>libc.a</file>
         <name>boot_cortex_m.c.obj</name>
      </input_file>
      <input_file id="fl-40">
         <path>C:\ti\ccs2000\ccs\tools\compiler\ti-cgt-armllvm_4.0.1.LTS\lib\armv6m-ti-none-eabi\c\</path>
         <kind>archive</kind>
         <file>libc.a</file>
         <name>mathacl_init.c.obj</name>
      </input_file>
      <input_file id="fl-41">
         <path>C:\ti\ccs2000\ccs\tools\compiler\ti-cgt-armllvm_4.0.1.LTS\lib\armv6m-ti-none-eabi\c\</path>
         <kind>archive</kind>
         <file>libc.a</file>
         <name>sprintf.c.obj</name>
      </input_file>
      <input_file id="fl-42">
         <path>C:\ti\ccs2000\ccs\tools\compiler\ti-cgt-armllvm_4.0.1.LTS\lib\armv6m-ti-none-eabi\c\</path>
         <kind>archive</kind>
         <file>libc.a</file>
         <name>fclose.c.obj</name>
      </input_file>
      <input_file id="fl-43">
         <path>C:\ti\ccs2000\ccs\tools\compiler\ti-cgt-armllvm_4.0.1.LTS\lib\armv6m-ti-none-eabi\c\</path>
         <kind>archive</kind>
         <file>libc.a</file>
         <name>fflush.c.obj</name>
      </input_file>
      <input_file id="fl-44">
         <path>C:\ti\ccs2000\ccs\tools\compiler\ti-cgt-armllvm_4.0.1.LTS\lib\armv6m-ti-none-eabi\c\</path>
         <kind>archive</kind>
         <file>libc.a</file>
         <name>fputs.c.obj</name>
      </input_file>
      <input_file id="fl-45">
         <path>C:\ti\ccs2000\ccs\tools\compiler\ti-cgt-armllvm_4.0.1.LTS\lib\armv6m-ti-none-eabi\c\</path>
         <kind>archive</kind>
         <file>libc.a</file>
         <name>_io_perm.c.obj</name>
      </input_file>
      <input_file id="fl-46">
         <path>C:\ti\ccs2000\ccs\tools\compiler\ti-cgt-armllvm_4.0.1.LTS\lib\armv6m-ti-none-eabi\c\</path>
         <kind>archive</kind>
         <file>libc.a</file>
         <name>args_main.c.obj</name>
      </input_file>
      <input_file id="fl-47">
         <path>C:\ti\ccs2000\ccs\tools\compiler\ti-cgt-armllvm_4.0.1.LTS\lib\armv6m-ti-none-eabi\c\</path>
         <kind>archive</kind>
         <file>libc.a</file>
         <name>autoinit.c.obj</name>
      </input_file>
      <input_file id="fl-48">
         <path>C:\ti\ccs2000\ccs\tools\compiler\ti-cgt-armllvm_4.0.1.LTS\lib\armv6m-ti-none-eabi\c\</path>
         <kind>archive</kind>
         <file>libc.a</file>
         <name>pre_init.c.obj</name>
      </input_file>
      <input_file id="fl-49">
         <path>C:\ti\ccs2000\ccs\tools\compiler\ti-cgt-armllvm_4.0.1.LTS\lib\armv6m-ti-none-eabi\c\</path>
         <kind>archive</kind>
         <file>libc.a</file>
         <name>cpy_tbl.c.obj</name>
      </input_file>
      <input_file id="fl-4a">
         <path>C:\ti\ccs2000\ccs\tools\compiler\ti-cgt-armllvm_4.0.1.LTS\lib\armv6m-ti-none-eabi\c\</path>
         <kind>archive</kind>
         <file>libc.a</file>
         <name>_printfi.c.obj</name>
      </input_file>
      <input_file id="fl-4b">
         <path>C:\ti\ccs2000\ccs\tools\compiler\ti-cgt-armllvm_4.0.1.LTS\lib\armv6m-ti-none-eabi\c\</path>
         <kind>archive</kind>
         <file>libc.a</file>
         <name>fseek.c.obj</name>
      </input_file>
      <input_file id="fl-4c">
         <path>C:\ti\ccs2000\ccs\tools\compiler\ti-cgt-armllvm_4.0.1.LTS\lib\armv6m-ti-none-eabi\c\</path>
         <kind>archive</kind>
         <file>libc.a</file>
         <name>wcslen.c.obj</name>
      </input_file>
      <input_file id="fl-4d">
         <path>C:\ti\ccs2000\ccs\tools\compiler\ti-cgt-armllvm_4.0.1.LTS\lib\armv6m-ti-none-eabi\c\</path>
         <kind>archive</kind>
         <file>libc.a</file>
         <name>_ltoa.c.obj</name>
      </input_file>
      <input_file id="fl-4e">
         <path>C:\ti\ccs2000\ccs\tools\compiler\ti-cgt-armllvm_4.0.1.LTS\lib\armv6m-ti-none-eabi\c\</path>
         <kind>archive</kind>
         <file>libc.a</file>
         <name>atoi.c.obj</name>
      </input_file>
      <input_file id="fl-4f">
         <path>C:\ti\ccs2000\ccs\tools\compiler\ti-cgt-armllvm_4.0.1.LTS\lib\armv6m-ti-none-eabi\c\</path>
         <kind>archive</kind>
         <file>libc.a</file>
         <name>memccpy.c.obj</name>
      </input_file>
      <input_file id="fl-50">
         <path>C:\ti\ccs2000\ccs\tools\compiler\ti-cgt-armllvm_4.0.1.LTS\lib\armv6m-ti-none-eabi\c\</path>
         <kind>archive</kind>
         <file>libc.a</file>
         <name>s_frexp.c.obj</name>
      </input_file>
      <input_file id="fl-51">
         <path>C:\ti\ccs2000\ccs\tools\compiler\ti-cgt-armllvm_4.0.1.LTS\lib\armv6m-ti-none-eabi\c\</path>
         <kind>archive</kind>
         <file>libc.a</file>
         <name>s_scalbn.c.obj</name>
      </input_file>
      <input_file id="fl-52">
         <path>C:\ti\ccs2000\ccs\tools\compiler\ti-cgt-armllvm_4.0.1.LTS\lib\armv6m-ti-none-eabi\c\</path>
         <kind>archive</kind>
         <file>libc.a</file>
         <name>aeabi_ctype.S.obj</name>
      </input_file>
      <input_file id="fl-e8">
         <path>C:\ti\ccs2000\ccs\tools\compiler\ti-cgt-armllvm_4.0.1.LTS\lib\armv6m-ti-none-eabi\c\</path>
         <kind>archive</kind>
         <file>libsysbm.a</file>
         <name>write.c.obj</name>
      </input_file>
      <input_file id="fl-e9">
         <path>C:\ti\ccs2000\ccs\tools\compiler\ti-cgt-armllvm_4.0.1.LTS\lib\armv6m-ti-none-eabi\c\</path>
         <kind>archive</kind>
         <file>libsysbm.a</file>
         <name>host_device.c.obj</name>
      </input_file>
      <input_file id="fl-ea">
         <path>C:\ti\ccs2000\ccs\tools\compiler\ti-cgt-armllvm_4.0.1.LTS\lib\armv6m-ti-none-eabi\c\</path>
         <kind>archive</kind>
         <file>libsysbm.a</file>
         <name>remove.c.obj</name>
      </input_file>
      <input_file id="fl-eb">
         <path>C:\ti\ccs2000\ccs\tools\compiler\ti-cgt-armllvm_4.0.1.LTS\lib\armv6m-ti-none-eabi\c\</path>
         <kind>archive</kind>
         <file>libsysbm.a</file>
         <name>open.c.obj</name>
      </input_file>
      <input_file id="fl-ec">
         <path>C:\ti\ccs2000\ccs\tools\compiler\ti-cgt-armllvm_4.0.1.LTS\lib\armv6m-ti-none-eabi\c\</path>
         <kind>archive</kind>
         <file>libsysbm.a</file>
         <name>lseek.c.obj</name>
      </input_file>
      <input_file id="fl-ed">
         <path>C:\ti\ccs2000\ccs\tools\compiler\ti-cgt-armllvm_4.0.1.LTS\lib\armv6m-ti-none-eabi\c\</path>
         <kind>archive</kind>
         <file>libsysbm.a</file>
         <name>close.c.obj</name>
      </input_file>
      <input_file id="fl-ee">
         <path>C:\ti\ccs2000\ccs\tools\compiler\ti-cgt-armllvm_4.0.1.LTS\lib\armv6m-ti-none-eabi\c\</path>
         <kind>archive</kind>
         <file>libsysbm.a</file>
         <name>add_device.c.obj</name>
      </input_file>
      <input_file id="fl-ef">
         <path>C:\ti\ccs2000\ccs\tools\compiler\ti-cgt-armllvm_4.0.1.LTS\lib\armv6m-ti-none-eabi\c\</path>
         <kind>archive</kind>
         <file>libsysbm.a</file>
         <name>unlink.c.obj</name>
      </input_file>
      <input_file id="fl-f0">
         <path>C:\ti\ccs2000\ccs\tools\compiler\ti-cgt-armllvm_4.0.1.LTS\lib\armv6m-ti-none-eabi\c\</path>
         <kind>archive</kind>
         <file>libsysbm.a</file>
         <name>hostclose.c.obj</name>
      </input_file>
      <input_file id="fl-f1">
         <path>C:\ti\ccs2000\ccs\tools\compiler\ti-cgt-armllvm_4.0.1.LTS\lib\armv6m-ti-none-eabi\c\</path>
         <kind>archive</kind>
         <file>libsysbm.a</file>
         <name>hostlseek.c.obj</name>
      </input_file>
      <input_file id="fl-f2">
         <path>C:\ti\ccs2000\ccs\tools\compiler\ti-cgt-armllvm_4.0.1.LTS\lib\armv6m-ti-none-eabi\c\</path>
         <kind>archive</kind>
         <file>libsysbm.a</file>
         <name>hostopen.c.obj</name>
      </input_file>
      <input_file id="fl-f3">
         <path>C:\ti\ccs2000\ccs\tools\compiler\ti-cgt-armllvm_4.0.1.LTS\lib\armv6m-ti-none-eabi\c\</path>
         <kind>archive</kind>
         <file>libsysbm.a</file>
         <name>hostread.c.obj</name>
      </input_file>
      <input_file id="fl-f4">
         <path>C:\ti\ccs2000\ccs\tools\compiler\ti-cgt-armllvm_4.0.1.LTS\lib\armv6m-ti-none-eabi\c\</path>
         <kind>archive</kind>
         <file>libsysbm.a</file>
         <name>hostrename.c.obj</name>
      </input_file>
      <input_file id="fl-f5">
         <path>C:\ti\ccs2000\ccs\tools\compiler\ti-cgt-armllvm_4.0.1.LTS\lib\armv6m-ti-none-eabi\c\</path>
         <kind>archive</kind>
         <file>libsysbm.a</file>
         <name>hostunlink.c.obj</name>
      </input_file>
      <input_file id="fl-f6">
         <path>C:\ti\ccs2000\ccs\tools\compiler\ti-cgt-armllvm_4.0.1.LTS\lib\armv6m-ti-none-eabi\c\</path>
         <kind>archive</kind>
         <file>libsysbm.a</file>
         <name>hostwrite.c.obj</name>
      </input_file>
      <input_file id="fl-f7">
         <path>C:\ti\ccs2000\ccs\tools\compiler\ti-cgt-armllvm_4.0.1.LTS\lib\armv6m-ti-none-eabi\c\</path>
         <kind>archive</kind>
         <file>libsysbm.a</file>
         <name>trgmsg.c.obj</name>
      </input_file>
      <input_file id="fl-f8">
         <path>C:\ti\ccs2000\ccs\tools\compiler\ti-cgt-armllvm_4.0.1.LTS\lib\armv6m-ti-none-eabi\</path>
         <kind>archive</kind>
         <file>libclang_rt.builtins.a</file>
         <name>adddf3.S.obj</name>
      </input_file>
      <input_file id="fl-f9">
         <path>C:\ti\ccs2000\ccs\tools\compiler\ti-cgt-armllvm_4.0.1.LTS\lib\armv6m-ti-none-eabi\</path>
         <kind>archive</kind>
         <file>libclang_rt.builtins.a</file>
         <name>muldf3.S.obj</name>
      </input_file>
      <input_file id="fl-fa">
         <path>C:\ti\ccs2000\ccs\tools\compiler\ti-cgt-armllvm_4.0.1.LTS\lib\armv6m-ti-none-eabi\</path>
         <kind>archive</kind>
         <file>libclang_rt.builtins.a</file>
         <name>muldsi3.S.obj</name>
      </input_file>
      <input_file id="fl-fb">
         <path>C:\ti\ccs2000\ccs\tools\compiler\ti-cgt-armllvm_4.0.1.LTS\lib\armv6m-ti-none-eabi\</path>
         <kind>archive</kind>
         <file>libclang_rt.builtins.a</file>
         <name>divdf3.S.obj</name>
      </input_file>
      <input_file id="fl-fc">
         <path>C:\ti\ccs2000\ccs\tools\compiler\ti-cgt-armllvm_4.0.1.LTS\lib\armv6m-ti-none-eabi\</path>
         <kind>archive</kind>
         <file>libclang_rt.builtins.a</file>
         <name>fixdfsi.S.obj</name>
      </input_file>
      <input_file id="fl-fd">
         <path>C:\ti\ccs2000\ccs\tools\compiler\ti-cgt-armllvm_4.0.1.LTS\lib\armv6m-ti-none-eabi\</path>
         <kind>archive</kind>
         <file>libclang_rt.builtins.a</file>
         <name>floatsidf.S.obj</name>
      </input_file>
      <input_file id="fl-fe">
         <path>C:\ti\ccs2000\ccs\tools\compiler\ti-cgt-armllvm_4.0.1.LTS\lib\armv6m-ti-none-eabi\</path>
         <kind>archive</kind>
         <file>libclang_rt.builtins.a</file>
         <name>muldi3.S.obj</name>
      </input_file>
      <input_file id="fl-ff">
         <path>C:\ti\ccs2000\ccs\tools\compiler\ti-cgt-armllvm_4.0.1.LTS\lib\armv6m-ti-none-eabi\</path>
         <kind>archive</kind>
         <file>libclang_rt.builtins.a</file>
         <name>aeabi_dcmp.S.obj</name>
      </input_file>
      <input_file id="fl-100">
         <path>C:\ti\ccs2000\ccs\tools\compiler\ti-cgt-armllvm_4.0.1.LTS\lib\armv6m-ti-none-eabi\</path>
         <kind>archive</kind>
         <file>libclang_rt.builtins.a</file>
         <name>aeabi_idivmod.S.obj</name>
      </input_file>
      <input_file id="fl-101">
         <path>C:\ti\ccs2000\ccs\tools\compiler\ti-cgt-armllvm_4.0.1.LTS\lib\armv6m-ti-none-eabi\</path>
         <kind>archive</kind>
         <file>libclang_rt.builtins.a</file>
         <name>aeabi_memcpy.S.obj</name>
      </input_file>
      <input_file id="fl-102">
         <path>C:\ti\ccs2000\ccs\tools\compiler\ti-cgt-armllvm_4.0.1.LTS\lib\armv6m-ti-none-eabi\</path>
         <kind>archive</kind>
         <file>libclang_rt.builtins.a</file>
         <name>aeabi_memset.S.obj</name>
      </input_file>
      <input_file id="fl-103">
         <path>C:\ti\ccs2000\ccs\tools\compiler\ti-cgt-armllvm_4.0.1.LTS\lib\armv6m-ti-none-eabi\</path>
         <kind>archive</kind>
         <file>libclang_rt.builtins.a</file>
         <name>aeabi_uidivmod.S.obj</name>
      </input_file>
      <input_file id="fl-104">
         <path>C:\ti\ccs2000\ccs\tools\compiler\ti-cgt-armllvm_4.0.1.LTS\lib\armv6m-ti-none-eabi\</path>
         <kind>archive</kind>
         <file>libclang_rt.builtins.a</file>
         <name>aeabi_uldivmod.S.obj</name>
      </input_file>
      <input_file id="fl-105">
         <path>C:\ti\ccs2000\ccs\tools\compiler\ti-cgt-armllvm_4.0.1.LTS\lib\armv6m-ti-none-eabi\</path>
         <kind>archive</kind>
         <file>libclang_rt.builtins.a</file>
         <name>udivmoddi4.S.obj</name>
      </input_file>
      <input_file id="fl-106">
         <path>C:\ti\ccs2000\ccs\tools\compiler\ti-cgt-armllvm_4.0.1.LTS\lib\armv6m-ti-none-eabi\</path>
         <kind>archive</kind>
         <file>libclang_rt.builtins.a</file>
         <name>ashldi3.S.obj</name>
      </input_file>
      <input_file id="fl-107">
         <path>C:\ti\ccs2000\ccs\tools\compiler\ti-cgt-armllvm_4.0.1.LTS\lib\armv6m-ti-none-eabi\</path>
         <kind>archive</kind>
         <file>libclang_rt.builtins.a</file>
         <name>comparedf2.c.obj</name>
      </input_file>
      <input_file id="fl-108">
         <path>C:\ti\ccs2000\ccs\tools\compiler\ti-cgt-armllvm_4.0.1.LTS\lib\armv6m-ti-none-eabi\</path>
         <kind>archive</kind>
         <file>libclang_rt.builtins.a</file>
         <name>aeabi_div0.c.obj</name>
      </input_file>
      <input_file id="fl-109">
         <path>C:\ti\ccs2000\ccs\tools\compiler\ti-cgt-armllvm_4.0.1.LTS\lib\armv6m-ti-none-eabi\c\</path>
         <kind>archive</kind>
         <file>libc.a</file>
         <name>getdevice.c.obj</name>
      </input_file>
      <input_file id="fl-10a">
         <path>C:\ti\ccs2000\ccs\tools\compiler\ti-cgt-armllvm_4.0.1.LTS\lib\armv6m-ti-none-eabi\c\</path>
         <kind>archive</kind>
         <file>libc.a</file>
         <name>memcpy16.S.obj</name>
      </input_file>
      <input_file id="fl-10b">
         <path>C:\ti\ccs2000\ccs\tools\compiler\ti-cgt-armllvm_4.0.1.LTS\lib\armv6m-ti-none-eabi\c\</path>
         <kind>archive</kind>
         <file>libc.a</file>
         <name>memset16.S.obj</name>
      </input_file>
      <input_file id="fl-10c">
         <path>C:\ti\ccs2000\ccs\tools\compiler\ti-cgt-armllvm_4.0.1.LTS\lib\armv6m-ti-none-eabi\c\</path>
         <kind>archive</kind>
         <file>libc.a</file>
         <name>strcmp-armv6m.S.obj</name>
      </input_file>
   </input_file_list>
   <object_component_list>
      <object_component id="oc-18">
         <name>.intvecs</name>
         <load_address>0x0</load_address>
         <readonly>true</readonly>
         <run_address>0x0</run_address>
         <size>0xc0</size>
         <alignment>0x4</alignment>
         <input_file_ref idref="fl-13"/>
      </object_component>
      <object_component id="oc-aa">
         <name>.text.main</name>
         <load_address>0x18630</load_address>
         <readonly>true</readonly>
         <executable>true</executable>
         <run_address>0x18630</run_address>
         <size>0xc54</size>
         <alignment>0x4</alignment>
         <input_file_ref idref="fl-6"/>
      </object_component>
      <object_component id="oc-13a">
         <name>.text._ZN7Machine10updateCartEh</name>
         <load_address>0x19284</load_address>
         <readonly>true</readonly>
         <executable>true</executable>
         <run_address>0x19284</run_address>
         <size>0x510</size>
         <alignment>0x4</alignment>
         <input_file_ref idref="fl-8"/>
      </object_component>
      <object_component id="oc-132">
         <name>.text._ZN7Machine11updateAnvilEh</name>
         <load_address>0x19794</load_address>
         <readonly>true</readonly>
         <executable>true</executable>
         <run_address>0x19794</run_address>
         <size>0x4c8</size>
         <alignment>0x4</alignment>
         <input_file_ref idref="fl-8"/>
      </object_component>
      <object_component id="oc-139">
         <name>.text._ZN7Machine10updateRockEh</name>
         <load_address>0x19c5c</load_address>
         <readonly>true</readonly>
         <executable>true</executable>
         <run_address>0x19c5c</run_address>
         <size>0x40c</size>
         <alignment>0x4</alignment>
         <input_file_ref idref="fl-8"/>
      </object_component>
      <object_component id="oc-13b">
         <name>.text._ZN7Machine14updateCountersEhPS_</name>
         <load_address>0x1a068</load_address>
         <readonly>true</readonly>
         <executable>true</executable>
         <run_address>0x1a068</run_address>
         <size>0x38c</size>
         <alignment>0x4</alignment>
         <input_file_ref idref="fl-8"/>
      </object_component>
      <object_component id="oc-138">
         <name>.text._ZN7Machine13updateSmelterEh</name>
         <load_address>0x1a3f4</load_address>
         <readonly>true</readonly>
         <executable>true</executable>
         <run_address>0x1a3f4</run_address>
         <size>0x340</size>
         <alignment>0x4</alignment>
         <input_file_ref idref="fl-8"/>
      </object_component>
      <object_component id="oc-1cf">
         <name>.text._ZN7Machine10printAnvilEv</name>
         <load_address>0x1a734</load_address>
         <readonly>true</readonly>
         <executable>true</executable>
         <run_address>0x1a734</run_address>
         <size>0x2b8</size>
         <alignment>0x4</alignment>
         <input_file_ref idref="fl-8"/>
      </object_component>
      <object_component id="oc-1eb">
         <name>.text._ZN7Machine13printCountersEPS_</name>
         <load_address>0x1a9ec</load_address>
         <readonly>true</readonly>
         <executable>true</executable>
         <run_address>0x1a9ec</run_address>
         <size>0x2b0</size>
         <alignment>0x4</alignment>
         <input_file_ref idref="fl-8"/>
      </object_component>
      <object_component id="oc-11f">
         <name>.text._ZN6Player8inBoundsEssPP7Machinehh</name>
         <load_address>0x1ac9c</load_address>
         <readonly>true</readonly>
         <executable>true</executable>
         <run_address>0x1ac9c</run_address>
         <size>0x244</size>
         <alignment>0x4</alignment>
         <input_file_ref idref="fl-9"/>
      </object_component>
      <object_component id="oc-10f">
         <name>.text._Z17ST7735_DrawBitmapssPKtss</name>
         <load_address>0x1aee0</load_address>
         <readonly>true</readonly>
         <executable>true</executable>
         <run_address>0x1aee0</run_address>
         <size>0x210</size>
         <alignment>0x4</alignment>
         <input_file_ref idref="fl-b"/>
      </object_component>
      <object_component id="oc-100">
         <name>.text._Z17setUpInstructionsv</name>
         <load_address>0x1b0f0</load_address>
         <readonly>true</readonly>
         <executable>true</executable>
         <run_address>0x1b0f0</run_address>
         <size>0x1dc</size>
         <alignment>0x4</alignment>
         <input_file_ref idref="fl-6"/>
      </object_component>
      <object_component id="oc-134">
         <name>.text._ZN7Machine9printCartEv</name>
         <load_address>0x1b2cc</load_address>
         <readonly>true</readonly>
         <executable>true</executable>
         <run_address>0x1b2cc</run_address>
         <size>0x1d8</size>
         <alignment>0x4</alignment>
         <input_file_ref idref="fl-8"/>
      </object_component>
      <object_component id="oc-135">
         <name>.text._ZN7Machine12printSmelterEv</name>
         <load_address>0x1b4a4</load_address>
         <readonly>true</readonly>
         <executable>true</executable>
         <run_address>0x1b4a4</run_address>
         <size>0x1b8</size>
         <alignment>0x4</alignment>
         <input_file_ref idref="fl-8"/>
      </object_component>
      <object_component id="oc-17f">
         <name>.text._Z15Clock_Init80MHzi</name>
         <load_address>0x1b65c</load_address>
         <readonly>true</readonly>
         <executable>true</executable>
         <run_address>0x1b65c</run_address>
         <size>0x1b4</size>
         <alignment>0x4</alignment>
         <input_file_ref idref="fl-1"/>
      </object_component>
      <object_component id="oc-11a">
         <name>.text._Z15ST7735_DrawCharsscssh</name>
         <load_address>0x1b810</load_address>
         <readonly>true</readonly>
         <executable>true</executable>
         <run_address>0x1b810</run_address>
         <size>0x1a4</size>
         <alignment>0x4</alignment>
         <input_file_ref idref="fl-b"/>
      </object_component>
      <object_component id="oc-266">
         <name>.text._Z16ST7735_DrawCharSsscssh</name>
         <load_address>0x1b9b4</load_address>
         <readonly>true</readonly>
         <executable>true</executable>
         <run_address>0x1b9b4</run_address>
         <size>0x1a0</size>
         <alignment>0x4</alignment>
         <input_file_ref idref="fl-b"/>
      </object_component>
      <object_component id="oc-1d2">
         <name>.text._ZN7Machine13computeRecipeEPaa</name>
         <load_address>0x1bb54</load_address>
         <readonly>true</readonly>
         <executable>true</executable>
         <run_address>0x1bb54</run_address>
         <size>0x198</size>
         <alignment>0x4</alignment>
         <input_file_ref idref="fl-8"/>
      </object_component>
      <object_component id="oc-1e4">
         <name>.text._ZN7Machine9printRockEv</name>
         <load_address>0x1bcec</load_address>
         <readonly>true</readonly>
         <executable>true</executable>
         <run_address>0x1bcec</run_address>
         <size>0x17c</size>
         <alignment>0x4</alignment>
         <input_file_ref idref="fl-8"/>
      </object_component>
      <object_component id="oc-1d0">
         <name>.text._ZN7Machine15updateAnvilMenuEPaa</name>
         <load_address>0x1be68</load_address>
         <readonly>true</readonly>
         <executable>true</executable>
         <run_address>0x1be68</run_address>
         <size>0x160</size>
         <alignment>0x4</alignment>
         <input_file_ref idref="fl-8"/>
      </object_component>
      <object_component id="oc-1e9">
         <name>.text._ZN7Machine13cartSendErrorEhh</name>
         <load_address>0x1bfc8</load_address>
         <readonly>true</readonly>
         <executable>true</executable>
         <run_address>0x1bfc8</run_address>
         <size>0x15c</size>
         <alignment>0x2</alignment>
         <input_file_ref idref="fl-8"/>
      </object_component>
      <object_component id="oc-218">
         <name>.text._openfile</name>
         <load_address>0x1c124</load_address>
         <readonly>true</readonly>
         <executable>true</executable>
         <run_address>0x1c124</run_address>
         <size>0x154</size>
         <alignment>0x4</alignment>
         <input_file_ref idref="fl-34"/>
      </object_component>
      <object_component id="oc-1ab">
         <name>.text._Z8ADC_InitP10ADC12_Regsjj</name>
         <load_address>0x1c278</load_address>
         <readonly>true</readonly>
         <executable>true</executable>
         <run_address>0x1c278</run_address>
         <size>0x128</size>
         <alignment>0x4</alignment>
         <input_file_ref idref="fl-10"/>
      </object_component>
      <object_component id="oc-111">
         <name>.text._Z15ST7735_FillRectsssst</name>
         <load_address>0x1c3a0</load_address>
         <readonly>true</readonly>
         <executable>true</executable>
         <run_address>0x1c3a0</run_address>
         <size>0x118</size>
         <alignment>0x4</alignment>
         <input_file_ref idref="fl-b"/>
      </object_component>
      <object_component id="oc-2b2">
         <name>.text.aligned_alloc</name>
         <load_address>0x1c4b8</load_address>
         <readonly>true</readonly>
         <executable>true</executable>
         <run_address>0x1c4b8</run_address>
         <size>0x114</size>
         <alignment>0x4</alignment>
         <input_file_ref idref="fl-3b"/>
      </object_component>
      <object_component id="oc-271">
         <name>.text._Z8SPI_Initv</name>
         <load_address>0x1c5cc</load_address>
         <readonly>true</readonly>
         <executable>true</executable>
         <run_address>0x1c5cc</run_address>
         <size>0xf8</size>
         <alignment>0x4</alignment>
         <input_file_ref idref="fl-a"/>
      </object_component>
      <object_component id="oc-12d">
         <name>.text._Z18ST7735_SetRotationh</name>
         <load_address>0x1c6c4</load_address>
         <readonly>true</readonly>
         <executable>true</executable>
         <run_address>0x1c6c4</run_address>
         <size>0xf4</size>
         <alignment>0x4</alignment>
         <input_file_ref idref="fl-b"/>
      </object_component>
      <object_component id="oc-188">
         <name>.text.add_device</name>
         <load_address>0x1c7b8</load_address>
         <readonly>true</readonly>
         <executable>true</executable>
         <run_address>0x1c7b8</run_address>
         <size>0xec</size>
         <alignment>0x4</alignment>
         <input_file_ref idref="fl-ee"/>
      </object_component>
      <object_component id="oc-1ad">
         <name>.text._Z9UART_Initv</name>
         <load_address>0x1c8a4</load_address>
         <readonly>true</readonly>
         <executable>true</executable>
         <run_address>0x1c8a4</run_address>
         <size>0xe8</size>
         <alignment>0x4</alignment>
         <input_file_ref idref="fl-10"/>
      </object_component>
      <object_component id="oc-221">
         <name>.text.free</name>
         <load_address>0x1c98c</load_address>
         <readonly>true</readonly>
         <executable>true</executable>
         <run_address>0x1c98c</run_address>
         <size>0xe8</size>
         <alignment>0x4</alignment>
         <input_file_ref idref="fl-3b"/>
      </object_component>
      <object_component id="oc-193">
         <name>.text.setvbuf</name>
         <load_address>0x1ca74</load_address>
         <readonly>true</readonly>
         <executable>true</executable>
         <run_address>0x1ca74</run_address>
         <size>0xe0</size>
         <alignment>0x4</alignment>
         <input_file_ref idref="fl-35"/>
      </object_component>
      <object_component id="oc-f7">
         <name>.text._Z10UART2_Initv</name>
         <load_address>0x1cb54</load_address>
         <readonly>true</readonly>
         <executable>true</executable>
         <run_address>0x1cb54</run_address>
         <size>0xdc</size>
         <alignment>0x4</alignment>
         <input_file_ref idref="fl-12"/>
      </object_component>
      <object_component id="oc-1f1">
         <name>.text._Z14ST7735_OutCharc</name>
         <load_address>0x1cc30</load_address>
         <readonly>true</readonly>
         <executable>true</executable>
         <run_address>0x1cc30</run_address>
         <size>0xd8</size>
         <alignment>0x4</alignment>
         <input_file_ref idref="fl-b"/>
      </object_component>
      <object_component id="oc-106">
         <name>.text._Z20ST7735_DrawFastHLinessst</name>
         <load_address>0x1cd08</load_address>
         <readonly>true</readonly>
         <executable>true</executable>
         <run_address>0x1cd08</run_address>
         <size>0xb0</size>
         <alignment>0x4</alignment>
         <input_file_ref idref="fl-b"/>
      </object_component>
      <object_component id="oc-107">
         <name>.text._Z20ST7735_DrawFastVLinessst</name>
         <load_address>0x1cdb8</load_address>
         <readonly>true</readonly>
         <executable>true</executable>
         <run_address>0x1cdb8</run_address>
         <size>0xb0</size>
         <alignment>0x4</alignment>
         <input_file_ref idref="fl-b"/>
      </object_component>
      <object_component id="oc-1af">
         <name>.text._Z14TimerG7_IntArmtjj</name>
         <load_address>0x1ce68</load_address>
         <readonly>true</readonly>
         <executable>true</executable>
         <run_address>0x1ce68</run_address>
         <size>0xa8</size>
         <alignment>0x4</alignment>
         <input_file_ref idref="fl-11"/>
      </object_component>
      <object_component id="oc-203">
         <name>.text._ZL11commandListPKh</name>
         <load_address>0x1cf10</load_address>
         <readonly>true</readonly>
         <executable>true</executable>
         <run_address>0x1cf10</run_address>
         <size>0xa2</size>
         <alignment>0x2</alignment>
         <input_file_ref idref="fl-b"/>
      </object_component>
      <object_component id="oc-1c2">
         <name>.text.__aeabi_idiv0</name>
         <load_address>0x1cfb2</load_address>
         <readonly>true</readonly>
         <executable>true</executable>
         <run_address>0x1cfb2</run_address>
         <size>0x2</size>
         <alignment>0x2</alignment>
         <input_file_ref idref="fl-108"/>
      </object_component>
      <object_component id="oc-29a">
         <name>.text.open</name>
         <load_address>0x1cfb4</load_address>
         <readonly>true</readonly>
         <executable>true</executable>
         <run_address>0x1cfb4</run_address>
         <size>0xa0</size>
         <alignment>0x4</alignment>
         <input_file_ref idref="fl-eb"/>
      </object_component>
      <object_component id="oc-e9">
         <name>.text._Z17ST7735_InitPrintfv</name>
         <load_address>0x1d054</load_address>
         <readonly>true</readonly>
         <executable>true</executable>
         <run_address>0x1d054</run_address>
         <size>0x9c</size>
         <alignment>0x4</alignment>
         <input_file_ref idref="fl-b"/>
      </object_component>
      <object_component id="oc-1ce">
         <name>.text._ZN6Player14checkProximityE7Machine</name>
         <load_address>0x1d0f0</load_address>
         <readonly>true</readonly>
         <executable>true</executable>
         <run_address>0x1d0f0</run_address>
         <size>0x9c</size>
         <alignment>0x2</alignment>
         <input_file_ref idref="fl-9"/>
      </object_component>
      <object_component id="oc-187">
         <name>.text._Z12ST7735_InitR10initRFlags</name>
         <load_address>0x1d18c</load_address>
         <readonly>true</readonly>
         <executable>true</executable>
         <run_address>0x1d18c</run_address>
         <size>0x98</size>
         <alignment>0x4</alignment>
         <input_file_ref idref="fl-b"/>
      </object_component>
      <object_component id="oc-11e">
         <name>.text._ZN6Player16resetCoordinatesEPsS0_</name>
         <load_address>0x1d224</load_address>
         <readonly>true</readonly>
         <executable>true</executable>
         <run_address>0x1d224</run_address>
         <size>0x98</size>
         <alignment>0x2</alignment>
         <input_file_ref idref="fl-9"/>
      </object_component>
      <object_component id="oc-fb">
         <name>.text._Z15TimerG12_IntArmjj</name>
         <load_address>0x1d2bc</load_address>
         <readonly>true</readonly>
         <executable>true</executable>
         <run_address>0x1d2bc</run_address>
         <size>0x94</size>
         <alignment>0x4</alignment>
         <input_file_ref idref="fl-11"/>
      </object_component>
      <object_component id="oc-245">
         <name>.text._Z11Sound_Starth</name>
         <load_address>0x1d350</load_address>
         <readonly>true</readonly>
         <executable>true</executable>
         <run_address>0x1d350</run_address>
         <size>0x90</size>
         <alignment>0x4</alignment>
         <input_file_ref idref="fl-e"/>
      </object_component>
      <object_component id="oc-265">
         <name>.text._Z17ST7735_DrawStringttPcs</name>
         <load_address>0x1d3e0</load_address>
         <readonly>true</readonly>
         <executable>true</executable>
         <run_address>0x1d3e0</run_address>
         <size>0x8c</size>
         <alignment>0x4</alignment>
         <input_file_ref idref="fl-b"/>
      </object_component>
      <object_component id="oc-166">
         <name>.text._ZN7MachineC2Ehhhhhhhhhh</name>
         <load_address>0x1d46c</load_address>
         <readonly>true</readonly>
         <executable>true</executable>
         <run_address>0x1d46c</run_address>
         <size>0x8c</size>
         <alignment>0x2</alignment>
         <input_file_ref idref="fl-8"/>
      </object_component>
      <object_component id="oc-f0">
         <name>.text._ZN8SlidePot4InitEv</name>
         <load_address>0x1d4f8</load_address>
         <readonly>true</readonly>
         <executable>true</executable>
         <run_address>0x1d4f8</run_address>
         <size>0x8c</size>
         <alignment>0x4</alignment>
         <input_file_ref idref="fl-c"/>
      </object_component>
      <object_component id="oc-1ba">
         <name>.text._ZL13setAddrWindowhhhh</name>
         <load_address>0x1d584</load_address>
         <readonly>true</readonly>
         <executable>true</executable>
         <run_address>0x1d584</run_address>
         <size>0x88</size>
         <alignment>0x4</alignment>
         <input_file_ref idref="fl-b"/>
      </object_component>
      <object_component id="oc-a6">
         <name>.text._system_pre_init</name>
         <load_address>0x1d60c</load_address>
         <readonly>true</readonly>
         <executable>true</executable>
         <run_address>0x1d60c</run_address>
         <size>0x4</size>
         <alignment>0x2</alignment>
         <input_file_ref idref="fl-48"/>
      </object_component>
      <object_component id="oc-272">
         <name>.text:strcmp</name>
         <load_address>0x1d610</load_address>
         <readonly>true</readonly>
         <executable>true</executable>
         <run_address>0x1d610</run_address>
         <size>0x88</size>
         <alignment>0x10</alignment>
         <input_file_ref idref="fl-10c"/>
      </object_component>
      <object_component id="oc-164">
         <name>.text._ZN7MachineC2Ehhhhhhhhh</name>
         <load_address>0x1d698</load_address>
         <readonly>true</readonly>
         <executable>true</executable>
         <run_address>0x1d698</run_address>
         <size>0x84</size>
         <alignment>0x2</alignment>
         <input_file_ref idref="fl-8"/>
      </object_component>
      <object_component id="oc-e4">
         <name>.text._Z14LaunchPad_Initv</name>
         <load_address>0x1d71c</load_address>
         <readonly>true</readonly>
         <executable>true</executable>
         <run_address>0x1d71c</run_address>
         <size>0x7c</size>
         <alignment>0x4</alignment>
         <input_file_ref idref="fl-7"/>
      </object_component>
      <object_component id="oc-21b">
         <name>.text.__TI_closefile</name>
         <load_address>0x1d798</load_address>
         <readonly>true</readonly>
         <executable>true</executable>
         <run_address>0x1d798</run_address>
         <size>0x7c</size>
         <alignment>0x4</alignment>
         <input_file_ref idref="fl-42"/>
      </object_component>
      <object_component id="oc-1c">
         <name>.text:decompress:lzss</name>
         <load_address>0x1d814</load_address>
         <readonly>true</readonly>
         <executable>true</executable>
         <run_address>0x1d814</run_address>
         <size>0x7c</size>
         <alignment>0x4</alignment>
         <input_file_ref idref="fl-3e"/>
      </object_component>
      <object_component id="oc-3e">
         <name>.text.UART2_IRQHandler</name>
         <load_address>0x1d890</load_address>
         <readonly>true</readonly>
         <executable>true</executable>
         <run_address>0x1d890</run_address>
         <size>0x74</size>
         <alignment>0x4</alignment>
         <input_file_ref idref="fl-12"/>
      </object_component>
      <object_component id="oc-263">
         <name>.text._Z13IRxmt_SendBiti</name>
         <load_address>0x1d904</load_address>
         <readonly>true</readonly>
         <executable>true</executable>
         <run_address>0x1d904</run_address>
         <size>0x74</size>
         <alignment>0x4</alignment>
         <input_file_ref idref="fl-4"/>
      </object_component>
      <object_component id="oc-2ba">
         <name>.text._Z16ST7735_DrawPixelsst</name>
         <load_address>0x1d978</load_address>
         <readonly>true</readonly>
         <executable>true</executable>
         <run_address>0x1d978</run_address>
         <size>0x70</size>
         <alignment>0x4</alignment>
         <input_file_ref idref="fl-b"/>
      </object_component>
      <object_component id="oc-131">
         <name>.text._ZN6Player15getMachineInputE7Machine</name>
         <load_address>0x1d9e8</load_address>
         <readonly>true</readonly>
         <executable>true</executable>
         <run_address>0x1d9e8</run_address>
         <size>0x6e</size>
         <alignment>0x2</alignment>
         <input_file_ref idref="fl-9"/>
      </object_component>
      <object_component id="oc-268">
         <name>.text._nop</name>
         <load_address>0x1da56</load_address>
         <readonly>true</readonly>
         <executable>true</executable>
         <run_address>0x1da56</run_address>
         <size>0x2</size>
         <alignment>0x2</alignment>
         <input_file_ref idref="fl-38"/>
      </object_component>
      <object_component id="oc-288">
         <name>.text.HOSTlseek</name>
         <load_address>0x1da58</load_address>
         <readonly>true</readonly>
         <executable>true</executable>
         <run_address>0x1da58</run_address>
         <size>0x6c</size>
         <alignment>0x4</alignment>
         <input_file_ref idref="fl-f1"/>
      </object_component>
      <object_component id="oc-290">
         <name>.text.HOSTrename</name>
         <load_address>0x1dac4</load_address>
         <readonly>true</readonly>
         <executable>true</executable>
         <run_address>0x1dac4</run_address>
         <size>0x6c</size>
         <alignment>0x4</alignment>
         <input_file_ref idref="fl-f4"/>
      </object_component>
      <object_component id="oc-6f">
         <name>.text._GLOBAL__sub_I_Lab9HMain.cpp</name>
         <load_address>0x1db30</load_address>
         <readonly>true</readonly>
         <executable>true</executable>
         <run_address>0x1db30</run_address>
         <size>0x6c</size>
         <alignment>0x2</alignment>
         <input_file_ref idref="fl-6"/>
      </object_component>
      <object_component id="oc-2db">
         <name>.text.getdevice</name>
         <load_address>0x1db9c</load_address>
         <readonly>true</readonly>
         <executable>true</executable>
         <run_address>0x1db9c</run_address>
         <size>0x6c</size>
         <alignment>0x4</alignment>
         <input_file_ref idref="fl-109"/>
      </object_component>
      <object_component id="oc-161">
         <name>.text._ZN7MachineC2Ehhhhhh</name>
         <load_address>0x1dc08</load_address>
         <readonly>true</readonly>
         <executable>true</executable>
         <run_address>0x1dc08</run_address>
         <size>0x64</size>
         <alignment>0x2</alignment>
         <input_file_ref idref="fl-8"/>
      </object_component>
      <object_component id="oc-2f2">
         <name>.text.split</name>
         <load_address>0x1dc6c</load_address>
         <readonly>true</readonly>
         <executable>true</executable>
         <run_address>0x1dc6c</run_address>
         <size>0x64</size>
         <alignment>0x4</alignment>
         <input_file_ref idref="fl-3b"/>
      </object_component>
      <object_component id="oc-278">
         <name>.text.HOSTopen</name>
         <load_address>0x1dcd0</load_address>
         <readonly>true</readonly>
         <executable>true</executable>
         <run_address>0x1dcd0</run_address>
         <size>0x60</size>
         <alignment>0x4</alignment>
         <input_file_ref idref="fl-f2"/>
      </object_component>
      <object_component id="oc-280">
         <name>.text.HOSTread</name>
         <load_address>0x1dd30</load_address>
         <readonly>true</readonly>
         <executable>true</executable>
         <run_address>0x1dd30</run_address>
         <size>0x58</size>
         <alignment>0x4</alignment>
         <input_file_ref idref="fl-f3"/>
      </object_component>
      <object_component id="oc-284">
         <name>.text.HOSTwrite</name>
         <load_address>0x1dd88</load_address>
         <readonly>true</readonly>
         <executable>true</executable>
         <run_address>0x1dd88</run_address>
         <size>0x58</size>
         <alignment>0x4</alignment>
         <input_file_ref idref="fl-f6"/>
      </object_component>
      <object_component id="oc-39">
         <name>.text.SysTick_Handler</name>
         <load_address>0x1dde0</load_address>
         <readonly>true</readonly>
         <executable>true</executable>
         <run_address>0x1dde0</run_address>
         <size>0x58</size>
         <alignment>0x4</alignment>
         <input_file_ref idref="fl-e"/>
      </object_component>
      <object_component id="oc-f9">
         <name>.text._Z10TExaS_InitP10ADC12_RegsjPFhvE</name>
         <load_address>0x1de38</load_address>
         <readonly>true</readonly>
         <executable>true</executable>
         <run_address>0x1de38</run_address>
         <size>0x58</size>
         <alignment>0x4</alignment>
         <input_file_ref idref="fl-10"/>
      </object_component>
      <object_component id="oc-112">
         <name>.text.__aeabi_idivmod</name>
         <load_address>0x1de90</load_address>
         <readonly>true</readonly>
         <executable>true</executable>
         <run_address>0x1de90</run_address>
         <size>0x56</size>
         <alignment>0x4</alignment>
         <input_file_ref idref="fl-100"/>
      </object_component>
      <object_component id="oc-137">
         <name>.text._ZN6Player14printPosessionEh</name>
         <load_address>0x1dee8</load_address>
         <readonly>true</readonly>
         <executable>true</executable>
         <run_address>0x1dee8</run_address>
         <size>0x54</size>
         <alignment>0x4</alignment>
         <input_file_ref idref="fl-9"/>
      </object_component>
      <object_component id="oc-122">
         <name>.text._ZN6Player8moveLeftEv</name>
         <load_address>0x1df3c</load_address>
         <readonly>true</readonly>
         <executable>true</executable>
         <run_address>0x1df3c</run_address>
         <size>0x54</size>
         <alignment>0x2</alignment>
         <input_file_ref idref="fl-9"/>
      </object_component>
      <object_component id="oc-11d">
         <name>.text._ZN6Player9moveRightEv</name>
         <load_address>0x1df90</load_address>
         <readonly>true</readonly>
         <executable>true</executable>
         <run_address>0x1df90</run_address>
         <size>0x54</size>
         <alignment>0x2</alignment>
         <input_file_ref idref="fl-9"/>
      </object_component>
      <object_component id="oc-8e">
         <name>.text._ZN8SlidePot2InEv</name>
         <load_address>0x1dfe4</load_address>
         <readonly>true</readonly>
         <executable>true</executable>
         <run_address>0x1dfe4</run_address>
         <size>0x54</size>
         <alignment>0x4</alignment>
         <input_file_ref idref="fl-c"/>
      </object_component>
      <object_component id="oc-153">
         <name>.text:__TI_auto_init_nobinit</name>
         <load_address>0x1e038</load_address>
         <readonly>true</readonly>
         <executable>true</executable>
         <run_address>0x1e038</run_address>
         <size>0x54</size>
         <alignment>0x4</alignment>
         <input_file_ref idref="fl-47"/>
      </object_component>
      <object_component id="oc-12c">
         <name>.text._ZN6Player8moveDownEv</name>
         <load_address>0x1e08c</load_address>
         <readonly>true</readonly>
         <executable>true</executable>
         <run_address>0x1e08c</run_address>
         <size>0x52</size>
         <alignment>0x2</alignment>
         <input_file_ref idref="fl-9"/>
      </object_component>
      <object_component id="oc-29e">
         <name>.text.__TI_doflush</name>
         <load_address>0x1e0de</load_address>
         <readonly>true</readonly>
         <executable>true</executable>
         <run_address>0x1e0de</run_address>
         <size>0x52</size>
         <alignment>0x2</alignment>
         <input_file_ref idref="fl-43"/>
      </object_component>
      <object_component id="oc-c2">
         <name>.text.__cxx_global_var_init.13</name>
         <load_address>0x1e130</load_address>
         <readonly>true</readonly>
         <executable>true</executable>
         <run_address>0x1e130</run_address>
         <size>0x50</size>
         <alignment>0x4</alignment>
         <input_file_ref idref="fl-6"/>
      </object_component>
      <object_component id="oc-2a4">
         <name>.text.close</name>
         <load_address>0x1e180</load_address>
         <readonly>true</readonly>
         <executable>true</executable>
         <run_address>0x1e180</run_address>
         <size>0x50</size>
         <alignment>0x4</alignment>
         <input_file_ref idref="fl-ed"/>
      </object_component>
      <object_component id="oc-1b0">
         <name>.text._ZN5Queue3GetEPc</name>
         <load_address>0x1e1d0</load_address>
         <readonly>true</readonly>
         <executable>true</executable>
         <run_address>0x1e1d0</run_address>
         <size>0x4c</size>
         <alignment>0x2</alignment>
         <input_file_ref idref="fl-3"/>
      </object_component>
      <object_component id="oc-81">
         <name>.text._ZN5Queue3PutEc</name>
         <load_address>0x1e21c</load_address>
         <readonly>true</readonly>
         <executable>true</executable>
         <run_address>0x1e21c</run_address>
         <size>0x4c</size>
         <alignment>0x2</alignment>
         <input_file_ref idref="fl-3"/>
      </object_component>
      <object_component id="oc-27c">
         <name>.text.HOSTclose</name>
         <load_address>0x1e268</load_address>
         <readonly>true</readonly>
         <executable>true</executable>
         <run_address>0x1e268</run_address>
         <size>0x48</size>
         <alignment>0x4</alignment>
         <input_file_ref idref="fl-f0"/>
      </object_component>
      <object_component id="oc-28c">
         <name>.text.HOSTunlink</name>
         <load_address>0x1e2b0</load_address>
         <readonly>true</readonly>
         <executable>true</executable>
         <run_address>0x1e2b0</run_address>
         <size>0x48</size>
         <alignment>0x4</alignment>
         <input_file_ref idref="fl-f5"/>
      </object_component>
      <object_component id="oc-1e7">
         <name>.text._Z13IRxmt_OutCharc</name>
         <load_address>0x1e2f8</load_address>
         <readonly>true</readonly>
         <executable>true</executable>
         <run_address>0x1e2f8</run_address>
         <size>0x48</size>
         <alignment>0x2</alignment>
         <input_file_ref idref="fl-4"/>
      </object_component>
      <object_component id="oc-1cb">
         <name>.text._Z14SPI_OutCommandc</name>
         <load_address>0x1e340</load_address>
         <readonly>true</readonly>
         <executable>true</executable>
         <run_address>0x1e340</run_address>
         <size>0x48</size>
         <alignment>0x4</alignment>
         <input_file_ref idref="fl-a"/>
      </object_component>
      <object_component id="oc-13c">
         <name>.text._Z8checkWinv</name>
         <load_address>0x1e388</load_address>
         <readonly>true</readonly>
         <executable>true</executable>
         <run_address>0x1e388</run_address>
         <size>0x44</size>
         <alignment>0x4</alignment>
         <input_file_ref idref="fl-6"/>
      </object_component>
      <object_component id="oc-43">
         <name>.text.TIMG7_IRQHandler</name>
         <load_address>0x1e3cc</load_address>
         <readonly>true</readonly>
         <executable>true</executable>
         <run_address>0x1e3cc</run_address>
         <size>0x40</size>
         <alignment>0x4</alignment>
         <input_file_ref idref="fl-10"/>
      </object_component>
      <object_component id="oc-f8">
         <name>.text._Z10Sound_Initv</name>
         <load_address>0x1e40c</load_address>
         <readonly>true</readonly>
         <executable>true</executable>
         <run_address>0x1e40c</run_address>
         <size>0x40</size>
         <alignment>0x4</alignment>
         <input_file_ref idref="fl-e"/>
      </object_component>
      <object_component id="oc-2bb">
         <name>.text._Z9SPI_Resetv</name>
         <load_address>0x1e44c</load_address>
         <readonly>true</readonly>
         <executable>true</executable>
         <run_address>0x1e44c</run_address>
         <size>0x40</size>
         <alignment>0x4</alignment>
         <input_file_ref idref="fl-a"/>
      </object_component>
      <object_component id="oc-116">
         <name>.text.__aeabi_uidivmod</name>
         <load_address>0x1e48c</load_address>
         <readonly>true</readonly>
         <executable>true</executable>
         <run_address>0x1e48c</run_address>
         <size>0x40</size>
         <alignment>0x4</alignment>
         <input_file_ref idref="fl-103"/>
      </object_component>
      <object_component id="oc-ce">
         <name>.text.__cxx_global_var_init.25</name>
         <load_address>0x1e4cc</load_address>
         <readonly>true</readonly>
         <executable>true</executable>
         <run_address>0x1e4cc</run_address>
         <size>0x40</size>
         <alignment>0x4</alignment>
         <input_file_ref idref="fl-6"/>
      </object_component>
      <object_component id="oc-217">
         <name>.text._search_fp</name>
         <load_address>0x1e50c</load_address>
         <readonly>true</readonly>
         <executable>true</executable>
         <run_address>0x1e50c</run_address>
         <size>0x40</size>
         <alignment>0x4</alignment>
         <input_file_ref idref="fl-34"/>
      </object_component>
      <object_component id="oc-48">
         <name>.text.TIMG12_IRQHandler</name>
         <load_address>0x1e54c</load_address>
         <readonly>true</readonly>
         <executable>true</executable>
         <run_address>0x1e54c</run_address>
         <size>0x3c</size>
         <alignment>0x4</alignment>
         <input_file_ref idref="fl-6"/>
      </object_component>
      <object_component id="oc-ee">
         <name>.text._Z9DAC5_Initv</name>
         <load_address>0x1e588</load_address>
         <readonly>true</readonly>
         <executable>true</executable>
         <run_address>0x1e588</run_address>
         <size>0x3c</size>
         <alignment>0x4</alignment>
         <input_file_ref idref="fl-2"/>
      </object_component>
      <object_component id="oc-12b">
         <name>.text._ZN6Player6moveUpEv</name>
         <load_address>0x1e5c4</load_address>
         <readonly>true</readonly>
         <executable>true</executable>
         <run_address>0x1e5c4</run_address>
         <size>0x3c</size>
         <alignment>0x2</alignment>
         <input_file_ref idref="fl-9"/>
      </object_component>
      <object_component id="oc-1bb">
         <name>.text._Z11SPI_OutDatac</name>
         <load_address>0x1e600</load_address>
         <readonly>true</readonly>
         <executable>true</executable>
         <run_address>0x1e600</run_address>
         <size>0x38</size>
         <alignment>0x4</alignment>
         <input_file_ref idref="fl-a"/>
      </object_component>
      <object_component id="oc-184">
         <name>.text._Z15ActivatePortA_Bv</name>
         <load_address>0x1e638</load_address>
         <readonly>true</readonly>
         <executable>true</executable>
         <run_address>0x1e638</run_address>
         <size>0x38</size>
         <alignment>0x4</alignment>
         <input_file_ref idref="fl-7"/>
      </object_component>
      <object_component id="oc-19a">
         <name>.text._Z12ST7735_writeiPKcj</name>
         <load_address>0x1e670</load_address>
         <readonly>true</readonly>
         <executable>true</executable>
         <run_address>0x1e670</run_address>
         <size>0x34</size>
         <alignment>0x2</alignment>
         <input_file_ref idref="fl-b"/>
      </object_component>
      <object_component id="oc-1b3">
         <name>.text._Z14Clock_Delay1msj</name>
         <load_address>0x1e6a4</load_address>
         <readonly>true</readonly>
         <executable>true</executable>
         <run_address>0x1e6a4</run_address>
         <size>0x34</size>
         <alignment>0x4</alignment>
         <input_file_ref idref="fl-1"/>
      </object_component>
      <object_component id="oc-13d">
         <name>.text._Z16ST7735_SetCursorjj</name>
         <load_address>0x1e6d8</load_address>
         <readonly>true</readonly>
         <executable>true</executable>
         <run_address>0x1e6d8</run_address>
         <size>0x34</size>
         <alignment>0x4</alignment>
         <input_file_ref idref="fl-b"/>
      </object_component>
      <object_component id="oc-224">
         <name>.text.__TI_cleanup</name>
         <load_address>0x1e70c</load_address>
         <readonly>true</readonly>
         <executable>true</executable>
         <run_address>0x1e70c</run_address>
         <size>0x34</size>
         <alignment>0x4</alignment>
         <input_file_ref idref="fl-34"/>
      </object_component>
      <object_component id="oc-2c3">
         <name>.text.__TI_readmsg</name>
         <load_address>0x1e740</load_address>
         <readonly>true</readonly>
         <executable>true</executable>
         <run_address>0x1e740</run_address>
         <size>0x34</size>
         <alignment>0x4</alignment>
         <input_file_ref idref="fl-f7"/>
      </object_component>
      <object_component id="oc-2bd">
         <name>.text.__TI_writemsg</name>
         <load_address>0x1e774</load_address>
         <readonly>true</readonly>
         <executable>true</executable>
         <run_address>0x1e774</run_address>
         <size>0x34</size>
         <alignment>0x4</alignment>
         <input_file_ref idref="fl-f7"/>
      </object_component>
      <object_component id="oc-14b">
         <name>.text.exit</name>
         <load_address>0x1e7a8</load_address>
         <readonly>true</readonly>
         <executable>true</executable>
         <run_address>0x1e7a8</run_address>
         <size>0x34</size>
         <alignment>0x4</alignment>
         <input_file_ref idref="fl-37"/>
      </object_component>
      <object_component id="oc-20b">
         <name>.text.finddevice</name>
         <load_address>0x1e7dc</load_address>
         <readonly>true</readonly>
         <executable>true</executable>
         <run_address>0x1e7dc</run_address>
         <size>0x34</size>
         <alignment>0x4</alignment>
         <input_file_ref idref="fl-109"/>
      </object_component>
      <object_component id="oc-192">
         <name>.text.freopen</name>
         <load_address>0x1e810</load_address>
         <readonly>true</readonly>
         <executable>true</executable>
         <run_address>0x1e810</run_address>
         <size>0x34</size>
         <alignment>0x4</alignment>
         <input_file_ref idref="fl-34"/>
      </object_component>
      <object_component id="oc-202">
         <name>.text._ZL10commonInitPKh</name>
         <load_address>0x1e844</load_address>
         <readonly>true</readonly>
         <executable>true</executable>
         <run_address>0x1e844</run_address>
         <size>0x30</size>
         <alignment>0x4</alignment>
         <input_file_ref idref="fl-b"/>
      </object_component>
      <object_component id="oc-12f">
         <name>.text._ZN6Player14translateRightEv</name>
         <load_address>0x1e874</load_address>
         <readonly>true</readonly>
         <executable>true</executable>
         <run_address>0x1e874</run_address>
         <size>0x30</size>
         <alignment>0x2</alignment>
         <input_file_ref idref="fl-9"/>
      </object_component>
      <object_component id="oc-bf">
         <name>.text.__cxx_global_var_init.10</name>
         <load_address>0x1e8a4</load_address>
         <readonly>true</readonly>
         <executable>true</executable>
         <run_address>0x1e8a4</run_address>
         <size>0x30</size>
         <alignment>0x4</alignment>
         <input_file_ref idref="fl-6"/>
      </object_component>
      <object_component id="oc-c0">
         <name>.text.__cxx_global_var_init.11</name>
         <load_address>0x1e8d4</load_address>
         <readonly>true</readonly>
         <executable>true</executable>
         <run_address>0x1e8d4</run_address>
         <size>0x30</size>
         <alignment>0x4</alignment>
         <input_file_ref idref="fl-6"/>
      </object_component>
      <object_component id="oc-c1">
         <name>.text.__cxx_global_var_init.12</name>
         <load_address>0x1e904</load_address>
         <readonly>true</readonly>
         <executable>true</executable>
         <run_address>0x1e904</run_address>
         <size>0x30</size>
         <alignment>0x4</alignment>
         <input_file_ref idref="fl-6"/>
      </object_component>
      <object_component id="oc-c5">
         <name>.text.__cxx_global_var_init.16</name>
         <load_address>0x1e934</load_address>
         <readonly>true</readonly>
         <executable>true</executable>
         <run_address>0x1e934</run_address>
         <size>0x30</size>
         <alignment>0x4</alignment>
         <input_file_ref idref="fl-6"/>
      </object_component>
      <object_component id="oc-cb">
         <name>.text.__cxx_global_var_init.22</name>
         <load_address>0x1e964</load_address>
         <readonly>true</readonly>
         <executable>true</executable>
         <run_address>0x1e964</run_address>
         <size>0x30</size>
         <alignment>0x4</alignment>
         <input_file_ref idref="fl-6"/>
      </object_component>
      <object_component id="oc-cc">
         <name>.text.__cxx_global_var_init.23</name>
         <load_address>0x1e994</load_address>
         <readonly>true</readonly>
         <executable>true</executable>
         <run_address>0x1e994</run_address>
         <size>0x30</size>
         <alignment>0x4</alignment>
         <input_file_ref idref="fl-6"/>
      </object_component>
      <object_component id="oc-cd">
         <name>.text.__cxx_global_var_init.24</name>
         <load_address>0x1e9c4</load_address>
         <readonly>true</readonly>
         <executable>true</executable>
         <run_address>0x1e9c4</run_address>
         <size>0x30</size>
         <alignment>0x4</alignment>
         <input_file_ref idref="fl-6"/>
      </object_component>
      <object_component id="oc-ba">
         <name>.text.__cxx_global_var_init.5</name>
         <load_address>0x1e9f4</load_address>
         <readonly>true</readonly>
         <executable>true</executable>
         <run_address>0x1e9f4</run_address>
         <size>0x30</size>
         <alignment>0x4</alignment>
         <input_file_ref idref="fl-6"/>
      </object_component>
      <object_component id="oc-18c">
         <name>.text.fopen</name>
         <load_address>0x1ea24</load_address>
         <readonly>true</readonly>
         <executable>true</executable>
         <run_address>0x1ea24</run_address>
         <size>0x30</size>
         <alignment>0x4</alignment>
         <input_file_ref idref="fl-34"/>
      </object_component>
      <object_component id="oc-fa">
         <name>.text._Z12UART2_InCharv</name>
         <load_address>0x1ea54</load_address>
         <readonly>true</readonly>
         <executable>true</executable>
         <run_address>0x1ea54</run_address>
         <size>0x2c</size>
         <alignment>0x4</alignment>
         <input_file_ref idref="fl-12"/>
      </object_component>
      <object_component id="oc-ef">
         <name>.text._Z17ST7735_FillScreent</name>
         <load_address>0x1ea80</load_address>
         <readonly>true</readonly>
         <executable>true</executable>
         <run_address>0x1ea80</run_address>
         <size>0x2c</size>
         <alignment>0x4</alignment>
         <input_file_ref idref="fl-b"/>
      </object_component>
      <object_component id="oc-12e">
         <name>.text._ZN6Player13translateDownEv</name>
         <load_address>0x1eaac</load_address>
         <readonly>true</readonly>
         <executable>true</executable>
         <run_address>0x1eaac</run_address>
         <size>0x2c</size>
         <alignment>0x2</alignment>
         <input_file_ref idref="fl-9"/>
      </object_component>
      <object_component id="oc-130">
         <name>.text._ZN6Player13translateLeftEv</name>
         <load_address>0x1ead8</load_address>
         <readonly>true</readonly>
         <executable>true</executable>
         <run_address>0x1ead8</run_address>
         <size>0x2c</size>
         <alignment>0x2</alignment>
         <input_file_ref idref="fl-9"/>
      </object_component>
      <object_component id="oc-b9">
         <name>.text.__cxx_global_var_init.4</name>
         <load_address>0x1eb04</load_address>
         <readonly>true</readonly>
         <executable>true</executable>
         <run_address>0x1eb04</run_address>
         <size>0x2c</size>
         <alignment>0x4</alignment>
         <input_file_ref idref="fl-6"/>
      </object_component>
      <object_component id="oc-be">
         <name>.text.__cxx_global_var_init.9</name>
         <load_address>0x1eb30</load_address>
         <readonly>true</readonly>
         <executable>true</executable>
         <run_address>0x1eb30</run_address>
         <size>0x2c</size>
         <alignment>0x4</alignment>
         <input_file_ref idref="fl-6"/>
      </object_component>
      <object_component id="oc-2ea">
         <name>.text.unlink</name>
         <load_address>0x1eb5c</load_address>
         <readonly>true</readonly>
         <executable>true</executable>
         <run_address>0x1eb5c</run_address>
         <size>0x2c</size>
         <alignment>0x4</alignment>
         <input_file_ref idref="fl-ef"/>
      </object_component>
      <object_component id="oc-f2">
         <name>.text._Z10IRxmt_Initv</name>
         <load_address>0x1eb88</load_address>
         <readonly>true</readonly>
         <executable>true</executable>
         <run_address>0x1eb88</run_address>
         <size>0x28</size>
         <alignment>0x4</alignment>
         <input_file_ref idref="fl-4"/>
      </object_component>
      <object_component id="oc-1ac">
         <name>.text._Z9ADC_StartP10ADC12_Regs</name>
         <load_address>0x1ebb0</load_address>
         <readonly>true</readonly>
         <executable>true</executable>
         <run_address>0x1ebb0</run_address>
         <size>0x28</size>
         <alignment>0x4</alignment>
         <input_file_ref idref="fl-10"/>
      </object_component>
      <object_component id="oc-2b1">
         <name>.text.free_list_insert</name>
         <load_address>0x1ebd8</load_address>
         <readonly>true</readonly>
         <executable>true</executable>
         <run_address>0x1ebd8</run_address>
         <size>0x28</size>
         <alignment>0x4</alignment>
         <input_file_ref idref="fl-3b"/>
      </object_component>
      <object_component id="oc-2e1">
         <name>.text.write</name>
         <load_address>0x1ec00</load_address>
         <readonly>true</readonly>
         <executable>true</executable>
         <run_address>0x1ec00</run_address>
         <size>0x28</size>
         <alignment>0x4</alignment>
         <input_file_ref idref="fl-e8"/>
      </object_component>
      <object_component id="oc-68">
         <name>.text:_c_int00_noargs</name>
         <load_address>0x1ec28</load_address>
         <readonly>true</readonly>
         <executable>true</executable>
         <run_address>0x1ec28</run_address>
         <size>0x28</size>
         <alignment>0x4</alignment>
         <input_file_ref idref="fl-3f"/>
      </object_component>
      <object_component id="oc-13e">
         <name>.text._Z16ST7735_OutStringPc</name>
         <load_address>0x1ec50</load_address>
         <readonly>true</readonly>
         <executable>true</executable>
         <run_address>0x1ec50</run_address>
         <size>0x26</size>
         <alignment>0x2</alignment>
         <input_file_ref idref="fl-b"/>
      </object_component>
      <object_component id="oc-93">
         <name>.text._ZN8SlidePot4SaveEj</name>
         <load_address>0x1ec78</load_address>
         <readonly>true</readonly>
         <executable>true</executable>
         <run_address>0x1ec78</run_address>
         <size>0x24</size>
         <alignment>0x4</alignment>
         <input_file_ref idref="fl-c"/>
      </object_component>
      <object_component id="oc-c4">
         <name>.text.__cxx_global_var_init.15</name>
         <load_address>0x1ec9c</load_address>
         <readonly>true</readonly>
         <executable>true</executable>
         <run_address>0x1ec9c</run_address>
         <size>0x24</size>
         <alignment>0x4</alignment>
         <input_file_ref idref="fl-6"/>
      </object_component>
      <object_component id="oc-c6">
         <name>.text.__cxx_global_var_init.17</name>
         <load_address>0x1ecc0</load_address>
         <readonly>true</readonly>
         <executable>true</executable>
         <run_address>0x1ecc0</run_address>
         <size>0x24</size>
         <alignment>0x4</alignment>
         <input_file_ref idref="fl-6"/>
      </object_component>
      <object_component id="oc-c7">
         <name>.text.__cxx_global_var_init.18</name>
         <load_address>0x1ece4</load_address>
         <readonly>true</readonly>
         <executable>true</executable>
         <run_address>0x1ece4</run_address>
         <size>0x24</size>
         <alignment>0x4</alignment>
         <input_file_ref idref="fl-6"/>
      </object_component>
      <object_component id="oc-c8">
         <name>.text.__cxx_global_var_init.19</name>
         <load_address>0x1ed08</load_address>
         <readonly>true</readonly>
         <executable>true</executable>
         <run_address>0x1ed08</run_address>
         <size>0x24</size>
         <alignment>0x4</alignment>
         <input_file_ref idref="fl-6"/>
      </object_component>
      <object_component id="oc-c9">
         <name>.text.__cxx_global_var_init.20</name>
         <load_address>0x1ed2c</load_address>
         <readonly>true</readonly>
         <executable>true</executable>
         <run_address>0x1ed2c</run_address>
         <size>0x24</size>
         <alignment>0x4</alignment>
         <input_file_ref idref="fl-6"/>
      </object_component>
      <object_component id="oc-ca">
         <name>.text.__cxx_global_var_init.21</name>
         <load_address>0x1ed50</load_address>
         <readonly>true</readonly>
         <executable>true</executable>
         <run_address>0x1ed50</run_address>
         <size>0x24</size>
         <alignment>0x4</alignment>
         <input_file_ref idref="fl-6"/>
      </object_component>
      <object_component id="oc-b7">
         <name>.text.__cxx_global_var_init.2</name>
         <load_address>0x1ed74</load_address>
         <readonly>true</readonly>
         <executable>true</executable>
         <run_address>0x1ed74</run_address>
         <size>0x24</size>
         <alignment>0x4</alignment>
         <input_file_ref idref="fl-6"/>
      </object_component>
      <object_component id="oc-b8">
         <name>.text.__cxx_global_var_init.3</name>
         <load_address>0x1ed98</load_address>
         <readonly>true</readonly>
         <executable>true</executable>
         <run_address>0x1ed98</run_address>
         <size>0x24</size>
         <alignment>0x4</alignment>
         <input_file_ref idref="fl-6"/>
      </object_component>
      <object_component id="oc-bb">
         <name>.text.__cxx_global_var_init.6</name>
         <load_address>0x1edbc</load_address>
         <readonly>true</readonly>
         <executable>true</executable>
         <run_address>0x1edbc</run_address>
         <size>0x24</size>
         <alignment>0x4</alignment>
         <input_file_ref idref="fl-6"/>
      </object_component>
      <object_component id="oc-bd">
         <name>.text.__cxx_global_var_init.8</name>
         <load_address>0x1ede0</load_address>
         <readonly>true</readonly>
         <executable>true</executable>
         <run_address>0x1ede0</run_address>
         <size>0x24</size>
         <alignment>0x4</alignment>
         <input_file_ref idref="fl-6"/>
      </object_component>
      <object_component id="oc-d2">
         <name>.text._ZN5Queue6IsFullEv</name>
         <load_address>0x1ee04</load_address>
         <readonly>true</readonly>
         <executable>true</executable>
         <run_address>0x1ee04</run_address>
         <size>0x22</size>
         <alignment>0x2</alignment>
         <input_file_ref idref="fl-3"/>
      </object_component>
      <object_component id="oc-76">
         <name>.text._Z8DAC5_Outj</name>
         <load_address>0x1ee28</load_address>
         <readonly>true</readonly>
         <executable>true</executable>
         <run_address>0x1ee28</run_address>
         <size>0x20</size>
         <alignment>0x4</alignment>
         <input_file_ref idref="fl-2"/>
      </object_component>
      <object_component id="oc-110">
         <name>.text._ZN8SlidePot4SyncEv</name>
         <load_address>0x1ee48</load_address>
[...]
         <name>soundLength</name>
         <value>0x2020183e</value>
         <object_component_ref idref="oc-7d"/>
      </symbol>
      <symbol id="sm-344">
         <name>correct_size</name>
         <value>0x20201458</value>
         <object_component_ref idref="oc-2b6"/>
      </symbol>
      <symbol id="sm-345">
         <name>clang_size</name>
         <value>0x20201456</value>
         <object_component_ref idref="oc-2b8"/>
      </symbol>
      <symbol id="sm-346">
         <name>SysTick_Handler</name>
         <value>0x1dde1</value>
         <object_component_ref idref="oc-39"/>
      </symbol>
      <symbol id="sm-347">
         <name>_Z11Sound_Clangv</name>
         <value>0x1f181</value>
         <object_component_ref idref="oc-1d1"/>
      </symbol>
      <symbol id="sm-354">
         <name>_Z11Switch_Initv</name>
         <value>0x1ef55</value>
         <object_component_ref idref="oc-f1"/>
      </symbol>
      <symbol id="sm-355">
         <name>_Z9Switch_Inv</name>
         <value>0x1ef01</value>
         <object_component_ref idref="oc-94"/>
      </symbol>
      <symbol id="sm-36b">
         <name>_Z8ADC_InitP10ADC12_Regsjj</name>
         <value>0x1c279</value>
         <object_component_ref idref="oc-1ab"/>
      </symbol>
      <symbol id="sm-36c">
         <name>_Z9ADC_StartP10ADC12_Regs</name>
         <value>0x1ebb1</value>
         <object_component_ref idref="oc-1ac"/>
      </symbol>
      <symbol id="sm-36d">
         <name>_Z9UART_Initv</name>
         <value>0x1c8a5</value>
         <object_component_ref idref="oc-1ad"/>
      </symbol>
      <symbol id="sm-36e">
         <name>TIMG7_IRQHandler</name>
         <value>0x1e3cd</value>
         <object_component_ref idref="oc-43"/>
      </symbol>
      <symbol id="sm-36f">
         <name>TExaSadc</name>
         <value>0x20201848</value>
         <object_component_ref idref="oc-8a"/>
      </symbol>
      <symbol id="sm-370">
         <name>TExaSLogic</name>
         <value>0x20201844</value>
         <object_component_ref idref="oc-8b"/>
      </symbol>
      <symbol id="sm-371">
         <name>_Z10TExaS_InitP10ADC12_RegsjPFhvE</name>
         <value>0x1de39</value>
         <object_component_ref idref="oc-f9"/>
      </symbol>
      <symbol id="sm-37e">
         <name>_Z14TimerG7_IntArmtjj</name>
         <value>0x1ce69</value>
         <object_component_ref idref="oc-1af"/>
      </symbol>
      <symbol id="sm-37f">
         <name>_Z15TimerG12_IntArmjj</name>
         <value>0x1d2bd</value>
         <object_component_ref idref="oc-fb"/>
      </symbol>
      <symbol id="sm-39c">
         <name>FIFO2</name>
         <value>0x20201230</value>
         <object_component_ref idref="oc-86"/>
      </symbol>
      <symbol id="sm-39d">
         <name>_Z10UART2_Initv</name>
         <value>0x1cb55</value>
         <object_component_ref idref="oc-f7"/>
      </symbol>
      <symbol id="sm-39e">
         <name>LostData</name>
         <value>0x20201840</value>
         <object_component_ref idref="oc-87"/>
      </symbol>
      <symbol id="sm-39f">
         <name>_Z13UART2_Disablev</name>
         <value>0x1f051</value>
         <object_component_ref idref="oc-1e6"/>
      </symbol>
      <symbol id="sm-3a0">
         <name>_Z12UART2_Enablev</name>
         <value>0x1f041</value>
         <object_component_ref idref="oc-1e8"/>
      </symbol>
      <symbol id="sm-3a1">
         <name>_Z12UART2_InCharv</name>
         <value>0x1ea55</value>
         <object_component_ref idref="oc-fa"/>
      </symbol>
      <symbol id="sm-3a2">
         <name>UART2_IRQHandler</name>
         <value>0x1d891</value>
         <object_component_ref idref="oc-3e"/>
      </symbol>
      <symbol id="sm-3b3">
         <name>Default_Handler</name>
         <value>0x1eec9</value>
         <object_component_ref idref="oc-37"/>
      </symbol>
      <symbol id="sm-3b4">
         <name>Reset_Handler</name>
         <value>0x1f1c1</value>
         <object_component_ref idref="oc-33"/>
      </symbol>
      <symbol id="sm-3b5">
         <name>HardFault_Handler</name>
         <value>0x1eee5</value>
         <object_component_ref idref="oc-38"/>
      </symbol>
      <symbol id="sm-3b6">
         <name>interruptVectors</name>
         <value>0x0</value>
         <object_component_ref idref="oc-18"/>
      </symbol>
      <symbol id="sm-3b7">
         <name>NMI_Handler</name>
         <value>0x1eec9</value>
         <object_component_ref idref="oc-37"/>
      </symbol>
      <symbol id="sm-3b8">
         <name>SVC_Handler</name>
         <value>0x1eec9</value>
         <object_component_ref idref="oc-37"/>
      </symbol>
      <symbol id="sm-3b9">
         <name>PendSV_Handler</name>
         <value>0x1eec9</value>
         <object_component_ref idref="oc-37"/>
      </symbol>
      <symbol id="sm-3ba">
         <name>GROUP0_IRQHandler</name>
         <value>0x1eec9</value>
         <object_component_ref idref="oc-37"/>
      </symbol>
      <symbol id="sm-3bb">
         <name>GROUP1_IRQHandler</name>
         <value>0x1eec9</value>
         <object_component_ref idref="oc-37"/>
      </symbol>
      <symbol id="sm-3bc">
         <name>TIMG8_IRQHandler</name>
         <value>0x1eec9</value>
         <object_component_ref idref="oc-37"/>
      </symbol>
      <symbol id="sm-3bd">
         <name>UART3_IRQHandler</name>
         <value>0x1eec9</value>
         <object_component_ref idref="oc-37"/>
      </symbol>
      <symbol id="sm-3be">
         <name>ADC0_IRQHandler</name>
         <value>0x1eec9</value>
         <object_component_ref idref="oc-37"/>
      </symbol>
      <symbol id="sm-3bf">
         <name>ADC1_IRQHandler</name>
         <value>0x1eec9</value>
         <object_component_ref idref="oc-37"/>
      </symbol>
      <symbol id="sm-3c0">
         <name>CANFD0_IRQHandler</name>
         <value>0x1eec9</value>
         <object_component_ref idref="oc-37"/>
      </symbol>
      <symbol id="sm-3c1">
         <name>DAC0_IRQHandler</name>
         <value>0x1eec9</value>
         <object_component_ref idref="oc-37"/>
      </symbol>
      <symbol id="sm-3c2">
         <name>SPI0_IRQHandler</name>
         <value>0x1eec9</value>
         <object_component_ref idref="oc-37"/>
      </symbol>
      <symbol id="sm-3c3">
         <name>SPI1_IRQHandler</name>
         <value>0x1eec9</value>
         <object_component_ref idref="oc-37"/>
      </symbol>
      <symbol id="sm-3c4">
         <name>UART1_IRQHandler</name>
         <value>0x1eec9</value>
         <object_component_ref idref="oc-37"/>
      </symbol>
      <symbol id="sm-3c5">
         <name>UART0_IRQHandler</name>
         <value>0x1eec9</value>
         <object_component_ref idref="oc-37"/>
      </symbol>
      <symbol id="sm-3c6">
         <name>TIMG0_IRQHandler</name>
         <value>0x1eec9</value>
         <object_component_ref idref="oc-37"/>
      </symbol>
      <symbol id="sm-3c7">
         <name>TIMG6_IRQHandler</name>
         <value>0x1eec9</value>
         <object_component_ref idref="oc-37"/>
      </symbol>
      <symbol id="sm-3c8">
         <name>TIMA0_IRQHandler</name>
         <value>0x1eec9</value>
         <object_component_ref idref="oc-37"/>
      </symbol>
      <symbol id="sm-3c9">
         <name>TIMA1_IRQHandler</name>
         <value>0x1eec9</value>
         <object_component_ref idref="oc-37"/>
      </symbol>
      <symbol id="sm-3ca">
         <name>I2C0_IRQHandler</name>
         <value>0x1eec9</value>
         <object_component_ref idref="oc-37"/>
      </symbol>
      <symbol id="sm-3cb">
         <name>I2C1_IRQHandler</name>
         <value>0x1eec9</value>
         <object_component_ref idref="oc-37"/>
      </symbol>
      <symbol id="sm-3cc">
         <name>AES_IRQHandler</name>
         <value>0x1eec9</value>
         <object_component_ref idref="oc-37"/>
      </symbol>
      <symbol id="sm-3cd">
         <name>RTC_IRQHandler</name>
         <value>0x1eec9</value>
         <object_component_ref idref="oc-37"/>
      </symbol>
      <symbol id="sm-3ce">
         <name>DMA_IRQHandler</name>
         <value>0x1eec9</value>
         <object_component_ref idref="oc-37"/>
      </symbol>
      <symbol id="sm-3cf">
         <name>__TI_ATRegion0_src_addr</name>
         <value>0x0</value>
      </symbol>
      <symbol id="sm-3d0">
         <name>__TI_ATRegion0_trg_addr</name>
         <value>0x0</value>
      </symbol>
      <symbol id="sm-3d1">
         <name>__TI_ATRegion0_region_sz</name>
         <value>0x0</value>
      </symbol>
      <symbol id="sm-3d2">
         <name>__TI_ATRegion1_src_addr</name>
         <value>0x0</value>
      </symbol>
      <symbol id="sm-3d3">
         <name>__TI_ATRegion1_trg_addr</name>
         <value>0x0</value>
      </symbol>
      <symbol id="sm-3d4">
         <name>__TI_ATRegion1_region_sz</name>
         <value>0x0</value>
      </symbol>
      <symbol id="sm-3d5">
         <name>__TI_ATRegion2_src_addr</name>
         <value>0x0</value>
      </symbol>
      <symbol id="sm-3d6">
         <name>__TI_ATRegion2_trg_addr</name>
         <value>0x0</value>
      </symbol>
      <symbol id="sm-3d7">
         <name>__TI_ATRegion2_region_sz</name>
         <value>0x0</value>
      </symbol>
      <symbol id="sm-3f0">
         <name>fopen</name>
         <value>0x1ea25</value>
         <object_component_ref idref="oc-18c"/>
      </symbol>
      <symbol id="sm-3f1">
         <name>__TI_cleanup</name>
         <value>0x1e70d</value>
         <object_component_ref idref="oc-224"/>
      </symbol>
      <symbol id="sm-3f2">
         <name>freopen</name>
         <value>0x1e811</value>
         <object_component_ref idref="oc-192"/>
      </symbol>
      <symbol id="sm-3fc">
         <name>setvbuf</name>
         <value>0x1ca75</value>
         <object_component_ref idref="oc-193"/>
      </symbol>
      <symbol id="sm-40b">
         <name>abort</name>
         <value>0x1f1c5</value>
         <object_component_ref idref="oc-146"/>
      </symbol>
      <symbol id="sm-40c">
         <name>C$$EXIT</name>
         <value>0x1f1c4</value>
         <object_component_ref idref="oc-146"/>
      </symbol>
      <symbol id="sm-40d">
         <name>__TI_cleanup_ptr</name>
         <value>0x2020142c</value>
         <object_component_ref idref="oc-1f6"/>
      </symbol>
      <symbol id="sm-40e">
         <name>__TI_dtors_ptr</name>
         <value>0x20201430</value>
         <object_component_ref idref="oc-1f6"/>
      </symbol>
      <symbol id="sm-40f">
         <name>exit</name>
         <value>0x1e7a9</value>
         <object_component_ref idref="oc-14b"/>
      </symbol>
      <symbol id="sm-418">
         <name>_nop</name>
         <value>0x1da57</value>
         <object_component_ref idref="oc-268"/>
      </symbol>
      <symbol id="sm-419">
         <name>_lock</name>
         <value>0x2020144c</value>
         <object_component_ref idref="oc-1f4"/>
      </symbol>
      <symbol id="sm-41a">
         <name>_unlock</name>
         <value>0x20201450</value>
         <object_component_ref idref="oc-1f7"/>
      </symbol>
      <symbol id="sm-420">
         <name>_ftable</name>
         <value>0x20200f84</value>
         <object_component_ref idref="oc-1a1"/>
      </symbol>
      <symbol id="sm-421">
         <name>__TI_ft_end</name>
         <value>0x20201448</value>
         <object_component_ref idref="oc-299"/>
      </symbol>
      <symbol id="sm-422">
         <name>__TI_tmpnams</name>
         <value>0x20201790</value>
         <object_component_ref idref="oc-2ac"/>
      </symbol>
      <symbol id="sm-445">
         <name>malloc</name>
         <value>0x1f175</value>
         <object_component_ref idref="oc-223"/>
      </symbol>
      <symbol id="sm-446">
         <name>aligned_alloc</name>
         <value>0x1c4b9</value>
         <object_component_ref idref="oc-2b2"/>
      </symbol>
      <symbol id="sm-447">
         <name>free</name>
         <value>0x1c98d</value>
         <object_component_ref idref="oc-221"/>
      </symbol>
      <symbol id="sm-448">
         <name>_sys_memory</name>
         <value>0x20201470</value>
         <object_component_ref idref="oc-31"/>
      </symbol>
      <symbol id="sm-449">
         <name>memalign</name>
         <value>0x1c4b9</value>
         <object_component_ref idref="oc-2b2"/>
      </symbol>
      <symbol id="sm-453">
         <name>__TI_zero_init_nomemset</name>
         <value>0x1ef99</value>
         <object_component_ref idref="oc-5f"/>
      </symbol>
      <symbol id="sm-45c">
         <name>__TI_decompress_none</name>
         <value>0x1f01d</value>
         <object_component_ref idref="oc-20"/>
      </symbol>
      <symbol id="sm-467">
         <name>__TI_decompress_lzss</name>
         <value>0x1d815</value>
         <object_component_ref idref="oc-1c"/>
      </symbol>
      <symbol id="sm-472">
         <name>_c_int00_noargs</name>
         <value>0x1ec29</value>
         <object_component_ref idref="oc-68"/>
      </symbol>
      <symbol id="sm-473">
         <name>__stack</name>
         <value>0x20207e00</value>
         <object_component_ref idref="oc-1a"/>
      </symbol>
      <symbol id="sm-480">
         <name>__TI_closefile</name>
         <value>0x1d799</value>
         <object_component_ref idref="oc-21b"/>
      </symbol>
      <symbol id="sm-48a">
         <name>__TI_doflush</name>
         <value>0x1e0df</value>
         <object_component_ref idref="oc-29e"/>
      </symbol>
      <symbol id="sm-498">
         <name>__TI_auto_init_nobinit</name>
         <value>0x1e039</value>
         <object_component_ref idref="oc-153"/>
      </symbol>
      <symbol id="sm-4a0">
         <name>_system_pre_init</name>
         <value>0x1d60d</value>
         <object_component_ref idref="oc-a6"/>
      </symbol>
      <symbol id="sm-4b3">
         <name>write</name>
         <value>0x1ec01</value>
         <object_component_ref idref="oc-2e1"/>
      </symbol>
      <symbol id="sm-4b8">
         <name>_device</name>
         <value>0x202010fc</value>
         <object_component_ref idref="oc-212"/>
      </symbol>
      <symbol id="sm-4b9">
         <name>_stream</name>
         <value>0x20201174</value>
         <object_component_ref idref="oc-2dd"/>
      </symbol>
      <symbol id="sm-4c2">
         <name>remove</name>
         <value>0x1f1b9</value>
         <object_component_ref idref="oc-2a8"/>
      </symbol>
      <symbol id="sm-4ce">
         <name>open</name>
         <value>0x1cfb5</value>
         <object_component_ref idref="oc-29a"/>
      </symbol>
      <symbol id="sm-4d9">
         <name>close</name>
         <value>0x1e181</value>
         <object_component_ref idref="oc-2a4"/>
      </symbol>
      <symbol id="sm-4e5">
         <name>add_device</name>
         <value>0x1c7b9</value>
         <object_component_ref idref="oc-188"/>
      </symbol>
      <symbol id="sm-4ef">
         <name>unlink</name>
         <value>0x1eb5d</value>
         <object_component_ref idref="oc-2ea"/>
      </symbol>
      <symbol id="sm-4f9">
         <name>HOSTclose</name>
         <value>0x1e269</value>
         <object_component_ref idref="oc-27c"/>
      </symbol>
      <symbol id="sm-503">
         <name>HOSTlseek</name>
         <value>0x1da59</value>
         <object_component_ref idref="oc-288"/>
      </symbol>
      <symbol id="sm-50d">
         <name>HOSTopen</name>
         <value>0x1dcd1</value>
         <object_component_ref idref="oc-278"/>
      </symbol>
      <symbol id="sm-50e">
         <name>parmbuf</name>
         <value>0x20201830</value>
         <object_component_ref idref="oc-2c4"/>
      </symbol>
      <symbol id="sm-518">
         <name>HOSTread</name>
         <value>0x1dd31</value>
         <object_component_ref idref="oc-280"/>
      </symbol>
      <symbol id="sm-529">
         <name>HOSTrename</name>
         <value>0x1dac5</value>
         <object_component_ref idref="oc-290"/>
      </symbol>
      <symbol id="sm-533">
         <name>HOSTunlink</name>
         <value>0x1e2b1</value>
         <object_component_ref idref="oc-28c"/>
      </symbol>
      <symbol id="sm-53d">
         <name>HOSTwrite</name>
         <value>0x1dd89</value>
         <object_component_ref idref="oc-284"/>
      </symbol>
      <symbol id="sm-54b">
         <name>C$$IO$$</name>
         <value>0x1e7a1</value>
         <object_component_ref idref="oc-2bd"/>
      </symbol>
      <symbol id="sm-54c">
         <name>__TI_writemsg</name>
         <value>0x1e775</value>
         <object_component_ref idref="oc-2bd"/>
      </symbol>
      <symbol id="sm-54d">
         <name>__CIOBUF_</name>
         <value>0x20201670</value>
         <object_component_ref idref="oc-2f4"/>
      </symbol>
      <symbol id="sm-54e">
         <name>__TI_readmsg</name>
         <value>0x1e741</value>
         <object_component_ref idref="oc-2c3"/>
      </symbol>
      <symbol id="sm-54f">
         <name>_CIOBUF_</name>
         <value>0x20201670</value>
         <object_component_ref idref="oc-2f4"/>
      </symbol>
      <symbol id="sm-555">
         <name>__aeabi_idiv</name>
         <value>0x1de91</value>
         <object_component_ref idref="oc-112"/>
      </symbol>
      <symbol id="sm-556">
         <name>__aeabi_idivmod</name>
         <value>0x1de91</value>
         <object_component_ref idref="oc-112"/>
      </symbol>
      <symbol id="sm-55c">
         <name>__aeabi_memcpy</name>
         <value>0x1f1b1</value>
         <object_component_ref idref="oc-58"/>
      </symbol>
      <symbol id="sm-55d">
         <name>__aeabi_memcpy4</name>
         <value>0x1f1b1</value>
         <object_component_ref idref="oc-58"/>
      </symbol>
      <symbol id="sm-55e">
         <name>__aeabi_memcpy8</name>
         <value>0x1f1b1</value>
         <object_component_ref idref="oc-58"/>
      </symbol>
      <symbol id="sm-565">
         <name>__aeabi_memclr</name>
         <value>0x1f169</value>
         <object_component_ref idref="oc-a1"/>
      </symbol>
      <symbol id="sm-566">
         <name>__aeabi_memclr4</name>
         <value>0x1f169</value>
         <object_component_ref idref="oc-a1"/>
      </symbol>
      <symbol id="sm-567">
         <name>__aeabi_memclr8</name>
         <value>0x1f169</value>
         <object_component_ref idref="oc-a1"/>
      </symbol>
      <symbol id="sm-56d">
         <name>__aeabi_uidiv</name>
         <value>0x1e48d</value>
         <object_component_ref idref="oc-116"/>
      </symbol>
      <symbol id="sm-56e">
         <name>__aeabi_uidivmod</name>
         <value>0x1e48d</value>
         <object_component_ref idref="oc-116"/>
      </symbol>
      <symbol id="sm-579">
         <name>__aeabi_idiv0</name>
         <value>0x1cfb3</value>
         <object_component_ref idref="oc-1c2"/>
      </symbol>
      <symbol id="sm-587">
         <name>finddevice</name>
         <value>0x1e7dd</value>
         <object_component_ref idref="oc-20b"/>
      </symbol>
      <symbol id="sm-588">
         <name>getdevice</name>
         <value>0x1db9d</value>
         <object_component_ref idref="oc-2db"/>
      </symbol>
      <symbol id="sm-591">
         <name>TI_memcpy_small</name>
         <value>0x1f00b</value>
         <object_component_ref idref="oc-d9"/>
      </symbol>
      <symbol id="sm-59a">
         <name>TI_memset_small</name>
         <value>0x1f113</value>
         <object_component_ref idref="oc-179"/>
      </symbol>
      <symbol id="sm-5a2">
         <name>strcmp</name>
         <value>0x1d611</value>
         <object_component_ref idref="oc-272"/>
      </symbol>
      <symbol id="sm-5a3">
         <name>__TI_static_base__</name>
         <value>0x0</value>
      </symbol>
      <symbol id="sm-5a6">
         <name>__mpu_init</name>
         <value>0x0</value>
      </symbol>
      <symbol id="sm-5a7">
         <name>_system_post_cinit</name>
         <value>0x0</value>
      </symbol>
   </symbol_table>
   <title>Link successful</title>
</link_info>
