******************************************************************************
            TI ARM Clang Linker PC v4.0.1                      
******************************************************************************
>> Linked Thu Apr 17 20:24:17 2025

OUTPUT FILE NAME:   <MadMines.out>
ENTRY POINT SYMBOL: "_c_int00_noargs"  address: 0001975d


MEMORY CONFIGURATION

         name            origin    length      used     unused   attr    fill
----------------------  --------  ---------  --------  --------  ----  --------
  FLASH                 00000000   00020000  00019d00  00006300  R  X
  SRAM                  20200000   00008000  000009d0  00007630  RW X
  BCR_CONFIG            41c00000   00000080  00000000  00000080  R   
  BSL_CONFIG            41c00100   00000080  00000000  00000080  R   


SEGMENT ALLOCATION MAP

run origin  load origin   length   init length attrs members
----------  ----------- ---------- ----------- ----- -------
00000000    00000000    00019d00   00019d00    r-x
  00000000    00000000    000000c0   000000c0    r-- .intvecs
  000000c0    000000c0    000143c0   000143c0    r-- .rodata
  00014480    00014480    00005760   00005760    r-x .text
  00019be0    00019be0    00000008   00000008    r-- .init_array
  00019be8    00019be8    00000118   00000118    r-- .cinit
20200000    20200000    000007d3   00000000    rw-
  20200000    20200000    000003ed   00000000    rw- .data
  202003f0    202003f0    00000200   00000000    rw- .sysmem
  202005f0    202005f0    000001e3   00000000    rw- .bss
20207e00    20207e00    00000200   00000000    rw-
  20207e00    20207e00    00000200   00000000    rw- .stack


SECTION ALLOCATION MAP

 output                                  attributes/
section   page    origin      length       input sections
--------  ----  ----------  ----------   ----------------
.intvecs   0    00000000    000000c0     
                  00000000    000000c0     startup_mspm0g3507_ticlang.o (.intvecs)

.binit     0    00000000    00000000     

.text      0    00014480    00005760     
                  00014480    000005e0     Lab9HMain.o (.text.main)
                  00014a60    00000408     Machine.o (.text._ZN7Machine11updateAnvilEh)
                  00014e68    000003e4     Machine.o (.text._ZN7Machine10updateCartEh)
                  0001524c    00000358     Machine.o (.text._ZN7Machine14updateCountersEhPS_)
                  000155a4    00000330     Machine.o (.text._ZN7Machine13updateSmelterEh)
                  000158d4    000002b0     Machine.o (.text._ZN7Machine13printCountersEPS_)
                  00015b84    00000298     Machine.o (.text._ZN7Machine10updateRockEh)
                  00015e1c    00000210     ST7735.o (.text._Z17ST7735_DrawBitmapssPKtss)
                  0001602c    000001d8     Machine.o (.text._ZN7Machine9printCartEv)
                  00016204    000001b4     Clock.o (.text._Z15Clock_Init80MHzi)
                  000163b8    000001ac     Machine.o (.text._ZN7Machine13computeRecipeEPaa)
                  00016564    000001a8     Machine.o (.text._ZN7Machine12printSmelterEv)
                  0001670c    000001a4     ST7735.o (.text._Z15ST7735_DrawCharsscssh)
                  000168b0    000001a0     ST7735.o (.text._Z16ST7735_DrawCharSsscssh)
                  00016a50    00000160     Machine.o (.text._ZN7Machine15updateAnvilMenuEPaa)
                  00016bb0    0000015c     Machine.o (.text._ZN7Machine13cartSendErrorEhh)
                  00016d0c    00000154     libc.a : fopen.c.obj (.text._openfile)
                  00016e60    0000012c     Player.o (.text._ZN6Player8moveDownEv)
                  00016f8c    00000128     TExaS.o (.text._Z8ADC_InitP10ADC12_Regsjj)
                  000170b4    00000118     ST7735.o (.text._Z15ST7735_FillRectsssst)
                  000171cc    00000114     libc.a : memory.c.obj (.text.aligned_alloc)
                  000172e0    00000108     Player.o (.text._ZN6Player6moveUpEv)
                  000173e8    000000f8     SPI.o (.text._Z8SPI_Initv)
                  000174e0    000000f4     ST7735.o (.text._Z18ST7735_SetRotationh)
                  000175d4    000000ec     libsysbm.a : add_device.c.obj (.text.add_device)
                  000176c0    000000e8     TExaS.o (.text._Z9UART_Initv)
                  000177a8    000000e8     libc.a : memory.c.obj (.text.free)
                  00017890    000000e0            : setvbuf.c.obj (.text.setvbuf)
                  00017970    000000dc     UART2.o (.text._Z10UART2_Initv)
                  00017a4c    000000d8     ST7735.o (.text._Z14ST7735_OutCharc)
                  00017b24    000000b0     ST7735.o (.text._Z20ST7735_DrawFastHLinessst)
                  00017bd4    000000b0     ST7735.o (.text._Z20ST7735_DrawFastVLinessst)
                  00017c84    000000a8     Timer.o (.text._Z14TimerG7_IntArmtjj)
                  00017d2c    000000a2     ST7735.o (.text._ZL11commandListPKh)
                  00017dce    00000002     Sound.o (.text.SysTick_Handler)
                  00017dd0    000000a0     libsysbm.a : open.c.obj (.text.open)
                  00017e70    0000009c     ST7735.o (.text._Z17ST7735_InitPrintfv)
                  00017f0c    0000009c     Player.o (.text._ZN6Player14checkProximityE7Machine)
                  00017fa8    00000098     ST7735.o (.text._Z12ST7735_InitR10initRFlags)
                  00018040    00000098     Machine.o (.text._ZN7Machine10printAnvilEv)
                  000180d8    00000094     Timer.o (.text._Z15TimerG12_IntArmjj)
                  0001816c    0000008c     ST7735.o (.text._Z17ST7735_DrawStringttPcs)
                  000181f8    0000008c     SlidePot.o (.text._ZN8SlidePot4InitEv)
                  00018284    00000088     ST7735.o (.text._ZL13setAddrWindowhhhh)
                  0001830c    00000004     libc.a : pre_init.c.obj (.text._system_pre_init)
                  00018310    00000088            : strcmp-armv6m.S.obj (.text:strcmp)
                  00018398    00000084     Machine.o (.text._ZN7Machine9printRockEv)
                  0001841c    00000082     Machine.o (.text._ZN7MachineC2Ehhhhhhhhh)
                  0001849e    00000080     Player.o (.text._ZN6Player16resetCoordinatesEv)
                  0001851e    00000002     libclang_rt.builtins.a : aeabi_div0.c.obj (.text.__aeabi_idiv0)
                  00018520    0000007c     LaunchPad.o (.text._Z14LaunchPad_Initv)
                  0001859c    0000007c     libc.a : fclose.c.obj (.text.__TI_closefile)
                  00018618    0000007c            : copy_decompress_lzss.c.obj (.text:decompress:lzss)
                  00018694    00000078     Player.o (.text._ZN6Player15getMachineInputE7Machine)
                  0001870c    00000074     UART2.o (.text.UART2_IRQHandler)
                  00018780    00000074     IRxmt.o (.text._Z13IRxmt_SendBiti)
                  000187f4    00000070     ST7735.o (.text._Z16ST7735_DrawPixelsst)
                  00018864    0000006c     libsysbm.a : hostlseek.c.obj (.text.HOSTlseek)
                  000188d0    0000006c                : hostrename.c.obj (.text.HOSTrename)
                  0001893c    0000006c     libc.a : getdevice.c.obj (.text.getdevice)
                  000189a8    00000064            : memory.c.obj (.text.split)
                  00018a0c    00000062     Machine.o (.text._ZN7MachineC2Ehhhhhh)
                  00018a6e    00000002     libc.a : _lock.c.obj (.text._nop)
                  00018a70    00000060     libsysbm.a : hostopen.c.obj (.text.HOSTopen)
                  00018ad0    00000058                : hostread.c.obj (.text.HOSTread)
                  00018b28    00000058                : hostwrite.c.obj (.text.HOSTwrite)
                  00018b80    00000058     TExaS.o (.text._Z10TExaS_InitP10ADC12_RegsjPFhvE)
                  00018bd8    00000056     libclang_rt.builtins.a : aeabi_idivmod.S.obj (.text.__aeabi_idivmod)
                  00018c2e    00000002     --HOLE-- [fill = 0]
                  00018c30    00000054     Player.o (.text._ZN6Player14printPosessionEh)
                  00018c84    00000054     SlidePot.o (.text._ZN8SlidePot2InEv)
                  00018cd8    00000054     libc.a : autoinit.c.obj (.text:__TI_auto_init_nobinit)
                  00018d2c    00000052            : fflush.c.obj (.text.__TI_doflush)
                  00018d7e    00000002     --HOLE-- [fill = 0]
                  00018d80    00000050     Lab9HMain.o (.text.__cxx_global_var_init.9)
                  00018dd0    00000050     libsysbm.a : close.c.obj (.text.close)
                  00018e20    0000004c     Lab9HMain.o (.text._GLOBAL__sub_I_Lab9HMain.cpp)
                  00018e6c    0000004c     FIFO2.o (.text._ZN5Queue3GetEPc)
                  00018eb8    0000004c     FIFO2.o (.text._ZN5Queue3PutEc)
                  00018f04    0000004c     Player.o (.text._ZN6Player8moveLeftEv)
                  00018f50    0000004c     Player.o (.text._ZN6Player9moveRightEv)
                  00018f9c    00000048     libsysbm.a : hostclose.c.obj (.text.HOSTclose)
                  00018fe4    00000048                : hostunlink.c.obj (.text.HOSTunlink)
                  0001902c    00000048     IRxmt.o (.text._Z13IRxmt_OutCharc)
                  00019074    00000048     SPI.o (.text._Z14SPI_OutCommandc)
                  000190bc    00000040     TExaS.o (.text.TIMG7_IRQHandler)
                  000190fc    00000040     SPI.o (.text._Z9SPI_Resetv)
                  0001913c    00000040     libclang_rt.builtins.a : aeabi_uidivmod.S.obj (.text.__aeabi_uidivmod)
                  0001917c    00000040     Lab9HMain.o (.text.__cxx_global_var_init.17)
                  000191bc    00000040     libc.a : fopen.c.obj (.text._search_fp)
                  000191fc    0000003c     Lab9HMain.o (.text.TIMG12_IRQHandler)
                  00019238    0000003c     Sound.o (.text._Z10Sound_Initv)
                  00019274    00000038     SPI.o (.text._Z11SPI_OutDatac)
                  000192ac    00000038     LaunchPad.o (.text._Z15ActivatePortA_Bv)
                  000192e4    00000034     ST7735.o (.text._Z12ST7735_writeiPKcj)
                  00019318    00000034     Clock.o (.text._Z14Clock_Delay1msj)
                  0001934c    00000034     ST7735.o (.text._Z16ST7735_SetCursorjj)
                  00019380    00000034     libc.a : fopen.c.obj (.text.__TI_cleanup)
                  000193b4    00000034     libsysbm.a : trgmsg.c.obj (.text.__TI_readmsg)
                  000193e8    00000034                : trgmsg.c.obj (.text.__TI_writemsg)
                  0001941c    00000034     libc.a : exit.c.obj (.text.exit)
                  00019450    00000034            : getdevice.c.obj (.text.finddevice)
                  00019484    00000034            : fopen.c.obj (.text.freopen)
                  000194b8    00000030     ST7735.o (.text._ZL10commonInitPKh)
                  000194e8    00000030     Lab9HMain.o (.text.__cxx_global_var_init.14)
                  00019518    00000030     Lab9HMain.o (.text.__cxx_global_var_init.15)
                  00019548    00000030     Lab9HMain.o (.text.__cxx_global_var_init.16)
                  00019578    00000030     Lab9HMain.o (.text.__cxx_global_var_init.6)
                  000195a8    00000030     Lab9HMain.o (.text.__cxx_global_var_init.7)
                  000195d8    00000030     Lab9HMain.o (.text.__cxx_global_var_init.8)
                  00019608    00000030     libc.a : fopen.c.obj (.text.fopen)
                  00019638    0000002c     ST7735.o (.text._Z17ST7735_FillScreent)
                  00019664    0000002c     Lab9HMain.o (.text.__cxx_global_var_init.5)
                  00019690    0000002c     libsysbm.a : unlink.c.obj (.text.unlink)
                  000196bc    00000028     IRxmt.o (.text._Z10IRxmt_Initv)
                  000196e4    00000028     TExaS.o (.text._Z9ADC_StartP10ADC12_Regs)
                  0001970c    00000028     libc.a : memory.c.obj (.text.free_list_insert)
                  00019734    00000028     libsysbm.a : write.c.obj (.text.write)
                  0001975c    00000028     libc.a : boot_cortex_m.c.obj (.text:_c_int00_noargs)
                  00019784    00000024     SlidePot.o (.text._ZN8SlidePot4SaveEj)
                  000197a8    00000024     Lab9HMain.o (.text.__cxx_global_var_init.10)
                  000197cc    00000024     Lab9HMain.o (.text.__cxx_global_var_init.11)
                  000197f0    00000024     Lab9HMain.o (.text.__cxx_global_var_init.12)
                  00019814    00000024     Lab9HMain.o (.text.__cxx_global_var_init.13)
                  00019838    00000024     Lab9HMain.o (.text.__cxx_global_var_init.2)
                  0001985c    00000024     Lab9HMain.o (.text.__cxx_global_var_init.3)
                  00019880    00000024     Lab9HMain.o (.text.__cxx_global_var_init.4)
                  000198a4    00000022     FIFO2.o (.text._ZN5Queue6IsFullEv)
                  000198c6    00000020     SlidePot.o (.text._ZN8SlidePot4SyncEv)
                  000198e6    0000001e     ST7735.o (.text._ZL9pushColort)
                  00019904    0000001c     startup_mspm0g3507_ticlang.o (.text.Default_Handler)
                  00019920    0000001c     startup_mspm0g3507_ticlang.o (.text.HardFault_Handler)
                  0001993c    0000001c     UART2.o (.text._Z12UART2_InCharv)
                  00019958    0000001c     Switch.o (.text._Z9Switch_Inv)
                  00019974    0000001c     Player.o (.text._ZN6PlayerC2Ev)
                  00019990    0000001c     libc.a : memory.c.obj (.text.free_list_remove)
                  000199ac    00000018     Switch.o (.text._Z11Switch_Initv)
                  000199c4    00000016     ST7735.o (.text._Z11ST7735_openPKcji)
                  000199da    00000016     ST7735.o (.text._Z11ST7735_readiPcj)
                  000199f0    00000016     libc.a : copy_zero_init.c.obj (.text:decompress:ZI:__TI_zero_init_nomemset)
                  00019a06    00000014     FIFO2.o (.text._ZN5Queue7IsEmptyEv)
                  00019a1a    00000012     Player.o (.text._ZN6Player13setPossessionEh)
                  00019a2c    00000012     libc.a : memcpy16.S.obj (.text:TI_memcpy_small)
                  00019a3e    00000012            : copy_decompress_none.c.obj (.text:decompress:none)
                  00019a50    00000010     Clock.o (.text._Z11Clock_Delayj)
                  00019a60    00000010     UART2.o (.text._Z12UART2_Enablev)
                  00019a70    00000010     UART2.o (.text._Z13UART2_Disablev)
                  00019a80    00000010     Lab9HMain.o (.text._Z28TExaS_LaunchPadLogicPB27PB26v)
                  00019a90    00000010     FIFO2.o (.text._ZN5QueueC2Ev)
                  00019aa0    00000010     Lab9HMain.o (.text.__cxx_global_var_init.1)
                  00019ab0    00000010     Lab9HMain.o (.text.__cxx_global_var_init)
                  00019ac0    00000010     UART2.o (.text.__cxx_global_var_init)
                  00019ad0    0000000e     libc.a : memory.c.obj (.text.OUTLINED_FUNCTION_0)
                  00019ade    0000000e     ST7735.o (.text._Z12ST7735_lseekili)
                  00019aec    0000000e     Player.o (.text._ZN6Player7getXPosEv)
                  00019afa    0000000e     Player.o (.text._ZN6Player7getYPosEv)
                  00019b08    0000000e     SlidePot.o (.text._ZN8SlidePotC2Ev)
                  00019b16    0000000e     libsysbm.a : hostrename.c.obj (.text.strcpy)
                  00019b24    0000000e                : hostrename.c.obj (.text.strlen)
                  00019b32    0000000e     libc.a : memset16.S.obj (.text:TI_memset_small)
                  00019b40    0000000c     Clock.o (.text._Z10Clock_Freqv)
                  00019b4c    0000000c     ST7735.o (.text._Z13ST7735_renamePKcS0_)
                  00019b58    0000000c     IRxmt.o (.text._Z5Delayj)
                  00019b64    0000000c     Player.o (.text._ZN6Player7getSizeEv)
                  00019b70    0000000c     SlidePot.o (.text._ZN8SlidePot9DistanceXEv)
                  00019b7c    0000000c     SlidePot.o (.text._ZN8SlidePot9DistanceYEv)
                  00019b88    0000000c     libclang_rt.builtins.a : aeabi_memset.S.obj (.text.__aeabi_memclr)
                  00019b94    0000000c     libc.a : memory.c.obj (.text.malloc)
                  00019ba0    0000000a     ST7735.o (.text._Z12ST7735_closei)
                  00019baa    0000000a     ST7735.o (.text._Z13ST7735_unlinkPKc)
                  00019bb4    0000000a     Lab9HMain.o (.text._Z8PLL_Initv)
                  00019bbe    00000008     UART2.o (.text._GLOBAL__sub_I_UART2.cpp)
                  00019bc6    00000002     --HOLE-- [fill = 0]
                  00019bc8    00000008     libclang_rt.builtins.a : aeabi_memcpy.S.obj (.text.__aeabi_memcpy)
                  00019bd0    00000008     libsysbm.a : remove.c.obj (.text.remove)
                  00019bd8    00000004     startup_mspm0g3507_ticlang.o (.text.Reset_Handler)
                  00019bdc    00000004     libc.a : exit.c.obj (.text:abort)

.cinit     0    00019be8    00000118     
                  00019be8    000000f2     (.cinit..data.load) [load image, compression = lzss]
                  00019cda    00000002     --HOLE-- [fill = 0]
                  00019cdc    0000000c     (__TI_handler_table)
                  00019ce8    00000008     (.cinit..bss.load) [load image, compression = zero_init]
                  00019cf0    00000010     (__TI_cinit_table)

.rodata    0    000000c0    000143c0     
                  000000c0    00002800     Machine.o (.rodata._ZL4todo)
                  000028c0    00002700     Machine.o (.rodata._ZL9anvilMenu)
                  00004fc0    00001008     Machine.o (.rodata._ZL11smelterFail)
                  00005fc8    00001008     Machine.o (.rodata._ZL14smelterWorking)
                  00006fd0    00001008     Machine.o (.rodata._ZL16smelterHighlight)
                  00007fd8    00001008     Machine.o (.rodata._ZL20smelterFailHighlight)
                  00008fe0    00001008     Machine.o (.rodata._ZL7smelter)
                  00009fe8    00000f78     Machine.o (.rodata._ZL12anvilWorking)
                  0000af60    00000f78     Machine.o (.rodata._ZL14anvilHighlight)
                  0000bed8    00000f78     Machine.o (.rodata._ZL5anvil)
                  0000ce50    00000f74     Machine.o (.rodata._ZL13cartHighlight)
                  0000ddc4    00000f74     Machine.o (.rodata._ZL4cart)
                  0000ed38    00000bb0     Machine.o (.rodata._ZL11workingRock)
                  0000f8e8    00000bb0     Machine.o (.rodata._ZL13highlightRock)
                  00010498    00000bb0     Machine.o (.rodata._ZL4rock)
                  00011048    000006e0     Machine.o (.rodata._ZL6ladder)
                  00011728    00000548     Lab9HMain.o (.rodata._ZL5miner)
                  00011c70    00000540     Machine.o (.rodata._ZL7counter)
                  000121b0    000004fb     ST7735.o (.rodata._ZL4Font)
                  000126ab    00000001     --HOLE-- [fill = 0]
                  000126ac    00000348     Machine.o (.rodata._ZL5watch)
                  000129f4    00000320     Machine.o (.rodata._ZL5trash)
                  00012d14    000002d2     Machine.o (.rodata._ZL5sword)
                  00012fe6    000002ac     Machine.o (.rodata._ZL3key)
                  00013292    000002a0     Machine.o (.rodata._ZL6shield)
                  00013532    00000220     Machine.o (.rodata._ZL4ring)
                  00013752    0000018c     Machine.o (.rodata._ZL10rawDiamond)
                  000138de    0000018c     Machine.o (.rodata._ZL10rawEmerald)
                  00013a6a    0000018c     Machine.o (.rodata._ZL7rawGold)
                  00013bf6    0000018c     Machine.o (.rodata._ZL7rawRuby)
                  00013d82    0000018c     Machine.o (.rodata._ZL9rawSilver)
                  00013f0e    0000010e     Machine.o (.rodata._ZL4gold)
                  0001401c    0000010e     Machine.o (.rodata._ZL6silver)
                  0001412a    000000d8     Machine.o (.rodata._ZL4Ruby)
                  00014202    000000d8     Machine.o (.rodata._ZL7Diamond)
                  000142da    000000d8     Machine.o (.rodata._ZL7Emerald)
                  000143b2    0000003b     ST7735.o (.rodata._ZL5Rcmd1)
                  000143ed    0000002b     ST7735.o (.rodata._ZL5Rcmd3)
                  00014418    00000019     Machine.o (.rodata._ZL7recipes)
                  00014431    00000016     ST7735.o (.rodata.str1.145533100666594254441)
                  00014447    0000000d     ST7735.o (.rodata._ZL10Rcmd2green)
                  00014454    0000000d     ST7735.o (.rodata._ZL8Rcmd2red)
                  00014461    00000008     ST7735.o (.rodata.str1.74455504091578136031)
                  00014469    00000007     ST7735.o (.rodata.str1.70397418904557661531)
                  00014470    00000007     ST7735.o (.rodata.str1.94386759871288863331)
                  00014477    00000002     ST7735.o (.rodata.str1.79068154596109554801)
                  00014479    00000007     --HOLE-- [fill = 0]

.init_array 
*          0    00019be0    00000008     
                  00019be0    00000004     UART2.o (.init_array)
                  00019be4    00000004     Lab9HMain.o (.init_array)

.data      0    20200000    000003ed     UNINITIALIZED
                  20200000    000000f0     libc.a : defs.c.obj (.data._ftable)
                  202000f0    00000088     Machine.o (.data.sprites)
                  20200178    00000078     libsysbm.a : host_device.c.obj (.data._device)
                  202001f0    00000050                : host_device.c.obj (.data._stream)
                  20200240    00000038     Lab9HMain.o (.data.Counters)
                  20200278    0000002a     Lab9HMain.o (.data.Counters2)
                  202002a2    00000002     ST7735.o (.data.StTextColor)
                  202002a4    00000028     UART2.o (.data.FIFO2)
                  202002cc    00000014     Machine.o (.data._ZL7ToDoArr)
                  202002e0    0000000e     Lab9HMain.o (.data.m_anvil)
                  202002ee    0000000e     Lab9HMain.o (.data.m_cart1)
                  202002fc    0000000e     Lab9HMain.o (.data.m_cart2)
                  2020030a    0000000e     Lab9HMain.o (.data.m_counter1)
                  20200318    0000000e     Lab9HMain.o (.data.m_counter2)
                  20200326    0000000e     Lab9HMain.o (.data.m_counter3)
                  20200334    0000000e     Lab9HMain.o (.data.m_counter4)
                  20200342    0000000e     Lab9HMain.o (.data.m_counter5)
                  20200350    0000000e     Lab9HMain.o (.data.m_counter6)
                  2020035e    0000000e     Lab9HMain.o (.data.m_portal)
                  2020036c    0000000e     Lab9HMain.o (.data.m_refiner)
                  2020037a    0000000e     Lab9HMain.o (.data.m_rock)
                  20200388    0000000e     Lab9HMain.o (.data.m_smelter)
                  20200396    0000000e     Lab9HMain.o (.data.m_todo)
                  202003a4    0000000c     Lab9HMain.o (.data.Sensor)
                  202003b0    00000008     libc.a : exit.c.obj (.data..L_MergedGlobals)
                  202003b8    00000008     Lab9HMain.o (.data.p1)
                  202003c0    00000004     Clock.o (.data.BusFreq)
                  202003c4    00000004     ST7735.o (.data.StX)
                  202003c8    00000004     ST7735.o (.data.StY)
                  202003cc    00000004     libc.a : defs.c.obj (.data.__TI_ft_end)
                  202003d0    00000004            : _lock.c.obj (.data._lock)
                  202003d4    00000004            : _lock.c.obj (.data._unlock)
                  202003d8    00000002     ST7735.o (.data._ZL6_width)
                  202003da    00000002     ST7735.o (.data._ZL7_height)
                  202003dc    00000001     Machine.o (.data._ZZN7Machine10updateCartEhE8debounce)
                  202003dd    00000001     Machine.o (.data._ZZN7Machine10updateRockEhE10wasWorking)
                  202003de    00000001     Machine.o (.data._ZZN7Machine11updateAnvilEhE10wasWorking)
                  202003df    00000001     Machine.o (.data._ZZN7Machine11updateAnvilEhE11anvilLength)
                  202003e0    00000001     Machine.o (.data._ZZN7Machine11updateAnvilEhE12menuDebounce)
                  202003e1    00000001     Machine.o (.data._ZZN7Machine14updateCountersEhPS_E8debounce)
                  202003e2    00000001     Machine.o (.data._ZZN7Machine9printCartEvE2in)
                  202003e3    00000001     Machine.o (.data._ZZN7Machine9printCartEvE4sent)
                  202003e4    00000001     libsysbm.a : add_device.c.obj (.data.add_device.device_init)
                  202003e5    00000001     Lab9HMain.o (.data.input)
                  202003e6    00000001     Lab9HMain.o (.data.numCounters)
                  202003e7    00000001     Machine.o (.data.progH)
                  202003e8    00000001     libc.a : memory.c.obj (.data.memory_is_initialized)
                  202003e9    00000001     Machine.o (.data.progW)
                  202003ea    00000002     --HOLE--
                  202003ec    00000001     libsysbm.a : open.c.obj (.data.open.stream_init)

.sysmem    0    202003f0    00000200     UNINITIALIZED
                  202003f0    00000010     libc.a : memory.c.obj (.sysmem)
                  20200400    000001f0     --HOLE--

.bss       0    202005f0    000001e3     UNINITIALIZED
                  202005f0    00000120     libsysbm.a : trgmsg.c.obj (.bss:_CIOBUF_)
                  20200710    000000a0     libc.a : defs.c.obj (.bss.__TI_tmpnams)
                  202007b0    00000008     libsysbm.a : hostopen.c.obj (.bss.parmbuf)
                  202007b8    00000005     Machine.o (.bss._ZZN7Machine11updateAnvilEhE10AnvilItems)
                  202007bd    00000001     ST7735.o (.bss._ZL8ColStart)
                  202007be    00000001     ST7735.o (.bss._ZL8Rotation)
                  202007bf    00000001     ST7735.o (.bss._ZL8RowStart)
                  202007c0    00000004     UART2.o (.bss.LostData)
                  202007c4    00000004     TExaS.o (.bss.TExaSLogic)
                  202007c8    00000004     TExaS.o (.bss.TExaSadc)
                  202007cc    00000004     libc.a : memory.c.obj (.bss.sys_free)
                  202007d0    00000001     ST7735.o (.bss._ZL8TabColor)
                  202007d1    00000001     Lab9HMain.o (.bss.buttons)
                  202007d2    00000001     Lab9HMain.o (.bss.menuOpen)

.stack     0    20207e00    00000200     UNINITIALIZED
                  20207e00    00000004     libc.a : boot_cortex_m.c.obj (.stack)
                  20207e04    000001fc     --HOLE--

__llvm_prf_cnts 
*          0    20200000    00000000     UNINITIALIZED

__llvm_prf_bits 
*          0    20200000    00000000     UNINITIALIZED

MODULE SUMMARY

       Module                         code    ro data   rw data
       ------                         ----    -------   -------
    .\
       Machine.o                      7588    80071     171    
       ST7735.o                       3630    1449      18     
       Lab9HMain.o                    2426    1356      318    
       Player.o                       1290    0         0      
       TExaS.o                        720     0         8      
       Clock.o                        516     0         4      
       UART2.o                        420     4         44     
       SPI.o                          440     0         0      
       SlidePot.o                     330     0         0      
       Timer.o                        316     0         0      
       IRxmt.o                        240     0         0      
       FIFO2.o                        222     0         0      
       LaunchPad.o                    180     0         0      
       Sound.o                        62      0         0      
       Switch.o                       52      0         0      
    +--+------------------------------+-------+---------+---------+
       Total:                         18432   82880     563    
                                                               
    .\ticlang\
       startup_mspm0g3507_ticlang.o   60      192       0      
    +--+------------------------------+-------+---------+---------+
       Total:                         60      192       0      
                                                               
    C:\ti\ccs2000\ccs\tools\compiler\ti-cgt-armllvm_4.0.1.LTS\lib\armv6m-ti-none-eabi/c/libc.a
       memory.c.obj                   702     0         5      
       fopen.c.obj                    556     0         0      
       defs.c.obj                     0       0         404    
       setvbuf.c.obj                  224     0         0      
       getdevice.c.obj                160     0         0      
       strcmp-armv6m.S.obj            136     0         0      
       copy_decompress_lzss.c.obj     124     0         0      
       fclose.c.obj                   124     0         0      
       autoinit.c.obj                 84      0         0      
       fflush.c.obj                   82      0         0      
       exit.c.obj                     56      0         8      
       boot_cortex_m.c.obj            40      0         0      
       copy_zero_init.c.obj           22      0         0      
       copy_decompress_none.c.obj     18      0         0      
       memcpy16.S.obj                 18      0         0      
       memset16.S.obj                 14      0         0      
       _lock.c.obj                    2       0         8      
       pre_init.c.obj                 4       0         0      
    +--+------------------------------+-------+---------+---------+
       Total:                         2366    0         425    
                                                               
    C:\ti\ccs2000\ccs\tools\compiler\ti-cgt-armllvm_4.0.1.LTS\lib\armv6m-ti-none-eabi/c/libsysbm.a
       trgmsg.c.obj                   104     0         288    
       add_device.c.obj               236     0         1      
       host_device.c.obj              0       0         200    
       open.c.obj                     160     0         1      
       hostrename.c.obj               136     0         0      
       hostlseek.c.obj                108     0         0      
       hostopen.c.obj                 96      0         8      
       hostread.c.obj                 88      0         0      
       hostwrite.c.obj                88      0         0      
       close.c.obj                    80      0         0      
       hostclose.c.obj                72      0         0      
       hostunlink.c.obj               72      0         0      
       unlink.c.obj                   44      0         0      
       write.c.obj                    40      0         0      
       remove.c.obj                   8       0         0      
    +--+------------------------------+-------+---------+---------+
       Total:                         1332    0         498    
                                                               
    C:\ti\ccs2000\ccs\tools\compiler\ti-cgt-armllvm_4.0.1.LTS\lib\armv6m-ti-none-eabi/libclang_rt.builtins.a
       aeabi_idivmod.S.obj            86      0         0      
       aeabi_uidivmod.S.obj           64      0         0      
       aeabi_memset.S.obj             12      0         0      
       aeabi_memcpy.S.obj             8       0         0      
       aeabi_div0.c.obj               2       0         0      
    +--+------------------------------+-------+---------+---------+
       Total:                         172     0         0      
                                                               
       Heap:                          0       0         512    
       Stack:                         0       0         512    
       Linker Generated:              0       278       0      
    +--+------------------------------+-------+---------+---------+
       Grand Total:                   22362   83350     2510   


LINKER GENERATED COPY TABLES

__TI_cinit_table @ 00019cf0 records: 2, size/record: 8, table size: 16
	.data: load addr=00019be8, load size=000000f2 bytes, run addr=20200000, run size=000003ed bytes, compression=lzss
	.bss: load addr=00019ce8, load size=00000008 bytes, run addr=202005f0, run size=000001e3 bytes, compression=zero_init


LINKER GENERATED HANDLER TABLE

__TI_handler_table @ 00019cdc records: 3, size/record: 4, table size: 12
	index: 0, handler: __TI_decompress_lzss
	index: 1, handler: __TI_decompress_none
	index: 2, handler: __TI_zero_init


GLOBAL SYMBOLS: SORTED ALPHABETICALLY BY Name 

address   name                                
-------   ----                                
00019905  ADC0_IRQHandler                     
00019905  ADC1_IRQHandler                     
00019905  AES_IRQHandler                      
202003c0  BusFreq                             
00019bdc  C$$EXIT                             
00019415  C$$IO$$                             
00019905  CANFD0_IRQHandler                   
20200240  Counters                            
20200278  Counters2                           
00019905  DAC0_IRQHandler                     
00019905  DMA_IRQHandler                      
00019905  Default_Handler                     
202002a4  FIFO2                               
00019905  GROUP0_IRQHandler                   
00019905  GROUP1_IRQHandler                   
00018f9d  HOSTclose                           
00018865  HOSTlseek                           
00018a71  HOSTopen                            
00018ad1  HOSTread                            
000188d1  HOSTrename                          
00018fe5  HOSTunlink                          
00018b29  HOSTwrite                           
00019921  HardFault_Handler                   
00019905  I2C0_IRQHandler                     
00019905  I2C1_IRQHandler                     
202007c0  LostData                            
00019905  NMI_Handler                         
00019905  PendSV_Handler                      
00019905  RTC_IRQHandler                      
00019bd9  Reset_Handler                       
00019be0  SHT$$INIT_ARRAY$$Base               
00019be8  SHT$$INIT_ARRAY$$Limit              
00019905  SPI0_IRQHandler                     
00019905  SPI1_IRQHandler                     
00019905  SVC_Handler                         
202003a4  Sensor                              
202002a2  StTextColor                         
202003c4  StX                                 
202003c8  StY                                 
00017dcf  SysTick_Handler                     
202007c4  TExaSLogic                          
202007c8  TExaSadc                            
00019905  TIMA0_IRQHandler                    
00019905  TIMA1_IRQHandler                    
00019905  TIMG0_IRQHandler                    
000191fd  TIMG12_IRQHandler                   
00019905  TIMG6_IRQHandler                    
000190bd  TIMG7_IRQHandler                    
00019905  TIMG8_IRQHandler                    
00019a2d  TI_memcpy_small                     
00019b33  TI_memset_small                     
00019905  UART0_IRQHandler                    
00019905  UART1_IRQHandler                    
0001870d  UART2_IRQHandler                    
00019905  UART3_IRQHandler                    
202005f0  _CIOBUF_                            
00019b41  _Z10Clock_Freqv                     
000196bd  _Z10IRxmt_Initv                     
00019239  _Z10Sound_Initv                     
00018b81  _Z10TExaS_InitP10ADC12_RegsjPFhvE   
00017971  _Z10UART2_Initv                     
00019a51  _Z11Clock_Delayj                    
00019275  _Z11SPI_OutDatac                    
000199c5  _Z11ST7735_openPKcji                
000199db  _Z11ST7735_readiPcj                 
000199ad  _Z11Switch_Initv                    
00017fa9  _Z12ST7735_InitR10initRFlags        
00019ba1  _Z12ST7735_closei                   
00019adf  _Z12ST7735_lseekili                 
000192e5  _Z12ST7735_writeiPKcj               
00019a61  _Z12UART2_Enablev                   
0001993d  _Z12UART2_InCharv                   
0001902d  _Z13IRxmt_OutCharc                  
00018781  _Z13IRxmt_SendBiti                  
00019b4d  _Z13ST7735_renamePKcS0_             
00019bab  _Z13ST7735_unlinkPKc                
00019a71  _Z13UART2_Disablev                  
00019319  _Z14Clock_Delay1msj                 
00018521  _Z14LaunchPad_Initv                 
00019075  _Z14SPI_OutCommandc                 
00017a4d  _Z14ST7735_OutCharc                 
00017c85  _Z14TimerG7_IntArmtjj               
000192ad  _Z15ActivatePortA_Bv                
00016205  _Z15Clock_Init80MHzi                
0001670d  _Z15ST7735_DrawCharsscssh           
000170b5  _Z15ST7735_FillRectsssst            
000180d9  _Z15TimerG12_IntArmjj               
000168b1  _Z16ST7735_DrawCharSsscssh          
000187f5  _Z16ST7735_DrawPixelsst             
0001934d  _Z16ST7735_SetCursorjj              
00015e1d  _Z17ST7735_DrawBitmapssPKtss        
0001816d  _Z17ST7735_DrawStringttPcs          
00019639  _Z17ST7735_FillScreent              
00017e71  _Z17ST7735_InitPrintfv              
000174e1  _Z18ST7735_SetRotationh             
00017b25  _Z20ST7735_DrawFastHLinessst        
00017bd5  _Z20ST7735_DrawFastVLinessst        
00019a81  _Z28TExaS_LaunchPadLogicPB27PB26v   
00019b59  _Z5Delayj                           
00016f8d  _Z8ADC_InitP10ADC12_Regsjj          
00019bb5  _Z8PLL_Initv                        
000173e9  _Z8SPI_Initv                        
000196e5  _Z9ADC_StartP10ADC12_Regs           
000190fd  _Z9SPI_Resetv                       
00019959  _Z9Switch_Inv                       
000176c1  _Z9UART_Initv                       
00018e6d  _ZN5Queue3GetEPc                    
00018eb9  _ZN5Queue3PutEc                     
000198a5  _ZN5Queue6IsFullEv                  
00019a07  _ZN5Queue7IsEmptyEv                 
00019a91  _ZN5QueueC1Ev                       
00019a91  _ZN5QueueC2Ev                       
00019a1b  _ZN6Player13setPossessionEh         
00017f0d  _ZN6Player14checkProximityE7Machine 
00018c31  _ZN6Player14printPosessionEh        
00018695  _ZN6Player15getMachineInputE7Machine
0001849f  _ZN6Player16resetCoordinatesEv      
000172e1  _ZN6Player6moveUpEv                 
00019b65  _ZN6Player7getSizeEv                
00019aed  _ZN6Player7getXPosEv                
00019afb  _ZN6Player7getYPosEv                
00016e61  _ZN6Player8moveDownEv               
00018f05  _ZN6Player8moveLeftEv               
00018f51  _ZN6Player9moveRightEv              
00019975  _ZN6PlayerC1Ev                      
00019975  _ZN6PlayerC2Ev                      
00018041  _ZN7Machine10printAnvilEv           
00014e69  _ZN7Machine10updateCartEh           
00015b85  _ZN7Machine10updateRockEh           
00014a61  _ZN7Machine11updateAnvilEh          
00016565  _ZN7Machine12printSmelterEv         
00016bb1  _ZN7Machine13cartSendErrorEhh       
000163b9  _ZN7Machine13computeRecipeEPaa      
000158d5  _ZN7Machine13printCountersEPS_      
000155a5  _ZN7Machine13updateSmelterEh        
0001524d  _ZN7Machine14updateCountersEhPS_    
00016a51  _ZN7Machine15updateAnvilMenuEPaa    
0001602d  _ZN7Machine9printCartEv             
00018399  _ZN7Machine9printRockEv             
00018a0d  _ZN7MachineC1Ehhhhhh                
0001841d  _ZN7MachineC1Ehhhhhhhhh             
00018a0d  _ZN7MachineC2Ehhhhhh                
0001841d  _ZN7MachineC2Ehhhhhhhhh             
00018c85  _ZN8SlidePot2InEv                   
000181f9  _ZN8SlidePot4InitEv                 
00019785  _ZN8SlidePot4SaveEj                 
000198c7  _ZN8SlidePot4SyncEv                 
00019b71  _ZN8SlidePot9DistanceXEv            
00019b7d  _ZN8SlidePot9DistanceYEv            
00019b09  _ZN8SlidePotC1Ev                    
00019b09  _ZN8SlidePotC2Ev                    
202005f0  __CIOBUF_                           
20208000  __STACK_END                         
00000200  __STACK_SIZE                        
00000200  __SYSMEM_SIZE                       
00000000  __TI_ATRegion0_region_sz            
00000000  __TI_ATRegion0_src_addr             
00000000  __TI_ATRegion0_trg_addr             
00000000  __TI_ATRegion1_region_sz            
00000000  __TI_ATRegion1_src_addr             
00000000  __TI_ATRegion1_trg_addr             
00000000  __TI_ATRegion2_region_sz            
00000000  __TI_ATRegion2_src_addr             
00000000  __TI_ATRegion2_trg_addr             
00019cf0  __TI_CINIT_Base                     
00019d00  __TI_CINIT_Limit                    
00019d00  __TI_CINIT_Warm                     
00019cdc  __TI_Handler_Table_Base             
00019ce8  __TI_Handler_Table_Limit            
00018cd9  __TI_auto_init_nobinit              
00019381  __TI_cleanup                        
202003b0  __TI_cleanup_ptr                    
0001859d  __TI_closefile                      
00018619  __TI_decompress_lzss                
00019a3f  __TI_decompress_none                
00018d2d  __TI_doflush                        
202003b4  __TI_dtors_ptr                      
202003cc  __TI_ft_end                         
ffffffff  __TI_pprof_out_hndl                 
ffffffff  __TI_prof_data_size                 
ffffffff  __TI_prof_data_start                
000193b5  __TI_readmsg                        
00000000  __TI_static_base__                  
20200710  __TI_tmpnams                        
000193e9  __TI_writemsg                       
000199f1  __TI_zero_init_nomemset             
00018bd9  __aeabi_idiv                        
0001851f  __aeabi_idiv0                       
00018bd9  __aeabi_idivmod                     
00019b89  __aeabi_memclr                      
00019b89  __aeabi_memclr4                     
00019b89  __aeabi_memclr8                     
00019bc9  __aeabi_memcpy                      
00019bc9  __aeabi_memcpy4                     
00019bc9  __aeabi_memcpy8                     
0001913d  __aeabi_uidiv                       
0001913d  __aeabi_uidivmod                    
ffffffff  __binit__                           
UNDEFED   __mpu_init                          
20207e00  __stack                             
20200000  __start___llvm_prf_bits             
20200000  __start___llvm_prf_cnts             
20200000  __stop___llvm_prf_bits              
20200000  __stop___llvm_prf_cnts              
0001975d  _c_int00_noargs                     
20200178  _device                             
20200000  _ftable                             
202003d0  _lock                               
00018a6f  _nop                                
202001f0  _stream                             
202003f0  _sys_memory                         
UNDEFED   _system_post_cinit                  
0001830d  _system_pre_init                    
202003d4  _unlock                             
00019bdd  abort                               
000175d5  add_device                          
000171cd  aligned_alloc                       
ffffffff  binit                               
202007d1  buttons                             
00018dd1  close                               
0001941d  exit                                
00019451  finddevice                          
00019609  fopen                               
000177a9  free                                
00019485  freopen                             
0001893d  getdevice                           
202003e5  input                               
00000000  interruptVectors                    
202002e0  m_anvil                             
202002ee  m_cart1                             
202002fc  m_cart2                             
2020030a  m_counter1                          
20200318  m_counter2                          
20200326  m_counter3                          
20200334  m_counter4                          
20200342  m_counter5                          
20200350  m_counter6                          
2020035e  m_portal                            
2020036c  m_refiner                           
2020037a  m_rock                              
20200388  m_smelter                           
20200396  m_todo                              
00014481  main                                
00019b95  malloc                              
000171cd  memalign                            
202007d2  menuOpen                            
202003e6  numCounters                         
00017dd1  open                                
202003b8  p1                                  
202007b0  parmbuf                             
202003e7  progH                               
202003e9  progW                               
00019bd1  remove                              
00017891  setvbuf                             
202000f0  sprites                             
00018311  strcmp                              
00019691  unlink                              
00019735  write                               


GLOBAL SYMBOLS: SORTED BY Symbol Address 

address   name                                
-------   ----                                
00000000  __TI_ATRegion0_region_sz            
00000000  __TI_ATRegion0_src_addr             
00000000  __TI_ATRegion0_trg_addr             
00000000  __TI_ATRegion1_region_sz            
00000000  __TI_ATRegion1_src_addr             
00000000  __TI_ATRegion1_trg_addr             
00000000  __TI_ATRegion2_region_sz            
00000000  __TI_ATRegion2_src_addr             
00000000  __TI_ATRegion2_trg_addr             
00000000  __TI_static_base__                  
00000000  interruptVectors                    
00000200  __STACK_SIZE                        
00000200  __SYSMEM_SIZE                       
00014481  main                                
00014a61  _ZN7Machine11updateAnvilEh          
00014e69  _ZN7Machine10updateCartEh           
0001524d  _ZN7Machine14updateCountersEhPS_    
000155a5  _ZN7Machine13updateSmelterEh        
000158d5  _ZN7Machine13printCountersEPS_      
00015b85  _ZN7Machine10updateRockEh           
00015e1d  _Z17ST7735_DrawBitmapssPKtss        
0001602d  _ZN7Machine9printCartEv             
00016205  _Z15Clock_Init80MHzi                
000163b9  _ZN7Machine13computeRecipeEPaa      
00016565  _ZN7Machine12printSmelterEv         
0001670d  _Z15ST7735_DrawCharsscssh           
000168b1  _Z16ST7735_DrawCharSsscssh          
00016a51  _ZN7Machine15updateAnvilMenuEPaa    
00016bb1  _ZN7Machine13cartSendErrorEhh       
00016e61  _ZN6Player8moveDownEv               
00016f8d  _Z8ADC_InitP10ADC12_Regsjj          
000170b5  _Z15ST7735_FillRectsssst            
000171cd  aligned_alloc                       
000171cd  memalign                            
000172e1  _ZN6Player6moveUpEv                 
000173e9  _Z8SPI_Initv                        
000174e1  _Z18ST7735_SetRotationh             
000175d5  add_device                          
000176c1  _Z9UART_Initv                       
000177a9  free                                
00017891  setvbuf                             
00017971  _Z10UART2_Initv                     
00017a4d  _Z14ST7735_OutCharc                 
00017b25  _Z20ST7735_DrawFastHLinessst        
00017bd5  _Z20ST7735_DrawFastVLinessst        
00017c85  _Z14TimerG7_IntArmtjj               
00017dcf  SysTick_Handler                     
00017dd1  open                                
00017e71  _Z17ST7735_InitPrintfv              
00017f0d  _ZN6Player14checkProximityE7Machine 
00017fa9  _Z12ST7735_InitR10initRFlags        
00018041  _ZN7Machine10printAnvilEv           
000180d9  _Z15TimerG12_IntArmjj               
0001816d  _Z17ST7735_DrawStringttPcs          
000181f9  _ZN8SlidePot4InitEv                 
0001830d  _system_pre_init                    
00018311  strcmp                              
00018399  _ZN7Machine9printRockEv             
0001841d  _ZN7MachineC1Ehhhhhhhhh             
0001841d  _ZN7MachineC2Ehhhhhhhhh             
0001849f  _ZN6Player16resetCoordinatesEv      
0001851f  __aeabi_idiv0                       
00018521  _Z14LaunchPad_Initv                 
0001859d  __TI_closefile                      
00018619  __TI_decompress_lzss                
00018695  _ZN6Player15getMachineInputE7Machine
0001870d  UART2_IRQHandler                    
00018781  _Z13IRxmt_SendBiti                  
000187f5  _Z16ST7735_DrawPixelsst             
00018865  HOSTlseek                           
000188d1  HOSTrename                          
0001893d  getdevice                           
00018a0d  _ZN7MachineC1Ehhhhhh                
00018a0d  _ZN7MachineC2Ehhhhhh                
00018a6f  _nop                                
00018a71  HOSTopen                            
00018ad1  HOSTread                            
00018b29  HOSTwrite                           
00018b81  _Z10TExaS_InitP10ADC12_RegsjPFhvE   
00018bd9  __aeabi_idiv                        
00018bd9  __aeabi_idivmod                     
00018c31  _ZN6Player14printPosessionEh        
00018c85  _ZN8SlidePot2InEv                   
00018cd9  __TI_auto_init_nobinit              
00018d2d  __TI_doflush                        
00018dd1  close                               
00018e6d  _ZN5Queue3GetEPc                    
00018eb9  _ZN5Queue3PutEc                     
00018f05  _ZN6Player8moveLeftEv               
00018f51  _ZN6Player9moveRightEv              
00018f9d  HOSTclose                           
00018fe5  HOSTunlink                          
0001902d  _Z13IRxmt_OutCharc                  
00019075  _Z14SPI_OutCommandc                 
000190bd  TIMG7_IRQHandler                    
000190fd  _Z9SPI_Resetv                       
0001913d  __aeabi_uidiv                       
0001913d  __aeabi_uidivmod                    
000191fd  TIMG12_IRQHandler                   
00019239  _Z10Sound_Initv                     
00019275  _Z11SPI_OutDatac                    
000192ad  _Z15ActivatePortA_Bv                
000192e5  _Z12ST7735_writeiPKcj               
00019319  _Z14Clock_Delay1msj                 
0001934d  _Z16ST7735_SetCursorjj              
00019381  __TI_cleanup                        
000193b5  __TI_readmsg                        
000193e9  __TI_writemsg                       
00019415  C$$IO$$                             
0001941d  exit                                
00019451  finddevice                          
00019485  freopen                             
00019609  fopen                               
00019639  _Z17ST7735_FillScreent              
00019691  unlink                              
000196bd  _Z10IRxmt_Initv                     
000196e5  _Z9ADC_StartP10ADC12_Regs           
00019735  write                               
0001975d  _c_int00_noargs                     
00019785  _ZN8SlidePot4SaveEj                 
000198a5  _ZN5Queue6IsFullEv                  
000198c7  _ZN8SlidePot4SyncEv                 
00019905  ADC0_IRQHandler                     
00019905  ADC1_IRQHandler                     
00019905  AES_IRQHandler                      
00019905  CANFD0_IRQHandler                   
00019905  DAC0_IRQHandler                     
00019905  DMA_IRQHandler                      
00019905  Default_Handler                     
00019905  GROUP0_IRQHandler                   
00019905  GROUP1_IRQHandler                   
00019905  I2C0_IRQHandler                     
00019905  I2C1_IRQHandler                     
00019905  NMI_Handler                         
00019905  PendSV_Handler                      
00019905  RTC_IRQHandler                      
00019905  SPI0_IRQHandler                     
00019905  SPI1_IRQHandler                     
00019905  SVC_Handler                         
00019905  TIMA0_IRQHandler                    
00019905  TIMA1_IRQHandler                    
00019905  TIMG0_IRQHandler                    
00019905  TIMG6_IRQHandler                    
00019905  TIMG8_IRQHandler                    
00019905  UART0_IRQHandler                    
00019905  UART1_IRQHandler                    
00019905  UART3_IRQHandler                    
00019921  HardFault_Handler                   
0001993d  _Z12UART2_InCharv                   
00019959  _Z9Switch_Inv                       
00019975  _ZN6PlayerC1Ev                      
00019975  _ZN6PlayerC2Ev                      
000199ad  _Z11Switch_Initv                    
000199c5  _Z11ST7735_openPKcji                
000199db  _Z11ST7735_readiPcj                 
000199f1  __TI_zero_init_nomemset             
00019a07  _ZN5Queue7IsEmptyEv                 
00019a1b  _ZN6Player13setPossessionEh         
00019a2d  TI_memcpy_small                     
00019a3f  __TI_decompress_none                
00019a51  _Z11Clock_Delayj                    
00019a61  _Z12UART2_Enablev                   
00019a71  _Z13UART2_Disablev                  
00019a81  _Z28TExaS_LaunchPadLogicPB27PB26v   
00019a91  _ZN5QueueC1Ev                       
00019a91  _ZN5QueueC2Ev                       
00019adf  _Z12ST7735_lseekili                 
00019aed  _ZN6Player7getXPosEv                
00019afb  _ZN6Player7getYPosEv                
00019b09  _ZN8SlidePotC1Ev                    
00019b09  _ZN8SlidePotC2Ev                    
00019b33  TI_memset_small                     
00019b41  _Z10Clock_Freqv                     
00019b4d  _Z13ST7735_renamePKcS0_             
00019b59  _Z5Delayj                           
00019b65  _ZN6Player7getSizeEv                
00019b71  _ZN8SlidePot9DistanceXEv            
00019b7d  _ZN8SlidePot9DistanceYEv            
00019b89  __aeabi_memclr                      
00019b89  __aeabi_memclr4                     
00019b89  __aeabi_memclr8                     
00019b95  malloc                              
00019ba1  _Z12ST7735_closei                   
00019bab  _Z13ST7735_unlinkPKc                
00019bb5  _Z8PLL_Initv                        
00019bc9  __aeabi_memcpy                      
00019bc9  __aeabi_memcpy4                     
00019bc9  __aeabi_memcpy8                     
00019bd1  remove                              
00019bd9  Reset_Handler                       
00019bdc  C$$EXIT                             
00019bdd  abort                               
00019be0  SHT$$INIT_ARRAY$$Base               
00019be8  SHT$$INIT_ARRAY$$Limit              
00019cdc  __TI_Handler_Table_Base             
00019ce8  __TI_Handler_Table_Limit            
00019cf0  __TI_CINIT_Base                     
00019d00  __TI_CINIT_Limit                    
00019d00  __TI_CINIT_Warm                     
20200000  __start___llvm_prf_bits             
20200000  __start___llvm_prf_cnts             
20200000  __stop___llvm_prf_bits              
20200000  __stop___llvm_prf_cnts              
20200000  _ftable                             
202000f0  sprites                             
20200178  _device                             
202001f0  _stream                             
20200240  Counters                            
20200278  Counters2                           
202002a2  StTextColor                         
202002a4  FIFO2                               
202002e0  m_anvil                             
202002ee  m_cart1                             
202002fc  m_cart2                             
2020030a  m_counter1                          
20200318  m_counter2                          
20200326  m_counter3                          
20200334  m_counter4                          
20200342  m_counter5                          
20200350  m_counter6                          
2020035e  m_portal                            
2020036c  m_refiner                           
2020037a  m_rock                              
20200388  m_smelter                           
20200396  m_todo                              
202003a4  Sensor                              
202003b0  __TI_cleanup_ptr                    
202003b4  __TI_dtors_ptr                      
202003b8  p1                                  
202003c0  BusFreq                             
202003c4  StX                                 
202003c8  StY                                 
202003cc  __TI_ft_end                         
202003d0  _lock                               
202003d4  _unlock                             
202003e5  input                               
202003e6  numCounters                         
202003e7  progH                               
202003e9  progW                               
202003f0  _sys_memory                         
202005f0  _CIOBUF_                            
202005f0  __CIOBUF_                           
20200710  __TI_tmpnams                        
202007b0  parmbuf                             
202007c0  LostData                            
202007c4  TExaSLogic                          
202007c8  TExaSadc                            
202007d1  buttons                             
202007d2  menuOpen                            
20207e00  __stack                             
20208000  __STACK_END                         
ffffffff  __TI_pprof_out_hndl                 
ffffffff  __TI_prof_data_size                 
ffffffff  __TI_prof_data_start                
ffffffff  __binit__                           
ffffffff  binit                               
UNDEFED   __mpu_init                          
UNDEFED   _system_post_cinit                  

[258 symbols]
