******************************************************************************
            TI ARM Clang Linker PC v4.0.1                      
******************************************************************************
>> Linked Sat Apr 12 18:59:28 2025

OUTPUT FILE NAME:   <MadMines.out>
ENTRY POINT SYMBOL: "_c_int00_noargs"  address: 00006f75


MEMORY CONFIGURATION

         name            origin    length      used     unused   attr    fill
----------------------  --------  ---------  --------  --------  ----  --------
  FLASH                 00000000   00020000  00007328  00018cd8  R  X
  SRAM                  20200000   00008000  000007e8  00007818  RW X
  BCR_CONFIG            41c00000   00000080  00000000  00000080  R   
  BSL_CONFIG            41c00100   00000080  00000000  00000080  R   


SEGMENT ALLOCATION MAP

run origin  load origin   length   init length attrs members
----------  ----------- ---------- ----------- ----- -------
00000000    00000000    00007328   00007328    r-x
  00000000    00000000    000000c0   000000c0    r-- .intvecs
  000000c0    000000c0    00004520   00004520    r-- .rodata
  000045e0    000045e0    00002cb0   00002cb0    r-x .text
  00007290    00007290    00000008   00000008    r-- .init_array
  00007298    00007298    00000090   00000090    r-- .cinit
20200000    20200000    000005ef   00000000    rw-
  20200000    20200000    00000209   00000000    rw- .data
  20200210    20200210    00000200   00000000    rw- .sysmem
  20200410    20200410    000001df   00000000    rw- .bss
20207e00    20207e00    00000200   00000000    rw-
  20207e00    20207e00    00000200   00000000    rw- .stack


SECTION ALLOCATION MAP

 output                                  attributes/
section   page    origin      length       input sections
--------  ----  ----------  ----------   ----------------
.intvecs   0    00000000    000000c0     
                  00000000    000000c0     startup_mspm0g3507_ticlang.o (.intvecs)

.binit     0    00000000    00000000     

.text      0    000045e0    00002cb0     
                  000045e0    00000210     ST7735.o (.text._Z17ST7735_DrawBitmapssPKtss)
                  000047f0    000001c0     Lab9HMain.o (.text.main)
                  000049b0    000001b4     Clock.o (.text._Z15Clock_Init80MHzi)
                  00004b64    000001a0     ST7735.o (.text._Z16ST7735_DrawCharSsscssh)
                  00004d04    00000154     libc.a : fopen.c.obj (.text._openfile)
                  00004e58    0000012c     Player.o (.text._ZN6Player8moveDownEv)
                  00004f84    00000128     TExaS.o (.text._Z8ADC_InitP10ADC12_Regsjj)
                  000050ac    00000118     ST7735.o (.text._Z15ST7735_FillRectsssst)
                  000051c4    00000114     libc.a : memory.c.obj (.text.aligned_alloc)
                  000052d8    00000108     Player.o (.text._ZN6Player6moveUpEv)
                  000053e0    000000f8     SPI.o (.text._Z8SPI_Initv)
                  000054d8    000000f4     ST7735.o (.text._Z18ST7735_SetRotationh)
                  000055cc    000000ec     libsysbm.a : add_device.c.obj (.text.add_device)
                  000056b8    000000e8     TExaS.o (.text._Z9UART_Initv)
                  000057a0    000000e8     libc.a : memory.c.obj (.text.free)
                  00005888    000000e4     Machine.o (.text._ZN7Machine11updateAnvilEh)
                  0000596c    000000e0     libc.a : setvbuf.c.obj (.text.setvbuf)
                  00005a4c    000000d0     ST7735.o (.text._Z14ST7735_OutCharc)
                  00005b1c    000000a8     Timer.o (.text._Z14TimerG7_IntArmtjj)
                  00005bc4    000000a2     ST7735.o (.text._ZL11commandListPKh)
                  00005c66    00000002     Sound.o (.text.SysTick_Handler)
                  00005c68    000000a0     libsysbm.a : open.c.obj (.text.open)
                  00005d08    0000009c     ST7735.o (.text._Z17ST7735_InitPrintfv)
                  00005da4    00000098     ST7735.o (.text._Z12ST7735_InitR10initRFlags)
                  00005e3c    00000094     Timer.o (.text._Z15TimerG12_IntArmjj)
                  00005ed0    00000094     Player.o (.text._ZN6Player14checkProximityE7Machine)
                  00005f64    0000008c     SlidePot.o (.text._ZN8SlidePot4InitEv)
                  00005ff0    00000088     ST7735.o (.text._ZL13setAddrWindowhhhh)
                  00006078    00000008     libclang_rt.builtins.a : aeabi_memcpy.S.obj (.text.__aeabi_memcpy)
                  00006080    00000088     libc.a : strcmp-armv6m.S.obj (.text:strcmp)
                  00006108    00000084     ST7735.o (.text._Z17ST7735_DrawStringttPcs)
                  0000618c    00000080     Player.o (.text._ZN6Player16resetCoordinatesEv)
                  0000620c    0000007c     LaunchPad.o (.text._Z14LaunchPad_Initv)
                  00006288    0000007c     libc.a : fclose.c.obj (.text.__TI_closefile)
                  00006304    0000007c            : copy_decompress_lzss.c.obj (.text:decompress:lzss)
                  00006380    00000070     ST7735.o (.text._Z16ST7735_DrawPixelsst)
                  000063f0    00000070     Machine.o (.text._ZN7Machine10printAnvilEh)
                  00006460    0000006c     libsysbm.a : hostlseek.c.obj (.text.HOSTlseek)
                  000064cc    0000006c                : hostrename.c.obj (.text.HOSTrename)
                  00006538    0000006c     libc.a : getdevice.c.obj (.text.getdevice)
                  000065a4    00000064            : memory.c.obj (.text.split)
                  00006608    00000062     Player.o (.text._ZN6Player15getMachineInputE7Machine)
                  0000666a    00000002     Sound.o (.text._Z10Sound_Initv)
                  0000666c    00000060     libsysbm.a : hostopen.c.obj (.text.HOSTopen)
                  000066cc    00000058                : hostread.c.obj (.text.HOSTread)
                  00006724    00000058                : hostwrite.c.obj (.text.HOSTwrite)
                  0000677c    00000058     TExaS.o (.text._Z10TExaS_InitP10ADC12_RegsjPFhvE)
                  000067d4    00000054     SlidePot.o (.text._ZN8SlidePot2InEv)
                  00006828    00000054     libc.a : autoinit.c.obj (.text:__TI_auto_init_nobinit)
                  0000687c    00000052            : fflush.c.obj (.text.__TI_doflush)
                  000068ce    00000002     libclang_rt.builtins.a : aeabi_div0.c.obj (.text.__aeabi_idiv0)
                  000068d0    00000050     libsysbm.a : close.c.obj (.text.close)
                  00006920    0000004c     Player.o (.text._ZN6Player8moveLeftEv)
                  0000696c    0000004c     Player.o (.text._ZN6Player9moveRightEv)
                  000069b8    00000048     libsysbm.a : hostclose.c.obj (.text.HOSTclose)
                  00006a00    00000048                : hostunlink.c.obj (.text.HOSTunlink)
                  00006a48    00000048     SPI.o (.text._Z14SPI_OutCommandc)
                  00006a90    00000040     TExaS.o (.text.TIMG7_IRQHandler)
                  00006ad0    00000040     SPI.o (.text._Z9SPI_Resetv)
                  00006b10    00000040     libclang_rt.builtins.a : aeabi_uidivmod.S.obj (.text.__aeabi_uidivmod)
                  00006b50    00000040     libc.a : fopen.c.obj (.text._search_fp)
                  00006b90    0000003c     Lab9HMain.o (.text.TIMG12_IRQHandler)
                  00006bcc    00000038     SPI.o (.text._Z11SPI_OutDatac)
                  00006c04    00000038     LaunchPad.o (.text._Z15ActivatePortA_Bv)
                  00006c3c    00000034     ST7735.o (.text._Z12ST7735_writeiPKcj)
                  00006c70    00000034     Clock.o (.text._Z14Clock_Delay1msj)
                  00006ca4    00000034     ST7735.o (.text._Z16ST7735_SetCursorjj)
                  00006cd8    00000034     Machine.o (.text._ZN7MachineC2Ehhhh)
                  00006d0c    00000034     libc.a : fopen.c.obj (.text.__TI_cleanup)
                  00006d40    00000034     libsysbm.a : trgmsg.c.obj (.text.__TI_readmsg)
                  00006d74    00000034                : trgmsg.c.obj (.text.__TI_writemsg)
                  00006da8    00000034     libc.a : exit.c.obj (.text.exit)
                  00006ddc    00000034            : getdevice.c.obj (.text.finddevice)
                  00006e10    00000034            : fopen.c.obj (.text.freopen)
                  00006e44    00000030     ST7735.o (.text._ZL10commonInitPKh)
                  00006e74    00000030     libc.a : fopen.c.obj (.text.fopen)
                  00006ea4    0000002c     ST7735.o (.text._Z17ST7735_FillScreent)
                  00006ed0    0000002c     libsysbm.a : unlink.c.obj (.text.unlink)
                  00006efc    00000028     TExaS.o (.text._Z9ADC_StartP10ADC12_Regs)
                  00006f24    00000028     libc.a : memory.c.obj (.text.free_list_insert)
                  00006f4c    00000028     libsysbm.a : write.c.obj (.text.write)
                  00006f74    00000028     libc.a : boot_cortex_m.c.obj (.text:_c_int00_noargs)
                  00006f9c    00000024     SlidePot.o (.text._ZN8SlidePot4SaveEj)
                  00006fc0    00000020     SlidePot.o (.text._ZN8SlidePot4SyncEv)
                  00006fe0    0000001e     ST7735.o (.text._ZL9pushColort)
                  00006ffe    00000002     libc.a : _lock.c.obj (.text._nop)
                  00007000    0000001c     startup_mspm0g3507_ticlang.o (.text.Default_Handler)
                  0000701c    0000001c     startup_mspm0g3507_ticlang.o (.text.HardFault_Handler)
                  00007038    0000001c     Switch.o (.text._Z9Switch_Inv)
                  00007054    0000001c     Player.o (.text._ZN6PlayerC2Ev)
                  00007070    0000001c     Lab9HMain.o (.text.__cxx_global_var_init.2)
                  0000708c    0000001c     Lab9HMain.o (.text.__cxx_global_var_init.3)
                  000070a8    0000001c     libc.a : memory.c.obj (.text.free_list_remove)
                  000070c4    00000018     Switch.o (.text._Z11Switch_Initv)
                  000070dc    00000016     ST7735.o (.text._Z11ST7735_openPKcji)
                  000070f2    00000016     ST7735.o (.text._Z11ST7735_readiPcj)
                  00007108    00000016     libc.a : copy_zero_init.c.obj (.text:decompress:ZI:__TI_zero_init_nomemset)
                  0000711e    00000014     Lab9HMain.o (.text._GLOBAL__sub_I_Lab9HMain.cpp)
                  00007132    00000012     libc.a : memcpy16.S.obj (.text:TI_memcpy_small)
                  00007144    00000012            : copy_decompress_none.c.obj (.text:decompress:none)
                  00007156    00000010     Clock.o (.text._Z11Clock_Delayj)
                  00007166    00000002     --HOLE-- [fill = 0]
                  00007168    00000010     Lab9HMain.o (.text._Z28TExaS_LaunchPadLogicPB27PB26v)
                  00007178    00000010     Lab9HMain.o (.text.__cxx_global_var_init.1)
                  00007188    00000010     Lab9HMain.o (.text.__cxx_global_var_init)
                  00007198    0000000e     libc.a : memory.c.obj (.text.OUTLINED_FUNCTION_0)
                  000071a6    0000000e     ST7735.o (.text._Z12ST7735_lseekili)
                  000071b4    0000000e     Player.o (.text._ZN6Player7getXPosEv)
                  000071c2    0000000e     Player.o (.text._ZN6Player7getYPosEv)
                  000071d0    0000000e     SlidePot.o (.text._ZN8SlidePotC2Ev)
                  000071de    0000000e     libsysbm.a : hostrename.c.obj (.text.strcpy)
                  000071ec    0000000e                : hostrename.c.obj (.text.strlen)
                  000071fa    0000000e     libc.a : memset16.S.obj (.text:TI_memset_small)
                  00007208    0000000c     Clock.o (.text._Z10Clock_Freqv)
                  00007214    0000000c     ST7735.o (.text._Z13ST7735_renamePKcS0_)
                  00007220    0000000c     Player.o (.text._ZN6Player7getSizeEv)
                  0000722c    0000000c     SlidePot.o (.text._ZN8SlidePot9DistanceXEv)
                  00007238    0000000c     SlidePot.o (.text._ZN8SlidePot9DistanceYEv)
                  00007244    0000000c     libclang_rt.builtins.a : aeabi_memset.S.obj (.text.__aeabi_memclr)
                  00007250    0000000c     libc.a : memory.c.obj (.text.malloc)
                  0000725c    0000000a     ST7735.o (.text._Z12ST7735_closei)
                  00007266    0000000a     ST7735.o (.text._Z13ST7735_unlinkPKc)
                  00007270    0000000a     Lab9HMain.o (.text._Z8PLL_Initv)
                  0000727a    00000008     libsysbm.a : remove.c.obj (.text.remove)
                  00007282    00000004     startup_mspm0g3507_ticlang.o (.text.Reset_Handler)
                  00007286    00000004     libc.a : pre_init.c.obj (.text._system_pre_init)
                  0000728a    00000004            : exit.c.obj (.text:abort)
                  0000728e    00000002     --HOLE-- [fill = 0]

.cinit     0    00007298    00000090     
                  00007298    0000006a     (.cinit..data.load) [load image, compression = lzss]
                  00007302    00000002     --HOLE-- [fill = 0]
                  00007304    0000000c     (__TI_handler_table)
                  00007310    00000008     (.cinit..bss.load) [load image, compression = zero_init]
                  00007318    00000010     (__TI_cinit_table)

.rodata    0    000000c0    00004520     
                  000000c0    00000f78     Machine.o (.rodata._ZL12anvilWorking)
                  00001038    00000f78     Machine.o (.rodata._ZL14anvilHighlight)
                  00001fb0    00000f78     Machine.o (.rodata._ZL5anvil)
                  00002f28    00000888     Lab9HMain.o (.rodata._ZL4Rock)
                  000037b0    00000882     Lab9HMain.o (.rodata._ZL5miner)
                  00004032    000004fb     ST7735.o (.rodata._ZL4Font)
                  0000452d    0000003b     ST7735.o (.rodata._ZL5Rcmd1)
                  00004568    0000002b     ST7735.o (.rodata._ZL5Rcmd3)
                  00004593    00000016     ST7735.o (.rodata.str1.145533100666594254441)
                  000045a9    0000000d     ST7735.o (.rodata._ZL10Rcmd2green)
                  000045b6    0000000d     ST7735.o (.rodata._ZL8Rcmd2red)
                  000045c3    00000008     ST7735.o (.rodata.str1.74455504091578136031)
                  000045cb    00000007     ST7735.o (.rodata.str1.70397418904557661531)
                  000045d2    00000007     ST7735.o (.rodata.str1.94386759871288863331)
                  000045d9    00000002     ST7735.o (.rodata.str1.79068154596109554801)
                  000045db    00000005     --HOLE-- [fill = 0]

.init_array 
*          0    00007290    00000008     
                  00007290    00000004     Lab9HMain.o (.init_array)
                  00007294    00000004     --HOLE-- [fill = 0]

.data      0    20200000    00000209     UNINITIALIZED
                  20200000    000000f0     libc.a : defs.c.obj (.data._ftable)
                  202000f0    00000078     libsysbm.a : host_device.c.obj (.data._device)
                  20200168    00000050                : host_device.c.obj (.data._stream)
                  202001b8    0000000c     Lab9HMain.o (.data.Sensor)
                  202001c4    00000008     libc.a : exit.c.obj (.data..L_MergedGlobals)
                  202001cc    00000008     Lab9HMain.o (.data.p1)
                  202001d4    00000007     Lab9HMain.o (.data.m_anvil)
                  202001db    00000007     Lab9HMain.o (.data.m_refiner)
                  202001e2    00000002     ST7735.o (.data.StTextColor)
                  202001e4    00000004     Clock.o (.data.BusFreq)
                  202001e8    00000004     ST7735.o (.data.StX)
                  202001ec    00000004     ST7735.o (.data.StY)
                  202001f0    00000004     libc.a : defs.c.obj (.data.__TI_ft_end)
                  202001f4    00000004            : _lock.c.obj (.data._lock)
                  202001f8    00000004            : _lock.c.obj (.data._unlock)
                  202001fc    00000002     ST7735.o (.data._ZL6_width)
                  202001fe    00000002     ST7735.o (.data._ZL7_height)
                  20200200    00000001     libsysbm.a : add_device.c.obj (.data.add_device.device_init)
                  20200201    00000001     Lab9HMain.o (.data.input)
                  20200202    00000002     --HOLE--
                  20200204    00000001     libc.a : memory.c.obj (.data.memory_is_initialized)
                  20200205    00000003     --HOLE--
                  20200208    00000001     libsysbm.a : open.c.obj (.data.open.stream_init)

.sysmem    0    20200210    00000200     UNINITIALIZED
                  20200210    00000010     libc.a : memory.c.obj (.sysmem)
                  20200220    000001f0     --HOLE--

.bss       0    20200410    000001df     UNINITIALIZED
                  20200410    00000120     libsysbm.a : trgmsg.c.obj (.bss:_CIOBUF_)
                  20200530    000000a0     libc.a : defs.c.obj (.bss.__TI_tmpnams)
                  202005d0    00000008     libsysbm.a : hostopen.c.obj (.bss.parmbuf)
                  202005d8    00000005     Machine.o (.bss._ZZN7Machine11updateAnvilEhE10AnvilItems)
                  202005dd    00000001     ST7735.o (.bss._ZL8ColStart)
                  202005de    00000001     ST7735.o (.bss._ZL8Rotation)
                  202005df    00000001     ST7735.o (.bss._ZL8RowStart)
                  202005e0    00000004     TExaS.o (.bss.TExaSLogic)
                  202005e4    00000004     TExaS.o (.bss.TExaSadc)
                  202005e8    00000004     libc.a : memory.c.obj (.bss.sys_free)
                  202005ec    00000001     ST7735.o (.bss._ZL8TabColor)
                  202005ed    00000001     Machine.o (.bss._ZZN7Machine11updateAnvilEhE11anvilLength)
                  202005ee    00000001     Lab9HMain.o (.bss.key)

.stack     0    20207e00    00000200     UNINITIALIZED
                  20207e00    00000004     libc.a : boot_cortex_m.c.obj (.stack)
                  20207e04    000001fc     --HOLE--

__llvm_prf_cnts 
*          0    20200000    00000000     UNINITIALIZED

__llvm_prf_bits 
*          0    20200000    00000000     UNINITIALIZED

MODULE SUMMARY

       Module                         code    ro data   rw data
       ------                         ----    -------   -------
    .\
       Machine.o                      392     11880     6      
       Lab9HMain.o                    642     4366      36     
       ST7735.o                       2842    1449      18     
       Player.o                       1158    0         0      
       TExaS.o                        720     0         8      
       Clock.o                        516     0         4      
       SPI.o                          440     0         0      
       SlidePot.o                     330     0         0      
       Timer.o                        316     0         0      
       LaunchPad.o                    180     0         0      
       Switch.o                       52      0         0      
       Sound.o                        4       0         0      
    +--+------------------------------+-------+---------+---------+
       Total:                         7592    17695     72     
                                                               
    .\ticlang\
       startup_mspm0g3507_ticlang.o   60      192       0      
    +--+------------------------------+-------+---------+---------+
       Total:                         60      192       0      
                                                               
    C:\ti\ccs2000\ccs\tools\compiler\ti-cgt-armllvm_4.0.1.LTS\lib\armv6m-ti-none-eabi/c/libc.a
       memory.c.obj                   702     0         5      
       fopen.c.obj                    556     0         0      
       defs.c.obj                     0       0         404    
       setvbuf.c.obj                  224     0         0      
       getdevice.c.obj                160     0         0      
       strcmp-armv6m.S.obj            136     0         0      
       copy_decompress_lzss.c.obj     124     0         0      
       fclose.c.obj                   124     0         0      
       autoinit.c.obj                 84      0         0      
       fflush.c.obj                   82      0         0      
       exit.c.obj                     56      0         8      
       boot_cortex_m.c.obj            40      0         0      
       copy_zero_init.c.obj           22      0         0      
       copy_decompress_none.c.obj     18      0         0      
       memcpy16.S.obj                 18      0         0      
       memset16.S.obj                 14      0         0      
       _lock.c.obj                    2       0         8      
       pre_init.c.obj                 4       0         0      
    +--+------------------------------+-------+---------+---------+
       Total:                         2366    0         425    
                                                               
    C:\ti\ccs2000\ccs\tools\compiler\ti-cgt-armllvm_4.0.1.LTS\lib\armv6m-ti-none-eabi/c/libsysbm.a
       trgmsg.c.obj                   104     0         288    
       add_device.c.obj               236     0         1      
       host_device.c.obj              0       0         200    
       open.c.obj                     160     0         1      
       hostrename.c.obj               136     0         0      
       hostlseek.c.obj                108     0         0      
       hostopen.c.obj                 96      0         8      
       hostread.c.obj                 88      0         0      
       hostwrite.c.obj                88      0         0      
       close.c.obj                    80      0         0      
       hostclose.c.obj                72      0         0      
       hostunlink.c.obj               72      0         0      
       unlink.c.obj                   44      0         0      
       write.c.obj                    40      0         0      
       remove.c.obj                   8       0         0      
    +--+------------------------------+-------+---------+---------+
       Total:                         1332    0         498    
                                                               
    C:\ti\ccs2000\ccs\tools\compiler\ti-cgt-armllvm_4.0.1.LTS\lib\armv6m-ti-none-eabi/libclang_rt.builtins.a
       aeabi_uidivmod.S.obj           64      0         0      
       aeabi_memset.S.obj             12      0         0      
       aeabi_memcpy.S.obj             8       0         0      
       aeabi_div0.c.obj               2       0         0      
    +--+------------------------------+-------+---------+---------+
       Total:                         86      0         0      
                                                               
       Heap:                          0       0         512    
       Stack:                         0       0         512    
       Linker Generated:              0       142       0      
    +--+------------------------------+-------+---------+---------+
       Grand Total:                   11436   18029     2019   


LINKER GENERATED COPY TABLES

__TI_cinit_table @ 00007318 records: 2, size/record: 8, table size: 16
	.data: load addr=00007298, load size=0000006a bytes, run addr=20200000, run size=00000209 bytes, compression=lzss
	.bss: load addr=00007310, load size=00000008 bytes, run addr=20200410, run size=000001df bytes, compression=zero_init


LINKER GENERATED HANDLER TABLE

__TI_handler_table @ 00007304 records: 3, size/record: 4, table size: 12
	index: 0, handler: __TI_decompress_lzss
	index: 1, handler: __TI_decompress_none
	index: 2, handler: __TI_zero_init


GLOBAL SYMBOLS: SORTED ALPHABETICALLY BY Name 

address   name                                
-------   ----                                
00007001  ADC0_IRQHandler                     
00007001  ADC1_IRQHandler                     
00007001  AES_IRQHandler                      
202001e4  BusFreq                             
0000728a  C$$EXIT                             
00006da1  C$$IO$$                             
00007001  CANFD0_IRQHandler                   
00007001  DAC0_IRQHandler                     
00007001  DMA_IRQHandler                      
00007001  Default_Handler                     
00007001  GROUP0_IRQHandler                   
00007001  GROUP1_IRQHandler                   
000069b9  HOSTclose                           
00006461  HOSTlseek                           
0000666d  HOSTopen                            
000066cd  HOSTread                            
000064cd  HOSTrename                          
00006a01  HOSTunlink                          
00006725  HOSTwrite                           
0000701d  HardFault_Handler                   
00007001  I2C0_IRQHandler                     
00007001  I2C1_IRQHandler                     
00007001  NMI_Handler                         
00007001  PendSV_Handler                      
00007001  RTC_IRQHandler                      
00007283  Reset_Handler                       
00007290  SHT$$INIT_ARRAY$$Base               
00007294  SHT$$INIT_ARRAY$$Limit              
00007001  SPI0_IRQHandler                     
00007001  SPI1_IRQHandler                     
00007001  SVC_Handler                         
202001b8  Sensor                              
202001e2  StTextColor                         
202001e8  StX                                 
202001ec  StY                                 
00005c67  SysTick_Handler                     
202005e0  TExaSLogic                          
202005e4  TExaSadc                            
00007001  TIMA0_IRQHandler                    
00007001  TIMA1_IRQHandler                    
00007001  TIMG0_IRQHandler                    
00006b91  TIMG12_IRQHandler                   
00007001  TIMG6_IRQHandler                    
00006a91  TIMG7_IRQHandler                    
00007001  TIMG8_IRQHandler                    
00007133  TI_memcpy_small                     
000071fb  TI_memset_small                     
00007001  UART0_IRQHandler                    
00007001  UART1_IRQHandler                    
00007001  UART2_IRQHandler                    
00007001  UART3_IRQHandler                    
20200410  _CIOBUF_                            
00007209  _Z10Clock_Freqv                     
0000666b  _Z10Sound_Initv                     
0000677d  _Z10TExaS_InitP10ADC12_RegsjPFhvE   
00007157  _Z11Clock_Delayj                    
00006bcd  _Z11SPI_OutDatac                    
000070dd  _Z11ST7735_openPKcji                
000070f3  _Z11ST7735_readiPcj                 
000070c5  _Z11Switch_Initv                    
00005da5  _Z12ST7735_InitR10initRFlags        
0000725d  _Z12ST7735_closei                   
000071a7  _Z12ST7735_lseekili                 
00006c3d  _Z12ST7735_writeiPKcj               
00007215  _Z13ST7735_renamePKcS0_             
00007267  _Z13ST7735_unlinkPKc                
00006c71  _Z14Clock_Delay1msj                 
0000620d  _Z14LaunchPad_Initv                 
00006a49  _Z14SPI_OutCommandc                 
00005a4d  _Z14ST7735_OutCharc                 
00005b1d  _Z14TimerG7_IntArmtjj               
00006c05  _Z15ActivatePortA_Bv                
000049b1  _Z15Clock_Init80MHzi                
000050ad  _Z15ST7735_FillRectsssst            
00005e3d  _Z15TimerG12_IntArmjj               
00004b65  _Z16ST7735_DrawCharSsscssh          
00006381  _Z16ST7735_DrawPixelsst             
00006ca5  _Z16ST7735_SetCursorjj              
000045e1  _Z17ST7735_DrawBitmapssPKtss        
00006109  _Z17ST7735_DrawStringttPcs          
00006ea5  _Z17ST7735_FillScreent              
00005d09  _Z17ST7735_InitPrintfv              
000054d9  _Z18ST7735_SetRotationh             
00007169  _Z28TExaS_LaunchPadLogicPB27PB26v   
00004f85  _Z8ADC_InitP10ADC12_Regsjj          
00007271  _Z8PLL_Initv                        
000053e1  _Z8SPI_Initv                        
00006efd  _Z9ADC_StartP10ADC12_Regs           
00006ad1  _Z9SPI_Resetv                       
00007039  _Z9Switch_Inv                       
000056b9  _Z9UART_Initv                       
00005ed1  _ZN6Player14checkProximityE7Machine 
00006609  _ZN6Player15getMachineInputE7Machine
0000618d  _ZN6Player16resetCoordinatesEv      
000052d9  _ZN6Player6moveUpEv                 
00007221  _ZN6Player7getSizeEv                
000071b5  _ZN6Player7getXPosEv                
000071c3  _ZN6Player7getYPosEv                
00004e59  _ZN6Player8moveDownEv               
00006921  _ZN6Player8moveLeftEv               
0000696d  _ZN6Player9moveRightEv              
00007055  _ZN6PlayerC1Ev                      
00007055  _ZN6PlayerC2Ev                      
000063f1  _ZN7Machine10printAnvilEh           
00005889  _ZN7Machine11updateAnvilEh          
00006cd9  _ZN7MachineC1Ehhhh                  
00006cd9  _ZN7MachineC2Ehhhh                  
000067d5  _ZN8SlidePot2InEv                   
00005f65  _ZN8SlidePot4InitEv                 
00006f9d  _ZN8SlidePot4SaveEj                 
00006fc1  _ZN8SlidePot4SyncEv                 
0000722d  _ZN8SlidePot9DistanceXEv            
00007239  _ZN8SlidePot9DistanceYEv            
000071d1  _ZN8SlidePotC1Ev                    
000071d1  _ZN8SlidePotC2Ev                    
20200410  __CIOBUF_                           
20208000  __STACK_END                         
00000200  __STACK_SIZE                        
00000200  __SYSMEM_SIZE                       
00000000  __TI_ATRegion0_region_sz            
00000000  __TI_ATRegion0_src_addr             
00000000  __TI_ATRegion0_trg_addr             
00000000  __TI_ATRegion1_region_sz            
00000000  __TI_ATRegion1_src_addr             
00000000  __TI_ATRegion1_trg_addr             
00000000  __TI_ATRegion2_region_sz            
00000000  __TI_ATRegion2_src_addr             
00000000  __TI_ATRegion2_trg_addr             
00007318  __TI_CINIT_Base                     
00007328  __TI_CINIT_Limit                    
00007328  __TI_CINIT_Warm                     
00007304  __TI_Handler_Table_Base             
00007310  __TI_Handler_Table_Limit            
00006829  __TI_auto_init_nobinit              
00006d0d  __TI_cleanup                        
202001c4  __TI_cleanup_ptr                    
00006289  __TI_closefile                      
00006305  __TI_decompress_lzss                
00007145  __TI_decompress_none                
0000687d  __TI_doflush                        
202001c8  __TI_dtors_ptr                      
202001f0  __TI_ft_end                         
ffffffff  __TI_pprof_out_hndl                 
ffffffff  __TI_prof_data_size                 
ffffffff  __TI_prof_data_start                
00006d41  __TI_readmsg                        
00000000  __TI_static_base__                  
20200530  __TI_tmpnams                        
00006d75  __TI_writemsg                       
00007109  __TI_zero_init_nomemset             
000068cf  __aeabi_idiv0                       
00007245  __aeabi_memclr                      
00007245  __aeabi_memclr4                     
00007245  __aeabi_memclr8                     
00006079  __aeabi_memcpy                      
00006079  __aeabi_memcpy4                     
00006079  __aeabi_memcpy8                     
00006b11  __aeabi_uidiv                       
00006b11  __aeabi_uidivmod                    
ffffffff  __binit__                           
UNDEFED   __mpu_init                          
20207e00  __stack                             
20200000  __start___llvm_prf_bits             
20200000  __start___llvm_prf_cnts             
20200000  __stop___llvm_prf_bits              
20200000  __stop___llvm_prf_cnts              
00006f75  _c_int00_noargs                     
202000f0  _device                             
20200000  _ftable                             
202001f4  _lock                               
00006fff  _nop                                
20200168  _stream                             
20200210  _sys_memory                         
UNDEFED   _system_post_cinit                  
00007287  _system_pre_init                    
202001f8  _unlock                             
0000728b  abort                               
000055cd  add_device                          
000051c5  aligned_alloc                       
ffffffff  binit                               
000068d1  close                               
00006da9  exit                                
00006ddd  finddevice                          
00006e75  fopen                               
000057a1  free                                
00006e11  freopen                             
00006539  getdevice                           
20200201  input                               
00000000  interruptVectors                    
202005ee  key                                 
202001d4  m_anvil                             
202001db  m_refiner                           
000047f1  main                                
00007251  malloc                              
000051c5  memalign                            
00005c69  open                                
202001cc  p1                                  
202005d0  parmbuf                             
0000727b  remove                              
0000596d  setvbuf                             
00006081  strcmp                              
00006ed1  unlink                              
00006f4d  write                               


GLOBAL SYMBOLS: SORTED BY Symbol Address 

address   name                                
-------   ----                                
00000000  __TI_ATRegion0_region_sz            
00000000  __TI_ATRegion0_src_addr             
00000000  __TI_ATRegion0_trg_addr             
00000000  __TI_ATRegion1_region_sz            
00000000  __TI_ATRegion1_src_addr             
00000000  __TI_ATRegion1_trg_addr             
00000000  __TI_ATRegion2_region_sz            
00000000  __TI_ATRegion2_src_addr             
00000000  __TI_ATRegion2_trg_addr             
00000000  __TI_static_base__                  
00000000  interruptVectors                    
00000200  __STACK_SIZE                        
00000200  __SYSMEM_SIZE                       
000045e1  _Z17ST7735_DrawBitmapssPKtss        
000047f1  main                                
000049b1  _Z15Clock_Init80MHzi                
00004b65  _Z16ST7735_DrawCharSsscssh          
00004e59  _ZN6Player8moveDownEv               
00004f85  _Z8ADC_InitP10ADC12_Regsjj          
000050ad  _Z15ST7735_FillRectsssst            
000051c5  aligned_alloc                       
000051c5  memalign                            
000052d9  _ZN6Player6moveUpEv                 
000053e1  _Z8SPI_Initv                        
000054d9  _Z18ST7735_SetRotationh             
000055cd  add_device                          
000056b9  _Z9UART_Initv                       
000057a1  free                                
00005889  _ZN7Machine11updateAnvilEh          
0000596d  setvbuf                             
00005a4d  _Z14ST7735_OutCharc                 
00005b1d  _Z14TimerG7_IntArmtjj               
00005c67  SysTick_Handler                     
00005c69  open                                
00005d09  _Z17ST7735_InitPrintfv              
00005da5  _Z12ST7735_InitR10initRFlags        
00005e3d  _Z15TimerG12_IntArmjj               
00005ed1  _ZN6Player14checkProximityE7Machine 
00005f65  _ZN8SlidePot4InitEv                 
00006079  __aeabi_memcpy                      
00006079  __aeabi_memcpy4                     
00006079  __aeabi_memcpy8                     
00006081  strcmp                              
00006109  _Z17ST7735_DrawStringttPcs          
0000618d  _ZN6Player16resetCoordinatesEv      
0000620d  _Z14LaunchPad_Initv                 
00006289  __TI_closefile                      
00006305  __TI_decompress_lzss                
00006381  _Z16ST7735_DrawPixelsst             
000063f1  _ZN7Machine10printAnvilEh           
00006461  HOSTlseek                           
000064cd  HOSTrename                          
00006539  getdevice                           
00006609  _ZN6Player15getMachineInputE7Machine
0000666b  _Z10Sound_Initv                     
0000666d  HOSTopen                            
000066cd  HOSTread                            
00006725  HOSTwrite                           
0000677d  _Z10TExaS_InitP10ADC12_RegsjPFhvE   
000067d5  _ZN8SlidePot2InEv                   
00006829  __TI_auto_init_nobinit              
0000687d  __TI_doflush                        
000068cf  __aeabi_idiv0                       
000068d1  close                               
00006921  _ZN6Player8moveLeftEv               
0000696d  _ZN6Player9moveRightEv              
000069b9  HOSTclose                           
00006a01  HOSTunlink                          
00006a49  _Z14SPI_OutCommandc                 
00006a91  TIMG7_IRQHandler                    
00006ad1  _Z9SPI_Resetv                       
00006b11  __aeabi_uidiv                       
00006b11  __aeabi_uidivmod                    
00006b91  TIMG12_IRQHandler                   
00006bcd  _Z11SPI_OutDatac                    
00006c05  _Z15ActivatePortA_Bv                
00006c3d  _Z12ST7735_writeiPKcj               
00006c71  _Z14Clock_Delay1msj                 
00006ca5  _Z16ST7735_SetCursorjj              
00006cd9  _ZN7MachineC1Ehhhh                  
00006cd9  _ZN7MachineC2Ehhhh                  
00006d0d  __TI_cleanup                        
00006d41  __TI_readmsg                        
00006d75  __TI_writemsg                       
00006da1  C$$IO$$                             
00006da9  exit                                
00006ddd  finddevice                          
00006e11  freopen                             
00006e75  fopen                               
00006ea5  _Z17ST7735_FillScreent              
00006ed1  unlink                              
00006efd  _Z9ADC_StartP10ADC12_Regs           
00006f4d  write                               
00006f75  _c_int00_noargs                     
00006f9d  _ZN8SlidePot4SaveEj                 
00006fc1  _ZN8SlidePot4SyncEv                 
00006fff  _nop                                
00007001  ADC0_IRQHandler                     
00007001  ADC1_IRQHandler                     
00007001  AES_IRQHandler                      
00007001  CANFD0_IRQHandler                   
00007001  DAC0_IRQHandler                     
00007001  DMA_IRQHandler                      
00007001  Default_Handler                     
00007001  GROUP0_IRQHandler                   
00007001  GROUP1_IRQHandler                   
00007001  I2C0_IRQHandler                     
00007001  I2C1_IRQHandler                     
00007001  NMI_Handler                         
00007001  PendSV_Handler                      
00007001  RTC_IRQHandler                      
00007001  SPI0_IRQHandler                     
00007001  SPI1_IRQHandler                     
00007001  SVC_Handler                         
00007001  TIMA0_IRQHandler                    
00007001  TIMA1_IRQHandler                    
00007001  TIMG0_IRQHandler                    
00007001  TIMG6_IRQHandler                    
00007001  TIMG8_IRQHandler                    
00007001  UART0_IRQHandler                    
00007001  UART1_IRQHandler                    
00007001  UART2_IRQHandler                    
00007001  UART3_IRQHandler                    
0000701d  HardFault_Handler                   
00007039  _Z9Switch_Inv                       
00007055  _ZN6PlayerC1Ev                      
00007055  _ZN6PlayerC2Ev                      
000070c5  _Z11Switch_Initv                    
000070dd  _Z11ST7735_openPKcji                
000070f3  _Z11ST7735_readiPcj                 
00007109  __TI_zero_init_nomemset             
00007133  TI_memcpy_small                     
00007145  __TI_decompress_none                
00007157  _Z11Clock_Delayj                    
00007169  _Z28TExaS_LaunchPadLogicPB27PB26v   
000071a7  _Z12ST7735_lseekili                 
000071b5  _ZN6Player7getXPosEv                
000071c3  _ZN6Player7getYPosEv                
000071d1  _ZN8SlidePotC1Ev                    
000071d1  _ZN8SlidePotC2Ev                    
000071fb  TI_memset_small                     
00007209  _Z10Clock_Freqv                     
00007215  _Z13ST7735_renamePKcS0_             
00007221  _ZN6Player7getSizeEv                
0000722d  _ZN8SlidePot9DistanceXEv            
00007239  _ZN8SlidePot9DistanceYEv            
00007245  __aeabi_memclr                      
00007245  __aeabi_memclr4                     
00007245  __aeabi_memclr8                     
00007251  malloc                              
0000725d  _Z12ST7735_closei                   
00007267  _Z13ST7735_unlinkPKc                
00007271  _Z8PLL_Initv                        
0000727b  remove                              
00007283  Reset_Handler                       
00007287  _system_pre_init                    
0000728a  C$$EXIT                             
0000728b  abort                               
00007290  SHT$$INIT_ARRAY$$Base               
00007294  SHT$$INIT_ARRAY$$Limit              
00007304  __TI_Handler_Table_Base             
00007310  __TI_Handler_Table_Limit            
00007318  __TI_CINIT_Base                     
00007328  __TI_CINIT_Limit                    
00007328  __TI_CINIT_Warm                     
20200000  __start___llvm_prf_bits             
20200000  __start___llvm_prf_cnts             
20200000  __stop___llvm_prf_bits              
20200000  __stop___llvm_prf_cnts              
20200000  _ftable                             
202000f0  _device                             
20200168  _stream                             
202001b8  Sensor                              
202001c4  __TI_cleanup_ptr                    
202001c8  __TI_dtors_ptr                      
202001cc  p1                                  
202001d4  m_anvil                             
202001db  m_refiner                           
202001e2  StTextColor                         
202001e4  BusFreq                             
202001e8  StX                                 
202001ec  StY                                 
202001f0  __TI_ft_end                         
202001f4  _lock                               
202001f8  _unlock                             
20200201  input                               
20200210  _sys_memory                         
20200410  _CIOBUF_                            
20200410  __CIOBUF_                           
20200530  __TI_tmpnams                        
202005d0  parmbuf                             
202005e0  TExaSLogic                          
202005e4  TExaSadc                            
202005ee  key                                 
20207e00  __stack                             
20208000  __STACK_END                         
ffffffff  __TI_pprof_out_hndl                 
ffffffff  __TI_prof_data_size                 
ffffffff  __TI_prof_data_start                
ffffffff  __binit__                           
ffffffff  binit                               
UNDEFED   __mpu_init                          
UNDEFED   _system_post_cinit                  

[203 symbols]
