******************************************************************************
            TI ARM Clang Linker PC v4.0.1                      
******************************************************************************
>> Linked Fri Apr 11 16:50:50 2025

OUTPUT FILE NAME:   <MadMines.out>
ENTRY POINT SYMBOL: "_c_int00_noargs"  address: 00006c7d


MEMORY CONFIGURATION

         name            origin    length      used     unused   attr    fill
----------------------  --------  ---------  --------  --------  ----  --------
  FLASH                 00000000   00020000  00006fa8  00019058  R  X
  SRAM                  20200000   00008000  000007d9  00007827  RW X
  BCR_CONFIG            41c00000   00000080  00000000  00000080  R   
  BSL_CONFIG            41c00100   00000080  00000000  00000080  R   


SEGMENT ALLOCATION MAP

run origin  load origin   length   init length attrs members
----------  ----------- ---------- ----------- ----- -------
00000000    00000000    00006fa8   00006fa8    r-x
  00000000    00000000    000000c0   000000c0    r-- .intvecs
  000000c0    000000c0    000044b8   000044b8    r-- .rodata
  00004578    00004578    00000008   00000008    r-- .init_array
  00004580    00004580    00002990   00002990    r-x .text
  00006f10    00006f10    00000098   00000098    r-- .cinit
20200000    20200000    000005dc   00000000    rw-
  20200000    20200000    00000200   00000000    rw- .sysmem
  20200200    20200200    00000201   00000000    rw- .data
  20200404    20200404    000001d8   00000000    rw- .bss
20207e00    20207e00    00000200   00000000    rw-
  20207e00    20207e00    00000200   00000000    rw- .stack


SECTION ALLOCATION MAP

 output                                  attributes/
section   page    origin      length       input sections
--------  ----  ----------  ----------   ----------------
.intvecs   0    00000000    000000c0     
                  00000000    000000c0     startup_mspm0g3507_ticlang.o (.intvecs)

.binit     0    00000000    00000000     

.text      0    00004580    00002990     
                  00004580    00000210     ST7735.o (.text._Z17ST7735_DrawBitmapssPKtss)
                  00004790    000001b4     Clock.o (.text._Z15Clock_Init80MHzi)
                  00004944    000001a0     ST7735.o (.text._Z16ST7735_DrawCharSsscssh)
                  00004ae4    0000015c     Lab9HMain.o (.text.main)
                  00004c40    00000154     libc.a : fopen.c.obj (.text._openfile)
                  00004d94    00000128     TExaS.o (.text._Z8ADC_InitP10ADC12_Regsjj)
                  00004ebc    00000126     Player.o (.text._ZN6Player8moveDownEv)
                  00004fe2    00000002     Sound.o (.text.SysTick_Handler)
                  00004fe4    00000118     ST7735.o (.text._Z15ST7735_FillRectsssst)
                  000050fc    00000114     libc.a : memory.c.obj (.text.aligned_alloc)
                  00005210    00000102     Player.o (.text._ZN6Player6moveUpEv)
                  00005312    00000002     Sound.o (.text._Z10Sound_Initv)
                  00005314    000000f8     SPI.o (.text._Z8SPI_Initv)
                  0000540c    000000f4     ST7735.o (.text._Z18ST7735_SetRotationh)
                  00005500    000000ec     libsysbm.a : add_device.c.obj (.text.add_device)
                  000055ec    000000e8     TExaS.o (.text._Z9UART_Initv)
                  000056d4    000000e8     libc.a : memory.c.obj (.text.free)
                  000057bc    000000e0            : setvbuf.c.obj (.text.setvbuf)
                  0000589c    000000d0     ST7735.o (.text._Z14ST7735_OutCharc)
                  0000596c    000000a8     Timer.o (.text._Z14TimerG7_IntArmtjj)
                  00005a14    000000a2     ST7735.o (.text._ZL11commandListPKh)
                  00005ab6    00000002     libclang_rt.builtins.a : aeabi_div0.c.obj (.text.__aeabi_idiv0)
                  00005ab8    000000a0     libsysbm.a : open.c.obj (.text.open)
                  00005b58    0000009c     ST7735.o (.text._Z17ST7735_InitPrintfv)
                  00005bf4    00000098     ST7735.o (.text._Z12ST7735_InitR10initRFlags)
                  00005c8c    00000094     Timer.o (.text._Z15TimerG12_IntArmjj)
                  00005d20    0000008c     SlidePot.o (.text._ZN8SlidePot4InitEv)
                  00005dac    00000088     ST7735.o (.text._ZL13setAddrWindowhhhh)
                  00005e34    0000000c     Lab9HMain.o (.text._GLOBAL__sub_I_Lab9HMain.cpp)
                  00005e40    00000088     libc.a : strcmp-armv6m.S.obj (.text:strcmp)
                  00005ec8    00000084     ST7735.o (.text._Z17ST7735_DrawStringttPcs)
                  00005f4c    00000080     Player.o (.text._ZN6Player16resetCoordinatesEv)
                  00005fcc    0000007c     LaunchPad.o (.text._Z14LaunchPad_Initv)
                  00006048    0000007c     libc.a : fclose.c.obj (.text.__TI_closefile)
                  000060c4    0000007c            : copy_decompress_lzss.c.obj (.text:decompress:lzss)
                  00006140    00000070     ST7735.o (.text._Z16ST7735_DrawPixelsst)
                  000061b0    0000006c     libsysbm.a : hostlseek.c.obj (.text.HOSTlseek)
                  0000621c    0000006c                : hostrename.c.obj (.text.HOSTrename)
                  00006288    0000006c     libc.a : getdevice.c.obj (.text.getdevice)
                  000062f4    00000064            : memory.c.obj (.text.split)
                  00006358    00000060     libsysbm.a : hostopen.c.obj (.text.HOSTopen)
                  000063b8    00000058                : hostread.c.obj (.text.HOSTread)
                  00006410    00000058                : hostwrite.c.obj (.text.HOSTwrite)
                  00006468    00000058     TExaS.o (.text._Z10TExaS_InitP10ADC12_RegsjPFhvE)
                  000064c0    00000054     SlidePot.o (.text._ZN8SlidePot2InEv)
                  00006514    00000054     libc.a : autoinit.c.obj (.text:__TI_auto_init_nobinit)
                  00006568    00000052            : fflush.c.obj (.text.__TI_doflush)
                  000065ba    00000002            : _lock.c.obj (.text._nop)
                  000065bc    00000050     libsysbm.a : close.c.obj (.text.close)
                  0000660c    0000004c     Player.o (.text._ZN6Player8moveLeftEv)
                  00006658    0000004c     Player.o (.text._ZN6Player9moveRightEv)
                  000066a4    00000048     libsysbm.a : hostclose.c.obj (.text.HOSTclose)
                  000066ec    00000048                : hostunlink.c.obj (.text.HOSTunlink)
                  00006734    00000048     SPI.o (.text._Z14SPI_OutCommandc)
                  0000677c    00000040     TExaS.o (.text.TIMG7_IRQHandler)
                  000067bc    00000040     SPI.o (.text._Z9SPI_Resetv)
                  000067fc    00000040     libclang_rt.builtins.a : aeabi_uidivmod.S.obj (.text.__aeabi_uidivmod)
                  0000683c    00000040     libc.a : fopen.c.obj (.text._search_fp)
                  0000687c    00000038     SPI.o (.text._Z11SPI_OutDatac)
                  000068b4    00000038     LaunchPad.o (.text._Z15ActivatePortA_Bv)
                  000068ec    00000034     ST7735.o (.text._Z12ST7735_writeiPKcj)
                  00006920    00000034     Clock.o (.text._Z14Clock_Delay1msj)
                  00006954    00000034     ST7735.o (.text._Z16ST7735_SetCursorjj)
                  00006988    00000034     LED.o (.text._Z8LED_Initv)
                  000069bc    00000034     libc.a : fopen.c.obj (.text.__TI_cleanup)
                  000069f0    00000034     libsysbm.a : trgmsg.c.obj (.text.__TI_readmsg)
                  00006a24    00000034                : trgmsg.c.obj (.text.__TI_writemsg)
                  00006a58    00000034     libc.a : exit.c.obj (.text.exit)
                  00006a8c    00000034            : getdevice.c.obj (.text.finddevice)
                  00006ac0    00000034            : fopen.c.obj (.text.freopen)
                  00006af4    00000030     Lab9HMain.o (.text.TIMG12_IRQHandler)
                  00006b24    00000030     ST7735.o (.text._ZL10commonInitPKh)
                  00006b54    00000030     libc.a : fopen.c.obj (.text.fopen)
                  00006b84    0000002c     ST7735.o (.text._Z17ST7735_FillScreent)
                  00006bb0    0000002c     libsysbm.a : unlink.c.obj (.text.unlink)
                  00006bdc    00000028     Switch.o (.text._Z11Switch_Initv)
                  00006c04    00000028     TExaS.o (.text._Z9ADC_StartP10ADC12_Regs)
                  00006c2c    00000028     libc.a : memory.c.obj (.text.free_list_insert)
                  00006c54    00000028     libsysbm.a : write.c.obj (.text.write)
                  00006c7c    00000028     libc.a : boot_cortex_m.c.obj (.text:_c_int00_noargs)
                  00006ca4    00000024     SlidePot.o (.text._ZN8SlidePot4SaveEj)
                  00006cc8    00000020     SlidePot.o (.text._ZN8SlidePot4SyncEv)
                  00006ce8    0000001e     ST7735.o (.text._ZL9pushColort)
                  00006d06    00000002     --HOLE-- [fill = 0]
                  00006d08    0000001c     startup_mspm0g3507_ticlang.o (.text.Default_Handler)
                  00006d24    0000001c     startup_mspm0g3507_ticlang.o (.text.HardFault_Handler)
                  00006d40    0000001c     libc.a : memory.c.obj (.text.free_list_remove)
                  00006d5c    0000001a     Player.o (.text._ZN6PlayerC2Ev)
                  00006d76    00000016     ST7735.o (.text._Z11ST7735_openPKcji)
                  00006d8c    00000016     ST7735.o (.text._Z11ST7735_readiPcj)
                  00006da2    00000016     libc.a : copy_zero_init.c.obj (.text:decompress:ZI:__TI_zero_init_nomemset)
                  00006db8    00000012            : memcpy16.S.obj (.text:TI_memcpy_small)
                  00006dca    00000012            : copy_decompress_none.c.obj (.text:decompress:none)
                  00006ddc    00000010     Clock.o (.text._Z11Clock_Delayj)
                  00006dec    00000010     Lab9HMain.o (.text._Z28TExaS_LaunchPadLogicPB27PB26v)
                  00006dfc    00000010     Lab9HMain.o (.text.__cxx_global_var_init.1)
                  00006e0c    00000010     Lab9HMain.o (.text.__cxx_global_var_init)
                  00006e1c    0000000e     libc.a : memory.c.obj (.text.OUTLINED_FUNCTION_0)
                  00006e2a    0000000e     ST7735.o (.text._Z12ST7735_lseekili)
                  00006e38    0000000e     Player.o (.text._ZN6Player7getXPosEv)
                  00006e46    0000000e     Player.o (.text._ZN6Player7getYPosEv)
                  00006e54    0000000e     SlidePot.o (.text._ZN8SlidePotC2Ev)
                  00006e62    0000000e     libsysbm.a : hostrename.c.obj (.text.strcpy)
                  00006e70    0000000e                : hostrename.c.obj (.text.strlen)
                  00006e7e    0000000e     libc.a : memset16.S.obj (.text:TI_memset_small)
                  00006e8c    0000000c     Clock.o (.text._Z10Clock_Freqv)
                  00006e98    0000000c     ST7735.o (.text._Z13ST7735_renamePKcS0_)
                  00006ea4    0000000c     SlidePot.o (.text._ZN8SlidePot9DistanceXEv)
                  00006eb0    0000000c     SlidePot.o (.text._ZN8SlidePot9DistanceYEv)
                  00006ebc    0000000c     libclang_rt.builtins.a : aeabi_memset.S.obj (.text.__aeabi_memclr)
                  00006ec8    0000000c     libc.a : memory.c.obj (.text.malloc)
                  00006ed4    0000000a     ST7735.o (.text._Z12ST7735_closei)
                  00006ede    0000000a     ST7735.o (.text._Z13ST7735_unlinkPKc)
                  00006ee8    0000000a     Lab9HMain.o (.text._Z8PLL_Initv)
                  00006ef2    00000002     --HOLE-- [fill = 0]
                  00006ef4    00000008     libclang_rt.builtins.a : aeabi_memcpy.S.obj (.text.__aeabi_memcpy)
                  00006efc    00000008     libsysbm.a : remove.c.obj (.text.remove)
                  00006f04    00000004     startup_mspm0g3507_ticlang.o (.text.Reset_Handler)
                  00006f08    00000004     libc.a : pre_init.c.obj (.text._system_pre_init)
                  00006f0c    00000004            : exit.c.obj (.text:abort)

.cinit     0    00006f10    00000098     
                  00006f10    0000006e     (.cinit..data.load) [load image, compression = lzss]
                  00006f7e    00000002     --HOLE-- [fill = 0]
                  00006f80    0000000c     (__TI_handler_table)
                  00006f8c    00000008     (.cinit..bss.load) [load image, compression = zero_init]
                  00006f94    00000010     (__TI_cinit_table)
                  00006fa4    00000004     --HOLE-- [fill = 0]

.rodata    0    000000c0    000044b8     
                  000000c0    00001f40     Lab9HMain.o (.rodata._ZL4todo)
                  00002000    000010ae     Lab9HMain.o (.rodata._ZL7refiner)
                  000030ae    00000f20     Lab9HMain.o (.rodata._ZL5miner)
                  00003fce    000004fb     ST7735.o (.rodata._ZL4Font)
                  000044c9    0000003b     ST7735.o (.rodata._ZL5Rcmd1)
                  00004504    0000002b     ST7735.o (.rodata._ZL5Rcmd3)
                  0000452f    00000016     ST7735.o (.rodata.str1.43788427057889536241)
                  00004545    0000000d     ST7735.o (.rodata._ZL10Rcmd2green)
                  00004552    0000000d     ST7735.o (.rodata._ZL8Rcmd2red)
                  0000455f    00000008     ST7735.o (.rodata.str1.54535931475021008601)
                  00004567    00000007     ST7735.o (.rodata.str1.103567388005067375301)
                  0000456e    00000007     ST7735.o (.rodata.str1.132933244321656697041)
                  00004575    00000002     ST7735.o (.rodata.str1.18657686242476325171)
                  00004577    00000001     --HOLE-- [fill = 0]

.init_array 
*          0    00004578    00000008     
                  00004578    00000004     Lab9HMain.o (.init_array)
                  0000457c    00000004     --HOLE-- [fill = 0]

.sysmem    0    20200000    00000200     UNINITIALIZED
                  20200000    00000010     libc.a : memory.c.obj (.sysmem)
                  20200010    000001f0     --HOLE--

.data      0    20200200    00000201     UNINITIALIZED
                  20200200    000000f0     libc.a : defs.c.obj (.data._ftable)
                  202002f0    00000078     libsysbm.a : host_device.c.obj (.data._device)
                  20200368    00000050                : host_device.c.obj (.data._stream)
                  202003b8    0000000c     Lab9HMain.o (.data.Sensor)
                  202003c4    0000000c     Lab9HMain.o (.data.p1)
                  202003d0    00000008     libc.a : exit.c.obj (.data..L_MergedGlobals)
                  202003d8    00000004     Clock.o (.data.BusFreq)
                  202003dc    00000004     ST7735.o (.data.StX)
                  202003e0    00000004     ST7735.o (.data.StY)
                  202003e4    00000004     libc.a : defs.c.obj (.data.__TI_ft_end)
                  202003e8    00000004            : _lock.c.obj (.data._lock)
                  202003ec    00000004            : _lock.c.obj (.data._unlock)
                  202003f0    00000002     ST7735.o (.data.StTextColor)
                  202003f2    00000002     ST7735.o (.data._ZL6_width)
                  202003f4    00000002     ST7735.o (.data._ZL7_height)
                  202003f6    00000002     --HOLE--
                  202003f8    00000001     libsysbm.a : add_device.c.obj (.data.add_device.device_init)
                  202003f9    00000003     --HOLE--
                  202003fc    00000001     libc.a : memory.c.obj (.data.memory_is_initialized)
                  202003fd    00000003     --HOLE--
                  20200400    00000001     libsysbm.a : open.c.obj (.data.open.stream_init)

.bss       0    20200404    000001d8     UNINITIALIZED
                  20200404    00000120     libsysbm.a : trgmsg.c.obj (.bss:_CIOBUF_)
                  20200524    000000a0     libc.a : defs.c.obj (.bss.__TI_tmpnams)
                  202005c4    00000008     libsysbm.a : hostopen.c.obj (.bss.parmbuf)
                  202005cc    00000004     TExaS.o (.bss.TExaSLogic)
                  202005d0    00000004     TExaS.o (.bss.TExaSadc)
                  202005d4    00000004     libc.a : memory.c.obj (.bss.sys_free)
                  202005d8    00000001     ST7735.o (.bss._ZL8ColStart)
                  202005d9    00000001     ST7735.o (.bss._ZL8Rotation)
                  202005da    00000001     ST7735.o (.bss._ZL8RowStart)
                  202005db    00000001     ST7735.o (.bss._ZL8TabColor)

.stack     0    20207e00    00000200     UNINITIALIZED
                  20207e00    00000004     libc.a : boot_cortex_m.c.obj (.stack)
                  20207e04    000001fc     --HOLE--

__llvm_prf_cnts 
*          0    20200000    00000000     UNINITIALIZED

__llvm_prf_bits 
*          0    20200000    00000000     UNINITIALIZED

MODULE SUMMARY

       Module                         code    ro data   rw data
       ------                         ----    -------   -------
    .\
       Lab9HMain.o                    466     16146     24     
       ST7735.o                       2842    1449      18     
       Player.o                       886     0         0      
       TExaS.o                        720     0         8      
       Clock.o                        516     0         4      
       SPI.o                          440     0         0      
       SlidePot.o                     330     0         0      
       Timer.o                        316     0         0      
       LaunchPad.o                    180     0         0      
       LED.o                          52      0         0      
       Switch.o                       40      0         0      
       Sound.o                        4       0         0      
    +--+------------------------------+-------+---------+---------+
       Total:                         6792    17595     54     
                                                               
    .\ticlang\
       startup_mspm0g3507_ticlang.o   60      192       0      
    +--+------------------------------+-------+---------+---------+
       Total:                         60      192       0      
                                                               
    C:\ti\ccs\tools\compiler\ti-cgt-armllvm_4.0.1.LTS\lib\armv6m-ti-none-eabi/c/libc.a
       memory.c.obj                   702     0         5      
       fopen.c.obj                    556     0         0      
       defs.c.obj                     0       0         404    
       setvbuf.c.obj                  224     0         0      
       getdevice.c.obj                160     0         0      
       strcmp-armv6m.S.obj            136     0         0      
       copy_decompress_lzss.c.obj     124     0         0      
       fclose.c.obj                   124     0         0      
       autoinit.c.obj                 84      0         0      
       fflush.c.obj                   82      0         0      
       exit.c.obj                     56      0         8      
       boot_cortex_m.c.obj            40      0         0      
       copy_zero_init.c.obj           22      0         0      
       copy_decompress_none.c.obj     18      0         0      
       memcpy16.S.obj                 18      0         0      
       memset16.S.obj                 14      0         0      
       _lock.c.obj                    2       0         8      
       pre_init.c.obj                 4       0         0      
    +--+------------------------------+-------+---------+---------+
       Total:                         2366    0         425    
                                                               
    C:\ti\ccs\tools\compiler\ti-cgt-armllvm_4.0.1.LTS\lib\armv6m-ti-none-eabi/c/libsysbm.a
       trgmsg.c.obj                   104     0         288    
       add_device.c.obj               236     0         1      
       host_device.c.obj              0       0         200    
       open.c.obj                     160     0         1      
       hostrename.c.obj               136     0         0      
       hostlseek.c.obj                108     0         0      
       hostopen.c.obj                 96      0         8      
       hostread.c.obj                 88      0         0      
       hostwrite.c.obj                88      0         0      
       close.c.obj                    80      0         0      
       hostclose.c.obj                72      0         0      
       hostunlink.c.obj               72      0         0      
       unlink.c.obj                   44      0         0      
       write.c.obj                    40      0         0      
       remove.c.obj                   8       0         0      
    +--+------------------------------+-------+---------+---------+
       Total:                         1332    0         498    
                                                               
    C:\ti\ccs\tools\compiler\ti-cgt-armllvm_4.0.1.LTS\lib\armv6m-ti-none-eabi/libclang_rt.builtins.a
       aeabi_uidivmod.S.obj           64      0         0      
       aeabi_memset.S.obj             12      0         0      
       aeabi_memcpy.S.obj             8       0         0      
       aeabi_div0.c.obj               2       0         0      
    +--+------------------------------+-------+---------+---------+
       Total:                         86      0         0      
                                                               
       Heap:                          0       0         512    
       Stack:                         0       0         512    
       Linker Generated:              0       146       0      
    +--+------------------------------+-------+---------+---------+
       Grand Total:                   10636   17933     2001   


LINKER GENERATED COPY TABLES

__TI_cinit_table @ 00006f94 records: 2, size/record: 8, table size: 16
	.data: load addr=00006f10, load size=0000006e bytes, run addr=20200200, run size=00000201 bytes, compression=lzss
	.bss: load addr=00006f8c, load size=00000008 bytes, run addr=20200404, run size=000001d8 bytes, compression=zero_init


LINKER GENERATED HANDLER TABLE

__TI_handler_table @ 00006f80 records: 3, size/record: 4, table size: 12
	index: 0, handler: __TI_decompress_lzss
	index: 1, handler: __TI_decompress_none
	index: 2, handler: __TI_zero_init


GLOBAL SYMBOLS: SORTED ALPHABETICALLY BY Name 

address   name                             
-------   ----                             
00006d09  ADC0_IRQHandler                  
00006d09  ADC1_IRQHandler                  
00006d09  AES_IRQHandler                   
202003d8  BusFreq                          
00006f0c  C$$EXIT                          
00006a51  C$$IO$$                          
00006d09  CANFD0_IRQHandler                
00006d09  DAC0_IRQHandler                  
00006d09  DMA_IRQHandler                   
00006d09  Default_Handler                  
00006d09  GROUP0_IRQHandler                
00006d09  GROUP1_IRQHandler                
000066a5  HOSTclose                        
000061b1  HOSTlseek                        
00006359  HOSTopen                         
000063b9  HOSTread                         
0000621d  HOSTrename                       
000066ed  HOSTunlink                       
00006411  HOSTwrite                        
00006d25  HardFault_Handler                
00006d09  I2C0_IRQHandler                  
00006d09  I2C1_IRQHandler                  
00006d09  NMI_Handler                      
00006d09  PendSV_Handler                   
00006d09  RTC_IRQHandler                   
00006f05  Reset_Handler                    
00004578  SHT$$INIT_ARRAY$$Base            
0000457c  SHT$$INIT_ARRAY$$Limit           
00006d09  SPI0_IRQHandler                  
00006d09  SPI1_IRQHandler                  
00006d09  SVC_Handler                      
202003b8  Sensor                           
202003f0  StTextColor                      
202003dc  StX                              
202003e0  StY                              
00004fe3  SysTick_Handler                  
202005cc  TExaSLogic                       
202005d0  TExaSadc                         
00006d09  TIMA0_IRQHandler                 
00006d09  TIMA1_IRQHandler                 
00006d09  TIMG0_IRQHandler                 
00006af5  TIMG12_IRQHandler                
00006d09  TIMG6_IRQHandler                 
0000677d  TIMG7_IRQHandler                 
00006d09  TIMG8_IRQHandler                 
00006db9  TI_memcpy_small                  
00006e7f  TI_memset_small                  
00006d09  UART0_IRQHandler                 
00006d09  UART1_IRQHandler                 
00006d09  UART2_IRQHandler                 
00006d09  UART3_IRQHandler                 
20200404  _CIOBUF_                         
00006e8d  _Z10Clock_Freqv                  
00005313  _Z10Sound_Initv                  
00006469  _Z10TExaS_InitP10ADC12_RegsjPFhvE
00006ddd  _Z11Clock_Delayj                 
0000687d  _Z11SPI_OutDatac                 
00006d77  _Z11ST7735_openPKcji             
00006d8d  _Z11ST7735_readiPcj              
00006bdd  _Z11Switch_Initv                 
00005bf5  _Z12ST7735_InitR10initRFlags     
00006ed5  _Z12ST7735_closei                
00006e2b  _Z12ST7735_lseekili              
000068ed  _Z12ST7735_writeiPKcj            
00006e99  _Z13ST7735_renamePKcS0_          
00006edf  _Z13ST7735_unlinkPKc             
00006921  _Z14Clock_Delay1msj              
00005fcd  _Z14LaunchPad_Initv              
00006735  _Z14SPI_OutCommandc              
0000589d  _Z14ST7735_OutCharc              
0000596d  _Z14TimerG7_IntArmtjj            
000068b5  _Z15ActivatePortA_Bv             
00004791  _Z15Clock_Init80MHzi             
00004fe5  _Z15ST7735_FillRectsssst         
00005c8d  _Z15TimerG12_IntArmjj            
00004945  _Z16ST7735_DrawCharSsscssh       
00006141  _Z16ST7735_DrawPixelsst          
00006955  _Z16ST7735_SetCursorjj           
00004581  _Z17ST7735_DrawBitmapssPKtss     
00005ec9  _Z17ST7735_DrawStringttPcs       
00006b85  _Z17ST7735_FillScreent           
00005b59  _Z17ST7735_InitPrintfv           
0000540d  _Z18ST7735_SetRotationh          
00006ded  _Z28TExaS_LaunchPadLogicPB27PB26v
00004d95  _Z8ADC_InitP10ADC12_Regsjj       
00006989  _Z8LED_Initv                     
00006ee9  _Z8PLL_Initv                     
00005315  _Z8SPI_Initv                     
00006c05  _Z9ADC_StartP10ADC12_Regs        
000067bd  _Z9SPI_Resetv                    
000055ed  _Z9UART_Initv                    
00005f4d  _ZN6Player16resetCoordinatesEv   
00005211  _ZN6Player6moveUpEv              
00006e39  _ZN6Player7getXPosEv             
00006e47  _ZN6Player7getYPosEv             
00004ebd  _ZN6Player8moveDownEv            
0000660d  _ZN6Player8moveLeftEv            
00006659  _ZN6Player9moveRightEv           
00006d5d  _ZN6PlayerC1Ev                   
00006d5d  _ZN6PlayerC2Ev                   
000064c1  _ZN8SlidePot2InEv                
00005d21  _ZN8SlidePot4InitEv              
00006ca5  _ZN8SlidePot4SaveEj              
00006cc9  _ZN8SlidePot4SyncEv              
00006ea5  _ZN8SlidePot9DistanceXEv         
00006eb1  _ZN8SlidePot9DistanceYEv         
00006e55  _ZN8SlidePotC1Ev                 
00006e55  _ZN8SlidePotC2Ev                 
20200404  __CIOBUF_                        
20208000  __STACK_END                      
00000200  __STACK_SIZE                     
00000200  __SYSMEM_SIZE                    
00000000  __TI_ATRegion0_region_sz         
00000000  __TI_ATRegion0_src_addr          
00000000  __TI_ATRegion0_trg_addr          
00000000  __TI_ATRegion1_region_sz         
00000000  __TI_ATRegion1_src_addr          
00000000  __TI_ATRegion1_trg_addr          
00000000  __TI_ATRegion2_region_sz         
00000000  __TI_ATRegion2_src_addr          
00000000  __TI_ATRegion2_trg_addr          
00006f94  __TI_CINIT_Base                  
00006fa4  __TI_CINIT_Limit                 
00006fa4  __TI_CINIT_Warm                  
00006f80  __TI_Handler_Table_Base          
00006f8c  __TI_Handler_Table_Limit         
00006515  __TI_auto_init_nobinit           
000069bd  __TI_cleanup                     
202003d0  __TI_cleanup_ptr                 
00006049  __TI_closefile                   
000060c5  __TI_decompress_lzss             
00006dcb  __TI_decompress_none             
00006569  __TI_doflush                     
202003d4  __TI_dtors_ptr                   
202003e4  __TI_ft_end                      
ffffffff  __TI_pprof_out_hndl              
ffffffff  __TI_prof_data_size              
ffffffff  __TI_prof_data_start             
000069f1  __TI_readmsg                     
00000000  __TI_static_base__               
20200524  __TI_tmpnams                     
00006a25  __TI_writemsg                    
00006da3  __TI_zero_init_nomemset          
00005ab7  __aeabi_idiv0                    
00006ebd  __aeabi_memclr                   
00006ebd  __aeabi_memclr4                  
00006ebd  __aeabi_memclr8                  
00006ef5  __aeabi_memcpy                   
00006ef5  __aeabi_memcpy4                  
00006ef5  __aeabi_memcpy8                  
000067fd  __aeabi_uidiv                    
000067fd  __aeabi_uidivmod                 
ffffffff  __binit__                        
UNDEFED   __mpu_init                       
20207e00  __stack                          
20200000  __start___llvm_prf_bits          
20200000  __start___llvm_prf_cnts          
20200000  __stop___llvm_prf_bits           
20200000  __stop___llvm_prf_cnts           
00006c7d  _c_int00_noargs                  
202002f0  _device                          
20200200  _ftable                          
202003e8  _lock                            
000065bb  _nop                             
20200368  _stream                          
20200000  _sys_memory                      
UNDEFED   _system_post_cinit               
00006f09  _system_pre_init                 
202003ec  _unlock                          
00006f0d  abort                            
00005501  add_device                       
000050fd  aligned_alloc                    
ffffffff  binit                            
000065bd  close                            
00006a59  exit                             
00006a8d  finddevice                       
00006b55  fopen                            
000056d5  free                             
00006ac1  freopen                          
00006289  getdevice                        
00000000  interruptVectors                 
00004ae5  main                             
00006ec9  malloc                           
000050fd  memalign                         
00005ab9  open                             
202003c4  p1                               
202005c4  parmbuf                          
00006efd  remove                           
000057bd  setvbuf                          
00005e41  strcmp                           
00006bb1  unlink                           
00006c55  write                            


GLOBAL SYMBOLS: SORTED BY Symbol Address 

address   name                             
-------   ----                             
00000000  __TI_ATRegion0_region_sz         
00000000  __TI_ATRegion0_src_addr          
00000000  __TI_ATRegion0_trg_addr          
00000000  __TI_ATRegion1_region_sz         
00000000  __TI_ATRegion1_src_addr          
00000000  __TI_ATRegion1_trg_addr          
00000000  __TI_ATRegion2_region_sz         
00000000  __TI_ATRegion2_src_addr          
00000000  __TI_ATRegion2_trg_addr          
00000000  __TI_static_base__               
00000000  interruptVectors                 
00000200  __STACK_SIZE                     
00000200  __SYSMEM_SIZE                    
00004578  SHT$$INIT_ARRAY$$Base            
0000457c  SHT$$INIT_ARRAY$$Limit           
00004581  _Z17ST7735_DrawBitmapssPKtss     
00004791  _Z15Clock_Init80MHzi             
00004945  _Z16ST7735_DrawCharSsscssh       
00004ae5  main                             
00004d95  _Z8ADC_InitP10ADC12_Regsjj       
00004ebd  _ZN6Player8moveDownEv            
00004fe3  SysTick_Handler                  
00004fe5  _Z15ST7735_FillRectsssst         
000050fd  aligned_alloc                    
000050fd  memalign                         
00005211  _ZN6Player6moveUpEv              
00005313  _Z10Sound_Initv                  
00005315  _Z8SPI_Initv                     
0000540d  _Z18ST7735_SetRotationh          
00005501  add_device                       
000055ed  _Z9UART_Initv                    
000056d5  free                             
000057bd  setvbuf                          
0000589d  _Z14ST7735_OutCharc              
0000596d  _Z14TimerG7_IntArmtjj            
00005ab7  __aeabi_idiv0                    
00005ab9  open                             
00005b59  _Z17ST7735_InitPrintfv           
00005bf5  _Z12ST7735_InitR10initRFlags     
00005c8d  _Z15TimerG12_IntArmjj            
00005d21  _ZN8SlidePot4InitEv              
00005e41  strcmp                           
00005ec9  _Z17ST7735_DrawStringttPcs       
00005f4d  _ZN6Player16resetCoordinatesEv   
00005fcd  _Z14LaunchPad_Initv              
00006049  __TI_closefile                   
000060c5  __TI_decompress_lzss             
00006141  _Z16ST7735_DrawPixelsst          
000061b1  HOSTlseek                        
0000621d  HOSTrename                       
00006289  getdevice                        
00006359  HOSTopen                         
000063b9  HOSTread                         
00006411  HOSTwrite                        
00006469  _Z10TExaS_InitP10ADC12_RegsjPFhvE
000064c1  _ZN8SlidePot2InEv                
00006515  __TI_auto_init_nobinit           
00006569  __TI_doflush                     
000065bb  _nop                             
000065bd  close                            
0000660d  _ZN6Player8moveLeftEv            
00006659  _ZN6Player9moveRightEv           
000066a5  HOSTclose                        
000066ed  HOSTunlink                       
00006735  _Z14SPI_OutCommandc              
0000677d  TIMG7_IRQHandler                 
000067bd  _Z9SPI_Resetv                    
000067fd  __aeabi_uidiv                    
000067fd  __aeabi_uidivmod                 
0000687d  _Z11SPI_OutDatac                 
000068b5  _Z15ActivatePortA_Bv             
000068ed  _Z12ST7735_writeiPKcj            
00006921  _Z14Clock_Delay1msj              
00006955  _Z16ST7735_SetCursorjj           
00006989  _Z8LED_Initv                     
000069bd  __TI_cleanup                     
000069f1  __TI_readmsg                     
00006a25  __TI_writemsg                    
00006a51  C$$IO$$                          
00006a59  exit                             
00006a8d  finddevice                       
00006ac1  freopen                          
00006af5  TIMG12_IRQHandler                
00006b55  fopen                            
00006b85  _Z17ST7735_FillScreent           
00006bb1  unlink                           
00006bdd  _Z11Switch_Initv                 
00006c05  _Z9ADC_StartP10ADC12_Regs        
00006c55  write                            
00006c7d  _c_int00_noargs                  
00006ca5  _ZN8SlidePot4SaveEj              
00006cc9  _ZN8SlidePot4SyncEv              
00006d09  ADC0_IRQHandler                  
00006d09  ADC1_IRQHandler                  
00006d09  AES_IRQHandler                   
00006d09  CANFD0_IRQHandler                
00006d09  DAC0_IRQHandler                  
00006d09  DMA_IRQHandler                   
00006d09  Default_Handler                  
00006d09  GROUP0_IRQHandler                
00006d09  GROUP1_IRQHandler                
00006d09  I2C0_IRQHandler                  
00006d09  I2C1_IRQHandler                  
00006d09  NMI_Handler                      
00006d09  PendSV_Handler                   
00006d09  RTC_IRQHandler                   
00006d09  SPI0_IRQHandler                  
00006d09  SPI1_IRQHandler                  
00006d09  SVC_Handler                      
00006d09  TIMA0_IRQHandler                 
00006d09  TIMA1_IRQHandler                 
00006d09  TIMG0_IRQHandler                 
00006d09  TIMG6_IRQHandler                 
00006d09  TIMG8_IRQHandler                 
00006d09  UART0_IRQHandler                 
00006d09  UART1_IRQHandler                 
00006d09  UART2_IRQHandler                 
00006d09  UART3_IRQHandler                 
00006d25  HardFault_Handler                
00006d5d  _ZN6PlayerC1Ev                   
00006d5d  _ZN6PlayerC2Ev                   
00006d77  _Z11ST7735_openPKcji             
00006d8d  _Z11ST7735_readiPcj              
00006da3  __TI_zero_init_nomemset          
00006db9  TI_memcpy_small                  
00006dcb  __TI_decompress_none             
00006ddd  _Z11Clock_Delayj                 
00006ded  _Z28TExaS_LaunchPadLogicPB27PB26v
00006e2b  _Z12ST7735_lseekili              
00006e39  _ZN6Player7getXPosEv             
00006e47  _ZN6Player7getYPosEv             
00006e55  _ZN8SlidePotC1Ev                 
00006e55  _ZN8SlidePotC2Ev                 
00006e7f  TI_memset_small                  
00006e8d  _Z10Clock_Freqv                  
00006e99  _Z13ST7735_renamePKcS0_          
00006ea5  _ZN8SlidePot9DistanceXEv         
00006eb1  _ZN8SlidePot9DistanceYEv         
00006ebd  __aeabi_memclr                   
00006ebd  __aeabi_memclr4                  
00006ebd  __aeabi_memclr8                  
00006ec9  malloc                           
00006ed5  _Z12ST7735_closei                
00006edf  _Z13ST7735_unlinkPKc             
00006ee9  _Z8PLL_Initv                     
00006ef5  __aeabi_memcpy                   
00006ef5  __aeabi_memcpy4                  
00006ef5  __aeabi_memcpy8                  
00006efd  remove                           
00006f05  Reset_Handler                    
00006f09  _system_pre_init                 
00006f0c  C$$EXIT                          
00006f0d  abort                            
00006f80  __TI_Handler_Table_Base          
00006f8c  __TI_Handler_Table_Limit         
00006f94  __TI_CINIT_Base                  
00006fa4  __TI_CINIT_Limit                 
00006fa4  __TI_CINIT_Warm                  
20200000  __start___llvm_prf_bits          
20200000  __start___llvm_prf_cnts          
20200000  __stop___llvm_prf_bits           
20200000  __stop___llvm_prf_cnts           
20200000  _sys_memory                      
20200200  _ftable                          
202002f0  _device                          
20200368  _stream                          
202003b8  Sensor                           
202003c4  p1                               
202003d0  __TI_cleanup_ptr                 
202003d4  __TI_dtors_ptr                   
202003d8  BusFreq                          
202003dc  StX                              
202003e0  StY                              
202003e4  __TI_ft_end                      
202003e8  _lock                            
202003ec  _unlock                          
202003f0  StTextColor                      
20200404  _CIOBUF_                         
20200404  __CIOBUF_                        
20200524  __TI_tmpnams                     
202005c4  parmbuf                          
202005cc  TExaSLogic                       
202005d0  TExaSadc                         
20207e00  __stack                          
20208000  __STACK_END                      
ffffffff  __TI_pprof_out_hndl              
ffffffff  __TI_prof_data_size              
ffffffff  __TI_prof_data_start             
ffffffff  __binit__                        
ffffffff  binit                            
UNDEFED   __mpu_init                       
UNDEFED   _system_post_cinit               

[192 symbols]
