******************************************************************************
            TI ARM Clang Linker PC v4.0.1                      
******************************************************************************
>> Linked Tue Apr 15 19:06:15 2025

OUTPUT FILE NAME:   <MadMines.out>
ENTRY POINT SYMBOL: "_c_int00_noargs"  address: 0000dcb1


MEMORY CONFIGURATION

         name            origin    length      used     unused   attr    fill
----------------------  --------  ---------  --------  --------  ----  --------
  FLASH                 00000000   00020000  0000e170  00011e90  R  X
  SRAM                  20200000   00008000  00000898  00007768  RW X
  BCR_CONFIG            41c00000   00000080  00000000  00000080  R   
  BSL_CONFIG            41c00100   00000080  00000000  00000080  R   


SEGMENT ALLOCATION MAP

run origin  load origin   length   init length attrs members
----------  ----------- ---------- ----------- ----- -------
00000000    00000000    0000e170   0000e170    r-x
  00000000    00000000    000000c0   000000c0    r-- .intvecs
  000000c0    000000c0    0000a4d8   0000a4d8    r-- .rodata
  0000a598    0000a598    00000008   00000008    r-- .init_array
  0000a5a0    0000a5a0    00003ad0   00003ad0    r-x .text
  0000e070    0000e070    00000100   00000100    r-- .cinit
20200000    20200000    0000069f   00000000    rw-
  20200000    20200000    000002b9   00000000    rw- .data
  202002c0    202002c0    00000200   00000000    rw- .sysmem
  202004c0    202004c0    000001df   00000000    rw- .bss
20207e00    20207e00    00000200   00000000    rw-
  20207e00    20207e00    00000200   00000000    rw- .stack


SECTION ALLOCATION MAP

 output                                  attributes/
section   page    origin      length       input sections
--------  ----  ----------  ----------   ----------------
.intvecs   0    00000000    000000c0     
                  00000000    000000c0     startup_mspm0g3507_ticlang.o (.intvecs)

.binit     0    00000000    00000000     

.text      0    0000a5a0    00003ad0     
                  0000a5a0    00000418     Machine.o (.text._ZN7Machine11updateAnvilEh)
                  0000a9b8    00000394     Lab9HMain.o (.text.main)
                  0000ad4c    000002a4     Machine.o (.text._ZN7Machine10updateRockEh)
                  0000aff0    00000210     ST7735.o (.text._Z17ST7735_DrawBitmapssPKtss)
                  0000b200    000001b4     Clock.o (.text._Z15Clock_Init80MHzi)
                  0000b3b4    000001ac     Machine.o (.text._ZN7Machine13computeRecipeEPaa)
                  0000b560    000001a0     ST7735.o (.text._Z16ST7735_DrawCharSsscssh)
                  0000b700    00000164     Machine.o (.text._ZN7Machine15updateAnvilMenuEPaa)
                  0000b864    00000154     libc.a : fopen.c.obj (.text._openfile)
                  0000b9b8    0000012c     Player.o (.text._ZN6Player8moveDownEv)
                  0000bae4    00000128     TExaS.o (.text._Z8ADC_InitP10ADC12_Regsjj)
                  0000bc0c    00000118     ST7735.o (.text._Z15ST7735_FillRectsssst)
                  0000bd24    00000114     libc.a : memory.c.obj (.text.aligned_alloc)
                  0000be38    00000108     Player.o (.text._ZN6Player6moveUpEv)
                  0000bf40    000000f8     SPI.o (.text._Z8SPI_Initv)
                  0000c038    000000f4     ST7735.o (.text._Z18ST7735_SetRotationh)
                  0000c12c    000000ec     libsysbm.a : add_device.c.obj (.text.add_device)
                  0000c218    000000e8     TExaS.o (.text._Z9UART_Initv)
                  0000c300    000000e8     libc.a : memory.c.obj (.text.free)
                  0000c3e8    000000e0            : setvbuf.c.obj (.text.setvbuf)
                  0000c4c8    000000d8     ST7735.o (.text._Z14ST7735_OutCharc)
                  0000c5a0    000000b0     ST7735.o (.text._Z20ST7735_DrawFastHLinessst)
                  0000c650    000000b0     ST7735.o (.text._Z20ST7735_DrawFastVLinessst)
                  0000c700    000000a8     Timer.o (.text._Z14TimerG7_IntArmtjj)
                  0000c7a8    000000a2     ST7735.o (.text._ZL11commandListPKh)
                  0000c84a    00000002     Sound.o (.text.SysTick_Handler)
                  0000c84c    000000a0     libsysbm.a : open.c.obj (.text.open)
                  0000c8ec    0000009c     ST7735.o (.text._Z17ST7735_InitPrintfv)
                  0000c988    0000009c     Machine.o (.text._ZN7Machine10printAnvilEh)
                  0000ca24    00000098     ST7735.o (.text._Z12ST7735_InitR10initRFlags)
                  0000cabc    00000096     Player.o (.text._ZN6Player14checkProximityE7Machine)
                  0000cb52    00000002     libclang_rt.builtins.a : aeabi_div0.c.obj (.text.__aeabi_idiv0)
                  0000cb54    00000094     Timer.o (.text._Z15TimerG12_IntArmjj)
                  0000cbe8    0000008c     SlidePot.o (.text._ZN8SlidePot4InitEv)
                  0000cc74    00000088     ST7735.o (.text._ZL13setAddrWindowhhhh)
                  0000ccfc    00000004     libc.a : pre_init.c.obj (.text._system_pre_init)
                  0000cd00    00000088            : strcmp-armv6m.S.obj (.text:strcmp)
                  0000cd88    00000084     ST7735.o (.text._Z17ST7735_DrawStringttPcs)
                  0000ce0c    00000080     Player.o (.text._ZN6Player16resetCoordinatesEv)
                  0000ce8c    0000007c     LaunchPad.o (.text._Z14LaunchPad_Initv)
                  0000cf08    0000007c     Machine.o (.text._ZN7Machine9printRockEh)
                  0000cf84    0000007c     libc.a : fclose.c.obj (.text.__TI_closefile)
                  0000d000    0000007c            : copy_decompress_lzss.c.obj (.text:decompress:lzss)
                  0000d07c    00000070     ST7735.o (.text._Z16ST7735_DrawPixelsst)
                  0000d0ec    0000006c     libsysbm.a : hostlseek.c.obj (.text.HOSTlseek)
                  0000d158    0000006c                : hostrename.c.obj (.text.HOSTrename)
                  0000d1c4    0000006c     libc.a : getdevice.c.obj (.text.getdevice)
                  0000d230    00000064     Player.o (.text._ZN6Player15getMachineInputE7Machine)
                  0000d294    00000064     libc.a : memory.c.obj (.text.split)
                  0000d2f8    00000060     libsysbm.a : hostopen.c.obj (.text.HOSTopen)
                  0000d358    00000058                : hostread.c.obj (.text.HOSTread)
                  0000d3b0    00000058                : hostwrite.c.obj (.text.HOSTwrite)
                  0000d408    00000058     TExaS.o (.text._Z10TExaS_InitP10ADC12_RegsjPFhvE)
                  0000d460    00000056     libclang_rt.builtins.a : aeabi_idivmod.S.obj (.text.__aeabi_idivmod)
                  0000d4b6    00000002     libc.a : _lock.c.obj (.text._nop)
                  0000d4b8    00000054     SlidePot.o (.text._ZN8SlidePot2InEv)
                  0000d50c    00000054     libc.a : autoinit.c.obj (.text:__TI_auto_init_nobinit)
                  0000d560    00000052     Machine.o (.text._ZN7MachineC2Ehhhhhh)
                  0000d5b2    00000052     libc.a : fflush.c.obj (.text.__TI_doflush)
                  0000d604    00000050     libsysbm.a : close.c.obj (.text.close)
                  0000d654    0000004c     Player.o (.text._ZN6Player8moveLeftEv)
                  0000d6a0    0000004c     Player.o (.text._ZN6Player9moveRightEv)
                  0000d6ec    00000048     libsysbm.a : hostclose.c.obj (.text.HOSTclose)
                  0000d734    00000048                : hostunlink.c.obj (.text.HOSTunlink)
                  0000d77c    00000048     SPI.o (.text._Z14SPI_OutCommandc)
                  0000d7c4    00000040     TExaS.o (.text.TIMG7_IRQHandler)
                  0000d804    00000040     SPI.o (.text._Z9SPI_Resetv)
                  0000d844    00000040     libclang_rt.builtins.a : aeabi_uidivmod.S.obj (.text.__aeabi_uidivmod)
                  0000d884    00000040     libc.a : fopen.c.obj (.text._search_fp)
                  0000d8c4    0000003c     Lab9HMain.o (.text.TIMG12_IRQHandler)
                  0000d900    0000003c     Sound.o (.text._Z10Sound_Initv)
                  0000d93c    00000038     SPI.o (.text._Z11SPI_OutDatac)
                  0000d974    00000038     LaunchPad.o (.text._Z15ActivatePortA_Bv)
                  0000d9ac    00000034     ST7735.o (.text._Z12ST7735_writeiPKcj)
                  0000d9e0    00000034     Clock.o (.text._Z14Clock_Delay1msj)
                  0000da14    00000034     ST7735.o (.text._Z16ST7735_SetCursorjj)
                  0000da48    00000034     libc.a : fopen.c.obj (.text.__TI_cleanup)
                  0000da7c    00000034     libsysbm.a : trgmsg.c.obj (.text.__TI_readmsg)
                  0000dab0    00000034                : trgmsg.c.obj (.text.__TI_writemsg)
                  0000dae4    00000034     libc.a : exit.c.obj (.text.exit)
                  0000db18    00000034            : getdevice.c.obj (.text.finddevice)
                  0000db4c    00000034            : fopen.c.obj (.text.freopen)
                  0000db80    00000030     ST7735.o (.text._ZL10commonInitPKh)
                  0000dbb0    00000030     libc.a : fopen.c.obj (.text.fopen)
                  0000dbe0    0000002c     ST7735.o (.text._Z17ST7735_FillScreent)
                  0000dc0c    0000002c     libsysbm.a : unlink.c.obj (.text.unlink)
                  0000dc38    00000028     TExaS.o (.text._Z9ADC_StartP10ADC12_Regs)
                  0000dc60    00000028     libc.a : memory.c.obj (.text.free_list_insert)
                  0000dc88    00000028     libsysbm.a : write.c.obj (.text.write)
                  0000dcb0    00000028     libc.a : boot_cortex_m.c.obj (.text:_c_int00_noargs)
                  0000dcd8    00000024     SlidePot.o (.text._ZN8SlidePot4SaveEj)
                  0000dcfc    00000024     Lab9HMain.o (.text.__cxx_global_var_init.2)
                  0000dd20    00000024     Lab9HMain.o (.text.__cxx_global_var_init.3)
                  0000dd44    00000024     Lab9HMain.o (.text.__cxx_global_var_init.4)
                  0000dd68    00000024     Lab9HMain.o (.text.__cxx_global_var_init.5)
                  0000dd8c    00000024     Lab9HMain.o (.text.__cxx_global_var_init.6)
                  0000ddb0    00000020     Lab9HMain.o (.text._GLOBAL__sub_I_Lab9HMain.cpp)
                  0000ddd0    00000020     SlidePot.o (.text._ZN8SlidePot4SyncEv)
                  0000ddf0    0000001e     ST7735.o (.text._ZL9pushColort)
                  0000de0e    00000002     --HOLE-- [fill = 0]
                  0000de10    0000001c     startup_mspm0g3507_ticlang.o (.text.Default_Handler)
                  0000de2c    0000001c     startup_mspm0g3507_ticlang.o (.text.HardFault_Handler)
                  0000de48    0000001c     Switch.o (.text._Z9Switch_Inv)
                  0000de64    0000001c     Player.o (.text._ZN6PlayerC2Ev)
                  0000de80    0000001c     libc.a : memory.c.obj (.text.free_list_remove)
                  0000de9c    00000018     Switch.o (.text._Z11Switch_Initv)
                  0000deb4    00000016     ST7735.o (.text._Z11ST7735_openPKcji)
                  0000deca    00000016     ST7735.o (.text._Z11ST7735_readiPcj)
                  0000dee0    00000016     libc.a : copy_zero_init.c.obj (.text:decompress:ZI:__TI_zero_init_nomemset)
                  0000def6    00000012     Player.o (.text._ZN6Player13setPossessionEh)
                  0000df08    00000012     libc.a : memcpy16.S.obj (.text:TI_memcpy_small)
                  0000df1a    00000012            : copy_decompress_none.c.obj (.text:decompress:none)
                  0000df2c    00000010     Clock.o (.text._Z11Clock_Delayj)
                  0000df3c    00000010     Lab9HMain.o (.text._Z28TExaS_LaunchPadLogicPB27PB26v)
                  0000df4c    00000010     Lab9HMain.o (.text.__cxx_global_var_init.1)
                  0000df5c    00000010     Lab9HMain.o (.text.__cxx_global_var_init)
                  0000df6c    0000000e     libc.a : memory.c.obj (.text.OUTLINED_FUNCTION_0)
                  0000df7a    0000000e     ST7735.o (.text._Z12ST7735_lseekili)
                  0000df88    0000000e     Player.o (.text._ZN6Player7getXPosEv)
                  0000df96    0000000e     Player.o (.text._ZN6Player7getYPosEv)
                  0000dfa4    0000000e     SlidePot.o (.text._ZN8SlidePotC2Ev)
                  0000dfb2    0000000e     libsysbm.a : hostrename.c.obj (.text.strcpy)
                  0000dfc0    0000000e                : hostrename.c.obj (.text.strlen)
                  0000dfce    0000000e     libc.a : memset16.S.obj (.text:TI_memset_small)
                  0000dfdc    0000000c     Clock.o (.text._Z10Clock_Freqv)
                  0000dfe8    0000000c     ST7735.o (.text._Z13ST7735_renamePKcS0_)
                  0000dff4    0000000c     Player.o (.text._ZN6Player7getSizeEv)
                  0000e000    0000000c     SlidePot.o (.text._ZN8SlidePot9DistanceXEv)
                  0000e00c    0000000c     SlidePot.o (.text._ZN8SlidePot9DistanceYEv)
                  0000e018    0000000c     libclang_rt.builtins.a : aeabi_memset.S.obj (.text.__aeabi_memclr)
                  0000e024    0000000c     libc.a : memory.c.obj (.text.malloc)
                  0000e030    0000000a     ST7735.o (.text._Z12ST7735_closei)
                  0000e03a    0000000a     ST7735.o (.text._Z13ST7735_unlinkPKc)
                  0000e044    0000000a     Lab9HMain.o (.text._Z8PLL_Initv)
                  0000e04e    00000002     --HOLE-- [fill = 0]
                  0000e050    00000008     libclang_rt.builtins.a : aeabi_memcpy.S.obj (.text.__aeabi_memcpy)
                  0000e058    00000008     libsysbm.a : remove.c.obj (.text.remove)
                  0000e060    00000004     startup_mspm0g3507_ticlang.o (.text.Reset_Handler)
                  0000e064    00000004     libc.a : exit.c.obj (.text:abort)
                  0000e068    00000008     --HOLE-- [fill = 0]

.cinit     0    0000e070    00000100     
                  0000e070    000000dc     (.cinit..data.load) [load image, compression = lzss]
                  0000e14c    0000000c     (__TI_handler_table)
                  0000e158    00000008     (.cinit..bss.load) [load image, compression = zero_init]
                  0000e160    00000010     (__TI_cinit_table)

.rodata    0    000000c0    0000a4d8     
                  000000c0    00002700     Machine.o (.rodata._ZL9anvilMenu)
                  000027c0    00000f78     Machine.o (.rodata._ZL12anvilWorking)
                  00003738    00000f78     Machine.o (.rodata._ZL14anvilHighlight)
                  000046b0    00000f78     Machine.o (.rodata._ZL5anvil)
                  00005628    00000bb0     Machine.o (.rodata._ZL11workingRock)
                  000061d8    00000bb0     Machine.o (.rodata._ZL13highlightRock)
                  00006d88    00000bb0     Machine.o (.rodata._ZL4rock)
                  00007938    00000992     Lab9HMain.o (.rodata._ZL5miner)
                  000082ca    000004fb     ST7735.o (.rodata._ZL4Font)
                  000087c5    00000001     --HOLE-- [fill = 0]
                  000087c6    00000348     Lab9HMain.o (.rodata._ZL5watch)
                  00008b0e    00000320     Lab9HMain.o (.rodata._ZL5trash)
                  00008e2e    000002d2     Lab9HMain.o (.rodata._ZL5sword)
                  00009100    000002ac     Lab9HMain.o (.rodata._ZL3key)
                  000093ac    000002a0     Lab9HMain.o (.rodata._ZL6shield)
                  0000964c    00000220     Lab9HMain.o (.rodata._ZL4ring)
                  0000986c    0000018c     Lab9HMain.o (.rodata._ZL10rawDiamond)
                  000099f8    0000018c     Lab9HMain.o (.rodata._ZL10rawEmerald)
                  00009b84    0000018c     Lab9HMain.o (.rodata._ZL7rawGold)
                  00009d10    0000018c     Lab9HMain.o (.rodata._ZL7rawRuby)
                  00009e9c    0000018c     Lab9HMain.o (.rodata._ZL9rawSilver)
                  0000a028    0000010e     Lab9HMain.o (.rodata._ZL4gold)
                  0000a136    0000010e     Lab9HMain.o (.rodata._ZL6silver)
                  0000a244    000000d8     Lab9HMain.o (.rodata._ZL4Ruby)
                  0000a31c    000000d8     Lab9HMain.o (.rodata._ZL7Diamond)
                  0000a3f4    000000d8     Lab9HMain.o (.rodata._ZL7Emerald)
                  0000a4cc    0000003b     ST7735.o (.rodata._ZL5Rcmd1)
                  0000a507    0000002b     ST7735.o (.rodata._ZL5Rcmd3)
                  0000a532    00000019     Machine.o (.rodata._ZL7recipes)
                  0000a54b    00000016     ST7735.o (.rodata.str1.145533100666594254441)
                  0000a561    0000000d     ST7735.o (.rodata._ZL10Rcmd2green)
                  0000a56e    0000000d     ST7735.o (.rodata._ZL8Rcmd2red)
                  0000a57b    00000008     ST7735.o (.rodata.str1.74455504091578136031)
                  0000a583    00000007     ST7735.o (.rodata.str1.70397418904557661531)
                  0000a58a    00000007     ST7735.o (.rodata.str1.94386759871288863331)
                  0000a591    00000002     ST7735.o (.rodata.str1.79068154596109554801)
                  0000a593    00000005     --HOLE-- [fill = 0]

.init_array 
*          0    0000a598    00000008     
                  0000a598    00000004     Lab9HMain.o (.init_array)
                  0000a59c    00000004     --HOLE-- [fill = 0]

.data      0    20200000    000002b9     UNINITIALIZED
                  20200000    000000f0     libc.a : defs.c.obj (.data._ftable)
                  202000f0    00000088     Lab9HMain.o (.data.sprites)
                  20200178    00000078     libsysbm.a : host_device.c.obj (.data._device)
                  202001f0    00000050                : host_device.c.obj (.data._stream)
                  20200240    0000000c     Lab9HMain.o (.data.Sensor)
                  2020024c    0000000a     Lab9HMain.o (.data.m_anvil)
                  20200256    0000000a     Lab9HMain.o (.data.m_portal)
                  20200260    0000000a     Lab9HMain.o (.data.m_refiner)
                  2020026a    0000000a     Lab9HMain.o (.data.m_rock)
                  20200274    0000000a     Lab9HMain.o (.data.m_smelter)
                  2020027e    00000002     ST7735.o (.data.StTextColor)
                  20200280    00000008     libc.a : exit.c.obj (.data..L_MergedGlobals)
                  20200288    00000008     Lab9HMain.o (.data.p1)
                  20200290    00000004     Clock.o (.data.BusFreq)
                  20200294    00000004     ST7735.o (.data.StX)
                  20200298    00000004     ST7735.o (.data.StY)
                  2020029c    00000004     libc.a : defs.c.obj (.data.__TI_ft_end)
                  202002a0    00000004            : _lock.c.obj (.data._lock)
                  202002a4    00000004            : _lock.c.obj (.data._unlock)
                  202002a8    00000002     ST7735.o (.data._ZL6_width)
                  202002aa    00000002     ST7735.o (.data._ZL7_height)
                  202002ac    00000001     Machine.o (.data._ZZN7Machine10updateRockEhE10wasWorking)
                  202002ad    00000001     Machine.o (.data._ZZN7Machine11updateAnvilEhE10wasWorking)
                  202002ae    00000001     Machine.o (.data._ZZN7Machine11updateAnvilEhE11anvilLength)
                  202002af    00000001     Machine.o (.data._ZZN7Machine11updateAnvilEhE12menuDebounce)
                  202002b0    00000001     libsysbm.a : add_device.c.obj (.data.add_device.device_init)
                  202002b1    00000001     Lab9HMain.o (.data.input)
                  202002b2    00000001     Machine.o (.data.progH)
                  202002b3    00000001     Machine.o (.data.progW)
                  202002b4    00000001     libc.a : memory.c.obj (.data.memory_is_initialized)
                  202002b5    00000003     --HOLE--
                  202002b8    00000001     libsysbm.a : open.c.obj (.data.open.stream_init)

.sysmem    0    202002c0    00000200     UNINITIALIZED
                  202002c0    00000010     libc.a : memory.c.obj (.sysmem)
                  202002d0    000001f0     --HOLE--

.bss       0    202004c0    000001df     UNINITIALIZED
                  202004c0    00000120     libsysbm.a : trgmsg.c.obj (.bss:_CIOBUF_)
                  202005e0    000000a0     libc.a : defs.c.obj (.bss.__TI_tmpnams)
                  20200680    00000008     libsysbm.a : hostopen.c.obj (.bss.parmbuf)
                  20200688    00000005     Machine.o (.bss._ZZN7Machine11updateAnvilEhE10AnvilItems)
                  2020068d    00000001     ST7735.o (.bss._ZL8ColStart)
                  2020068e    00000001     ST7735.o (.bss._ZL8Rotation)
                  2020068f    00000001     ST7735.o (.bss._ZL8RowStart)
                  20200690    00000004     TExaS.o (.bss.TExaSLogic)
                  20200694    00000004     TExaS.o (.bss.TExaSadc)
                  20200698    00000004     libc.a : memory.c.obj (.bss.sys_free)
                  2020069c    00000001     ST7735.o (.bss._ZL8TabColor)
                  2020069d    00000001     Lab9HMain.o (.bss.buttons)
                  2020069e    00000001     Lab9HMain.o (.bss.menuOpen)

.stack     0    20207e00    00000200     UNINITIALIZED
                  20207e00    00000004     libc.a : boot_cortex_m.c.obj (.stack)
                  20207e04    000001fc     --HOLE--

__llvm_prf_cnts 
*          0    20200000    00000000     UNINITIALIZED

__llvm_prf_bits 
*          0    20200000    00000000     UNINITIALIZED

MODULE SUMMARY

       Module                         code    ro data   rw data
       ------                         ----    -------   -------
    .\
       Machine.o                      2870    30865     11     
       Lab9HMain.o                    1246    9884      209    
       ST7735.o                       3202    1449      18     
       Player.o                       1180    0         0      
       TExaS.o                        720     0         8      
       Clock.o                        516     0         4      
       SPI.o                          440     0         0      
       SlidePot.o                     330     0         0      
       Timer.o                        316     0         0      
       LaunchPad.o                    180     0         0      
       Sound.o                        62      0         0      
       Switch.o                       52      0         0      
    +--+------------------------------+-------+---------+---------+
       Total:                         11114   42198     250    
                                                               
    .\ticlang\
       startup_mspm0g3507_ticlang.o   60      192       0      
    +--+------------------------------+-------+---------+---------+
       Total:                         60      192       0      
                                                               
    C:\ti\ccs2000\ccs\tools\compiler\ti-cgt-armllvm_4.0.1.LTS\lib\armv6m-ti-none-eabi/c/libc.a
       memory.c.obj                   702     0         5      
       fopen.c.obj                    556     0         0      
       defs.c.obj                     0       0         404    
       setvbuf.c.obj                  224     0         0      
       getdevice.c.obj                160     0         0      
       strcmp-armv6m.S.obj            136     0         0      
       copy_decompress_lzss.c.obj     124     0         0      
       fclose.c.obj                   124     0         0      
       autoinit.c.obj                 84      0         0      
       fflush.c.obj                   82      0         0      
       exit.c.obj                     56      0         8      
       boot_cortex_m.c.obj            40      0         0      
       copy_zero_init.c.obj           22      0         0      
       copy_decompress_none.c.obj     18      0         0      
       memcpy16.S.obj                 18      0         0      
       memset16.S.obj                 14      0         0      
       _lock.c.obj                    2       0         8      
       pre_init.c.obj                 4       0         0      
    +--+------------------------------+-------+---------+---------+
       Total:                         2366    0         425    
                                                               
    C:\ti\ccs2000\ccs\tools\compiler\ti-cgt-armllvm_4.0.1.LTS\lib\armv6m-ti-none-eabi/c/libsysbm.a
       trgmsg.c.obj                   104     0         288    
       add_device.c.obj               236     0         1      
       host_device.c.obj              0       0         200    
       open.c.obj                     160     0         1      
       hostrename.c.obj               136     0         0      
       hostlseek.c.obj                108     0         0      
       hostopen.c.obj                 96      0         8      
       hostread.c.obj                 88      0         0      
       hostwrite.c.obj                88      0         0      
       close.c.obj                    80      0         0      
       hostclose.c.obj                72      0         0      
       hostunlink.c.obj               72      0         0      
       unlink.c.obj                   44      0         0      
       write.c.obj                    40      0         0      
       remove.c.obj                   8       0         0      
    +--+------------------------------+-------+---------+---------+
       Total:                         1332    0         498    
                                                               
    C:\ti\ccs2000\ccs\tools\compiler\ti-cgt-armllvm_4.0.1.LTS\lib\armv6m-ti-none-eabi/libclang_rt.builtins.a
       aeabi_idivmod.S.obj            86      0         0      
       aeabi_uidivmod.S.obj           64      0         0      
       aeabi_memset.S.obj             12      0         0      
       aeabi_memcpy.S.obj             8       0         0      
       aeabi_div0.c.obj               2       0         0      
    +--+------------------------------+-------+---------+---------+
       Total:                         172     0         0      
                                                               
       Heap:                          0       0         512    
       Stack:                         0       0         512    
       Linker Generated:              0       256       0      
    +--+------------------------------+-------+---------+---------+
       Grand Total:                   15044   42646     2197   


LINKER GENERATED COPY TABLES

__TI_cinit_table @ 0000e160 records: 2, size/record: 8, table size: 16
	.data: load addr=0000e070, load size=000000dc bytes, run addr=20200000, run size=000002b9 bytes, compression=lzss
	.bss: load addr=0000e158, load size=00000008 bytes, run addr=202004c0, run size=000001df bytes, compression=zero_init


LINKER GENERATED HANDLER TABLE

__TI_handler_table @ 0000e14c records: 3, size/record: 4, table size: 12
	index: 0, handler: __TI_decompress_lzss
	index: 1, handler: __TI_decompress_none
	index: 2, handler: __TI_zero_init


GLOBAL SYMBOLS: SORTED ALPHABETICALLY BY Name 

address   name                                
-------   ----                                
0000de11  ADC0_IRQHandler                     
0000de11  ADC1_IRQHandler                     
0000de11  AES_IRQHandler                      
20200290  BusFreq                             
0000e064  C$$EXIT                             
0000dadd  C$$IO$$                             
0000de11  CANFD0_IRQHandler                   
0000de11  DAC0_IRQHandler                     
0000de11  DMA_IRQHandler                      
0000de11  Default_Handler                     
0000de11  GROUP0_IRQHandler                   
0000de11  GROUP1_IRQHandler                   
0000d6ed  HOSTclose                           
0000d0ed  HOSTlseek                           
0000d2f9  HOSTopen                            
0000d359  HOSTread                            
0000d159  HOSTrename                          
0000d735  HOSTunlink                          
0000d3b1  HOSTwrite                           
0000de2d  HardFault_Handler                   
0000de11  I2C0_IRQHandler                     
0000de11  I2C1_IRQHandler                     
0000de11  NMI_Handler                         
0000de11  PendSV_Handler                      
0000de11  RTC_IRQHandler                      
0000e061  Reset_Handler                       
0000a598  SHT$$INIT_ARRAY$$Base               
0000a59c  SHT$$INIT_ARRAY$$Limit              
0000de11  SPI0_IRQHandler                     
0000de11  SPI1_IRQHandler                     
0000de11  SVC_Handler                         
20200240  Sensor                              
2020027e  StTextColor                         
20200294  StX                                 
20200298  StY                                 
0000c84b  SysTick_Handler                     
20200690  TExaSLogic                          
20200694  TExaSadc                            
0000de11  TIMA0_IRQHandler                    
0000de11  TIMA1_IRQHandler                    
0000de11  TIMG0_IRQHandler                    
0000d8c5  TIMG12_IRQHandler                   
0000de11  TIMG6_IRQHandler                    
0000d7c5  TIMG7_IRQHandler                    
0000de11  TIMG8_IRQHandler                    
0000df09  TI_memcpy_small                     
0000dfcf  TI_memset_small                     
0000de11  UART0_IRQHandler                    
0000de11  UART1_IRQHandler                    
0000de11  UART2_IRQHandler                    
0000de11  UART3_IRQHandler                    
202004c0  _CIOBUF_                            
0000dfdd  _Z10Clock_Freqv                     
0000d901  _Z10Sound_Initv                     
0000d409  _Z10TExaS_InitP10ADC12_RegsjPFhvE   
0000df2d  _Z11Clock_Delayj                    
0000d93d  _Z11SPI_OutDatac                    
0000deb5  _Z11ST7735_openPKcji                
0000decb  _Z11ST7735_readiPcj                 
0000de9d  _Z11Switch_Initv                    
0000ca25  _Z12ST7735_InitR10initRFlags        
0000e031  _Z12ST7735_closei                   
0000df7b  _Z12ST7735_lseekili                 
0000d9ad  _Z12ST7735_writeiPKcj               
0000dfe9  _Z13ST7735_renamePKcS0_             
0000e03b  _Z13ST7735_unlinkPKc                
0000d9e1  _Z14Clock_Delay1msj                 
0000ce8d  _Z14LaunchPad_Initv                 
0000d77d  _Z14SPI_OutCommandc                 
0000c4c9  _Z14ST7735_OutCharc                 
0000c701  _Z14TimerG7_IntArmtjj               
0000d975  _Z15ActivatePortA_Bv                
0000b201  _Z15Clock_Init80MHzi                
0000bc0d  _Z15ST7735_FillRectsssst            
0000cb55  _Z15TimerG12_IntArmjj               
0000b561  _Z16ST7735_DrawCharSsscssh          
0000d07d  _Z16ST7735_DrawPixelsst             
0000da15  _Z16ST7735_SetCursorjj              
0000aff1  _Z17ST7735_DrawBitmapssPKtss        
0000cd89  _Z17ST7735_DrawStringttPcs          
0000dbe1  _Z17ST7735_FillScreent              
0000c8ed  _Z17ST7735_InitPrintfv              
0000c039  _Z18ST7735_SetRotationh             
0000c5a1  _Z20ST7735_DrawFastHLinessst        
0000c651  _Z20ST7735_DrawFastVLinessst        
0000df3d  _Z28TExaS_LaunchPadLogicPB27PB26v   
0000bae5  _Z8ADC_InitP10ADC12_Regsjj          
0000e045  _Z8PLL_Initv                        
0000bf41  _Z8SPI_Initv                        
0000dc39  _Z9ADC_StartP10ADC12_Regs           
0000d805  _Z9SPI_Resetv                       
0000de49  _Z9Switch_Inv                       
0000c219  _Z9UART_Initv                       
0000def7  _ZN6Player13setPossessionEh         
0000cabd  _ZN6Player14checkProximityE7Machine 
0000d231  _ZN6Player15getMachineInputE7Machine
0000ce0d  _ZN6Player16resetCoordinatesEv      
0000be39  _ZN6Player6moveUpEv                 
0000dff5  _ZN6Player7getSizeEv                
0000df89  _ZN6Player7getXPosEv                
0000df97  _ZN6Player7getYPosEv                
0000b9b9  _ZN6Player8moveDownEv               
0000d655  _ZN6Player8moveLeftEv               
0000d6a1  _ZN6Player9moveRightEv              
0000de65  _ZN6PlayerC1Ev                      
0000de65  _ZN6PlayerC2Ev                      
0000c989  _ZN7Machine10printAnvilEh           
0000ad4d  _ZN7Machine10updateRockEh           
0000a5a1  _ZN7Machine11updateAnvilEh          
0000b3b5  _ZN7Machine13computeRecipeEPaa      
0000b701  _ZN7Machine15updateAnvilMenuEPaa    
0000cf09  _ZN7Machine9printRockEh             
0000d561  _ZN7MachineC1Ehhhhhh                
0000d561  _ZN7MachineC2Ehhhhhh                
0000d4b9  _ZN8SlidePot2InEv                   
0000cbe9  _ZN8SlidePot4InitEv                 
0000dcd9  _ZN8SlidePot4SaveEj                 
0000ddd1  _ZN8SlidePot4SyncEv                 
0000e001  _ZN8SlidePot9DistanceXEv            
0000e00d  _ZN8SlidePot9DistanceYEv            
0000dfa5  _ZN8SlidePotC1Ev                    
0000dfa5  _ZN8SlidePotC2Ev                    
202004c0  __CIOBUF_                           
20208000  __STACK_END                         
00000200  __STACK_SIZE                        
00000200  __SYSMEM_SIZE                       
00000000  __TI_ATRegion0_region_sz            
00000000  __TI_ATRegion0_src_addr             
00000000  __TI_ATRegion0_trg_addr             
00000000  __TI_ATRegion1_region_sz            
00000000  __TI_ATRegion1_src_addr             
00000000  __TI_ATRegion1_trg_addr             
00000000  __TI_ATRegion2_region_sz            
00000000  __TI_ATRegion2_src_addr             
00000000  __TI_ATRegion2_trg_addr             
0000e160  __TI_CINIT_Base                     
0000e170  __TI_CINIT_Limit                    
0000e170  __TI_CINIT_Warm                     
0000e14c  __TI_Handler_Table_Base             
0000e158  __TI_Handler_Table_Limit            
0000d50d  __TI_auto_init_nobinit              
0000da49  __TI_cleanup                        
20200280  __TI_cleanup_ptr                    
0000cf85  __TI_closefile                      
0000d001  __TI_decompress_lzss                
0000df1b  __TI_decompress_none                
0000d5b3  __TI_doflush                        
20200284  __TI_dtors_ptr                      
2020029c  __TI_ft_end                         
ffffffff  __TI_pprof_out_hndl                 
ffffffff  __TI_prof_data_size                 
ffffffff  __TI_prof_data_start                
0000da7d  __TI_readmsg                        
00000000  __TI_static_base__                  
202005e0  __TI_tmpnams                        
0000dab1  __TI_writemsg                       
0000dee1  __TI_zero_init_nomemset             
0000d461  __aeabi_idiv                        
0000cb53  __aeabi_idiv0                       
0000d461  __aeabi_idivmod                     
0000e019  __aeabi_memclr                      
0000e019  __aeabi_memclr4                     
0000e019  __aeabi_memclr8                     
0000e051  __aeabi_memcpy                      
0000e051  __aeabi_memcpy4                     
0000e051  __aeabi_memcpy8                     
0000d845  __aeabi_uidiv                       
0000d845  __aeabi_uidivmod                    
ffffffff  __binit__                           
UNDEFED   __mpu_init                          
20207e00  __stack                             
20200000  __start___llvm_prf_bits             
20200000  __start___llvm_prf_cnts             
20200000  __stop___llvm_prf_bits              
20200000  __stop___llvm_prf_cnts              
0000dcb1  _c_int00_noargs                     
20200178  _device                             
20200000  _ftable                             
202002a0  _lock                               
0000d4b7  _nop                                
202001f0  _stream                             
202002c0  _sys_memory                         
UNDEFED   _system_post_cinit                  
0000ccfd  _system_pre_init                    
202002a4  _unlock                             
0000e065  abort                               
0000c12d  add_device                          
0000bd25  aligned_alloc                       
ffffffff  binit                               
2020069d  buttons                             
0000d605  close                               
0000dae5  exit                                
0000db19  finddevice                          
0000dbb1  fopen                               
0000c301  free                                
0000db4d  freopen                             
0000d1c5  getdevice                           
202002b1  input                               
00000000  interruptVectors                    
2020024c  m_anvil                             
20200256  m_portal                            
20200260  m_refiner                           
2020026a  m_rock                              
20200274  m_smelter                           
0000a9b9  main                                
0000e025  malloc                              
0000bd25  memalign                            
2020069e  menuOpen                            
0000c84d  open                                
20200288  p1                                  
20200680  parmbuf                             
202002b2  progH                               
202002b3  progW                               
0000e059  remove                              
0000c3e9  setvbuf                             
202000f0  sprites                             
0000cd01  strcmp                              
0000dc0d  unlink                              
0000dc89  write                               


GLOBAL SYMBOLS: SORTED BY Symbol Address 

address   name                                
-------   ----                                
00000000  __TI_ATRegion0_region_sz            
00000000  __TI_ATRegion0_src_addr             
00000000  __TI_ATRegion0_trg_addr             
00000000  __TI_ATRegion1_region_sz            
00000000  __TI_ATRegion1_src_addr             
00000000  __TI_ATRegion1_trg_addr             
00000000  __TI_ATRegion2_region_sz            
00000000  __TI_ATRegion2_src_addr             
00000000  __TI_ATRegion2_trg_addr             
00000000  __TI_static_base__                  
00000000  interruptVectors                    
00000200  __STACK_SIZE                        
00000200  __SYSMEM_SIZE                       
0000a598  SHT$$INIT_ARRAY$$Base               
0000a59c  SHT$$INIT_ARRAY$$Limit              
0000a5a1  _ZN7Machine11updateAnvilEh          
0000a9b9  main                                
0000ad4d  _ZN7Machine10updateRockEh           
0000aff1  _Z17ST7735_DrawBitmapssPKtss        
0000b201  _Z15Clock_Init80MHzi                
0000b3b5  _ZN7Machine13computeRecipeEPaa      
0000b561  _Z16ST7735_DrawCharSsscssh          
0000b701  _ZN7Machine15updateAnvilMenuEPaa    
0000b9b9  _ZN6Player8moveDownEv               
0000bae5  _Z8ADC_InitP10ADC12_Regsjj          
0000bc0d  _Z15ST7735_FillRectsssst            
0000bd25  aligned_alloc                       
0000bd25  memalign                            
0000be39  _ZN6Player6moveUpEv                 
0000bf41  _Z8SPI_Initv                        
0000c039  _Z18ST7735_SetRotationh             
0000c12d  add_device                          
0000c219  _Z9UART_Initv                       
0000c301  free                                
0000c3e9  setvbuf                             
0000c4c9  _Z14ST7735_OutCharc                 
0000c5a1  _Z20ST7735_DrawFastHLinessst        
0000c651  _Z20ST7735_DrawFastVLinessst        
0000c701  _Z14TimerG7_IntArmtjj               
0000c84b  SysTick_Handler                     
0000c84d  open                                
0000c8ed  _Z17ST7735_InitPrintfv              
0000c989  _ZN7Machine10printAnvilEh           
0000ca25  _Z12ST7735_InitR10initRFlags        
0000cabd  _ZN6Player14checkProximityE7Machine 
0000cb53  __aeabi_idiv0                       
0000cb55  _Z15TimerG12_IntArmjj               
0000cbe9  _ZN8SlidePot4InitEv                 
0000ccfd  _system_pre_init                    
0000cd01  strcmp                              
0000cd89  _Z17ST7735_DrawStringttPcs          
0000ce0d  _ZN6Player16resetCoordinatesEv      
0000ce8d  _Z14LaunchPad_Initv                 
0000cf09  _ZN7Machine9printRockEh             
0000cf85  __TI_closefile                      
0000d001  __TI_decompress_lzss                
0000d07d  _Z16ST7735_DrawPixelsst             
0000d0ed  HOSTlseek                           
0000d159  HOSTrename                          
0000d1c5  getdevice                           
0000d231  _ZN6Player15getMachineInputE7Machine
0000d2f9  HOSTopen                            
0000d359  HOSTread                            
0000d3b1  HOSTwrite                           
0000d409  _Z10TExaS_InitP10ADC12_RegsjPFhvE   
0000d461  __aeabi_idiv                        
0000d461  __aeabi_idivmod                     
0000d4b7  _nop                                
0000d4b9  _ZN8SlidePot2InEv                   
0000d50d  __TI_auto_init_nobinit              
0000d561  _ZN7MachineC1Ehhhhhh                
0000d561  _ZN7MachineC2Ehhhhhh                
0000d5b3  __TI_doflush                        
0000d605  close                               
0000d655  _ZN6Player8moveLeftEv               
0000d6a1  _ZN6Player9moveRightEv              
0000d6ed  HOSTclose                           
0000d735  HOSTunlink                          
0000d77d  _Z14SPI_OutCommandc                 
0000d7c5  TIMG7_IRQHandler                    
0000d805  _Z9SPI_Resetv                       
0000d845  __aeabi_uidiv                       
0000d845  __aeabi_uidivmod                    
0000d8c5  TIMG12_IRQHandler                   
0000d901  _Z10Sound_Initv                     
0000d93d  _Z11SPI_OutDatac                    
0000d975  _Z15ActivatePortA_Bv                
0000d9ad  _Z12ST7735_writeiPKcj               
0000d9e1  _Z14Clock_Delay1msj                 
0000da15  _Z16ST7735_SetCursorjj              
0000da49  __TI_cleanup                        
0000da7d  __TI_readmsg                        
0000dab1  __TI_writemsg                       
0000dadd  C$$IO$$                             
0000dae5  exit                                
0000db19  finddevice                          
0000db4d  freopen                             
0000dbb1  fopen                               
0000dbe1  _Z17ST7735_FillScreent              
0000dc0d  unlink                              
0000dc39  _Z9ADC_StartP10ADC12_Regs           
0000dc89  write                               
0000dcb1  _c_int00_noargs                     
0000dcd9  _ZN8SlidePot4SaveEj                 
0000ddd1  _ZN8SlidePot4SyncEv                 
0000de11  ADC0_IRQHandler                     
0000de11  ADC1_IRQHandler                     
0000de11  AES_IRQHandler                      
0000de11  CANFD0_IRQHandler                   
0000de11  DAC0_IRQHandler                     
0000de11  DMA_IRQHandler                      
0000de11  Default_Handler                     
0000de11  GROUP0_IRQHandler                   
0000de11  GROUP1_IRQHandler                   
0000de11  I2C0_IRQHandler                     
0000de11  I2C1_IRQHandler                     
0000de11  NMI_Handler                         
0000de11  PendSV_Handler                      
0000de11  RTC_IRQHandler                      
0000de11  SPI0_IRQHandler                     
0000de11  SPI1_IRQHandler                     
0000de11  SVC_Handler                         
0000de11  TIMA0_IRQHandler                    
0000de11  TIMA1_IRQHandler                    
0000de11  TIMG0_IRQHandler                    
0000de11  TIMG6_IRQHandler                    
0000de11  TIMG8_IRQHandler                    
0000de11  UART0_IRQHandler                    
0000de11  UART1_IRQHandler                    
0000de11  UART2_IRQHandler                    
0000de11  UART3_IRQHandler                    
0000de2d  HardFault_Handler                   
0000de49  _Z9Switch_Inv                       
0000de65  _ZN6PlayerC1Ev                      
0000de65  _ZN6PlayerC2Ev                      
0000de9d  _Z11Switch_Initv                    
0000deb5  _Z11ST7735_openPKcji                
0000decb  _Z11ST7735_readiPcj                 
0000dee1  __TI_zero_init_nomemset             
0000def7  _ZN6Player13setPossessionEh         
0000df09  TI_memcpy_small                     
0000df1b  __TI_decompress_none                
0000df2d  _Z11Clock_Delayj                    
0000df3d  _Z28TExaS_LaunchPadLogicPB27PB26v   
0000df7b  _Z12ST7735_lseekili                 
0000df89  _ZN6Player7getXPosEv                
0000df97  _ZN6Player7getYPosEv                
0000dfa5  _ZN8SlidePotC1Ev                    
0000dfa5  _ZN8SlidePotC2Ev                    
0000dfcf  TI_memset_small                     
0000dfdd  _Z10Clock_Freqv                     
0000dfe9  _Z13ST7735_renamePKcS0_             
0000dff5  _ZN6Player7getSizeEv                
0000e001  _ZN8SlidePot9DistanceXEv            
0000e00d  _ZN8SlidePot9DistanceYEv            
0000e019  __aeabi_memclr                      
0000e019  __aeabi_memclr4                     
0000e019  __aeabi_memclr8                     
0000e025  malloc                              
0000e031  _Z12ST7735_closei                   
0000e03b  _Z13ST7735_unlinkPKc                
0000e045  _Z8PLL_Initv                        
0000e051  __aeabi_memcpy                      
0000e051  __aeabi_memcpy4                     
0000e051  __aeabi_memcpy8                     
0000e059  remove                              
0000e061  Reset_Handler                       
0000e064  C$$EXIT                             
0000e065  abort                               
0000e14c  __TI_Handler_Table_Base             
0000e158  __TI_Handler_Table_Limit            
0000e160  __TI_CINIT_Base                     
0000e170  __TI_CINIT_Limit                    
0000e170  __TI_CINIT_Warm                     
20200000  __start___llvm_prf_bits             
20200000  __start___llvm_prf_cnts             
20200000  __stop___llvm_prf_bits              
20200000  __stop___llvm_prf_cnts              
20200000  _ftable                             
202000f0  sprites                             
20200178  _device                             
202001f0  _stream                             
20200240  Sensor                              
2020024c  m_anvil                             
20200256  m_portal                            
20200260  m_refiner                           
2020026a  m_rock                              
20200274  m_smelter                           
2020027e  StTextColor                         
20200280  __TI_cleanup_ptr                    
20200284  __TI_dtors_ptr                      
20200288  p1                                  
20200290  BusFreq                             
20200294  StX                                 
20200298  StY                                 
2020029c  __TI_ft_end                         
202002a0  _lock                               
202002a4  _unlock                             
202002b1  input                               
202002b2  progH                               
202002b3  progW                               
202002c0  _sys_memory                         
202004c0  _CIOBUF_                            
202004c0  __CIOBUF_                           
202005e0  __TI_tmpnams                        
20200680  parmbuf                             
20200690  TExaSLogic                          
20200694  TExaSadc                            
2020069d  buttons                             
2020069e  menuOpen                            
20207e00  __stack                             
20208000  __STACK_END                         
ffffffff  __TI_pprof_out_hndl                 
ffffffff  __TI_prof_data_size                 
ffffffff  __TI_prof_data_start                
ffffffff  __binit__                           
ffffffff  binit                               
UNDEFED   __mpu_init                          
UNDEFED   _system_post_cinit                  

[219 symbols]
