******************************************************************************
            TI ARM Clang Linker PC v4.0.1                      
******************************************************************************
>> Linked Wed Apr 23 18:40:57 2025

OUTPUT FILE NAME:   <MadMines.out>
ENTRY POINT SYMBOL: "_c_int00_noargs"  address: 0001eb01


MEMORY CONFIGURATION

         name            origin    length      used     unused   attr    fill
----------------------  --------  ---------  --------  --------  ----  --------
  FLASH                 00000000   00020000  0001f990  00000670  R  X
  SRAM                  20200000   00008000  00002640  000059c0  RW X
  BCR_CONFIG            41c00000   00000080  00000000  00000080  R   
  BSL_CONFIG            41c00100   00000080  00000000  00000080  R   


SEGMENT ALLOCATION MAP

run origin  load origin   length   init length attrs members
----------  ----------- ---------- ----------- ----- -------
00000000    00000000    0001f990   0001f990    r-x
  00000000    00000000    000000c0   000000c0    r-- .intvecs
  000000c0    000000c0    00017ed0   00017ed0    r-- .rodata
  00017f90    00017f90    00007110   00007110    r-x .text
  0001f0a0    0001f0a0    00000008   00000008    r-- .init_array
  0001f0a8    0001f0a8    000008e8   000008e8    r-- .cinit
20200000    20200000    00002448   00000000    rw-
  20200000    20200000    0000203d   00000000    rw- .data
  20202040    20202040    00000203   00000000    rw- .bss
  20202248    20202248    00000200   00000000    rw- .sysmem
20207e00    20207e00    00000200   00000000    rw-
  20207e00    20207e00    00000200   00000000    rw- .stack


SECTION ALLOCATION MAP

 output                                  attributes/
section   page    origin      length       input sections
--------  ----  ----------  ----------   ----------------
.intvecs   0    00000000    000000c0     
                  00000000    000000c0     startup_mspm0g3507_ticlang.o (.intvecs)

.binit     0    00000000    00000000     

.text      0    00017f90    00007110     
                  00017f90    00000eb8     Lab9HMain.o (.text.main)
                  00018e48    00000528     Machine.o (.text._ZN7Machine10updateCartEh)
                  00019370    000004dc     Machine.o (.text._ZN7Machine11updateAnvilEh)
                  0001984c    00000448     Machine.o (.text._ZN7Machine10updateRockEh)
                  00019c94    000003f0     Lab9HMain.o (.text._Z17setUpInstructionsh)
                  0001a084    0000038c     Machine.o (.text._ZN7Machine14updateCountersEhPS_)
                  0001a410    00000340     Machine.o (.text._ZN7Machine13updateSmelterEh)
                  0001a750    000002b8     Machine.o (.text._ZN7Machine10printAnvilEv)
                  0001aa08    000002b0     Machine.o (.text._ZN7Machine13printCountersEPS_)
                  0001acb8    00000244     Player.o (.text._ZN6Player8inBoundsEssPP7Machinehh)
                  0001aefc    00000210     ST7735.o (.text._Z17ST7735_DrawBitmapssPKtss)
                  0001b10c    000001d8     Machine.o (.text._ZN7Machine9printCartEv)
                  0001b2e4    000001b8     Machine.o (.text._ZN7Machine12printSmelterEv)
                  0001b49c    000001b4     Clock.o (.text._Z15Clock_Init80MHzi)
                  0001b650    000001a4     ST7735.o (.text._Z15ST7735_DrawCharsscssh)
                  0001b7f4    000001a0     ST7735.o (.text._Z16ST7735_DrawCharSsscssh)
                  0001b994    00000198     Machine.o (.text._ZN7Machine13computeRecipeEPaa)
                  0001bb2c    0000017c     Machine.o (.text._ZN7Machine9printRockEv)
                  0001bca8    00000170     Machine.o (.text._ZN7Machine13cartSendErrorEhh)
                  0001be18    00000160     Machine.o (.text._ZN7Machine15updateAnvilMenuEPaa)
                  0001bf78    00000154     libc.a : fopen.c.obj (.text._openfile)
                  0001c0cc    00000128     TExaS.o (.text._Z8ADC_InitP10ADC12_Regsjj)
                  0001c1f4    00000118     ST7735.o (.text._Z15ST7735_FillRectsssst)
                  0001c30c    00000114     libc.a : memory.c.obj (.text.aligned_alloc)
                  0001c420    000000f8     SPI.o (.text._Z8SPI_Initv)
                  0001c518    000000f4     ST7735.o (.text._Z18ST7735_SetRotationh)
                  0001c60c    000000ec     libsysbm.a : add_device.c.obj (.text.add_device)
                  0001c6f8    000000e8     TExaS.o (.text._Z9UART_Initv)
                  0001c7e0    000000e8     libc.a : memory.c.obj (.text.free)
                  0001c8c8    000000e0            : setvbuf.c.obj (.text.setvbuf)
                  0001c9a8    000000dc     UART2.o (.text._Z10UART2_Initv)
                  0001ca84    000000d8     ST7735.o (.text._Z14ST7735_OutCharc)
                  0001cb5c    000000cc     Lab9HMain.o (.text._Z10printScoreshhh)
                  0001cc28    000000b0     ST7735.o (.text._Z20ST7735_DrawFastHLinessst)
                  0001ccd8    000000b0     ST7735.o (.text._Z20ST7735_DrawFastVLinessst)
                  0001cd88    000000a8     Timer.o (.text._Z14TimerG7_IntArmtjj)
                  0001ce30    000000a2     ST7735.o (.text._ZL11commandListPKh)
                  0001ced2    00000002     libclang_rt.builtins.a : aeabi_div0.c.obj (.text.__aeabi_idiv0)
                  0001ced4    000000a0     libsysbm.a : open.c.obj (.text.open)
                  0001cf74    0000009c     ST7735.o (.text._Z17ST7735_InitPrintfv)
                  0001d010    0000009c     Player.o (.text._ZN6Player14checkProximityE7Machine)
                  0001d0ac    00000098     ST7735.o (.text._Z12ST7735_InitR10initRFlags)
                  0001d144    00000098     Player.o (.text._ZN6Player16resetCoordinatesEPsS0_)
                  0001d1dc    00000094     Timer.o (.text._Z15TimerG12_IntArmjj)
                  0001d270    00000090     Sound.o (.text._Z11Sound_Starth)
                  0001d300    0000008c     ST7735.o (.text._Z17ST7735_DrawStringttPcs)
                  0001d38c    0000008c     Machine.o (.text._ZN7MachineC2Ehhhhhhhhhh)
                  0001d418    0000008c     SlidePot.o (.text._ZN8SlidePot4InitEv)
                  0001d4a4    00000088     ST7735.o (.text._ZL13setAddrWindowhhhh)
                  0001d52c    00000004     libc.a : pre_init.c.obj (.text._system_pre_init)
                  0001d530    00000088            : strcmp-armv6m.S.obj (.text:strcmp)
                  0001d5b8    00000084     Machine.o (.text._ZN7MachineC2Ehhhhhhhhh)
                  0001d63c    0000007c     LaunchPad.o (.text._Z14LaunchPad_Initv)
                  0001d6b8    0000007c     libc.a : fclose.c.obj (.text.__TI_closefile)
                  0001d734    0000007c            : copy_decompress_lzss.c.obj (.text:decompress:lzss)
                  0001d7b0    00000074     UART2.o (.text.UART2_IRQHandler)
                  0001d824    00000074     IRxmt.o (.text._Z13IRxmt_SendBiti)
                  0001d898    00000070     ST7735.o (.text._Z16ST7735_DrawPixelsst)
                  0001d908    0000006e     Player.o (.text._ZN6Player15getMachineInputE7Machine)
                  0001d976    00000002     libc.a : _lock.c.obj (.text._nop)
                  0001d978    0000006c     libsysbm.a : hostlseek.c.obj (.text.HOSTlseek)
                  0001d9e4    0000006c                : hostrename.c.obj (.text.HOSTrename)
                  0001da50    0000006c     Lab9HMain.o (.text._GLOBAL__sub_I_Lab9HMain.cpp)
                  0001dabc    0000006c     libc.a : getdevice.c.obj (.text.getdevice)
                  0001db28    00000064     Machine.o (.text._ZN7MachineC2Ehhhhhh)
                  0001db8c    00000064     libc.a : memory.c.obj (.text.split)
                  0001dbf0    00000060     libsysbm.a : hostopen.c.obj (.text.HOSTopen)
                  0001dc50    00000058                : hostread.c.obj (.text.HOSTread)
                  0001dca8    00000058                : hostwrite.c.obj (.text.HOSTwrite)
                  0001dd00    00000058     Sound.o (.text.SysTick_Handler)
                  0001dd58    00000058     TExaS.o (.text._Z10TExaS_InitP10ADC12_RegsjPFhvE)
                  0001ddb0    00000056     libclang_rt.builtins.a : aeabi_idivmod.S.obj (.text.__aeabi_idivmod)
                  0001de06    00000002     --HOLE-- [fill = 0]
                  0001de08    00000054     Player.o (.text._ZN6Player14printPosessionEh)
                  0001de5c    00000054     Player.o (.text._ZN6Player8moveLeftEv)
                  0001deb0    00000054     Player.o (.text._ZN6Player9moveRightEv)
                  0001df04    00000054     SlidePot.o (.text._ZN8SlidePot2InEv)
                  0001df58    00000054     libc.a : autoinit.c.obj (.text:__TI_auto_init_nobinit)
                  0001dfac    00000052     Player.o (.text._ZN6Player8moveDownEv)
                  0001dffe    00000052     libc.a : fflush.c.obj (.text.__TI_doflush)
                  0001e050    00000050     Lab9HMain.o (.text.__cxx_global_var_init.14)
                  0001e0a0    00000050     libsysbm.a : close.c.obj (.text.close)
                  0001e0f0    0000004c     FIFO2.o (.text._ZN5Queue3GetEPc)
                  0001e13c    0000004c     FIFO2.o (.text._ZN5Queue3PutEc)
                  0001e188    00000048     libsysbm.a : hostclose.c.obj (.text.HOSTclose)
                  0001e1d0    00000048                : hostunlink.c.obj (.text.HOSTunlink)
                  0001e218    00000048     IRxmt.o (.text._Z13IRxmt_OutCharc)
                  0001e260    00000048     SPI.o (.text._Z14SPI_OutCommandc)
                  0001e2a8    00000040     TExaS.o (.text.TIMG7_IRQHandler)
                  0001e2e8    00000040     Sound.o (.text._Z10Sound_Initv)
                  0001e328    00000040     SPI.o (.text._Z9SPI_Resetv)
                  0001e368    00000040     libclang_rt.builtins.a : aeabi_uidivmod.S.obj (.text.__aeabi_uidivmod)
                  0001e3a8    00000040     Lab9HMain.o (.text.__cxx_global_var_init.26)
                  0001e3e8    00000040     libc.a : fopen.c.obj (.text._search_fp)
                  0001e428    0000003c     Lab9HMain.o (.text.TIMG12_IRQHandler)
                  0001e464    0000003c     DAC5.o (.text._Z9DAC5_Initv)
                  0001e4a0    0000003c     Player.o (.text._ZN6Player6moveUpEv)
                  0001e4dc    00000038     SPI.o (.text._Z11SPI_OutDatac)
                  0001e514    00000038     LaunchPad.o (.text._Z15ActivatePortA_Bv)
                  0001e54c    00000034     ST7735.o (.text._Z12ST7735_writeiPKcj)
                  0001e580    00000034     Clock.o (.text._Z14Clock_Delay1msj)
                  0001e5b4    00000034     ST7735.o (.text._Z16ST7735_SetCursorjj)
                  0001e5e8    00000034     libc.a : fopen.c.obj (.text.__TI_cleanup)
                  0001e61c    00000034     libsysbm.a : trgmsg.c.obj (.text.__TI_readmsg)
                  0001e650    00000034                : trgmsg.c.obj (.text.__TI_writemsg)
                  0001e684    00000034     libc.a : exit.c.obj (.text.exit)
                  0001e6b8    00000034            : getdevice.c.obj (.text.finddevice)
                  0001e6ec    00000034            : fopen.c.obj (.text.freopen)
                  0001e720    00000030     ST7735.o (.text._ZL10commonInitPKh)
                  0001e750    00000030     Player.o (.text._ZN6Player14translateRightEv)
                  0001e780    00000030     Lab9HMain.o (.text.__cxx_global_var_init.11)
                  0001e7b0    00000030     Lab9HMain.o (.text.__cxx_global_var_init.12)
                  0001e7e0    00000030     Lab9HMain.o (.text.__cxx_global_var_init.13)
                  0001e810    00000030     Lab9HMain.o (.text.__cxx_global_var_init.17)
                  0001e840    00000030     Lab9HMain.o (.text.__cxx_global_var_init.23)
                  0001e870    00000030     Lab9HMain.o (.text.__cxx_global_var_init.24)
                  0001e8a0    00000030     Lab9HMain.o (.text.__cxx_global_var_init.25)
                  0001e8d0    00000030     Lab9HMain.o (.text.__cxx_global_var_init.6)
                  0001e900    00000030     libc.a : fopen.c.obj (.text.fopen)
                  0001e930    0000002c     UART2.o (.text._Z12UART2_InCharv)
                  0001e95c    0000002c     ST7735.o (.text._Z17ST7735_FillScreent)
                  0001e988    0000002c     Player.o (.text._ZN6Player13translateDownEv)
                  0001e9b4    0000002c     Player.o (.text._ZN6Player13translateLeftEv)
                  0001e9e0    0000002c     Lab9HMain.o (.text.__cxx_global_var_init.10)
                  0001ea0c    0000002c     libsysbm.a : unlink.c.obj (.text.unlink)
                  0001ea38    00000028     IRxmt.o (.text._Z10IRxmt_Initv)
                  0001ea60    00000028     TExaS.o (.text._Z9ADC_StartP10ADC12_Regs)
                  0001ea88    00000028     Lab9HMain.o (.text.__cxx_global_var_init.5)
                  0001eab0    00000028     libc.a : memory.c.obj (.text.free_list_insert)
                  0001ead8    00000028     libsysbm.a : write.c.obj (.text.write)
                  0001eb00    00000028     libc.a : boot_cortex_m.c.obj (.text:_c_int00_noargs)
                  0001eb28    00000026     ST7735.o (.text._Z16ST7735_OutStringPc)
                  0001eb4e    00000002     --HOLE-- [fill = 0]
                  0001eb50    00000024     SlidePot.o (.text._ZN8SlidePot4SaveEj)
                  0001eb74    00000024     Lab9HMain.o (.text.__cxx_global_var_init.16)
                  0001eb98    00000024     Lab9HMain.o (.text.__cxx_global_var_init.18)
                  0001ebbc    00000024     Lab9HMain.o (.text.__cxx_global_var_init.19)
                  0001ebe0    00000024     Lab9HMain.o (.text.__cxx_global_var_init.20)
                  0001ec04    00000024     Lab9HMain.o (.text.__cxx_global_var_init.21)
                  0001ec28    00000024     Lab9HMain.o (.text.__cxx_global_var_init.22)
                  0001ec4c    00000024     Lab9HMain.o (.text.__cxx_global_var_init.3)
                  0001ec70    00000024     Lab9HMain.o (.text.__cxx_global_var_init.4)
                  0001ec94    00000024     Lab9HMain.o (.text.__cxx_global_var_init.7)
                  0001ecb8    00000024     Lab9HMain.o (.text.__cxx_global_var_init.9)
                  0001ecdc    00000022     FIFO2.o (.text._ZN5Queue6IsFullEv)
                  0001ecfe    00000002     --HOLE-- [fill = 0]
                  0001ed00    00000020     DAC5.o (.text._Z8DAC5_Outj)
                  0001ed20    00000020     SlidePot.o (.text._ZN8SlidePot4SyncEv)
                  0001ed40    00000020     Lab9HMain.o (.text.__cxx_global_var_init.15)
                  0001ed60    00000020     Lab9HMain.o (.text.__cxx_global_var_init.8)
                  0001ed80    0000001e     ST7735.o (.text._ZL9pushColort)
                  0001ed9e    00000002     --HOLE-- [fill = 0]
                  0001eda0    0000001c     startup_mspm0g3507_ticlang.o (.text.Default_Handler)
                  0001edbc    0000001c     startup_mspm0g3507_ticlang.o (.text.HardFault_Handler)
                  0001edd8    0000001c     Switch.o (.text._Z9Switch_Inv)
                  0001edf4    0000001c     Player.o (.text._ZN6PlayerC2Ev)
                  0001ee10    0000001c     libc.a : memory.c.obj (.text.free_list_remove)
                  0001ee2c    00000018     Switch.o (.text._Z11Switch_Initv)
                  0001ee44    00000016     ST7735.o (.text._Z11ST7735_openPKcji)
                  0001ee5a    00000016     ST7735.o (.text._Z11ST7735_readiPcj)
                  0001ee70    00000016     libc.a : copy_zero_init.c.obj (.text:decompress:ZI:__TI_zero_init_nomemset)
                  0001ee86    00000014     FIFO2.o (.text._ZN5Queue7IsEmptyEv)
                  0001ee9a    00000012     Player.o (.text._ZN6Player13setPossessionEh)
                  0001eeac    00000012     Player.o (.text._ZN6Player7setXPosEs)
                  0001eebe    00000012     Player.o (.text._ZN6Player7setYPosEs)
                  0001eed0    00000012     Machine.o (.text._ZN7Machine11setRockTypeEh)
                  0001eee2    00000012     libc.a : memcpy16.S.obj (.text:TI_memcpy_small)
                  0001eef4    00000012            : copy_decompress_none.c.obj (.text:decompress:none)
                  0001ef06    00000010     Clock.o (.text._Z11Clock_Delayj)
                  0001ef16    00000002     --HOLE-- [fill = 0]
                  0001ef18    00000010     UART2.o (.text._Z12UART2_Enablev)
                  0001ef28    00000010     UART2.o (.text._Z13UART2_Disablev)
                  0001ef38    00000010     Lab9HMain.o (.text._Z28TExaS_LaunchPadLogicPB27PB26v)
                  0001ef48    00000010     FIFO2.o (.text._ZN5QueueC2Ev)
                  0001ef58    00000010     Lab9HMain.o (.text.__cxx_global_var_init.2)
                  0001ef68    00000010     Lab9HMain.o (.text.__cxx_global_var_init)
                  0001ef78    00000010     UART2.o (.text.__cxx_global_var_init)
                  0001ef88    0000000e     libc.a : memory.c.obj (.text.OUTLINED_FUNCTION_0)
                  0001ef96    0000000e     ST7735.o (.text._Z12ST7735_lseekili)
                  0001efa4    0000000e     Player.o (.text._ZN6Player7getXPosEv)
                  0001efb2    0000000e     Player.o (.text._ZN6Player7getYPosEv)
                  0001efc0    0000000e     SlidePot.o (.text._ZN8SlidePotC2Ev)
                  0001efce    0000000e     libsysbm.a : hostrename.c.obj (.text.strcpy)
                  0001efdc    0000000e                : hostrename.c.obj (.text.strlen)
                  0001efea    0000000e     libc.a : memset16.S.obj (.text:TI_memset_small)
                  0001eff8    0000000c     Clock.o (.text._Z10Clock_Freqv)
                  0001f004    0000000c     ST7735.o (.text._Z13ST7735_renamePKcS0_)
                  0001f010    0000000c     IRxmt.o (.text._Z5Delayj)
                  0001f01c    0000000c     Player.o (.text._ZN6Player7getSizeEv)
                  0001f028    0000000c     SlidePot.o (.text._ZN8SlidePot9DistanceXEv)
                  0001f034    0000000c     SlidePot.o (.text._ZN8SlidePot9DistanceYEv)
                  0001f040    0000000c     libclang_rt.builtins.a : aeabi_memset.S.obj (.text.__aeabi_memclr)
                  0001f04c    0000000c     libc.a : memory.c.obj (.text.malloc)
                  0001f058    0000000a     Sound.o (.text._Z11Sound_Clangv)
                  0001f062    0000000a     ST7735.o (.text._Z12ST7735_closei)
                  0001f06c    0000000a     ST7735.o (.text._Z13ST7735_unlinkPKc)
                  0001f076    0000000a     Lab9HMain.o (.text._Z8PLL_Initv)
                  0001f080    00000008     UART2.o (.text._GLOBAL__sub_I_UART2.cpp)
                  0001f088    00000008     libclang_rt.builtins.a : aeabi_memcpy.S.obj (.text.__aeabi_memcpy)
                  0001f090    00000008     libsysbm.a : remove.c.obj (.text.remove)
                  0001f098    00000004     startup_mspm0g3507_ticlang.o (.text.Reset_Handler)
                  0001f09c    00000004     libc.a : exit.c.obj (.text:abort)

.cinit     0    0001f0a8    000008e8     
                  0001f0a8    000008bf     (.cinit..data.load) [load image, compression = lzss]
                  0001f967    00000001     --HOLE-- [fill = 0]
                  0001f968    0000000c     (__TI_handler_table)
                  0001f974    00000008     (.cinit..bss.load) [load image, compression = zero_init]
                  0001f97c    00000010     (__TI_cinit_table)
                  0001f98c    00000004     --HOLE-- [fill = 0]

.rodata    0    000000c0    00017ed0     
                  000000c0    00002800     Machine.o (.rodata._ZL4todo)
                  000028c0    00002700     Machine.o (.rodata._ZL9anvilMenu)
                  00004fc0    00001ba8     Sound.o (.rodata._ZL7correct)
                  00006b68    00001008     Machine.o (.rodata._ZL11smelterFail)
                  00007b70    00001008     Machine.o (.rodata._ZL14smelterWorking)
                  00008b78    00001008     Machine.o (.rodata._ZL16smelterHighlight)
                  00009b80    00001008     Machine.o (.rodata._ZL20smelterFailHighlight)
                  0000ab88    00001008     Machine.o (.rodata._ZL7smelter)
                  0000bb90    00000f83     Sound.o (.rodata._ZL5wrong)
                  0000cb13    00000001     --HOLE-- [fill = 0]
                  0000cb14    00000f78     Machine.o (.rodata._ZL12anvilWorking)
                  0000da8c    00000f78     Machine.o (.rodata._ZL14anvilHighlight)
                  0000ea04    00000f78     Machine.o (.rodata._ZL5anvil)
                  0000f97c    00000f74     Machine.o (.rodata._ZL13cartHighlight)
                  000108f0    00000f74     Machine.o (.rodata._ZL4cart)
                  00011864    00000738     Machine.o (.rodata._ZL13rockWorking_b)
                  00011f9c    00000738     Machine.o (.rodata._ZL15rockHighlight_b)
                  000126d4    00000738     Machine.o (.rodata._ZL22rockWorkingHighlight_b)
                  00012e0c    00000738     Machine.o (.rodata._ZL6rock_b)
                  00013544    000006e0     Machine.o (.rodata._ZL6ladder)
                  00013c24    00000548     Lab9HMain.o (.rodata._ZL5miner)
                  0001416c    00000540     Machine.o (.rodata._ZL7counter)
                  000146ac    000004fb     ST7735.o (.rodata._ZL4Font)
                  00014ba7    00000001     --HOLE-- [fill = 0]
                  00014ba8    00000348     Machine.o (.rodata._ZL5watch)
                  00014ef0    00000320     Machine.o (.rodata._ZL4boot)
                  00015210    000002d2     Machine.o (.rodata._ZL5sword)
                  000154e2    000002ac     Machine.o (.rodata._ZL3key)
                  0001578e    000002a0     Machine.o (.rodata._ZL6shield)
                  00015a2e    00000220     Machine.o (.rodata._ZL4ring)
                  00015c4e    000001ee     Machine.o (.rodata._ZL6turnip)
                  00015e3c    0000018c     Machine.o (.rodata._ZL10rawDiamond)
                  00015fc8    0000018c     Machine.o (.rodata._ZL10rawEmerald)
                  00016154    0000018c     Machine.o (.rodata._ZL7rawGold)
                  000162e0    0000018c     Machine.o (.rodata._ZL7rawRuby)
                  0001646c    0000018c     Machine.o (.rodata._ZL9rawSilver)
                  000165f8    00000168     Machine.o (.rodata._ZL13rockWorking_m)
                  00016760    00000168     Machine.o (.rodata._ZL15rockHighlight_m)
                  000168c8    00000168     Machine.o (.rodata._ZL22rockWorkingHighlight_m)
                  00016a30    00000168     Machine.o (.rodata._ZL6rock_m)
                  00016b98    0000010e     Machine.o (.rodata._ZL4gold)
                  00016ca6    0000010e     Machine.o (.rodata._ZL6silver)
                  00016db4    0000010a     Machine.o (.rodata._ZL13rockWorking_t)
                  00016ebe    0000010a     Machine.o (.rodata._ZL15rockHighlight_t)
                  00016fc8    0000010a     Machine.o (.rodata._ZL22rockWorkingHighlight_t)
                  000170d2    0000010a     Machine.o (.rodata._ZL6rock_t)
                  000171dc    000000dd     Lab9HMain.o (.rodata._ZL13Page3_Spanish)
                  000172b9    000000d8     Lab9HMain.o (.rodata._ZL13Page2_English)
                  00017391    00000001     --HOLE-- [fill = 0]
                  00017392    000000d8     Lab9HMain.o (.rodata._ZL4Ruby)
                  0001746a    000000d8     Machine.o (.rodata._ZL4Ruby)
                  00017542    000000d8     Lab9HMain.o (.rodata._ZL7Diamond)
                  0001761a    000000d8     Machine.o (.rodata._ZL7Diamond)
                  000176f2    000000d8     Lab9HMain.o (.rodata._ZL7Emerald)
                  000177ca    000000d8     Machine.o (.rodata._ZL7Emerald)
                  000178a2    000000ce     Lab9HMain.o (.rodata._ZL13Page3_English)
                  00017970    000000c9     Lab9HMain.o (.rodata._ZL13Page2_Spanish)
                  00017a39    000000ac     Lab9HMain.o (.rodata._ZL13Page1_English)
                  00017ae5    000000a7     Lab9HMain.o (.rodata._ZL13Page1_Spanish)
                  00017b8c    000000a4     Lab9HMain.o (.rodata._ZL13Page4_English)
                  00017c30    000000a2     Lab9HMain.o (.rodata._ZL13Page4_Spanish)
                  00017cd2    00000096     Lab9HMain.o (.rodata._ZL13Page5_Spanish)
                  00017d68    00000066     Lab9HMain.o (.rodata._ZL13Page5_English)
                  00017dce    0000003b     ST7735.o (.rodata._ZL5Rcmd1)
                  00017e09    0000002b     ST7735.o (.rodata._ZL5Rcmd3)
                  00017e34    0000001f     Lab9HMain.o (.rodata._ZL11Won_Spanish)
                  00017e53    0000001f     Lab9HMain.o (.rodata._ZL12Lost_Spanish)
                  00017e72    0000001f     Lab9HMain.o (.rodata._ZL12Wait_Spanish)
                  00017e91    0000001d     Lab9HMain.o (.rodata._ZL12Lost_English)
                  00017eae    0000001d     Lab9HMain.o (.rodata._ZL12Wait_English)
                  00017ecb    0000001c     Lab9HMain.o (.rodata._ZL11Won_English)
                  00017ee7    00000016     ST7735.o (.rodata.str1.128370289436029622301)
                  00017efd    00000013     Lab9HMain.o (.rodata.str1.173505494541024909531)
                  00017f10    00000010     Lab9HMain.o (.rodata.str1.36435047076059183751)
                  00017f20    0000000f     Machine.o (.rodata._ZL7recipes)
                  00017f2f    0000000d     ST7735.o (.rodata._ZL10Rcmd2green)
                  00017f3c    0000000d     ST7735.o (.rodata._ZL8Rcmd2red)
                  00017f49    00000008     Lab9HMain.o (.rodata._ZL15Goodbye_English)
                  00017f51    00000008     Lab9HMain.o (.rodata._ZL16Language_English)
                  00017f59    00000008     Lab9HMain.o (.rodata._ZL16Language_Spanish)
                  00017f61    00000008     ST7735.o (.rodata.str1.53591972959378542101)
                  00017f69    00000007     Lab9HMain.o (.rodata._ZL13Hello_Spanish)
                  00017f70    00000007     ST7735.o (.rodata.str1.28611865845488554281)
                  00017f77    00000007     ST7735.o (.rodata.str1.63348317913043414121)
                  00017f7e    00000006     Lab9HMain.o (.rodata._ZL13Hello_English)
                  00017f84    00000006     Lab9HMain.o (.rodata._ZL15Goodbye_Spanish)
                  00017f8a    00000002     ST7735.o (.rodata.str1.90642305370257400361)
                  00017f8c    00000004     --HOLE-- [fill = 0]

.init_array 
*          0    0001f0a0    00000008     
                  0001f0a0    00000004     UART2.o (.init_array)
                  0001f0a4    00000004     Lab9HMain.o (.init_array)

.data      0    20200000    0000203d     UNINITIALIZED
                  20200000    00001b44     Sound.o (.data._ZL5clang)
                  20201b44    000000f0     libc.a : defs.c.obj (.data._ftable)
                  20201c34    00000090     Machine.o (.data.sprites)
                  20201cc4    00000078     libsysbm.a : host_device.c.obj (.data._device)
                  20201d3c    00000050                : host_device.c.obj (.data._stream)
                  20201d8c    0000003c     Lab9HMain.o (.data.Counters)
                  20201dc8    00000030     Lab9HMain.o (.data.Phrases)
                  20201df8    0000002d     Lab9HMain.o (.data.Counters2)
                  20201e25    00000003     Machine.o (.data._ZZN7Machine10updateRockEhE8lastOuts)
                  20201e28    00000028     UART2.o (.data.FIFO2)
                  20201e50    00000028     Lab9HMain.o (.data.Instructions)
                  20201e78    00000028     Lab9HMain.o (.data.machineArr2)
                  20201ea0    0000000f     Lab9HMain.o (.data.m_anvil)
                  20201eaf    0000000f     Lab9HMain.o (.data.m_cart1)
                  20201ebe    0000000f     Lab9HMain.o (.data.m_cart2)
                  20201ecd    0000000f     Lab9HMain.o (.data.m_counter1)
                  20201edc    0000000f     Lab9HMain.o (.data.m_counter2)
                  20201eeb    0000000f     Lab9HMain.o (.data.m_counter3)
                  20201efa    0000000f     Lab9HMain.o (.data.m_counter4)
                  20201f09    0000000f     Lab9HMain.o (.data.m_counter5)
                  20201f18    0000000f     Lab9HMain.o (.data.m_counter6)
                  20201f27    0000000f     Lab9HMain.o (.data.m_portal)
                  20201f36    0000000f     Lab9HMain.o (.data.m_refiner)
                  20201f45    0000000f     Lab9HMain.o (.data.m_rock1)
                  20201f54    0000000f     Lab9HMain.o (.data.m_rock1Mid)
                  20201f63    0000000f     Lab9HMain.o (.data.m_rock1Progress)
                  20201f72    0000000f     Lab9HMain.o (.data.m_rock1Top)
                  20201f81    0000000f     Lab9HMain.o (.data.m_rock2)
                  20201f90    0000000f     Lab9HMain.o (.data.m_rock2Mid)
                  20201f9f    0000000f     Lab9HMain.o (.data.m_rock2Top)
                  20201fae    0000000f     Lab9HMain.o (.data.m_smelter)
                  20201fbd    0000000f     Lab9HMain.o (.data.m_smelterProgress)
                  20201fcc    0000000f     Lab9HMain.o (.data.m_todo)
                  20201fdb    0000000f     Lab9HMain.o (.data.m_todoDown)
                  20201fea    00000002     ST7735.o (.data.StTextColor)
                  20201fec    0000000c     Lab9HMain.o (.data.Sensor)
                  20201ff8    00000008     libc.a : exit.c.obj (.data..L_MergedGlobals)
                  20202000    00000008     Lab9HMain.o (.data.p1)
                  20202008    00000004     Clock.o (.data.BusFreq)
                  2020200c    00000004     ST7735.o (.data.StX)
                  20202010    00000004     ST7735.o (.data.StY)
                  20202014    00000004     libc.a : defs.c.obj (.data.__TI_ft_end)
                  20202018    00000004            : _lock.c.obj (.data._lock)
                  2020201c    00000004            : _lock.c.obj (.data._unlock)
                  20202020    00000002     ST7735.o (.data._ZL6_width)
                  20202022    00000002     ST7735.o (.data._ZL7_height)
                  20202024    00000002     Sound.o (.data.clang_size)
                  20202026    00000002     Sound.o (.data.correct_size)
                  20202028    00000002     Sound.o (.data.wrong_size)
                  2020202a    00000001     Lab9HMain.o (.data._ZZ17setUpInstructionshE10currOption)
                  2020202b    00000001     Machine.o (.data._ZZN7Machine10updateCartEhE8debounce)
                  2020202c    00000001     Machine.o (.data._ZZN7Machine10updateRockEhE7halfway)
                  2020202d    00000001     Machine.o (.data._ZZN7Machine11updateAnvilEhE10wasWorking)
                  2020202e    00000001     Machine.o (.data._ZZN7Machine11updateAnvilEhE11anvilLength)
                  2020202f    00000001     Machine.o (.data._ZZN7Machine11updateAnvilEhE12menuDebounce)
                  20202030    00000001     Machine.o (.data._ZZN7Machine14updateCountersEhPS_E8debounce)
                  20202031    00000001     Machine.o (.data._ZZN7Machine9printCartEvE2in)
                  20202032    00000001     Machine.o (.data._ZZN7Machine9printCartEvE4sent)
                  20202033    00000001     Lab9HMain.o (.data.deadTimer)
                  20202034    00000001     libsysbm.a : add_device.c.obj (.data.add_device.device_init)
                  20202035    00000001     Lab9HMain.o (.data.input)
                  20202036    00000001     Lab9HMain.o (.data.numCounters)
                  20202037    00000001     Machine.o (.data.progH)
                  20202038    00000001     libc.a : memory.c.obj (.data.memory_is_initialized)
                  20202039    00000001     Machine.o (.data.progW)
                  2020203a    00000002     --HOLE--
                  2020203c    00000001     libsysbm.a : open.c.obj (.data.open.stream_init)

.bss       0    20202040    00000203     UNINITIALIZED
                  20202040    00000120     libsysbm.a : trgmsg.c.obj (.bss:_CIOBUF_)
                  20202160    000000a0     libc.a : defs.c.obj (.bss.__TI_tmpnams)
                  20202200    00000014     Machine.o (.bss.ToDoArr)
                  20202214    00000008     libsysbm.a : hostopen.c.obj (.bss.parmbuf)
                  2020221c    00000005     Machine.o (.bss._ZZN7Machine11updateAnvilEhE10AnvilItems)
                  20202221    00000001     ST7735.o (.bss._ZL8ColStart)
                  20202222    00000002     Sound.o (.bss.soundLength)
                  20202224    00000004     UART2.o (.bss.LostData)
                  20202228    00000004     TExaS.o (.bss.TExaSLogic)
                  2020222c    00000004     TExaS.o (.bss.TExaSadc)
                  20202230    00000004     Sound.o (.bss.soundArr)
                  20202234    00000004     Sound.o (.bss.soundIndex)
                  20202238    00000004     libc.a : memory.c.obj (.bss.sys_free)
                  2020223c    00000001     ST7735.o (.bss._ZL8Rotation)
                  2020223d    00000001     ST7735.o (.bss._ZL8RowStart)
                  2020223e    00000001     ST7735.o (.bss._ZL8TabColor)
                  2020223f    00000001     Lab9HMain.o (.bss.buttons)
                  20202240    00000001     Lab9HMain.o (.bss.menuOpen)
                  20202241    00000001     Sound.o (.bss.sound_flag)
                  20202242    00000001     Lab9HMain.o (.bss.toDoOpen)

.sysmem    0    20202248    00000200     UNINITIALIZED
                  20202248    00000010     libc.a : memory.c.obj (.sysmem)
                  20202258    000001f0     --HOLE--

.stack     0    20207e00    00000200     UNINITIALIZED
                  20207e00    00000004     libc.a : boot_cortex_m.c.obj (.stack)
                  20207e04    000001fc     --HOLE--

__llvm_prf_cnts 
*          0    20200000    00000000     UNINITIALIZED

__llvm_prf_bits 
*          0    20200000    00000000     UNINITIALIZED

MODULE SUMMARY

       Module                         code    ro data   rw data
       ------                         ----    -------   -------
    .\
       Machine.o                      9594    81475     182    
       Sound.o                        306     11051     6997   
       Lab9HMain.o                    6242    4022      590    
       ST7735.o                       3668    1449      18     
       Player.o                       1650    0         0      
       TExaS.o                        720     0         8      
       Clock.o                        516     0         4      
       UART2.o                        436     4         44     
       SPI.o                          440     0         0      
       SlidePot.o                     330     0         0      
       Timer.o                        316     0         0      
       IRxmt.o                        240     0         0      
       FIFO2.o                        222     0         0      
       LaunchPad.o                    180     0         0      
       DAC5.o                         92      0         0      
       Switch.o                       52      0         0      
    +--+------------------------------+-------+---------+---------+
       Total:                         25004   98001     7843   
                                                               
    .\ticlang\
       startup_mspm0g3507_ticlang.o   60      192       0      
    +--+------------------------------+-------+---------+---------+
       Total:                         60      192       0      
                                                               
    C:\ti\ccs2000\ccs\tools\compiler\ti-cgt-armllvm_4.0.1.LTS\lib\armv6m-ti-none-eabi/c/libc.a
       memory.c.obj                   702     0         5      
       fopen.c.obj                    556     0         0      
       defs.c.obj                     0       0         404    
       setvbuf.c.obj                  224     0         0      
       getdevice.c.obj                160     0         0      
       strcmp-armv6m.S.obj            136     0         0      
       copy_decompress_lzss.c.obj     124     0         0      
       fclose.c.obj                   124     0         0      
       autoinit.c.obj                 84      0         0      
       fflush.c.obj                   82      0         0      
       exit.c.obj                     56      0         8      
       boot_cortex_m.c.obj            40      0         0      
       copy_zero_init.c.obj           22      0         0      
       copy_decompress_none.c.obj     18      0         0      
       memcpy16.S.obj                 18      0         0      
       memset16.S.obj                 14      0         0      
       _lock.c.obj                    2       0         8      
       pre_init.c.obj                 4       0         0      
    +--+------------------------------+-------+---------+---------+
       Total:                         2366    0         425    
                                                               
    C:\ti\ccs2000\ccs\tools\compiler\ti-cgt-armllvm_4.0.1.LTS\lib\armv6m-ti-none-eabi/c/libsysbm.a
       trgmsg.c.obj                   104     0         288    
       add_device.c.obj               236     0         1      
       host_device.c.obj              0       0         200    
       open.c.obj                     160     0         1      
       hostrename.c.obj               136     0         0      
       hostlseek.c.obj                108     0         0      
       hostopen.c.obj                 96      0         8      
       hostread.c.obj                 88      0         0      
       hostwrite.c.obj                88      0         0      
       close.c.obj                    80      0         0      
       hostclose.c.obj                72      0         0      
       hostunlink.c.obj               72      0         0      
       unlink.c.obj                   44      0         0      
       write.c.obj                    40      0         0      
       remove.c.obj                   8       0         0      
    +--+------------------------------+-------+---------+---------+
       Total:                         1332    0         498    
                                                               
    C:\ti\ccs2000\ccs\tools\compiler\ti-cgt-armllvm_4.0.1.LTS\lib\armv6m-ti-none-eabi/libclang_rt.builtins.a
       aeabi_idivmod.S.obj            86      0         0      
       aeabi_uidivmod.S.obj           64      0         0      
       aeabi_memset.S.obj             12      0         0      
       aeabi_memcpy.S.obj             8       0         0      
       aeabi_div0.c.obj               2       0         0      
    +--+------------------------------+-------+---------+---------+
       Total:                         172     0         0      
                                                               
       Heap:                          0       0         512    
       Stack:                         0       0         512    
       Linker Generated:              0       2275      0      
    +--+------------------------------+-------+---------+---------+
       Grand Total:                   28934   100468    9790   


LINKER GENERATED COPY TABLES

__TI_cinit_table @ 0001f97c records: 2, size/record: 8, table size: 16
	.data: load addr=0001f0a8, load size=000008bf bytes, run addr=20200000, run size=0000203d bytes, compression=lzss
	.bss: load addr=0001f974, load size=00000008 bytes, run addr=20202040, run size=00000203 bytes, compression=zero_init


LINKER GENERATED HANDLER TABLE

__TI_handler_table @ 0001f968 records: 3, size/record: 4, table size: 12
	index: 0, handler: __TI_decompress_lzss
	index: 1, handler: __TI_decompress_none
	index: 2, handler: __TI_zero_init


GLOBAL SYMBOLS: SORTED ALPHABETICALLY BY Name 

address   name                                
-------   ----                                
0001eda1  ADC0_IRQHandler                     
0001eda1  ADC1_IRQHandler                     
0001eda1  AES_IRQHandler                      
20202008  BusFreq                             
0001f09c  C$$EXIT                             
0001e67d  C$$IO$$                             
0001eda1  CANFD0_IRQHandler                   
20201d8c  Counters                            
20201df8  Counters2                           
0001eda1  DAC0_IRQHandler                     
0001eda1  DMA_IRQHandler                      
0001eda1  Default_Handler                     
20201e28  FIFO2                               
0001eda1  GROUP0_IRQHandler                   
0001eda1  GROUP1_IRQHandler                   
0001e189  HOSTclose                           
0001d979  HOSTlseek                           
0001dbf1  HOSTopen                            
0001dc51  HOSTread                            
0001d9e5  HOSTrename                          
0001e1d1  HOSTunlink                          
0001dca9  HOSTwrite                           
0001edbd  HardFault_Handler                   
0001eda1  I2C0_IRQHandler                     
0001eda1  I2C1_IRQHandler                     
20201e50  Instructions                        
20202224  LostData                            
0001eda1  NMI_Handler                         
0001eda1  PendSV_Handler                      
20201dc8  Phrases                             
0001eda1  RTC_IRQHandler                      
0001f099  Reset_Handler                       
0001f0a0  SHT$$INIT_ARRAY$$Base               
0001f0a8  SHT$$INIT_ARRAY$$Limit              
0001eda1  SPI0_IRQHandler                     
0001eda1  SPI1_IRQHandler                     
0001eda1  SVC_Handler                         
20201fec  Sensor                              
20201fea  StTextColor                         
2020200c  StX                                 
20202010  StY                                 
0001dd01  SysTick_Handler                     
20202228  TExaSLogic                          
2020222c  TExaSadc                            
0001eda1  TIMA0_IRQHandler                    
0001eda1  TIMA1_IRQHandler                    
0001eda1  TIMG0_IRQHandler                    
0001e429  TIMG12_IRQHandler                   
0001eda1  TIMG6_IRQHandler                    
0001e2a9  TIMG7_IRQHandler                    
0001eda1  TIMG8_IRQHandler                    
0001eee3  TI_memcpy_small                     
0001efeb  TI_memset_small                     
20202200  ToDoArr                             
0001eda1  UART0_IRQHandler                    
0001eda1  UART1_IRQHandler                    
0001d7b1  UART2_IRQHandler                    
0001eda1  UART3_IRQHandler                    
20202040  _CIOBUF_                            
0001eff9  _Z10Clock_Freqv                     
0001ea39  _Z10IRxmt_Initv                     
0001e2e9  _Z10Sound_Initv                     
0001dd59  _Z10TExaS_InitP10ADC12_RegsjPFhvE   
0001c9a9  _Z10UART2_Initv                     
0001cb5d  _Z10printScoreshhh                  
0001ef07  _Z11Clock_Delayj                    
0001e4dd  _Z11SPI_OutDatac                    
0001ee45  _Z11ST7735_openPKcji                
0001ee5b  _Z11ST7735_readiPcj                 
0001f059  _Z11Sound_Clangv                    
0001d271  _Z11Sound_Starth                    
0001ee2d  _Z11Switch_Initv                    
0001d0ad  _Z12ST7735_InitR10initRFlags        
0001f063  _Z12ST7735_closei                   
0001ef97  _Z12ST7735_lseekili                 
0001e54d  _Z12ST7735_writeiPKcj               
0001ef19  _Z12UART2_Enablev                   
0001e931  _Z12UART2_InCharv                   
0001e219  _Z13IRxmt_OutCharc                  
0001d825  _Z13IRxmt_SendBiti                  
0001f005  _Z13ST7735_renamePKcS0_             
0001f06d  _Z13ST7735_unlinkPKc                
0001ef29  _Z13UART2_Disablev                  
0001e581  _Z14Clock_Delay1msj                 
0001d63d  _Z14LaunchPad_Initv                 
0001e261  _Z14SPI_OutCommandc                 
0001ca85  _Z14ST7735_OutCharc                 
0001cd89  _Z14TimerG7_IntArmtjj               
0001e515  _Z15ActivatePortA_Bv                
0001b49d  _Z15Clock_Init80MHzi                
0001b651  _Z15ST7735_DrawCharsscssh           
0001c1f5  _Z15ST7735_FillRectsssst            
0001d1dd  _Z15TimerG12_IntArmjj               
0001b7f5  _Z16ST7735_DrawCharSsscssh          
0001d899  _Z16ST7735_DrawPixelsst             
0001eb29  _Z16ST7735_OutStringPc              
0001e5b5  _Z16ST7735_SetCursorjj              
0001aefd  _Z17ST7735_DrawBitmapssPKtss        
0001d301  _Z17ST7735_DrawStringttPcs          
0001e95d  _Z17ST7735_FillScreent              
0001cf75  _Z17ST7735_InitPrintfv              
00019c95  _Z17setUpInstructionsh              
0001c519  _Z18ST7735_SetRotationh             
0001cc29  _Z20ST7735_DrawFastHLinessst        
0001ccd9  _Z20ST7735_DrawFastVLinessst        
0001ef39  _Z28TExaS_LaunchPadLogicPB27PB26v   
0001f011  _Z5Delayj                           
0001c0cd  _Z8ADC_InitP10ADC12_Regsjj          
0001ed01  _Z8DAC5_Outj                        
0001f077  _Z8PLL_Initv                        
0001c421  _Z8SPI_Initv                        
0001ea61  _Z9ADC_StartP10ADC12_Regs           
0001e465  _Z9DAC5_Initv                       
0001e329  _Z9SPI_Resetv                       
0001edd9  _Z9Switch_Inv                       
0001c6f9  _Z9UART_Initv                       
0001e0f1  _ZN5Queue3GetEPc                    
0001e13d  _ZN5Queue3PutEc                     
0001ecdd  _ZN5Queue6IsFullEv                  
0001ee87  _ZN5Queue7IsEmptyEv                 
0001ef49  _ZN5QueueC1Ev                       
0001ef49  _ZN5QueueC2Ev                       
0001ee9b  _ZN6Player13setPossessionEh         
0001e989  _ZN6Player13translateDownEv         
0001e9b5  _ZN6Player13translateLeftEv         
0001d011  _ZN6Player14checkProximityE7Machine 
0001de09  _ZN6Player14printPosessionEh        
0001e751  _ZN6Player14translateRightEv        
0001d909  _ZN6Player15getMachineInputE7Machine
0001d145  _ZN6Player16resetCoordinatesEPsS0_  
0001e4a1  _ZN6Player6moveUpEv                 
0001f01d  _ZN6Player7getSizeEv                
0001efa5  _ZN6Player7getXPosEv                
0001efb3  _ZN6Player7getYPosEv                
0001eead  _ZN6Player7setXPosEs                
0001eebf  _ZN6Player7setYPosEs                
0001acb9  _ZN6Player8inBoundsEssPP7Machinehh  
0001dfad  _ZN6Player8moveDownEv               
0001de5d  _ZN6Player8moveLeftEv               
0001deb1  _ZN6Player9moveRightEv              
0001edf5  _ZN6PlayerC1Ev                      
0001edf5  _ZN6PlayerC2Ev                      
0001a751  _ZN7Machine10printAnvilEv           
00018e49  _ZN7Machine10updateCartEh           
0001984d  _ZN7Machine10updateRockEh           
0001eed1  _ZN7Machine11setRockTypeEh          
00019371  _ZN7Machine11updateAnvilEh          
0001b2e5  _ZN7Machine12printSmelterEv         
0001bca9  _ZN7Machine13cartSendErrorEhh       
0001b995  _ZN7Machine13computeRecipeEPaa      
0001aa09  _ZN7Machine13printCountersEPS_      
0001a411  _ZN7Machine13updateSmelterEh        
0001a085  _ZN7Machine14updateCountersEhPS_    
0001be19  _ZN7Machine15updateAnvilMenuEPaa    
0001b10d  _ZN7Machine9printCartEv             
0001bb2d  _ZN7Machine9printRockEv             
0001db29  _ZN7MachineC1Ehhhhhh                
0001d5b9  _ZN7MachineC1Ehhhhhhhhh             
0001d38d  _ZN7MachineC1Ehhhhhhhhhh            
0001db29  _ZN7MachineC2Ehhhhhh                
0001d5b9  _ZN7MachineC2Ehhhhhhhhh             
0001d38d  _ZN7MachineC2Ehhhhhhhhhh            
0001df05  _ZN8SlidePot2InEv                   
0001d419  _ZN8SlidePot4InitEv                 
0001eb51  _ZN8SlidePot4SaveEj                 
0001ed21  _ZN8SlidePot4SyncEv                 
0001f029  _ZN8SlidePot9DistanceXEv            
0001f035  _ZN8SlidePot9DistanceYEv            
0001efc1  _ZN8SlidePotC1Ev                    
0001efc1  _ZN8SlidePotC2Ev                    
20202040  __CIOBUF_                           
20208000  __STACK_END                         
00000200  __STACK_SIZE                        
00000200  __SYSMEM_SIZE                       
00000000  __TI_ATRegion0_region_sz            
00000000  __TI_ATRegion0_src_addr             
00000000  __TI_ATRegion0_trg_addr             
00000000  __TI_ATRegion1_region_sz            
00000000  __TI_ATRegion1_src_addr             
00000000  __TI_ATRegion1_trg_addr             
00000000  __TI_ATRegion2_region_sz            
00000000  __TI_ATRegion2_src_addr             
00000000  __TI_ATRegion2_trg_addr             
0001f97c  __TI_CINIT_Base                     
0001f98c  __TI_CINIT_Limit                    
0001f98c  __TI_CINIT_Warm                     
0001f968  __TI_Handler_Table_Base             
0001f974  __TI_Handler_Table_Limit            
0001df59  __TI_auto_init_nobinit              
0001e5e9  __TI_cleanup                        
20201ff8  __TI_cleanup_ptr                    
0001d6b9  __TI_closefile                      
0001d735  __TI_decompress_lzss                
0001eef5  __TI_decompress_none                
0001dfff  __TI_doflush                        
20201ffc  __TI_dtors_ptr                      
20202014  __TI_ft_end                         
ffffffff  __TI_pprof_out_hndl                 
ffffffff  __TI_prof_data_size                 
ffffffff  __TI_prof_data_start                
0001e61d  __TI_readmsg                        
00000000  __TI_static_base__                  
20202160  __TI_tmpnams                        
0001e651  __TI_writemsg                       
0001ee71  __TI_zero_init_nomemset             
0001ddb1  __aeabi_idiv                        
0001ced3  __aeabi_idiv0                       
0001ddb1  __aeabi_idivmod                     
0001f041  __aeabi_memclr                      
0001f041  __aeabi_memclr4                     
0001f041  __aeabi_memclr8                     
0001f089  __aeabi_memcpy                      
0001f089  __aeabi_memcpy4                     
0001f089  __aeabi_memcpy8                     
0001e369  __aeabi_uidiv                       
0001e369  __aeabi_uidivmod                    
ffffffff  __binit__                           
UNDEFED   __mpu_init                          
20207e00  __stack                             
20200000  __start___llvm_prf_bits             
20200000  __start___llvm_prf_cnts             
20200000  __stop___llvm_prf_bits              
20200000  __stop___llvm_prf_cnts              
0001eb01  _c_int00_noargs                     
20201cc4  _device                             
20201b44  _ftable                             
20202018  _lock                               
0001d977  _nop                                
20201d3c  _stream                             
20202248  _sys_memory                         
UNDEFED   _system_post_cinit                  
0001d52d  _system_pre_init                    
2020201c  _unlock                             
0001f09d  abort                               
0001c60d  add_device                          
0001c30d  aligned_alloc                       
ffffffff  binit                               
2020223f  buttons                             
20202024  clang_size                          
0001e0a1  close                               
20202026  correct_size                        
20202033  deadTimer                           
0001e685  exit                                
0001e6b9  finddevice                          
0001e901  fopen                               
0001c7e1  free                                
0001e6ed  freopen                             
0001dabd  getdevice                           
20202035  input                               
00000000  interruptVectors                    
20201ea0  m_anvil                             
20201eaf  m_cart1                             
20201ebe  m_cart2                             
20201ecd  m_counter1                          
20201edc  m_counter2                          
20201eeb  m_counter3                          
20201efa  m_counter4                          
20201f09  m_counter5                          
20201f18  m_counter6                          
20201f27  m_portal                            
20201f36  m_refiner                           
20201f45  m_rock1                             
20201f54  m_rock1Mid                          
20201f63  m_rock1Progress                     
20201f72  m_rock1Top                          
20201f81  m_rock2                             
20201f90  m_rock2Mid                          
20201f9f  m_rock2Top                          
20201fae  m_smelter                           
20201fbd  m_smelterProgress                   
20201fcc  m_todo                              
20201fdb  m_todoDown                          
20201e78  machineArr2                         
00017f91  main                                
0001f04d  malloc                              
0001c30d  memalign                            
20202240  menuOpen                            
20202036  numCounters                         
0001ced5  open                                
20202000  p1                                  
20202214  parmbuf                             
20202037  progH                               
20202039  progW                               
0001f091  remove                              
0001c8c9  setvbuf                             
20202230  soundArr                            
20202234  soundIndex                          
20202222  soundLength                         
20202241  sound_flag                          
20201c34  sprites                             
0001d531  strcmp                              
20202242  toDoOpen                            
0001ea0d  unlink                              
0001ead9  write                               
20202028  wrong_size                          


GLOBAL SYMBOLS: SORTED BY Symbol Address 

address   name                                
-------   ----                                
00000000  __TI_ATRegion0_region_sz            
00000000  __TI_ATRegion0_src_addr             
00000000  __TI_ATRegion0_trg_addr             
00000000  __TI_ATRegion1_region_sz            
00000000  __TI_ATRegion1_src_addr             
00000000  __TI_ATRegion1_trg_addr             
00000000  __TI_ATRegion2_region_sz            
00000000  __TI_ATRegion2_src_addr             
00000000  __TI_ATRegion2_trg_addr             
00000000  __TI_static_base__                  
00000000  interruptVectors                    
00000200  __STACK_SIZE                        
00000200  __SYSMEM_SIZE                       
00017f91  main                                
00018e49  _ZN7Machine10updateCartEh           
00019371  _ZN7Machine11updateAnvilEh          
0001984d  _ZN7Machine10updateRockEh           
00019c95  _Z17setUpInstructionsh              
0001a085  _ZN7Machine14updateCountersEhPS_    
0001a411  _ZN7Machine13updateSmelterEh        
0001a751  _ZN7Machine10printAnvilEv           
0001aa09  _ZN7Machine13printCountersEPS_      
0001acb9  _ZN6Player8inBoundsEssPP7Machinehh  
0001aefd  _Z17ST7735_DrawBitmapssPKtss        
0001b10d  _ZN7Machine9printCartEv             
0001b2e5  _ZN7Machine12printSmelterEv         
0001b49d  _Z15Clock_Init80MHzi                
0001b651  _Z15ST7735_DrawCharsscssh           
0001b7f5  _Z16ST7735_DrawCharSsscssh          
0001b995  _ZN7Machine13computeRecipeEPaa      
0001bb2d  _ZN7Machine9printRockEv             
0001bca9  _ZN7Machine13cartSendErrorEhh       
0001be19  _ZN7Machine15updateAnvilMenuEPaa    
0001c0cd  _Z8ADC_InitP10ADC12_Regsjj          
0001c1f5  _Z15ST7735_FillRectsssst            
0001c30d  aligned_alloc                       
0001c30d  memalign                            
0001c421  _Z8SPI_Initv                        
0001c519  _Z18ST7735_SetRotationh             
0001c60d  add_device                          
0001c6f9  _Z9UART_Initv                       
0001c7e1  free                                
0001c8c9  setvbuf                             
0001c9a9  _Z10UART2_Initv                     
0001ca85  _Z14ST7735_OutCharc                 
0001cb5d  _Z10printScoreshhh                  
0001cc29  _Z20ST7735_DrawFastHLinessst        
0001ccd9  _Z20ST7735_DrawFastVLinessst        
0001cd89  _Z14TimerG7_IntArmtjj               
0001ced3  __aeabi_idiv0                       
0001ced5  open                                
0001cf75  _Z17ST7735_InitPrintfv              
0001d011  _ZN6Player14checkProximityE7Machine 
0001d0ad  _Z12ST7735_InitR10initRFlags        
0001d145  _ZN6Player16resetCoordinatesEPsS0_  
0001d1dd  _Z15TimerG12_IntArmjj               
0001d271  _Z11Sound_Starth                    
0001d301  _Z17ST7735_DrawStringttPcs          
0001d38d  _ZN7MachineC1Ehhhhhhhhhh            
0001d38d  _ZN7MachineC2Ehhhhhhhhhh            
0001d419  _ZN8SlidePot4InitEv                 
0001d52d  _system_pre_init                    
0001d531  strcmp                              
0001d5b9  _ZN7MachineC1Ehhhhhhhhh             
0001d5b9  _ZN7MachineC2Ehhhhhhhhh             
0001d63d  _Z14LaunchPad_Initv                 
0001d6b9  __TI_closefile                      
0001d735  __TI_decompress_lzss                
0001d7b1  UART2_IRQHandler                    
0001d825  _Z13IRxmt_SendBiti                  
0001d899  _Z16ST7735_DrawPixelsst             
0001d909  _ZN6Player15getMachineInputE7Machine
0001d977  _nop                                
0001d979  HOSTlseek                           
0001d9e5  HOSTrename                          
0001dabd  getdevice                           
0001db29  _ZN7MachineC1Ehhhhhh                
0001db29  _ZN7MachineC2Ehhhhhh                
0001dbf1  HOSTopen                            
0001dc51  HOSTread                            
0001dca9  HOSTwrite                           
0001dd01  SysTick_Handler                     
0001dd59  _Z10TExaS_InitP10ADC12_RegsjPFhvE   
0001ddb1  __aeabi_idiv                        
0001ddb1  __aeabi_idivmod                     
0001de09  _ZN6Player14printPosessionEh        
0001de5d  _ZN6Player8moveLeftEv               
0001deb1  _ZN6Player9moveRightEv              
0001df05  _ZN8SlidePot2InEv                   
0001df59  __TI_auto_init_nobinit              
0001dfad  _ZN6Player8moveDownEv               
0001dfff  __TI_doflush                        
0001e0a1  close                               
0001e0f1  _ZN5Queue3GetEPc                    
0001e13d  _ZN5Queue3PutEc                     
0001e189  HOSTclose                           
0001e1d1  HOSTunlink                          
0001e219  _Z13IRxmt_OutCharc                  
0001e261  _Z14SPI_OutCommandc                 
0001e2a9  TIMG7_IRQHandler                    
0001e2e9  _Z10Sound_Initv                     
0001e329  _Z9SPI_Resetv                       
0001e369  __aeabi_uidiv                       
0001e369  __aeabi_uidivmod                    
0001e429  TIMG12_IRQHandler                   
0001e465  _Z9DAC5_Initv                       
0001e4a1  _ZN6Player6moveUpEv                 
0001e4dd  _Z11SPI_OutDatac                    
0001e515  _Z15ActivatePortA_Bv                
0001e54d  _Z12ST7735_writeiPKcj               
0001e581  _Z14Clock_Delay1msj                 
0001e5b5  _Z16ST7735_SetCursorjj              
0001e5e9  __TI_cleanup                        
0001e61d  __TI_readmsg                        
0001e651  __TI_writemsg                       
0001e67d  C$$IO$$                             
0001e685  exit                                
0001e6b9  finddevice                          
0001e6ed  freopen                             
0001e751  _ZN6Player14translateRightEv        
0001e901  fopen                               
0001e931  _Z12UART2_InCharv                   
0001e95d  _Z17ST7735_FillScreent              
0001e989  _ZN6Player13translateDownEv         
0001e9b5  _ZN6Player13translateLeftEv         
0001ea0d  unlink                              
0001ea39  _Z10IRxmt_Initv                     
0001ea61  _Z9ADC_StartP10ADC12_Regs           
0001ead9  write                               
0001eb01  _c_int00_noargs                     
0001eb29  _Z16ST7735_OutStringPc              
0001eb51  _ZN8SlidePot4SaveEj                 
0001ecdd  _ZN5Queue6IsFullEv                  
0001ed01  _Z8DAC5_Outj                        
0001ed21  _ZN8SlidePot4SyncEv                 
0001eda1  ADC0_IRQHandler                     
0001eda1  ADC1_IRQHandler                     
0001eda1  AES_IRQHandler                      
0001eda1  CANFD0_IRQHandler                   
0001eda1  DAC0_IRQHandler                     
0001eda1  DMA_IRQHandler                      
0001eda1  Default_Handler                     
0001eda1  GROUP0_IRQHandler                   
0001eda1  GROUP1_IRQHandler                   
0001eda1  I2C0_IRQHandler                     
0001eda1  I2C1_IRQHandler                     
0001eda1  NMI_Handler                         
0001eda1  PendSV_Handler                      
0001eda1  RTC_IRQHandler                      
0001eda1  SPI0_IRQHandler                     
0001eda1  SPI1_IRQHandler                     
0001eda1  SVC_Handler                         
0001eda1  TIMA0_IRQHandler                    
0001eda1  TIMA1_IRQHandler                    
0001eda1  TIMG0_IRQHandler                    
0001eda1  TIMG6_IRQHandler                    
0001eda1  TIMG8_IRQHandler                    
0001eda1  UART0_IRQHandler                    
0001eda1  UART1_IRQHandler                    
0001eda1  UART3_IRQHandler                    
0001edbd  HardFault_Handler                   
0001edd9  _Z9Switch_Inv                       
0001edf5  _ZN6PlayerC1Ev                      
0001edf5  _ZN6PlayerC2Ev                      
0001ee2d  _Z11Switch_Initv                    
0001ee45  _Z11ST7735_openPKcji                
0001ee5b  _Z11ST7735_readiPcj                 
0001ee71  __TI_zero_init_nomemset             
0001ee87  _ZN5Queue7IsEmptyEv                 
0001ee9b  _ZN6Player13setPossessionEh         
0001eead  _ZN6Player7setXPosEs                
0001eebf  _ZN6Player7setYPosEs                
0001eed1  _ZN7Machine11setRockTypeEh          
0001eee3  TI_memcpy_small                     
0001eef5  __TI_decompress_none                
0001ef07  _Z11Clock_Delayj                    
0001ef19  _Z12UART2_Enablev                   
0001ef29  _Z13UART2_Disablev                  
0001ef39  _Z28TExaS_LaunchPadLogicPB27PB26v   
0001ef49  _ZN5QueueC1Ev                       
0001ef49  _ZN5QueueC2Ev                       
0001ef97  _Z12ST7735_lseekili                 
0001efa5  _ZN6Player7getXPosEv                
0001efb3  _ZN6Player7getYPosEv                
0001efc1  _ZN8SlidePotC1Ev                    
0001efc1  _ZN8SlidePotC2Ev                    
0001efeb  TI_memset_small                     
0001eff9  _Z10Clock_Freqv                     
0001f005  _Z13ST7735_renamePKcS0_             
0001f011  _Z5Delayj                           
0001f01d  _ZN6Player7getSizeEv                
0001f029  _ZN8SlidePot9DistanceXEv            
0001f035  _ZN8SlidePot9DistanceYEv            
0001f041  __aeabi_memclr                      
0001f041  __aeabi_memclr4                     
0001f041  __aeabi_memclr8                     
0001f04d  malloc                              
0001f059  _Z11Sound_Clangv                    
0001f063  _Z12ST7735_closei                   
0001f06d  _Z13ST7735_unlinkPKc                
0001f077  _Z8PLL_Initv                        
0001f089  __aeabi_memcpy                      
0001f089  __aeabi_memcpy4                     
0001f089  __aeabi_memcpy8                     
0001f091  remove                              
0001f099  Reset_Handler                       
0001f09c  C$$EXIT                             
0001f09d  abort                               
0001f0a0  SHT$$INIT_ARRAY$$Base               
0001f0a8  SHT$$INIT_ARRAY$$Limit              
0001f968  __TI_Handler_Table_Base             
0001f974  __TI_Handler_Table_Limit            
0001f97c  __TI_CINIT_Base                     
0001f98c  __TI_CINIT_Limit                    
0001f98c  __TI_CINIT_Warm                     
20200000  __start___llvm_prf_bits             
20200000  __start___llvm_prf_cnts             
20200000  __stop___llvm_prf_bits              
20200000  __stop___llvm_prf_cnts              
20201b44  _ftable                             
20201c34  sprites                             
20201cc4  _device                             
20201d3c  _stream                             
20201d8c  Counters                            
20201dc8  Phrases                             
20201df8  Counters2                           
20201e28  FIFO2                               
20201e50  Instructions                        
20201e78  machineArr2                         
20201ea0  m_anvil                             
20201eaf  m_cart1                             
20201ebe  m_cart2                             
20201ecd  m_counter1                          
20201edc  m_counter2                          
20201eeb  m_counter3                          
20201efa  m_counter4                          
20201f09  m_counter5                          
20201f18  m_counter6                          
20201f27  m_portal                            
20201f36  m_refiner                           
20201f45  m_rock1                             
20201f54  m_rock1Mid                          
20201f63  m_rock1Progress                     
20201f72  m_rock1Top                          
20201f81  m_rock2                             
20201f90  m_rock2Mid                          
20201f9f  m_rock2Top                          
20201fae  m_smelter                           
20201fbd  m_smelterProgress                   
20201fcc  m_todo                              
20201fdb  m_todoDown                          
20201fea  StTextColor                         
20201fec  Sensor                              
20201ff8  __TI_cleanup_ptr                    
20201ffc  __TI_dtors_ptr                      
20202000  p1                                  
20202008  BusFreq                             
2020200c  StX                                 
20202010  StY                                 
20202014  __TI_ft_end                         
20202018  _lock                               
2020201c  _unlock                             
20202024  clang_size                          
20202026  correct_size                        
20202028  wrong_size                          
20202033  deadTimer                           
20202035  input                               
20202036  numCounters                         
20202037  progH                               
20202039  progW                               
20202040  _CIOBUF_                            
20202040  __CIOBUF_                           
20202160  __TI_tmpnams                        
20202200  ToDoArr                             
20202214  parmbuf                             
20202222  soundLength                         
20202224  LostData                            
20202228  TExaSLogic                          
2020222c  TExaSadc                            
20202230  soundArr                            
20202234  soundIndex                          
2020223f  buttons                             
20202240  menuOpen                            
20202241  sound_flag                          
20202242  toDoOpen                            
20202248  _sys_memory                         
20207e00  __stack                             
20208000  __STACK_END                         
ffffffff  __TI_pprof_out_hndl                 
ffffffff  __TI_prof_data_size                 
ffffffff  __TI_prof_data_start                
ffffffff  __binit__                           
ffffffff  binit                               
UNDEFED   __mpu_init                          
UNDEFED   _system_post_cinit                  

[295 symbols]
