******************************************************************************
            TI ARM Clang Linker PC v4.0.1                      
******************************************************************************
>> Linked Tue Apr 15 13:55:29 2025

OUTPUT FILE NAME:   <MadMines.out>
ENTRY POINT SYMBOL: "_c_int00_noargs"  address: 0000ce85


MEMORY CONFIGURATION

         name            origin    length      used     unused   attr    fill
----------------------  --------  ---------  --------  --------  ----  --------
  FLASH                 00000000   00020000  0000d2d8  00012d28  R  X
  SRAM                  20200000   00008000  00000880  00007780  RW X
  BCR_CONFIG            41c00000   00000080  00000000  00000080  R   
  BSL_CONFIG            41c00100   00000080  00000000  00000080  R   


SEGMENT ALLOCATION MAP

run origin  load origin   length   init length attrs members
----------  ----------- ---------- ----------- ----- -------
00000000    00000000    0000d2d8   0000d2d8    r-x
  00000000    00000000    000000c0   000000c0    r-- .intvecs
  000000c0    000000c0    00009c78   00009c78    r-- .rodata
  00009d38    00009d38    00000008   00000008    r-- .init_array
  00009d40    00009d40    000034a0   000034a0    r-x .text
  0000d1e0    0000d1e0    000000f8   000000f8    r-- .cinit
20200000    20200000    00000687   00000000    rw-
  20200000    20200000    000002a1   00000000    rw- .data
  202002a8    202002a8    00000200   00000000    rw- .sysmem
  202004a8    202004a8    000001df   00000000    rw- .bss
20207e00    20207e00    00000200   00000000    rw-
  20207e00    20207e00    00000200   00000000    rw- .stack


SECTION ALLOCATION MAP

 output                                  attributes/
section   page    origin      length       input sections
--------  ----  ----------  ----------   ----------------
.intvecs   0    00000000    000000c0     
                  00000000    000000c0     startup_mspm0g3507_ticlang.o (.intvecs)

.binit     0    00000000    00000000     

.text      0    00009d40    000034a0     
                  00009d40    000003ac     Lab9HMain.o (.text.main)
                  0000a0ec    000002a4     Machine.o (.text._ZN7Machine11updateAnvilEh)
                  0000a390    00000210     ST7735.o (.text._Z17ST7735_DrawBitmapssPKtss)
                  0000a5a0    000001b4     Clock.o (.text._Z15Clock_Init80MHzi)
                  0000a754    000001a0     ST7735.o (.text._Z16ST7735_DrawCharSsscssh)
                  0000a8f4    00000180     Machine.o (.text._ZN7Machine10updateRockEh)
                  0000aa74    00000154     libc.a : fopen.c.obj (.text._openfile)
                  0000abc8    0000012c     Player.o (.text._ZN6Player8moveDownEv)
                  0000acf4    00000128     TExaS.o (.text._Z8ADC_InitP10ADC12_Regsjj)
                  0000ae1c    00000118     ST7735.o (.text._Z15ST7735_FillRectsssst)
                  0000af34    00000114     libc.a : memory.c.obj (.text.aligned_alloc)
                  0000b048    00000108     Player.o (.text._ZN6Player6moveUpEv)
                  0000b150    000000f8     SPI.o (.text._Z8SPI_Initv)
                  0000b248    000000f4     ST7735.o (.text._Z18ST7735_SetRotationh)
                  0000b33c    000000ec     libsysbm.a : add_device.c.obj (.text.add_device)
                  0000b428    000000e8     TExaS.o (.text._Z9UART_Initv)
                  0000b510    000000e8     libc.a : memory.c.obj (.text.free)
                  0000b5f8    000000e0            : setvbuf.c.obj (.text.setvbuf)
                  0000b6d8    000000d0     ST7735.o (.text._Z14ST7735_OutCharc)
                  0000b7a8    000000b0     ST7735.o (.text._Z20ST7735_DrawFastHLinessst)
                  0000b858    000000b0     ST7735.o (.text._Z20ST7735_DrawFastVLinessst)
                  0000b908    000000a8     Timer.o (.text._Z14TimerG7_IntArmtjj)
                  0000b9b0    000000a6     Player.o (.text._ZN6Player14checkProximityE7Machine)
                  0000ba56    000000a6     Player.o (.text._ZN6Player15getMachineInputE7Machine)
                  0000bafc    000000a2     ST7735.o (.text._ZL11commandListPKh)
                  0000bb9e    00000002     Sound.o (.text.SysTick_Handler)
                  0000bba0    000000a0     libsysbm.a : open.c.obj (.text.open)
                  0000bc40    0000009c     ST7735.o (.text._Z17ST7735_InitPrintfv)
                  0000bcdc    00000098     ST7735.o (.text._Z12ST7735_InitR10initRFlags)
                  0000bd74    00000094     Timer.o (.text._Z15TimerG12_IntArmjj)
                  0000be08    00000094     Machine.o (.text._ZN7Machine10printAnvilEh)
                  0000be9c    0000008c     SlidePot.o (.text._ZN8SlidePot4InitEv)
                  0000bf28    00000088     ST7735.o (.text._ZL13setAddrWindowhhhh)
                  0000bfb0    00000088     libc.a : strcmp-armv6m.S.obj (.text:strcmp)
                  0000c038    00000084     ST7735.o (.text._Z17ST7735_DrawStringttPcs)
                  0000c0bc    00000080     Player.o (.text._ZN6Player16resetCoordinatesEv)
                  0000c13c    0000007c     LaunchPad.o (.text._Z14LaunchPad_Initv)
                  0000c1b8    0000007c     libc.a : fclose.c.obj (.text.__TI_closefile)
                  0000c234    0000007c            : copy_decompress_lzss.c.obj (.text:decompress:lzss)
                  0000c2b0    00000070     ST7735.o (.text._Z16ST7735_DrawPixelsst)
                  0000c320    00000070     Machine.o (.text._ZN7Machine9printRockEh)
                  0000c390    0000006c     libsysbm.a : hostlseek.c.obj (.text.HOSTlseek)
                  0000c3fc    0000006c                : hostrename.c.obj (.text.HOSTrename)
                  0000c468    0000006c     libc.a : getdevice.c.obj (.text.getdevice)
                  0000c4d4    00000064            : memory.c.obj (.text.split)
                  0000c538    00000060     libsysbm.a : hostopen.c.obj (.text.HOSTopen)
                  0000c598    00000058                : hostread.c.obj (.text.HOSTread)
                  0000c5f0    00000058                : hostwrite.c.obj (.text.HOSTwrite)
                  0000c648    00000058     TExaS.o (.text._Z10TExaS_InitP10ADC12_RegsjPFhvE)
                  0000c6a0    00000054     SlidePot.o (.text._ZN8SlidePot2InEv)
                  0000c6f4    00000054     libc.a : autoinit.c.obj (.text:__TI_auto_init_nobinit)
                  0000c748    00000052            : fflush.c.obj (.text.__TI_doflush)
                  0000c79a    00000002     libclang_rt.builtins.a : aeabi_div0.c.obj (.text.__aeabi_idiv0)
                  0000c79c    00000050     libsysbm.a : close.c.obj (.text.close)
                  0000c7ec    0000004c     Player.o (.text._ZN6Player8moveLeftEv)
                  0000c838    0000004c     Player.o (.text._ZN6Player9moveRightEv)
                  0000c884    00000048     libsysbm.a : hostclose.c.obj (.text.HOSTclose)
                  0000c8cc    00000048                : hostunlink.c.obj (.text.HOSTunlink)
                  0000c914    00000048     SPI.o (.text._Z14SPI_OutCommandc)
                  0000c95c    00000040     TExaS.o (.text.TIMG7_IRQHandler)
                  0000c99c    00000040     SPI.o (.text._Z9SPI_Resetv)
                  0000c9dc    00000040     libclang_rt.builtins.a : aeabi_uidivmod.S.obj (.text.__aeabi_uidivmod)
                  0000ca1c    00000040     libc.a : fopen.c.obj (.text._search_fp)
                  0000ca5c    0000003c     Lab9HMain.o (.text.TIMG12_IRQHandler)
                  0000ca98    0000003c     Sound.o (.text._Z10Sound_Initv)
                  0000cad4    0000003a     Machine.o (.text._ZN7MachineC2Ehhhh)
                  0000cb0e    00000002     libc.a : _lock.c.obj (.text._nop)
                  0000cb10    00000038     SPI.o (.text._Z11SPI_OutDatac)
                  0000cb48    00000038     LaunchPad.o (.text._Z15ActivatePortA_Bv)
                  0000cb80    00000034     ST7735.o (.text._Z12ST7735_writeiPKcj)
                  0000cbb4    00000034     Clock.o (.text._Z14Clock_Delay1msj)
                  0000cbe8    00000034     ST7735.o (.text._Z16ST7735_SetCursorjj)
                  0000cc1c    00000034     libc.a : fopen.c.obj (.text.__TI_cleanup)
                  0000cc50    00000034     libsysbm.a : trgmsg.c.obj (.text.__TI_readmsg)
                  0000cc84    00000034                : trgmsg.c.obj (.text.__TI_writemsg)
                  0000ccb8    00000034     libc.a : exit.c.obj (.text.exit)
                  0000ccec    00000034            : getdevice.c.obj (.text.finddevice)
                  0000cd20    00000034            : fopen.c.obj (.text.freopen)
                  0000cd54    00000030     ST7735.o (.text._ZL10commonInitPKh)
                  0000cd84    00000030     libc.a : fopen.c.obj (.text.fopen)
                  0000cdb4    0000002c     ST7735.o (.text._Z17ST7735_FillScreent)
                  0000cde0    0000002c     libsysbm.a : unlink.c.obj (.text.unlink)
                  0000ce0c    00000028     TExaS.o (.text._Z9ADC_StartP10ADC12_Regs)
                  0000ce34    00000028     libc.a : memory.c.obj (.text.free_list_insert)
                  0000ce5c    00000028     libsysbm.a : write.c.obj (.text.write)
                  0000ce84    00000028     libc.a : boot_cortex_m.c.obj (.text:_c_int00_noargs)
                  0000ceac    00000024     SlidePot.o (.text._ZN8SlidePot4SaveEj)
                  0000ced0    00000020     SlidePot.o (.text._ZN8SlidePot4SyncEv)
                  0000cef0    0000001e     ST7735.o (.text._ZL9pushColort)
                  0000cf0e    00000002     --HOLE-- [fill = 0]
                  0000cf10    0000001c     startup_mspm0g3507_ticlang.o (.text.Default_Handler)
                  0000cf2c    0000001c     startup_mspm0g3507_ticlang.o (.text.HardFault_Handler)
                  0000cf48    0000001c     Switch.o (.text._Z9Switch_Inv)
                  0000cf64    0000001c     Player.o (.text._ZN6PlayerC2Ev)
                  0000cf80    0000001c     Lab9HMain.o (.text.__cxx_global_var_init.2)
                  0000cf9c    0000001c     Lab9HMain.o (.text.__cxx_global_var_init.3)
                  0000cfb8    0000001c     Lab9HMain.o (.text.__cxx_global_var_init.4)
                  0000cfd4    0000001c     libc.a : memory.c.obj (.text.free_list_remove)
                  0000cff0    00000018     Lab9HMain.o (.text._GLOBAL__sub_I_Lab9HMain.cpp)
                  0000d008    00000018     Switch.o (.text._Z11Switch_Initv)
                  0000d020    00000016     ST7735.o (.text._Z11ST7735_openPKcji)
                  0000d036    00000016     ST7735.o (.text._Z11ST7735_readiPcj)
                  0000d04c    00000016     libc.a : copy_zero_init.c.obj (.text:decompress:ZI:__TI_zero_init_nomemset)
                  0000d062    00000012     Player.o (.text._ZN6Player13setPossessionEh)
                  0000d074    00000012     libc.a : memcpy16.S.obj (.text:TI_memcpy_small)
                  0000d086    00000012            : copy_decompress_none.c.obj (.text:decompress:none)
                  0000d098    00000010     Clock.o (.text._Z11Clock_Delayj)
                  0000d0a8    00000010     Lab9HMain.o (.text._Z28TExaS_LaunchPadLogicPB27PB26v)
                  0000d0b8    00000010     Lab9HMain.o (.text.__cxx_global_var_init.1)
                  0000d0c8    00000010     Lab9HMain.o (.text.__cxx_global_var_init)
                  0000d0d8    0000000e     libc.a : memory.c.obj (.text.OUTLINED_FUNCTION_0)
                  0000d0e6    0000000e     ST7735.o (.text._Z12ST7735_lseekili)
                  0000d0f4    0000000e     Player.o (.text._ZN6Player7getXPosEv)
                  0000d102    0000000e     Player.o (.text._ZN6Player7getYPosEv)
                  0000d110    0000000e     SlidePot.o (.text._ZN8SlidePotC2Ev)
                  0000d11e    0000000e     libsysbm.a : hostrename.c.obj (.text.strcpy)
                  0000d12c    0000000e                : hostrename.c.obj (.text.strlen)
                  0000d13a    0000000e     libc.a : memset16.S.obj (.text:TI_memset_small)
                  0000d148    0000000c     Clock.o (.text._Z10Clock_Freqv)
                  0000d154    0000000c     ST7735.o (.text._Z13ST7735_renamePKcS0_)
                  0000d160    0000000c     Player.o (.text._ZN6Player7getSizeEv)
                  0000d16c    0000000c     SlidePot.o (.text._ZN8SlidePot9DistanceXEv)
                  0000d178    0000000c     SlidePot.o (.text._ZN8SlidePot9DistanceYEv)
                  0000d184    0000000c     libclang_rt.builtins.a : aeabi_memset.S.obj (.text.__aeabi_memclr)
                  0000d190    0000000c     libc.a : memory.c.obj (.text.malloc)
                  0000d19c    0000000a     ST7735.o (.text._Z12ST7735_closei)
                  0000d1a6    0000000a     ST7735.o (.text._Z13ST7735_unlinkPKc)
                  0000d1b0    0000000a     Lab9HMain.o (.text._Z8PLL_Initv)
                  0000d1ba    00000002     --HOLE-- [fill = 0]
                  0000d1bc    00000008     libclang_rt.builtins.a : aeabi_memcpy.S.obj (.text.__aeabi_memcpy)
                  0000d1c4    00000008     libsysbm.a : remove.c.obj (.text.remove)
                  0000d1cc    00000004     startup_mspm0g3507_ticlang.o (.text.Reset_Handler)
                  0000d1d0    00000004     libc.a : pre_init.c.obj (.text._system_pre_init)
                  0000d1d4    00000004            : exit.c.obj (.text:abort)
                  0000d1d8    00000008     --HOLE-- [fill = 0]

.cinit     0    0000d1e0    000000f8     
                  0000d1e0    000000d3     (.cinit..data.load) [load image, compression = lzss]
                  0000d2b3    00000001     --HOLE-- [fill = 0]
                  0000d2b4    0000000c     (__TI_handler_table)
                  0000d2c0    00000008     (.cinit..bss.load) [load image, compression = zero_init]
                  0000d2c8    00000010     (__TI_cinit_table)

.rodata    0    000000c0    00009c78     
                  000000c0    00001eba     Machine.o (.rodata._ZL9anvilMenu)
                  00001f7a    00000f78     Machine.o (.rodata._ZL12anvilWorking)
                  00002ef2    00000f78     Machine.o (.rodata._ZL14anvilHighlight)
                  00003e6a    00000f78     Machine.o (.rodata._ZL5anvil)
                  00004de2    00000bb0     Machine.o (.rodata._ZL11workingRock)
                  00005992    00000bb0     Machine.o (.rodata._ZL13highlightRock)
                  00006542    00000bb0     Machine.o (.rodata._ZL4rock)
                  000070f2    00000992     Lab9HMain.o (.rodata._ZL5miner)
                  00007a84    000004fb     ST7735.o (.rodata._ZL4Font)
                  00007f7f    00000001     --HOLE-- [fill = 0]
                  00007f80    00000348     Lab9HMain.o (.rodata._ZL5watch)
                  000082c8    00000320     Lab9HMain.o (.rodata._ZL5trash)
                  000085e8    000002d2     Lab9HMain.o (.rodata._ZL5sword)
                  000088ba    000002ac     Lab9HMain.o (.rodata._ZL3key)
                  00008b66    000002a0     Lab9HMain.o (.rodata._ZL6shield)
                  00008e06    00000220     Lab9HMain.o (.rodata._ZL4ring)
                  00009026    0000018c     Lab9HMain.o (.rodata._ZL10rawDiamond)
                  000091b2    0000018c     Lab9HMain.o (.rodata._ZL10rawEmerald)
                  0000933e    0000018c     Lab9HMain.o (.rodata._ZL7rawGold)
                  000094ca    0000018c     Lab9HMain.o (.rodata._ZL7rawRuby)
                  00009656    0000018c     Lab9HMain.o (.rodata._ZL9rawSilver)
                  000097e2    0000010e     Lab9HMain.o (.rodata._ZL4gold)
                  000098f0    0000010e     Lab9HMain.o (.rodata._ZL6silver)
                  000099fe    000000d8     Lab9HMain.o (.rodata._ZL4Ruby)
                  00009ad6    000000d8     Lab9HMain.o (.rodata._ZL7Diamond)
                  00009bae    000000d8     Lab9HMain.o (.rodata._ZL7Emerald)
                  00009c86    0000003b     ST7735.o (.rodata._ZL5Rcmd1)
                  00009cc1    0000002b     ST7735.o (.rodata._ZL5Rcmd3)
                  00009cec    00000016     ST7735.o (.rodata.str1.43788427057889536241)
                  00009d02    0000000d     ST7735.o (.rodata._ZL10Rcmd2green)
                  00009d0f    0000000d     ST7735.o (.rodata._ZL8Rcmd2red)
                  00009d1c    00000008     ST7735.o (.rodata.str1.54535931475021008601)
                  00009d24    00000007     ST7735.o (.rodata.str1.103567388005067375301)
                  00009d2b    00000007     ST7735.o (.rodata.str1.132933244321656697041)
                  00009d32    00000002     ST7735.o (.rodata.str1.18657686242476325171)
                  00009d34    00000004     --HOLE-- [fill = 0]

.init_array 
*          0    00009d38    00000008     
                  00009d38    00000004     Lab9HMain.o (.init_array)
                  00009d3c    00000004     --HOLE-- [fill = 0]

.data      0    20200000    000002a1     UNINITIALIZED
                  20200000    000000f0     libc.a : defs.c.obj (.data._ftable)
                  202000f0    00000088     Lab9HMain.o (.data.sprites)
                  20200178    00000078     libsysbm.a : host_device.c.obj (.data._device)
                  202001f0    00000050                : host_device.c.obj (.data._stream)
                  20200240    0000000c     Lab9HMain.o (.data.Sensor)
                  2020024c    00000008     libc.a : exit.c.obj (.data..L_MergedGlobals)
                  20200254    00000008     Lab9HMain.o (.data.m_anvil)
                  2020025c    00000008     Lab9HMain.o (.data.m_refiner)
                  20200264    00000008     Lab9HMain.o (.data.m_rock)
                  2020026c    00000008     Lab9HMain.o (.data.p1)
                  20200274    00000004     Clock.o (.data.BusFreq)
                  20200278    00000004     ST7735.o (.data.StX)
                  2020027c    00000004     ST7735.o (.data.StY)
                  20200280    00000004     libc.a : defs.c.obj (.data.__TI_ft_end)
                  20200284    00000004            : _lock.c.obj (.data._lock)
                  20200288    00000004            : _lock.c.obj (.data._unlock)
                  2020028c    00000002     ST7735.o (.data.StTextColor)
                  2020028e    00000002     ST7735.o (.data._ZL6_width)
                  20200290    00000002     ST7735.o (.data._ZL7_height)
                  20200292    00000001     Machine.o (.data._ZZN7Machine10updateRockEhE10wasWorking)
                  20200293    00000001     Machine.o (.data._ZZN7Machine11updateAnvilEhE11anvilLength)
                  20200294    00000001     Machine.o (.data._ZZN7Machine11updateAnvilEhE12menuDebounce)
                  20200295    00000001     Lab9HMain.o (.data.input)
                  20200296    00000002     --HOLE--
                  20200298    00000001     libsysbm.a : add_device.c.obj (.data.add_device.device_init)
                  20200299    00000003     --HOLE--
                  2020029c    00000001     libc.a : memory.c.obj (.data.memory_is_initialized)
                  2020029d    00000003     --HOLE--
                  202002a0    00000001     libsysbm.a : open.c.obj (.data.open.stream_init)

.sysmem    0    202002a8    00000200     UNINITIALIZED
                  202002a8    00000010     libc.a : memory.c.obj (.sysmem)
                  202002b8    000001f0     --HOLE--

.bss       0    202004a8    000001df     UNINITIALIZED
                  202004a8    00000120     libsysbm.a : trgmsg.c.obj (.bss:_CIOBUF_)
                  202005c8    000000a0     libc.a : defs.c.obj (.bss.__TI_tmpnams)
                  20200668    00000008     libsysbm.a : hostopen.c.obj (.bss.parmbuf)
                  20200670    00000005     Machine.o (.bss._ZZN7Machine11updateAnvilEhE10AnvilItems)
                  20200675    00000001     ST7735.o (.bss._ZL8ColStart)
                  20200676    00000001     ST7735.o (.bss._ZL8Rotation)
                  20200677    00000001     ST7735.o (.bss._ZL8RowStart)
                  20200678    00000004     TExaS.o (.bss.TExaSLogic)
                  2020067c    00000004     TExaS.o (.bss.TExaSadc)
                  20200680    00000004     libc.a : memory.c.obj (.bss.sys_free)
                  20200684    00000001     ST7735.o (.bss._ZL8TabColor)
                  20200685    00000001     Lab9HMain.o (.bss.buttons)
                  20200686    00000001     Lab9HMain.o (.bss.menuOpen)

.stack     0    20207e00    00000200     UNINITIALIZED
                  20207e00    00000004     libc.a : boot_cortex_m.c.obj (.stack)
                  20207e04    000001fc     --HOLE--

__llvm_prf_cnts 
*          0    20200000    00000000     UNINITIALIZED

__llvm_prf_bits 
*          0    20200000    00000000     UNINITIALIZED

MODULE SUMMARY

       Module                         code    ro data   rw data
       ------                         ----    -------   -------
    .\
       Machine.o                      1378    28722     8      
       Lab9HMain.o                    1166    9884      183    
       ST7735.o                       3194    1449      18     
       Player.o                       1262    0         0      
       TExaS.o                        720     0         8      
       Clock.o                        516     0         4      
       SPI.o                          440     0         0      
       SlidePot.o                     330     0         0      
       Timer.o                        316     0         0      
       LaunchPad.o                    180     0         0      
       Sound.o                        62      0         0      
       Switch.o                       52      0         0      
    +--+------------------------------+-------+---------+---------+
       Total:                         9616    40055     221    
                                                               
    .\ticlang\
       startup_mspm0g3507_ticlang.o   60      192       0      
    +--+------------------------------+-------+---------+---------+
       Total:                         60      192       0      
                                                               
    C:\ti\ccs\tools\compiler\ti-cgt-armllvm_4.0.1.LTS\lib\armv6m-ti-none-eabi/c/libc.a
       memory.c.obj                   702     0         5      
       fopen.c.obj                    556     0         0      
       defs.c.obj                     0       0         404    
       setvbuf.c.obj                  224     0         0      
       getdevice.c.obj                160     0         0      
       strcmp-armv6m.S.obj            136     0         0      
       copy_decompress_lzss.c.obj     124     0         0      
       fclose.c.obj                   124     0         0      
       autoinit.c.obj                 84      0         0      
       fflush.c.obj                   82      0         0      
       exit.c.obj                     56      0         8      
       boot_cortex_m.c.obj            40      0         0      
       copy_zero_init.c.obj           22      0         0      
       copy_decompress_none.c.obj     18      0         0      
       memcpy16.S.obj                 18      0         0      
       memset16.S.obj                 14      0         0      
       _lock.c.obj                    2       0         8      
       pre_init.c.obj                 4       0         0      
    +--+------------------------------+-------+---------+---------+
       Total:                         2366    0         425    
                                                               
    C:\ti\ccs\tools\compiler\ti-cgt-armllvm_4.0.1.LTS\lib\armv6m-ti-none-eabi/c/libsysbm.a
       trgmsg.c.obj                   104     0         288    
       add_device.c.obj               236     0         1      
       host_device.c.obj              0       0         200    
       open.c.obj                     160     0         1      
       hostrename.c.obj               136     0         0      
       hostlseek.c.obj                108     0         0      
       hostopen.c.obj                 96      0         8      
       hostread.c.obj                 88      0         0      
       hostwrite.c.obj                88      0         0      
       close.c.obj                    80      0         0      
       hostclose.c.obj                72      0         0      
       hostunlink.c.obj               72      0         0      
       unlink.c.obj                   44      0         0      
       write.c.obj                    40      0         0      
       remove.c.obj                   8       0         0      
    +--+------------------------------+-------+---------+---------+
       Total:                         1332    0         498    
                                                               
    C:\ti\ccs\tools\compiler\ti-cgt-armllvm_4.0.1.LTS\lib\armv6m-ti-none-eabi/libclang_rt.builtins.a
       aeabi_uidivmod.S.obj           64      0         0      
       aeabi_memset.S.obj             12      0         0      
       aeabi_memcpy.S.obj             8       0         0      
       aeabi_div0.c.obj               2       0         0      
    +--+------------------------------+-------+---------+---------+
       Total:                         86      0         0      
                                                               
       Heap:                          0       0         512    
       Stack:                         0       0         512    
       Linker Generated:              0       247       0      
    +--+------------------------------+-------+---------+---------+
       Grand Total:                   13460   40494     2168   


LINKER GENERATED COPY TABLES

__TI_cinit_table @ 0000d2c8 records: 2, size/record: 8, table size: 16
	.data: load addr=0000d1e0, load size=000000d3 bytes, run addr=20200000, run size=000002a1 bytes, compression=lzss
	.bss: load addr=0000d2c0, load size=00000008 bytes, run addr=202004a8, run size=000001df bytes, compression=zero_init


LINKER GENERATED HANDLER TABLE

__TI_handler_table @ 0000d2b4 records: 3, size/record: 4, table size: 12
	index: 0, handler: __TI_decompress_lzss
	index: 1, handler: __TI_decompress_none
	index: 2, handler: __TI_zero_init


GLOBAL SYMBOLS: SORTED ALPHABETICALLY BY Name 

address   name                                
-------   ----                                
0000cf11  ADC0_IRQHandler                     
0000cf11  ADC1_IRQHandler                     
0000cf11  AES_IRQHandler                      
20200274  BusFreq                             
0000d1d4  C$$EXIT                             
0000ccb1  C$$IO$$                             
0000cf11  CANFD0_IRQHandler                   
0000cf11  DAC0_IRQHandler                     
0000cf11  DMA_IRQHandler                      
0000cf11  Default_Handler                     
0000cf11  GROUP0_IRQHandler                   
0000cf11  GROUP1_IRQHandler                   
0000c885  HOSTclose                           
0000c391  HOSTlseek                           
0000c539  HOSTopen                            
0000c599  HOSTread                            
0000c3fd  HOSTrename                          
0000c8cd  HOSTunlink                          
0000c5f1  HOSTwrite                           
0000cf2d  HardFault_Handler                   
0000cf11  I2C0_IRQHandler                     
0000cf11  I2C1_IRQHandler                     
0000cf11  NMI_Handler                         
0000cf11  PendSV_Handler                      
0000cf11  RTC_IRQHandler                      
0000d1cd  Reset_Handler                       
00009d38  SHT$$INIT_ARRAY$$Base               
00009d3c  SHT$$INIT_ARRAY$$Limit              
0000cf11  SPI0_IRQHandler                     
0000cf11  SPI1_IRQHandler                     
0000cf11  SVC_Handler                         
20200240  Sensor                              
2020028c  StTextColor                         
20200278  StX                                 
2020027c  StY                                 
0000bb9f  SysTick_Handler                     
20200678  TExaSLogic                          
2020067c  TExaSadc                            
0000cf11  TIMA0_IRQHandler                    
0000cf11  TIMA1_IRQHandler                    
0000cf11  TIMG0_IRQHandler                    
0000ca5d  TIMG12_IRQHandler                   
0000cf11  TIMG6_IRQHandler                    
0000c95d  TIMG7_IRQHandler                    
0000cf11  TIMG8_IRQHandler                    
0000d075  TI_memcpy_small                     
0000d13b  TI_memset_small                     
0000cf11  UART0_IRQHandler                    
0000cf11  UART1_IRQHandler                    
0000cf11  UART2_IRQHandler                    
0000cf11  UART3_IRQHandler                    
202004a8  _CIOBUF_                            
0000d149  _Z10Clock_Freqv                     
0000ca99  _Z10Sound_Initv                     
0000c649  _Z10TExaS_InitP10ADC12_RegsjPFhvE   
0000d099  _Z11Clock_Delayj                    
0000cb11  _Z11SPI_OutDatac                    
0000d021  _Z11ST7735_openPKcji                
0000d037  _Z11ST7735_readiPcj                 
0000d009  _Z11Switch_Initv                    
0000bcdd  _Z12ST7735_InitR10initRFlags        
0000d19d  _Z12ST7735_closei                   
0000d0e7  _Z12ST7735_lseekili                 
0000cb81  _Z12ST7735_writeiPKcj               
0000d155  _Z13ST7735_renamePKcS0_             
0000d1a7  _Z13ST7735_unlinkPKc                
0000cbb5  _Z14Clock_Delay1msj                 
0000c13d  _Z14LaunchPad_Initv                 
0000c915  _Z14SPI_OutCommandc                 
0000b6d9  _Z14ST7735_OutCharc                 
0000b909  _Z14TimerG7_IntArmtjj               
0000cb49  _Z15ActivatePortA_Bv                
0000a5a1  _Z15Clock_Init80MHzi                
0000ae1d  _Z15ST7735_FillRectsssst            
0000bd75  _Z15TimerG12_IntArmjj               
0000a755  _Z16ST7735_DrawCharSsscssh          
0000c2b1  _Z16ST7735_DrawPixelsst             
0000cbe9  _Z16ST7735_SetCursorjj              
0000a391  _Z17ST7735_DrawBitmapssPKtss        
0000c039  _Z17ST7735_DrawStringttPcs          
0000cdb5  _Z17ST7735_FillScreent              
0000bc41  _Z17ST7735_InitPrintfv              
0000b249  _Z18ST7735_SetRotationh             
0000b7a9  _Z20ST7735_DrawFastHLinessst        
0000b859  _Z20ST7735_DrawFastVLinessst        
0000d0a9  _Z28TExaS_LaunchPadLogicPB27PB26v   
0000acf5  _Z8ADC_InitP10ADC12_Regsjj          
0000d1b1  _Z8PLL_Initv                        
0000b151  _Z8SPI_Initv                        
0000ce0d  _Z9ADC_StartP10ADC12_Regs           
0000c99d  _Z9SPI_Resetv                       
0000cf49  _Z9Switch_Inv                       
0000b429  _Z9UART_Initv                       
0000d063  _ZN6Player13setPossessionEh         
0000b9b1  _ZN6Player14checkProximityE7Machine 
0000ba57  _ZN6Player15getMachineInputE7Machine
0000c0bd  _ZN6Player16resetCoordinatesEv      
0000b049  _ZN6Player6moveUpEv                 
0000d161  _ZN6Player7getSizeEv                
0000d0f5  _ZN6Player7getXPosEv                
0000d103  _ZN6Player7getYPosEv                
0000abc9  _ZN6Player8moveDownEv               
0000c7ed  _ZN6Player8moveLeftEv               
0000c839  _ZN6Player9moveRightEv              
0000cf65  _ZN6PlayerC1Ev                      
0000cf65  _ZN6PlayerC2Ev                      
0000be09  _ZN7Machine10printAnvilEh           
0000a8f5  _ZN7Machine10updateRockEh           
0000a0ed  _ZN7Machine11updateAnvilEh          
0000c321  _ZN7Machine9printRockEh             
0000cad5  _ZN7MachineC1Ehhhh                  
0000cad5  _ZN7MachineC2Ehhhh                  
0000c6a1  _ZN8SlidePot2InEv                   
0000be9d  _ZN8SlidePot4InitEv                 
0000cead  _ZN8SlidePot4SaveEj                 
0000ced1  _ZN8SlidePot4SyncEv                 
0000d16d  _ZN8SlidePot9DistanceXEv            
0000d179  _ZN8SlidePot9DistanceYEv            
0000d111  _ZN8SlidePotC1Ev                    
0000d111  _ZN8SlidePotC2Ev                    
202004a8  __CIOBUF_                           
20208000  __STACK_END                         
00000200  __STACK_SIZE                        
00000200  __SYSMEM_SIZE                       
00000000  __TI_ATRegion0_region_sz            
00000000  __TI_ATRegion0_src_addr             
00000000  __TI_ATRegion0_trg_addr             
00000000  __TI_ATRegion1_region_sz            
00000000  __TI_ATRegion1_src_addr             
00000000  __TI_ATRegion1_trg_addr             
00000000  __TI_ATRegion2_region_sz            
00000000  __TI_ATRegion2_src_addr             
00000000  __TI_ATRegion2_trg_addr             
0000d2c8  __TI_CINIT_Base                     
0000d2d8  __TI_CINIT_Limit                    
0000d2d8  __TI_CINIT_Warm                     
0000d2b4  __TI_Handler_Table_Base             
0000d2c0  __TI_Handler_Table_Limit            
0000c6f5  __TI_auto_init_nobinit              
0000cc1d  __TI_cleanup                        
2020024c  __TI_cleanup_ptr                    
0000c1b9  __TI_closefile                      
0000c235  __TI_decompress_lzss                
0000d087  __TI_decompress_none                
0000c749  __TI_doflush                        
20200250  __TI_dtors_ptr                      
20200280  __TI_ft_end                         
ffffffff  __TI_pprof_out_hndl                 
ffffffff  __TI_prof_data_size                 
ffffffff  __TI_prof_data_start                
0000cc51  __TI_readmsg                        
00000000  __TI_static_base__                  
202005c8  __TI_tmpnams                        
0000cc85  __TI_writemsg                       
0000d04d  __TI_zero_init_nomemset             
0000c79b  __aeabi_idiv0                       
0000d185  __aeabi_memclr                      
0000d185  __aeabi_memclr4                     
0000d185  __aeabi_memclr8                     
0000d1bd  __aeabi_memcpy                      
0000d1bd  __aeabi_memcpy4                     
0000d1bd  __aeabi_memcpy8                     
0000c9dd  __aeabi_uidiv                       
0000c9dd  __aeabi_uidivmod                    
ffffffff  __binit__                           
UNDEFED   __mpu_init                          
20207e00  __stack                             
20200000  __start___llvm_prf_bits             
20200000  __start___llvm_prf_cnts             
20200000  __stop___llvm_prf_bits              
20200000  __stop___llvm_prf_cnts              
0000ce85  _c_int00_noargs                     
20200178  _device                             
20200000  _ftable                             
20200284  _lock                               
0000cb0f  _nop                                
202001f0  _stream                             
202002a8  _sys_memory                         
UNDEFED   _system_post_cinit                  
0000d1d1  _system_pre_init                    
20200288  _unlock                             
0000d1d5  abort                               
0000b33d  add_device                          
0000af35  aligned_alloc                       
ffffffff  binit                               
20200685  buttons                             
0000c79d  close                               
0000ccb9  exit                                
0000cced  finddevice                          
0000cd85  fopen                               
0000b511  free                                
0000cd21  freopen                             
0000c469  getdevice                           
20200295  input                               
00000000  interruptVectors                    
20200254  m_anvil                             
2020025c  m_refiner                           
20200264  m_rock                              
00009d41  main                                
0000d191  malloc                              
0000af35  memalign                            
20200686  menuOpen                            
0000bba1  open                                
2020026c  p1                                  
20200668  parmbuf                             
0000d1c5  remove                              
0000b5f9  setvbuf                             
202000f0  sprites                             
0000bfb1  strcmp                              
0000cde1  unlink                              
0000ce5d  write                               


GLOBAL SYMBOLS: SORTED BY Symbol Address 

address   name                                
-------   ----                                
00000000  __TI_ATRegion0_region_sz            
00000000  __TI_ATRegion0_src_addr             
00000000  __TI_ATRegion0_trg_addr             
00000000  __TI_ATRegion1_region_sz            
00000000  __TI_ATRegion1_src_addr             
00000000  __TI_ATRegion1_trg_addr             
00000000  __TI_ATRegion2_region_sz            
00000000  __TI_ATRegion2_src_addr             
00000000  __TI_ATRegion2_trg_addr             
00000000  __TI_static_base__                  
00000000  interruptVectors                    
00000200  __STACK_SIZE                        
00000200  __SYSMEM_SIZE                       
00009d38  SHT$$INIT_ARRAY$$Base               
00009d3c  SHT$$INIT_ARRAY$$Limit              
00009d41  main                                
0000a0ed  _ZN7Machine11updateAnvilEh          
0000a391  _Z17ST7735_DrawBitmapssPKtss        
0000a5a1  _Z15Clock_Init80MHzi                
0000a755  _Z16ST7735_DrawCharSsscssh          
0000a8f5  _ZN7Machine10updateRockEh           
0000abc9  _ZN6Player8moveDownEv               
0000acf5  _Z8ADC_InitP10ADC12_Regsjj          
0000ae1d  _Z15ST7735_FillRectsssst            
0000af35  aligned_alloc                       
0000af35  memalign                            
0000b049  _ZN6Player6moveUpEv                 
0000b151  _Z8SPI_Initv                        
0000b249  _Z18ST7735_SetRotationh             
0000b33d  add_device                          
0000b429  _Z9UART_Initv                       
0000b511  free                                
0000b5f9  setvbuf                             
0000b6d9  _Z14ST7735_OutCharc                 
0000b7a9  _Z20ST7735_DrawFastHLinessst        
0000b859  _Z20ST7735_DrawFastVLinessst        
0000b909  _Z14TimerG7_IntArmtjj               
0000b9b1  _ZN6Player14checkProximityE7Machine 
0000ba57  _ZN6Player15getMachineInputE7Machine
0000bb9f  SysTick_Handler                     
0000bba1  open                                
0000bc41  _Z17ST7735_InitPrintfv              
0000bcdd  _Z12ST7735_InitR10initRFlags        
0000bd75  _Z15TimerG12_IntArmjj               
0000be09  _ZN7Machine10printAnvilEh           
0000be9d  _ZN8SlidePot4InitEv                 
0000bfb1  strcmp                              
0000c039  _Z17ST7735_DrawStringttPcs          
0000c0bd  _ZN6Player16resetCoordinatesEv      
0000c13d  _Z14LaunchPad_Initv                 
0000c1b9  __TI_closefile                      
0000c235  __TI_decompress_lzss                
0000c2b1  _Z16ST7735_DrawPixelsst             
0000c321  _ZN7Machine9printRockEh             
0000c391  HOSTlseek                           
0000c3fd  HOSTrename                          
0000c469  getdevice                           
0000c539  HOSTopen                            
0000c599  HOSTread                            
0000c5f1  HOSTwrite                           
0000c649  _Z10TExaS_InitP10ADC12_RegsjPFhvE   
0000c6a1  _ZN8SlidePot2InEv                   
0000c6f5  __TI_auto_init_nobinit              
0000c749  __TI_doflush                        
0000c79b  __aeabi_idiv0                       
0000c79d  close                               
0000c7ed  _ZN6Player8moveLeftEv               
0000c839  _ZN6Player9moveRightEv              
0000c885  HOSTclose                           
0000c8cd  HOSTunlink                          
0000c915  _Z14SPI_OutCommandc                 
0000c95d  TIMG7_IRQHandler                    
0000c99d  _Z9SPI_Resetv                       
0000c9dd  __aeabi_uidiv                       
0000c9dd  __aeabi_uidivmod                    
0000ca5d  TIMG12_IRQHandler                   
0000ca99  _Z10Sound_Initv                     
0000cad5  _ZN7MachineC1Ehhhh                  
0000cad5  _ZN7MachineC2Ehhhh                  
0000cb0f  _nop                                
0000cb11  _Z11SPI_OutDatac                    
0000cb49  _Z15ActivatePortA_Bv                
0000cb81  _Z12ST7735_writeiPKcj               
0000cbb5  _Z14Clock_Delay1msj                 
0000cbe9  _Z16ST7735_SetCursorjj              
0000cc1d  __TI_cleanup                        
0000cc51  __TI_readmsg                        
0000cc85  __TI_writemsg                       
0000ccb1  C$$IO$$                             
0000ccb9  exit                                
0000cced  finddevice                          
0000cd21  freopen                             
0000cd85  fopen                               
0000cdb5  _Z17ST7735_FillScreent              
0000cde1  unlink                              
0000ce0d  _Z9ADC_StartP10ADC12_Regs           
0000ce5d  write                               
0000ce85  _c_int00_noargs                     
0000cead  _ZN8SlidePot4SaveEj                 
0000ced1  _ZN8SlidePot4SyncEv                 
0000cf11  ADC0_IRQHandler                     
0000cf11  ADC1_IRQHandler                     
0000cf11  AES_IRQHandler                      
0000cf11  CANFD0_IRQHandler                   
0000cf11  DAC0_IRQHandler                     
0000cf11  DMA_IRQHandler                      
0000cf11  Default_Handler                     
0000cf11  GROUP0_IRQHandler                   
0000cf11  GROUP1_IRQHandler                   
0000cf11  I2C0_IRQHandler                     
0000cf11  I2C1_IRQHandler                     
0000cf11  NMI_Handler                         
0000cf11  PendSV_Handler                      
0000cf11  RTC_IRQHandler                      
0000cf11  SPI0_IRQHandler                     
0000cf11  SPI1_IRQHandler                     
0000cf11  SVC_Handler                         
0000cf11  TIMA0_IRQHandler                    
0000cf11  TIMA1_IRQHandler                    
0000cf11  TIMG0_IRQHandler                    
0000cf11  TIMG6_IRQHandler                    
0000cf11  TIMG8_IRQHandler                    
0000cf11  UART0_IRQHandler                    
0000cf11  UART1_IRQHandler                    
0000cf11  UART2_IRQHandler                    
0000cf11  UART3_IRQHandler                    
0000cf2d  HardFault_Handler                   
0000cf49  _Z9Switch_Inv                       
0000cf65  _ZN6PlayerC1Ev                      
0000cf65  _ZN6PlayerC2Ev                      
0000d009  _Z11Switch_Initv                    
0000d021  _Z11ST7735_openPKcji                
0000d037  _Z11ST7735_readiPcj                 
0000d04d  __TI_zero_init_nomemset             
0000d063  _ZN6Player13setPossessionEh         
0000d075  TI_memcpy_small                     
0000d087  __TI_decompress_none                
0000d099  _Z11Clock_Delayj                    
0000d0a9  _Z28TExaS_LaunchPadLogicPB27PB26v   
0000d0e7  _Z12ST7735_lseekili                 
0000d0f5  _ZN6Player7getXPosEv                
0000d103  _ZN6Player7getYPosEv                
0000d111  _ZN8SlidePotC1Ev                    
0000d111  _ZN8SlidePotC2Ev                    
0000d13b  TI_memset_small                     
0000d149  _Z10Clock_Freqv                     
0000d155  _Z13ST7735_renamePKcS0_             
0000d161  _ZN6Player7getSizeEv                
0000d16d  _ZN8SlidePot9DistanceXEv            
0000d179  _ZN8SlidePot9DistanceYEv            
0000d185  __aeabi_memclr                      
0000d185  __aeabi_memclr4                     
0000d185  __aeabi_memclr8                     
0000d191  malloc                              
0000d19d  _Z12ST7735_closei                   
0000d1a7  _Z13ST7735_unlinkPKc                
0000d1b1  _Z8PLL_Initv                        
0000d1bd  __aeabi_memcpy                      
0000d1bd  __aeabi_memcpy4                     
0000d1bd  __aeabi_memcpy8                     
0000d1c5  remove                              
0000d1cd  Reset_Handler                       
0000d1d1  _system_pre_init                    
0000d1d4  C$$EXIT                             
0000d1d5  abort                               
0000d2b4  __TI_Handler_Table_Base             
0000d2c0  __TI_Handler_Table_Limit            
0000d2c8  __TI_CINIT_Base                     
0000d2d8  __TI_CINIT_Limit                    
0000d2d8  __TI_CINIT_Warm                     
20200000  __start___llvm_prf_bits             
20200000  __start___llvm_prf_cnts             
20200000  __stop___llvm_prf_bits              
20200000  __stop___llvm_prf_cnts              
20200000  _ftable                             
202000f0  sprites                             
20200178  _device                             
202001f0  _stream                             
20200240  Sensor                              
2020024c  __TI_cleanup_ptr                    
20200250  __TI_dtors_ptr                      
20200254  m_anvil                             
2020025c  m_refiner                           
20200264  m_rock                              
2020026c  p1                                  
20200274  BusFreq                             
20200278  StX                                 
2020027c  StY                                 
20200280  __TI_ft_end                         
20200284  _lock                               
20200288  _unlock                             
2020028c  StTextColor                         
20200295  input                               
202002a8  _sys_memory                         
202004a8  _CIOBUF_                            
202004a8  __CIOBUF_                           
202005c8  __TI_tmpnams                        
20200668  parmbuf                             
20200678  TExaSLogic                          
2020067c  TExaSadc                            
20200685  buttons                             
20200686  menuOpen                            
20207e00  __stack                             
20208000  __STACK_END                         
ffffffff  __TI_pprof_out_hndl                 
ffffffff  __TI_prof_data_size                 
ffffffff  __TI_prof_data_start                
ffffffff  __binit__                           
ffffffff  binit                               
UNDEFED   __mpu_init                          
UNDEFED   _system_post_cinit                  

[211 symbols]
