******************************************************************************
            TI ARM Clang Linker PC v4.0.1                      
******************************************************************************
>> Linked Sun Apr 20 13:42:36 2025

OUTPUT FILE NAME:   <MadMines.out>
ENTRY POINT SYMBOL: "_c_int00_noargs"  address: 0001e1d1


MEMORY CONFIGURATION

         name            origin    length      used     unused   attr    fill
----------------------  --------  ---------  --------  --------  ----  --------
  FLASH                 00000000   00020000  0001e8f8  00001708  R  X
  SRAM                  20200000   00008000  00000ad8  00007528  RW X
  BCR_CONFIG            41c00000   00000080  00000000  00000080  R   
  BSL_CONFIG            41c00100   00000080  00000000  00000080  R   


SEGMENT ALLOCATION MAP

run origin  load origin   length   init length attrs members
----------  ----------- ---------- ----------- ----- -------
00000000    00000000    0001e8f8   0001e8f8    r-x
  00000000    00000000    000000c0   000000c0    r-- .intvecs
  000000c0    000000c0    00017ce8   00017ce8    r-- .rodata
  00017da8    00017da8    00000008   00000008    r-- .init_array
  00017db0    00017db0    000069c0   000069c0    r-x .text
  0001e770    0001e770    00000188   00000188    r-- .cinit
20200000    20200000    000008df   00000000    rw-
  20200000    20200000    000004e9   00000000    rw- .data
  202004f0    202004f0    00000200   00000000    rw- .sysmem
  202006f0    202006f0    000001ef   00000000    rw- .bss
20207e00    20207e00    00000200   00000000    rw-
  20207e00    20207e00    00000200   00000000    rw- .stack


SECTION ALLOCATION MAP

 output                                  attributes/
section   page    origin      length       input sections
--------  ----  ----------  ----------   ----------------
.intvecs   0    00000000    000000c0     
                  00000000    000000c0     startup_mspm0g3507_ticlang.o (.intvecs)

.binit     0    00000000    00000000     

.text      0    00017db0    000069c0     
                  00017db0    00000aa0     Lab9HMain.o (.text.main)
                  00018850    0000055c     Machine.o (.text._ZN7Machine10updateCartEh)
                  00018dac    000004c8     Machine.o (.text._ZN7Machine11updateAnvilEh)
                  00019274    0000040c     Machine.o (.text._ZN7Machine10updateRockEh)
                  00019680    0000038c     Machine.o (.text._ZN7Machine14updateCountersEhPS_)
                  00019a0c    00000340     Machine.o (.text._ZN7Machine13updateSmelterEh)
                  00019d4c    000002b8     Machine.o (.text._ZN7Machine10printAnvilEv)
                  0001a004    000002b0     Machine.o (.text._ZN7Machine13printCountersEPS_)
                  0001a2b4    0000023c     Player.o (.text._ZN6Player8inBoundsEssPP7Machinehh)
                  0001a4f0    00000210     ST7735.o (.text._Z17ST7735_DrawBitmapssPKtss)
                  0001a700    000001dc     Lab9HMain.o (.text._Z17setUpInstructionsv)
                  0001a8dc    000001d8     Machine.o (.text._ZN7Machine9printCartEv)
                  0001aab4    000001b8     Machine.o (.text._ZN7Machine12printSmelterEv)
                  0001ac6c    000001b4     Clock.o (.text._Z15Clock_Init80MHzi)
                  0001ae20    000001a4     ST7735.o (.text._Z15ST7735_DrawCharsscssh)
                  0001afc4    000001a0     ST7735.o (.text._Z16ST7735_DrawCharSsscssh)
                  0001b164    00000198     Machine.o (.text._ZN7Machine13computeRecipeEPaa)
                  0001b2fc    0000017c     Machine.o (.text._ZN7Machine9printRockEv)
                  0001b478    00000160     Machine.o (.text._ZN7Machine15updateAnvilMenuEPaa)
                  0001b5d8    0000015c     Machine.o (.text._ZN7Machine13cartSendErrorEhh)
                  0001b734    00000154     libc.a : fopen.c.obj (.text._openfile)
                  0001b888    00000128     TExaS.o (.text._Z8ADC_InitP10ADC12_Regsjj)
                  0001b9b0    00000118     ST7735.o (.text._Z15ST7735_FillRectsssst)
                  0001bac8    00000114     libc.a : memory.c.obj (.text.aligned_alloc)
                  0001bbdc    000000f8     SPI.o (.text._Z8SPI_Initv)
                  0001bcd4    000000f4     ST7735.o (.text._Z18ST7735_SetRotationh)
                  0001bdc8    000000ec     libsysbm.a : add_device.c.obj (.text.add_device)
                  0001beb4    000000e8     TExaS.o (.text._Z9UART_Initv)
                  0001bf9c    000000e8     libc.a : memory.c.obj (.text.free)
                  0001c084    000000e0            : setvbuf.c.obj (.text.setvbuf)
                  0001c164    000000dc     UART2.o (.text._Z10UART2_Initv)
                  0001c240    000000d8     ST7735.o (.text._Z14ST7735_OutCharc)
                  0001c318    000000b0     ST7735.o (.text._Z20ST7735_DrawFastHLinessst)
                  0001c3c8    000000b0     ST7735.o (.text._Z20ST7735_DrawFastVLinessst)
                  0001c478    000000a8     Timer.o (.text._Z14TimerG7_IntArmtjj)
                  0001c520    000000a2     ST7735.o (.text._ZL11commandListPKh)
                  0001c5c2    00000002     libclang_rt.builtins.a : aeabi_div0.c.obj (.text.__aeabi_idiv0)
                  0001c5c4    000000a0     libsysbm.a : open.c.obj (.text.open)
                  0001c664    0000009c     ST7735.o (.text._Z17ST7735_InitPrintfv)
                  0001c700    0000009c     Player.o (.text._ZN6Player14checkProximityE7Machine)
                  0001c79c    00000098     ST7735.o (.text._Z12ST7735_InitR10initRFlags)
                  0001c834    00000098     Player.o (.text._ZN6Player16resetCoordinatesEPsS0_)
                  0001c8cc    00000094     Timer.o (.text._Z15TimerG12_IntArmjj)
                  0001c960    0000008c     ST7735.o (.text._Z17ST7735_DrawStringttPcs)
                  0001c9ec    0000008c     Machine.o (.text._ZN7MachineC2Ehhhhhhhhhh)
                  0001ca78    0000008c     SlidePot.o (.text._ZN8SlidePot4InitEv)
                  0001cb04    00000088     ST7735.o (.text._ZL13setAddrWindowhhhh)
                  0001cb8c    00000004     libc.a : pre_init.c.obj (.text._system_pre_init)
                  0001cb90    00000088            : strcmp-armv6m.S.obj (.text:strcmp)
                  0001cc18    00000084     Machine.o (.text._ZN7MachineC2Ehhhhhhhhh)
                  0001cc9c    0000007c     LaunchPad.o (.text._Z14LaunchPad_Initv)
                  0001cd18    0000007c     libc.a : fclose.c.obj (.text.__TI_closefile)
                  0001cd94    0000007c            : copy_decompress_lzss.c.obj (.text:decompress:lzss)
                  0001ce10    00000074     UART2.o (.text.UART2_IRQHandler)
                  0001ce84    00000074     IRxmt.o (.text._Z13IRxmt_SendBiti)
                  0001cef8    00000070     ST7735.o (.text._Z16ST7735_DrawPixelsst)
                  0001cf68    0000006e     Player.o (.text._ZN6Player15getMachineInputE7Machine)
                  0001cfd6    00000002     libc.a : _lock.c.obj (.text._nop)
                  0001cfd8    0000006c     libsysbm.a : hostlseek.c.obj (.text.HOSTlseek)
                  0001d044    0000006c                : hostrename.c.obj (.text.HOSTrename)
                  0001d0b0    0000006c     Lab9HMain.o (.text._GLOBAL__sub_I_Lab9HMain.cpp)
                  0001d11c    0000006c     Sound.o (.text._Z11Sound_Starth)
                  0001d188    0000006c     libc.a : getdevice.c.obj (.text.getdevice)
                  0001d1f4    00000064     Machine.o (.text._ZN7MachineC2Ehhhhhh)
                  0001d258    00000064     libc.a : memory.c.obj (.text.split)
                  0001d2bc    00000060     libsysbm.a : hostopen.c.obj (.text.HOSTopen)
                  0001d31c    00000058                : hostread.c.obj (.text.HOSTread)
                  0001d374    00000058                : hostwrite.c.obj (.text.HOSTwrite)
                  0001d3cc    00000058     Sound.o (.text.SysTick_Handler)
                  0001d424    00000058     TExaS.o (.text._Z10TExaS_InitP10ADC12_RegsjPFhvE)
                  0001d47c    00000056     libclang_rt.builtins.a : aeabi_idivmod.S.obj (.text.__aeabi_idivmod)
                  0001d4d2    00000002     --HOLE-- [fill = 0]
                  0001d4d4    00000054     Player.o (.text._ZN6Player14printPosessionEh)
                  0001d528    00000054     Player.o (.text._ZN6Player8moveLeftEv)
                  0001d57c    00000054     Player.o (.text._ZN6Player9moveRightEv)
                  0001d5d0    00000054     SlidePot.o (.text._ZN8SlidePot2InEv)
                  0001d624    00000054     libc.a : autoinit.c.obj (.text:__TI_auto_init_nobinit)
                  0001d678    00000052     Player.o (.text._ZN6Player8moveDownEv)
                  0001d6ca    00000052     libc.a : fflush.c.obj (.text.__TI_doflush)
                  0001d71c    00000050     Lab9HMain.o (.text.__cxx_global_var_init.13)
                  0001d76c    00000050     libsysbm.a : close.c.obj (.text.close)
                  0001d7bc    0000004c     FIFO2.o (.text._ZN5Queue3GetEPc)
                  0001d808    0000004c     FIFO2.o (.text._ZN5Queue3PutEc)
                  0001d854    00000048     libsysbm.a : hostclose.c.obj (.text.HOSTclose)
                  0001d89c    00000048                : hostunlink.c.obj (.text.HOSTunlink)
                  0001d8e4    00000048     IRxmt.o (.text._Z13IRxmt_OutCharc)
                  0001d92c    00000048     SPI.o (.text._Z14SPI_OutCommandc)
                  0001d974    00000040     TExaS.o (.text.TIMG7_IRQHandler)
                  0001d9b4    00000040     Sound.o (.text._Z10Sound_Initv)
                  0001d9f4    00000040     SPI.o (.text._Z9SPI_Resetv)
                  0001da34    00000040     libclang_rt.builtins.a : aeabi_uidivmod.S.obj (.text.__aeabi_uidivmod)
                  0001da74    00000040     Lab9HMain.o (.text.__cxx_global_var_init.25)
                  0001dab4    00000040     libc.a : fopen.c.obj (.text._search_fp)
                  0001daf4    0000003c     Lab9HMain.o (.text.TIMG12_IRQHandler)
                  0001db30    0000003c     DAC5.o (.text._Z9DAC5_Initv)
                  0001db6c    0000003c     Player.o (.text._ZN6Player6moveUpEv)
                  0001dba8    00000038     SPI.o (.text._Z11SPI_OutDatac)
                  0001dbe0    00000038     LaunchPad.o (.text._Z15ActivatePortA_Bv)
                  0001dc18    00000034     ST7735.o (.text._Z12ST7735_writeiPKcj)
                  0001dc4c    00000034     Clock.o (.text._Z14Clock_Delay1msj)
                  0001dc80    00000034     ST7735.o (.text._Z16ST7735_SetCursorjj)
                  0001dcb4    00000034     libc.a : fopen.c.obj (.text.__TI_cleanup)
                  0001dce8    00000034     libsysbm.a : trgmsg.c.obj (.text.__TI_readmsg)
                  0001dd1c    00000034                : trgmsg.c.obj (.text.__TI_writemsg)
                  0001dd50    00000034     libc.a : exit.c.obj (.text.exit)
                  0001dd84    00000034            : getdevice.c.obj (.text.finddevice)
                  0001ddb8    00000034            : fopen.c.obj (.text.freopen)
                  0001ddec    00000030     ST7735.o (.text._ZL10commonInitPKh)
                  0001de1c    00000030     Player.o (.text._ZN6Player14translateRightEv)
                  0001de4c    00000030     Lab9HMain.o (.text.__cxx_global_var_init.10)
                  0001de7c    00000030     Lab9HMain.o (.text.__cxx_global_var_init.11)
                  0001deac    00000030     Lab9HMain.o (.text.__cxx_global_var_init.12)
                  0001dedc    00000030     Lab9HMain.o (.text.__cxx_global_var_init.16)
                  0001df0c    00000030     Lab9HMain.o (.text.__cxx_global_var_init.22)
                  0001df3c    00000030     Lab9HMain.o (.text.__cxx_global_var_init.23)
                  0001df6c    00000030     Lab9HMain.o (.text.__cxx_global_var_init.24)
                  0001df9c    00000030     Lab9HMain.o (.text.__cxx_global_var_init.5)
                  0001dfcc    00000030     libc.a : fopen.c.obj (.text.fopen)
                  0001dffc    0000002c     UART2.o (.text._Z12UART2_InCharv)
                  0001e028    0000002c     ST7735.o (.text._Z17ST7735_FillScreent)
                  0001e054    0000002c     Player.o (.text._ZN6Player13translateDownEv)
                  0001e080    0000002c     Player.o (.text._ZN6Player13translateLeftEv)
                  0001e0ac    0000002c     Lab9HMain.o (.text.__cxx_global_var_init.4)
                  0001e0d8    0000002c     Lab9HMain.o (.text.__cxx_global_var_init.9)
                  0001e104    0000002c     libsysbm.a : unlink.c.obj (.text.unlink)
                  0001e130    00000028     IRxmt.o (.text._Z10IRxmt_Initv)
                  0001e158    00000028     TExaS.o (.text._Z9ADC_StartP10ADC12_Regs)
                  0001e180    00000028     libc.a : memory.c.obj (.text.free_list_insert)
                  0001e1a8    00000028     libsysbm.a : write.c.obj (.text.write)
                  0001e1d0    00000028     libc.a : boot_cortex_m.c.obj (.text:_c_int00_noargs)
                  0001e1f8    00000026     ST7735.o (.text._Z16ST7735_OutStringPc)
                  0001e21e    00000002     --HOLE-- [fill = 0]
                  0001e220    00000024     SlidePot.o (.text._ZN8SlidePot4SaveEj)
                  0001e244    00000024     Lab9HMain.o (.text.__cxx_global_var_init.15)
                  0001e268    00000024     Lab9HMain.o (.text.__cxx_global_var_init.17)
                  0001e28c    00000024     Lab9HMain.o (.text.__cxx_global_var_init.18)
                  0001e2b0    00000024     Lab9HMain.o (.text.__cxx_global_var_init.19)
                  0001e2d4    00000024     Lab9HMain.o (.text.__cxx_global_var_init.20)
                  0001e2f8    00000024     Lab9HMain.o (.text.__cxx_global_var_init.21)
                  0001e31c    00000024     Lab9HMain.o (.text.__cxx_global_var_init.2)
                  0001e340    00000024     Lab9HMain.o (.text.__cxx_global_var_init.3)
                  0001e364    00000024     Lab9HMain.o (.text.__cxx_global_var_init.6)
                  0001e388    00000024     Lab9HMain.o (.text.__cxx_global_var_init.8)
                  0001e3ac    00000022     FIFO2.o (.text._ZN5Queue6IsFullEv)
                  0001e3ce    00000002     --HOLE-- [fill = 0]
                  0001e3d0    00000020     DAC5.o (.text._Z8DAC5_Outj)
                  0001e3f0    00000020     SlidePot.o (.text._ZN8SlidePot4SyncEv)
                  0001e410    00000020     Lab9HMain.o (.text.__cxx_global_var_init.14)
                  0001e430    00000020     Lab9HMain.o (.text.__cxx_global_var_init.7)
                  0001e450    0000001e     ST7735.o (.text._ZL9pushColort)
                  0001e46e    00000002     --HOLE-- [fill = 0]
                  0001e470    0000001c     startup_mspm0g3507_ticlang.o (.text.Default_Handler)
                  0001e48c    0000001c     startup_mspm0g3507_ticlang.o (.text.HardFault_Handler)
                  0001e4a8    0000001c     Switch.o (.text._Z9Switch_Inv)
                  0001e4c4    0000001c     Player.o (.text._ZN6PlayerC2Ev)
                  0001e4e0    0000001c     libc.a : memory.c.obj (.text.free_list_remove)
                  0001e4fc    00000018     Switch.o (.text._Z11Switch_Initv)
                  0001e514    00000016     ST7735.o (.text._Z11ST7735_openPKcji)
                  0001e52a    00000016     ST7735.o (.text._Z11ST7735_readiPcj)
                  0001e540    00000016     libc.a : copy_zero_init.c.obj (.text:decompress:ZI:__TI_zero_init_nomemset)
                  0001e556    00000014     FIFO2.o (.text._ZN5Queue7IsEmptyEv)
                  0001e56a    00000012     Player.o (.text._ZN6Player13setPossessionEh)
                  0001e57c    00000012     Player.o (.text._ZN6Player7setXPosEs)
                  0001e58e    00000012     Player.o (.text._ZN6Player7setYPosEs)
                  0001e5a0    00000012     Machine.o (.text._ZN7Machine11setRockTypeEh)
                  0001e5b2    00000012     libc.a : memcpy16.S.obj (.text:TI_memcpy_small)
                  0001e5c4    00000012            : copy_decompress_none.c.obj (.text:decompress:none)
                  0001e5d6    00000010     Clock.o (.text._Z11Clock_Delayj)
                  0001e5e6    00000002     --HOLE-- [fill = 0]
                  0001e5e8    00000010     UART2.o (.text._Z12UART2_Enablev)
                  0001e5f8    00000010     UART2.o (.text._Z13UART2_Disablev)
                  0001e608    00000010     Lab9HMain.o (.text._Z28TExaS_LaunchPadLogicPB27PB26v)
                  0001e618    00000010     FIFO2.o (.text._ZN5QueueC2Ev)
                  0001e628    00000010     Lab9HMain.o (.text.__cxx_global_var_init.1)
                  0001e638    00000010     Lab9HMain.o (.text.__cxx_global_var_init)
                  0001e648    00000010     UART2.o (.text.__cxx_global_var_init)
                  0001e658    0000000e     libc.a : memory.c.obj (.text.OUTLINED_FUNCTION_0)
                  0001e666    0000000e     ST7735.o (.text._Z12ST7735_lseekili)
                  0001e674    0000000e     Player.o (.text._ZN6Player7getXPosEv)
                  0001e682    0000000e     Player.o (.text._ZN6Player7getYPosEv)
                  0001e690    0000000e     SlidePot.o (.text._ZN8SlidePotC2Ev)
                  0001e69e    0000000e     libsysbm.a : hostrename.c.obj (.text.strcpy)
                  0001e6ac    0000000e                : hostrename.c.obj (.text.strlen)
                  0001e6ba    0000000e     libc.a : memset16.S.obj (.text:TI_memset_small)
                  0001e6c8    0000000c     Clock.o (.text._Z10Clock_Freqv)
                  0001e6d4    0000000c     ST7735.o (.text._Z13ST7735_renamePKcS0_)
                  0001e6e0    0000000c     IRxmt.o (.text._Z5Delayj)
                  0001e6ec    0000000c     Player.o (.text._ZN6Player7getSizeEv)
                  0001e6f8    0000000c     SlidePot.o (.text._ZN8SlidePot9DistanceXEv)
                  0001e704    0000000c     SlidePot.o (.text._ZN8SlidePot9DistanceYEv)
                  0001e710    0000000c     libclang_rt.builtins.a : aeabi_memset.S.obj (.text.__aeabi_memclr)
                  0001e71c    0000000c     libc.a : memory.c.obj (.text.malloc)
                  0001e728    0000000a     Sound.o (.text._Z11Sound_Clangv)
                  0001e732    0000000a     ST7735.o (.text._Z12ST7735_closei)
                  0001e73c    0000000a     ST7735.o (.text._Z13ST7735_unlinkPKc)
                  0001e746    0000000a     Lab9HMain.o (.text._Z8PLL_Initv)
                  0001e750    00000008     UART2.o (.text._GLOBAL__sub_I_UART2.cpp)
                  0001e758    00000008     libclang_rt.builtins.a : aeabi_memcpy.S.obj (.text.__aeabi_memcpy)
                  0001e760    00000008     libsysbm.a : remove.c.obj (.text.remove)
                  0001e768    00000004     startup_mspm0g3507_ticlang.o (.text.Reset_Handler)
                  0001e76c    00000004     libc.a : exit.c.obj (.text:abort)

.cinit     0    0001e770    00000188     
                  0001e770    0000015d     (.cinit..data.load) [load image, compression = lzss]
                  0001e8cd    00000003     --HOLE-- [fill = 0]
                  0001e8d0    0000000c     (__TI_handler_table)
                  0001e8dc    00000008     (.cinit..bss.load) [load image, compression = zero_init]
                  0001e8e4    00000010     (__TI_cinit_table)
                  0001e8f4    00000004     --HOLE-- [fill = 0]

.rodata    0    000000c0    00017ce8     
                  000000c0    00002800     Machine.o (.rodata._ZL4todo)
                  000028c0    00002700     Machine.o (.rodata._ZL9anvilMenu)
                  00004fc0    00001f00     Sound.o (.rodata._ZL5clang)
                  00006ec0    00001008     Machine.o (.rodata._ZL11smelterFail)
                  00007ec8    00001008     Machine.o (.rodata._ZL14smelterWorking)
                  00008ed0    00001008     Machine.o (.rodata._ZL16smelterHighlight)
                  00009ed8    00001008     Machine.o (.rodata._ZL20smelterFailHighlight)
                  0000aee0    00001008     Machine.o (.rodata._ZL7smelter)
                  0000bee8    00000f83     Sound.o (.rodata._ZL5wrong)
                  0000ce6b    00000001     --HOLE-- [fill = 0]
                  0000ce6c    00000f78     Machine.o (.rodata._ZL12anvilWorking)
                  0000dde4    00000f78     Machine.o (.rodata._ZL14anvilHighlight)
                  0000ed5c    00000f78     Machine.o (.rodata._ZL5anvil)
                  0000fcd4    00000f74     Machine.o (.rodata._ZL13cartHighlight)
                  00010c48    00000f74     Machine.o (.rodata._ZL4cart)
                  00011bbc    00000738     Machine.o (.rodata._ZL13rockWorking_b)
                  000122f4    00000738     Machine.o (.rodata._ZL15rockHighlight_b)
                  00012a2c    00000738     Machine.o (.rodata._ZL22rockWorkingHighlight_b)
                  00013164    00000738     Machine.o (.rodata._ZL6rock_b)
                  0001389c    000006e0     Machine.o (.rodata._ZL6ladder)
                  00013f7c    00000548     Lab9HMain.o (.rodata._ZL5miner)
                  000144c4    00000540     Machine.o (.rodata._ZL7counter)
                  00014a04    000004fb     ST7735.o (.rodata._ZL4Font)
                  00014eff    00000001     --HOLE-- [fill = 0]
                  00014f00    00000348     Machine.o (.rodata._ZL5watch)
                  00015248    00000320     Machine.o (.rodata._ZL5trash)
                  00015568    000002d2     Machine.o (.rodata._ZL5sword)
                  0001583a    000002ac     Machine.o (.rodata._ZL3key)
                  00015ae6    000002a0     Machine.o (.rodata._ZL6shield)
                  00015d86    00000220     Machine.o (.rodata._ZL4ring)
                  00015fa6    0000018c     Machine.o (.rodata._ZL10rawDiamond)
                  00016132    0000018c     Machine.o (.rodata._ZL10rawEmerald)
                  000162be    0000018c     Machine.o (.rodata._ZL7rawGold)
                  0001644a    0000018c     Machine.o (.rodata._ZL7rawRuby)
                  000165d6    0000018c     Machine.o (.rodata._ZL9rawSilver)
                  00016762    00000168     Machine.o (.rodata._ZL13rockWorking_m)
                  000168ca    00000168     Machine.o (.rodata._ZL15rockHighlight_m)
                  00016a32    00000168     Machine.o (.rodata._ZL22rockWorkingHighlight_m)
                  00016b9a    00000168     Machine.o (.rodata._ZL6rock_m)
                  00016d02    0000010e     Machine.o (.rodata._ZL4gold)
                  00016e10    0000010e     Machine.o (.rodata._ZL6silver)
                  00016f1e    0000010a     Machine.o (.rodata._ZL13rockWorking_t)
                  00017028    0000010a     Machine.o (.rodata._ZL15rockHighlight_t)
                  00017132    0000010a     Machine.o (.rodata._ZL22rockWorkingHighlight_t)
                  0001723c    0000010a     Machine.o (.rodata._ZL6rock_t)
                  00017346    000000dd     Lab9HMain.o (.rodata._ZL13Page3_Spanish)
                  00017423    000000d8     Lab9HMain.o (.rodata._ZL13Page2_English)
                  000174fb    00000001     --HOLE-- [fill = 0]
                  000174fc    000000d8     Machine.o (.rodata._ZL4Ruby)
                  000175d4    000000d8     Machine.o (.rodata._ZL7Diamond)
                  000176ac    000000d8     Machine.o (.rodata._ZL7Emerald)
                  00017784    000000ce     Lab9HMain.o (.rodata._ZL13Page3_English)
                  00017852    000000c9     Lab9HMain.o (.rodata._ZL13Page2_Spanish)
                  0001791b    000000ac     Lab9HMain.o (.rodata._ZL13Page1_English)
                  000179c7    000000a7     Lab9HMain.o (.rodata._ZL13Page1_Spanish)
                  00017a6e    000000a4     Lab9HMain.o (.rodata._ZL13Page4_English)
                  00017b12    000000a2     Lab9HMain.o (.rodata._ZL13Page4_Spanish)
                  00017bb4    00000096     Lab9HMain.o (.rodata._ZL13Page5_Spanish)
                  00017c4a    00000066     Lab9HMain.o (.rodata._ZL13Page5_English)
                  00017cb0    0000003b     ST7735.o (.rodata._ZL5Rcmd1)
                  00017ceb    0000002b     ST7735.o (.rodata._ZL5Rcmd3)
                  00017d16    00000016     ST7735.o (.rodata.str1.145533100666594254441)
                  00017d2c    00000010     Lab9HMain.o (.rodata.str1.36435047076059183751)
                  00017d3c    0000000f     Machine.o (.rodata._ZL7recipes)
                  00017d4b    0000000d     ST7735.o (.rodata._ZL10Rcmd2green)
                  00017d58    0000000d     ST7735.o (.rodata._ZL8Rcmd2red)
                  00017d65    00000008     Lab9HMain.o (.rodata._ZL15Goodbye_English)
                  00017d6d    00000008     Lab9HMain.o (.rodata._ZL16Language_English)
                  00017d75    00000008     Lab9HMain.o (.rodata._ZL16Language_Spanish)
                  00017d7d    00000008     ST7735.o (.rodata.str1.74455504091578136031)
                  00017d85    00000007     Lab9HMain.o (.rodata._ZL13Hello_Spanish)
                  00017d8c    00000007     ST7735.o (.rodata.str1.70397418904557661531)
                  00017d93    00000007     ST7735.o (.rodata.str1.94386759871288863331)
                  00017d9a    00000006     Lab9HMain.o (.rodata._ZL13Hello_English)
                  00017da0    00000006     Lab9HMain.o (.rodata._ZL15Goodbye_Spanish)
                  00017da6    00000002     ST7735.o (.rodata.str1.79068154596109554801)

.init_array 
*          0    00017da8    00000008     
                  00017da8    00000004     UART2.o (.init_array)
                  00017dac    00000004     Lab9HMain.o (.init_array)

.data      0    20200000    000004e9     UNINITIALIZED
                  20200000    000000f0     libc.a : defs.c.obj (.data._ftable)
                  202000f0    00000088     Machine.o (.data.sprites)
                  20200178    00000078     libsysbm.a : host_device.c.obj (.data._device)
                  202001f0    00000050                : host_device.c.obj (.data._stream)
                  20200240    0000003c     Lab9HMain.o (.data.Counters)
                  2020027c    0000002d     Lab9HMain.o (.data.Counters2)
                  202002a9    00000001     Machine.o (.data._ZZN7Machine10updateCartEhE8debounce)
                  202002aa    00000002     ST7735.o (.data.StTextColor)
                  202002ac    00000028     UART2.o (.data.FIFO2)
                  202002d4    00000028     Lab9HMain.o (.data.Instructions)
                  202002fc    00000028     Lab9HMain.o (.data.machineArr2)
                  20200324    00000018     Lab9HMain.o (.data.Phrases)
                  2020033c    00000014     Machine.o (.data._ZL7ToDoArr)
                  20200350    0000000f     Lab9HMain.o (.data.m_anvil)
                  2020035f    0000000f     Lab9HMain.o (.data.m_cart1)
                  2020036e    0000000f     Lab9HMain.o (.data.m_cart2)
                  2020037d    0000000f     Lab9HMain.o (.data.m_counter1)
                  2020038c    0000000f     Lab9HMain.o (.data.m_counter2)
                  2020039b    0000000f     Lab9HMain.o (.data.m_counter3)
                  202003aa    0000000f     Lab9HMain.o (.data.m_counter4)
                  202003b9    0000000f     Lab9HMain.o (.data.m_counter5)
                  202003c8    0000000f     Lab9HMain.o (.data.m_counter6)
                  202003d7    0000000f     Lab9HMain.o (.data.m_portal)
                  202003e6    0000000f     Lab9HMain.o (.data.m_refiner)
                  202003f5    0000000f     Lab9HMain.o (.data.m_rock1)
                  20200404    0000000f     Lab9HMain.o (.data.m_rock1Mid)
                  20200413    0000000f     Lab9HMain.o (.data.m_rock1Progress)
                  20200422    0000000f     Lab9HMain.o (.data.m_rock1Top)
                  20200431    0000000f     Lab9HMain.o (.data.m_rock2)
                  20200440    0000000f     Lab9HMain.o (.data.m_rock2Mid)
                  2020044f    0000000f     Lab9HMain.o (.data.m_rock2Top)
                  2020045e    0000000f     Lab9HMain.o (.data.m_smelter)
                  2020046d    0000000f     Lab9HMain.o (.data.m_smelterProgress)
                  2020047c    0000000f     Lab9HMain.o (.data.m_todo)
                  2020048b    0000000f     Lab9HMain.o (.data.m_todoDown)
                  2020049a    00000002     ST7735.o (.data._ZL6_width)
                  2020049c    0000000c     Lab9HMain.o (.data.Sensor)
                  202004a8    00000008     libc.a : exit.c.obj (.data..L_MergedGlobals)
                  202004b0    00000008     Lab9HMain.o (.data.p1)
                  202004b8    00000004     Clock.o (.data.BusFreq)
                  202004bc    00000004     ST7735.o (.data.StX)
                  202004c0    00000004     ST7735.o (.data.StY)
                  202004c4    00000004     libc.a : defs.c.obj (.data.__TI_ft_end)
                  202004c8    00000004            : _lock.c.obj (.data._lock)
                  202004cc    00000004            : _lock.c.obj (.data._unlock)
                  202004d0    00000002     ST7735.o (.data._ZL7_height)
                  202004d2    00000002     Sound.o (.data.clang_size)
                  202004d4    00000002     Sound.o (.data.wrong_size)
                  202004d6    00000001     Machine.o (.data._ZZN7Machine10updateRockEhE7halfway)
                  202004d7    00000001     Machine.o (.data._ZZN7Machine11updateAnvilEhE10wasWorking)
                  202004d8    00000001     Machine.o (.data._ZZN7Machine11updateAnvilEhE11anvilLength)
                  202004d9    00000001     Machine.o (.data._ZZN7Machine11updateAnvilEhE12menuDebounce)
                  202004da    00000001     Machine.o (.data._ZZN7Machine14updateCountersEhPS_E8debounce)
                  202004db    00000001     Machine.o (.data._ZZN7Machine9printCartEvE2in)
                  202004dc    00000001     Machine.o (.data._ZZN7Machine9printCartEvE4sent)
                  202004dd    00000001     Lab9HMain.o (.data.input)
                  202004de    00000001     Lab9HMain.o (.data.numCounters)
                  202004df    00000001     Machine.o (.data.progH)
                  202004e0    00000001     libsysbm.a : add_device.c.obj (.data.add_device.device_init)
                  202004e1    00000001     Machine.o (.data.progW)
                  202004e2    00000002     --HOLE--
                  202004e4    00000001     libc.a : memory.c.obj (.data.memory_is_initialized)
                  202004e5    00000003     --HOLE--
                  202004e8    00000001     libsysbm.a : open.c.obj (.data.open.stream_init)

.sysmem    0    202004f0    00000200     UNINITIALIZED
                  202004f0    00000010     libc.a : memory.c.obj (.sysmem)
                  20200500    000001f0     --HOLE--

.bss       0    202006f0    000001ef     UNINITIALIZED
                  202006f0    00000120     libsysbm.a : trgmsg.c.obj (.bss:_CIOBUF_)
                  20200810    000000a0     libc.a : defs.c.obj (.bss.__TI_tmpnams)
                  202008b0    00000008     libsysbm.a : hostopen.c.obj (.bss.parmbuf)
                  202008b8    00000005     Machine.o (.bss._ZZN7Machine11updateAnvilEhE10AnvilItems)
                  202008bd    00000001     ST7735.o (.bss._ZL8ColStart)
                  202008be    00000002     Sound.o (.bss.soundLength)
                  202008c0    00000004     UART2.o (.bss.LostData)
                  202008c4    00000004     TExaS.o (.bss.TExaSLogic)
                  202008c8    00000004     TExaS.o (.bss.TExaSadc)
                  202008cc    00000004     Sound.o (.bss.soundArr)
                  202008d0    00000004     Sound.o (.bss.soundIndex)
                  202008d4    00000004     libc.a : memory.c.obj (.bss.sys_free)
                  202008d8    00000001     ST7735.o (.bss._ZL8Rotation)
                  202008d9    00000001     ST7735.o (.bss._ZL8RowStart)
                  202008da    00000001     ST7735.o (.bss._ZL8TabColor)
                  202008db    00000001     Lab9HMain.o (.bss.buttons)
                  202008dc    00000001     Lab9HMain.o (.bss.menuOpen)
                  202008dd    00000001     Sound.o (.bss.sound_flag)
                  202008de    00000001     Lab9HMain.o (.bss.toDoOpen)

.stack     0    20207e00    00000200     UNINITIALIZED
                  20207e00    00000004     libc.a : boot_cortex_m.c.obj (.stack)
                  20207e04    000001fc     --HOLE--

__llvm_prf_cnts 
*          0    20200000    00000000     UNINITIALIZED

__llvm_prf_bits 
*          0    20200000    00000000     UNINITIALIZED

MODULE SUMMARY

       Module                         code    ro data   rw data
       ------                         ----    -------   -------
    .\
       Machine.o                      9546    80981     171    
       Sound.o                        270     11907     15     
       Lab9HMain.o                    4462    3176      564    
       ST7735.o                       3668    1449      18     
       Player.o                       1642    0         0      
       TExaS.o                        720     0         8      
       Clock.o                        516     0         4      
       UART2.o                        436     4         44     
       SPI.o                          440     0         0      
       SlidePot.o                     330     0         0      
       Timer.o                        316     0         0      
       IRxmt.o                        240     0         0      
       FIFO2.o                        222     0         0      
       LaunchPad.o                    180     0         0      
       DAC5.o                         92      0         0      
       Switch.o                       52      0         0      
    +--+------------------------------+-------+---------+---------+
       Total:                         23132   97517     824    
                                                               
    .\ticlang\
       startup_mspm0g3507_ticlang.o   60      192       0      
    +--+------------------------------+-------+---------+---------+
       Total:                         60      192       0      
                                                               
    C:\ti\ccs2000\ccs\tools\compiler\ti-cgt-armllvm_4.0.1.LTS\lib\armv6m-ti-none-eabi/c/libc.a
       memory.c.obj                   702     0         5      
       fopen.c.obj                    556     0         0      
       defs.c.obj                     0       0         404    
       setvbuf.c.obj                  224     0         0      
       getdevice.c.obj                160     0         0      
       strcmp-armv6m.S.obj            136     0         0      
       copy_decompress_lzss.c.obj     124     0         0      
       fclose.c.obj                   124     0         0      
       autoinit.c.obj                 84      0         0      
       fflush.c.obj                   82      0         0      
       exit.c.obj                     56      0         8      
       boot_cortex_m.c.obj            40      0         0      
       copy_zero_init.c.obj           22      0         0      
       copy_decompress_none.c.obj     18      0         0      
       memcpy16.S.obj                 18      0         0      
       memset16.S.obj                 14      0         0      
       _lock.c.obj                    2       0         8      
       pre_init.c.obj                 4       0         0      
    +--+------------------------------+-------+---------+---------+
       Total:                         2366    0         425    
                                                               
    C:\ti\ccs2000\ccs\tools\compiler\ti-cgt-armllvm_4.0.1.LTS\lib\armv6m-ti-none-eabi/c/libsysbm.a
       trgmsg.c.obj                   104     0         288    
       add_device.c.obj               236     0         1      
       host_device.c.obj              0       0         200    
       open.c.obj                     160     0         1      
       hostrename.c.obj               136     0         0      
       hostlseek.c.obj                108     0         0      
       hostopen.c.obj                 96      0         8      
       hostread.c.obj                 88      0         0      
       hostwrite.c.obj                88      0         0      
       close.c.obj                    80      0         0      
       hostclose.c.obj                72      0         0      
       hostunlink.c.obj               72      0         0      
       unlink.c.obj                   44      0         0      
       write.c.obj                    40      0         0      
       remove.c.obj                   8       0         0      
    +--+------------------------------+-------+---------+---------+
       Total:                         1332    0         498    
                                                               
    C:\ti\ccs2000\ccs\tools\compiler\ti-cgt-armllvm_4.0.1.LTS\lib\armv6m-ti-none-eabi/libclang_rt.builtins.a
       aeabi_idivmod.S.obj            86      0         0      
       aeabi_uidivmod.S.obj           64      0         0      
       aeabi_memset.S.obj             12      0         0      
       aeabi_memcpy.S.obj             8       0         0      
       aeabi_div0.c.obj               2       0         0      
    +--+------------------------------+-------+---------+---------+
       Total:                         172     0         0      
                                                               
       Heap:                          0       0         512    
       Stack:                         0       0         512    
       Linker Generated:              0       385       0      
    +--+------------------------------+-------+---------+---------+
       Grand Total:                   27062   98094     2771   


LINKER GENERATED COPY TABLES

__TI_cinit_table @ 0001e8e4 records: 2, size/record: 8, table size: 16
	.data: load addr=0001e770, load size=0000015d bytes, run addr=20200000, run size=000004e9 bytes, compression=lzss
	.bss: load addr=0001e8dc, load size=00000008 bytes, run addr=202006f0, run size=000001ef bytes, compression=zero_init


LINKER GENERATED HANDLER TABLE

__TI_handler_table @ 0001e8d0 records: 3, size/record: 4, table size: 12
	index: 0, handler: __TI_decompress_lzss
	index: 1, handler: __TI_decompress_none
	index: 2, handler: __TI_zero_init


GLOBAL SYMBOLS: SORTED ALPHABETICALLY BY Name 

address   name                                
-------   ----                                
0001e471  ADC0_IRQHandler                     
0001e471  ADC1_IRQHandler                     
0001e471  AES_IRQHandler                      
202004b8  BusFreq                             
0001e76c  C$$EXIT                             
0001dd49  C$$IO$$                             
0001e471  CANFD0_IRQHandler                   
20200240  Counters                            
2020027c  Counters2                           
0001e471  DAC0_IRQHandler                     
0001e471  DMA_IRQHandler                      
0001e471  Default_Handler                     
202002ac  FIFO2                               
0001e471  GROUP0_IRQHandler                   
0001e471  GROUP1_IRQHandler                   
0001d855  HOSTclose                           
0001cfd9  HOSTlseek                           
0001d2bd  HOSTopen                            
0001d31d  HOSTread                            
0001d045  HOSTrename                          
0001d89d  HOSTunlink                          
0001d375  HOSTwrite                           
0001e48d  HardFault_Handler                   
0001e471  I2C0_IRQHandler                     
0001e471  I2C1_IRQHandler                     
202002d4  Instructions                        
202008c0  LostData                            
0001e471  NMI_Handler                         
0001e471  PendSV_Handler                      
20200324  Phrases                             
0001e471  RTC_IRQHandler                      
0001e769  Reset_Handler                       
00017da8  SHT$$INIT_ARRAY$$Base               
00017db0  SHT$$INIT_ARRAY$$Limit              
0001e471  SPI0_IRQHandler                     
0001e471  SPI1_IRQHandler                     
0001e471  SVC_Handler                         
2020049c  Sensor                              
202002aa  StTextColor                         
202004bc  StX                                 
202004c0  StY                                 
0001d3cd  SysTick_Handler                     
202008c4  TExaSLogic                          
202008c8  TExaSadc                            
0001e471  TIMA0_IRQHandler                    
0001e471  TIMA1_IRQHandler                    
0001e471  TIMG0_IRQHandler                    
0001daf5  TIMG12_IRQHandler                   
0001e471  TIMG6_IRQHandler                    
0001d975  TIMG7_IRQHandler                    
0001e471  TIMG8_IRQHandler                    
0001e5b3  TI_memcpy_small                     
0001e6bb  TI_memset_small                     
0001e471  UART0_IRQHandler                    
0001e471  UART1_IRQHandler                    
0001ce11  UART2_IRQHandler                    
0001e471  UART3_IRQHandler                    
202006f0  _CIOBUF_                            
0001e6c9  _Z10Clock_Freqv                     
0001e131  _Z10IRxmt_Initv                     
0001d9b5  _Z10Sound_Initv                     
0001d425  _Z10TExaS_InitP10ADC12_RegsjPFhvE   
0001c165  _Z10UART2_Initv                     
0001e5d7  _Z11Clock_Delayj                    
0001dba9  _Z11SPI_OutDatac                    
0001e515  _Z11ST7735_openPKcji                
0001e52b  _Z11ST7735_readiPcj                 
0001e729  _Z11Sound_Clangv                    
0001d11d  _Z11Sound_Starth                    
0001e4fd  _Z11Switch_Initv                    
0001c79d  _Z12ST7735_InitR10initRFlags        
0001e733  _Z12ST7735_closei                   
0001e667  _Z12ST7735_lseekili                 
0001dc19  _Z12ST7735_writeiPKcj               
0001e5e9  _Z12UART2_Enablev                   
0001dffd  _Z12UART2_InCharv                   
0001d8e5  _Z13IRxmt_OutCharc                  
0001ce85  _Z13IRxmt_SendBiti                  
0001e6d5  _Z13ST7735_renamePKcS0_             
0001e73d  _Z13ST7735_unlinkPKc                
0001e5f9  _Z13UART2_Disablev                  
0001dc4d  _Z14Clock_Delay1msj                 
0001cc9d  _Z14LaunchPad_Initv                 
0001d92d  _Z14SPI_OutCommandc                 
0001c241  _Z14ST7735_OutCharc                 
0001c479  _Z14TimerG7_IntArmtjj               
0001dbe1  _Z15ActivatePortA_Bv                
0001ac6d  _Z15Clock_Init80MHzi                
0001ae21  _Z15ST7735_DrawCharsscssh           
0001b9b1  _Z15ST7735_FillRectsssst            
0001c8cd  _Z15TimerG12_IntArmjj               
0001afc5  _Z16ST7735_DrawCharSsscssh          
0001cef9  _Z16ST7735_DrawPixelsst             
0001e1f9  _Z16ST7735_OutStringPc              
0001dc81  _Z16ST7735_SetCursorjj              
0001a4f1  _Z17ST7735_DrawBitmapssPKtss        
0001c961  _Z17ST7735_DrawStringttPcs          
0001e029  _Z17ST7735_FillScreent              
0001c665  _Z17ST7735_InitPrintfv              
0001a701  _Z17setUpInstructionsv              
0001bcd5  _Z18ST7735_SetRotationh             
0001c319  _Z20ST7735_DrawFastHLinessst        
0001c3c9  _Z20ST7735_DrawFastVLinessst        
0001e609  _Z28TExaS_LaunchPadLogicPB27PB26v   
0001e6e1  _Z5Delayj                           
0001b889  _Z8ADC_InitP10ADC12_Regsjj          
0001e3d1  _Z8DAC5_Outj                        
0001e747  _Z8PLL_Initv                        
0001bbdd  _Z8SPI_Initv                        
0001e159  _Z9ADC_StartP10ADC12_Regs           
0001db31  _Z9DAC5_Initv                       
0001d9f5  _Z9SPI_Resetv                       
0001e4a9  _Z9Switch_Inv                       
0001beb5  _Z9UART_Initv                       
0001d7bd  _ZN5Queue3GetEPc                    
0001d809  _ZN5Queue3PutEc                     
0001e3ad  _ZN5Queue6IsFullEv                  
0001e557  _ZN5Queue7IsEmptyEv                 
0001e619  _ZN5QueueC1Ev                       
0001e619  _ZN5QueueC2Ev                       
0001e56b  _ZN6Player13setPossessionEh         
0001e055  _ZN6Player13translateDownEv         
0001e081  _ZN6Player13translateLeftEv         
0001c701  _ZN6Player14checkProximityE7Machine 
0001d4d5  _ZN6Player14printPosessionEh        
0001de1d  _ZN6Player14translateRightEv        
0001cf69  _ZN6Player15getMachineInputE7Machine
0001c835  _ZN6Player16resetCoordinatesEPsS0_  
0001db6d  _ZN6Player6moveUpEv                 
0001e6ed  _ZN6Player7getSizeEv                
0001e675  _ZN6Player7getXPosEv                
0001e683  _ZN6Player7getYPosEv                
0001e57d  _ZN6Player7setXPosEs                
0001e58f  _ZN6Player7setYPosEs                
0001a2b5  _ZN6Player8inBoundsEssPP7Machinehh  
0001d679  _ZN6Player8moveDownEv               
0001d529  _ZN6Player8moveLeftEv               
0001d57d  _ZN6Player9moveRightEv              
0001e4c5  _ZN6PlayerC1Ev                      
0001e4c5  _ZN6PlayerC2Ev                      
00019d4d  _ZN7Machine10printAnvilEv           
00018851  _ZN7Machine10updateCartEh           
00019275  _ZN7Machine10updateRockEh           
0001e5a1  _ZN7Machine11setRockTypeEh          
00018dad  _ZN7Machine11updateAnvilEh          
0001aab5  _ZN7Machine12printSmelterEv         
0001b5d9  _ZN7Machine13cartSendErrorEhh       
0001b165  _ZN7Machine13computeRecipeEPaa      
0001a005  _ZN7Machine13printCountersEPS_      
00019a0d  _ZN7Machine13updateSmelterEh        
00019681  _ZN7Machine14updateCountersEhPS_    
0001b479  _ZN7Machine15updateAnvilMenuEPaa    
0001a8dd  _ZN7Machine9printCartEv             
0001b2fd  _ZN7Machine9printRockEv             
0001d1f5  _ZN7MachineC1Ehhhhhh                
0001cc19  _ZN7MachineC1Ehhhhhhhhh             
0001c9ed  _ZN7MachineC1Ehhhhhhhhhh            
0001d1f5  _ZN7MachineC2Ehhhhhh                
0001cc19  _ZN7MachineC2Ehhhhhhhhh             
0001c9ed  _ZN7MachineC2Ehhhhhhhhhh            
0001d5d1  _ZN8SlidePot2InEv                   
0001ca79  _ZN8SlidePot4InitEv                 
0001e221  _ZN8SlidePot4SaveEj                 
0001e3f1  _ZN8SlidePot4SyncEv                 
0001e6f9  _ZN8SlidePot9DistanceXEv            
0001e705  _ZN8SlidePot9DistanceYEv            
0001e691  _ZN8SlidePotC1Ev                    
0001e691  _ZN8SlidePotC2Ev                    
202006f0  __CIOBUF_                           
20208000  __STACK_END                         
00000200  __STACK_SIZE                        
00000200  __SYSMEM_SIZE                       
00000000  __TI_ATRegion0_region_sz            
00000000  __TI_ATRegion0_src_addr             
00000000  __TI_ATRegion0_trg_addr             
00000000  __TI_ATRegion1_region_sz            
00000000  __TI_ATRegion1_src_addr             
00000000  __TI_ATRegion1_trg_addr             
00000000  __TI_ATRegion2_region_sz            
00000000  __TI_ATRegion2_src_addr             
00000000  __TI_ATRegion2_trg_addr             
0001e8e4  __TI_CINIT_Base                     
0001e8f4  __TI_CINIT_Limit                    
0001e8f4  __TI_CINIT_Warm                     
0001e8d0  __TI_Handler_Table_Base             
0001e8dc  __TI_Handler_Table_Limit            
0001d625  __TI_auto_init_nobinit              
0001dcb5  __TI_cleanup                        
202004a8  __TI_cleanup_ptr                    
0001cd19  __TI_closefile                      
0001cd95  __TI_decompress_lzss                
0001e5c5  __TI_decompress_none                
0001d6cb  __TI_doflush                        
202004ac  __TI_dtors_ptr                      
202004c4  __TI_ft_end                         
ffffffff  __TI_pprof_out_hndl                 
ffffffff  __TI_prof_data_size                 
ffffffff  __TI_prof_data_start                
0001dce9  __TI_readmsg                        
00000000  __TI_static_base__                  
20200810  __TI_tmpnams                        
0001dd1d  __TI_writemsg                       
0001e541  __TI_zero_init_nomemset             
0001d47d  __aeabi_idiv                        
0001c5c3  __aeabi_idiv0                       
0001d47d  __aeabi_idivmod                     
0001e711  __aeabi_memclr                      
0001e711  __aeabi_memclr4                     
0001e711  __aeabi_memclr8                     
0001e759  __aeabi_memcpy                      
0001e759  __aeabi_memcpy4                     
0001e759  __aeabi_memcpy8                     
0001da35  __aeabi_uidiv                       
0001da35  __aeabi_uidivmod                    
ffffffff  __binit__                           
UNDEFED   __mpu_init                          
20207e00  __stack                             
20200000  __start___llvm_prf_bits             
20200000  __start___llvm_prf_cnts             
20200000  __stop___llvm_prf_bits              
20200000  __stop___llvm_prf_cnts              
0001e1d1  _c_int00_noargs                     
20200178  _device                             
20200000  _ftable                             
202004c8  _lock                               
0001cfd7  _nop                                
202001f0  _stream                             
202004f0  _sys_memory                         
UNDEFED   _system_post_cinit                  
0001cb8d  _system_pre_init                    
202004cc  _unlock                             
0001e76d  abort                               
0001bdc9  add_device                          
0001bac9  aligned_alloc                       
ffffffff  binit                               
202008db  buttons                             
202004d2  clang_size                          
0001d76d  close                               
0001dd51  exit                                
0001dd85  finddevice                          
0001dfcd  fopen                               
0001bf9d  free                                
0001ddb9  freopen                             
0001d189  getdevice                           
202004dd  input                               
00000000  interruptVectors                    
20200350  m_anvil                             
2020035f  m_cart1                             
2020036e  m_cart2                             
2020037d  m_counter1                          
2020038c  m_counter2                          
2020039b  m_counter3                          
202003aa  m_counter4                          
202003b9  m_counter5                          
202003c8  m_counter6                          
202003d7  m_portal                            
202003e6  m_refiner                           
202003f5  m_rock1                             
20200404  m_rock1Mid                          
20200413  m_rock1Progress                     
20200422  m_rock1Top                          
20200431  m_rock2                             
20200440  m_rock2Mid                          
2020044f  m_rock2Top                          
2020045e  m_smelter                           
2020046d  m_smelterProgress                   
2020047c  m_todo                              
2020048b  m_todoDown                          
202002fc  machineArr2                         
00017db1  main                                
0001e71d  malloc                              
0001bac9  memalign                            
202008dc  menuOpen                            
202004de  numCounters                         
0001c5c5  open                                
202004b0  p1                                  
202008b0  parmbuf                             
202004df  progH                               
202004e1  progW                               
0001e761  remove                              
0001c085  setvbuf                             
202008cc  soundArr                            
202008d0  soundIndex                          
202008be  soundLength                         
202008dd  sound_flag                          
202000f0  sprites                             
0001cb91  strcmp                              
202008de  toDoOpen                            
0001e105  unlink                              
0001e1a9  write                               
202004d4  wrong_size                          


GLOBAL SYMBOLS: SORTED BY Symbol Address 

address   name                                
-------   ----                                
00000000  __TI_ATRegion0_region_sz            
00000000  __TI_ATRegion0_src_addr             
00000000  __TI_ATRegion0_trg_addr             
00000000  __TI_ATRegion1_region_sz            
00000000  __TI_ATRegion1_src_addr             
00000000  __TI_ATRegion1_trg_addr             
00000000  __TI_ATRegion2_region_sz            
00000000  __TI_ATRegion2_src_addr             
00000000  __TI_ATRegion2_trg_addr             
00000000  __TI_static_base__                  
00000000  interruptVectors                    
00000200  __STACK_SIZE                        
00000200  __SYSMEM_SIZE                       
00017da8  SHT$$INIT_ARRAY$$Base               
00017db0  SHT$$INIT_ARRAY$$Limit              
00017db1  main                                
00018851  _ZN7Machine10updateCartEh           
00018dad  _ZN7Machine11updateAnvilEh          
00019275  _ZN7Machine10updateRockEh           
00019681  _ZN7Machine14updateCountersEhPS_    
00019a0d  _ZN7Machine13updateSmelterEh        
00019d4d  _ZN7Machine10printAnvilEv           
0001a005  _ZN7Machine13printCountersEPS_      
0001a2b5  _ZN6Player8inBoundsEssPP7Machinehh  
0001a4f1  _Z17ST7735_DrawBitmapssPKtss        
0001a701  _Z17setUpInstructionsv              
0001a8dd  _ZN7Machine9printCartEv             
0001aab5  _ZN7Machine12printSmelterEv         
0001ac6d  _Z15Clock_Init80MHzi                
0001ae21  _Z15ST7735_DrawCharsscssh           
0001afc5  _Z16ST7735_DrawCharSsscssh          
0001b165  _ZN7Machine13computeRecipeEPaa      
0001b2fd  _ZN7Machine9printRockEv             
0001b479  _ZN7Machine15updateAnvilMenuEPaa    
0001b5d9  _ZN7Machine13cartSendErrorEhh       
0001b889  _Z8ADC_InitP10ADC12_Regsjj          
0001b9b1  _Z15ST7735_FillRectsssst            
0001bac9  aligned_alloc                       
0001bac9  memalign                            
0001bbdd  _Z8SPI_Initv                        
0001bcd5  _Z18ST7735_SetRotationh             
0001bdc9  add_device                          
0001beb5  _Z9UART_Initv                       
0001bf9d  free                                
0001c085  setvbuf                             
0001c165  _Z10UART2_Initv                     
0001c241  _Z14ST7735_OutCharc                 
0001c319  _Z20ST7735_DrawFastHLinessst        
0001c3c9  _Z20ST7735_DrawFastVLinessst        
0001c479  _Z14TimerG7_IntArmtjj               
0001c5c3  __aeabi_idiv0                       
0001c5c5  open                                
0001c665  _Z17ST7735_InitPrintfv              
0001c701  _ZN6Player14checkProximityE7Machine 
0001c79d  _Z12ST7735_InitR10initRFlags        
0001c835  _ZN6Player16resetCoordinatesEPsS0_  
0001c8cd  _Z15TimerG12_IntArmjj               
0001c961  _Z17ST7735_DrawStringttPcs          
0001c9ed  _ZN7MachineC1Ehhhhhhhhhh            
0001c9ed  _ZN7MachineC2Ehhhhhhhhhh            
0001ca79  _ZN8SlidePot4InitEv                 
0001cb8d  _system_pre_init                    
0001cb91  strcmp                              
0001cc19  _ZN7MachineC1Ehhhhhhhhh             
0001cc19  _ZN7MachineC2Ehhhhhhhhh             
0001cc9d  _Z14LaunchPad_Initv                 
0001cd19  __TI_closefile                      
0001cd95  __TI_decompress_lzss                
0001ce11  UART2_IRQHandler                    
0001ce85  _Z13IRxmt_SendBiti                  
0001cef9  _Z16ST7735_DrawPixelsst             
0001cf69  _ZN6Player15getMachineInputE7Machine
0001cfd7  _nop                                
0001cfd9  HOSTlseek                           
0001d045  HOSTrename                          
0001d11d  _Z11Sound_Starth                    
0001d189  getdevice                           
0001d1f5  _ZN7MachineC1Ehhhhhh                
0001d1f5  _ZN7MachineC2Ehhhhhh                
0001d2bd  HOSTopen                            
0001d31d  HOSTread                            
0001d375  HOSTwrite                           
0001d3cd  SysTick_Handler                     
0001d425  _Z10TExaS_InitP10ADC12_RegsjPFhvE   
0001d47d  __aeabi_idiv                        
0001d47d  __aeabi_idivmod                     
0001d4d5  _ZN6Player14printPosessionEh        
0001d529  _ZN6Player8moveLeftEv               
0001d57d  _ZN6Player9moveRightEv              
0001d5d1  _ZN8SlidePot2InEv                   
0001d625  __TI_auto_init_nobinit              
0001d679  _ZN6Player8moveDownEv               
0001d6cb  __TI_doflush                        
0001d76d  close                               
0001d7bd  _ZN5Queue3GetEPc                    
0001d809  _ZN5Queue3PutEc                     
0001d855  HOSTclose                           
0001d89d  HOSTunlink                          
0001d8e5  _Z13IRxmt_OutCharc                  
0001d92d  _Z14SPI_OutCommandc                 
0001d975  TIMG7_IRQHandler                    
0001d9b5  _Z10Sound_Initv                     
0001d9f5  _Z9SPI_Resetv                       
0001da35  __aeabi_uidiv                       
0001da35  __aeabi_uidivmod                    
0001daf5  TIMG12_IRQHandler                   
0001db31  _Z9DAC5_Initv                       
0001db6d  _ZN6Player6moveUpEv                 
0001dba9  _Z11SPI_OutDatac                    
0001dbe1  _Z15ActivatePortA_Bv                
0001dc19  _Z12ST7735_writeiPKcj               
0001dc4d  _Z14Clock_Delay1msj                 
0001dc81  _Z16ST7735_SetCursorjj              
0001dcb5  __TI_cleanup                        
0001dce9  __TI_readmsg                        
0001dd1d  __TI_writemsg                       
0001dd49  C$$IO$$                             
0001dd51  exit                                
0001dd85  finddevice                          
0001ddb9  freopen                             
0001de1d  _ZN6Player14translateRightEv        
0001dfcd  fopen                               
0001dffd  _Z12UART2_InCharv                   
0001e029  _Z17ST7735_FillScreent              
0001e055  _ZN6Player13translateDownEv         
0001e081  _ZN6Player13translateLeftEv         
0001e105  unlink                              
0001e131  _Z10IRxmt_Initv                     
0001e159  _Z9ADC_StartP10ADC12_Regs           
0001e1a9  write                               
0001e1d1  _c_int00_noargs                     
0001e1f9  _Z16ST7735_OutStringPc              
0001e221  _ZN8SlidePot4SaveEj                 
0001e3ad  _ZN5Queue6IsFullEv                  
0001e3d1  _Z8DAC5_Outj                        
0001e3f1  _ZN8SlidePot4SyncEv                 
0001e471  ADC0_IRQHandler                     
0001e471  ADC1_IRQHandler                     
0001e471  AES_IRQHandler                      
0001e471  CANFD0_IRQHandler                   
0001e471  DAC0_IRQHandler                     
0001e471  DMA_IRQHandler                      
0001e471  Default_Handler                     
0001e471  GROUP0_IRQHandler                   
0001e471  GROUP1_IRQHandler                   
0001e471  I2C0_IRQHandler                     
0001e471  I2C1_IRQHandler                     
0001e471  NMI_Handler                         
0001e471  PendSV_Handler                      
0001e471  RTC_IRQHandler                      
0001e471  SPI0_IRQHandler                     
0001e471  SPI1_IRQHandler                     
0001e471  SVC_Handler                         
0001e471  TIMA0_IRQHandler                    
0001e471  TIMA1_IRQHandler                    
0001e471  TIMG0_IRQHandler                    
0001e471  TIMG6_IRQHandler                    
0001e471  TIMG8_IRQHandler                    
0001e471  UART0_IRQHandler                    
0001e471  UART1_IRQHandler                    
0001e471  UART3_IRQHandler                    
0001e48d  HardFault_Handler                   
0001e4a9  _Z9Switch_Inv                       
0001e4c5  _ZN6PlayerC1Ev                      
0001e4c5  _ZN6PlayerC2Ev                      
0001e4fd  _Z11Switch_Initv                    
0001e515  _Z11ST7735_openPKcji                
0001e52b  _Z11ST7735_readiPcj                 
0001e541  __TI_zero_init_nomemset             
0001e557  _ZN5Queue7IsEmptyEv                 
0001e56b  _ZN6Player13setPossessionEh         
0001e57d  _ZN6Player7setXPosEs                
0001e58f  _ZN6Player7setYPosEs                
0001e5a1  _ZN7Machine11setRockTypeEh          
0001e5b3  TI_memcpy_small                     
0001e5c5  __TI_decompress_none                
0001e5d7  _Z11Clock_Delayj                    
0001e5e9  _Z12UART2_Enablev                   
0001e5f9  _Z13UART2_Disablev                  
0001e609  _Z28TExaS_LaunchPadLogicPB27PB26v   
0001e619  _ZN5QueueC1Ev                       
0001e619  _ZN5QueueC2Ev                       
0001e667  _Z12ST7735_lseekili                 
0001e675  _ZN6Player7getXPosEv                
0001e683  _ZN6Player7getYPosEv                
0001e691  _ZN8SlidePotC1Ev                    
0001e691  _ZN8SlidePotC2Ev                    
0001e6bb  TI_memset_small                     
0001e6c9  _Z10Clock_Freqv                     
0001e6d5  _Z13ST7735_renamePKcS0_             
0001e6e1  _Z5Delayj                           
0001e6ed  _ZN6Player7getSizeEv                
0001e6f9  _ZN8SlidePot9DistanceXEv            
0001e705  _ZN8SlidePot9DistanceYEv            
0001e711  __aeabi_memclr                      
0001e711  __aeabi_memclr4                     
0001e711  __aeabi_memclr8                     
0001e71d  malloc                              
0001e729  _Z11Sound_Clangv                    
0001e733  _Z12ST7735_closei                   
0001e73d  _Z13ST7735_unlinkPKc                
0001e747  _Z8PLL_Initv                        
0001e759  __aeabi_memcpy                      
0001e759  __aeabi_memcpy4                     
0001e759  __aeabi_memcpy8                     
0001e761  remove                              
0001e769  Reset_Handler                       
0001e76c  C$$EXIT                             
0001e76d  abort                               
0001e8d0  __TI_Handler_Table_Base             
0001e8dc  __TI_Handler_Table_Limit            
0001e8e4  __TI_CINIT_Base                     
0001e8f4  __TI_CINIT_Limit                    
0001e8f4  __TI_CINIT_Warm                     
20200000  __start___llvm_prf_bits             
20200000  __start___llvm_prf_cnts             
20200000  __stop___llvm_prf_bits              
20200000  __stop___llvm_prf_cnts              
20200000  _ftable                             
202000f0  sprites                             
20200178  _device                             
202001f0  _stream                             
20200240  Counters                            
2020027c  Counters2                           
202002aa  StTextColor                         
202002ac  FIFO2                               
202002d4  Instructions                        
202002fc  machineArr2                         
20200324  Phrases                             
20200350  m_anvil                             
2020035f  m_cart1                             
2020036e  m_cart2                             
2020037d  m_counter1                          
2020038c  m_counter2                          
2020039b  m_counter3                          
202003aa  m_counter4                          
202003b9  m_counter5                          
202003c8  m_counter6                          
202003d7  m_portal                            
202003e6  m_refiner                           
202003f5  m_rock1                             
20200404  m_rock1Mid                          
20200413  m_rock1Progress                     
20200422  m_rock1Top                          
20200431  m_rock2                             
20200440  m_rock2Mid                          
2020044f  m_rock2Top                          
2020045e  m_smelter                           
2020046d  m_smelterProgress                   
2020047c  m_todo                              
2020048b  m_todoDown                          
2020049c  Sensor                              
202004a8  __TI_cleanup_ptr                    
202004ac  __TI_dtors_ptr                      
202004b0  p1                                  
202004b8  BusFreq                             
202004bc  StX                                 
202004c0  StY                                 
202004c4  __TI_ft_end                         
202004c8  _lock                               
202004cc  _unlock                             
202004d2  clang_size                          
202004d4  wrong_size                          
202004dd  input                               
202004de  numCounters                         
202004df  progH                               
202004e1  progW                               
202004f0  _sys_memory                         
202006f0  _CIOBUF_                            
202006f0  __CIOBUF_                           
20200810  __TI_tmpnams                        
202008b0  parmbuf                             
202008be  soundLength                         
202008c0  LostData                            
202008c4  TExaSLogic                          
202008c8  TExaSadc                            
202008cc  soundArr                            
202008d0  soundIndex                          
202008db  buttons                             
202008dc  menuOpen                            
202008dd  sound_flag                          
202008de  toDoOpen                            
20207e00  __stack                             
20208000  __STACK_END                         
ffffffff  __TI_pprof_out_hndl                 
ffffffff  __TI_prof_data_size                 
ffffffff  __TI_prof_data_start                
ffffffff  __binit__                           
ffffffff  binit                               
UNDEFED   __mpu_init                          
UNDEFED   _system_post_cinit                  

[291 symbols]
