******************************************************************************
            TI ARM Clang Linker PC v4.0.1                      
******************************************************************************
>> Linked Tue Apr 15 16:17:49 2025

OUTPUT FILE NAME:   <MadMines.out>
ENTRY POINT SYMBOL: "_c_int00_noargs"  address: 0000d915


MEMORY CONFIGURATION

         name            origin    length      used     unused   attr    fill
----------------------  --------  ---------  --------  --------  ----  --------
  FLASH                 00000000   00020000  0000dd60  000122a0  R  X
  SRAM                  20200000   00008000  00000880  00007780  RW X
  BCR_CONFIG            41c00000   00000080  00000000  00000080  R   
  BSL_CONFIG            41c00100   00000080  00000000  00000080  R   


SEGMENT ALLOCATION MAP

run origin  load origin   length   init length attrs members
----------  ----------- ---------- ----------- ----- -------
00000000    00000000    0000dd60   0000dd60    r-x
  00000000    00000000    000000c0   000000c0    r-- .intvecs
  000000c0    000000c0    0000a4c0   0000a4c0    r-- .rodata
  0000a580    0000a580    000036e0   000036e0    r-x .text
  0000dc60    0000dc60    00000008   00000008    r-- .init_array
  0000dc68    0000dc68    000000f8   000000f8    r-- .cinit
20200000    20200000    00000687   00000000    rw-
  20200000    20200000    000002a1   00000000    rw- .data
  202002a8    202002a8    00000200   00000000    rw- .sysmem
  202004a8    202004a8    000001df   00000000    rw- .bss
20207e00    20207e00    00000200   00000000    rw-
  20207e00    20207e00    00000200   00000000    rw- .stack


SECTION ALLOCATION MAP

 output                                  attributes/
section   page    origin      length       input sections
--------  ----  ----------  ----------   ----------------
.intvecs   0    00000000    000000c0     
                  00000000    000000c0     startup_mspm0g3507_ticlang.o (.intvecs)

.binit     0    00000000    00000000     

.text      0    0000a580    000036e0     
                  0000a580    0000044c     Machine.o (.text._ZN7Machine11updateAnvilEh)
                  0000a9cc    000003ac     Lab9HMain.o (.text.main)
                  0000ad78    00000210     ST7735.o (.text._Z17ST7735_DrawBitmapssPKtss)
                  0000af88    000001b4     Clock.o (.text._Z15Clock_Init80MHzi)
                  0000b13c    000001a0     ST7735.o (.text._Z16ST7735_DrawCharSsscssh)
                  0000b2dc    00000180     Machine.o (.text._ZN7Machine10updateRockEh)
                  0000b45c    00000154     libc.a : fopen.c.obj (.text._openfile)
                  0000b5b0    0000012c     Player.o (.text._ZN6Player8moveDownEv)
                  0000b6dc    00000128     TExaS.o (.text._Z8ADC_InitP10ADC12_Regsjj)
                  0000b804    00000118     ST7735.o (.text._Z15ST7735_FillRectsssst)
                  0000b91c    00000114     libc.a : memory.c.obj (.text.aligned_alloc)
                  0000ba30    00000108     Player.o (.text._ZN6Player6moveUpEv)
                  0000bb38    000000f8     SPI.o (.text._Z8SPI_Initv)
                  0000bc30    000000f4     ST7735.o (.text._Z18ST7735_SetRotationh)
                  0000bd24    000000ec     libsysbm.a : add_device.c.obj (.text.add_device)
                  0000be10    000000e8     TExaS.o (.text._Z9UART_Initv)
                  0000bef8    000000e8     libc.a : memory.c.obj (.text.free)
                  0000bfe0    000000e0            : setvbuf.c.obj (.text.setvbuf)
                  0000c0c0    000000d0     ST7735.o (.text._Z14ST7735_OutCharc)
                  0000c190    000000b0     ST7735.o (.text._Z20ST7735_DrawFastHLinessst)
                  0000c240    000000b0     ST7735.o (.text._Z20ST7735_DrawFastVLinessst)
                  0000c2f0    000000a8     Timer.o (.text._Z14TimerG7_IntArmtjj)
                  0000c398    000000a6     Player.o (.text._ZN6Player14checkProximityE7Machine)
                  0000c43e    000000a6     Player.o (.text._ZN6Player15getMachineInputE7Machine)
                  0000c4e4    000000a2     ST7735.o (.text._ZL11commandListPKh)
                  0000c586    00000002     Sound.o (.text.SysTick_Handler)
                  0000c588    000000a0     libsysbm.a : open.c.obj (.text.open)
                  0000c628    0000009c     Machine.o (.text._Z13computeRecipePaa)
                  0000c6c4    0000009c     ST7735.o (.text._Z17ST7735_InitPrintfv)
                  0000c760    00000098     ST7735.o (.text._Z12ST7735_InitR10initRFlags)
                  0000c7f8    00000094     Timer.o (.text._Z15TimerG12_IntArmjj)
                  0000c88c    00000094     Machine.o (.text._ZN7Machine10printAnvilEh)
                  0000c920    0000008c     SlidePot.o (.text._ZN8SlidePot4InitEv)
                  0000c9ac    00000088     ST7735.o (.text._ZL13setAddrWindowhhhh)
                  0000ca34    0000000c     Clock.o (.text._Z10Clock_Freqv)
                  0000ca40    00000088     libc.a : strcmp-armv6m.S.obj (.text:strcmp)
                  0000cac8    00000084     ST7735.o (.text._Z17ST7735_DrawStringttPcs)
                  0000cb4c    00000080     Player.o (.text._ZN6Player16resetCoordinatesEv)
                  0000cbcc    0000007c     LaunchPad.o (.text._Z14LaunchPad_Initv)
                  0000cc48    0000007c     libc.a : fclose.c.obj (.text.__TI_closefile)
                  0000ccc4    0000007c            : copy_decompress_lzss.c.obj (.text:decompress:lzss)
                  0000cd40    00000070     ST7735.o (.text._Z16ST7735_DrawPixelsst)
                  0000cdb0    00000070     Machine.o (.text._ZN7Machine9printRockEh)
                  0000ce20    0000006c     libsysbm.a : hostlseek.c.obj (.text.HOSTlseek)
                  0000ce8c    0000006c                : hostrename.c.obj (.text.HOSTrename)
                  0000cef8    0000006c     libc.a : getdevice.c.obj (.text.getdevice)
                  0000cf64    00000064            : memory.c.obj (.text.split)
                  0000cfc8    00000060     libsysbm.a : hostopen.c.obj (.text.HOSTopen)
                  0000d028    00000058                : hostread.c.obj (.text.HOSTread)
                  0000d080    00000058                : hostwrite.c.obj (.text.HOSTwrite)
                  0000d0d8    00000058     TExaS.o (.text._Z10TExaS_InitP10ADC12_RegsjPFhvE)
                  0000d130    00000054     SlidePot.o (.text._ZN8SlidePot2InEv)
                  0000d184    00000054     libc.a : autoinit.c.obj (.text:__TI_auto_init_nobinit)
                  0000d1d8    00000052            : fflush.c.obj (.text.__TI_doflush)
                  0000d22a    00000002     libclang_rt.builtins.a : aeabi_div0.c.obj (.text.__aeabi_idiv0)
                  0000d22c    00000050     libsysbm.a : close.c.obj (.text.close)
                  0000d27c    0000004c     Player.o (.text._ZN6Player8moveLeftEv)
                  0000d2c8    0000004c     Player.o (.text._ZN6Player9moveRightEv)
                  0000d314    00000048     libsysbm.a : hostclose.c.obj (.text.HOSTclose)
                  0000d35c    00000048                : hostunlink.c.obj (.text.HOSTunlink)
                  0000d3a4    00000048     SPI.o (.text._Z14SPI_OutCommandc)
                  0000d3ec    00000040     TExaS.o (.text.TIMG7_IRQHandler)
                  0000d42c    00000040     SPI.o (.text._Z9SPI_Resetv)
                  0000d46c    00000040     libclang_rt.builtins.a : aeabi_uidivmod.S.obj (.text.__aeabi_uidivmod)
                  0000d4ac    00000040     libc.a : fopen.c.obj (.text._search_fp)
                  0000d4ec    0000003c     Lab9HMain.o (.text.TIMG12_IRQHandler)
                  0000d528    0000003c     Sound.o (.text._Z10Sound_Initv)
                  0000d564    0000003a     Machine.o (.text._ZN7MachineC2Ehhhh)
                  0000d59e    00000002     libc.a : _lock.c.obj (.text._nop)
                  0000d5a0    00000038     SPI.o (.text._Z11SPI_OutDatac)
                  0000d5d8    00000038     LaunchPad.o (.text._Z15ActivatePortA_Bv)
                  0000d610    00000034     ST7735.o (.text._Z12ST7735_writeiPKcj)
                  0000d644    00000034     Clock.o (.text._Z14Clock_Delay1msj)
                  0000d678    00000034     ST7735.o (.text._Z16ST7735_SetCursorjj)
                  0000d6ac    00000034     libc.a : fopen.c.obj (.text.__TI_cleanup)
                  0000d6e0    00000034     libsysbm.a : trgmsg.c.obj (.text.__TI_readmsg)
                  0000d714    00000034                : trgmsg.c.obj (.text.__TI_writemsg)
                  0000d748    00000034     libc.a : exit.c.obj (.text.exit)
                  0000d77c    00000034            : getdevice.c.obj (.text.finddevice)
                  0000d7b0    00000034            : fopen.c.obj (.text.freopen)
                  0000d7e4    00000030     ST7735.o (.text._ZL10commonInitPKh)
                  0000d814    00000030     libc.a : fopen.c.obj (.text.fopen)
                  0000d844    0000002c     ST7735.o (.text._Z17ST7735_FillScreent)
                  0000d870    0000002c     libsysbm.a : unlink.c.obj (.text.unlink)
                  0000d89c    00000028     TExaS.o (.text._Z9ADC_StartP10ADC12_Regs)
                  0000d8c4    00000028     libc.a : memory.c.obj (.text.free_list_insert)
                  0000d8ec    00000028     libsysbm.a : write.c.obj (.text.write)
                  0000d914    00000028     libc.a : boot_cortex_m.c.obj (.text:_c_int00_noargs)
                  0000d93c    00000024     SlidePot.o (.text._ZN8SlidePot4SaveEj)
                  0000d960    00000020     SlidePot.o (.text._ZN8SlidePot4SyncEv)
                  0000d980    0000001e     ST7735.o (.text._ZL9pushColort)
                  0000d99e    00000002     --HOLE-- [fill = 0]
                  0000d9a0    0000001c     startup_mspm0g3507_ticlang.o (.text.Default_Handler)
                  0000d9bc    0000001c     startup_mspm0g3507_ticlang.o (.text.HardFault_Handler)
                  0000d9d8    0000001c     Switch.o (.text._Z9Switch_Inv)
                  0000d9f4    0000001c     Player.o (.text._ZN6PlayerC2Ev)
                  0000da10    0000001c     Lab9HMain.o (.text.__cxx_global_var_init.2)
                  0000da2c    0000001c     Lab9HMain.o (.text.__cxx_global_var_init.3)
                  0000da48    0000001c     Lab9HMain.o (.text.__cxx_global_var_init.4)
                  0000da64    0000001c     libc.a : memory.c.obj (.text.free_list_remove)
                  0000da80    00000018     Lab9HMain.o (.text._GLOBAL__sub_I_Lab9HMain.cpp)
                  0000da98    00000018     Switch.o (.text._Z11Switch_Initv)
                  0000dab0    00000016     ST7735.o (.text._Z11ST7735_openPKcji)
                  0000dac6    00000016     ST7735.o (.text._Z11ST7735_readiPcj)
                  0000dadc    00000016     libc.a : copy_zero_init.c.obj (.text:decompress:ZI:__TI_zero_init_nomemset)
                  0000daf2    00000012     Player.o (.text._ZN6Player13setPossessionEh)
                  0000db04    00000012     libc.a : memcpy16.S.obj (.text:TI_memcpy_small)
                  0000db16    00000012            : copy_decompress_none.c.obj (.text:decompress:none)
                  0000db28    00000010     Clock.o (.text._Z11Clock_Delayj)
                  0000db38    00000010     Lab9HMain.o (.text._Z28TExaS_LaunchPadLogicPB27PB26v)
                  0000db48    00000010     Lab9HMain.o (.text.__cxx_global_var_init.1)
                  0000db58    00000010     Lab9HMain.o (.text.__cxx_global_var_init)
                  0000db68    0000000e     libc.a : memory.c.obj (.text.OUTLINED_FUNCTION_0)
                  0000db76    0000000e     ST7735.o (.text._Z12ST7735_lseekili)
                  0000db84    0000000e     Player.o (.text._ZN6Player7getXPosEv)
                  0000db92    0000000e     Player.o (.text._ZN6Player7getYPosEv)
                  0000dba0    0000000e     SlidePot.o (.text._ZN8SlidePotC2Ev)
                  0000dbae    0000000e     libsysbm.a : hostrename.c.obj (.text.strcpy)
                  0000dbbc    0000000e                : hostrename.c.obj (.text.strlen)
                  0000dbca    0000000e     libc.a : memset16.S.obj (.text:TI_memset_small)
                  0000dbd8    0000000c     ST7735.o (.text._Z13ST7735_renamePKcS0_)
                  0000dbe4    0000000c     Player.o (.text._ZN6Player7getSizeEv)
                  0000dbf0    0000000c     SlidePot.o (.text._ZN8SlidePot9DistanceXEv)
                  0000dbfc    0000000c     SlidePot.o (.text._ZN8SlidePot9DistanceYEv)
                  0000dc08    0000000c     libclang_rt.builtins.a : aeabi_memset.S.obj (.text.__aeabi_memclr)
                  0000dc14    0000000c     libc.a : memory.c.obj (.text.malloc)
                  0000dc20    0000000a     ST7735.o (.text._Z12ST7735_closei)
                  0000dc2a    0000000a     ST7735.o (.text._Z13ST7735_unlinkPKc)
                  0000dc34    0000000a     Lab9HMain.o (.text._Z8PLL_Initv)
                  0000dc3e    00000002     --HOLE-- [fill = 0]
                  0000dc40    00000008     libclang_rt.builtins.a : aeabi_memcpy.S.obj (.text.__aeabi_memcpy)
                  0000dc48    00000008     libsysbm.a : remove.c.obj (.text.remove)
                  0000dc50    00000004     startup_mspm0g3507_ticlang.o (.text.Reset_Handler)
                  0000dc54    00000004     libc.a : pre_init.c.obj (.text._system_pre_init)
                  0000dc58    00000004            : exit.c.obj (.text:abort)
                  0000dc5c    00000004     --HOLE-- [fill = 0]

.cinit     0    0000dc68    000000f8     
                  0000dc68    000000d3     (.cinit..data.load) [load image, compression = lzss]
                  0000dd3b    00000001     --HOLE-- [fill = 0]
                  0000dd3c    0000000c     (__TI_handler_table)
                  0000dd48    00000008     (.cinit..bss.load) [load image, compression = zero_init]
                  0000dd50    00000010     (__TI_cinit_table)

.rodata    0    000000c0    0000a4c0     
                  000000c0    00002700     Machine.o (.rodata._ZL9anvilMenu)
                  000027c0    00000f78     Machine.o (.rodata._ZL12anvilWorking)
                  00003738    00000f78     Machine.o (.rodata._ZL14anvilHighlight)
                  000046b0    00000f78     Machine.o (.rodata._ZL5anvil)
                  00005628    00000bb0     Machine.o (.rodata._ZL11workingRock)
                  000061d8    00000bb0     Machine.o (.rodata._ZL13highlightRock)
                  00006d88    00000bb0     Machine.o (.rodata._ZL4rock)
                  00007938    00000992     Lab9HMain.o (.rodata._ZL5miner)
                  000082ca    000004fb     ST7735.o (.rodata._ZL4Font)
                  000087c5    00000001     --HOLE-- [fill = 0]
                  000087c6    00000348     Lab9HMain.o (.rodata._ZL5watch)
                  00008b0e    00000320     Lab9HMain.o (.rodata._ZL5trash)
                  00008e2e    000002d2     Lab9HMain.o (.rodata._ZL5sword)
                  00009100    000002ac     Lab9HMain.o (.rodata._ZL3key)
                  000093ac    000002a0     Lab9HMain.o (.rodata._ZL6shield)
                  0000964c    00000220     Lab9HMain.o (.rodata._ZL4ring)
                  0000986c    0000018c     Lab9HMain.o (.rodata._ZL10rawDiamond)
                  000099f8    0000018c     Lab9HMain.o (.rodata._ZL10rawEmerald)
                  00009b84    0000018c     Lab9HMain.o (.rodata._ZL7rawGold)
                  00009d10    0000018c     Lab9HMain.o (.rodata._ZL7rawRuby)
                  00009e9c    0000018c     Lab9HMain.o (.rodata._ZL9rawSilver)
                  0000a028    0000010e     Lab9HMain.o (.rodata._ZL4gold)
                  0000a136    0000010e     Lab9HMain.o (.rodata._ZL6silver)
                  0000a244    000000d8     Lab9HMain.o (.rodata._ZL4Ruby)
                  0000a31c    000000d8     Lab9HMain.o (.rodata._ZL7Diamond)
                  0000a3f4    000000d8     Lab9HMain.o (.rodata._ZL7Emerald)
                  0000a4cc    0000003b     ST7735.o (.rodata._ZL5Rcmd1)
                  0000a507    0000002b     ST7735.o (.rodata._ZL5Rcmd3)
                  0000a532    00000016     ST7735.o (.rodata.str1.43788427057889536241)
                  0000a548    0000000d     ST7735.o (.rodata._ZL10Rcmd2green)
                  0000a555    0000000d     ST7735.o (.rodata._ZL8Rcmd2red)
                  0000a562    00000008     ST7735.o (.rodata.str1.54535931475021008601)
                  0000a56a    00000007     ST7735.o (.rodata.str1.103567388005067375301)
                  0000a571    00000007     ST7735.o (.rodata.str1.132933244321656697041)
                  0000a578    00000002     ST7735.o (.rodata.str1.18657686242476325171)
                  0000a57a    00000006     --HOLE-- [fill = 0]

.init_array 
*          0    0000dc60    00000008     
                  0000dc60    00000004     Lab9HMain.o (.init_array)
                  0000dc64    00000004     --HOLE-- [fill = 0]

.data      0    20200000    000002a1     UNINITIALIZED
                  20200000    000000f0     libc.a : defs.c.obj (.data._ftable)
                  202000f0    00000088     Lab9HMain.o (.data.sprites)
                  20200178    00000078     libsysbm.a : host_device.c.obj (.data._device)
                  202001f0    00000050                : host_device.c.obj (.data._stream)
                  20200240    0000000c     Lab9HMain.o (.data.Sensor)
                  2020024c    00000008     libc.a : exit.c.obj (.data..L_MergedGlobals)
                  20200254    00000008     Lab9HMain.o (.data.m_anvil)
                  2020025c    00000008     Lab9HMain.o (.data.m_refiner)
                  20200264    00000008     Lab9HMain.o (.data.m_rock)
                  2020026c    00000008     Lab9HMain.o (.data.p1)
                  20200274    00000004     Clock.o (.data.BusFreq)
                  20200278    00000004     ST7735.o (.data.StX)
                  2020027c    00000004     ST7735.o (.data.StY)
                  20200280    00000004     libc.a : defs.c.obj (.data.__TI_ft_end)
                  20200284    00000004            : _lock.c.obj (.data._lock)
                  20200288    00000004            : _lock.c.obj (.data._unlock)
                  2020028c    00000002     ST7735.o (.data.StTextColor)
                  2020028e    00000002     ST7735.o (.data._ZL6_width)
                  20200290    00000002     ST7735.o (.data._ZL7_height)
                  20200292    00000001     Machine.o (.data._ZZN7Machine10updateRockEhE10wasWorking)
                  20200293    00000001     Machine.o (.data._ZZN7Machine11updateAnvilEhE10wasWorking)
                  20200294    00000001     Machine.o (.data._ZZN7Machine11updateAnvilEhE11anvilLength)
                  20200295    00000001     Machine.o (.data._ZZN7Machine11updateAnvilEhE12menuDebounce)
                  20200296    00000001     Lab9HMain.o (.data.input)
                  20200297    00000001     --HOLE--
                  20200298    00000001     libsysbm.a : add_device.c.obj (.data.add_device.device_init)
                  20200299    00000003     --HOLE--
                  2020029c    00000001     libc.a : memory.c.obj (.data.memory_is_initialized)
                  2020029d    00000003     --HOLE--
                  202002a0    00000001     libsysbm.a : open.c.obj (.data.open.stream_init)

.sysmem    0    202002a8    00000200     UNINITIALIZED
                  202002a8    00000010     libc.a : memory.c.obj (.sysmem)
                  202002b8    000001f0     --HOLE--

.bss       0    202004a8    000001df     UNINITIALIZED
                  202004a8    00000120     libsysbm.a : trgmsg.c.obj (.bss:_CIOBUF_)
                  202005c8    000000a0     libc.a : defs.c.obj (.bss.__TI_tmpnams)
                  20200668    00000008     libsysbm.a : hostopen.c.obj (.bss.parmbuf)
                  20200670    00000005     Machine.o (.bss._ZZN7Machine11updateAnvilEhE10AnvilItems)
                  20200675    00000001     ST7735.o (.bss._ZL8ColStart)
                  20200676    00000001     ST7735.o (.bss._ZL8Rotation)
                  20200677    00000001     ST7735.o (.bss._ZL8RowStart)
                  20200678    00000004     TExaS.o (.bss.TExaSLogic)
                  2020067c    00000004     TExaS.o (.bss.TExaSadc)
                  20200680    00000004     libc.a : memory.c.obj (.bss.sys_free)
                  20200684    00000001     ST7735.o (.bss._ZL8TabColor)
                  20200685    00000001     Lab9HMain.o (.bss.buttons)
                  20200686    00000001     Lab9HMain.o (.bss.menuOpen)

.stack     0    20207e00    00000200     UNINITIALIZED
                  20207e00    00000004     libc.a : boot_cortex_m.c.obj (.stack)
                  20207e04    000001fc     --HOLE--

__llvm_prf_cnts 
*          0    20200000    00000000     UNINITIALIZED

__llvm_prf_bits 
*          0    20200000    00000000     UNINITIALIZED

MODULE SUMMARY

       Module                         code    ro data   rw data
       ------                         ----    -------   -------
    .\
       Machine.o                      1958    30840     9      
       Lab9HMain.o                    1166    9884      183    
       ST7735.o                       3194    1449      18     
       Player.o                       1262    0         0      
       TExaS.o                        720     0         8      
       Clock.o                        516     0         4      
       SPI.o                          440     0         0      
       SlidePot.o                     330     0         0      
       Timer.o                        316     0         0      
       LaunchPad.o                    180     0         0      
       Sound.o                        62      0         0      
       Switch.o                       52      0         0      
    +--+------------------------------+-------+---------+---------+
       Total:                         10196   42173     222    
                                                               
    .\ticlang\
       startup_mspm0g3507_ticlang.o   60      192       0      
    +--+------------------------------+-------+---------+---------+
       Total:                         60      192       0      
                                                               
    C:\ti\ccs\tools\compiler\ti-cgt-armllvm_4.0.1.LTS\lib\armv6m-ti-none-eabi/c/libc.a
       memory.c.obj                   702     0         5      
       fopen.c.obj                    556     0         0      
       defs.c.obj                     0       0         404    
       setvbuf.c.obj                  224     0         0      
       getdevice.c.obj                160     0         0      
       strcmp-armv6m.S.obj            136     0         0      
       copy_decompress_lzss.c.obj     124     0         0      
       fclose.c.obj                   124     0         0      
       autoinit.c.obj                 84      0         0      
       fflush.c.obj                   82      0         0      
       exit.c.obj                     56      0         8      
       boot_cortex_m.c.obj            40      0         0      
       copy_zero_init.c.obj           22      0         0      
       copy_decompress_none.c.obj     18      0         0      
       memcpy16.S.obj                 18      0         0      
       memset16.S.obj                 14      0         0      
       _lock.c.obj                    2       0         8      
       pre_init.c.obj                 4       0         0      
    +--+------------------------------+-------+---------+---------+
       Total:                         2366    0         425    
                                                               
    C:\ti\ccs\tools\compiler\ti-cgt-armllvm_4.0.1.LTS\lib\armv6m-ti-none-eabi/c/libsysbm.a
       trgmsg.c.obj                   104     0         288    
       add_device.c.obj               236     0         1      
       host_device.c.obj              0       0         200    
       open.c.obj                     160     0         1      
       hostrename.c.obj               136     0         0      
       hostlseek.c.obj                108     0         0      
       hostopen.c.obj                 96      0         8      
       hostread.c.obj                 88      0         0      
       hostwrite.c.obj                88      0         0      
       close.c.obj                    80      0         0      
       hostclose.c.obj                72      0         0      
       hostunlink.c.obj               72      0         0      
       unlink.c.obj                   44      0         0      
       write.c.obj                    40      0         0      
       remove.c.obj                   8       0         0      
    +--+------------------------------+-------+---------+---------+
       Total:                         1332    0         498    
                                                               
    C:\ti\ccs\tools\compiler\ti-cgt-armllvm_4.0.1.LTS\lib\armv6m-ti-none-eabi/libclang_rt.builtins.a
       aeabi_uidivmod.S.obj           64      0         0      
       aeabi_memset.S.obj             12      0         0      
       aeabi_memcpy.S.obj             8       0         0      
       aeabi_div0.c.obj               2       0         0      
    +--+------------------------------+-------+---------+---------+
       Total:                         86      0         0      
                                                               
       Heap:                          0       0         512    
       Stack:                         0       0         512    
       Linker Generated:              0       247       0      
    +--+------------------------------+-------+---------+---------+
       Grand Total:                   14040   42612     2169   


LINKER GENERATED COPY TABLES

__TI_cinit_table @ 0000dd50 records: 2, size/record: 8, table size: 16
	.data: load addr=0000dc68, load size=000000d3 bytes, run addr=20200000, run size=000002a1 bytes, compression=lzss
	.bss: load addr=0000dd48, load size=00000008 bytes, run addr=202004a8, run size=000001df bytes, compression=zero_init


LINKER GENERATED HANDLER TABLE

__TI_handler_table @ 0000dd3c records: 3, size/record: 4, table size: 12
	index: 0, handler: __TI_decompress_lzss
	index: 1, handler: __TI_decompress_none
	index: 2, handler: __TI_zero_init


GLOBAL SYMBOLS: SORTED ALPHABETICALLY BY Name 

address   name                                
-------   ----                                
0000d9a1  ADC0_IRQHandler                     
0000d9a1  ADC1_IRQHandler                     
0000d9a1  AES_IRQHandler                      
20200274  BusFreq                             
0000dc58  C$$EXIT                             
0000d741  C$$IO$$                             
0000d9a1  CANFD0_IRQHandler                   
0000d9a1  DAC0_IRQHandler                     
0000d9a1  DMA_IRQHandler                      
0000d9a1  Default_Handler                     
0000d9a1  GROUP0_IRQHandler                   
0000d9a1  GROUP1_IRQHandler                   
0000d315  HOSTclose                           
0000ce21  HOSTlseek                           
0000cfc9  HOSTopen                            
0000d029  HOSTread                            
0000ce8d  HOSTrename                          
0000d35d  HOSTunlink                          
0000d081  HOSTwrite                           
0000d9bd  HardFault_Handler                   
0000d9a1  I2C0_IRQHandler                     
0000d9a1  I2C1_IRQHandler                     
0000d9a1  NMI_Handler                         
0000d9a1  PendSV_Handler                      
0000d9a1  RTC_IRQHandler                      
0000dc51  Reset_Handler                       
0000dc60  SHT$$INIT_ARRAY$$Base               
0000dc64  SHT$$INIT_ARRAY$$Limit              
0000d9a1  SPI0_IRQHandler                     
0000d9a1  SPI1_IRQHandler                     
0000d9a1  SVC_Handler                         
20200240  Sensor                              
2020028c  StTextColor                         
20200278  StX                                 
2020027c  StY                                 
0000c587  SysTick_Handler                     
20200678  TExaSLogic                          
2020067c  TExaSadc                            
0000d9a1  TIMA0_IRQHandler                    
0000d9a1  TIMA1_IRQHandler                    
0000d9a1  TIMG0_IRQHandler                    
0000d4ed  TIMG12_IRQHandler                   
0000d9a1  TIMG6_IRQHandler                    
0000d3ed  TIMG7_IRQHandler                    
0000d9a1  TIMG8_IRQHandler                    
0000db05  TI_memcpy_small                     
0000dbcb  TI_memset_small                     
0000d9a1  UART0_IRQHandler                    
0000d9a1  UART1_IRQHandler                    
0000d9a1  UART2_IRQHandler                    
0000d9a1  UART3_IRQHandler                    
202004a8  _CIOBUF_                            
0000ca35  _Z10Clock_Freqv                     
0000d529  _Z10Sound_Initv                     
0000d0d9  _Z10TExaS_InitP10ADC12_RegsjPFhvE   
0000db29  _Z11Clock_Delayj                    
0000d5a1  _Z11SPI_OutDatac                    
0000dab1  _Z11ST7735_openPKcji                
0000dac7  _Z11ST7735_readiPcj                 
0000da99  _Z11Switch_Initv                    
0000c761  _Z12ST7735_InitR10initRFlags        
0000dc21  _Z12ST7735_closei                   
0000db77  _Z12ST7735_lseekili                 
0000d611  _Z12ST7735_writeiPKcj               
0000dbd9  _Z13ST7735_renamePKcS0_             
0000dc2b  _Z13ST7735_unlinkPKc                
0000c629  _Z13computeRecipePaa                
0000d645  _Z14Clock_Delay1msj                 
0000cbcd  _Z14LaunchPad_Initv                 
0000d3a5  _Z14SPI_OutCommandc                 
0000c0c1  _Z14ST7735_OutCharc                 
0000c2f1  _Z14TimerG7_IntArmtjj               
0000d5d9  _Z15ActivatePortA_Bv                
0000af89  _Z15Clock_Init80MHzi                
0000b805  _Z15ST7735_FillRectsssst            
0000c7f9  _Z15TimerG12_IntArmjj               
0000b13d  _Z16ST7735_DrawCharSsscssh          
0000cd41  _Z16ST7735_DrawPixelsst             
0000d679  _Z16ST7735_SetCursorjj              
0000ad79  _Z17ST7735_DrawBitmapssPKtss        
0000cac9  _Z17ST7735_DrawStringttPcs          
0000d845  _Z17ST7735_FillScreent              
0000c6c5  _Z17ST7735_InitPrintfv              
0000bc31  _Z18ST7735_SetRotationh             
0000c191  _Z20ST7735_DrawFastHLinessst        
0000c241  _Z20ST7735_DrawFastVLinessst        
0000db39  _Z28TExaS_LaunchPadLogicPB27PB26v   
0000b6dd  _Z8ADC_InitP10ADC12_Regsjj          
0000dc35  _Z8PLL_Initv                        
0000bb39  _Z8SPI_Initv                        
0000d89d  _Z9ADC_StartP10ADC12_Regs           
0000d42d  _Z9SPI_Resetv                       
0000d9d9  _Z9Switch_Inv                       
0000be11  _Z9UART_Initv                       
0000daf3  _ZN6Player13setPossessionEh         
0000c399  _ZN6Player14checkProximityE7Machine 
0000c43f  _ZN6Player15getMachineInputE7Machine
0000cb4d  _ZN6Player16resetCoordinatesEv      
0000ba31  _ZN6Player6moveUpEv                 
0000dbe5  _ZN6Player7getSizeEv                
0000db85  _ZN6Player7getXPosEv                
0000db93  _ZN6Player7getYPosEv                
0000b5b1  _ZN6Player8moveDownEv               
0000d27d  _ZN6Player8moveLeftEv               
0000d2c9  _ZN6Player9moveRightEv              
0000d9f5  _ZN6PlayerC1Ev                      
0000d9f5  _ZN6PlayerC2Ev                      
0000c88d  _ZN7Machine10printAnvilEh           
0000b2dd  _ZN7Machine10updateRockEh           
0000a581  _ZN7Machine11updateAnvilEh          
0000cdb1  _ZN7Machine9printRockEh             
0000d565  _ZN7MachineC1Ehhhh                  
0000d565  _ZN7MachineC2Ehhhh                  
0000d131  _ZN8SlidePot2InEv                   
0000c921  _ZN8SlidePot4InitEv                 
0000d93d  _ZN8SlidePot4SaveEj                 
0000d961  _ZN8SlidePot4SyncEv                 
0000dbf1  _ZN8SlidePot9DistanceXEv            
0000dbfd  _ZN8SlidePot9DistanceYEv            
0000dba1  _ZN8SlidePotC1Ev                    
0000dba1  _ZN8SlidePotC2Ev                    
202004a8  __CIOBUF_                           
20208000  __STACK_END                         
00000200  __STACK_SIZE                        
00000200  __SYSMEM_SIZE                       
00000000  __TI_ATRegion0_region_sz            
00000000  __TI_ATRegion0_src_addr             
00000000  __TI_ATRegion0_trg_addr             
00000000  __TI_ATRegion1_region_sz            
00000000  __TI_ATRegion1_src_addr             
00000000  __TI_ATRegion1_trg_addr             
00000000  __TI_ATRegion2_region_sz            
00000000  __TI_ATRegion2_src_addr             
00000000  __TI_ATRegion2_trg_addr             
0000dd50  __TI_CINIT_Base                     
0000dd60  __TI_CINIT_Limit                    
0000dd60  __TI_CINIT_Warm                     
0000dd3c  __TI_Handler_Table_Base             
0000dd48  __TI_Handler_Table_Limit            
0000d185  __TI_auto_init_nobinit              
0000d6ad  __TI_cleanup                        
2020024c  __TI_cleanup_ptr                    
0000cc49  __TI_closefile                      
0000ccc5  __TI_decompress_lzss                
0000db17  __TI_decompress_none                
0000d1d9  __TI_doflush                        
20200250  __TI_dtors_ptr                      
20200280  __TI_ft_end                         
ffffffff  __TI_pprof_out_hndl                 
ffffffff  __TI_prof_data_size                 
ffffffff  __TI_prof_data_start                
0000d6e1  __TI_readmsg                        
00000000  __TI_static_base__                  
202005c8  __TI_tmpnams                        
0000d715  __TI_writemsg                       
0000dadd  __TI_zero_init_nomemset             
0000d22b  __aeabi_idiv0                       
0000dc09  __aeabi_memclr                      
0000dc09  __aeabi_memclr4                     
0000dc09  __aeabi_memclr8                     
0000dc41  __aeabi_memcpy                      
0000dc41  __aeabi_memcpy4                     
0000dc41  __aeabi_memcpy8                     
0000d46d  __aeabi_uidiv                       
0000d46d  __aeabi_uidivmod                    
ffffffff  __binit__                           
UNDEFED   __mpu_init                          
20207e00  __stack                             
20200000  __start___llvm_prf_bits             
20200000  __start___llvm_prf_cnts             
20200000  __stop___llvm_prf_bits              
20200000  __stop___llvm_prf_cnts              
0000d915  _c_int00_noargs                     
20200178  _device                             
20200000  _ftable                             
20200284  _lock                               
0000d59f  _nop                                
202001f0  _stream                             
202002a8  _sys_memory                         
UNDEFED   _system_post_cinit                  
0000dc55  _system_pre_init                    
20200288  _unlock                             
0000dc59  abort                               
0000bd25  add_device                          
0000b91d  aligned_alloc                       
ffffffff  binit                               
20200685  buttons                             
0000d22d  close                               
0000d749  exit                                
0000d77d  finddevice                          
0000d815  fopen                               
0000bef9  free                                
0000d7b1  freopen                             
0000cef9  getdevice                           
20200296  input                               
00000000  interruptVectors                    
20200254  m_anvil                             
2020025c  m_refiner                           
20200264  m_rock                              
0000a9cd  main                                
0000dc15  malloc                              
0000b91d  memalign                            
20200686  menuOpen                            
0000c589  open                                
2020026c  p1                                  
20200668  parmbuf                             
0000dc49  remove                              
0000bfe1  setvbuf                             
202000f0  sprites                             
0000ca41  strcmp                              
0000d871  unlink                              
0000d8ed  write                               


GLOBAL SYMBOLS: SORTED BY Symbol Address 

address   name                                
-------   ----                                
00000000  __TI_ATRegion0_region_sz            
00000000  __TI_ATRegion0_src_addr             
00000000  __TI_ATRegion0_trg_addr             
00000000  __TI_ATRegion1_region_sz            
00000000  __TI_ATRegion1_src_addr             
00000000  __TI_ATRegion1_trg_addr             
00000000  __TI_ATRegion2_region_sz            
00000000  __TI_ATRegion2_src_addr             
00000000  __TI_ATRegion2_trg_addr             
00000000  __TI_static_base__                  
00000000  interruptVectors                    
00000200  __STACK_SIZE                        
00000200  __SYSMEM_SIZE                       
0000a581  _ZN7Machine11updateAnvilEh          
0000a9cd  main                                
0000ad79  _Z17ST7735_DrawBitmapssPKtss        
0000af89  _Z15Clock_Init80MHzi                
0000b13d  _Z16ST7735_DrawCharSsscssh          
0000b2dd  _ZN7Machine10updateRockEh           
0000b5b1  _ZN6Player8moveDownEv               
0000b6dd  _Z8ADC_InitP10ADC12_Regsjj          
0000b805  _Z15ST7735_FillRectsssst            
0000b91d  aligned_alloc                       
0000b91d  memalign                            
0000ba31  _ZN6Player6moveUpEv                 
0000bb39  _Z8SPI_Initv                        
0000bc31  _Z18ST7735_SetRotationh             
0000bd25  add_device                          
0000be11  _Z9UART_Initv                       
0000bef9  free                                
0000bfe1  setvbuf                             
0000c0c1  _Z14ST7735_OutCharc                 
0000c191  _Z20ST7735_DrawFastHLinessst        
0000c241  _Z20ST7735_DrawFastVLinessst        
0000c2f1  _Z14TimerG7_IntArmtjj               
0000c399  _ZN6Player14checkProximityE7Machine 
0000c43f  _ZN6Player15getMachineInputE7Machine
0000c587  SysTick_Handler                     
0000c589  open                                
0000c629  _Z13computeRecipePaa                
0000c6c5  _Z17ST7735_InitPrintfv              
0000c761  _Z12ST7735_InitR10initRFlags        
0000c7f9  _Z15TimerG12_IntArmjj               
0000c88d  _ZN7Machine10printAnvilEh           
0000c921  _ZN8SlidePot4InitEv                 
0000ca35  _Z10Clock_Freqv                     
0000ca41  strcmp                              
0000cac9  _Z17ST7735_DrawStringttPcs          
0000cb4d  _ZN6Player16resetCoordinatesEv      
0000cbcd  _Z14LaunchPad_Initv                 
0000cc49  __TI_closefile                      
0000ccc5  __TI_decompress_lzss                
0000cd41  _Z16ST7735_DrawPixelsst             
0000cdb1  _ZN7Machine9printRockEh             
0000ce21  HOSTlseek                           
0000ce8d  HOSTrename                          
0000cef9  getdevice                           
0000cfc9  HOSTopen                            
0000d029  HOSTread                            
0000d081  HOSTwrite                           
0000d0d9  _Z10TExaS_InitP10ADC12_RegsjPFhvE   
0000d131  _ZN8SlidePot2InEv                   
0000d185  __TI_auto_init_nobinit              
0000d1d9  __TI_doflush                        
0000d22b  __aeabi_idiv0                       
0000d22d  close                               
0000d27d  _ZN6Player8moveLeftEv               
0000d2c9  _ZN6Player9moveRightEv              
0000d315  HOSTclose                           
0000d35d  HOSTunlink                          
0000d3a5  _Z14SPI_OutCommandc                 
0000d3ed  TIMG7_IRQHandler                    
0000d42d  _Z9SPI_Resetv                       
0000d46d  __aeabi_uidiv                       
0000d46d  __aeabi_uidivmod                    
0000d4ed  TIMG12_IRQHandler                   
0000d529  _Z10Sound_Initv                     
0000d565  _ZN7MachineC1Ehhhh                  
0000d565  _ZN7MachineC2Ehhhh                  
0000d59f  _nop                                
0000d5a1  _Z11SPI_OutDatac                    
0000d5d9  _Z15ActivatePortA_Bv                
0000d611  _Z12ST7735_writeiPKcj               
0000d645  _Z14Clock_Delay1msj                 
0000d679  _Z16ST7735_SetCursorjj              
0000d6ad  __TI_cleanup                        
0000d6e1  __TI_readmsg                        
0000d715  __TI_writemsg                       
0000d741  C$$IO$$                             
0000d749  exit                                
0000d77d  finddevice                          
0000d7b1  freopen                             
0000d815  fopen                               
0000d845  _Z17ST7735_FillScreent              
0000d871  unlink                              
0000d89d  _Z9ADC_StartP10ADC12_Regs           
0000d8ed  write                               
0000d915  _c_int00_noargs                     
0000d93d  _ZN8SlidePot4SaveEj                 
0000d961  _ZN8SlidePot4SyncEv                 
0000d9a1  ADC0_IRQHandler                     
0000d9a1  ADC1_IRQHandler                     
0000d9a1  AES_IRQHandler                      
0000d9a1  CANFD0_IRQHandler                   
0000d9a1  DAC0_IRQHandler                     
0000d9a1  DMA_IRQHandler                      
0000d9a1  Default_Handler                     
0000d9a1  GROUP0_IRQHandler                   
0000d9a1  GROUP1_IRQHandler                   
0000d9a1  I2C0_IRQHandler                     
0000d9a1  I2C1_IRQHandler                     
0000d9a1  NMI_Handler                         
0000d9a1  PendSV_Handler                      
0000d9a1  RTC_IRQHandler                      
0000d9a1  SPI0_IRQHandler                     
0000d9a1  SPI1_IRQHandler                     
0000d9a1  SVC_Handler                         
0000d9a1  TIMA0_IRQHandler                    
0000d9a1  TIMA1_IRQHandler                    
0000d9a1  TIMG0_IRQHandler                    
0000d9a1  TIMG6_IRQHandler                    
0000d9a1  TIMG8_IRQHandler                    
0000d9a1  UART0_IRQHandler                    
0000d9a1  UART1_IRQHandler                    
0000d9a1  UART2_IRQHandler                    
0000d9a1  UART3_IRQHandler                    
0000d9bd  HardFault_Handler                   
0000d9d9  _Z9Switch_Inv                       
0000d9f5  _ZN6PlayerC1Ev                      
0000d9f5  _ZN6PlayerC2Ev                      
0000da99  _Z11Switch_Initv                    
0000dab1  _Z11ST7735_openPKcji                
0000dac7  _Z11ST7735_readiPcj                 
0000dadd  __TI_zero_init_nomemset             
0000daf3  _ZN6Player13setPossessionEh         
0000db05  TI_memcpy_small                     
0000db17  __TI_decompress_none                
0000db29  _Z11Clock_Delayj                    
0000db39  _Z28TExaS_LaunchPadLogicPB27PB26v   
0000db77  _Z12ST7735_lseekili                 
0000db85  _ZN6Player7getXPosEv                
0000db93  _ZN6Player7getYPosEv                
0000dba1  _ZN8SlidePotC1Ev                    
0000dba1  _ZN8SlidePotC2Ev                    
0000dbcb  TI_memset_small                     
0000dbd9  _Z13ST7735_renamePKcS0_             
0000dbe5  _ZN6Player7getSizeEv                
0000dbf1  _ZN8SlidePot9DistanceXEv            
0000dbfd  _ZN8SlidePot9DistanceYEv            
0000dc09  __aeabi_memclr                      
0000dc09  __aeabi_memclr4                     
0000dc09  __aeabi_memclr8                     
0000dc15  malloc                              
0000dc21  _Z12ST7735_closei                   
0000dc2b  _Z13ST7735_unlinkPKc                
0000dc35  _Z8PLL_Initv                        
0000dc41  __aeabi_memcpy                      
0000dc41  __aeabi_memcpy4                     
0000dc41  __aeabi_memcpy8                     
0000dc49  remove                              
0000dc51  Reset_Handler                       
0000dc55  _system_pre_init                    
0000dc58  C$$EXIT                             
0000dc59  abort                               
0000dc60  SHT$$INIT_ARRAY$$Base               
0000dc64  SHT$$INIT_ARRAY$$Limit              
0000dd3c  __TI_Handler_Table_Base             
0000dd48  __TI_Handler_Table_Limit            
0000dd50  __TI_CINIT_Base                     
0000dd60  __TI_CINIT_Limit                    
0000dd60  __TI_CINIT_Warm                     
20200000  __start___llvm_prf_bits             
20200000  __start___llvm_prf_cnts             
20200000  __stop___llvm_prf_bits              
20200000  __stop___llvm_prf_cnts              
20200000  _ftable                             
202000f0  sprites                             
20200178  _device                             
202001f0  _stream                             
20200240  Sensor                              
2020024c  __TI_cleanup_ptr                    
20200250  __TI_dtors_ptr                      
20200254  m_anvil                             
2020025c  m_refiner                           
20200264  m_rock                              
2020026c  p1                                  
20200274  BusFreq                             
20200278  StX                                 
2020027c  StY                                 
20200280  __TI_ft_end                         
20200284  _lock                               
20200288  _unlock                             
2020028c  StTextColor                         
20200296  input                               
202002a8  _sys_memory                         
202004a8  _CIOBUF_                            
202004a8  __CIOBUF_                           
202005c8  __TI_tmpnams                        
20200668  parmbuf                             
20200678  TExaSLogic                          
2020067c  TExaSadc                            
20200685  buttons                             
20200686  menuOpen                            
20207e00  __stack                             
20208000  __STACK_END                         
ffffffff  __TI_pprof_out_hndl                 
ffffffff  __TI_prof_data_size                 
ffffffff  __TI_prof_data_start                
ffffffff  __binit__                           
ffffffff  binit                               
UNDEFED   __mpu_init                          
UNDEFED   _system_post_cinit                  

[212 symbols]
