******************************************************************************
            TI ARM Clang Linker PC v4.0.1                      
******************************************************************************
>> Linked Thu Apr 17 19:20:18 2025

OUTPUT FILE NAME:   <MadMines.out>
ENTRY POINT SYMBOL: "_c_int00_noargs"  address: 00010a59


MEMORY CONFIGURATION

         name            origin    length      used     unused   attr    fill
----------------------  --------  ---------  --------  --------  ----  --------
  FLASH                 00000000   00020000  00011018  0000efe8  R  X
  SRAM                  20200000   00008000  0000097e  00007682  RW X
  BCR_CONFIG            41c00000   00000080  00000000  00000080  R   
  BSL_CONFIG            41c00100   00000080  00000000  00000080  R   


SEGMENT ALLOCATION MAP

run origin  load origin   length   init length attrs members
----------  ----------- ---------- ----------- ----- -------
00000000    00000000    00011018   00011018    r-x
  00000000    00000000    000000c0   000000c0    r-- .intvecs
  000000c0    000000c0    0000bf08   0000bf08    r-- .rodata
  0000bfc8    0000bfc8    00000008   00000008    r-- .init_array
  0000bfd0    0000bfd0    00004f30   00004f30    r-x .text
  00010f00    00010f00    00000118   00000118    r-- .cinit
20200000    20200000    00000785   00000000    rw-
  20200000    20200000    000003a1   00000000    rw- .data
  202003a8    202003a8    00000200   00000000    rw- .sysmem
  202005a8    202005a8    000001dd   00000000    rw- .bss
20207e00    20207e00    00000200   00000000    rw-
  20207e00    20207e00    00000200   00000000    rw- .stack


SECTION ALLOCATION MAP

 output                                  attributes/
section   page    origin      length       input sections
--------  ----  ----------  ----------   ----------------
.intvecs   0    00000000    000000c0     
                  00000000    000000c0     startup_mspm0g3507_ticlang.o (.intvecs)

.binit     0    00000000    00000000     

.text      0    0000bfd0    00004f30     
                  0000bfd0    00000708     Lab9HMain.o (.text.main)
                  0000c6d8    000003e4     Machine.o (.text._ZN7Machine10updateCartEh)
                  0000cabc    00000358     Machine.o (.text._ZN7Machine14updateCountersEhPS_)
                  0000ce14    00000340     Machine.o (.text._ZN7Machine13updateRefinerEh)
                  0000d154    000002ac     Machine.o (.text._ZN7Machine13printCountersEPS_)
                  0000d400    00000240     Machine.o (.text._ZN7Machine16updateTurnInAreaEh)
                  0000d640    00000210     ST7735.o (.text._Z17ST7735_DrawBitmapssPKtss)
                  0000d850    000001d8     Machine.o (.text._ZN7Machine9printCartEv)
                  0000da28    000001b4     Clock.o (.text._Z15Clock_Init80MHzi)
                  0000dbdc    000001a4     ST7735.o (.text._Z15ST7735_DrawCharsscssh)
                  0000dd80    000001a0     ST7735.o (.text._Z16ST7735_DrawCharSsscssh)
                  0000df20    0000015c     Machine.o (.text._ZN7Machine13cartSendErrorEhh)
                  0000e07c    00000154     libc.a : fopen.c.obj (.text._openfile)
                  0000e1d0    00000130     Machine.o (.text._ZN7Machine15printTurnInAreaEv)
                  0000e300    0000012c     Player.o (.text._ZN6Player8moveDownEv)
                  0000e42c    00000128     TExaS.o (.text._Z8ADC_InitP10ADC12_Regsjj)
                  0000e554    00000118     ST7735.o (.text._Z15ST7735_FillRectsssst)
                  0000e66c    00000114     libc.a : memory.c.obj (.text.aligned_alloc)
                  0000e780    00000108     Player.o (.text._ZN6Player6moveUpEv)
                  0000e888    000000f8     SPI.o (.text._Z8SPI_Initv)
                  0000e980    000000f4     ST7735.o (.text._Z18ST7735_SetRotationh)
                  0000ea74    000000ec     libsysbm.a : add_device.c.obj (.text.add_device)
                  0000eb60    000000e8     TExaS.o (.text._Z9UART_Initv)
                  0000ec48    000000e8     libc.a : memory.c.obj (.text.free)
                  0000ed30    000000e0            : setvbuf.c.obj (.text.setvbuf)
                  0000ee10    000000dc     UART2.o (.text._Z10UART2_Initv)
                  0000eeec    000000d0     ST7735.o (.text._Z14ST7735_OutCharc)
                  0000efbc    000000b0     ST7735.o (.text._Z20ST7735_DrawFastHLinessst)
                  0000f06c    000000b0     ST7735.o (.text._Z20ST7735_DrawFastVLinessst)
                  0000f11c    000000a8     Timer.o (.text._Z14TimerG7_IntArmtjj)
                  0000f1c4    000000a2     ST7735.o (.text._ZL11commandListPKh)
                  0000f266    00000002     Sound.o (.text.SysTick_Handler)
                  0000f268    000000a0     libsysbm.a : open.c.obj (.text.open)
                  0000f308    0000009c     ST7735.o (.text._Z17ST7735_InitPrintfv)
                  0000f3a4    0000009c     Player.o (.text._ZN6Player14checkProximityE7Machine)
                  0000f440    00000098     ST7735.o (.text._Z12ST7735_InitR10initRFlags)
                  0000f4d8    00000094     Timer.o (.text._Z15TimerG12_IntArmjj)
                  0000f56c    0000008c     SlidePot.o (.text._ZN8SlidePot4InitEv)
                  0000f5f8    00000088     ST7735.o (.text._ZL13setAddrWindowhhhh)
                  0000f680    00000088     libc.a : strcmp-armv6m.S.obj (.text:strcmp)
                  0000f708    00000084     ST7735.o (.text._Z17ST7735_DrawStringttPcs)
                  0000f78c    00000082     Machine.o (.text._ZN7MachineC2Ehhhhhhhhh)
                  0000f80e    00000080     Player.o (.text._ZN6Player16resetCoordinatesEv)
                  0000f88e    00000002     libclang_rt.builtins.a : aeabi_div0.c.obj (.text.__aeabi_idiv0)
                  0000f890    0000007c     LaunchPad.o (.text._Z14LaunchPad_Initv)
                  0000f90c    0000007c     libc.a : fclose.c.obj (.text.__TI_closefile)
                  0000f988    0000007c            : copy_decompress_lzss.c.obj (.text:decompress:lzss)
                  0000fa04    00000078     Player.o (.text._ZN6Player15getMachineInputE7Machine)
                  0000fa7c    00000078     Machine.o (.text._ZN7Machine12printRefinerEv)
                  0000faf4    00000074     UART2.o (.text.UART2_IRQHandler)
                  0000fb68    00000074     IRxmt.o (.text._Z13IRxmt_SendBiti)
                  0000fbdc    00000070     ST7735.o (.text._Z16ST7735_DrawPixelsst)
                  0000fc4c    0000006c     libsysbm.a : hostlseek.c.obj (.text.HOSTlseek)
                  0000fcb8    0000006c                : hostrename.c.obj (.text.HOSTrename)
                  0000fd24    0000006c     libc.a : getdevice.c.obj (.text.getdevice)
                  0000fd90    00000064            : memory.c.obj (.text.split)
                  0000fdf4    00000062     Machine.o (.text._ZN7MachineC2Ehhhhhh)
                  0000fe56    00000002     libc.a : _lock.c.obj (.text._nop)
                  0000fe58    00000060     libsysbm.a : hostopen.c.obj (.text.HOSTopen)
                  0000feb8    00000058                : hostread.c.obj (.text.HOSTread)
                  0000ff10    00000058                : hostwrite.c.obj (.text.HOSTwrite)
                  0000ff68    00000058     TExaS.o (.text._Z10TExaS_InitP10ADC12_RegsjPFhvE)
                  0000ffc0    00000056     libclang_rt.builtins.a : aeabi_idivmod.S.obj (.text.__aeabi_idivmod)
                  00010016    00000002     --HOLE-- [fill = 0]
                  00010018    00000054     Player.o (.text._ZN6Player14printPosessionEh)
                  0001006c    00000054     SlidePot.o (.text._ZN8SlidePot2InEv)
                  000100c0    00000054     libc.a : autoinit.c.obj (.text:__TI_auto_init_nobinit)
                  00010114    00000052            : fflush.c.obj (.text.__TI_doflush)
                  00010166    00000002     --HOLE-- [fill = 0]
                  00010168    00000050     Lab9HMain.o (.text.__cxx_global_var_init.9)
                  000101b8    00000050     libsysbm.a : close.c.obj (.text.close)
                  00010208    0000004c     Player.o (.text._ZN6Player8moveLeftEv)
                  00010254    0000004c     Player.o (.text._ZN6Player9moveRightEv)
                  000102a0    00000048     libsysbm.a : hostclose.c.obj (.text.HOSTclose)
                  000102e8    00000048                : hostunlink.c.obj (.text.HOSTunlink)
                  00010330    00000048     IRxmt.o (.text._Z13IRxmt_OutCharc)
                  00010378    00000048     SPI.o (.text._Z14SPI_OutCommandc)
                  000103c0    00000048     FIFO2.o (.text._ZN5Queue3GetEPc)
                  00010408    00000048     FIFO2.o (.text._ZN5Queue3PutEc)
                  00010450    00000040     TExaS.o (.text.TIMG7_IRQHandler)
                  00010490    00000040     SPI.o (.text._Z9SPI_Resetv)
                  000104d0    00000040     libclang_rt.builtins.a : aeabi_uidivmod.S.obj (.text.__aeabi_uidivmod)
                  00010510    00000040     libc.a : fopen.c.obj (.text._search_fp)
                  00010550    0000003c     Lab9HMain.o (.text.TIMG12_IRQHandler)
                  0001058c    0000003c     Lab9HMain.o (.text._GLOBAL__sub_I_Lab9HMain.cpp)
                  000105c8    0000003c     Sound.o (.text._Z10Sound_Initv)
                  00010604    00000038     SPI.o (.text._Z11SPI_OutDatac)
                  0001063c    00000038     LaunchPad.o (.text._Z15ActivatePortA_Bv)
                  00010674    00000034     ST7735.o (.text._Z12ST7735_writeiPKcj)
                  000106a8    00000034     Clock.o (.text._Z14Clock_Delay1msj)
                  000106dc    00000034     ST7735.o (.text._Z16ST7735_SetCursorjj)
                  00010710    00000034     libc.a : fopen.c.obj (.text.__TI_cleanup)
                  00010744    00000034     libsysbm.a : trgmsg.c.obj (.text.__TI_readmsg)
                  00010778    00000034                : trgmsg.c.obj (.text.__TI_writemsg)
                  000107ac    00000034     libc.a : exit.c.obj (.text.exit)
                  000107e0    00000034            : getdevice.c.obj (.text.finddevice)
                  00010814    00000034            : fopen.c.obj (.text.freopen)
                  00010848    00000030     ST7735.o (.text._ZL10commonInitPKh)
                  00010878    00000030     Lab9HMain.o (.text.__cxx_global_var_init.6)
                  000108a8    00000030     Lab9HMain.o (.text.__cxx_global_var_init.7)
                  000108d8    00000030     Lab9HMain.o (.text.__cxx_global_var_init.8)
                  00010908    00000030     libc.a : fopen.c.obj (.text.fopen)
                  00010938    0000002c     ST7735.o (.text._Z17ST7735_FillScreent)
                  00010964    0000002c     libsysbm.a : unlink.c.obj (.text.unlink)
                  00010990    00000028     IRxmt.o (.text._Z10IRxmt_Initv)
                  000109b8    00000028     TExaS.o (.text._Z9ADC_StartP10ADC12_Regs)
                  000109e0    00000028     Lab9HMain.o (.text.__cxx_global_var_init.5)
                  00010a08    00000028     libc.a : memory.c.obj (.text.free_list_insert)
                  00010a30    00000028     libsysbm.a : write.c.obj (.text.write)
                  00010a58    00000028     libc.a : boot_cortex_m.c.obj (.text:_c_int00_noargs)
                  00010a80    00000024     SlidePot.o (.text._ZN8SlidePot4SaveEj)
                  00010aa4    00000024     Lab9HMain.o (.text.__cxx_global_var_init.10)
                  00010ac8    00000024     Lab9HMain.o (.text.__cxx_global_var_init.11)
                  00010aec    00000024     Lab9HMain.o (.text.__cxx_global_var_init.12)
                  00010b10    00000024     Lab9HMain.o (.text.__cxx_global_var_init.13)
                  00010b34    00000024     Lab9HMain.o (.text.__cxx_global_var_init.2)
                  00010b58    00000024     Lab9HMain.o (.text.__cxx_global_var_init.3)
                  00010b7c    00000024     Lab9HMain.o (.text.__cxx_global_var_init.4)
                  00010ba0    00000022     FIFO2.o (.text._ZN5Queue6IsFullEv)
                  00010bc2    00000020     SlidePot.o (.text._ZN8SlidePot4SyncEv)
                  00010be2    0000001e     ST7735.o (.text._ZL9pushColort)
                  00010c00    0000001c     startup_mspm0g3507_ticlang.o (.text.Default_Handler)
                  00010c1c    0000001c     startup_mspm0g3507_ticlang.o (.text.HardFault_Handler)
                  00010c38    0000001c     UART2.o (.text._Z12UART2_InCharv)
                  00010c54    0000001c     Switch.o (.text._Z9Switch_Inv)
                  00010c70    0000001c     Player.o (.text._ZN6PlayerC2Ev)
                  00010c8c    0000001c     libc.a : memory.c.obj (.text.free_list_remove)
                  00010ca8    00000018     Switch.o (.text._Z11Switch_Initv)
                  00010cc0    00000016     ST7735.o (.text._Z11ST7735_openPKcji)
                  00010cd6    00000016     ST7735.o (.text._Z11ST7735_readiPcj)
                  00010cec    00000016     libc.a : copy_zero_init.c.obj (.text:decompress:ZI:__TI_zero_init_nomemset)
                  00010d02    00000014     FIFO2.o (.text._ZN5Queue7IsEmptyEv)
                  00010d16    00000012     Player.o (.text._ZN6Player13setPossessionEh)
                  00010d28    00000012     Machine.o (.text._ZN7Machine9setSpriteEh)
                  00010d3a    00000012     libc.a : memcpy16.S.obj (.text:TI_memcpy_small)
                  00010d4c    00000012            : copy_decompress_none.c.obj (.text:decompress:none)
                  00010d5e    00000010     Clock.o (.text._Z11Clock_Delayj)
                  00010d6e    00000002     --HOLE-- [fill = 0]
                  00010d70    00000010     UART2.o (.text._Z12UART2_Enablev)
                  00010d80    00000010     UART2.o (.text._Z13UART2_Disablev)
                  00010d90    00000010     Lab9HMain.o (.text._Z28TExaS_LaunchPadLogicPB27PB26v)
                  00010da0    00000010     FIFO2.o (.text._ZN5QueueC2Ev)
                  00010db0    00000010     Lab9HMain.o (.text.__cxx_global_var_init.1)
                  00010dc0    00000010     Lab9HMain.o (.text.__cxx_global_var_init)
                  00010dd0    00000010     UART2.o (.text.__cxx_global_var_init)
                  00010de0    0000000e     libc.a : memory.c.obj (.text.OUTLINED_FUNCTION_0)
                  00010dee    0000000e     ST7735.o (.text._Z12ST7735_lseekili)
                  00010dfc    0000000e     Player.o (.text._ZN6Player7getXPosEv)
                  00010e0a    0000000e     Player.o (.text._ZN6Player7getYPosEv)
                  00010e18    0000000e     SlidePot.o (.text._ZN8SlidePotC2Ev)
                  00010e26    0000000e     libsysbm.a : hostrename.c.obj (.text.strcpy)
                  00010e34    0000000e                : hostrename.c.obj (.text.strlen)
                  00010e42    0000000e     libc.a : memset16.S.obj (.text:TI_memset_small)
                  00010e50    0000000c     Clock.o (.text._Z10Clock_Freqv)
                  00010e5c    0000000c     ST7735.o (.text._Z13ST7735_renamePKcS0_)
                  00010e68    0000000c     IRxmt.o (.text._Z5Delayj)
                  00010e74    0000000c     Player.o (.text._ZN6Player7getSizeEv)
                  00010e80    0000000c     SlidePot.o (.text._ZN8SlidePot9DistanceXEv)
                  00010e8c    0000000c     SlidePot.o (.text._ZN8SlidePot9DistanceYEv)
                  00010e98    0000000c     libclang_rt.builtins.a : aeabi_memset.S.obj (.text.__aeabi_memclr)
                  00010ea4    0000000c     libc.a : memory.c.obj (.text.malloc)
                  00010eb0    0000000a     ST7735.o (.text._Z12ST7735_closei)
                  00010eba    0000000a     ST7735.o (.text._Z13ST7735_unlinkPKc)
                  00010ec4    0000000a     Lab9HMain.o (.text._Z8PLL_Initv)
                  00010ece    00000008     UART2.o (.text._GLOBAL__sub_I_UART2.cpp)
                  00010ed6    00000002     --HOLE-- [fill = 0]
                  00010ed8    00000008     libclang_rt.builtins.a : aeabi_memcpy.S.obj (.text.__aeabi_memcpy)
                  00010ee0    00000008     libsysbm.a : remove.c.obj (.text.remove)
                  00010ee8    00000004     startup_mspm0g3507_ticlang.o (.text.Reset_Handler)
                  00010eec    00000004     libc.a : pre_init.c.obj (.text._system_pre_init)
                  00010ef0    00000004            : exit.c.obj (.text:abort)
                  00010ef4    0000000c     --HOLE-- [fill = 0]

.cinit     0    00010f00    00000118     
                  00010f00    000000ed     (.cinit..data.load) [load image, compression = lzss]
                  00010fed    00000003     --HOLE-- [fill = 0]
                  00010ff0    0000000c     (__TI_handler_table)
                  00010ffc    00000008     (.cinit..bss.load) [load image, compression = zero_init]
                  00011004    00000010     (__TI_cinit_table)
                  00011014    00000004     --HOLE-- [fill = 0]

.rodata    0    000000c0    0000bf08     
                  000000c0    00002800     Machine.o (.rodata._ZL4todo)
                  000028c0    000010ae     Machine.o (.rodata._ZL14refinerWorking)
                  0000396e    000010ae     Machine.o (.rodata._ZL16refinerHighlight)
                  00004a1c    000010ae     Machine.o (.rodata._ZL7refiner)
                  00005aca    00000f74     Machine.o (.rodata._ZL13cartHighlight)
                  00006a3e    00000f74     Machine.o (.rodata._ZL4cart)
                  000079b2    00000960     Machine.o (.rodata._ZL15PortalHighlight)
                  00008312    00000960     Machine.o (.rodata._ZL6Portal)
                  00008c72    000006e0     Machine.o (.rodata._ZL6ladder)
                  00009352    00000540     Machine.o (.rodata._ZL7counter)
                  00009892    000004fb     ST7735.o (.rodata._ZL4Font)
                  00009d8d    00000001     --HOLE-- [fill = 0]
                  00009d8e    00000480     Lab9HMain.o (.rodata._ZL5miner)
                  0000a20e    00000348     Machine.o (.rodata._ZL5watch)
                  0000a556    00000320     Machine.o (.rodata._ZL5trash)
                  0000a876    000002d2     Machine.o (.rodata._ZL5sword)
                  0000ab48    000002ac     Machine.o (.rodata._ZL3key)
                  0000adf4    000002a0     Machine.o (.rodata._ZL6shield)
                  0000b094    00000220     Machine.o (.rodata._ZL4ring)
                  0000b2b4    0000018c     Machine.o (.rodata._ZL10rawDiamond)
                  0000b440    0000018c     Machine.o (.rodata._ZL10rawEmerald)
                  0000b5cc    0000018c     Machine.o (.rodata._ZL7rawGold)
                  0000b758    0000018c     Machine.o (.rodata._ZL7rawRuby)
                  0000b8e4    0000018c     Machine.o (.rodata._ZL9rawSilver)
                  0000ba70    0000010e     Machine.o (.rodata._ZL4gold)
                  0000bb7e    0000010e     Machine.o (.rodata._ZL6silver)
                  0000bc8c    000000d8     Machine.o (.rodata._ZL4Ruby)
                  0000bd64    000000d8     Machine.o (.rodata._ZL7Diamond)
                  0000be3c    000000d8     Machine.o (.rodata._ZL7Emerald)
                  0000bf14    0000003b     ST7735.o (.rodata._ZL5Rcmd1)
                  0000bf4f    0000002b     ST7735.o (.rodata._ZL5Rcmd3)
                  0000bf7a    00000016     ST7735.o (.rodata.str1.43788427057889536241)
                  0000bf90    0000000d     ST7735.o (.rodata._ZL10Rcmd2green)
                  0000bf9d    0000000d     ST7735.o (.rodata._ZL8Rcmd2red)
                  0000bfaa    00000008     ST7735.o (.rodata.str1.54535931475021008601)
                  0000bfb2    00000007     ST7735.o (.rodata.str1.103567388005067375301)
                  0000bfb9    00000007     ST7735.o (.rodata.str1.132933244321656697041)
                  0000bfc0    00000002     ST7735.o (.rodata.str1.18657686242476325171)
                  0000bfc2    00000006     --HOLE-- [fill = 0]

.init_array 
*          0    0000bfc8    00000008     
                  0000bfc8    00000004     UART2.o (.init_array)
                  0000bfcc    00000004     Lab9HMain.o (.init_array)

.data      0    20200000    000003a1     UNINITIALIZED
                  20200000    000000f0     libc.a : defs.c.obj (.data._ftable)
                  202000f0    00000088     Machine.o (.data.sprites)
                  20200178    00000078     libsysbm.a : host_device.c.obj (.data._device)
                  202001f0    00000050                : host_device.c.obj (.data._stream)
                  20200240    00000038     Lab9HMain.o (.data.Counters)
                  20200278    0000002c     UART2.o (.data.FIFO2)
                  202002a4    00000014     Machine.o (.data._ZL7ToDoArr)
                  202002b8    0000000e     Lab9HMain.o (.data.m_anvil)
                  202002c6    0000000e     Lab9HMain.o (.data.m_cart1)
                  202002d4    0000000e     Lab9HMain.o (.data.m_cart2)
                  202002e2    0000000e     Lab9HMain.o (.data.m_counter1)
                  202002f0    0000000e     Lab9HMain.o (.data.m_counter2)
                  202002fe    0000000e     Lab9HMain.o (.data.m_counter3)
                  2020030c    0000000e     Lab9HMain.o (.data.m_portal)
                  2020031a    0000000e     Lab9HMain.o (.data.m_refiner)
                  20200328    0000000e     Lab9HMain.o (.data.m_rock)
                  20200336    0000000e     Lab9HMain.o (.data.m_smelter)
                  20200344    0000000e     Lab9HMain.o (.data.m_todo)
                  20200352    00000002     ST7735.o (.data.StTextColor)
                  20200354    0000000c     Lab9HMain.o (.data.Sensor)
                  20200360    00000008     libc.a : exit.c.obj (.data..L_MergedGlobals)
                  20200368    00000008     Lab9HMain.o (.data.p1)
                  20200370    00000004     Clock.o (.data.BusFreq)
                  20200374    00000004     ST7735.o (.data.StX)
                  20200378    00000004     ST7735.o (.data.StY)
                  2020037c    00000004     Machine.o (.data._ZZN7Machine16updateTurnInAreaEhE5score)
                  20200380    00000004     libc.a : defs.c.obj (.data.__TI_ft_end)
                  20200384    00000004            : _lock.c.obj (.data._lock)
                  20200388    00000004            : _lock.c.obj (.data._unlock)
                  2020038c    00000002     ST7735.o (.data._ZL6_width)
                  2020038e    00000002     ST7735.o (.data._ZL7_height)
                  20200390    00000001     Machine.o (.data._ZZN7Machine10updateCartEhE8debounce)
                  20200391    00000001     Machine.o (.data._ZZN7Machine13updateRefinerEhE10wasWorking)
                  20200392    00000001     Machine.o (.data._ZZN7Machine13updateRefinerEhE8debounce)
                  20200393    00000001     Machine.o (.data._ZZN7Machine14updateCountersEhPS_E8debounce)
                  20200394    00000001     Machine.o (.data._ZZN7Machine9printCartEvE2in)
                  20200395    00000001     Machine.o (.data._ZZN7Machine9printCartEvE4sent)
                  20200396    00000001     Lab9HMain.o (.data.input)
                  20200397    00000001     Lab9HMain.o (.data.numCounters)
                  20200398    00000001     libsysbm.a : add_device.c.obj (.data.add_device.device_init)
                  20200399    00000001     Machine.o (.data.progH)
                  2020039a    00000001     Machine.o (.data.progW)
                  2020039b    00000001     --HOLE--
                  2020039c    00000001     libc.a : memory.c.obj (.data.memory_is_initialized)
                  2020039d    00000003     --HOLE--
                  202003a0    00000001     libsysbm.a : open.c.obj (.data.open.stream_init)

.sysmem    0    202003a8    00000200     UNINITIALIZED
                  202003a8    00000010     libc.a : memory.c.obj (.sysmem)
                  202003b8    000001f0     --HOLE--

.bss       0    202005a8    000001dd     UNINITIALIZED
                  202005a8    00000120     libsysbm.a : trgmsg.c.obj (.bss:_CIOBUF_)
                  202006c8    000000a0     libc.a : defs.c.obj (.bss.__TI_tmpnams)
                  20200768    00000008     libsysbm.a : hostopen.c.obj (.bss.parmbuf)
                  20200770    00000004     UART2.o (.bss.LostData)
                  20200774    00000004     TExaS.o (.bss.TExaSLogic)
                  20200778    00000004     TExaS.o (.bss.TExaSadc)
                  2020077c    00000004     libc.a : memory.c.obj (.bss.sys_free)
                  20200780    00000001     ST7735.o (.bss._ZL8ColStart)
                  20200781    00000001     ST7735.o (.bss._ZL8Rotation)
                  20200782    00000001     ST7735.o (.bss._ZL8RowStart)
                  20200783    00000001     ST7735.o (.bss._ZL8TabColor)
                  20200784    00000001     Lab9HMain.o (.bss.buttons)

.stack     0    20207e00    00000200     UNINITIALIZED
                  20207e00    00000004     libc.a : boot_cortex_m.c.obj (.stack)
                  20207e04    000001fc     --HOLE--

__llvm_prf_cnts 
*          0    20200000    00000000     UNINITIALIZED

__llvm_prf_bits 
*          0    20200000    00000000     UNINITIALIZED

MODULE SUMMARY

       Module                         code    ro data   rw data
       ------                         ----    -------   -------
    .\
       Machine.o                      5434    46296     168    
       ST7735.o                       3614    1449      18     
       Lab9HMain.o                    2494    1156      233    
       Player.o                       1290    0         0      
       TExaS.o                        720     0         8      
       Clock.o                        516     0         4      
       UART2.o                        420     4         48     
       SPI.o                          440     0         0      
       SlidePot.o                     330     0         0      
       Timer.o                        316     0         0      
       IRxmt.o                        240     0         0      
       FIFO2.o                        214     0         0      
       LaunchPad.o                    180     0         0      
       Sound.o                        62      0         0      
       Switch.o                       52      0         0      
    +--+------------------------------+-------+---------+---------+
       Total:                         16322   48905     479    
                                                               
    .\ticlang\
       startup_mspm0g3507_ticlang.o   60      192       0      
    +--+------------------------------+-------+---------+---------+
       Total:                         60      192       0      
                                                               
    C:\ti\ccs\tools\compiler\ti-cgt-armllvm_4.0.1.LTS\lib\armv6m-ti-none-eabi/c/libc.a
       memory.c.obj                   702     0         5      
       fopen.c.obj                    556     0         0      
       defs.c.obj                     0       0         404    
       setvbuf.c.obj                  224     0         0      
       getdevice.c.obj                160     0         0      
       strcmp-armv6m.S.obj            136     0         0      
       copy_decompress_lzss.c.obj     124     0         0      
       fclose.c.obj                   124     0         0      
       autoinit.c.obj                 84      0         0      
       fflush.c.obj                   82      0         0      
       exit.c.obj                     56      0         8      
       boot_cortex_m.c.obj            40      0         0      
       copy_zero_init.c.obj           22      0         0      
       copy_decompress_none.c.obj     18      0         0      
       memcpy16.S.obj                 18      0         0      
       memset16.S.obj                 14      0         0      
       _lock.c.obj                    2       0         8      
       pre_init.c.obj                 4       0         0      
    +--+------------------------------+-------+---------+---------+
       Total:                         2366    0         425    
                                                               
    C:\ti\ccs\tools\compiler\ti-cgt-armllvm_4.0.1.LTS\lib\armv6m-ti-none-eabi/c/libsysbm.a
       trgmsg.c.obj                   104     0         288    
       add_device.c.obj               236     0         1      
       host_device.c.obj              0       0         200    
       open.c.obj                     160     0         1      
       hostrename.c.obj               136     0         0      
       hostlseek.c.obj                108     0         0      
       hostopen.c.obj                 96      0         8      
       hostread.c.obj                 88      0         0      
       hostwrite.c.obj                88      0         0      
       close.c.obj                    80      0         0      
       hostclose.c.obj                72      0         0      
       hostunlink.c.obj               72      0         0      
       unlink.c.obj                   44      0         0      
       write.c.obj                    40      0         0      
       remove.c.obj                   8       0         0      
    +--+------------------------------+-------+---------+---------+
       Total:                         1332    0         498    
                                                               
    C:\ti\ccs\tools\compiler\ti-cgt-armllvm_4.0.1.LTS\lib\armv6m-ti-none-eabi/libclang_rt.builtins.a
       aeabi_idivmod.S.obj            86      0         0      
       aeabi_uidivmod.S.obj           64      0         0      
       aeabi_memset.S.obj             12      0         0      
       aeabi_memcpy.S.obj             8       0         0      
       aeabi_div0.c.obj               2       0         0      
    +--+------------------------------+-------+---------+---------+
       Total:                         172     0         0      
                                                               
       Heap:                          0       0         512    
       Stack:                         0       0         512    
       Linker Generated:              0       273       0      
    +--+------------------------------+-------+---------+---------+
       Grand Total:                   20252   49370     2426   


LINKER GENERATED COPY TABLES

__TI_cinit_table @ 00011004 records: 2, size/record: 8, table size: 16
	.data: load addr=00010f00, load size=000000ed bytes, run addr=20200000, run size=000003a1 bytes, compression=lzss
	.bss: load addr=00010ffc, load size=00000008 bytes, run addr=202005a8, run size=000001dd bytes, compression=zero_init


LINKER GENERATED HANDLER TABLE

__TI_handler_table @ 00010ff0 records: 3, size/record: 4, table size: 12
	index: 0, handler: __TI_decompress_lzss
	index: 1, handler: __TI_decompress_none
	index: 2, handler: __TI_zero_init


GLOBAL SYMBOLS: SORTED ALPHABETICALLY BY Name 

address   name                                
-------   ----                                
00010c01  ADC0_IRQHandler                     
00010c01  ADC1_IRQHandler                     
00010c01  AES_IRQHandler                      
20200370  BusFreq                             
00010ef0  C$$EXIT                             
000107a5  C$$IO$$                             
00010c01  CANFD0_IRQHandler                   
20200240  Counters                            
00010c01  DAC0_IRQHandler                     
00010c01  DMA_IRQHandler                      
00010c01  Default_Handler                     
20200278  FIFO2                               
00010c01  GROUP0_IRQHandler                   
00010c01  GROUP1_IRQHandler                   
000102a1  HOSTclose                           
0000fc4d  HOSTlseek                           
0000fe59  HOSTopen                            
0000feb9  HOSTread                            
0000fcb9  HOSTrename                          
000102e9  HOSTunlink                          
0000ff11  HOSTwrite                           
00010c1d  HardFault_Handler                   
00010c01  I2C0_IRQHandler                     
00010c01  I2C1_IRQHandler                     
20200770  LostData                            
00010c01  NMI_Handler                         
00010c01  PendSV_Handler                      
00010c01  RTC_IRQHandler                      
00010ee9  Reset_Handler                       
0000bfc8  SHT$$INIT_ARRAY$$Base               
0000bfd0  SHT$$INIT_ARRAY$$Limit              
00010c01  SPI0_IRQHandler                     
00010c01  SPI1_IRQHandler                     
00010c01  SVC_Handler                         
20200354  Sensor                              
20200352  StTextColor                         
20200374  StX                                 
20200378  StY                                 
0000f267  SysTick_Handler                     
20200774  TExaSLogic                          
20200778  TExaSadc                            
00010c01  TIMA0_IRQHandler                    
00010c01  TIMA1_IRQHandler                    
00010c01  TIMG0_IRQHandler                    
00010551  TIMG12_IRQHandler                   
00010c01  TIMG6_IRQHandler                    
00010451  TIMG7_IRQHandler                    
00010c01  TIMG8_IRQHandler                    
00010d3b  TI_memcpy_small                     
00010e43  TI_memset_small                     
00010c01  UART0_IRQHandler                    
00010c01  UART1_IRQHandler                    
0000faf5  UART2_IRQHandler                    
00010c01  UART3_IRQHandler                    
202005a8  _CIOBUF_                            
00010e51  _Z10Clock_Freqv                     
00010991  _Z10IRxmt_Initv                     
000105c9  _Z10Sound_Initv                     
0000ff69  _Z10TExaS_InitP10ADC12_RegsjPFhvE   
0000ee11  _Z10UART2_Initv                     
00010d5f  _Z11Clock_Delayj                    
00010605  _Z11SPI_OutDatac                    
00010cc1  _Z11ST7735_openPKcji                
00010cd7  _Z11ST7735_readiPcj                 
00010ca9  _Z11Switch_Initv                    
0000f441  _Z12ST7735_InitR10initRFlags        
00010eb1  _Z12ST7735_closei                   
00010def  _Z12ST7735_lseekili                 
00010675  _Z12ST7735_writeiPKcj               
00010d71  _Z12UART2_Enablev                   
00010c39  _Z12UART2_InCharv                   
00010331  _Z13IRxmt_OutCharc                  
0000fb69  _Z13IRxmt_SendBiti                  
00010e5d  _Z13ST7735_renamePKcS0_             
00010ebb  _Z13ST7735_unlinkPKc                
00010d81  _Z13UART2_Disablev                  
000106a9  _Z14Clock_Delay1msj                 
0000f891  _Z14LaunchPad_Initv                 
00010379  _Z14SPI_OutCommandc                 
0000eeed  _Z14ST7735_OutCharc                 
0000f11d  _Z14TimerG7_IntArmtjj               
0001063d  _Z15ActivatePortA_Bv                
0000da29  _Z15Clock_Init80MHzi                
0000dbdd  _Z15ST7735_DrawCharsscssh           
0000e555  _Z15ST7735_FillRectsssst            
0000f4d9  _Z15TimerG12_IntArmjj               
0000dd81  _Z16ST7735_DrawCharSsscssh          
0000fbdd  _Z16ST7735_DrawPixelsst             
000106dd  _Z16ST7735_SetCursorjj              
0000d641  _Z17ST7735_DrawBitmapssPKtss        
0000f709  _Z17ST7735_DrawStringttPcs          
00010939  _Z17ST7735_FillScreent              
0000f309  _Z17ST7735_InitPrintfv              
0000e981  _Z18ST7735_SetRotationh             
0000efbd  _Z20ST7735_DrawFastHLinessst        
0000f06d  _Z20ST7735_DrawFastVLinessst        
00010d91  _Z28TExaS_LaunchPadLogicPB27PB26v   
00010e69  _Z5Delayj                           
0000e42d  _Z8ADC_InitP10ADC12_Regsjj          
00010ec5  _Z8PLL_Initv                        
0000e889  _Z8SPI_Initv                        
000109b9  _Z9ADC_StartP10ADC12_Regs           
00010491  _Z9SPI_Resetv                       
00010c55  _Z9Switch_Inv                       
0000eb61  _Z9UART_Initv                       
000103c1  _ZN5Queue3GetEPc                    
00010409  _ZN5Queue3PutEc                     
00010ba1  _ZN5Queue6IsFullEv                  
00010d03  _ZN5Queue7IsEmptyEv                 
00010da1  _ZN5QueueC1Ev                       
00010da1  _ZN5QueueC2Ev                       
00010d17  _ZN6Player13setPossessionEh         
0000f3a5  _ZN6Player14checkProximityE7Machine 
00010019  _ZN6Player14printPosessionEh        
0000fa05  _ZN6Player15getMachineInputE7Machine
0000f80f  _ZN6Player16resetCoordinatesEv      
0000e781  _ZN6Player6moveUpEv                 
00010e75  _ZN6Player7getSizeEv                
00010dfd  _ZN6Player7getXPosEv                
00010e0b  _ZN6Player7getYPosEv                
0000e301  _ZN6Player8moveDownEv               
00010209  _ZN6Player8moveLeftEv               
00010255  _ZN6Player9moveRightEv              
00010c71  _ZN6PlayerC1Ev                      
00010c71  _ZN6PlayerC2Ev                      
0000c6d9  _ZN7Machine10updateCartEh           
0000fa7d  _ZN7Machine12printRefinerEv         
0000df21  _ZN7Machine13cartSendErrorEhh       
0000d155  _ZN7Machine13printCountersEPS_      
0000ce15  _ZN7Machine13updateRefinerEh        
0000cabd  _ZN7Machine14updateCountersEhPS_    
0000e1d1  _ZN7Machine15printTurnInAreaEv      
0000d401  _ZN7Machine16updateTurnInAreaEh     
0000d851  _ZN7Machine9printCartEv             
00010d29  _ZN7Machine9setSpriteEh             
0000fdf5  _ZN7MachineC1Ehhhhhh                
0000f78d  _ZN7MachineC1Ehhhhhhhhh             
0000fdf5  _ZN7MachineC2Ehhhhhh                
0000f78d  _ZN7MachineC2Ehhhhhhhhh             
0001006d  _ZN8SlidePot2InEv                   
0000f56d  _ZN8SlidePot4InitEv                 
00010a81  _ZN8SlidePot4SaveEj                 
00010bc3  _ZN8SlidePot4SyncEv                 
00010e81  _ZN8SlidePot9DistanceXEv            
00010e8d  _ZN8SlidePot9DistanceYEv            
00010e19  _ZN8SlidePotC1Ev                    
00010e19  _ZN8SlidePotC2Ev                    
202005a8  __CIOBUF_                           
20208000  __STACK_END                         
00000200  __STACK_SIZE                        
00000200  __SYSMEM_SIZE                       
00000000  __TI_ATRegion0_region_sz            
00000000  __TI_ATRegion0_src_addr             
00000000  __TI_ATRegion0_trg_addr             
00000000  __TI_ATRegion1_region_sz            
00000000  __TI_ATRegion1_src_addr             
00000000  __TI_ATRegion1_trg_addr             
00000000  __TI_ATRegion2_region_sz            
00000000  __TI_ATRegion2_src_addr             
00000000  __TI_ATRegion2_trg_addr             
00011004  __TI_CINIT_Base                     
00011014  __TI_CINIT_Limit                    
00011014  __TI_CINIT_Warm                     
00010ff0  __TI_Handler_Table_Base             
00010ffc  __TI_Handler_Table_Limit            
000100c1  __TI_auto_init_nobinit              
00010711  __TI_cleanup                        
20200360  __TI_cleanup_ptr                    
0000f90d  __TI_closefile                      
0000f989  __TI_decompress_lzss                
00010d4d  __TI_decompress_none                
00010115  __TI_doflush                        
20200364  __TI_dtors_ptr                      
20200380  __TI_ft_end                         
ffffffff  __TI_pprof_out_hndl                 
ffffffff  __TI_prof_data_size                 
ffffffff  __TI_prof_data_start                
00010745  __TI_readmsg                        
00000000  __TI_static_base__                  
202006c8  __TI_tmpnams                        
00010779  __TI_writemsg                       
00010ced  __TI_zero_init_nomemset             
0000ffc1  __aeabi_idiv                        
0000f88f  __aeabi_idiv0                       
0000ffc1  __aeabi_idivmod                     
00010e99  __aeabi_memclr                      
00010e99  __aeabi_memclr4                     
00010e99  __aeabi_memclr8                     
00010ed9  __aeabi_memcpy                      
00010ed9  __aeabi_memcpy4                     
00010ed9  __aeabi_memcpy8                     
000104d1  __aeabi_uidiv                       
000104d1  __aeabi_uidivmod                    
ffffffff  __binit__                           
UNDEFED   __mpu_init                          
20207e00  __stack                             
20200000  __start___llvm_prf_bits             
20200000  __start___llvm_prf_cnts             
20200000  __stop___llvm_prf_bits              
20200000  __stop___llvm_prf_cnts              
00010a59  _c_int00_noargs                     
20200178  _device                             
20200000  _ftable                             
20200384  _lock                               
0000fe57  _nop                                
202001f0  _stream                             
202003a8  _sys_memory                         
UNDEFED   _system_post_cinit                  
00010eed  _system_pre_init                    
20200388  _unlock                             
00010ef1  abort                               
0000ea75  add_device                          
0000e66d  aligned_alloc                       
ffffffff  binit                               
20200784  buttons                             
000101b9  close                               
000107ad  exit                                
000107e1  finddevice                          
00010909  fopen                               
0000ec49  free                                
00010815  freopen                             
0000fd25  getdevice                           
20200396  input                               
00000000  interruptVectors                    
202002b8  m_anvil                             
202002c6  m_cart1                             
202002d4  m_cart2                             
202002e2  m_counter1                          
202002f0  m_counter2                          
202002fe  m_counter3                          
2020030c  m_portal                            
2020031a  m_refiner                           
20200328  m_rock                              
20200336  m_smelter                           
20200344  m_todo                              
0000bfd1  main                                
00010ea5  malloc                              
0000e66d  memalign                            
20200397  numCounters                         
0000f269  open                                
20200368  p1                                  
20200768  parmbuf                             
20200399  progH                               
2020039a  progW                               
00010ee1  remove                              
0000ed31  setvbuf                             
202000f0  sprites                             
0000f681  strcmp                              
00010965  unlink                              
00010a31  write                               


GLOBAL SYMBOLS: SORTED BY Symbol Address 

address   name                                
-------   ----                                
00000000  __TI_ATRegion0_region_sz            
00000000  __TI_ATRegion0_src_addr             
00000000  __TI_ATRegion0_trg_addr             
00000000  __TI_ATRegion1_region_sz            
00000000  __TI_ATRegion1_src_addr             
00000000  __TI_ATRegion1_trg_addr             
00000000  __TI_ATRegion2_region_sz            
00000000  __TI_ATRegion2_src_addr             
00000000  __TI_ATRegion2_trg_addr             
00000000  __TI_static_base__                  
00000000  interruptVectors                    
00000200  __STACK_SIZE                        
00000200  __SYSMEM_SIZE                       
0000bfc8  SHT$$INIT_ARRAY$$Base               
0000bfd0  SHT$$INIT_ARRAY$$Limit              
0000bfd1  main                                
0000c6d9  _ZN7Machine10updateCartEh           
0000cabd  _ZN7Machine14updateCountersEhPS_    
0000ce15  _ZN7Machine13updateRefinerEh        
0000d155  _ZN7Machine13printCountersEPS_      
0000d401  _ZN7Machine16updateTurnInAreaEh     
0000d641  _Z17ST7735_DrawBitmapssPKtss        
0000d851  _ZN7Machine9printCartEv             
0000da29  _Z15Clock_Init80MHzi                
0000dbdd  _Z15ST7735_DrawCharsscssh           
0000dd81  _Z16ST7735_DrawCharSsscssh          
0000df21  _ZN7Machine13cartSendErrorEhh       
0000e1d1  _ZN7Machine15printTurnInAreaEv      
0000e301  _ZN6Player8moveDownEv               
0000e42d  _Z8ADC_InitP10ADC12_Regsjj          
0000e555  _Z15ST7735_FillRectsssst            
0000e66d  aligned_alloc                       
0000e66d  memalign                            
0000e781  _ZN6Player6moveUpEv                 
0000e889  _Z8SPI_Initv                        
0000e981  _Z18ST7735_SetRotationh             
0000ea75  add_device                          
0000eb61  _Z9UART_Initv                       
0000ec49  free                                
0000ed31  setvbuf                             
0000ee11  _Z10UART2_Initv                     
0000eeed  _Z14ST7735_OutCharc                 
0000efbd  _Z20ST7735_DrawFastHLinessst        
0000f06d  _Z20ST7735_DrawFastVLinessst        
0000f11d  _Z14TimerG7_IntArmtjj               
0000f267  SysTick_Handler                     
0000f269  open                                
0000f309  _Z17ST7735_InitPrintfv              
0000f3a5  _ZN6Player14checkProximityE7Machine 
0000f441  _Z12ST7735_InitR10initRFlags        
0000f4d9  _Z15TimerG12_IntArmjj               
0000f56d  _ZN8SlidePot4InitEv                 
0000f681  strcmp                              
0000f709  _Z17ST7735_DrawStringttPcs          
0000f78d  _ZN7MachineC1Ehhhhhhhhh             
0000f78d  _ZN7MachineC2Ehhhhhhhhh             
0000f80f  _ZN6Player16resetCoordinatesEv      
0000f88f  __aeabi_idiv0                       
0000f891  _Z14LaunchPad_Initv                 
0000f90d  __TI_closefile                      
0000f989  __TI_decompress_lzss                
0000fa05  _ZN6Player15getMachineInputE7Machine
0000fa7d  _ZN7Machine12printRefinerEv         
0000faf5  UART2_IRQHandler                    
0000fb69  _Z13IRxmt_SendBiti                  
0000fbdd  _Z16ST7735_DrawPixelsst             
0000fc4d  HOSTlseek                           
0000fcb9  HOSTrename                          
0000fd25  getdevice                           
0000fdf5  _ZN7MachineC1Ehhhhhh                
0000fdf5  _ZN7MachineC2Ehhhhhh                
0000fe57  _nop                                
0000fe59  HOSTopen                            
0000feb9  HOSTread                            
0000ff11  HOSTwrite                           
0000ff69  _Z10TExaS_InitP10ADC12_RegsjPFhvE   
0000ffc1  __aeabi_idiv                        
0000ffc1  __aeabi_idivmod                     
00010019  _ZN6Player14printPosessionEh        
0001006d  _ZN8SlidePot2InEv                   
000100c1  __TI_auto_init_nobinit              
00010115  __TI_doflush                        
000101b9  close                               
00010209  _ZN6Player8moveLeftEv               
00010255  _ZN6Player9moveRightEv              
000102a1  HOSTclose                           
000102e9  HOSTunlink                          
00010331  _Z13IRxmt_OutCharc                  
00010379  _Z14SPI_OutCommandc                 
000103c1  _ZN5Queue3GetEPc                    
00010409  _ZN5Queue3PutEc                     
00010451  TIMG7_IRQHandler                    
00010491  _Z9SPI_Resetv                       
000104d1  __aeabi_uidiv                       
000104d1  __aeabi_uidivmod                    
00010551  TIMG12_IRQHandler                   
000105c9  _Z10Sound_Initv                     
00010605  _Z11SPI_OutDatac                    
0001063d  _Z15ActivatePortA_Bv                
00010675  _Z12ST7735_writeiPKcj               
000106a9  _Z14Clock_Delay1msj                 
000106dd  _Z16ST7735_SetCursorjj              
00010711  __TI_cleanup                        
00010745  __TI_readmsg                        
00010779  __TI_writemsg                       
000107a5  C$$IO$$                             
000107ad  exit                                
000107e1  finddevice                          
00010815  freopen                             
00010909  fopen                               
00010939  _Z17ST7735_FillScreent              
00010965  unlink                              
00010991  _Z10IRxmt_Initv                     
000109b9  _Z9ADC_StartP10ADC12_Regs           
00010a31  write                               
00010a59  _c_int00_noargs                     
00010a81  _ZN8SlidePot4SaveEj                 
00010ba1  _ZN5Queue6IsFullEv                  
00010bc3  _ZN8SlidePot4SyncEv                 
00010c01  ADC0_IRQHandler                     
00010c01  ADC1_IRQHandler                     
00010c01  AES_IRQHandler                      
00010c01  CANFD0_IRQHandler                   
00010c01  DAC0_IRQHandler                     
00010c01  DMA_IRQHandler                      
00010c01  Default_Handler                     
00010c01  GROUP0_IRQHandler                   
00010c01  GROUP1_IRQHandler                   
00010c01  I2C0_IRQHandler                     
00010c01  I2C1_IRQHandler                     
00010c01  NMI_Handler                         
00010c01  PendSV_Handler                      
00010c01  RTC_IRQHandler                      
00010c01  SPI0_IRQHandler                     
00010c01  SPI1_IRQHandler                     
00010c01  SVC_Handler                         
00010c01  TIMA0_IRQHandler                    
00010c01  TIMA1_IRQHandler                    
00010c01  TIMG0_IRQHandler                    
00010c01  TIMG6_IRQHandler                    
00010c01  TIMG8_IRQHandler                    
00010c01  UART0_IRQHandler                    
00010c01  UART1_IRQHandler                    
00010c01  UART3_IRQHandler                    
00010c1d  HardFault_Handler                   
00010c39  _Z12UART2_InCharv                   
00010c55  _Z9Switch_Inv                       
00010c71  _ZN6PlayerC1Ev                      
00010c71  _ZN6PlayerC2Ev                      
00010ca9  _Z11Switch_Initv                    
00010cc1  _Z11ST7735_openPKcji                
00010cd7  _Z11ST7735_readiPcj                 
00010ced  __TI_zero_init_nomemset             
00010d03  _ZN5Queue7IsEmptyEv                 
00010d17  _ZN6Player13setPossessionEh         
00010d29  _ZN7Machine9setSpriteEh             
00010d3b  TI_memcpy_small                     
00010d4d  __TI_decompress_none                
00010d5f  _Z11Clock_Delayj                    
00010d71  _Z12UART2_Enablev                   
00010d81  _Z13UART2_Disablev                  
00010d91  _Z28TExaS_LaunchPadLogicPB27PB26v   
00010da1  _ZN5QueueC1Ev                       
00010da1  _ZN5QueueC2Ev                       
00010def  _Z12ST7735_lseekili                 
00010dfd  _ZN6Player7getXPosEv                
00010e0b  _ZN6Player7getYPosEv                
00010e19  _ZN8SlidePotC1Ev                    
00010e19  _ZN8SlidePotC2Ev                    
00010e43  TI_memset_small                     
00010e51  _Z10Clock_Freqv                     
00010e5d  _Z13ST7735_renamePKcS0_             
00010e69  _Z5Delayj                           
00010e75  _ZN6Player7getSizeEv                
00010e81  _ZN8SlidePot9DistanceXEv            
00010e8d  _ZN8SlidePot9DistanceYEv            
00010e99  __aeabi_memclr                      
00010e99  __aeabi_memclr4                     
00010e99  __aeabi_memclr8                     
00010ea5  malloc                              
00010eb1  _Z12ST7735_closei                   
00010ebb  _Z13ST7735_unlinkPKc                
00010ec5  _Z8PLL_Initv                        
00010ed9  __aeabi_memcpy                      
00010ed9  __aeabi_memcpy4                     
00010ed9  __aeabi_memcpy8                     
00010ee1  remove                              
00010ee9  Reset_Handler                       
00010eed  _system_pre_init                    
00010ef0  C$$EXIT                             
00010ef1  abort                               
00010ff0  __TI_Handler_Table_Base             
00010ffc  __TI_Handler_Table_Limit            
00011004  __TI_CINIT_Base                     
00011014  __TI_CINIT_Limit                    
00011014  __TI_CINIT_Warm                     
20200000  __start___llvm_prf_bits             
20200000  __start___llvm_prf_cnts             
20200000  __stop___llvm_prf_bits              
20200000  __stop___llvm_prf_cnts              
20200000  _ftable                             
202000f0  sprites                             
20200178  _device                             
202001f0  _stream                             
20200240  Counters                            
20200278  FIFO2                               
202002b8  m_anvil                             
202002c6  m_cart1                             
202002d4  m_cart2                             
202002e2  m_counter1                          
202002f0  m_counter2                          
202002fe  m_counter3                          
2020030c  m_portal                            
2020031a  m_refiner                           
20200328  m_rock                              
20200336  m_smelter                           
20200344  m_todo                              
20200352  StTextColor                         
20200354  Sensor                              
20200360  __TI_cleanup_ptr                    
20200364  __TI_dtors_ptr                      
20200368  p1                                  
20200370  BusFreq                             
20200374  StX                                 
20200378  StY                                 
20200380  __TI_ft_end                         
20200384  _lock                               
20200388  _unlock                             
20200396  input                               
20200397  numCounters                         
20200399  progH                               
2020039a  progW                               
202003a8  _sys_memory                         
202005a8  _CIOBUF_                            
202005a8  __CIOBUF_                           
202006c8  __TI_tmpnams                        
20200768  parmbuf                             
20200770  LostData                            
20200774  TExaSLogic                          
20200778  TExaSadc                            
20200784  buttons                             
20207e00  __stack                             
20208000  __STACK_END                         
ffffffff  __TI_pprof_out_hndl                 
ffffffff  __TI_prof_data_size                 
ffffffff  __TI_prof_data_start                
ffffffff  __binit__                           
ffffffff  binit                               
UNDEFED   __mpu_init                          
UNDEFED   _system_post_cinit                  

[250 symbols]
