******************************************************************************
            TI ARM Clang Linker PC v4.0.1                      
******************************************************************************
>> Linked Fri Apr 18 21:44:30 2025

OUTPUT FILE NAME:   <MadMines.out>
ENTRY POINT SYMBOL: "_c_int00_noargs"  address: 0001aaed


MEMORY CONFIGURATION

         name            origin    length      used     unused   attr    fill
----------------------  --------  ---------  --------  --------  ----  --------
  FLASH                 00000000   00020000  0001b070  00004f90  R  X
  SRAM                  20200000   00008000  000009e5  0000761b  RW X
  BCR_CONFIG            41c00000   00000080  00000000  00000080  R   
  BSL_CONFIG            41c00100   00000080  00000000  00000080  R   


SEGMENT ALLOCATION MAP

run origin  load origin   length   init length attrs members
----------  ----------- ---------- ----------- ----- -------
00000000    00000000    0001b070   0001b070    r-x
  00000000    00000000    000000c0   000000c0    r-- .intvecs
  000000c0    000000c0    00014f70   00014f70    r-- .rodata
  00015030    00015030    00005f20   00005f20    r-x .text
  0001af50    0001af50    00000008   00000008    r-- .init_array
  0001af58    0001af58    00000118   00000118    r-- .cinit
20200000    20200000    000007ec   00000000    rw-
  20200000    20200000    00000401   00000000    rw- .data
  20200408    20200408    00000200   00000000    rw- .sysmem
  20200608    20200608    000001e4   00000000    rw- .bss
20207e00    20207e00    00000200   00000000    rw-
  20207e00    20207e00    00000200   00000000    rw- .stack


SECTION ALLOCATION MAP

 output                                  attributes/
section   page    origin      length       input sections
--------  ----  ----------  ----------   ----------------
.intvecs   0    00000000    000000c0     
                  00000000    000000c0     startup_mspm0g3507_ticlang.o (.intvecs)

.binit     0    00000000    00000000     

.text      0    00015030    00005f20     
                  00015030    0000074c     Lab9HMain.o (.text.main)
                  0001577c    0000052c     Machine.o (.text._ZN7Machine10updateCartEh)
                  00015ca8    000004c4     Machine.o (.text._ZN7Machine11updateAnvilEh)
                  0001616c    000003a8     Machine.o (.text._ZN7Machine14updateCountersEhPS_)
                  00016514    00000340     Machine.o (.text._ZN7Machine13updateSmelterEh)
                  00016854    0000030c     Machine.o (.text._ZN7Machine10updateRockEh)
                  00016b60    000002b8     Machine.o (.text._ZN7Machine10printAnvilEv)
                  00016e18    000002b0     Machine.o (.text._ZN7Machine13printCountersEPS_)
                  000170c8    00000218     Machine.o (.text._ZN7Machine9printCartEv)
                  000172e0    00000210     ST7735.o (.text._Z17ST7735_DrawBitmapssPKtss)
                  000174f0    000001b8     Machine.o (.text._ZN7Machine12printSmelterEv)
                  000176a8    000001b8     Machine.o (.text._ZN7Machine13computeRecipeEPaa)
                  00017860    000001b4     Clock.o (.text._Z15Clock_Init80MHzi)
                  00017a14    000001a4     ST7735.o (.text._Z15ST7735_DrawCharsscssh)
                  00017bb8    000001a0     ST7735.o (.text._Z16ST7735_DrawCharSsscssh)
                  00017d58    00000160     Machine.o (.text._ZN7Machine15updateAnvilMenuEPaa)
                  00017eb8    0000015c     Machine.o (.text._ZN7Machine13cartSendErrorEhh)
                  00018014    00000154     libc.a : fopen.c.obj (.text._openfile)
                  00018168    0000012c     Player.o (.text._ZN6Player8moveDownEv)
                  00018294    00000128     TExaS.o (.text._Z8ADC_InitP10ADC12_Regsjj)
                  000183bc    00000118     ST7735.o (.text._Z15ST7735_FillRectsssst)
                  000184d4    00000114     libc.a : memory.c.obj (.text.aligned_alloc)
                  000185e8    00000108     Player.o (.text._ZN6Player6moveUpEv)
                  000186f0    000000f8     SPI.o (.text._Z8SPI_Initv)
                  000187e8    000000f4     ST7735.o (.text._Z18ST7735_SetRotationh)
                  000188dc    000000ec     libsysbm.a : add_device.c.obj (.text.add_device)
                  000189c8    000000e8     TExaS.o (.text._Z9UART_Initv)
                  00018ab0    000000e8     libc.a : memory.c.obj (.text.free)
                  00018b98    000000e0            : setvbuf.c.obj (.text.setvbuf)
                  00018c78    000000dc     UART2.o (.text._Z10UART2_Initv)
                  00018d54    000000d0     ST7735.o (.text._Z14ST7735_OutCharc)
                  00018e24    000000b0     ST7735.o (.text._Z20ST7735_DrawFastHLinessst)
                  00018ed4    000000b0     ST7735.o (.text._Z20ST7735_DrawFastVLinessst)
                  00018f84    000000ac     Machine.o (.text._ZN7Machine9printRockEv)
                  00019030    000000a8     Timer.o (.text._Z14TimerG7_IntArmtjj)
                  000190d8    000000a2     ST7735.o (.text._ZL11commandListPKh)
                  0001917a    00000002     Sound.o (.text.SysTick_Handler)
                  0001917c    000000a0     libsysbm.a : open.c.obj (.text.open)
                  0001921c    0000009c     ST7735.o (.text._Z17ST7735_InitPrintfv)
                  000192b8    0000009c     Player.o (.text._ZN6Player14checkProximityE7Machine)
                  00019354    00000098     ST7735.o (.text._Z12ST7735_InitR10initRFlags)
                  000193ec    00000094     Timer.o (.text._Z15TimerG12_IntArmjj)
                  00019480    0000008c     SlidePot.o (.text._ZN8SlidePot4InitEv)
                  0001950c    0000008a     Machine.o (.text._ZN7MachineC2Ehhhhhhhhhh)
                  00019596    00000002     libclang_rt.builtins.a : aeabi_div0.c.obj (.text.__aeabi_idiv0)
                  00019598    00000088     ST7735.o (.text._ZL13setAddrWindowhhhh)
                  00019620    00000088     libc.a : strcmp-armv6m.S.obj (.text:strcmp)
                  000196a8    00000084     ST7735.o (.text._Z17ST7735_DrawStringttPcs)
                  0001972c    00000082     Machine.o (.text._ZN7MachineC2Ehhhhhhhhh)
                  000197ae    00000080     Player.o (.text._ZN6Player16resetCoordinatesEv)
                  0001982e    00000002     libc.a : _lock.c.obj (.text._nop)
                  00019830    0000007c     LaunchPad.o (.text._Z14LaunchPad_Initv)
                  000198ac    0000007c     libc.a : fclose.c.obj (.text.__TI_closefile)
                  00019928    0000007c            : copy_decompress_lzss.c.obj (.text:decompress:lzss)
                  000199a4    00000078     Player.o (.text._ZN6Player15getMachineInputE7Machine)
                  00019a1c    00000074     UART2.o (.text.UART2_IRQHandler)
                  00019a90    00000074     IRxmt.o (.text._Z13IRxmt_SendBiti)
                  00019b04    00000070     ST7735.o (.text._Z16ST7735_DrawPixelsst)
                  00019b74    0000006c     libsysbm.a : hostlseek.c.obj (.text.HOSTlseek)
                  00019be0    0000006c                : hostrename.c.obj (.text.HOSTrename)
                  00019c4c    0000006c     libc.a : getdevice.c.obj (.text.getdevice)
                  00019cb8    00000064            : memory.c.obj (.text.split)
                  00019d1c    00000062     Machine.o (.text._ZN7MachineC2Ehhhhhh)
                  00019d7e    00000002     --HOLE-- [fill = 0]
                  00019d80    00000060     libsysbm.a : hostopen.c.obj (.text.HOSTopen)
                  00019de0    00000058                : hostread.c.obj (.text.HOSTread)
                  00019e38    00000058                : hostwrite.c.obj (.text.HOSTwrite)
                  00019e90    00000058     TExaS.o (.text._Z10TExaS_InitP10ADC12_RegsjPFhvE)
                  00019ee8    00000056     libclang_rt.builtins.a : aeabi_idivmod.S.obj (.text.__aeabi_idivmod)
                  00019f3e    00000002     --HOLE-- [fill = 0]
                  00019f40    00000054     Player.o (.text._ZN6Player14printPosessionEh)
                  00019f94    00000054     SlidePot.o (.text._ZN8SlidePot2InEv)
                  00019fe8    00000054     libc.a : autoinit.c.obj (.text:__TI_auto_init_nobinit)
                  0001a03c    00000052            : fflush.c.obj (.text.__TI_doflush)
                  0001a08e    00000050     Lab9HMain.o (.text._GLOBAL__sub_I_Lab9HMain.cpp)
                  0001a0de    00000002     --HOLE-- [fill = 0]
                  0001a0e0    00000050     Lab9HMain.o (.text.__cxx_global_var_init.10)
                  0001a130    00000050     libsysbm.a : close.c.obj (.text.close)
                  0001a180    0000004c     Player.o (.text._ZN6Player8moveLeftEv)
                  0001a1cc    0000004c     Player.o (.text._ZN6Player9moveRightEv)
                  0001a218    00000048     libsysbm.a : hostclose.c.obj (.text.HOSTclose)
                  0001a260    00000048                : hostunlink.c.obj (.text.HOSTunlink)
                  0001a2a8    00000048     IRxmt.o (.text._Z13IRxmt_OutCharc)
                  0001a2f0    00000048     SPI.o (.text._Z14SPI_OutCommandc)
                  0001a338    00000048     FIFO2.o (.text._ZN5Queue3GetEPc)
                  0001a380    00000048     FIFO2.o (.text._ZN5Queue3PutEc)
                  0001a3c8    00000040     TExaS.o (.text.TIMG7_IRQHandler)
                  0001a408    00000040     SPI.o (.text._Z9SPI_Resetv)
                  0001a448    00000040     libclang_rt.builtins.a : aeabi_uidivmod.S.obj (.text.__aeabi_uidivmod)
                  0001a488    00000040     Lab9HMain.o (.text.__cxx_global_var_init.18)
                  0001a4c8    00000040     libc.a : fopen.c.obj (.text._search_fp)
                  0001a508    0000003c     Lab9HMain.o (.text.TIMG12_IRQHandler)
                  0001a544    0000003c     Sound.o (.text._Z10Sound_Initv)
                  0001a580    00000038     SPI.o (.text._Z11SPI_OutDatac)
                  0001a5b8    00000038     LaunchPad.o (.text._Z15ActivatePortA_Bv)
                  0001a5f0    00000034     ST7735.o (.text._Z12ST7735_writeiPKcj)
                  0001a624    00000034     Clock.o (.text._Z14Clock_Delay1msj)
                  0001a658    00000034     ST7735.o (.text._Z16ST7735_SetCursorjj)
                  0001a68c    00000034     libc.a : fopen.c.obj (.text.__TI_cleanup)
                  0001a6c0    00000034     libsysbm.a : trgmsg.c.obj (.text.__TI_readmsg)
                  0001a6f4    00000034                : trgmsg.c.obj (.text.__TI_writemsg)
                  0001a728    00000034     libc.a : exit.c.obj (.text.exit)
                  0001a75c    00000034            : getdevice.c.obj (.text.finddevice)
                  0001a790    00000034            : fopen.c.obj (.text.freopen)
                  0001a7c4    00000030     ST7735.o (.text._ZL10commonInitPKh)
                  0001a7f4    00000030     Lab9HMain.o (.text.__cxx_global_var_init.12)
                  0001a824    00000030     Lab9HMain.o (.text.__cxx_global_var_init.15)
                  0001a854    00000030     Lab9HMain.o (.text.__cxx_global_var_init.16)
                  0001a884    00000030     Lab9HMain.o (.text.__cxx_global_var_init.17)
                  0001a8b4    00000030     Lab9HMain.o (.text.__cxx_global_var_init.7)
                  0001a8e4    00000030     Lab9HMain.o (.text.__cxx_global_var_init.8)
                  0001a914    00000030     Lab9HMain.o (.text.__cxx_global_var_init.9)
                  0001a944    00000030     libc.a : fopen.c.obj (.text.fopen)
                  0001a974    0000002c     UART2.o (.text._Z12UART2_InCharv)
                  0001a9a0    0000002c     ST7735.o (.text._Z17ST7735_FillScreent)
                  0001a9cc    0000002c     Lab9HMain.o (.text.__cxx_global_var_init.6)
                  0001a9f8    0000002c     libsysbm.a : unlink.c.obj (.text.unlink)
                  0001aa24    00000028     IRxmt.o (.text._Z10IRxmt_Initv)
                  0001aa4c    00000028     TExaS.o (.text._Z9ADC_StartP10ADC12_Regs)
                  0001aa74    00000028     Lab9HMain.o (.text.__cxx_global_var_init.4)
                  0001aa9c    00000028     libc.a : memory.c.obj (.text.free_list_insert)
                  0001aac4    00000028     libsysbm.a : write.c.obj (.text.write)
                  0001aaec    00000028     libc.a : boot_cortex_m.c.obj (.text:_c_int00_noargs)
                  0001ab14    00000024     SlidePot.o (.text._ZN8SlidePot4SaveEj)
                  0001ab38    00000024     Lab9HMain.o (.text.__cxx_global_var_init.11)
                  0001ab5c    00000024     Lab9HMain.o (.text.__cxx_global_var_init.13)
                  0001ab80    00000024     Lab9HMain.o (.text.__cxx_global_var_init.14)
                  0001aba4    00000024     Lab9HMain.o (.text.__cxx_global_var_init.2)
                  0001abc8    00000024     Lab9HMain.o (.text.__cxx_global_var_init.3)
                  0001abec    00000024     Lab9HMain.o (.text.__cxx_global_var_init.5)
                  0001ac10    00000022     FIFO2.o (.text._ZN5Queue6IsFullEv)
                  0001ac32    00000020     SlidePot.o (.text._ZN8SlidePot4SyncEv)
                  0001ac52    0000001e     ST7735.o (.text._ZL9pushColort)
                  0001ac70    0000001c     startup_mspm0g3507_ticlang.o (.text.Default_Handler)
                  0001ac8c    0000001c     startup_mspm0g3507_ticlang.o (.text.HardFault_Handler)
                  0001aca8    0000001c     Switch.o (.text._Z9Switch_Inv)
                  0001acc4    0000001c     Player.o (.text._ZN6PlayerC2Ev)
                  0001ace0    0000001c     libc.a : memory.c.obj (.text.free_list_remove)
                  0001acfc    00000018     Switch.o (.text._Z11Switch_Initv)
                  0001ad14    00000016     ST7735.o (.text._Z11ST7735_openPKcji)
                  0001ad2a    00000016     ST7735.o (.text._Z11ST7735_readiPcj)
                  0001ad40    00000016     libc.a : copy_zero_init.c.obj (.text:decompress:ZI:__TI_zero_init_nomemset)
                  0001ad56    00000014     FIFO2.o (.text._ZN5Queue7IsEmptyEv)
                  0001ad6a    00000012     Player.o (.text._ZN6Player13setPossessionEh)
                  0001ad7c    00000012     Machine.o (.text._ZN7Machine11setRockTypeEh)
                  0001ad8e    00000012     libc.a : memcpy16.S.obj (.text:TI_memcpy_small)
                  0001ada0    00000012            : copy_decompress_none.c.obj (.text:decompress:none)
                  0001adb2    00000010     Clock.o (.text._Z11Clock_Delayj)
                  0001adc2    00000002     --HOLE-- [fill = 0]
                  0001adc4    00000010     UART2.o (.text._Z12UART2_Enablev)
                  0001add4    00000010     UART2.o (.text._Z13UART2_Disablev)
                  0001ade4    00000010     Lab9HMain.o (.text._Z28TExaS_LaunchPadLogicPB27PB26v)
                  0001adf4    00000010     FIFO2.o (.text._ZN5QueueC2Ev)
                  0001ae04    00000010     Lab9HMain.o (.text.__cxx_global_var_init.1)
                  0001ae14    00000010     Lab9HMain.o (.text.__cxx_global_var_init)
                  0001ae24    00000010     UART2.o (.text.__cxx_global_var_init)
                  0001ae34    0000000e     libc.a : memory.c.obj (.text.OUTLINED_FUNCTION_0)
                  0001ae42    0000000e     ST7735.o (.text._Z12ST7735_lseekili)
                  0001ae50    0000000e     Player.o (.text._ZN6Player7getXPosEv)
                  0001ae5e    0000000e     Player.o (.text._ZN6Player7getYPosEv)
                  0001ae6c    0000000e     SlidePot.o (.text._ZN8SlidePotC2Ev)
                  0001ae7a    0000000e     libsysbm.a : hostrename.c.obj (.text.strcpy)
                  0001ae88    0000000e                : hostrename.c.obj (.text.strlen)
                  0001ae96    0000000e     libc.a : memset16.S.obj (.text:TI_memset_small)
                  0001aea4    0000000c     Clock.o (.text._Z10Clock_Freqv)
                  0001aeb0    0000000c     ST7735.o (.text._Z13ST7735_renamePKcS0_)
                  0001aebc    0000000c     IRxmt.o (.text._Z5Delayj)
                  0001aec8    0000000c     Player.o (.text._ZN6Player7getSizeEv)
                  0001aed4    0000000c     SlidePot.o (.text._ZN8SlidePot9DistanceXEv)
                  0001aee0    0000000c     SlidePot.o (.text._ZN8SlidePot9DistanceYEv)
                  0001aeec    0000000c     libclang_rt.builtins.a : aeabi_memset.S.obj (.text.__aeabi_memclr)
                  0001aef8    0000000c     libc.a : memory.c.obj (.text.malloc)
                  0001af04    0000000a     ST7735.o (.text._Z12ST7735_closei)
                  0001af0e    0000000a     ST7735.o (.text._Z13ST7735_unlinkPKc)
                  0001af18    0000000a     Lab9HMain.o (.text._Z8PLL_Initv)
                  0001af22    00000008     UART2.o (.text._GLOBAL__sub_I_UART2.cpp)
                  0001af2a    00000002     --HOLE-- [fill = 0]
                  0001af2c    00000008     libclang_rt.builtins.a : aeabi_memcpy.S.obj (.text.__aeabi_memcpy)
                  0001af34    00000008     libsysbm.a : remove.c.obj (.text.remove)
                  0001af3c    00000004     startup_mspm0g3507_ticlang.o (.text.Reset_Handler)
                  0001af40    00000004     libc.a : pre_init.c.obj (.text._system_pre_init)
                  0001af44    00000004            : exit.c.obj (.text:abort)
                  0001af48    00000008     --HOLE-- [fill = 0]

.cinit     0    0001af58    00000118     
                  0001af58    000000f1     (.cinit..data.load) [load image, compression = lzss]
                  0001b049    00000003     --HOLE-- [fill = 0]
                  0001b04c    0000000c     (__TI_handler_table)
                  0001b058    00000008     (.cinit..bss.load) [load image, compression = zero_init]
                  0001b060    00000010     (__TI_cinit_table)

.rodata    0    000000c0    00014f70     
                  000000c0    00002800     Machine.o (.rodata._ZL4todo)
                  000028c0    00002700     Machine.o (.rodata._ZL9anvilMenu)
                  00004fc0    00001008     Machine.o (.rodata._ZL11smelterFail)
                  00005fc8    00001008     Machine.o (.rodata._ZL14smelterWorking)
                  00006fd0    00001008     Machine.o (.rodata._ZL16smelterHighlight)
                  00007fd8    00001008     Machine.o (.rodata._ZL20smelterFailHighlight)
                  00008fe0    00001008     Machine.o (.rodata._ZL7smelter)
                  00009fe8    00000f78     Machine.o (.rodata._ZL12anvilWorking)
                  0000af60    00000f78     Machine.o (.rodata._ZL14anvilHighlight)
                  0000bed8    00000f78     Machine.o (.rodata._ZL5anvil)
                  0000ce50    00000f74     Machine.o (.rodata._ZL13cartHighlight)
                  0000ddc4    00000f74     Machine.o (.rodata._ZL4cart)
                  0000ed38    00000bb0     Machine.o (.rodata._ZL11workingRock)
                  0000f8e8    00000bb0     Machine.o (.rodata._ZL13highlightRock)
                  00010498    00000bb0     Machine.o (.rodata._ZL18rockCrackHighlight)
                  00011048    00000bb0     Machine.o (.rodata._ZL4rock)
                  00011bf8    000006e0     Machine.o (.rodata._ZL6ladder)
                  000122d8    00000548     Lab9HMain.o (.rodata._ZL5miner)
                  00012820    00000540     Machine.o (.rodata._ZL7counter)
                  00012d60    000004fb     ST7735.o (.rodata._ZL4Font)
                  0001325b    00000001     --HOLE-- [fill = 0]
                  0001325c    00000348     Machine.o (.rodata._ZL5watch)
                  000135a4    00000320     Machine.o (.rodata._ZL5trash)
                  000138c4    000002d2     Machine.o (.rodata._ZL5sword)
                  00013b96    000002ac     Machine.o (.rodata._ZL3key)
                  00013e42    000002a0     Machine.o (.rodata._ZL6shield)
                  000140e2    00000220     Machine.o (.rodata._ZL4ring)
                  00014302    0000018c     Machine.o (.rodata._ZL10rawDiamond)
                  0001448e    0000018c     Machine.o (.rodata._ZL10rawEmerald)
                  0001461a    0000018c     Machine.o (.rodata._ZL7rawGold)
                  000147a6    0000018c     Machine.o (.rodata._ZL7rawRuby)
                  00014932    0000018c     Machine.o (.rodata._ZL9rawSilver)
                  00014abe    0000010e     Machine.o (.rodata._ZL4gold)
                  00014bcc    0000010e     Machine.o (.rodata._ZL6silver)
                  00014cda    000000d8     Machine.o (.rodata._ZL4Ruby)
                  00014db2    000000d8     Machine.o (.rodata._ZL7Diamond)
                  00014e8a    000000d8     Machine.o (.rodata._ZL7Emerald)
                  00014f62    0000003b     ST7735.o (.rodata._ZL5Rcmd1)
                  00014f9d    0000002b     ST7735.o (.rodata._ZL5Rcmd3)
                  00014fc8    00000019     Machine.o (.rodata._ZL7recipes)
                  00014fe1    00000016     ST7735.o (.rodata.str1.43788427057889536241)
                  00014ff7    0000000d     ST7735.o (.rodata._ZL10Rcmd2green)
                  00015004    0000000d     ST7735.o (.rodata._ZL8Rcmd2red)
                  00015011    00000008     ST7735.o (.rodata.str1.54535931475021008601)
                  00015019    00000007     ST7735.o (.rodata.str1.103567388005067375301)
                  00015020    00000007     ST7735.o (.rodata.str1.132933244321656697041)
                  00015027    00000002     ST7735.o (.rodata.str1.18657686242476325171)
                  00015029    00000007     --HOLE-- [fill = 0]

.init_array 
*          0    0001af50    00000008     
                  0001af50    00000004     UART2.o (.init_array)
                  0001af54    00000004     Lab9HMain.o (.init_array)

.data      0    20200000    00000401     UNINITIALIZED
                  20200000    000000f0     libc.a : defs.c.obj (.data._ftable)
                  202000f0    00000088     Machine.o (.data.sprites)
                  20200178    00000078     libsysbm.a : host_device.c.obj (.data._device)
                  202001f0    00000050                : host_device.c.obj (.data._stream)
                  20200240    00000038     Lab9HMain.o (.data.Counters)
                  20200278    0000002c     UART2.o (.data.FIFO2)
                  202002a4    0000002a     Lab9HMain.o (.data.Counters2)
                  202002ce    00000002     ST7735.o (.data.StTextColor)
                  202002d0    00000014     Machine.o (.data._ZL7ToDoArr)
                  202002e4    0000000e     Lab9HMain.o (.data.m_anvil)
                  202002f2    0000000e     Lab9HMain.o (.data.m_cart1)
                  20200300    0000000e     Lab9HMain.o (.data.m_cart2)
                  2020030e    0000000e     Lab9HMain.o (.data.m_counter1)
                  2020031c    0000000e     Lab9HMain.o (.data.m_counter2)
                  2020032a    0000000e     Lab9HMain.o (.data.m_counter3)
                  20200338    0000000e     Lab9HMain.o (.data.m_counter4)
                  20200346    0000000e     Lab9HMain.o (.data.m_counter5)
                  20200354    0000000e     Lab9HMain.o (.data.m_counter6)
                  20200362    0000000e     Lab9HMain.o (.data.m_portal)
                  20200370    0000000e     Lab9HMain.o (.data.m_refiner)
                  2020037e    0000000e     Lab9HMain.o (.data.m_rock1)
                  2020038c    0000000e     Lab9HMain.o (.data.m_rock2)
                  2020039a    0000000e     Lab9HMain.o (.data.m_smelter)
                  202003a8    0000000e     Lab9HMain.o (.data.m_todo)
                  202003b6    00000002     ST7735.o (.data._ZL6_width)
                  202003b8    0000000c     Lab9HMain.o (.data.Sensor)
                  202003c4    00000008     libc.a : exit.c.obj (.data..L_MergedGlobals)
                  202003cc    00000008     Lab9HMain.o (.data.p1)
                  202003d4    00000004     Clock.o (.data.BusFreq)
                  202003d8    00000004     ST7735.o (.data.StX)
                  202003dc    00000004     ST7735.o (.data.StY)
                  202003e0    00000004     libc.a : defs.c.obj (.data.__TI_ft_end)
                  202003e4    00000004            : _lock.c.obj (.data._lock)
                  202003e8    00000004            : _lock.c.obj (.data._unlock)
                  202003ec    00000002     ST7735.o (.data._ZL7_height)
                  202003ee    00000001     Machine.o (.data._ZZN7Machine10updateCartEhE8debounce)
                  202003ef    00000001     Machine.o (.data._ZZN7Machine10updateRockEhE10wasWorking)
                  202003f0    00000001     Machine.o (.data._ZZN7Machine10updateRockEhE7halfway)
                  202003f1    00000001     Machine.o (.data._ZZN7Machine11updateAnvilEhE10wasWorking)
                  202003f2    00000001     Machine.o (.data._ZZN7Machine11updateAnvilEhE11anvilLength)
                  202003f3    00000001     Machine.o (.data._ZZN7Machine11updateAnvilEhE12menuDebounce)
                  202003f4    00000001     Machine.o (.data._ZZN7Machine14updateCountersEhPS_E8debounce)
                  202003f5    00000001     Machine.o (.data._ZZN7Machine9printCartEvE2in)
                  202003f6    00000001     Machine.o (.data._ZZN7Machine9printCartEvE4sent)
                  202003f7    00000001     Lab9HMain.o (.data.input)
                  202003f8    00000001     libsysbm.a : add_device.c.obj (.data.add_device.device_init)
                  202003f9    00000001     Lab9HMain.o (.data.numCounters)
                  202003fa    00000001     Machine.o (.data.progH)
                  202003fb    00000001     Machine.o (.data.progW)
                  202003fc    00000001     libc.a : memory.c.obj (.data.memory_is_initialized)
                  202003fd    00000003     --HOLE--
                  20200400    00000001     libsysbm.a : open.c.obj (.data.open.stream_init)

.sysmem    0    20200408    00000200     UNINITIALIZED
                  20200408    00000010     libc.a : memory.c.obj (.sysmem)
                  20200418    000001f0     --HOLE--

.bss       0    20200608    000001e4     UNINITIALIZED
                  20200608    00000120     libsysbm.a : trgmsg.c.obj (.bss:_CIOBUF_)
                  20200728    000000a0     libc.a : defs.c.obj (.bss.__TI_tmpnams)
                  202007c8    00000008     libsysbm.a : hostopen.c.obj (.bss.parmbuf)
                  202007d0    00000005     Machine.o (.bss._ZZN7Machine11updateAnvilEhE10AnvilItems)
                  202007d5    00000001     ST7735.o (.bss._ZL8ColStart)
                  202007d6    00000001     ST7735.o (.bss._ZL8Rotation)
                  202007d7    00000001     ST7735.o (.bss._ZL8RowStart)
                  202007d8    00000004     UART2.o (.bss.LostData)
                  202007dc    00000004     TExaS.o (.bss.TExaSLogic)
                  202007e0    00000004     TExaS.o (.bss.TExaSadc)
                  202007e4    00000004     libc.a : memory.c.obj (.bss.sys_free)
                  202007e8    00000001     ST7735.o (.bss._ZL8TabColor)
                  202007e9    00000001     Lab9HMain.o (.bss.buttons)
                  202007ea    00000001     Lab9HMain.o (.bss.menuOpen)
                  202007eb    00000001     Lab9HMain.o (.bss.toDoOpen)

.stack     0    20207e00    00000200     UNINITIALIZED
                  20207e00    00000004     libc.a : boot_cortex_m.c.obj (.stack)
                  20207e04    000001fc     --HOLE--

__llvm_prf_cnts 
*          0    20200000    00000000     UNINITIALIZED

__llvm_prf_bits 
*          0    20200000    00000000     UNINITIALIZED

MODULE SUMMARY

       Module                         code    ro data   rw data
       ------                         ----    -------   -------
    .\
       Machine.o                      9148    83063     172    
       ST7735.o                       3614    1449      18     
       Lab9HMain.o                    2846    1356      333    
       Player.o                       1290    0         0      
       TExaS.o                        720     0         8      
       Clock.o                        516     0         4      
       UART2.o                        436     4         48     
       SPI.o                          440     0         0      
       SlidePot.o                     330     0         0      
       Timer.o                        316     0         0      
       IRxmt.o                        240     0         0      
       FIFO2.o                        214     0         0      
       LaunchPad.o                    180     0         0      
       Sound.o                        62      0         0      
       Switch.o                       52      0         0      
    +--+------------------------------+-------+---------+---------+
       Total:                         20404   85872     583    
                                                               
    .\ticlang\
       startup_mspm0g3507_ticlang.o   60      192       0      
    +--+------------------------------+-------+---------+---------+
       Total:                         60      192       0      
                                                               
    C:\ti\ccs\tools\compiler\ti-cgt-armllvm_4.0.1.LTS\lib\armv6m-ti-none-eabi/c/libc.a
       memory.c.obj                   702     0         5      
       fopen.c.obj                    556     0         0      
       defs.c.obj                     0       0         404    
       setvbuf.c.obj                  224     0         0      
       getdevice.c.obj                160     0         0      
       strcmp-armv6m.S.obj            136     0         0      
       copy_decompress_lzss.c.obj     124     0         0      
       fclose.c.obj                   124     0         0      
       autoinit.c.obj                 84      0         0      
       fflush.c.obj                   82      0         0      
       exit.c.obj                     56      0         8      
       boot_cortex_m.c.obj            40      0         0      
       copy_zero_init.c.obj           22      0         0      
       copy_decompress_none.c.obj     18      0         0      
       memcpy16.S.obj                 18      0         0      
       memset16.S.obj                 14      0         0      
       _lock.c.obj                    2       0         8      
       pre_init.c.obj                 4       0         0      
    +--+------------------------------+-------+---------+---------+
       Total:                         2366    0         425    
                                                               
    C:\ti\ccs\tools\compiler\ti-cgt-armllvm_4.0.1.LTS\lib\armv6m-ti-none-eabi/c/libsysbm.a
       trgmsg.c.obj                   104     0         288    
       add_device.c.obj               236     0         1      
       host_device.c.obj              0       0         200    
       open.c.obj                     160     0         1      
       hostrename.c.obj               136     0         0      
       hostlseek.c.obj                108     0         0      
       hostopen.c.obj                 96      0         8      
       hostread.c.obj                 88      0         0      
       hostwrite.c.obj                88      0         0      
       close.c.obj                    80      0         0      
       hostclose.c.obj                72      0         0      
       hostunlink.c.obj               72      0         0      
       unlink.c.obj                   44      0         0      
       write.c.obj                    40      0         0      
       remove.c.obj                   8       0         0      
    +--+------------------------------+-------+---------+---------+
       Total:                         1332    0         498    
                                                               
    C:\ti\ccs\tools\compiler\ti-cgt-armllvm_4.0.1.LTS\lib\armv6m-ti-none-eabi/libclang_rt.builtins.a
       aeabi_idivmod.S.obj            86      0         0      
       aeabi_uidivmod.S.obj           64      0         0      
       aeabi_memset.S.obj             12      0         0      
       aeabi_memcpy.S.obj             8       0         0      
       aeabi_div0.c.obj               2       0         0      
    +--+------------------------------+-------+---------+---------+
       Total:                         172     0         0      
                                                               
       Heap:                          0       0         512    
       Stack:                         0       0         512    
       Linker Generated:              0       277       0      
    +--+------------------------------+-------+---------+---------+
       Grand Total:                   24334   86341     2530   


LINKER GENERATED COPY TABLES

__TI_cinit_table @ 0001b060 records: 2, size/record: 8, table size: 16
	.data: load addr=0001af58, load size=000000f1 bytes, run addr=20200000, run size=00000401 bytes, compression=lzss
	.bss: load addr=0001b058, load size=00000008 bytes, run addr=20200608, run size=000001e4 bytes, compression=zero_init


LINKER GENERATED HANDLER TABLE

__TI_handler_table @ 0001b04c records: 3, size/record: 4, table size: 12
	index: 0, handler: __TI_decompress_lzss
	index: 1, handler: __TI_decompress_none
	index: 2, handler: __TI_zero_init


GLOBAL SYMBOLS: SORTED ALPHABETICALLY BY Name 

address   name                                
-------   ----                                
0001ac71  ADC0_IRQHandler                     
0001ac71  ADC1_IRQHandler                     
0001ac71  AES_IRQHandler                      
202003d4  BusFreq                             
0001af44  C$$EXIT                             
0001a721  C$$IO$$                             
0001ac71  CANFD0_IRQHandler                   
20200240  Counters                            
202002a4  Counters2                           
0001ac71  DAC0_IRQHandler                     
0001ac71  DMA_IRQHandler                      
0001ac71  Default_Handler                     
20200278  FIFO2                               
0001ac71  GROUP0_IRQHandler                   
0001ac71  GROUP1_IRQHandler                   
0001a219  HOSTclose                           
00019b75  HOSTlseek                           
00019d81  HOSTopen                            
00019de1  HOSTread                            
00019be1  HOSTrename                          
0001a261  HOSTunlink                          
00019e39  HOSTwrite                           
0001ac8d  HardFault_Handler                   
0001ac71  I2C0_IRQHandler                     
0001ac71  I2C1_IRQHandler                     
202007d8  LostData                            
0001ac71  NMI_Handler                         
0001ac71  PendSV_Handler                      
0001ac71  RTC_IRQHandler                      
0001af3d  Reset_Handler                       
0001af50  SHT$$INIT_ARRAY$$Base               
0001af58  SHT$$INIT_ARRAY$$Limit              
0001ac71  SPI0_IRQHandler                     
0001ac71  SPI1_IRQHandler                     
0001ac71  SVC_Handler                         
202003b8  Sensor                              
202002ce  StTextColor                         
202003d8  StX                                 
202003dc  StY                                 
0001917b  SysTick_Handler                     
202007dc  TExaSLogic                          
202007e0  TExaSadc                            
0001ac71  TIMA0_IRQHandler                    
0001ac71  TIMA1_IRQHandler                    
0001ac71  TIMG0_IRQHandler                    
0001a509  TIMG12_IRQHandler                   
0001ac71  TIMG6_IRQHandler                    
0001a3c9  TIMG7_IRQHandler                    
0001ac71  TIMG8_IRQHandler                    
0001ad8f  TI_memcpy_small                     
0001ae97  TI_memset_small                     
0001ac71  UART0_IRQHandler                    
0001ac71  UART1_IRQHandler                    
00019a1d  UART2_IRQHandler                    
0001ac71  UART3_IRQHandler                    
20200608  _CIOBUF_                            
0001aea5  _Z10Clock_Freqv                     
0001aa25  _Z10IRxmt_Initv                     
0001a545  _Z10Sound_Initv                     
00019e91  _Z10TExaS_InitP10ADC12_RegsjPFhvE   
00018c79  _Z10UART2_Initv                     
0001adb3  _Z11Clock_Delayj                    
0001a581  _Z11SPI_OutDatac                    
0001ad15  _Z11ST7735_openPKcji                
0001ad2b  _Z11ST7735_readiPcj                 
0001acfd  _Z11Switch_Initv                    
00019355  _Z12ST7735_InitR10initRFlags        
0001af05  _Z12ST7735_closei                   
0001ae43  _Z12ST7735_lseekili                 
0001a5f1  _Z12ST7735_writeiPKcj               
0001adc5  _Z12UART2_Enablev                   
0001a975  _Z12UART2_InCharv                   
0001a2a9  _Z13IRxmt_OutCharc                  
00019a91  _Z13IRxmt_SendBiti                  
0001aeb1  _Z13ST7735_renamePKcS0_             
0001af0f  _Z13ST7735_unlinkPKc                
0001add5  _Z13UART2_Disablev                  
0001a625  _Z14Clock_Delay1msj                 
00019831  _Z14LaunchPad_Initv                 
0001a2f1  _Z14SPI_OutCommandc                 
00018d55  _Z14ST7735_OutCharc                 
00019031  _Z14TimerG7_IntArmtjj               
0001a5b9  _Z15ActivatePortA_Bv                
00017861  _Z15Clock_Init80MHzi                
00017a15  _Z15ST7735_DrawCharsscssh           
000183bd  _Z15ST7735_FillRectsssst            
000193ed  _Z15TimerG12_IntArmjj               
00017bb9  _Z16ST7735_DrawCharSsscssh          
00019b05  _Z16ST7735_DrawPixelsst             
0001a659  _Z16ST7735_SetCursorjj              
000172e1  _Z17ST7735_DrawBitmapssPKtss        
000196a9  _Z17ST7735_DrawStringttPcs          
0001a9a1  _Z17ST7735_FillScreent              
0001921d  _Z17ST7735_InitPrintfv              
000187e9  _Z18ST7735_SetRotationh             
00018e25  _Z20ST7735_DrawFastHLinessst        
00018ed5  _Z20ST7735_DrawFastVLinessst        
0001ade5  _Z28TExaS_LaunchPadLogicPB27PB26v   
0001aebd  _Z5Delayj                           
00018295  _Z8ADC_InitP10ADC12_Regsjj          
0001af19  _Z8PLL_Initv                        
000186f1  _Z8SPI_Initv                        
0001aa4d  _Z9ADC_StartP10ADC12_Regs           
0001a409  _Z9SPI_Resetv                       
0001aca9  _Z9Switch_Inv                       
000189c9  _Z9UART_Initv                       
0001a339  _ZN5Queue3GetEPc                    
0001a381  _ZN5Queue3PutEc                     
0001ac11  _ZN5Queue6IsFullEv                  
0001ad57  _ZN5Queue7IsEmptyEv                 
0001adf5  _ZN5QueueC1Ev                       
0001adf5  _ZN5QueueC2Ev                       
0001ad6b  _ZN6Player13setPossessionEh         
000192b9  _ZN6Player14checkProximityE7Machine 
00019f41  _ZN6Player14printPosessionEh        
000199a5  _ZN6Player15getMachineInputE7Machine
000197af  _ZN6Player16resetCoordinatesEv      
000185e9  _ZN6Player6moveUpEv                 
0001aec9  _ZN6Player7getSizeEv                
0001ae51  _ZN6Player7getXPosEv                
0001ae5f  _ZN6Player7getYPosEv                
00018169  _ZN6Player8moveDownEv               
0001a181  _ZN6Player8moveLeftEv               
0001a1cd  _ZN6Player9moveRightEv              
0001acc5  _ZN6PlayerC1Ev                      
0001acc5  _ZN6PlayerC2Ev                      
00016b61  _ZN7Machine10printAnvilEv           
0001577d  _ZN7Machine10updateCartEh           
00016855  _ZN7Machine10updateRockEh           
0001ad7d  _ZN7Machine11setRockTypeEh          
00015ca9  _ZN7Machine11updateAnvilEh          
000174f1  _ZN7Machine12printSmelterEv         
00017eb9  _ZN7Machine13cartSendErrorEhh       
000176a9  _ZN7Machine13computeRecipeEPaa      
00016e19  _ZN7Machine13printCountersEPS_      
00016515  _ZN7Machine13updateSmelterEh        
0001616d  _ZN7Machine14updateCountersEhPS_    
00017d59  _ZN7Machine15updateAnvilMenuEPaa    
000170c9  _ZN7Machine9printCartEv             
00018f85  _ZN7Machine9printRockEv             
00019d1d  _ZN7MachineC1Ehhhhhh                
0001972d  _ZN7MachineC1Ehhhhhhhhh             
0001950d  _ZN7MachineC1Ehhhhhhhhhh            
00019d1d  _ZN7MachineC2Ehhhhhh                
0001972d  _ZN7MachineC2Ehhhhhhhhh             
0001950d  _ZN7MachineC2Ehhhhhhhhhh            
00019f95  _ZN8SlidePot2InEv                   
00019481  _ZN8SlidePot4InitEv                 
0001ab15  _ZN8SlidePot4SaveEj                 
0001ac33  _ZN8SlidePot4SyncEv                 
0001aed5  _ZN8SlidePot9DistanceXEv            
0001aee1  _ZN8SlidePot9DistanceYEv            
0001ae6d  _ZN8SlidePotC1Ev                    
0001ae6d  _ZN8SlidePotC2Ev                    
20200608  __CIOBUF_                           
20208000  __STACK_END                         
00000200  __STACK_SIZE                        
00000200  __SYSMEM_SIZE                       
00000000  __TI_ATRegion0_region_sz            
00000000  __TI_ATRegion0_src_addr             
00000000  __TI_ATRegion0_trg_addr             
00000000  __TI_ATRegion1_region_sz            
00000000  __TI_ATRegion1_src_addr             
00000000  __TI_ATRegion1_trg_addr             
00000000  __TI_ATRegion2_region_sz            
00000000  __TI_ATRegion2_src_addr             
00000000  __TI_ATRegion2_trg_addr             
0001b060  __TI_CINIT_Base                     
0001b070  __TI_CINIT_Limit                    
0001b070  __TI_CINIT_Warm                     
0001b04c  __TI_Handler_Table_Base             
0001b058  __TI_Handler_Table_Limit            
00019fe9  __TI_auto_init_nobinit              
0001a68d  __TI_cleanup                        
202003c4  __TI_cleanup_ptr                    
000198ad  __TI_closefile                      
00019929  __TI_decompress_lzss                
0001ada1  __TI_decompress_none                
0001a03d  __TI_doflush                        
202003c8  __TI_dtors_ptr                      
202003e0  __TI_ft_end                         
ffffffff  __TI_pprof_out_hndl                 
ffffffff  __TI_prof_data_size                 
ffffffff  __TI_prof_data_start                
0001a6c1  __TI_readmsg                        
00000000  __TI_static_base__                  
20200728  __TI_tmpnams                        
0001a6f5  __TI_writemsg                       
0001ad41  __TI_zero_init_nomemset             
00019ee9  __aeabi_idiv                        
00019597  __aeabi_idiv0                       
00019ee9  __aeabi_idivmod                     
0001aeed  __aeabi_memclr                      
0001aeed  __aeabi_memclr4                     
0001aeed  __aeabi_memclr8                     
0001af2d  __aeabi_memcpy                      
0001af2d  __aeabi_memcpy4                     
0001af2d  __aeabi_memcpy8                     
0001a449  __aeabi_uidiv                       
0001a449  __aeabi_uidivmod                    
ffffffff  __binit__                           
UNDEFED   __mpu_init                          
20207e00  __stack                             
20200000  __start___llvm_prf_bits             
20200000  __start___llvm_prf_cnts             
20200000  __stop___llvm_prf_bits              
20200000  __stop___llvm_prf_cnts              
0001aaed  _c_int00_noargs                     
20200178  _device                             
20200000  _ftable                             
202003e4  _lock                               
0001982f  _nop                                
202001f0  _stream                             
20200408  _sys_memory                         
UNDEFED   _system_post_cinit                  
0001af41  _system_pre_init                    
202003e8  _unlock                             
0001af45  abort                               
000188dd  add_device                          
000184d5  aligned_alloc                       
ffffffff  binit                               
202007e9  buttons                             
0001a131  close                               
0001a729  exit                                
0001a75d  finddevice                          
0001a945  fopen                               
00018ab1  free                                
0001a791  freopen                             
00019c4d  getdevice                           
202003f7  input                               
00000000  interruptVectors                    
202002e4  m_anvil                             
202002f2  m_cart1                             
20200300  m_cart2                             
2020030e  m_counter1                          
2020031c  m_counter2                          
2020032a  m_counter3                          
20200338  m_counter4                          
20200346  m_counter5                          
20200354  m_counter6                          
20200362  m_portal                            
20200370  m_refiner                           
2020037e  m_rock1                             
2020038c  m_rock2                             
2020039a  m_smelter                           
202003a8  m_todo                              
00015031  main                                
0001aef9  malloc                              
000184d5  memalign                            
202007ea  menuOpen                            
202003f9  numCounters                         
0001917d  open                                
202003cc  p1                                  
202007c8  parmbuf                             
202003fa  progH                               
202003fb  progW                               
0001af35  remove                              
00018b99  setvbuf                             
202000f0  sprites                             
00019621  strcmp                              
202007eb  toDoOpen                            
0001a9f9  unlink                              
0001aac5  write                               


GLOBAL SYMBOLS: SORTED BY Symbol Address 

address   name                                
-------   ----                                
00000000  __TI_ATRegion0_region_sz            
00000000  __TI_ATRegion0_src_addr             
00000000  __TI_ATRegion0_trg_addr             
00000000  __TI_ATRegion1_region_sz            
00000000  __TI_ATRegion1_src_addr             
00000000  __TI_ATRegion1_trg_addr             
00000000  __TI_ATRegion2_region_sz            
00000000  __TI_ATRegion2_src_addr             
00000000  __TI_ATRegion2_trg_addr             
00000000  __TI_static_base__                  
00000000  interruptVectors                    
00000200  __STACK_SIZE                        
00000200  __SYSMEM_SIZE                       
00015031  main                                
0001577d  _ZN7Machine10updateCartEh           
00015ca9  _ZN7Machine11updateAnvilEh          
0001616d  _ZN7Machine14updateCountersEhPS_    
00016515  _ZN7Machine13updateSmelterEh        
00016855  _ZN7Machine10updateRockEh           
00016b61  _ZN7Machine10printAnvilEv           
00016e19  _ZN7Machine13printCountersEPS_      
000170c9  _ZN7Machine9printCartEv             
000172e1  _Z17ST7735_DrawBitmapssPKtss        
000174f1  _ZN7Machine12printSmelterEv         
000176a9  _ZN7Machine13computeRecipeEPaa      
00017861  _Z15Clock_Init80MHzi                
00017a15  _Z15ST7735_DrawCharsscssh           
00017bb9  _Z16ST7735_DrawCharSsscssh          
00017d59  _ZN7Machine15updateAnvilMenuEPaa    
00017eb9  _ZN7Machine13cartSendErrorEhh       
00018169  _ZN6Player8moveDownEv               
00018295  _Z8ADC_InitP10ADC12_Regsjj          
000183bd  _Z15ST7735_FillRectsssst            
000184d5  aligned_alloc                       
000184d5  memalign                            
000185e9  _ZN6Player6moveUpEv                 
000186f1  _Z8SPI_Initv                        
000187e9  _Z18ST7735_SetRotationh             
000188dd  add_device                          
000189c9  _Z9UART_Initv                       
00018ab1  free                                
00018b99  setvbuf                             
00018c79  _Z10UART2_Initv                     
00018d55  _Z14ST7735_OutCharc                 
00018e25  _Z20ST7735_DrawFastHLinessst        
00018ed5  _Z20ST7735_DrawFastVLinessst        
00018f85  _ZN7Machine9printRockEv             
00019031  _Z14TimerG7_IntArmtjj               
0001917b  SysTick_Handler                     
0001917d  open                                
0001921d  _Z17ST7735_InitPrintfv              
000192b9  _ZN6Player14checkProximityE7Machine 
00019355  _Z12ST7735_InitR10initRFlags        
000193ed  _Z15TimerG12_IntArmjj               
00019481  _ZN8SlidePot4InitEv                 
0001950d  _ZN7MachineC1Ehhhhhhhhhh            
0001950d  _ZN7MachineC2Ehhhhhhhhhh            
00019597  __aeabi_idiv0                       
00019621  strcmp                              
000196a9  _Z17ST7735_DrawStringttPcs          
0001972d  _ZN7MachineC1Ehhhhhhhhh             
0001972d  _ZN7MachineC2Ehhhhhhhhh             
000197af  _ZN6Player16resetCoordinatesEv      
0001982f  _nop                                
00019831  _Z14LaunchPad_Initv                 
000198ad  __TI_closefile                      
00019929  __TI_decompress_lzss                
000199a5  _ZN6Player15getMachineInputE7Machine
00019a1d  UART2_IRQHandler                    
00019a91  _Z13IRxmt_SendBiti                  
00019b05  _Z16ST7735_DrawPixelsst             
00019b75  HOSTlseek                           
00019be1  HOSTrename                          
00019c4d  getdevice                           
00019d1d  _ZN7MachineC1Ehhhhhh                
00019d1d  _ZN7MachineC2Ehhhhhh                
00019d81  HOSTopen                            
00019de1  HOSTread                            
00019e39  HOSTwrite                           
00019e91  _Z10TExaS_InitP10ADC12_RegsjPFhvE   
00019ee9  __aeabi_idiv                        
00019ee9  __aeabi_idivmod                     
00019f41  _ZN6Player14printPosessionEh        
00019f95  _ZN8SlidePot2InEv                   
00019fe9  __TI_auto_init_nobinit              
0001a03d  __TI_doflush                        
0001a131  close                               
0001a181  _ZN6Player8moveLeftEv               
0001a1cd  _ZN6Player9moveRightEv              
0001a219  HOSTclose                           
0001a261  HOSTunlink                          
0001a2a9  _Z13IRxmt_OutCharc                  
0001a2f1  _Z14SPI_OutCommandc                 
0001a339  _ZN5Queue3GetEPc                    
0001a381  _ZN5Queue3PutEc                     
0001a3c9  TIMG7_IRQHandler                    
0001a409  _Z9SPI_Resetv                       
0001a449  __aeabi_uidiv                       
0001a449  __aeabi_uidivmod                    
0001a509  TIMG12_IRQHandler                   
0001a545  _Z10Sound_Initv                     
0001a581  _Z11SPI_OutDatac                    
0001a5b9  _Z15ActivatePortA_Bv                
0001a5f1  _Z12ST7735_writeiPKcj               
0001a625  _Z14Clock_Delay1msj                 
0001a659  _Z16ST7735_SetCursorjj              
0001a68d  __TI_cleanup                        
0001a6c1  __TI_readmsg                        
0001a6f5  __TI_writemsg                       
0001a721  C$$IO$$                             
0001a729  exit                                
0001a75d  finddevice                          
0001a791  freopen                             
0001a945  fopen                               
0001a975  _Z12UART2_InCharv                   
0001a9a1  _Z17ST7735_FillScreent              
0001a9f9  unlink                              
0001aa25  _Z10IRxmt_Initv                     
0001aa4d  _Z9ADC_StartP10ADC12_Regs           
0001aac5  write                               
0001aaed  _c_int00_noargs                     
0001ab15  _ZN8SlidePot4SaveEj                 
0001ac11  _ZN5Queue6IsFullEv                  
0001ac33  _ZN8SlidePot4SyncEv                 
0001ac71  ADC0_IRQHandler                     
0001ac71  ADC1_IRQHandler                     
0001ac71  AES_IRQHandler                      
0001ac71  CANFD0_IRQHandler                   
0001ac71  DAC0_IRQHandler                     
0001ac71  DMA_IRQHandler                      
0001ac71  Default_Handler                     
0001ac71  GROUP0_IRQHandler                   
0001ac71  GROUP1_IRQHandler                   
0001ac71  I2C0_IRQHandler                     
0001ac71  I2C1_IRQHandler                     
0001ac71  NMI_Handler                         
0001ac71  PendSV_Handler                      
0001ac71  RTC_IRQHandler                      
0001ac71  SPI0_IRQHandler                     
0001ac71  SPI1_IRQHandler                     
0001ac71  SVC_Handler                         
0001ac71  TIMA0_IRQHandler                    
0001ac71  TIMA1_IRQHandler                    
0001ac71  TIMG0_IRQHandler                    
0001ac71  TIMG6_IRQHandler                    
0001ac71  TIMG8_IRQHandler                    
0001ac71  UART0_IRQHandler                    
0001ac71  UART1_IRQHandler                    
0001ac71  UART3_IRQHandler                    
0001ac8d  HardFault_Handler                   
0001aca9  _Z9Switch_Inv                       
0001acc5  _ZN6PlayerC1Ev                      
0001acc5  _ZN6PlayerC2Ev                      
0001acfd  _Z11Switch_Initv                    
0001ad15  _Z11ST7735_openPKcji                
0001ad2b  _Z11ST7735_readiPcj                 
0001ad41  __TI_zero_init_nomemset             
0001ad57  _ZN5Queue7IsEmptyEv                 
0001ad6b  _ZN6Player13setPossessionEh         
0001ad7d  _ZN7Machine11setRockTypeEh          
0001ad8f  TI_memcpy_small                     
0001ada1  __TI_decompress_none                
0001adb3  _Z11Clock_Delayj                    
0001adc5  _Z12UART2_Enablev                   
0001add5  _Z13UART2_Disablev                  
0001ade5  _Z28TExaS_LaunchPadLogicPB27PB26v   
0001adf5  _ZN5QueueC1Ev                       
0001adf5  _ZN5QueueC2Ev                       
0001ae43  _Z12ST7735_lseekili                 
0001ae51  _ZN6Player7getXPosEv                
0001ae5f  _ZN6Player7getYPosEv                
0001ae6d  _ZN8SlidePotC1Ev                    
0001ae6d  _ZN8SlidePotC2Ev                    
0001ae97  TI_memset_small                     
0001aea5  _Z10Clock_Freqv                     
0001aeb1  _Z13ST7735_renamePKcS0_             
0001aebd  _Z5Delayj                           
0001aec9  _ZN6Player7getSizeEv                
0001aed5  _ZN8SlidePot9DistanceXEv            
0001aee1  _ZN8SlidePot9DistanceYEv            
0001aeed  __aeabi_memclr                      
0001aeed  __aeabi_memclr4                     
0001aeed  __aeabi_memclr8                     
0001aef9  malloc                              
0001af05  _Z12ST7735_closei                   
0001af0f  _Z13ST7735_unlinkPKc                
0001af19  _Z8PLL_Initv                        
0001af2d  __aeabi_memcpy                      
0001af2d  __aeabi_memcpy4                     
0001af2d  __aeabi_memcpy8                     
0001af35  remove                              
0001af3d  Reset_Handler                       
0001af41  _system_pre_init                    
0001af44  C$$EXIT                             
0001af45  abort                               
0001af50  SHT$$INIT_ARRAY$$Base               
0001af58  SHT$$INIT_ARRAY$$Limit              
0001b04c  __TI_Handler_Table_Base             
0001b058  __TI_Handler_Table_Limit            
0001b060  __TI_CINIT_Base                     
0001b070  __TI_CINIT_Limit                    
0001b070  __TI_CINIT_Warm                     
20200000  __start___llvm_prf_bits             
20200000  __start___llvm_prf_cnts             
20200000  __stop___llvm_prf_bits              
20200000  __stop___llvm_prf_cnts              
20200000  _ftable                             
202000f0  sprites                             
20200178  _device                             
202001f0  _stream                             
20200240  Counters                            
20200278  FIFO2                               
202002a4  Counters2                           
202002ce  StTextColor                         
202002e4  m_anvil                             
202002f2  m_cart1                             
20200300  m_cart2                             
2020030e  m_counter1                          
2020031c  m_counter2                          
2020032a  m_counter3                          
20200338  m_counter4                          
20200346  m_counter5                          
20200354  m_counter6                          
20200362  m_portal                            
20200370  m_refiner                           
2020037e  m_rock1                             
2020038c  m_rock2                             
2020039a  m_smelter                           
202003a8  m_todo                              
202003b8  Sensor                              
202003c4  __TI_cleanup_ptr                    
202003c8  __TI_dtors_ptr                      
202003cc  p1                                  
202003d4  BusFreq                             
202003d8  StX                                 
202003dc  StY                                 
202003e0  __TI_ft_end                         
202003e4  _lock                               
202003e8  _unlock                             
202003f7  input                               
202003f9  numCounters                         
202003fa  progH                               
202003fb  progW                               
20200408  _sys_memory                         
20200608  _CIOBUF_                            
20200608  __CIOBUF_                           
20200728  __TI_tmpnams                        
202007c8  parmbuf                             
202007d8  LostData                            
202007dc  TExaSLogic                          
202007e0  TExaSadc                            
202007e9  buttons                             
202007ea  menuOpen                            
202007eb  toDoOpen                            
20207e00  __stack                             
20208000  __STACK_END                         
ffffffff  __TI_pprof_out_hndl                 
ffffffff  __TI_prof_data_size                 
ffffffff  __TI_prof_data_start                
ffffffff  __binit__                           
ffffffff  binit                               
UNDEFED   __mpu_init                          
UNDEFED   _system_post_cinit                  

[263 symbols]
