******************************************************************************
            TI ARM Clang Linker PC v4.0.1                      
******************************************************************************
>> Linked Fri Apr 18 18:18:15 2025

OUTPUT FILE NAME:   <MadMines.out>
ENTRY POINT SYMBOL: "_c_int00_noargs"  address: 0001a945


MEMORY CONFIGURATION

         name            origin    length      used     unused   attr    fill
----------------------  --------  ---------  --------  --------  ----  --------
  FLASH                 00000000   00020000  0001aed8  00005128  R  X
  SRAM                  20200000   00008000  000009e1  0000761f  RW X
  BCR_CONFIG            41c00000   00000080  00000000  00000080  R   
  BSL_CONFIG            41c00100   00000080  00000000  00000080  R   


SEGMENT ALLOCATION MAP

run origin  load origin   length   init length attrs members
----------  ----------- ---------- ----------- ----- -------
00000000    00000000    0001aed8   0001aed8    r-x
  00000000    00000000    000000c0   000000c0    r-- .intvecs
  000000c0    000000c0    00014f70   00014f70    r-- .rodata
  00015030    00015030    00005d80   00005d80    r-x .text
  0001adb0    0001adb0    00000008   00000008    r-- .init_array
  0001adb8    0001adb8    00000120   00000120    r-- .cinit
20200000    20200000    000007e4   00000000    rw-
  20200000    20200000    000003fd   00000000    rw- .data
  20200400    20200400    00000200   00000000    rw- .sysmem
  20200600    20200600    000001e4   00000000    rw- .bss
20207e00    20207e00    00000200   00000000    rw-
  20207e00    20207e00    00000200   00000000    rw- .stack


SECTION ALLOCATION MAP

 output                                  attributes/
section   page    origin      length       input sections
--------  ----  ----------  ----------   ----------------
.intvecs   0    00000000    000000c0     
                  00000000    000000c0     startup_mspm0g3507_ticlang.o (.intvecs)

.binit     0    00000000    00000000     

.text      0    00015030    00005d80     
                  00015030    00000768     Lab9HMain.o (.text.main)
                  00015798    000004c0     Machine.o (.text._ZN7Machine11updateAnvilEh)
                  00015c58    000003ec     Machine.o (.text._ZN7Machine10updateCartEh)
                  00016044    00000370     Machine.o (.text._ZN7Machine14updateCountersEhPS_)
                  000163b4    0000033c     Machine.o (.text._ZN7Machine13updateSmelterEh)
                  000166f0    0000030c     Machine.o (.text._ZN7Machine10updateRockEh)
                  000169fc    000002b8     Machine.o (.text._ZN7Machine10printAnvilEv)
                  00016cb4    000002b0     Machine.o (.text._ZN7Machine13printCountersEPS_)
                  00016f64    00000210     ST7735.o (.text._Z17ST7735_DrawBitmapssPKtss)
                  00017174    000001dc     Machine.o (.text._ZN7Machine9printCartEv)
                  00017350    000001b8     Machine.o (.text._ZN7Machine12printSmelterEv)
                  00017508    000001b8     Machine.o (.text._ZN7Machine13computeRecipeEPaa)
                  000176c0    000001b4     Clock.o (.text._Z15Clock_Init80MHzi)
                  00017874    000001a4     ST7735.o (.text._Z15ST7735_DrawCharsscssh)
                  00017a18    000001a0     ST7735.o (.text._Z16ST7735_DrawCharSsscssh)
                  00017bb8    00000160     Machine.o (.text._ZN7Machine15updateAnvilMenuEPaa)
                  00017d18    0000015c     Machine.o (.text._ZN7Machine13cartSendErrorEhh)
                  00017e74    00000154     libc.a : fopen.c.obj (.text._openfile)
                  00017fc8    0000012c     Player.o (.text._ZN6Player8moveDownEv)
                  000180f4    00000128     TExaS.o (.text._Z8ADC_InitP10ADC12_Regsjj)
                  0001821c    00000118     ST7735.o (.text._Z15ST7735_FillRectsssst)
                  00018334    00000114     libc.a : memory.c.obj (.text.aligned_alloc)
                  00018448    00000108     Player.o (.text._ZN6Player6moveUpEv)
                  00018550    000000f8     SPI.o (.text._Z8SPI_Initv)
                  00018648    000000f4     ST7735.o (.text._Z18ST7735_SetRotationh)
                  0001873c    000000ec     libsysbm.a : add_device.c.obj (.text.add_device)
                  00018828    000000e8     TExaS.o (.text._Z9UART_Initv)
                  00018910    000000e8     libc.a : memory.c.obj (.text.free)
                  000189f8    000000e0            : setvbuf.c.obj (.text.setvbuf)
                  00018ad8    000000dc     UART2.o (.text._Z10UART2_Initv)
                  00018bb4    000000d8     ST7735.o (.text._Z14ST7735_OutCharc)
                  00018c8c    000000b0     ST7735.o (.text._Z20ST7735_DrawFastHLinessst)
                  00018d3c    000000b0     ST7735.o (.text._Z20ST7735_DrawFastVLinessst)
                  00018dec    000000ac     Machine.o (.text._ZN7Machine9printRockEv)
                  00018e98    000000a8     Timer.o (.text._Z14TimerG7_IntArmtjj)
                  00018f40    000000a2     ST7735.o (.text._ZL11commandListPKh)
                  00018fe2    00000002     Sound.o (.text.SysTick_Handler)
                  00018fe4    000000a0     libsysbm.a : open.c.obj (.text.open)
                  00019084    0000009c     ST7735.o (.text._Z17ST7735_InitPrintfv)
                  00019120    0000009c     Player.o (.text._ZN6Player14checkProximityE7Machine)
                  000191bc    00000098     ST7735.o (.text._Z12ST7735_InitR10initRFlags)
                  00019254    00000094     Timer.o (.text._Z15TimerG12_IntArmjj)
                  000192e8    0000008c     ST7735.o (.text._Z17ST7735_DrawStringttPcs)
                  00019374    0000008c     SlidePot.o (.text._ZN8SlidePot4InitEv)
                  00019400    0000008a     Machine.o (.text._ZN7MachineC2Ehhhhhhhhhh)
                  0001948a    00000002     libclang_rt.builtins.a : aeabi_div0.c.obj (.text.__aeabi_idiv0)
                  0001948c    00000088     ST7735.o (.text._ZL13setAddrWindowhhhh)
                  00019514    0000000c     Clock.o (.text._Z10Clock_Freqv)
                  00019520    00000088     libc.a : strcmp-armv6m.S.obj (.text:strcmp)
                  000195a8    00000082     Machine.o (.text._ZN7MachineC2Ehhhhhhhhh)
                  0001962a    00000080     Player.o (.text._ZN6Player16resetCoordinatesEv)
                  000196aa    00000002     libc.a : _lock.c.obj (.text._nop)
                  000196ac    0000007c     LaunchPad.o (.text._Z14LaunchPad_Initv)
                  00019728    0000007c     libc.a : fclose.c.obj (.text.__TI_closefile)
                  000197a4    0000007c            : copy_decompress_lzss.c.obj (.text:decompress:lzss)
                  00019820    00000078     Player.o (.text._ZN6Player15getMachineInputE7Machine)
                  00019898    00000074     UART2.o (.text.UART2_IRQHandler)
                  0001990c    00000074     IRxmt.o (.text._Z13IRxmt_SendBiti)
                  00019980    00000070     ST7735.o (.text._Z16ST7735_DrawPixelsst)
                  000199f0    0000006c     libsysbm.a : hostlseek.c.obj (.text.HOSTlseek)
                  00019a5c    0000006c                : hostrename.c.obj (.text.HOSTrename)
                  00019ac8    0000006c     libc.a : getdevice.c.obj (.text.getdevice)
                  00019b34    00000064            : memory.c.obj (.text.split)
                  00019b98    00000062     Machine.o (.text._ZN7MachineC2Ehhhhhh)
                  00019bfa    00000002     --HOLE-- [fill = 0]
                  00019bfc    00000060     libsysbm.a : hostopen.c.obj (.text.HOSTopen)
                  00019c5c    00000058                : hostread.c.obj (.text.HOSTread)
                  00019cb4    00000058                : hostwrite.c.obj (.text.HOSTwrite)
                  00019d0c    00000058     TExaS.o (.text._Z10TExaS_InitP10ADC12_RegsjPFhvE)
                  00019d64    00000056     libclang_rt.builtins.a : aeabi_idivmod.S.obj (.text.__aeabi_idivmod)
                  00019dba    00000002     --HOLE-- [fill = 0]
                  00019dbc    00000054     Player.o (.text._ZN6Player14printPosessionEh)
                  00019e10    00000054     SlidePot.o (.text._ZN8SlidePot2InEv)
                  00019e64    00000054     libc.a : autoinit.c.obj (.text:__TI_auto_init_nobinit)
                  00019eb8    00000052            : fflush.c.obj (.text.__TI_doflush)
                  00019f0a    00000050     Lab9HMain.o (.text._GLOBAL__sub_I_Lab9HMain.cpp)
                  00019f5a    00000002     --HOLE-- [fill = 0]
                  00019f5c    00000050     Lab9HMain.o (.text.__cxx_global_var_init.10)
                  00019fac    00000050     libsysbm.a : close.c.obj (.text.close)
                  00019ffc    0000004c     FIFO2.o (.text._ZN5Queue3GetEPc)
                  0001a048    0000004c     FIFO2.o (.text._ZN5Queue3PutEc)
                  0001a094    0000004c     Player.o (.text._ZN6Player8moveLeftEv)
                  0001a0e0    0000004c     Player.o (.text._ZN6Player9moveRightEv)
                  0001a12c    00000048     libsysbm.a : hostclose.c.obj (.text.HOSTclose)
                  0001a174    00000048                : hostunlink.c.obj (.text.HOSTunlink)
                  0001a1bc    00000048     IRxmt.o (.text._Z13IRxmt_OutCharc)
                  0001a204    00000048     SPI.o (.text._Z14SPI_OutCommandc)
                  0001a24c    00000040     TExaS.o (.text.TIMG7_IRQHandler)
                  0001a28c    00000040     SPI.o (.text._Z9SPI_Resetv)
                  0001a2cc    00000040     libclang_rt.builtins.a : aeabi_uidivmod.S.obj (.text.__aeabi_uidivmod)
                  0001a30c    00000040     Lab9HMain.o (.text.__cxx_global_var_init.18)
                  0001a34c    00000040     libc.a : fopen.c.obj (.text._search_fp)
                  0001a38c    0000003c     Lab9HMain.o (.text.TIMG12_IRQHandler)
                  0001a3c8    0000003c     Sound.o (.text._Z10Sound_Initv)
                  0001a404    00000038     SPI.o (.text._Z11SPI_OutDatac)
                  0001a43c    00000038     LaunchPad.o (.text._Z15ActivatePortA_Bv)
                  0001a474    00000034     ST7735.o (.text._Z12ST7735_writeiPKcj)
                  0001a4a8    00000034     Clock.o (.text._Z14Clock_Delay1msj)
                  0001a4dc    00000034     ST7735.o (.text._Z16ST7735_SetCursorjj)
                  0001a510    00000034     libc.a : fopen.c.obj (.text.__TI_cleanup)
                  0001a544    00000034     libsysbm.a : trgmsg.c.obj (.text.__TI_readmsg)
                  0001a578    00000034                : trgmsg.c.obj (.text.__TI_writemsg)
                  0001a5ac    00000034     libc.a : exit.c.obj (.text.exit)
                  0001a5e0    00000034            : getdevice.c.obj (.text.finddevice)
                  0001a614    00000034            : fopen.c.obj (.text.freopen)
                  0001a648    00000030     ST7735.o (.text._ZL10commonInitPKh)
                  0001a678    00000030     Lab9HMain.o (.text.__cxx_global_var_init.12)
                  0001a6a8    00000030     Lab9HMain.o (.text.__cxx_global_var_init.15)
                  0001a6d8    00000030     Lab9HMain.o (.text.__cxx_global_var_init.16)
                  0001a708    00000030     Lab9HMain.o (.text.__cxx_global_var_init.17)
                  0001a738    00000030     Lab9HMain.o (.text.__cxx_global_var_init.7)
                  0001a768    00000030     Lab9HMain.o (.text.__cxx_global_var_init.8)
                  0001a798    00000030     Lab9HMain.o (.text.__cxx_global_var_init.9)
                  0001a7c8    00000030     libc.a : fopen.c.obj (.text.fopen)
                  0001a7f8    0000002c     ST7735.o (.text._Z17ST7735_FillScreent)
                  0001a824    0000002c     Lab9HMain.o (.text.__cxx_global_var_init.6)
                  0001a850    0000002c     libsysbm.a : unlink.c.obj (.text.unlink)
                  0001a87c    00000028     IRxmt.o (.text._Z10IRxmt_Initv)
                  0001a8a4    00000028     TExaS.o (.text._Z9ADC_StartP10ADC12_Regs)
                  0001a8cc    00000028     Lab9HMain.o (.text.__cxx_global_var_init.4)
                  0001a8f4    00000028     libc.a : memory.c.obj (.text.free_list_insert)
                  0001a91c    00000028     libsysbm.a : write.c.obj (.text.write)
                  0001a944    00000028     libc.a : boot_cortex_m.c.obj (.text:_c_int00_noargs)
                  0001a96c    00000024     SlidePot.o (.text._ZN8SlidePot4SaveEj)
                  0001a990    00000024     Lab9HMain.o (.text.__cxx_global_var_init.11)
                  0001a9b4    00000024     Lab9HMain.o (.text.__cxx_global_var_init.13)
                  0001a9d8    00000024     Lab9HMain.o (.text.__cxx_global_var_init.14)
                  0001a9fc    00000024     Lab9HMain.o (.text.__cxx_global_var_init.2)
                  0001aa20    00000024     Lab9HMain.o (.text.__cxx_global_var_init.3)
                  0001aa44    00000024     Lab9HMain.o (.text.__cxx_global_var_init.5)
                  0001aa68    00000022     FIFO2.o (.text._ZN5Queue6IsFullEv)
                  0001aa8a    00000020     SlidePot.o (.text._ZN8SlidePot4SyncEv)
                  0001aaaa    0000001e     ST7735.o (.text._ZL9pushColort)
                  0001aac8    0000001c     startup_mspm0g3507_ticlang.o (.text.Default_Handler)
                  0001aae4    0000001c     startup_mspm0g3507_ticlang.o (.text.HardFault_Handler)
                  0001ab00    0000001c     UART2.o (.text._Z12UART2_InCharv)
                  0001ab1c    0000001c     Switch.o (.text._Z9Switch_Inv)
                  0001ab38    0000001c     Player.o (.text._ZN6PlayerC2Ev)
                  0001ab54    0000001c     libc.a : memory.c.obj (.text.free_list_remove)
                  0001ab70    00000018     Switch.o (.text._Z11Switch_Initv)
                  0001ab88    00000016     ST7735.o (.text._Z11ST7735_openPKcji)
                  0001ab9e    00000016     ST7735.o (.text._Z11ST7735_readiPcj)
                  0001abb4    00000016     libc.a : copy_zero_init.c.obj (.text:decompress:ZI:__TI_zero_init_nomemset)
                  0001abca    00000014     FIFO2.o (.text._ZN5Queue7IsEmptyEv)
                  0001abde    00000012     Player.o (.text._ZN6Player13setPossessionEh)
                  0001abf0    00000012     Machine.o (.text._ZN7Machine11setRockTypeEh)
                  0001ac02    00000012     libc.a : memcpy16.S.obj (.text:TI_memcpy_small)
                  0001ac14    00000012            : copy_decompress_none.c.obj (.text:decompress:none)
                  0001ac26    00000010     Clock.o (.text._Z11Clock_Delayj)
                  0001ac36    00000002     --HOLE-- [fill = 0]
                  0001ac38    00000010     UART2.o (.text._Z12UART2_Enablev)
                  0001ac48    00000010     UART2.o (.text._Z13UART2_Disablev)
                  0001ac58    00000010     Lab9HMain.o (.text._Z28TExaS_LaunchPadLogicPB27PB26v)
                  0001ac68    00000010     FIFO2.o (.text._ZN5QueueC2Ev)
                  0001ac78    00000010     Lab9HMain.o (.text.__cxx_global_var_init.1)
                  0001ac88    00000010     Lab9HMain.o (.text.__cxx_global_var_init)
                  0001ac98    00000010     UART2.o (.text.__cxx_global_var_init)
                  0001aca8    0000000e     libc.a : memory.c.obj (.text.OUTLINED_FUNCTION_0)
                  0001acb6    0000000e     ST7735.o (.text._Z12ST7735_lseekili)
                  0001acc4    0000000e     Player.o (.text._ZN6Player7getXPosEv)
                  0001acd2    0000000e     Player.o (.text._ZN6Player7getYPosEv)
                  0001ace0    0000000e     SlidePot.o (.text._ZN8SlidePotC2Ev)
                  0001acee    0000000e     libsysbm.a : hostrename.c.obj (.text.strcpy)
                  0001acfc    0000000e                : hostrename.c.obj (.text.strlen)
                  0001ad0a    0000000e     libc.a : memset16.S.obj (.text:TI_memset_small)
                  0001ad18    0000000c     ST7735.o (.text._Z13ST7735_renamePKcS0_)
                  0001ad24    0000000c     IRxmt.o (.text._Z5Delayj)
                  0001ad30    0000000c     Player.o (.text._ZN6Player7getSizeEv)
                  0001ad3c    0000000c     SlidePot.o (.text._ZN8SlidePot9DistanceXEv)
                  0001ad48    0000000c     SlidePot.o (.text._ZN8SlidePot9DistanceYEv)
                  0001ad54    0000000c     libclang_rt.builtins.a : aeabi_memset.S.obj (.text.__aeabi_memclr)
                  0001ad60    0000000c     libc.a : memory.c.obj (.text.malloc)
                  0001ad6c    0000000a     ST7735.o (.text._Z12ST7735_closei)
                  0001ad76    0000000a     ST7735.o (.text._Z13ST7735_unlinkPKc)
                  0001ad80    0000000a     Lab9HMain.o (.text._Z8PLL_Initv)
                  0001ad8a    00000008     UART2.o (.text._GLOBAL__sub_I_UART2.cpp)
                  0001ad92    00000002     --HOLE-- [fill = 0]
                  0001ad94    00000008     libclang_rt.builtins.a : aeabi_memcpy.S.obj (.text.__aeabi_memcpy)
                  0001ad9c    00000008     libsysbm.a : remove.c.obj (.text.remove)
                  0001ada4    00000004     startup_mspm0g3507_ticlang.o (.text.Reset_Handler)
                  0001ada8    00000004     libc.a : pre_init.c.obj (.text._system_pre_init)
                  0001adac    00000004            : exit.c.obj (.text:abort)

.cinit     0    0001adb8    00000120     
                  0001adb8    000000f6     (.cinit..data.load) [load image, compression = lzss]
                  0001aeae    00000002     --HOLE-- [fill = 0]
                  0001aeb0    0000000c     (__TI_handler_table)
                  0001aebc    00000008     (.cinit..bss.load) [load image, compression = zero_init]
                  0001aec4    00000010     (__TI_cinit_table)
                  0001aed4    00000004     --HOLE-- [fill = 0]

.rodata    0    000000c0    00014f70     
                  000000c0    00002800     Machine.o (.rodata._ZL4todo)
                  000028c0    00002700     Machine.o (.rodata._ZL9anvilMenu)
                  00004fc0    00001008     Machine.o (.rodata._ZL11smelterFail)
                  00005fc8    00001008     Machine.o (.rodata._ZL14smelterWorking)
                  00006fd0    00001008     Machine.o (.rodata._ZL16smelterHighlight)
                  00007fd8    00001008     Machine.o (.rodata._ZL20smelterFailHighlight)
                  00008fe0    00001008     Machine.o (.rodata._ZL7smelter)
                  00009fe8    00000f78     Machine.o (.rodata._ZL12anvilWorking)
                  0000af60    00000f78     Machine.o (.rodata._ZL14anvilHighlight)
                  0000bed8    00000f78     Machine.o (.rodata._ZL5anvil)
                  0000ce50    00000f74     Machine.o (.rodata._ZL13cartHighlight)
                  0000ddc4    00000f74     Machine.o (.rodata._ZL4cart)
                  0000ed38    00000bb0     Machine.o (.rodata._ZL11workingRock)
                  0000f8e8    00000bb0     Machine.o (.rodata._ZL13highlightRock)
                  00010498    00000bb0     Machine.o (.rodata._ZL18rockCrackHighlight)
                  00011048    00000bb0     Machine.o (.rodata._ZL4rock)
                  00011bf8    000006e0     Machine.o (.rodata._ZL6ladder)
                  000122d8    00000548     Lab9HMain.o (.rodata._ZL5miner)
                  00012820    00000540     Machine.o (.rodata._ZL7counter)
                  00012d60    000004fb     ST7735.o (.rodata._ZL4Font)
                  0001325b    00000001     --HOLE-- [fill = 0]
                  0001325c    00000348     Machine.o (.rodata._ZL5watch)
                  000135a4    00000320     Machine.o (.rodata._ZL5trash)
                  000138c4    000002d2     Machine.o (.rodata._ZL5sword)
                  00013b96    000002ac     Machine.o (.rodata._ZL3key)
                  00013e42    000002a0     Machine.o (.rodata._ZL6shield)
                  000140e2    00000220     Machine.o (.rodata._ZL4ring)
                  00014302    0000018c     Machine.o (.rodata._ZL10rawDiamond)
                  0001448e    0000018c     Machine.o (.rodata._ZL10rawEmerald)
                  0001461a    0000018c     Machine.o (.rodata._ZL7rawGold)
                  000147a6    0000018c     Machine.o (.rodata._ZL7rawRuby)
                  00014932    0000018c     Machine.o (.rodata._ZL9rawSilver)
                  00014abe    0000010e     Machine.o (.rodata._ZL4gold)
                  00014bcc    0000010e     Machine.o (.rodata._ZL6silver)
                  00014cda    000000d8     Machine.o (.rodata._ZL4Ruby)
                  00014db2    000000d8     Machine.o (.rodata._ZL7Diamond)
                  00014e8a    000000d8     Machine.o (.rodata._ZL7Emerald)
                  00014f62    0000003b     ST7735.o (.rodata._ZL5Rcmd1)
                  00014f9d    0000002b     ST7735.o (.rodata._ZL5Rcmd3)
                  00014fc8    00000019     Machine.o (.rodata._ZL7recipes)
                  00014fe1    00000016     ST7735.o (.rodata.str1.145533100666594254441)
                  00014ff7    0000000d     ST7735.o (.rodata._ZL10Rcmd2green)
                  00015004    0000000d     ST7735.o (.rodata._ZL8Rcmd2red)
                  00015011    00000008     ST7735.o (.rodata.str1.74455504091578136031)
                  00015019    00000007     ST7735.o (.rodata.str1.70397418904557661531)
                  00015020    00000007     ST7735.o (.rodata.str1.94386759871288863331)
                  00015027    00000002     ST7735.o (.rodata.str1.79068154596109554801)
                  00015029    00000007     --HOLE-- [fill = 0]

.init_array 
*          0    0001adb0    00000008     
                  0001adb0    00000004     UART2.o (.init_array)
                  0001adb4    00000004     Lab9HMain.o (.init_array)

.data      0    20200000    000003fd     UNINITIALIZED
                  20200000    000000f0     libc.a : defs.c.obj (.data._ftable)
                  202000f0    00000088     Machine.o (.data.sprites)
                  20200178    00000078     libsysbm.a : host_device.c.obj (.data._device)
                  202001f0    00000050                : host_device.c.obj (.data._stream)
                  20200240    00000038     Lab9HMain.o (.data.Counters)
                  20200278    0000002a     Lab9HMain.o (.data.Counters2)
                  202002a2    00000002     ST7735.o (.data.StTextColor)
                  202002a4    00000028     UART2.o (.data.FIFO2)
                  202002cc    00000014     Machine.o (.data._ZL7ToDoArr)
                  202002e0    0000000e     Lab9HMain.o (.data.m_anvil)
                  202002ee    0000000e     Lab9HMain.o (.data.m_cart1)
                  202002fc    0000000e     Lab9HMain.o (.data.m_cart2)
                  2020030a    0000000e     Lab9HMain.o (.data.m_counter1)
                  20200318    0000000e     Lab9HMain.o (.data.m_counter2)
                  20200326    0000000e     Lab9HMain.o (.data.m_counter3)
                  20200334    0000000e     Lab9HMain.o (.data.m_counter4)
                  20200342    0000000e     Lab9HMain.o (.data.m_counter5)
                  20200350    0000000e     Lab9HMain.o (.data.m_counter6)
                  2020035e    0000000e     Lab9HMain.o (.data.m_portal)
                  2020036c    0000000e     Lab9HMain.o (.data.m_refiner)
                  2020037a    0000000e     Lab9HMain.o (.data.m_rock1)
                  20200388    0000000e     Lab9HMain.o (.data.m_rock2)
                  20200396    0000000e     Lab9HMain.o (.data.m_smelter)
                  202003a4    0000000e     Lab9HMain.o (.data.m_todo)
                  202003b2    00000002     ST7735.o (.data._ZL6_width)
                  202003b4    0000000c     Lab9HMain.o (.data.Sensor)
                  202003c0    00000008     libc.a : exit.c.obj (.data..L_MergedGlobals)
                  202003c8    00000008     Lab9HMain.o (.data.p1)
                  202003d0    00000004     Clock.o (.data.BusFreq)
                  202003d4    00000004     ST7735.o (.data.StX)
                  202003d8    00000004     ST7735.o (.data.StY)
                  202003dc    00000004     libc.a : defs.c.obj (.data.__TI_ft_end)
                  202003e0    00000004            : _lock.c.obj (.data._lock)
                  202003e4    00000004            : _lock.c.obj (.data._unlock)
                  202003e8    00000002     ST7735.o (.data._ZL7_height)
                  202003ea    00000001     Machine.o (.data._ZZN7Machine10updateCartEhE8debounce)
                  202003eb    00000001     Machine.o (.data._ZZN7Machine10updateRockEhE10wasWorking)
                  202003ec    00000001     Machine.o (.data._ZZN7Machine10updateRockEhE7halfway)
                  202003ed    00000001     Machine.o (.data._ZZN7Machine11updateAnvilEhE10wasWorking)
                  202003ee    00000001     Machine.o (.data._ZZN7Machine11updateAnvilEhE11anvilLength)
                  202003ef    00000001     Machine.o (.data._ZZN7Machine11updateAnvilEhE12menuDebounce)
                  202003f0    00000001     Machine.o (.data._ZZN7Machine14updateCountersEhPS_E8debounce)
                  202003f1    00000001     Machine.o (.data._ZZN7Machine9printCartEvE2in)
                  202003f2    00000001     Machine.o (.data._ZZN7Machine9printCartEvE4sent)
                  202003f3    00000001     Lab9HMain.o (.data.input)
                  202003f4    00000001     libsysbm.a : add_device.c.obj (.data.add_device.device_init)
                  202003f5    00000001     Lab9HMain.o (.data.numCounters)
                  202003f6    00000001     Machine.o (.data.progH)
                  202003f7    00000001     Machine.o (.data.progW)
                  202003f8    00000001     libc.a : memory.c.obj (.data.memory_is_initialized)
                  202003f9    00000003     --HOLE--
                  202003fc    00000001     libsysbm.a : open.c.obj (.data.open.stream_init)

.sysmem    0    20200400    00000200     UNINITIALIZED
                  20200400    00000010     libc.a : memory.c.obj (.sysmem)
                  20200410    000001f0     --HOLE--

.bss       0    20200600    000001e4     UNINITIALIZED
                  20200600    00000120     libsysbm.a : trgmsg.c.obj (.bss:_CIOBUF_)
                  20200720    000000a0     libc.a : defs.c.obj (.bss.__TI_tmpnams)
                  202007c0    00000008     libsysbm.a : hostopen.c.obj (.bss.parmbuf)
                  202007c8    00000005     Machine.o (.bss._ZZN7Machine11updateAnvilEhE10AnvilItems)
                  202007cd    00000001     ST7735.o (.bss._ZL8ColStart)
                  202007ce    00000001     ST7735.o (.bss._ZL8Rotation)
                  202007cf    00000001     ST7735.o (.bss._ZL8RowStart)
                  202007d0    00000004     UART2.o (.bss.LostData)
                  202007d4    00000004     TExaS.o (.bss.TExaSLogic)
                  202007d8    00000004     TExaS.o (.bss.TExaSadc)
                  202007dc    00000004     libc.a : memory.c.obj (.bss.sys_free)
                  202007e0    00000001     ST7735.o (.bss._ZL8TabColor)
                  202007e1    00000001     Lab9HMain.o (.bss.buttons)
                  202007e2    00000001     Lab9HMain.o (.bss.menuOpen)
                  202007e3    00000001     Lab9HMain.o (.bss.toDoOpen)

.stack     0    20207e00    00000200     UNINITIALIZED
                  20207e00    00000004     libc.a : boot_cortex_m.c.obj (.stack)
                  20207e04    000001fc     --HOLE--

__llvm_prf_cnts 
*          0    20200000    00000000     UNINITIALIZED

__llvm_prf_bits 
*          0    20200000    00000000     UNINITIALIZED

MODULE SUMMARY

       Module                         code    ro data   rw data
       ------                         ----    -------   -------
    .\
       Machine.o                      8704    83063     172    
       ST7735.o                       3630    1449      18     
       Lab9HMain.o                    2874    1356      333    
       Player.o                       1290    0         0      
       TExaS.o                        720     0         8      
       Clock.o                        516     0         4      
       UART2.o                        420     4         44     
       SPI.o                          440     0         0      
       SlidePot.o                     330     0         0      
       Timer.o                        316     0         0      
       IRxmt.o                        240     0         0      
       FIFO2.o                        222     0         0      
       LaunchPad.o                    180     0         0      
       Sound.o                        62      0         0      
       Switch.o                       52      0         0      
    +--+------------------------------+-------+---------+---------+
       Total:                         19996   85872     579    
                                                               
    .\ticlang\
       startup_mspm0g3507_ticlang.o   60      192       0      
    +--+------------------------------+-------+---------+---------+
       Total:                         60      192       0      
                                                               
    C:\ti\ccs2000\ccs\tools\compiler\ti-cgt-armllvm_4.0.1.LTS\lib\armv6m-ti-none-eabi/c/libc.a
       memory.c.obj                   702     0         5      
       fopen.c.obj                    556     0         0      
       defs.c.obj                     0       0         404    
       setvbuf.c.obj                  224     0         0      
       getdevice.c.obj                160     0         0      
       strcmp-armv6m.S.obj            136     0         0      
       copy_decompress_lzss.c.obj     124     0         0      
       fclose.c.obj                   124     0         0      
       autoinit.c.obj                 84      0         0      
       fflush.c.obj                   82      0         0      
       exit.c.obj                     56      0         8      
       boot_cortex_m.c.obj            40      0         0      
       copy_zero_init.c.obj           22      0         0      
       copy_decompress_none.c.obj     18      0         0      
       memcpy16.S.obj                 18      0         0      
       memset16.S.obj                 14      0         0      
       _lock.c.obj                    2       0         8      
       pre_init.c.obj                 4       0         0      
    +--+------------------------------+-------+---------+---------+
       Total:                         2366    0         425    
                                                               
    C:\ti\ccs2000\ccs\tools\compiler\ti-cgt-armllvm_4.0.1.LTS\lib\armv6m-ti-none-eabi/c/libsysbm.a
       trgmsg.c.obj                   104     0         288    
       add_device.c.obj               236     0         1      
       host_device.c.obj              0       0         200    
       open.c.obj                     160     0         1      
       hostrename.c.obj               136     0         0      
       hostlseek.c.obj                108     0         0      
       hostopen.c.obj                 96      0         8      
       hostread.c.obj                 88      0         0      
       hostwrite.c.obj                88      0         0      
       close.c.obj                    80      0         0      
       hostclose.c.obj                72      0         0      
       hostunlink.c.obj               72      0         0      
       unlink.c.obj                   44      0         0      
       write.c.obj                    40      0         0      
       remove.c.obj                   8       0         0      
    +--+------------------------------+-------+---------+---------+
       Total:                         1332    0         498    
                                                               
    C:\ti\ccs2000\ccs\tools\compiler\ti-cgt-armllvm_4.0.1.LTS\lib\armv6m-ti-none-eabi/libclang_rt.builtins.a
       aeabi_idivmod.S.obj            86      0         0      
       aeabi_uidivmod.S.obj           64      0         0      
       aeabi_memset.S.obj             12      0         0      
       aeabi_memcpy.S.obj             8       0         0      
       aeabi_div0.c.obj               2       0         0      
    +--+------------------------------+-------+---------+---------+
       Total:                         172     0         0      
                                                               
       Heap:                          0       0         512    
       Stack:                         0       0         512    
       Linker Generated:              0       282       0      
    +--+------------------------------+-------+---------+---------+
       Grand Total:                   23926   86346     2526   


LINKER GENERATED COPY TABLES

__TI_cinit_table @ 0001aec4 records: 2, size/record: 8, table size: 16
	.data: load addr=0001adb8, load size=000000f6 bytes, run addr=20200000, run size=000003fd bytes, compression=lzss
	.bss: load addr=0001aebc, load size=00000008 bytes, run addr=20200600, run size=000001e4 bytes, compression=zero_init


LINKER GENERATED HANDLER TABLE

__TI_handler_table @ 0001aeb0 records: 3, size/record: 4, table size: 12
	index: 0, handler: __TI_decompress_lzss
	index: 1, handler: __TI_decompress_none
	index: 2, handler: __TI_zero_init


GLOBAL SYMBOLS: SORTED ALPHABETICALLY BY Name 

address   name                                
-------   ----                                
0001aac9  ADC0_IRQHandler                     
0001aac9  ADC1_IRQHandler                     
0001aac9  AES_IRQHandler                      
202003d0  BusFreq                             
0001adac  C$$EXIT                             
0001a5a5  C$$IO$$                             
0001aac9  CANFD0_IRQHandler                   
20200240  Counters                            
20200278  Counters2                           
0001aac9  DAC0_IRQHandler                     
0001aac9  DMA_IRQHandler                      
0001aac9  Default_Handler                     
202002a4  FIFO2                               
0001aac9  GROUP0_IRQHandler                   
0001aac9  GROUP1_IRQHandler                   
0001a12d  HOSTclose                           
000199f1  HOSTlseek                           
00019bfd  HOSTopen                            
00019c5d  HOSTread                            
00019a5d  HOSTrename                          
0001a175  HOSTunlink                          
00019cb5  HOSTwrite                           
0001aae5  HardFault_Handler                   
0001aac9  I2C0_IRQHandler                     
0001aac9  I2C1_IRQHandler                     
202007d0  LostData                            
0001aac9  NMI_Handler                         
0001aac9  PendSV_Handler                      
0001aac9  RTC_IRQHandler                      
0001ada5  Reset_Handler                       
0001adb0  SHT$$INIT_ARRAY$$Base               
0001adb8  SHT$$INIT_ARRAY$$Limit              
0001aac9  SPI0_IRQHandler                     
0001aac9  SPI1_IRQHandler                     
0001aac9  SVC_Handler                         
202003b4  Sensor                              
202002a2  StTextColor                         
202003d4  StX                                 
202003d8  StY                                 
00018fe3  SysTick_Handler                     
202007d4  TExaSLogic                          
202007d8  TExaSadc                            
0001aac9  TIMA0_IRQHandler                    
0001aac9  TIMA1_IRQHandler                    
0001aac9  TIMG0_IRQHandler                    
0001a38d  TIMG12_IRQHandler                   
0001aac9  TIMG6_IRQHandler                    
0001a24d  TIMG7_IRQHandler                    
0001aac9  TIMG8_IRQHandler                    
0001ac03  TI_memcpy_small                     
0001ad0b  TI_memset_small                     
0001aac9  UART0_IRQHandler                    
0001aac9  UART1_IRQHandler                    
00019899  UART2_IRQHandler                    
0001aac9  UART3_IRQHandler                    
20200600  _CIOBUF_                            
00019515  _Z10Clock_Freqv                     
0001a87d  _Z10IRxmt_Initv                     
0001a3c9  _Z10Sound_Initv                     
00019d0d  _Z10TExaS_InitP10ADC12_RegsjPFhvE   
00018ad9  _Z10UART2_Initv                     
0001ac27  _Z11Clock_Delayj                    
0001a405  _Z11SPI_OutDatac                    
0001ab89  _Z11ST7735_openPKcji                
0001ab9f  _Z11ST7735_readiPcj                 
0001ab71  _Z11Switch_Initv                    
000191bd  _Z12ST7735_InitR10initRFlags        
0001ad6d  _Z12ST7735_closei                   
0001acb7  _Z12ST7735_lseekili                 
0001a475  _Z12ST7735_writeiPKcj               
0001ac39  _Z12UART2_Enablev                   
0001ab01  _Z12UART2_InCharv                   
0001a1bd  _Z13IRxmt_OutCharc                  
0001990d  _Z13IRxmt_SendBiti                  
0001ad19  _Z13ST7735_renamePKcS0_             
0001ad77  _Z13ST7735_unlinkPKc                
0001ac49  _Z13UART2_Disablev                  
0001a4a9  _Z14Clock_Delay1msj                 
000196ad  _Z14LaunchPad_Initv                 
0001a205  _Z14SPI_OutCommandc                 
00018bb5  _Z14ST7735_OutCharc                 
00018e99  _Z14TimerG7_IntArmtjj               
0001a43d  _Z15ActivatePortA_Bv                
000176c1  _Z15Clock_Init80MHzi                
00017875  _Z15ST7735_DrawCharsscssh           
0001821d  _Z15ST7735_FillRectsssst            
00019255  _Z15TimerG12_IntArmjj               
00017a19  _Z16ST7735_DrawCharSsscssh          
00019981  _Z16ST7735_DrawPixelsst             
0001a4dd  _Z16ST7735_SetCursorjj              
00016f65  _Z17ST7735_DrawBitmapssPKtss        
000192e9  _Z17ST7735_DrawStringttPcs          
0001a7f9  _Z17ST7735_FillScreent              
00019085  _Z17ST7735_InitPrintfv              
00018649  _Z18ST7735_SetRotationh             
00018c8d  _Z20ST7735_DrawFastHLinessst        
00018d3d  _Z20ST7735_DrawFastVLinessst        
0001ac59  _Z28TExaS_LaunchPadLogicPB27PB26v   
0001ad25  _Z5Delayj                           
000180f5  _Z8ADC_InitP10ADC12_Regsjj          
0001ad81  _Z8PLL_Initv                        
00018551  _Z8SPI_Initv                        
0001a8a5  _Z9ADC_StartP10ADC12_Regs           
0001a28d  _Z9SPI_Resetv                       
0001ab1d  _Z9Switch_Inv                       
00018829  _Z9UART_Initv                       
00019ffd  _ZN5Queue3GetEPc                    
0001a049  _ZN5Queue3PutEc                     
0001aa69  _ZN5Queue6IsFullEv                  
0001abcb  _ZN5Queue7IsEmptyEv                 
0001ac69  _ZN5QueueC1Ev                       
0001ac69  _ZN5QueueC2Ev                       
0001abdf  _ZN6Player13setPossessionEh         
00019121  _ZN6Player14checkProximityE7Machine 
00019dbd  _ZN6Player14printPosessionEh        
00019821  _ZN6Player15getMachineInputE7Machine
0001962b  _ZN6Player16resetCoordinatesEv      
00018449  _ZN6Player6moveUpEv                 
0001ad31  _ZN6Player7getSizeEv                
0001acc5  _ZN6Player7getXPosEv                
0001acd3  _ZN6Player7getYPosEv                
00017fc9  _ZN6Player8moveDownEv               
0001a095  _ZN6Player8moveLeftEv               
0001a0e1  _ZN6Player9moveRightEv              
0001ab39  _ZN6PlayerC1Ev                      
0001ab39  _ZN6PlayerC2Ev                      
000169fd  _ZN7Machine10printAnvilEv           
00015c59  _ZN7Machine10updateCartEh           
000166f1  _ZN7Machine10updateRockEh           
0001abf1  _ZN7Machine11setRockTypeEh          
00015799  _ZN7Machine11updateAnvilEh          
00017351  _ZN7Machine12printSmelterEv         
00017d19  _ZN7Machine13cartSendErrorEhh       
00017509  _ZN7Machine13computeRecipeEPaa      
00016cb5  _ZN7Machine13printCountersEPS_      
000163b5  _ZN7Machine13updateSmelterEh        
00016045  _ZN7Machine14updateCountersEhPS_    
00017bb9  _ZN7Machine15updateAnvilMenuEPaa    
00017175  _ZN7Machine9printCartEv             
00018ded  _ZN7Machine9printRockEv             
00019b99  _ZN7MachineC1Ehhhhhh                
000195a9  _ZN7MachineC1Ehhhhhhhhh             
00019401  _ZN7MachineC1Ehhhhhhhhhh            
00019b99  _ZN7MachineC2Ehhhhhh                
000195a9  _ZN7MachineC2Ehhhhhhhhh             
00019401  _ZN7MachineC2Ehhhhhhhhhh            
00019e11  _ZN8SlidePot2InEv                   
00019375  _ZN8SlidePot4InitEv                 
0001a96d  _ZN8SlidePot4SaveEj                 
0001aa8b  _ZN8SlidePot4SyncEv                 
0001ad3d  _ZN8SlidePot9DistanceXEv            
0001ad49  _ZN8SlidePot9DistanceYEv            
0001ace1  _ZN8SlidePotC1Ev                    
0001ace1  _ZN8SlidePotC2Ev                    
20200600  __CIOBUF_                           
20208000  __STACK_END                         
00000200  __STACK_SIZE                        
00000200  __SYSMEM_SIZE                       
00000000  __TI_ATRegion0_region_sz            
00000000  __TI_ATRegion0_src_addr             
00000000  __TI_ATRegion0_trg_addr             
00000000  __TI_ATRegion1_region_sz            
00000000  __TI_ATRegion1_src_addr             
00000000  __TI_ATRegion1_trg_addr             
00000000  __TI_ATRegion2_region_sz            
00000000  __TI_ATRegion2_src_addr             
00000000  __TI_ATRegion2_trg_addr             
0001aec4  __TI_CINIT_Base                     
0001aed4  __TI_CINIT_Limit                    
0001aed4  __TI_CINIT_Warm                     
0001aeb0  __TI_Handler_Table_Base             
0001aebc  __TI_Handler_Table_Limit            
00019e65  __TI_auto_init_nobinit              
0001a511  __TI_cleanup                        
202003c0  __TI_cleanup_ptr                    
00019729  __TI_closefile                      
000197a5  __TI_decompress_lzss                
0001ac15  __TI_decompress_none                
00019eb9  __TI_doflush                        
202003c4  __TI_dtors_ptr                      
202003dc  __TI_ft_end                         
ffffffff  __TI_pprof_out_hndl                 
ffffffff  __TI_prof_data_size                 
ffffffff  __TI_prof_data_start                
0001a545  __TI_readmsg                        
00000000  __TI_static_base__                  
20200720  __TI_tmpnams                        
0001a579  __TI_writemsg                       
0001abb5  __TI_zero_init_nomemset             
00019d65  __aeabi_idiv                        
0001948b  __aeabi_idiv0                       
00019d65  __aeabi_idivmod                     
0001ad55  __aeabi_memclr                      
0001ad55  __aeabi_memclr4                     
0001ad55  __aeabi_memclr8                     
0001ad95  __aeabi_memcpy                      
0001ad95  __aeabi_memcpy4                     
0001ad95  __aeabi_memcpy8                     
0001a2cd  __aeabi_uidiv                       
0001a2cd  __aeabi_uidivmod                    
ffffffff  __binit__                           
UNDEFED   __mpu_init                          
20207e00  __stack                             
20200000  __start___llvm_prf_bits             
20200000  __start___llvm_prf_cnts             
20200000  __stop___llvm_prf_bits              
20200000  __stop___llvm_prf_cnts              
0001a945  _c_int00_noargs                     
20200178  _device                             
20200000  _ftable                             
202003e0  _lock                               
000196ab  _nop                                
202001f0  _stream                             
20200400  _sys_memory                         
UNDEFED   _system_post_cinit                  
0001ada9  _system_pre_init                    
202003e4  _unlock                             
0001adad  abort                               
0001873d  add_device                          
00018335  aligned_alloc                       
ffffffff  binit                               
202007e1  buttons                             
00019fad  close                               
0001a5ad  exit                                
0001a5e1  finddevice                          
0001a7c9  fopen                               
00018911  free                                
0001a615  freopen                             
00019ac9  getdevice                           
202003f3  input                               
00000000  interruptVectors                    
202002e0  m_anvil                             
202002ee  m_cart1                             
202002fc  m_cart2                             
2020030a  m_counter1                          
20200318  m_counter2                          
20200326  m_counter3                          
20200334  m_counter4                          
20200342  m_counter5                          
20200350  m_counter6                          
2020035e  m_portal                            
2020036c  m_refiner                           
2020037a  m_rock1                             
20200388  m_rock2                             
20200396  m_smelter                           
202003a4  m_todo                              
00015031  main                                
0001ad61  malloc                              
00018335  memalign                            
202007e2  menuOpen                            
202003f5  numCounters                         
00018fe5  open                                
202003c8  p1                                  
202007c0  parmbuf                             
202003f6  progH                               
202003f7  progW                               
0001ad9d  remove                              
000189f9  setvbuf                             
202000f0  sprites                             
00019521  strcmp                              
202007e3  toDoOpen                            
0001a851  unlink                              
0001a91d  write                               


GLOBAL SYMBOLS: SORTED BY Symbol Address 

address   name                                
-------   ----                                
00000000  __TI_ATRegion0_region_sz            
00000000  __TI_ATRegion0_src_addr             
00000000  __TI_ATRegion0_trg_addr             
00000000  __TI_ATRegion1_region_sz            
00000000  __TI_ATRegion1_src_addr             
00000000  __TI_ATRegion1_trg_addr             
00000000  __TI_ATRegion2_region_sz            
00000000  __TI_ATRegion2_src_addr             
00000000  __TI_ATRegion2_trg_addr             
00000000  __TI_static_base__                  
00000000  interruptVectors                    
00000200  __STACK_SIZE                        
00000200  __SYSMEM_SIZE                       
00015031  main                                
00015799  _ZN7Machine11updateAnvilEh          
00015c59  _ZN7Machine10updateCartEh           
00016045  _ZN7Machine14updateCountersEhPS_    
000163b5  _ZN7Machine13updateSmelterEh        
000166f1  _ZN7Machine10updateRockEh           
000169fd  _ZN7Machine10printAnvilEv           
00016cb5  _ZN7Machine13printCountersEPS_      
00016f65  _Z17ST7735_DrawBitmapssPKtss        
00017175  _ZN7Machine9printCartEv             
00017351  _ZN7Machine12printSmelterEv         
00017509  _ZN7Machine13computeRecipeEPaa      
000176c1  _Z15Clock_Init80MHzi                
00017875  _Z15ST7735_DrawCharsscssh           
00017a19  _Z16ST7735_DrawCharSsscssh          
00017bb9  _ZN7Machine15updateAnvilMenuEPaa    
00017d19  _ZN7Machine13cartSendErrorEhh       
00017fc9  _ZN6Player8moveDownEv               
000180f5  _Z8ADC_InitP10ADC12_Regsjj          
0001821d  _Z15ST7735_FillRectsssst            
00018335  aligned_alloc                       
00018335  memalign                            
00018449  _ZN6Player6moveUpEv                 
00018551  _Z8SPI_Initv                        
00018649  _Z18ST7735_SetRotationh             
0001873d  add_device                          
00018829  _Z9UART_Initv                       
00018911  free                                
000189f9  setvbuf                             
00018ad9  _Z10UART2_Initv                     
00018bb5  _Z14ST7735_OutCharc                 
00018c8d  _Z20ST7735_DrawFastHLinessst        
00018d3d  _Z20ST7735_DrawFastVLinessst        
00018ded  _ZN7Machine9printRockEv             
00018e99  _Z14TimerG7_IntArmtjj               
00018fe3  SysTick_Handler                     
00018fe5  open                                
00019085  _Z17ST7735_InitPrintfv              
00019121  _ZN6Player14checkProximityE7Machine 
000191bd  _Z12ST7735_InitR10initRFlags        
00019255  _Z15TimerG12_IntArmjj               
000192e9  _Z17ST7735_DrawStringttPcs          
00019375  _ZN8SlidePot4InitEv                 
00019401  _ZN7MachineC1Ehhhhhhhhhh            
00019401  _ZN7MachineC2Ehhhhhhhhhh            
0001948b  __aeabi_idiv0                       
00019515  _Z10Clock_Freqv                     
00019521  strcmp                              
000195a9  _ZN7MachineC1Ehhhhhhhhh             
000195a9  _ZN7MachineC2Ehhhhhhhhh             
0001962b  _ZN6Player16resetCoordinatesEv      
000196ab  _nop                                
000196ad  _Z14LaunchPad_Initv                 
00019729  __TI_closefile                      
000197a5  __TI_decompress_lzss                
00019821  _ZN6Player15getMachineInputE7Machine
00019899  UART2_IRQHandler                    
0001990d  _Z13IRxmt_SendBiti                  
00019981  _Z16ST7735_DrawPixelsst             
000199f1  HOSTlseek                           
00019a5d  HOSTrename                          
00019ac9  getdevice                           
00019b99  _ZN7MachineC1Ehhhhhh                
00019b99  _ZN7MachineC2Ehhhhhh                
00019bfd  HOSTopen                            
00019c5d  HOSTread                            
00019cb5  HOSTwrite                           
00019d0d  _Z10TExaS_InitP10ADC12_RegsjPFhvE   
00019d65  __aeabi_idiv                        
00019d65  __aeabi_idivmod                     
00019dbd  _ZN6Player14printPosessionEh        
00019e11  _ZN8SlidePot2InEv                   
00019e65  __TI_auto_init_nobinit              
00019eb9  __TI_doflush                        
00019fad  close                               
00019ffd  _ZN5Queue3GetEPc                    
0001a049  _ZN5Queue3PutEc                     
0001a095  _ZN6Player8moveLeftEv               
0001a0e1  _ZN6Player9moveRightEv              
0001a12d  HOSTclose                           
0001a175  HOSTunlink                          
0001a1bd  _Z13IRxmt_OutCharc                  
0001a205  _Z14SPI_OutCommandc                 
0001a24d  TIMG7_IRQHandler                    
0001a28d  _Z9SPI_Resetv                       
0001a2cd  __aeabi_uidiv                       
0001a2cd  __aeabi_uidivmod                    
0001a38d  TIMG12_IRQHandler                   
0001a3c9  _Z10Sound_Initv                     
0001a405  _Z11SPI_OutDatac                    
0001a43d  _Z15ActivatePortA_Bv                
0001a475  _Z12ST7735_writeiPKcj               
0001a4a9  _Z14Clock_Delay1msj                 
0001a4dd  _Z16ST7735_SetCursorjj              
0001a511  __TI_cleanup                        
0001a545  __TI_readmsg                        
0001a579  __TI_writemsg                       
0001a5a5  C$$IO$$                             
0001a5ad  exit                                
0001a5e1  finddevice                          
0001a615  freopen                             
0001a7c9  fopen                               
0001a7f9  _Z17ST7735_FillScreent              
0001a851  unlink                              
0001a87d  _Z10IRxmt_Initv                     
0001a8a5  _Z9ADC_StartP10ADC12_Regs           
0001a91d  write                               
0001a945  _c_int00_noargs                     
0001a96d  _ZN8SlidePot4SaveEj                 
0001aa69  _ZN5Queue6IsFullEv                  
0001aa8b  _ZN8SlidePot4SyncEv                 
0001aac9  ADC0_IRQHandler                     
0001aac9  ADC1_IRQHandler                     
0001aac9  AES_IRQHandler                      
0001aac9  CANFD0_IRQHandler                   
0001aac9  DAC0_IRQHandler                     
0001aac9  DMA_IRQHandler                      
0001aac9  Default_Handler                     
0001aac9  GROUP0_IRQHandler                   
0001aac9  GROUP1_IRQHandler                   
0001aac9  I2C0_IRQHandler                     
0001aac9  I2C1_IRQHandler                     
0001aac9  NMI_Handler                         
0001aac9  PendSV_Handler                      
0001aac9  RTC_IRQHandler                      
0001aac9  SPI0_IRQHandler                     
0001aac9  SPI1_IRQHandler                     
0001aac9  SVC_Handler                         
0001aac9  TIMA0_IRQHandler                    
0001aac9  TIMA1_IRQHandler                    
0001aac9  TIMG0_IRQHandler                    
0001aac9  TIMG6_IRQHandler                    
0001aac9  TIMG8_IRQHandler                    
0001aac9  UART0_IRQHandler                    
0001aac9  UART1_IRQHandler                    
0001aac9  UART3_IRQHandler                    
0001aae5  HardFault_Handler                   
0001ab01  _Z12UART2_InCharv                   
0001ab1d  _Z9Switch_Inv                       
0001ab39  _ZN6PlayerC1Ev                      
0001ab39  _ZN6PlayerC2Ev                      
0001ab71  _Z11Switch_Initv                    
0001ab89  _Z11ST7735_openPKcji                
0001ab9f  _Z11ST7735_readiPcj                 
0001abb5  __TI_zero_init_nomemset             
0001abcb  _ZN5Queue7IsEmptyEv                 
0001abdf  _ZN6Player13setPossessionEh         
0001abf1  _ZN7Machine11setRockTypeEh          
0001ac03  TI_memcpy_small                     
0001ac15  __TI_decompress_none                
0001ac27  _Z11Clock_Delayj                    
0001ac39  _Z12UART2_Enablev                   
0001ac49  _Z13UART2_Disablev                  
0001ac59  _Z28TExaS_LaunchPadLogicPB27PB26v   
0001ac69  _ZN5QueueC1Ev                       
0001ac69  _ZN5QueueC2Ev                       
0001acb7  _Z12ST7735_lseekili                 
0001acc5  _ZN6Player7getXPosEv                
0001acd3  _ZN6Player7getYPosEv                
0001ace1  _ZN8SlidePotC1Ev                    
0001ace1  _ZN8SlidePotC2Ev                    
0001ad0b  TI_memset_small                     
0001ad19  _Z13ST7735_renamePKcS0_             
0001ad25  _Z5Delayj                           
0001ad31  _ZN6Player7getSizeEv                
0001ad3d  _ZN8SlidePot9DistanceXEv            
0001ad49  _ZN8SlidePot9DistanceYEv            
0001ad55  __aeabi_memclr                      
0001ad55  __aeabi_memclr4                     
0001ad55  __aeabi_memclr8                     
0001ad61  malloc                              
0001ad6d  _Z12ST7735_closei                   
0001ad77  _Z13ST7735_unlinkPKc                
0001ad81  _Z8PLL_Initv                        
0001ad95  __aeabi_memcpy                      
0001ad95  __aeabi_memcpy4                     
0001ad95  __aeabi_memcpy8                     
0001ad9d  remove                              
0001ada5  Reset_Handler                       
0001ada9  _system_pre_init                    
0001adac  C$$EXIT                             
0001adad  abort                               
0001adb0  SHT$$INIT_ARRAY$$Base               
0001adb8  SHT$$INIT_ARRAY$$Limit              
0001aeb0  __TI_Handler_Table_Base             
0001aebc  __TI_Handler_Table_Limit            
0001aec4  __TI_CINIT_Base                     
0001aed4  __TI_CINIT_Limit                    
0001aed4  __TI_CINIT_Warm                     
20200000  __start___llvm_prf_bits             
20200000  __start___llvm_prf_cnts             
20200000  __stop___llvm_prf_bits              
20200000  __stop___llvm_prf_cnts              
20200000  _ftable                             
202000f0  sprites                             
20200178  _device                             
202001f0  _stream                             
20200240  Counters                            
20200278  Counters2                           
202002a2  StTextColor                         
202002a4  FIFO2                               
202002e0  m_anvil                             
202002ee  m_cart1                             
202002fc  m_cart2                             
2020030a  m_counter1                          
20200318  m_counter2                          
20200326  m_counter3                          
20200334  m_counter4                          
20200342  m_counter5                          
20200350  m_counter6                          
2020035e  m_portal                            
2020036c  m_refiner                           
2020037a  m_rock1                             
20200388  m_rock2                             
20200396  m_smelter                           
202003a4  m_todo                              
202003b4  Sensor                              
202003c0  __TI_cleanup_ptr                    
202003c4  __TI_dtors_ptr                      
202003c8  p1                                  
202003d0  BusFreq                             
202003d4  StX                                 
202003d8  StY                                 
202003dc  __TI_ft_end                         
202003e0  _lock                               
202003e4  _unlock                             
202003f3  input                               
202003f5  numCounters                         
202003f6  progH                               
202003f7  progW                               
20200400  _sys_memory                         
20200600  _CIOBUF_                            
20200600  __CIOBUF_                           
20200720  __TI_tmpnams                        
202007c0  parmbuf                             
202007d0  LostData                            
202007d4  TExaSLogic                          
202007d8  TExaSadc                            
202007e1  buttons                             
202007e2  menuOpen                            
202007e3  toDoOpen                            
20207e00  __stack                             
20208000  __STACK_END                         
ffffffff  __TI_pprof_out_hndl                 
ffffffff  __TI_prof_data_size                 
ffffffff  __TI_prof_data_start                
ffffffff  __binit__                           
ffffffff  binit                               
UNDEFED   __mpu_init                          
UNDEFED   _system_post_cinit                  

[263 symbols]
