******************************************************************************
            TI ARM Clang Linker PC v4.0.1                      
******************************************************************************
>> Linked Wed Apr 16 22:11:30 2025

OUTPUT FILE NAME:   <MadMines.out>
ENTRY POINT SYMBOL: "_c_int00_noargs"  address: 00017dd9


MEMORY CONFIGURATION

         name            origin    length      used     unused   attr    fill
----------------------  --------  ---------  --------  --------  ----  --------
  FLASH                 00000000   00020000  00018370  00007c90  R  X
  SRAM                  20200000   00008000  0000096c  00007694  RW X
  BCR_CONFIG            41c00000   00000080  00000000  00000080  R   
  BSL_CONFIG            41c00100   00000080  00000000  00000080  R   


SEGMENT ALLOCATION MAP

run origin  load origin   length   init length attrs members
----------  ----------- ---------- ----------- ----- -------
00000000    00000000    00018370   00018370    r-x
  00000000    00000000    000000c0   000000c0    r-- .intvecs
  000000c0    000000c0    00013440   00013440    r-- .rodata
  00013500    00013500    00004d60   00004d60    r-x .text
  00018260    00018260    00000008   00000008    r-- .init_array
  00018268    00018268    00000108   00000108    r-- .cinit
20200000    20200000    00000773   00000000    rw-
  20200000    20200000    00000389   00000000    rw- .data
  20200390    20200390    00000200   00000000    rw- .sysmem
  20200590    20200590    000001e3   00000000    rw- .bss
20207e00    20207e00    00000200   00000000    rw-
  20207e00    20207e00    00000200   00000000    rw- .stack


SECTION ALLOCATION MAP

 output                                  attributes/
section   page    origin      length       input sections
--------  ----  ----------  ----------   ----------------
.intvecs   0    00000000    000000c0     
                  00000000    000000c0     startup_mspm0g3507_ticlang.o (.intvecs)

.binit     0    00000000    00000000     

.text      0    00013500    00004d60     
                  00013500    000004e0     Lab9HMain.o (.text.main)
                  000139e0    00000408     Machine.o (.text._ZN7Machine11updateAnvilEh)
                  00013de8    000003d0     Machine.o (.text._ZN7Machine10updateCartEh)
                  000141b8    00000330     Machine.o (.text._ZN7Machine13updateSmelterEh)
                  000144e8    00000298     Machine.o (.text._ZN7Machine10updateRockEh)
                  00014780    00000210     ST7735.o (.text._Z17ST7735_DrawBitmapssPKtss)
                  00014990    000001b4     Clock.o (.text._Z15Clock_Init80MHzi)
                  00014b44    000001b0     Machine.o (.text._ZN7Machine9printCartEv)
                  00014cf4    000001ac     Machine.o (.text._ZN7Machine13computeRecipeEPaa)
                  00014ea0    000001a0     ST7735.o (.text._Z16ST7735_DrawCharSsscssh)
                  00015040    00000190     Machine.o (.text._ZN7Machine12printSmelterEv)
                  000151d0    00000160     Machine.o (.text._ZN7Machine15updateAnvilMenuEPaa)
                  00015330    0000015c     Machine.o (.text._ZN7Machine13cartSendErrorEhh)
                  0001548c    00000154     libc.a : fopen.c.obj (.text._openfile)
                  000155e0    0000012c     Player.o (.text._ZN6Player8moveDownEv)
                  0001570c    00000128     TExaS.o (.text._Z8ADC_InitP10ADC12_Regsjj)
                  00015834    00000118     ST7735.o (.text._Z15ST7735_FillRectsssst)
                  0001594c    00000114     libc.a : memory.c.obj (.text.aligned_alloc)
                  00015a60    00000108     Player.o (.text._ZN6Player6moveUpEv)
                  00015b68    000000f8     SPI.o (.text._Z8SPI_Initv)
                  00015c60    000000f4     ST7735.o (.text._Z18ST7735_SetRotationh)
                  00015d54    000000ec     libsysbm.a : add_device.c.obj (.text.add_device)
                  00015e40    000000e8     TExaS.o (.text._Z9UART_Initv)
                  00015f28    000000e8     libc.a : memory.c.obj (.text.free)
                  00016010    000000e0            : setvbuf.c.obj (.text.setvbuf)
                  000160f0    000000dc     UART2.o (.text._Z10UART2_Initv)
                  000161cc    000000d0     ST7735.o (.text._Z14ST7735_OutCharc)
                  0001629c    000000b0     ST7735.o (.text._Z20ST7735_DrawFastHLinessst)
                  0001634c    000000b0     ST7735.o (.text._Z20ST7735_DrawFastVLinessst)
                  000163fc    000000a8     Timer.o (.text._Z14TimerG7_IntArmtjj)
                  000164a4    000000a2     ST7735.o (.text._ZL11commandListPKh)
                  00016546    00000002     Sound.o (.text.SysTick_Handler)
                  00016548    000000a0     libsysbm.a : open.c.obj (.text.open)
                  000165e8    0000009c     ST7735.o (.text._Z17ST7735_InitPrintfv)
                  00016684    0000009c     Player.o (.text._ZN6Player14checkProximityE7Machine)
                  00016720    00000098     ST7735.o (.text._Z12ST7735_InitR10initRFlags)
                  000167b8    00000098     Machine.o (.text._ZN7Machine10printAnvilEv)
                  00016850    00000094     Timer.o (.text._Z15TimerG12_IntArmjj)
                  000168e4    0000008c     SlidePot.o (.text._ZN8SlidePot4InitEv)
                  00016970    00000088     ST7735.o (.text._ZL13setAddrWindowhhhh)
                  000169f8    00000008     UART2.o (.text._GLOBAL__sub_I_UART2.cpp)
                  00016a00    00000088     libc.a : strcmp-armv6m.S.obj (.text:strcmp)
                  00016a88    00000084     ST7735.o (.text._Z17ST7735_DrawStringttPcs)
                  00016b0c    00000082     Machine.o (.text._ZN7MachineC2Ehhhhhhhhh)
                  00016b8e    00000080     Player.o (.text._ZN6Player16resetCoordinatesEv)
                  00016c0e    00000002     libclang_rt.builtins.a : aeabi_div0.c.obj (.text.__aeabi_idiv0)
                  00016c10    0000007c     LaunchPad.o (.text._Z14LaunchPad_Initv)
                  00016c8c    0000007c     libc.a : fclose.c.obj (.text.__TI_closefile)
                  00016d08    0000007c            : copy_decompress_lzss.c.obj (.text:decompress:lzss)
                  00016d84    00000078     Player.o (.text._ZN6Player15getMachineInputE7Machine)
                  00016dfc    00000078     Machine.o (.text._ZN7Machine9printRockEv)
                  00016e74    00000074     UART2.o (.text.UART2_IRQHandler)
                  00016ee8    00000074     IRxmt.o (.text._Z13IRxmt_SendBiti)
                  00016f5c    00000070     ST7735.o (.text._Z16ST7735_DrawPixelsst)
                  00016fcc    0000006c     libsysbm.a : hostlseek.c.obj (.text.HOSTlseek)
                  00017038    0000006c                : hostrename.c.obj (.text.HOSTrename)
                  000170a4    0000006c     libc.a : getdevice.c.obj (.text.getdevice)
                  00017110    00000064            : memory.c.obj (.text.split)
                  00017174    00000062     Machine.o (.text._ZN7MachineC2Ehhhhhh)
                  000171d6    00000002     libc.a : _lock.c.obj (.text._nop)
                  000171d8    00000060     libsysbm.a : hostopen.c.obj (.text.HOSTopen)
                  00017238    00000058                : hostread.c.obj (.text.HOSTread)
                  00017290    00000058                : hostwrite.c.obj (.text.HOSTwrite)
                  000172e8    00000058     TExaS.o (.text._Z10TExaS_InitP10ADC12_RegsjPFhvE)
                  00017340    00000056     libclang_rt.builtins.a : aeabi_idivmod.S.obj (.text.__aeabi_idivmod)
                  00017396    00000002     --HOLE-- [fill = 0]
                  00017398    00000054     Player.o (.text._ZN6Player14printPosessionEh)
                  000173ec    00000054     SlidePot.o (.text._ZN8SlidePot2InEv)
                  00017440    00000054     libc.a : autoinit.c.obj (.text:__TI_auto_init_nobinit)
                  00017494    00000052            : fflush.c.obj (.text.__TI_doflush)
                  000174e6    00000002     --HOLE-- [fill = 0]
                  000174e8    00000050     Lab9HMain.o (.text.__cxx_global_var_init.9)
                  00017538    00000050     libsysbm.a : close.c.obj (.text.close)
                  00017588    0000004c     Player.o (.text._ZN6Player8moveLeftEv)
                  000175d4    0000004c     Player.o (.text._ZN6Player9moveRightEv)
                  00017620    00000048     libsysbm.a : hostclose.c.obj (.text.HOSTclose)
                  00017668    00000048                : hostunlink.c.obj (.text.HOSTunlink)
                  000176b0    00000048     IRxmt.o (.text._Z13IRxmt_OutCharc)
                  000176f8    00000048     SPI.o (.text._Z14SPI_OutCommandc)
                  00017740    00000048     FIFO2.o (.text._ZN5Queue3GetEPc)
                  00017788    00000048     FIFO2.o (.text._ZN5Queue3PutEc)
                  000177d0    00000040     TExaS.o (.text.TIMG7_IRQHandler)
                  00017810    00000040     SPI.o (.text._Z9SPI_Resetv)
                  00017850    00000040     libclang_rt.builtins.a : aeabi_uidivmod.S.obj (.text.__aeabi_uidivmod)
                  00017890    00000040     libc.a : fopen.c.obj (.text._search_fp)
                  000178d0    0000003c     Lab9HMain.o (.text.TIMG12_IRQHandler)
                  0001790c    0000003c     Lab9HMain.o (.text._GLOBAL__sub_I_Lab9HMain.cpp)
                  00017948    0000003c     Sound.o (.text._Z10Sound_Initv)
                  00017984    00000038     SPI.o (.text._Z11SPI_OutDatac)
                  000179bc    00000038     LaunchPad.o (.text._Z15ActivatePortA_Bv)
                  000179f4    00000034     ST7735.o (.text._Z12ST7735_writeiPKcj)
                  00017a28    00000034     Clock.o (.text._Z14Clock_Delay1msj)
                  00017a5c    00000034     ST7735.o (.text._Z16ST7735_SetCursorjj)
                  00017a90    00000034     libc.a : fopen.c.obj (.text.__TI_cleanup)
                  00017ac4    00000034     libsysbm.a : trgmsg.c.obj (.text.__TI_readmsg)
                  00017af8    00000034                : trgmsg.c.obj (.text.__TI_writemsg)
                  00017b2c    00000034     libc.a : exit.c.obj (.text.exit)
                  00017b60    00000034            : getdevice.c.obj (.text.finddevice)
                  00017b94    00000034            : fopen.c.obj (.text.freopen)
                  00017bc8    00000030     ST7735.o (.text._ZL10commonInitPKh)
                  00017bf8    00000030     Lab9HMain.o (.text.__cxx_global_var_init.6)
                  00017c28    00000030     Lab9HMain.o (.text.__cxx_global_var_init.7)
                  00017c58    00000030     Lab9HMain.o (.text.__cxx_global_var_init.8)
                  00017c88    00000030     libc.a : fopen.c.obj (.text.fopen)
                  00017cb8    0000002c     ST7735.o (.text._Z17ST7735_FillScreent)
                  00017ce4    0000002c     libsysbm.a : unlink.c.obj (.text.unlink)
                  00017d10    00000028     IRxmt.o (.text._Z10IRxmt_Initv)
                  00017d38    00000028     TExaS.o (.text._Z9ADC_StartP10ADC12_Regs)
                  00017d60    00000028     Lab9HMain.o (.text.__cxx_global_var_init.5)
                  00017d88    00000028     libc.a : memory.c.obj (.text.free_list_insert)
                  00017db0    00000028     libsysbm.a : write.c.obj (.text.write)
                  00017dd8    00000028     libc.a : boot_cortex_m.c.obj (.text:_c_int00_noargs)
                  00017e00    00000024     SlidePot.o (.text._ZN8SlidePot4SaveEj)
                  00017e24    00000024     Lab9HMain.o (.text.__cxx_global_var_init.10)
                  00017e48    00000024     Lab9HMain.o (.text.__cxx_global_var_init.11)
                  00017e6c    00000024     Lab9HMain.o (.text.__cxx_global_var_init.12)
                  00017e90    00000024     Lab9HMain.o (.text.__cxx_global_var_init.13)
                  00017eb4    00000024     Lab9HMain.o (.text.__cxx_global_var_init.2)
                  00017ed8    00000024     Lab9HMain.o (.text.__cxx_global_var_init.3)
                  00017efc    00000024     Lab9HMain.o (.text.__cxx_global_var_init.4)
                  00017f20    00000022     FIFO2.o (.text._ZN5Queue6IsFullEv)
                  00017f42    00000020     SlidePot.o (.text._ZN8SlidePot4SyncEv)
                  00017f62    0000001e     ST7735.o (.text._ZL9pushColort)
                  00017f80    0000001c     startup_mspm0g3507_ticlang.o (.text.Default_Handler)
                  00017f9c    0000001c     startup_mspm0g3507_ticlang.o (.text.HardFault_Handler)
                  00017fb8    0000001c     UART2.o (.text._Z12UART2_InCharv)
                  00017fd4    0000001c     Switch.o (.text._Z9Switch_Inv)
                  00017ff0    0000001c     Player.o (.text._ZN6PlayerC2Ev)
                  0001800c    0000001c     libc.a : memory.c.obj (.text.free_list_remove)
                  00018028    00000018     Switch.o (.text._Z11Switch_Initv)
                  00018040    00000016     ST7735.o (.text._Z11ST7735_openPKcji)
                  00018056    00000016     ST7735.o (.text._Z11ST7735_readiPcj)
                  0001806c    00000016     libc.a : copy_zero_init.c.obj (.text:decompress:ZI:__TI_zero_init_nomemset)
                  00018082    00000014     FIFO2.o (.text._ZN5Queue7IsEmptyEv)
                  00018096    00000012     Player.o (.text._ZN6Player13setPossessionEh)
                  000180a8    00000012     libc.a : memcpy16.S.obj (.text:TI_memcpy_small)
                  000180ba    00000012            : copy_decompress_none.c.obj (.text:decompress:none)
                  000180cc    00000010     Clock.o (.text._Z11Clock_Delayj)
                  000180dc    00000010     UART2.o (.text._Z12UART2_Enablev)
                  000180ec    00000010     UART2.o (.text._Z13UART2_Disablev)
                  000180fc    00000010     Lab9HMain.o (.text._Z28TExaS_LaunchPadLogicPB27PB26v)
                  0001810c    00000010     FIFO2.o (.text._ZN5QueueC2Ev)
                  0001811c    00000010     Lab9HMain.o (.text.__cxx_global_var_init.1)
                  0001812c    00000010     Lab9HMain.o (.text.__cxx_global_var_init)
                  0001813c    00000010     UART2.o (.text.__cxx_global_var_init)
                  0001814c    0000000e     libc.a : memory.c.obj (.text.OUTLINED_FUNCTION_0)
                  0001815a    0000000e     ST7735.o (.text._Z12ST7735_lseekili)
                  00018168    0000000e     Player.o (.text._ZN6Player7getXPosEv)
                  00018176    0000000e     Player.o (.text._ZN6Player7getYPosEv)
                  00018184    0000000e     SlidePot.o (.text._ZN8SlidePotC2Ev)
                  00018192    0000000e     libsysbm.a : hostrename.c.obj (.text.strcpy)
                  000181a0    0000000e                : hostrename.c.obj (.text.strlen)
                  000181ae    0000000e     libc.a : memset16.S.obj (.text:TI_memset_small)
                  000181bc    0000000c     Clock.o (.text._Z10Clock_Freqv)
                  000181c8    0000000c     ST7735.o (.text._Z13ST7735_renamePKcS0_)
                  000181d4    0000000c     IRxmt.o (.text._Z5Delayj)
                  000181e0    0000000c     Player.o (.text._ZN6Player7getSizeEv)
                  000181ec    0000000c     SlidePot.o (.text._ZN8SlidePot9DistanceXEv)
                  000181f8    0000000c     SlidePot.o (.text._ZN8SlidePot9DistanceYEv)
                  00018204    0000000c     libclang_rt.builtins.a : aeabi_memset.S.obj (.text.__aeabi_memclr)
                  00018210    0000000c     libc.a : memory.c.obj (.text.malloc)
                  0001821c    0000000a     ST7735.o (.text._Z12ST7735_closei)
                  00018226    0000000a     ST7735.o (.text._Z13ST7735_unlinkPKc)
                  00018230    0000000a     Lab9HMain.o (.text._Z8PLL_Initv)
                  0001823a    00000002     --HOLE-- [fill = 0]
                  0001823c    00000008     libclang_rt.builtins.a : aeabi_memcpy.S.obj (.text.__aeabi_memcpy)
                  00018244    00000008     libsysbm.a : remove.c.obj (.text.remove)
                  0001824c    00000004     startup_mspm0g3507_ticlang.o (.text.Reset_Handler)
                  00018250    00000004     libc.a : pre_init.c.obj (.text._system_pre_init)
                  00018254    00000004            : exit.c.obj (.text:abort)
                  00018258    00000008     --HOLE-- [fill = 0]

.cinit     0    00018268    00000108     
                  00018268    000000e3     (.cinit..data.load) [load image, compression = lzss]
                  0001834b    00000001     --HOLE-- [fill = 0]
                  0001834c    0000000c     (__TI_handler_table)
                  00018358    00000008     (.cinit..bss.load) [load image, compression = zero_init]
                  00018360    00000010     (__TI_cinit_table)

.rodata    0    000000c0    00013440     
                  000000c0    00002700     Machine.o (.rodata._ZL9anvilMenu)
                  000027c0    00001680     Machine.o (.rodata._ZL11smelterFail)
                  00003e40    00001680     Machine.o (.rodata._ZL14smelterWorking)
                  000054c0    00001680     Machine.o (.rodata._ZL16smelterHighlight)
                  00006b40    00001680     Machine.o (.rodata._ZL20smelterFailHighlight)
                  000081c0    00001680     Machine.o (.rodata._ZL7smelter)
                  00009840    00000f78     Machine.o (.rodata._ZL12anvilWorking)
                  0000a7b8    00000f78     Machine.o (.rodata._ZL14anvilHighlight)
                  0000b730    00000f78     Machine.o (.rodata._ZL5anvil)
                  0000c6a8    00000f74     Machine.o (.rodata._ZL13cartHighlight)
                  0000d61c    00000f74     Machine.o (.rodata._ZL4cart)
                  0000e590    00000bb0     Machine.o (.rodata._ZL11workingRock)
                  0000f140    00000bb0     Machine.o (.rodata._ZL13highlightRock)
                  0000fcf0    00000bb0     Machine.o (.rodata._ZL4rock)
                  000108a0    00000992     Lab9HMain.o (.rodata._ZL5miner)
                  00011232    000004fb     ST7735.o (.rodata._ZL4Font)
                  0001172d    00000001     --HOLE-- [fill = 0]
                  0001172e    00000348     Machine.o (.rodata._ZL5watch)
                  00011a76    00000320     Machine.o (.rodata._ZL5trash)
                  00011d96    000002d2     Machine.o (.rodata._ZL5sword)
                  00012068    000002ac     Machine.o (.rodata._ZL3key)
                  00012314    000002a0     Machine.o (.rodata._ZL6shield)
                  000125b4    00000220     Machine.o (.rodata._ZL4ring)
                  000127d4    0000018c     Machine.o (.rodata._ZL10rawDiamond)
                  00012960    0000018c     Machine.o (.rodata._ZL10rawEmerald)
                  00012aec    0000018c     Machine.o (.rodata._ZL7rawGold)
                  00012c78    0000018c     Machine.o (.rodata._ZL7rawRuby)
                  00012e04    0000018c     Machine.o (.rodata._ZL9rawSilver)
                  00012f90    0000010e     Machine.o (.rodata._ZL4gold)
                  0001309e    0000010e     Machine.o (.rodata._ZL6silver)
                  000131ac    000000d8     Machine.o (.rodata._ZL4Ruby)
                  00013284    000000d8     Machine.o (.rodata._ZL7Diamond)
                  0001335c    000000d8     Machine.o (.rodata._ZL7Emerald)
                  00013434    0000003b     ST7735.o (.rodata._ZL5Rcmd1)
                  0001346f    0000002b     ST7735.o (.rodata._ZL5Rcmd3)
                  0001349a    00000019     Machine.o (.rodata._ZL7recipes)
                  000134b3    00000016     ST7735.o (.rodata.str1.43788427057889536241)
                  000134c9    0000000d     ST7735.o (.rodata._ZL10Rcmd2green)
                  000134d6    0000000d     ST7735.o (.rodata._ZL8Rcmd2red)
                  000134e3    00000008     ST7735.o (.rodata.str1.54535931475021008601)
                  000134eb    00000007     ST7735.o (.rodata.str1.103567388005067375301)
                  000134f2    00000007     ST7735.o (.rodata.str1.132933244321656697041)
                  000134f9    00000002     ST7735.o (.rodata.str1.18657686242476325171)
                  000134fb    00000005     --HOLE-- [fill = 0]

.init_array 
*          0    00018260    00000008     
                  00018260    00000004     UART2.o (.init_array)
                  00018264    00000004     Lab9HMain.o (.init_array)

.data      0    20200000    00000389     UNINITIALIZED
                  20200000    000000f0     libc.a : defs.c.obj (.data._ftable)
                  202000f0    00000088     Machine.o (.data.sprites)
                  20200178    00000078     libsysbm.a : host_device.c.obj (.data._device)
                  202001f0    00000050                : host_device.c.obj (.data._stream)
                  20200240    00000038     Lab9HMain.o (.data.Counters)
                  20200278    0000002c     UART2.o (.data.FIFO2)
                  202002a4    0000000e     Lab9HMain.o (.data.m_anvil)
                  202002b2    0000000e     Lab9HMain.o (.data.m_cart1)
                  202002c0    0000000e     Lab9HMain.o (.data.m_cart2)
                  202002ce    0000000e     Lab9HMain.o (.data.m_counter1)
                  202002dc    0000000e     Lab9HMain.o (.data.m_counter2)
                  202002ea    0000000e     Lab9HMain.o (.data.m_counter3)
                  202002f8    0000000e     Lab9HMain.o (.data.m_portal)
                  20200306    0000000e     Lab9HMain.o (.data.m_refiner)
                  20200314    0000000e     Lab9HMain.o (.data.m_rock)
                  20200322    0000000e     Lab9HMain.o (.data.m_smelter)
                  20200330    0000000e     Lab9HMain.o (.data.m_todo)
                  2020033e    00000002     ST7735.o (.data.StTextColor)
                  20200340    0000000c     Lab9HMain.o (.data.Sensor)
                  2020034c    00000008     libc.a : exit.c.obj (.data..L_MergedGlobals)
                  20200354    00000008     Lab9HMain.o (.data.p1)
                  2020035c    00000004     Clock.o (.data.BusFreq)
                  20200360    00000004     ST7735.o (.data.StX)
                  20200364    00000004     ST7735.o (.data.StY)
                  20200368    00000004     libc.a : defs.c.obj (.data.__TI_ft_end)
                  2020036c    00000004            : _lock.c.obj (.data._lock)
                  20200370    00000004            : _lock.c.obj (.data._unlock)
                  20200374    00000002     ST7735.o (.data._ZL6_width)
                  20200376    00000002     ST7735.o (.data._ZL7_height)
                  20200378    00000001     Machine.o (.data._ZZN7Machine10updateCartEhE8debounce)
                  20200379    00000001     Machine.o (.data._ZZN7Machine10updateRockEhE10wasWorking)
                  2020037a    00000001     Machine.o (.data._ZZN7Machine11updateAnvilEhE10wasWorking)
                  2020037b    00000001     Machine.o (.data._ZZN7Machine11updateAnvilEhE11anvilLength)
                  2020037c    00000001     Machine.o (.data._ZZN7Machine11updateAnvilEhE12menuDebounce)
                  2020037d    00000001     Machine.o (.data._ZZN7Machine9printCartEvE2in)
                  2020037e    00000001     Machine.o (.data._ZZN7Machine9printCartEvE4sent)
                  2020037f    00000001     Lab9HMain.o (.data.input)
                  20200380    00000001     libsysbm.a : add_device.c.obj (.data.add_device.device_init)
                  20200381    00000001     Machine.o (.data.progH)
                  20200382    00000001     Machine.o (.data.progW)
                  20200383    00000001     --HOLE--
                  20200384    00000001     libc.a : memory.c.obj (.data.memory_is_initialized)
                  20200385    00000003     --HOLE--
                  20200388    00000001     libsysbm.a : open.c.obj (.data.open.stream_init)

.sysmem    0    20200390    00000200     UNINITIALIZED
                  20200390    00000010     libc.a : memory.c.obj (.sysmem)
                  202003a0    000001f0     --HOLE--

.bss       0    20200590    000001e3     UNINITIALIZED
                  20200590    00000120     libsysbm.a : trgmsg.c.obj (.bss:_CIOBUF_)
                  202006b0    000000a0     libc.a : defs.c.obj (.bss.__TI_tmpnams)
                  20200750    00000008     libsysbm.a : hostopen.c.obj (.bss.parmbuf)
                  20200758    00000005     Machine.o (.bss._ZZN7Machine11updateAnvilEhE10AnvilItems)
                  2020075d    00000001     ST7735.o (.bss._ZL8ColStart)
                  2020075e    00000001     ST7735.o (.bss._ZL8Rotation)
                  2020075f    00000001     ST7735.o (.bss._ZL8RowStart)
                  20200760    00000004     UART2.o (.bss.LostData)
                  20200764    00000004     TExaS.o (.bss.TExaSLogic)
                  20200768    00000004     TExaS.o (.bss.TExaSadc)
                  2020076c    00000004     libc.a : memory.c.obj (.bss.sys_free)
                  20200770    00000001     ST7735.o (.bss._ZL8TabColor)
                  20200771    00000001     Lab9HMain.o (.bss.buttons)
                  20200772    00000001     Lab9HMain.o (.bss.menuOpen)

.stack     0    20207e00    00000200     UNINITIALIZED
                  20207e00    00000004     libc.a : boot_cortex_m.c.obj (.stack)
                  20207e04    000001fc     --HOLE--

__llvm_prf_cnts 
*          0    20200000    00000000     UNINITIALIZED

__llvm_prf_bits 
*          0    20200000    00000000     UNINITIALIZED

MODULE SUMMARY

       Module                         code    ro data   rw data
       ------                         ----    -------   -------
    .\
       Machine.o                      5948    75007     150    
       ST7735.o                       3194    1449      18     
       Lab9HMain.o                    1942    2454      233    
       Player.o                       1290    0         0      
       TExaS.o                        720     0         8      
       Clock.o                        516     0         4      
       UART2.o                        420     4         48     
       SPI.o                          440     0         0      
       SlidePot.o                     330     0         0      
       Timer.o                        316     0         0      
       IRxmt.o                        240     0         0      
       FIFO2.o                        214     0         0      
       LaunchPad.o                    180     0         0      
       Sound.o                        62      0         0      
       Switch.o                       52      0         0      
    +--+------------------------------+-------+---------+---------+
       Total:                         15864   78914     461    
                                                               
    .\ticlang\
       startup_mspm0g3507_ticlang.o   60      192       0      
    +--+------------------------------+-------+---------+---------+
       Total:                         60      192       0      
                                                               
    C:\ti\ccs\tools\compiler\ti-cgt-armllvm_4.0.1.LTS\lib\armv6m-ti-none-eabi/c/libc.a
       memory.c.obj                   702     0         5      
       fopen.c.obj                    556     0         0      
       defs.c.obj                     0       0         404    
       setvbuf.c.obj                  224     0         0      
       getdevice.c.obj                160     0         0      
       strcmp-armv6m.S.obj            136     0         0      
       copy_decompress_lzss.c.obj     124     0         0      
       fclose.c.obj                   124     0         0      
       autoinit.c.obj                 84      0         0      
       fflush.c.obj                   82      0         0      
       exit.c.obj                     56      0         8      
       boot_cortex_m.c.obj            40      0         0      
       copy_zero_init.c.obj           22      0         0      
       copy_decompress_none.c.obj     18      0         0      
       memcpy16.S.obj                 18      0         0      
       memset16.S.obj                 14      0         0      
       _lock.c.obj                    2       0         8      
       pre_init.c.obj                 4       0         0      
    +--+------------------------------+-------+---------+---------+
       Total:                         2366    0         425    
                                                               
    C:\ti\ccs\tools\compiler\ti-cgt-armllvm_4.0.1.LTS\lib\armv6m-ti-none-eabi/c/libsysbm.a
       trgmsg.c.obj                   104     0         288    
       add_device.c.obj               236     0         1      
       host_device.c.obj              0       0         200    
       open.c.obj                     160     0         1      
       hostrename.c.obj               136     0         0      
       hostlseek.c.obj                108     0         0      
       hostopen.c.obj                 96      0         8      
       hostread.c.obj                 88      0         0      
       hostwrite.c.obj                88      0         0      
       close.c.obj                    80      0         0      
       hostclose.c.obj                72      0         0      
       hostunlink.c.obj               72      0         0      
       unlink.c.obj                   44      0         0      
       write.c.obj                    40      0         0      
       remove.c.obj                   8       0         0      
    +--+------------------------------+-------+---------+---------+
       Total:                         1332    0         498    
                                                               
    C:\ti\ccs\tools\compiler\ti-cgt-armllvm_4.0.1.LTS\lib\armv6m-ti-none-eabi/libclang_rt.builtins.a
       aeabi_idivmod.S.obj            86      0         0      
       aeabi_uidivmod.S.obj           64      0         0      
       aeabi_memset.S.obj             12      0         0      
       aeabi_memcpy.S.obj             8       0         0      
       aeabi_div0.c.obj               2       0         0      
    +--+------------------------------+-------+---------+---------+
       Total:                         172     0         0      
                                                               
       Heap:                          0       0         512    
       Stack:                         0       0         512    
       Linker Generated:              0       263       0      
    +--+------------------------------+-------+---------+---------+
       Grand Total:                   19794   79369     2408   


LINKER GENERATED COPY TABLES

__TI_cinit_table @ 00018360 records: 2, size/record: 8, table size: 16
	.data: load addr=00018268, load size=000000e3 bytes, run addr=20200000, run size=00000389 bytes, compression=lzss
	.bss: load addr=00018358, load size=00000008 bytes, run addr=20200590, run size=000001e3 bytes, compression=zero_init


LINKER GENERATED HANDLER TABLE

__TI_handler_table @ 0001834c records: 3, size/record: 4, table size: 12
	index: 0, handler: __TI_decompress_lzss
	index: 1, handler: __TI_decompress_none
	index: 2, handler: __TI_zero_init


GLOBAL SYMBOLS: SORTED ALPHABETICALLY BY Name 

address   name                                
-------   ----                                
00017f81  ADC0_IRQHandler                     
00017f81  ADC1_IRQHandler                     
00017f81  AES_IRQHandler                      
2020035c  BusFreq                             
00018254  C$$EXIT                             
00017b25  C$$IO$$                             
00017f81  CANFD0_IRQHandler                   
20200240  Counters                            
00017f81  DAC0_IRQHandler                     
00017f81  DMA_IRQHandler                      
00017f81  Default_Handler                     
20200278  FIFO2                               
00017f81  GROUP0_IRQHandler                   
00017f81  GROUP1_IRQHandler                   
00017621  HOSTclose                           
00016fcd  HOSTlseek                           
000171d9  HOSTopen                            
00017239  HOSTread                            
00017039  HOSTrename                          
00017669  HOSTunlink                          
00017291  HOSTwrite                           
00017f9d  HardFault_Handler                   
00017f81  I2C0_IRQHandler                     
00017f81  I2C1_IRQHandler                     
20200760  LostData                            
00017f81  NMI_Handler                         
00017f81  PendSV_Handler                      
00017f81  RTC_IRQHandler                      
0001824d  Reset_Handler                       
00018260  SHT$$INIT_ARRAY$$Base               
00018268  SHT$$INIT_ARRAY$$Limit              
00017f81  SPI0_IRQHandler                     
00017f81  SPI1_IRQHandler                     
00017f81  SVC_Handler                         
20200340  Sensor                              
2020033e  StTextColor                         
20200360  StX                                 
20200364  StY                                 
00016547  SysTick_Handler                     
20200764  TExaSLogic                          
20200768  TExaSadc                            
00017f81  TIMA0_IRQHandler                    
00017f81  TIMA1_IRQHandler                    
00017f81  TIMG0_IRQHandler                    
000178d1  TIMG12_IRQHandler                   
00017f81  TIMG6_IRQHandler                    
000177d1  TIMG7_IRQHandler                    
00017f81  TIMG8_IRQHandler                    
000180a9  TI_memcpy_small                     
000181af  TI_memset_small                     
00017f81  UART0_IRQHandler                    
00017f81  UART1_IRQHandler                    
00016e75  UART2_IRQHandler                    
00017f81  UART3_IRQHandler                    
20200590  _CIOBUF_                            
000181bd  _Z10Clock_Freqv                     
00017d11  _Z10IRxmt_Initv                     
00017949  _Z10Sound_Initv                     
000172e9  _Z10TExaS_InitP10ADC12_RegsjPFhvE   
000160f1  _Z10UART2_Initv                     
000180cd  _Z11Clock_Delayj                    
00017985  _Z11SPI_OutDatac                    
00018041  _Z11ST7735_openPKcji                
00018057  _Z11ST7735_readiPcj                 
00018029  _Z11Switch_Initv                    
00016721  _Z12ST7735_InitR10initRFlags        
0001821d  _Z12ST7735_closei                   
0001815b  _Z12ST7735_lseekili                 
000179f5  _Z12ST7735_writeiPKcj               
000180dd  _Z12UART2_Enablev                   
00017fb9  _Z12UART2_InCharv                   
000176b1  _Z13IRxmt_OutCharc                  
00016ee9  _Z13IRxmt_SendBiti                  
000181c9  _Z13ST7735_renamePKcS0_             
00018227  _Z13ST7735_unlinkPKc                
000180ed  _Z13UART2_Disablev                  
00017a29  _Z14Clock_Delay1msj                 
00016c11  _Z14LaunchPad_Initv                 
000176f9  _Z14SPI_OutCommandc                 
000161cd  _Z14ST7735_OutCharc                 
000163fd  _Z14TimerG7_IntArmtjj               
000179bd  _Z15ActivatePortA_Bv                
00014991  _Z15Clock_Init80MHzi                
00015835  _Z15ST7735_FillRectsssst            
00016851  _Z15TimerG12_IntArmjj               
00014ea1  _Z16ST7735_DrawCharSsscssh          
00016f5d  _Z16ST7735_DrawPixelsst             
00017a5d  _Z16ST7735_SetCursorjj              
00014781  _Z17ST7735_DrawBitmapssPKtss        
00016a89  _Z17ST7735_DrawStringttPcs          
00017cb9  _Z17ST7735_FillScreent              
000165e9  _Z17ST7735_InitPrintfv              
00015c61  _Z18ST7735_SetRotationh             
0001629d  _Z20ST7735_DrawFastHLinessst        
0001634d  _Z20ST7735_DrawFastVLinessst        
000180fd  _Z28TExaS_LaunchPadLogicPB27PB26v   
000181d5  _Z5Delayj                           
0001570d  _Z8ADC_InitP10ADC12_Regsjj          
00018231  _Z8PLL_Initv                        
00015b69  _Z8SPI_Initv                        
00017d39  _Z9ADC_StartP10ADC12_Regs           
00017811  _Z9SPI_Resetv                       
00017fd5  _Z9Switch_Inv                       
00015e41  _Z9UART_Initv                       
00017741  _ZN5Queue3GetEPc                    
00017789  _ZN5Queue3PutEc                     
00017f21  _ZN5Queue6IsFullEv                  
00018083  _ZN5Queue7IsEmptyEv                 
0001810d  _ZN5QueueC1Ev                       
0001810d  _ZN5QueueC2Ev                       
00018097  _ZN6Player13setPossessionEh         
00016685  _ZN6Player14checkProximityE7Machine 
00017399  _ZN6Player14printPosessionEh        
00016d85  _ZN6Player15getMachineInputE7Machine
00016b8f  _ZN6Player16resetCoordinatesEv      
00015a61  _ZN6Player6moveUpEv                 
000181e1  _ZN6Player7getSizeEv                
00018169  _ZN6Player7getXPosEv                
00018177  _ZN6Player7getYPosEv                
000155e1  _ZN6Player8moveDownEv               
00017589  _ZN6Player8moveLeftEv               
000175d5  _ZN6Player9moveRightEv              
00017ff1  _ZN6PlayerC1Ev                      
00017ff1  _ZN6PlayerC2Ev                      
000167b9  _ZN7Machine10printAnvilEv           
00013de9  _ZN7Machine10updateCartEh           
000144e9  _ZN7Machine10updateRockEh           
000139e1  _ZN7Machine11updateAnvilEh          
00015041  _ZN7Machine12printSmelterEv         
00015331  _ZN7Machine13cartSendErrorEhh       
00014cf5  _ZN7Machine13computeRecipeEPaa      
000141b9  _ZN7Machine13updateSmelterEh        
000151d1  _ZN7Machine15updateAnvilMenuEPaa    
00014b45  _ZN7Machine9printCartEv             
00016dfd  _ZN7Machine9printRockEv             
00017175  _ZN7MachineC1Ehhhhhh                
00016b0d  _ZN7MachineC1Ehhhhhhhhh             
00017175  _ZN7MachineC2Ehhhhhh                
00016b0d  _ZN7MachineC2Ehhhhhhhhh             
000173ed  _ZN8SlidePot2InEv                   
000168e5  _ZN8SlidePot4InitEv                 
00017e01  _ZN8SlidePot4SaveEj                 
00017f43  _ZN8SlidePot4SyncEv                 
000181ed  _ZN8SlidePot9DistanceXEv            
000181f9  _ZN8SlidePot9DistanceYEv            
00018185  _ZN8SlidePotC1Ev                    
00018185  _ZN8SlidePotC2Ev                    
20200590  __CIOBUF_                           
20208000  __STACK_END                         
00000200  __STACK_SIZE                        
00000200  __SYSMEM_SIZE                       
00000000  __TI_ATRegion0_region_sz            
00000000  __TI_ATRegion0_src_addr             
00000000  __TI_ATRegion0_trg_addr             
00000000  __TI_ATRegion1_region_sz            
00000000  __TI_ATRegion1_src_addr             
00000000  __TI_ATRegion1_trg_addr             
00000000  __TI_ATRegion2_region_sz            
00000000  __TI_ATRegion2_src_addr             
00000000  __TI_ATRegion2_trg_addr             
00018360  __TI_CINIT_Base                     
00018370  __TI_CINIT_Limit                    
00018370  __TI_CINIT_Warm                     
0001834c  __TI_Handler_Table_Base             
00018358  __TI_Handler_Table_Limit            
00017441  __TI_auto_init_nobinit              
00017a91  __TI_cleanup                        
2020034c  __TI_cleanup_ptr                    
00016c8d  __TI_closefile                      
00016d09  __TI_decompress_lzss                
000180bb  __TI_decompress_none                
00017495  __TI_doflush                        
20200350  __TI_dtors_ptr                      
20200368  __TI_ft_end                         
ffffffff  __TI_pprof_out_hndl                 
ffffffff  __TI_prof_data_size                 
ffffffff  __TI_prof_data_start                
00017ac5  __TI_readmsg                        
00000000  __TI_static_base__                  
202006b0  __TI_tmpnams                        
00017af9  __TI_writemsg                       
0001806d  __TI_zero_init_nomemset             
00017341  __aeabi_idiv                        
00016c0f  __aeabi_idiv0                       
00017341  __aeabi_idivmod                     
00018205  __aeabi_memclr                      
00018205  __aeabi_memclr4                     
00018205  __aeabi_memclr8                     
0001823d  __aeabi_memcpy                      
0001823d  __aeabi_memcpy4                     
0001823d  __aeabi_memcpy8                     
00017851  __aeabi_uidiv                       
00017851  __aeabi_uidivmod                    
ffffffff  __binit__                           
UNDEFED   __mpu_init                          
20207e00  __stack                             
20200000  __start___llvm_prf_bits             
20200000  __start___llvm_prf_cnts             
20200000  __stop___llvm_prf_bits              
20200000  __stop___llvm_prf_cnts              
00017dd9  _c_int00_noargs                     
20200178  _device                             
20200000  _ftable                             
2020036c  _lock                               
000171d7  _nop                                
202001f0  _stream                             
20200390  _sys_memory                         
UNDEFED   _system_post_cinit                  
00018251  _system_pre_init                    
20200370  _unlock                             
00018255  abort                               
00015d55  add_device                          
0001594d  aligned_alloc                       
ffffffff  binit                               
20200771  buttons                             
00017539  close                               
00017b2d  exit                                
00017b61  finddevice                          
00017c89  fopen                               
00015f29  free                                
00017b95  freopen                             
000170a5  getdevice                           
2020037f  input                               
00000000  interruptVectors                    
202002a4  m_anvil                             
202002b2  m_cart1                             
202002c0  m_cart2                             
202002ce  m_counter1                          
202002dc  m_counter2                          
202002ea  m_counter3                          
202002f8  m_portal                            
20200306  m_refiner                           
20200314  m_rock                              
20200322  m_smelter                           
20200330  m_todo                              
00013501  main                                
00018211  malloc                              
0001594d  memalign                            
20200772  menuOpen                            
00016549  open                                
20200354  p1                                  
20200750  parmbuf                             
20200381  progH                               
20200382  progW                               
00018245  remove                              
00016011  setvbuf                             
202000f0  sprites                             
00016a01  strcmp                              
00017ce5  unlink                              
00017db1  write                               


GLOBAL SYMBOLS: SORTED BY Symbol Address 

address   name                                
-------   ----                                
00000000  __TI_ATRegion0_region_sz            
00000000  __TI_ATRegion0_src_addr             
00000000  __TI_ATRegion0_trg_addr             
00000000  __TI_ATRegion1_region_sz            
00000000  __TI_ATRegion1_src_addr             
00000000  __TI_ATRegion1_trg_addr             
00000000  __TI_ATRegion2_region_sz            
00000000  __TI_ATRegion2_src_addr             
00000000  __TI_ATRegion2_trg_addr             
00000000  __TI_static_base__                  
00000000  interruptVectors                    
00000200  __STACK_SIZE                        
00000200  __SYSMEM_SIZE                       
00013501  main                                
000139e1  _ZN7Machine11updateAnvilEh          
00013de9  _ZN7Machine10updateCartEh           
000141b9  _ZN7Machine13updateSmelterEh        
000144e9  _ZN7Machine10updateRockEh           
00014781  _Z17ST7735_DrawBitmapssPKtss        
00014991  _Z15Clock_Init80MHzi                
00014b45  _ZN7Machine9printCartEv             
00014cf5  _ZN7Machine13computeRecipeEPaa      
00014ea1  _Z16ST7735_DrawCharSsscssh          
00015041  _ZN7Machine12printSmelterEv         
000151d1  _ZN7Machine15updateAnvilMenuEPaa    
00015331  _ZN7Machine13cartSendErrorEhh       
000155e1  _ZN6Player8moveDownEv               
0001570d  _Z8ADC_InitP10ADC12_Regsjj          
00015835  _Z15ST7735_FillRectsssst            
0001594d  aligned_alloc                       
0001594d  memalign                            
00015a61  _ZN6Player6moveUpEv                 
00015b69  _Z8SPI_Initv                        
00015c61  _Z18ST7735_SetRotationh             
00015d55  add_device                          
00015e41  _Z9UART_Initv                       
00015f29  free                                
00016011  setvbuf                             
000160f1  _Z10UART2_Initv                     
000161cd  _Z14ST7735_OutCharc                 
0001629d  _Z20ST7735_DrawFastHLinessst        
0001634d  _Z20ST7735_DrawFastVLinessst        
000163fd  _Z14TimerG7_IntArmtjj               
00016547  SysTick_Handler                     
00016549  open                                
000165e9  _Z17ST7735_InitPrintfv              
00016685  _ZN6Player14checkProximityE7Machine 
00016721  _Z12ST7735_InitR10initRFlags        
000167b9  _ZN7Machine10printAnvilEv           
00016851  _Z15TimerG12_IntArmjj               
000168e5  _ZN8SlidePot4InitEv                 
00016a01  strcmp                              
00016a89  _Z17ST7735_DrawStringttPcs          
00016b0d  _ZN7MachineC1Ehhhhhhhhh             
00016b0d  _ZN7MachineC2Ehhhhhhhhh             
00016b8f  _ZN6Player16resetCoordinatesEv      
00016c0f  __aeabi_idiv0                       
00016c11  _Z14LaunchPad_Initv                 
00016c8d  __TI_closefile                      
00016d09  __TI_decompress_lzss                
00016d85  _ZN6Player15getMachineInputE7Machine
00016dfd  _ZN7Machine9printRockEv             
00016e75  UART2_IRQHandler                    
00016ee9  _Z13IRxmt_SendBiti                  
00016f5d  _Z16ST7735_DrawPixelsst             
00016fcd  HOSTlseek                           
00017039  HOSTrename                          
000170a5  getdevice                           
00017175  _ZN7MachineC1Ehhhhhh                
00017175  _ZN7MachineC2Ehhhhhh                
000171d7  _nop                                
000171d9  HOSTopen                            
00017239  HOSTread                            
00017291  HOSTwrite                           
000172e9  _Z10TExaS_InitP10ADC12_RegsjPFhvE   
00017341  __aeabi_idiv                        
00017341  __aeabi_idivmod                     
00017399  _ZN6Player14printPosessionEh        
000173ed  _ZN8SlidePot2InEv                   
00017441  __TI_auto_init_nobinit              
00017495  __TI_doflush                        
00017539  close                               
00017589  _ZN6Player8moveLeftEv               
000175d5  _ZN6Player9moveRightEv              
00017621  HOSTclose                           
00017669  HOSTunlink                          
000176b1  _Z13IRxmt_OutCharc                  
000176f9  _Z14SPI_OutCommandc                 
00017741  _ZN5Queue3GetEPc                    
00017789  _ZN5Queue3PutEc                     
000177d1  TIMG7_IRQHandler                    
00017811  _Z9SPI_Resetv                       
00017851  __aeabi_uidiv                       
00017851  __aeabi_uidivmod                    
000178d1  TIMG12_IRQHandler                   
00017949  _Z10Sound_Initv                     
00017985  _Z11SPI_OutDatac                    
000179bd  _Z15ActivatePortA_Bv                
000179f5  _Z12ST7735_writeiPKcj               
00017a29  _Z14Clock_Delay1msj                 
00017a5d  _Z16ST7735_SetCursorjj              
00017a91  __TI_cleanup                        
00017ac5  __TI_readmsg                        
00017af9  __TI_writemsg                       
00017b25  C$$IO$$                             
00017b2d  exit                                
00017b61  finddevice                          
00017b95  freopen                             
00017c89  fopen                               
00017cb9  _Z17ST7735_FillScreent              
00017ce5  unlink                              
00017d11  _Z10IRxmt_Initv                     
00017d39  _Z9ADC_StartP10ADC12_Regs           
00017db1  write                               
00017dd9  _c_int00_noargs                     
00017e01  _ZN8SlidePot4SaveEj                 
00017f21  _ZN5Queue6IsFullEv                  
00017f43  _ZN8SlidePot4SyncEv                 
00017f81  ADC0_IRQHandler                     
00017f81  ADC1_IRQHandler                     
00017f81  AES_IRQHandler                      
00017f81  CANFD0_IRQHandler                   
00017f81  DAC0_IRQHandler                     
00017f81  DMA_IRQHandler                      
00017f81  Default_Handler                     
00017f81  GROUP0_IRQHandler                   
00017f81  GROUP1_IRQHandler                   
00017f81  I2C0_IRQHandler                     
00017f81  I2C1_IRQHandler                     
00017f81  NMI_Handler                         
00017f81  PendSV_Handler                      
00017f81  RTC_IRQHandler                      
00017f81  SPI0_IRQHandler                     
00017f81  SPI1_IRQHandler                     
00017f81  SVC_Handler                         
00017f81  TIMA0_IRQHandler                    
00017f81  TIMA1_IRQHandler                    
00017f81  TIMG0_IRQHandler                    
00017f81  TIMG6_IRQHandler                    
00017f81  TIMG8_IRQHandler                    
00017f81  UART0_IRQHandler                    
00017f81  UART1_IRQHandler                    
00017f81  UART3_IRQHandler                    
00017f9d  HardFault_Handler                   
00017fb9  _Z12UART2_InCharv                   
00017fd5  _Z9Switch_Inv                       
00017ff1  _ZN6PlayerC1Ev                      
00017ff1  _ZN6PlayerC2Ev                      
00018029  _Z11Switch_Initv                    
00018041  _Z11ST7735_openPKcji                
00018057  _Z11ST7735_readiPcj                 
0001806d  __TI_zero_init_nomemset             
00018083  _ZN5Queue7IsEmptyEv                 
00018097  _ZN6Player13setPossessionEh         
000180a9  TI_memcpy_small                     
000180bb  __TI_decompress_none                
000180cd  _Z11Clock_Delayj                    
000180dd  _Z12UART2_Enablev                   
000180ed  _Z13UART2_Disablev                  
000180fd  _Z28TExaS_LaunchPadLogicPB27PB26v   
0001810d  _ZN5QueueC1Ev                       
0001810d  _ZN5QueueC2Ev                       
0001815b  _Z12ST7735_lseekili                 
00018169  _ZN6Player7getXPosEv                
00018177  _ZN6Player7getYPosEv                
00018185  _ZN8SlidePotC1Ev                    
00018185  _ZN8SlidePotC2Ev                    
000181af  TI_memset_small                     
000181bd  _Z10Clock_Freqv                     
000181c9  _Z13ST7735_renamePKcS0_             
000181d5  _Z5Delayj                           
000181e1  _ZN6Player7getSizeEv                
000181ed  _ZN8SlidePot9DistanceXEv            
000181f9  _ZN8SlidePot9DistanceYEv            
00018205  __aeabi_memclr                      
00018205  __aeabi_memclr4                     
00018205  __aeabi_memclr8                     
00018211  malloc                              
0001821d  _Z12ST7735_closei                   
00018227  _Z13ST7735_unlinkPKc                
00018231  _Z8PLL_Initv                        
0001823d  __aeabi_memcpy                      
0001823d  __aeabi_memcpy4                     
0001823d  __aeabi_memcpy8                     
00018245  remove                              
0001824d  Reset_Handler                       
00018251  _system_pre_init                    
00018254  C$$EXIT                             
00018255  abort                               
00018260  SHT$$INIT_ARRAY$$Base               
00018268  SHT$$INIT_ARRAY$$Limit              
0001834c  __TI_Handler_Table_Base             
00018358  __TI_Handler_Table_Limit            
00018360  __TI_CINIT_Base                     
00018370  __TI_CINIT_Limit                    
00018370  __TI_CINIT_Warm                     
20200000  __start___llvm_prf_bits             
20200000  __start___llvm_prf_cnts             
20200000  __stop___llvm_prf_bits              
20200000  __stop___llvm_prf_cnts              
20200000  _ftable                             
202000f0  sprites                             
20200178  _device                             
202001f0  _stream                             
20200240  Counters                            
20200278  FIFO2                               
202002a4  m_anvil                             
202002b2  m_cart1                             
202002c0  m_cart2                             
202002ce  m_counter1                          
202002dc  m_counter2                          
202002ea  m_counter3                          
202002f8  m_portal                            
20200306  m_refiner                           
20200314  m_rock                              
20200322  m_smelter                           
20200330  m_todo                              
2020033e  StTextColor                         
20200340  Sensor                              
2020034c  __TI_cleanup_ptr                    
20200350  __TI_dtors_ptr                      
20200354  p1                                  
2020035c  BusFreq                             
20200360  StX                                 
20200364  StY                                 
20200368  __TI_ft_end                         
2020036c  _lock                               
20200370  _unlock                             
2020037f  input                               
20200381  progH                               
20200382  progW                               
20200390  _sys_memory                         
20200590  _CIOBUF_                            
20200590  __CIOBUF_                           
202006b0  __TI_tmpnams                        
20200750  parmbuf                             
20200760  LostData                            
20200764  TExaSLogic                          
20200768  TExaSadc                            
20200771  buttons                             
20200772  menuOpen                            
20207e00  __stack                             
20208000  __STACK_END                         
ffffffff  __TI_pprof_out_hndl                 
ffffffff  __TI_prof_data_size                 
ffffffff  __TI_prof_data_start                
ffffffff  __binit__                           
ffffffff  binit                               
UNDEFED   __mpu_init                          
UNDEFED   _system_post_cinit                  

[250 symbols]
