******************************************************************************
            TI ARM Clang Linker PC v4.0.1                      
******************************************************************************
>> Linked Sat Apr 12 21:42:28 2025

OUTPUT FILE NAME:   <MadMines.out>
ENTRY POINT SYMBOL: "_c_int00_noargs"  address: 00008b89


MEMORY CONFIGURATION

         name            origin    length      used     unused   attr    fill
----------------------  --------  ---------  --------  --------  ----  --------
  FLASH                 00000000   00020000  00008f58  000170a8  R  X
  SRAM                  20200000   00008000  000007e6  0000781a  RW X
  BCR_CONFIG            41c00000   00000080  00000000  00000080  R   
  BSL_CONFIG            41c00100   00000080  00000000  00000080  R   


SEGMENT ALLOCATION MAP

run origin  load origin   length   init length attrs members
----------  ----------- ---------- ----------- ----- -------
00000000    00000000    00008f58   00008f58    r-x
  00000000    00000000    000000c0   000000c0    r-- .intvecs
  000000c0    000000c0    00005f78   00005f78    r-- .rodata
  00006038    00006038    00000008   00000008    r-- .init_array
  00006040    00006040    00002e80   00002e80    r-x .text
  00008ec0    00008ec0    00000098   00000098    r-- .cinit
20200000    20200000    000005e9   00000000    rw-
  20200000    20200000    0000020d   00000000    rw- .data
  20200210    20200210    00000200   00000000    rw- .sysmem
  20200410    20200410    000001d9   00000000    rw- .bss
20207e00    20207e00    00000200   00000000    rw-
  20207e00    20207e00    00000200   00000000    rw- .stack


SECTION ALLOCATION MAP

 output                                  attributes/
section   page    origin      length       input sections
--------  ----  ----------  ----------   ----------------
.intvecs   0    00000000    000000c0     
                  00000000    000000c0     startup_mspm0g3507_ticlang.o (.intvecs)

.binit     0    00000000    00000000     

.text      0    00006040    00002e80     
                  00006040    00000210     ST7735.o (.text._Z17ST7735_DrawBitmapssPKtss)
                  00006250    00000208     Lab9HMain.o (.text.main)
                  00006458    000001f8     Machine.o (.text._ZN7Machine13updateRefinerEh)
                  00006650    000001b4     Clock.o (.text._Z15Clock_Init80MHzi)
                  00006804    000001a0     ST7735.o (.text._Z16ST7735_DrawCharSsscssh)
                  000069a4    00000154     libc.a : fopen.c.obj (.text._openfile)
                  00006af8    0000012c     Player.o (.text._ZN6Player8moveDownEv)
                  00006c24    00000128     TExaS.o (.text._Z8ADC_InitP10ADC12_Regsjj)
                  00006d4c    00000118     ST7735.o (.text._Z15ST7735_FillRectsssst)
                  00006e64    00000114     libc.a : memory.c.obj (.text.aligned_alloc)
                  00006f78    00000108     Player.o (.text._ZN6Player6moveUpEv)
                  00007080    000000f8     SPI.o (.text._Z8SPI_Initv)
                  00007178    000000f4     ST7735.o (.text._Z18ST7735_SetRotationh)
                  0000726c    000000ec     libsysbm.a : add_device.c.obj (.text.add_device)
                  00007358    000000e8     TExaS.o (.text._Z9UART_Initv)
                  00007440    000000e8     libc.a : memory.c.obj (.text.free)
                  00007528    000000e0            : setvbuf.c.obj (.text.setvbuf)
                  00007608    000000d0     ST7735.o (.text._Z14ST7735_OutCharc)
                  000076d8    000000a8     Timer.o (.text._Z14TimerG7_IntArmtjj)
                  00007780    000000a6     Player.o (.text._ZN6Player14checkProximityE7Machine)
                  00007826    000000a6     Player.o (.text._ZN6Player15getMachineInputE7Machine)
                  000078cc    000000a2     ST7735.o (.text._ZL11commandListPKh)
                  0000796e    00000002     Sound.o (.text.SysTick_Handler)
                  00007970    000000a0     libsysbm.a : open.c.obj (.text.open)
                  00007a10    0000009c     ST7735.o (.text._Z17ST7735_InitPrintfv)
                  00007aac    00000098     ST7735.o (.text._Z12ST7735_InitR10initRFlags)
                  00007b44    00000094     Timer.o (.text._Z15TimerG12_IntArmjj)
                  00007bd8    0000008c     SlidePot.o (.text._ZN8SlidePot4InitEv)
                  00007c64    00000088     ST7735.o (.text._ZL13setAddrWindowhhhh)
                  00007cec    00000004     libc.a : pre_init.c.obj (.text._system_pre_init)
                  00007cf0    00000088            : strcmp-armv6m.S.obj (.text:strcmp)
                  00007d78    00000084     ST7735.o (.text._Z17ST7735_DrawStringttPcs)
                  00007dfc    00000080     Player.o (.text._ZN6Player16resetCoordinatesEv)
                  00007e7c    0000007c     LaunchPad.o (.text._Z14LaunchPad_Initv)
                  00007ef8    0000007c     libc.a : fclose.c.obj (.text.__TI_closefile)
                  00007f74    0000007c            : copy_decompress_lzss.c.obj (.text:decompress:lzss)
                  00007ff0    00000070     ST7735.o (.text._Z16ST7735_DrawPixelsst)
                  00008060    00000070     Machine.o (.text._ZN7Machine12printRefinerEh)
                  000080d0    0000006c     libsysbm.a : hostlseek.c.obj (.text.HOSTlseek)
                  0000813c    0000006c                : hostrename.c.obj (.text.HOSTrename)
                  000081a8    0000006c     libc.a : getdevice.c.obj (.text.getdevice)
                  00008214    00000064            : memory.c.obj (.text.split)
                  00008278    00000060     libsysbm.a : hostopen.c.obj (.text.HOSTopen)
                  000082d8    00000058                : hostread.c.obj (.text.HOSTread)
                  00008330    00000058                : hostwrite.c.obj (.text.HOSTwrite)
                  00008388    00000058     TExaS.o (.text._Z10TExaS_InitP10ADC12_RegsjPFhvE)
                  000083e0    00000054     SlidePot.o (.text._ZN8SlidePot2InEv)
                  00008434    00000054     libc.a : autoinit.c.obj (.text:__TI_auto_init_nobinit)
                  00008488    00000052            : fflush.c.obj (.text.__TI_doflush)
                  000084da    00000002     Sound.o (.text._Z10Sound_Initv)
                  000084dc    00000050     libsysbm.a : close.c.obj (.text.close)
                  0000852c    0000004c     Player.o (.text._ZN6Player8moveLeftEv)
                  00008578    0000004c     Player.o (.text._ZN6Player9moveRightEv)
                  000085c4    00000048     libsysbm.a : hostclose.c.obj (.text.HOSTclose)
                  0000860c    00000048                : hostunlink.c.obj (.text.HOSTunlink)
                  00008654    00000048     SPI.o (.text._Z14SPI_OutCommandc)
                  0000869c    00000040     TExaS.o (.text.TIMG7_IRQHandler)
                  000086dc    00000040     SPI.o (.text._Z9SPI_Resetv)
                  0000871c    00000040     libclang_rt.builtins.a : aeabi_uidivmod.S.obj (.text.__aeabi_uidivmod)
                  0000875c    00000040     libc.a : fopen.c.obj (.text._search_fp)
                  0000879c    0000003c     Lab9HMain.o (.text.TIMG12_IRQHandler)
                  000087d8    0000003a     Machine.o (.text._ZN7MachineC2Ehhhh)
                  00008812    00000002     libclang_rt.builtins.a : aeabi_div0.c.obj (.text.__aeabi_idiv0)
                  00008814    00000038     SPI.o (.text._Z11SPI_OutDatac)
                  0000884c    00000038     LaunchPad.o (.text._Z15ActivatePortA_Bv)
                  00008884    00000034     ST7735.o (.text._Z12ST7735_writeiPKcj)
                  000088b8    00000034     Clock.o (.text._Z14Clock_Delay1msj)
                  000088ec    00000034     ST7735.o (.text._Z16ST7735_SetCursorjj)
                  00008920    00000034     libc.a : fopen.c.obj (.text.__TI_cleanup)
                  00008954    00000034     libsysbm.a : trgmsg.c.obj (.text.__TI_readmsg)
                  00008988    00000034                : trgmsg.c.obj (.text.__TI_writemsg)
                  000089bc    00000034     libc.a : exit.c.obj (.text.exit)
                  000089f0    00000034            : getdevice.c.obj (.text.finddevice)
                  00008a24    00000034            : fopen.c.obj (.text.freopen)
                  00008a58    00000030     ST7735.o (.text._ZL10commonInitPKh)
                  00008a88    00000030     libc.a : fopen.c.obj (.text.fopen)
                  00008ab8    0000002c     ST7735.o (.text._Z17ST7735_FillScreent)
                  00008ae4    0000002c     libsysbm.a : unlink.c.obj (.text.unlink)
                  00008b10    00000028     TExaS.o (.text._Z9ADC_StartP10ADC12_Regs)
                  00008b38    00000028     libc.a : memory.c.obj (.text.free_list_insert)
                  00008b60    00000028     libsysbm.a : write.c.obj (.text.write)
                  00008b88    00000028     libc.a : boot_cortex_m.c.obj (.text:_c_int00_noargs)
                  00008bb0    00000024     SlidePot.o (.text._ZN8SlidePot4SaveEj)
                  00008bd4    00000020     SlidePot.o (.text._ZN8SlidePot4SyncEv)
                  00008bf4    0000001e     ST7735.o (.text._ZL9pushColort)
                  00008c12    00000002     libc.a : _lock.c.obj (.text._nop)
                  00008c14    0000001c     startup_mspm0g3507_ticlang.o (.text.Default_Handler)
                  00008c30    0000001c     startup_mspm0g3507_ticlang.o (.text.HardFault_Handler)
                  00008c4c    0000001c     Switch.o (.text._Z9Switch_Inv)
                  00008c68    0000001c     Player.o (.text._ZN6PlayerC2Ev)
                  00008c84    0000001c     Lab9HMain.o (.text.__cxx_global_var_init.2)
                  00008ca0    0000001c     Lab9HMain.o (.text.__cxx_global_var_init.3)
                  00008cbc    0000001c     libc.a : memory.c.obj (.text.free_list_remove)
                  00008cd8    00000018     Switch.o (.text._Z11Switch_Initv)
                  00008cf0    00000016     ST7735.o (.text._Z11ST7735_openPKcji)
                  00008d06    00000016     ST7735.o (.text._Z11ST7735_readiPcj)
                  00008d1c    00000016     libc.a : copy_zero_init.c.obj (.text:decompress:ZI:__TI_zero_init_nomemset)
                  00008d32    00000014     Lab9HMain.o (.text._GLOBAL__sub_I_Lab9HMain.cpp)
                  00008d46    00000012     Player.o (.text._ZN6Player13setPossessionEh)
                  00008d58    00000012     libc.a : memcpy16.S.obj (.text:TI_memcpy_small)
                  00008d6a    00000012            : copy_decompress_none.c.obj (.text:decompress:none)
                  00008d7c    00000010     Clock.o (.text._Z11Clock_Delayj)
                  00008d8c    00000010     Lab9HMain.o (.text._Z28TExaS_LaunchPadLogicPB27PB26v)
                  00008d9c    00000010     Lab9HMain.o (.text.__cxx_global_var_init.1)
                  00008dac    00000010     Lab9HMain.o (.text.__cxx_global_var_init)
                  00008dbc    0000000e     libc.a : memory.c.obj (.text.OUTLINED_FUNCTION_0)
                  00008dca    0000000e     ST7735.o (.text._Z12ST7735_lseekili)
                  00008dd8    0000000e     Player.o (.text._ZN6Player7getXPosEv)
                  00008de6    0000000e     Player.o (.text._ZN6Player7getYPosEv)
                  00008df4    0000000e     SlidePot.o (.text._ZN8SlidePotC2Ev)
                  00008e02    0000000e     libsysbm.a : hostrename.c.obj (.text.strcpy)
                  00008e10    0000000e                : hostrename.c.obj (.text.strlen)
                  00008e1e    0000000e     libc.a : memset16.S.obj (.text:TI_memset_small)
                  00008e2c    0000000c     Clock.o (.text._Z10Clock_Freqv)
                  00008e38    0000000c     ST7735.o (.text._Z13ST7735_renamePKcS0_)
                  00008e44    0000000c     Player.o (.text._ZN6Player7getSizeEv)
                  00008e50    0000000c     SlidePot.o (.text._ZN8SlidePot9DistanceXEv)
                  00008e5c    0000000c     SlidePot.o (.text._ZN8SlidePot9DistanceYEv)
                  00008e68    0000000c     libclang_rt.builtins.a : aeabi_memset.S.obj (.text.__aeabi_memclr)
                  00008e74    0000000c     libc.a : memory.c.obj (.text.malloc)
                  00008e80    0000000a     ST7735.o (.text._Z12ST7735_closei)
                  00008e8a    0000000a     ST7735.o (.text._Z13ST7735_unlinkPKc)
                  00008e94    0000000a     Lab9HMain.o (.text._Z8PLL_Initv)
                  00008e9e    00000002     --HOLE-- [fill = 0]
                  00008ea0    00000008     libclang_rt.builtins.a : aeabi_memcpy.S.obj (.text.__aeabi_memcpy)
                  00008ea8    00000008     libsysbm.a : remove.c.obj (.text.remove)
                  00008eb0    00000004     startup_mspm0g3507_ticlang.o (.text.Reset_Handler)
                  00008eb4    00000004     libc.a : exit.c.obj (.text:abort)
                  00008eb8    00000008     --HOLE-- [fill = 0]

.cinit     0    00008ec0    00000098     
                  00008ec0    0000006f     (.cinit..data.load) [load image, compression = lzss]
                  00008f2f    00000001     --HOLE-- [fill = 0]
                  00008f30    0000000c     (__TI_handler_table)
                  00008f3c    00000008     (.cinit..bss.load) [load image, compression = zero_init]
                  00008f44    00000010     (__TI_cinit_table)
                  00008f54    00000004     --HOLE-- [fill = 0]

.rodata    0    000000c0    00005f78     
                  000000c0    00001f40     Lab9HMain.o (.rodata._ZL4todo)
                  00002000    000010ae     Machine.o (.rodata._ZL14refinerWorking)
                  000030ae    000010ae     Machine.o (.rodata._ZL16refinerHighlight)
                  0000415c    000010ae     Machine.o (.rodata._ZL7refiner)
                  0000520a    00000882     Lab9HMain.o (.rodata._ZL5miner)
                  00005a8c    000004fb     ST7735.o (.rodata._ZL4Font)
                  00005f87    0000003b     ST7735.o (.rodata._ZL5Rcmd1)
                  00005fc2    0000002b     ST7735.o (.rodata._ZL5Rcmd3)
                  00005fed    00000016     ST7735.o (.rodata.str1.43788427057889536241)
                  00006003    0000000d     ST7735.o (.rodata._ZL10Rcmd2green)
                  00006010    0000000d     ST7735.o (.rodata._ZL8Rcmd2red)
                  0000601d    00000008     ST7735.o (.rodata.str1.54535931475021008601)
                  00006025    00000007     ST7735.o (.rodata.str1.103567388005067375301)
                  0000602c    00000007     ST7735.o (.rodata.str1.132933244321656697041)
                  00006033    00000002     ST7735.o (.rodata.str1.18657686242476325171)
                  00006035    00000003     --HOLE-- [fill = 0]

.init_array 
*          0    00006038    00000008     
                  00006038    00000004     Lab9HMain.o (.init_array)
                  0000603c    00000004     --HOLE-- [fill = 0]

.data      0    20200000    0000020d     UNINITIALIZED
                  20200000    000000f0     libc.a : defs.c.obj (.data._ftable)
                  202000f0    00000078     libsysbm.a : host_device.c.obj (.data._device)
                  20200168    00000050                : host_device.c.obj (.data._stream)
                  202001b8    0000000c     Lab9HMain.o (.data.Sensor)
                  202001c4    00000008     libc.a : exit.c.obj (.data..L_MergedGlobals)
                  202001cc    00000008     Lab9HMain.o (.data.m_anvil)
                  202001d4    00000008     Lab9HMain.o (.data.m_refiner)
                  202001dc    00000008     Lab9HMain.o (.data.p1)
                  202001e4    00000004     Clock.o (.data.BusFreq)
                  202001e8    00000004     ST7735.o (.data.StX)
                  202001ec    00000004     ST7735.o (.data.StY)
                  202001f0    00000004     libc.a : defs.c.obj (.data.__TI_ft_end)
                  202001f4    00000004            : _lock.c.obj (.data._lock)
                  202001f8    00000004            : _lock.c.obj (.data._unlock)
                  202001fc    00000002     ST7735.o (.data.StTextColor)
                  202001fe    00000002     ST7735.o (.data._ZL6_width)
                  20200200    00000002     ST7735.o (.data._ZL7_height)
                  20200202    00000001     Lab9HMain.o (.data.input)
                  20200203    00000001     --HOLE--
                  20200204    00000001     libsysbm.a : add_device.c.obj (.data.add_device.device_init)
                  20200205    00000003     --HOLE--
                  20200208    00000001     libc.a : memory.c.obj (.data.memory_is_initialized)
                  20200209    00000003     --HOLE--
                  2020020c    00000001     libsysbm.a : open.c.obj (.data.open.stream_init)

.sysmem    0    20200210    00000200     UNINITIALIZED
                  20200210    00000010     libc.a : memory.c.obj (.sysmem)
                  20200220    000001f0     --HOLE--

.bss       0    20200410    000001d9     UNINITIALIZED
                  20200410    00000120     libsysbm.a : trgmsg.c.obj (.bss:_CIOBUF_)
                  20200530    000000a0     libc.a : defs.c.obj (.bss.__TI_tmpnams)
                  202005d0    00000008     libsysbm.a : hostopen.c.obj (.bss.parmbuf)
                  202005d8    00000004     TExaS.o (.bss.TExaSLogic)
                  202005dc    00000004     TExaS.o (.bss.TExaSadc)
                  202005e0    00000004     libc.a : memory.c.obj (.bss.sys_free)
                  202005e4    00000001     ST7735.o (.bss._ZL8ColStart)
                  202005e5    00000001     ST7735.o (.bss._ZL8Rotation)
                  202005e6    00000001     ST7735.o (.bss._ZL8RowStart)
                  202005e7    00000001     ST7735.o (.bss._ZL8TabColor)
                  202005e8    00000001     Lab9HMain.o (.bss.key)

.stack     0    20207e00    00000200     UNINITIALIZED
                  20207e00    00000004     libc.a : boot_cortex_m.c.obj (.stack)
                  20207e04    000001fc     --HOLE--

__llvm_prf_cnts 
*          0    20200000    00000000     UNINITIALIZED

__llvm_prf_bits 
*          0    20200000    00000000     UNINITIALIZED

MODULE SUMMARY

       Module                         code    ro data   rw data
       ------                         ----    -------   -------
    .\
       Machine.o                      674     12810     0      
       Lab9HMain.o                    714     10182     38     
       ST7735.o                       2842    1449      18     
       Player.o                       1262    0         0      
       TExaS.o                        720     0         8      
       Clock.o                        516     0         4      
       SPI.o                          440     0         0      
       SlidePot.o                     330     0         0      
       Timer.o                        316     0         0      
       LaunchPad.o                    180     0         0      
       Switch.o                       52      0         0      
       Sound.o                        4       0         0      
    +--+------------------------------+-------+---------+---------+
       Total:                         8050    24441     68     
                                                               
    .\ticlang\
       startup_mspm0g3507_ticlang.o   60      192       0      
    +--+------------------------------+-------+---------+---------+
       Total:                         60      192       0      
                                                               
    C:\ti\ccs\tools\compiler\ti-cgt-armllvm_4.0.1.LTS\lib\armv6m-ti-none-eabi/c/libc.a
       memory.c.obj                   702     0         5      
       fopen.c.obj                    556     0         0      
       defs.c.obj                     0       0         404    
       setvbuf.c.obj                  224     0         0      
       getdevice.c.obj                160     0         0      
       strcmp-armv6m.S.obj            136     0         0      
       copy_decompress_lzss.c.obj     124     0         0      
       fclose.c.obj                   124     0         0      
       autoinit.c.obj                 84      0         0      
       fflush.c.obj                   82      0         0      
       exit.c.obj                     56      0         8      
       boot_cortex_m.c.obj            40      0         0      
       copy_zero_init.c.obj           22      0         0      
       copy_decompress_none.c.obj     18      0         0      
       memcpy16.S.obj                 18      0         0      
       memset16.S.obj                 14      0         0      
       _lock.c.obj                    2       0         8      
       pre_init.c.obj                 4       0         0      
    +--+------------------------------+-------+---------+---------+
       Total:                         2366    0         425    
                                                               
    C:\ti\ccs\tools\compiler\ti-cgt-armllvm_4.0.1.LTS\lib\armv6m-ti-none-eabi/c/libsysbm.a
       trgmsg.c.obj                   104     0         288    
       add_device.c.obj               236     0         1      
       host_device.c.obj              0       0         200    
       open.c.obj                     160     0         1      
       hostrename.c.obj               136     0         0      
       hostlseek.c.obj                108     0         0      
       hostopen.c.obj                 96      0         8      
       hostread.c.obj                 88      0         0      
       hostwrite.c.obj                88      0         0      
       close.c.obj                    80      0         0      
       hostclose.c.obj                72      0         0      
       hostunlink.c.obj               72      0         0      
       unlink.c.obj                   44      0         0      
       write.c.obj                    40      0         0      
       remove.c.obj                   8       0         0      
    +--+------------------------------+-------+---------+---------+
       Total:                         1332    0         498    
                                                               
    C:\ti\ccs\tools\compiler\ti-cgt-armllvm_4.0.1.LTS\lib\armv6m-ti-none-eabi/libclang_rt.builtins.a
       aeabi_uidivmod.S.obj           64      0         0      
       aeabi_memset.S.obj             12      0         0      
       aeabi_memcpy.S.obj             8       0         0      
       aeabi_div0.c.obj               2       0         0      
    +--+------------------------------+-------+---------+---------+
       Total:                         86      0         0      
                                                               
       Heap:                          0       0         512    
       Stack:                         0       0         512    
       Linker Generated:              0       147       0      
    +--+------------------------------+-------+---------+---------+
       Grand Total:                   11894   24780     2015   


LINKER GENERATED COPY TABLES

__TI_cinit_table @ 00008f44 records: 2, size/record: 8, table size: 16
	.data: load addr=00008ec0, load size=0000006f bytes, run addr=20200000, run size=0000020d bytes, compression=lzss
	.bss: load addr=00008f3c, load size=00000008 bytes, run addr=20200410, run size=000001d9 bytes, compression=zero_init


LINKER GENERATED HANDLER TABLE

__TI_handler_table @ 00008f30 records: 3, size/record: 4, table size: 12
	index: 0, handler: __TI_decompress_lzss
	index: 1, handler: __TI_decompress_none
	index: 2, handler: __TI_zero_init


GLOBAL SYMBOLS: SORTED ALPHABETICALLY BY Name 

address   name                                
-------   ----                                
00008c15  ADC0_IRQHandler                     
00008c15  ADC1_IRQHandler                     
00008c15  AES_IRQHandler                      
202001e4  BusFreq                             
00008eb4  C$$EXIT                             
000089b5  C$$IO$$                             
00008c15  CANFD0_IRQHandler                   
00008c15  DAC0_IRQHandler                     
00008c15  DMA_IRQHandler                      
00008c15  Default_Handler                     
00008c15  GROUP0_IRQHandler                   
00008c15  GROUP1_IRQHandler                   
000085c5  HOSTclose                           
000080d1  HOSTlseek                           
00008279  HOSTopen                            
000082d9  HOSTread                            
0000813d  HOSTrename                          
0000860d  HOSTunlink                          
00008331  HOSTwrite                           
00008c31  HardFault_Handler                   
00008c15  I2C0_IRQHandler                     
00008c15  I2C1_IRQHandler                     
00008c15  NMI_Handler                         
00008c15  PendSV_Handler                      
00008c15  RTC_IRQHandler                      
00008eb1  Reset_Handler                       
00006038  SHT$$INIT_ARRAY$$Base               
0000603c  SHT$$INIT_ARRAY$$Limit              
00008c15  SPI0_IRQHandler                     
00008c15  SPI1_IRQHandler                     
00008c15  SVC_Handler                         
202001b8  Sensor                              
202001fc  StTextColor                         
202001e8  StX                                 
202001ec  StY                                 
0000796f  SysTick_Handler                     
202005d8  TExaSLogic                          
202005dc  TExaSadc                            
00008c15  TIMA0_IRQHandler                    
00008c15  TIMA1_IRQHandler                    
00008c15  TIMG0_IRQHandler                    
0000879d  TIMG12_IRQHandler                   
00008c15  TIMG6_IRQHandler                    
0000869d  TIMG7_IRQHandler                    
00008c15  TIMG8_IRQHandler                    
00008d59  TI_memcpy_small                     
00008e1f  TI_memset_small                     
00008c15  UART0_IRQHandler                    
00008c15  UART1_IRQHandler                    
00008c15  UART2_IRQHandler                    
00008c15  UART3_IRQHandler                    
20200410  _CIOBUF_                            
00008e2d  _Z10Clock_Freqv                     
000084db  _Z10Sound_Initv                     
00008389  _Z10TExaS_InitP10ADC12_RegsjPFhvE   
00008d7d  _Z11Clock_Delayj                    
00008815  _Z11SPI_OutDatac                    
00008cf1  _Z11ST7735_openPKcji                
00008d07  _Z11ST7735_readiPcj                 
00008cd9  _Z11Switch_Initv                    
00007aad  _Z12ST7735_InitR10initRFlags        
00008e81  _Z12ST7735_closei                   
00008dcb  _Z12ST7735_lseekili                 
00008885  _Z12ST7735_writeiPKcj               
00008e39  _Z13ST7735_renamePKcS0_             
00008e8b  _Z13ST7735_unlinkPKc                
000088b9  _Z14Clock_Delay1msj                 
00007e7d  _Z14LaunchPad_Initv                 
00008655  _Z14SPI_OutCommandc                 
00007609  _Z14ST7735_OutCharc                 
000076d9  _Z14TimerG7_IntArmtjj               
0000884d  _Z15ActivatePortA_Bv                
00006651  _Z15Clock_Init80MHzi                
00006d4d  _Z15ST7735_FillRectsssst            
00007b45  _Z15TimerG12_IntArmjj               
00006805  _Z16ST7735_DrawCharSsscssh          
00007ff1  _Z16ST7735_DrawPixelsst             
000088ed  _Z16ST7735_SetCursorjj              
00006041  _Z17ST7735_DrawBitmapssPKtss        
00007d79  _Z17ST7735_DrawStringttPcs          
00008ab9  _Z17ST7735_FillScreent              
00007a11  _Z17ST7735_InitPrintfv              
00007179  _Z18ST7735_SetRotationh             
00008d8d  _Z28TExaS_LaunchPadLogicPB27PB26v   
00006c25  _Z8ADC_InitP10ADC12_Regsjj          
00008e95  _Z8PLL_Initv                        
00007081  _Z8SPI_Initv                        
00008b11  _Z9ADC_StartP10ADC12_Regs           
000086dd  _Z9SPI_Resetv                       
00008c4d  _Z9Switch_Inv                       
00007359  _Z9UART_Initv                       
00008d47  _ZN6Player13setPossessionEh         
00007781  _ZN6Player14checkProximityE7Machine 
00007827  _ZN6Player15getMachineInputE7Machine
00007dfd  _ZN6Player16resetCoordinatesEv      
00006f79  _ZN6Player6moveUpEv                 
00008e45  _ZN6Player7getSizeEv                
00008dd9  _ZN6Player7getXPosEv                
00008de7  _ZN6Player7getYPosEv                
00006af9  _ZN6Player8moveDownEv               
0000852d  _ZN6Player8moveLeftEv               
00008579  _ZN6Player9moveRightEv              
00008c69  _ZN6PlayerC1Ev                      
00008c69  _ZN6PlayerC2Ev                      
00008061  _ZN7Machine12printRefinerEh         
00006459  _ZN7Machine13updateRefinerEh        
000087d9  _ZN7MachineC1Ehhhh                  
000087d9  _ZN7MachineC2Ehhhh                  
000083e1  _ZN8SlidePot2InEv                   
00007bd9  _ZN8SlidePot4InitEv                 
00008bb1  _ZN8SlidePot4SaveEj                 
00008bd5  _ZN8SlidePot4SyncEv                 
00008e51  _ZN8SlidePot9DistanceXEv            
00008e5d  _ZN8SlidePot9DistanceYEv            
00008df5  _ZN8SlidePotC1Ev                    
00008df5  _ZN8SlidePotC2Ev                    
20200410  __CIOBUF_                           
20208000  __STACK_END                         
00000200  __STACK_SIZE                        
00000200  __SYSMEM_SIZE                       
00000000  __TI_ATRegion0_region_sz            
00000000  __TI_ATRegion0_src_addr             
00000000  __TI_ATRegion0_trg_addr             
00000000  __TI_ATRegion1_region_sz            
00000000  __TI_ATRegion1_src_addr             
00000000  __TI_ATRegion1_trg_addr             
00000000  __TI_ATRegion2_region_sz            
00000000  __TI_ATRegion2_src_addr             
00000000  __TI_ATRegion2_trg_addr             
00008f44  __TI_CINIT_Base                     
00008f54  __TI_CINIT_Limit                    
00008f54  __TI_CINIT_Warm                     
00008f30  __TI_Handler_Table_Base             
00008f3c  __TI_Handler_Table_Limit            
00008435  __TI_auto_init_nobinit              
00008921  __TI_cleanup                        
202001c4  __TI_cleanup_ptr                    
00007ef9  __TI_closefile                      
00007f75  __TI_decompress_lzss                
00008d6b  __TI_decompress_none                
00008489  __TI_doflush                        
202001c8  __TI_dtors_ptr                      
202001f0  __TI_ft_end                         
ffffffff  __TI_pprof_out_hndl                 
ffffffff  __TI_prof_data_size                 
ffffffff  __TI_prof_data_start                
00008955  __TI_readmsg                        
00000000  __TI_static_base__                  
20200530  __TI_tmpnams                        
00008989  __TI_writemsg                       
00008d1d  __TI_zero_init_nomemset             
00008813  __aeabi_idiv0                       
00008e69  __aeabi_memclr                      
00008e69  __aeabi_memclr4                     
00008e69  __aeabi_memclr8                     
00008ea1  __aeabi_memcpy                      
00008ea1  __aeabi_memcpy4                     
00008ea1  __aeabi_memcpy8                     
0000871d  __aeabi_uidiv                       
0000871d  __aeabi_uidivmod                    
ffffffff  __binit__                           
UNDEFED   __mpu_init                          
20207e00  __stack                             
20200000  __start___llvm_prf_bits             
20200000  __start___llvm_prf_cnts             
20200000  __stop___llvm_prf_bits              
20200000  __stop___llvm_prf_cnts              
00008b89  _c_int00_noargs                     
202000f0  _device                             
20200000  _ftable                             
202001f4  _lock                               
00008c13  _nop                                
20200168  _stream                             
20200210  _sys_memory                         
UNDEFED   _system_post_cinit                  
00007ced  _system_pre_init                    
202001f8  _unlock                             
00008eb5  abort                               
0000726d  add_device                          
00006e65  aligned_alloc                       
ffffffff  binit                               
000084dd  close                               
000089bd  exit                                
000089f1  finddevice                          
00008a89  fopen                               
00007441  free                                
00008a25  freopen                             
000081a9  getdevice                           
20200202  input                               
00000000  interruptVectors                    
202005e8  key                                 
202001cc  m_anvil                             
202001d4  m_refiner                           
00006251  main                                
00008e75  malloc                              
00006e65  memalign                            
00007971  open                                
202001dc  p1                                  
202005d0  parmbuf                             
00008ea9  remove                              
00007529  setvbuf                             
00007cf1  strcmp                              
00008ae5  unlink                              
00008b61  write                               


GLOBAL SYMBOLS: SORTED BY Symbol Address 

address   name                                
-------   ----                                
00000000  __TI_ATRegion0_region_sz            
00000000  __TI_ATRegion0_src_addr             
00000000  __TI_ATRegion0_trg_addr             
00000000  __TI_ATRegion1_region_sz            
00000000  __TI_ATRegion1_src_addr             
00000000  __TI_ATRegion1_trg_addr             
00000000  __TI_ATRegion2_region_sz            
00000000  __TI_ATRegion2_src_addr             
00000000  __TI_ATRegion2_trg_addr             
00000000  __TI_static_base__                  
00000000  interruptVectors                    
00000200  __STACK_SIZE                        
00000200  __SYSMEM_SIZE                       
00006038  SHT$$INIT_ARRAY$$Base               
0000603c  SHT$$INIT_ARRAY$$Limit              
00006041  _Z17ST7735_DrawBitmapssPKtss        
00006251  main                                
00006459  _ZN7Machine13updateRefinerEh        
00006651  _Z15Clock_Init80MHzi                
00006805  _Z16ST7735_DrawCharSsscssh          
00006af9  _ZN6Player8moveDownEv               
00006c25  _Z8ADC_InitP10ADC12_Regsjj          
00006d4d  _Z15ST7735_FillRectsssst            
00006e65  aligned_alloc                       
00006e65  memalign                            
00006f79  _ZN6Player6moveUpEv                 
00007081  _Z8SPI_Initv                        
00007179  _Z18ST7735_SetRotationh             
0000726d  add_device                          
00007359  _Z9UART_Initv                       
00007441  free                                
00007529  setvbuf                             
00007609  _Z14ST7735_OutCharc                 
000076d9  _Z14TimerG7_IntArmtjj               
00007781  _ZN6Player14checkProximityE7Machine 
00007827  _ZN6Player15getMachineInputE7Machine
0000796f  SysTick_Handler                     
00007971  open                                
00007a11  _Z17ST7735_InitPrintfv              
00007aad  _Z12ST7735_InitR10initRFlags        
00007b45  _Z15TimerG12_IntArmjj               
00007bd9  _ZN8SlidePot4InitEv                 
00007ced  _system_pre_init                    
00007cf1  strcmp                              
00007d79  _Z17ST7735_DrawStringttPcs          
00007dfd  _ZN6Player16resetCoordinatesEv      
00007e7d  _Z14LaunchPad_Initv                 
00007ef9  __TI_closefile                      
00007f75  __TI_decompress_lzss                
00007ff1  _Z16ST7735_DrawPixelsst             
00008061  _ZN7Machine12printRefinerEh         
000080d1  HOSTlseek                           
0000813d  HOSTrename                          
000081a9  getdevice                           
00008279  HOSTopen                            
000082d9  HOSTread                            
00008331  HOSTwrite                           
00008389  _Z10TExaS_InitP10ADC12_RegsjPFhvE   
000083e1  _ZN8SlidePot2InEv                   
00008435  __TI_auto_init_nobinit              
00008489  __TI_doflush                        
000084db  _Z10Sound_Initv                     
000084dd  close                               
0000852d  _ZN6Player8moveLeftEv               
00008579  _ZN6Player9moveRightEv              
000085c5  HOSTclose                           
0000860d  HOSTunlink                          
00008655  _Z14SPI_OutCommandc                 
0000869d  TIMG7_IRQHandler                    
000086dd  _Z9SPI_Resetv                       
0000871d  __aeabi_uidiv                       
0000871d  __aeabi_uidivmod                    
0000879d  TIMG12_IRQHandler                   
000087d9  _ZN7MachineC1Ehhhh                  
000087d9  _ZN7MachineC2Ehhhh                  
00008813  __aeabi_idiv0                       
00008815  _Z11SPI_OutDatac                    
0000884d  _Z15ActivatePortA_Bv                
00008885  _Z12ST7735_writeiPKcj               
000088b9  _Z14Clock_Delay1msj                 
000088ed  _Z16ST7735_SetCursorjj              
00008921  __TI_cleanup                        
00008955  __TI_readmsg                        
00008989  __TI_writemsg                       
000089b5  C$$IO$$                             
000089bd  exit                                
000089f1  finddevice                          
00008a25  freopen                             
00008a89  fopen                               
00008ab9  _Z17ST7735_FillScreent              
00008ae5  unlink                              
00008b11  _Z9ADC_StartP10ADC12_Regs           
00008b61  write                               
00008b89  _c_int00_noargs                     
00008bb1  _ZN8SlidePot4SaveEj                 
00008bd5  _ZN8SlidePot4SyncEv                 
00008c13  _nop                                
00008c15  ADC0_IRQHandler                     
00008c15  ADC1_IRQHandler                     
00008c15  AES_IRQHandler                      
00008c15  CANFD0_IRQHandler                   
00008c15  DAC0_IRQHandler                     
00008c15  DMA_IRQHandler                      
00008c15  Default_Handler                     
00008c15  GROUP0_IRQHandler                   
00008c15  GROUP1_IRQHandler                   
00008c15  I2C0_IRQHandler                     
00008c15  I2C1_IRQHandler                     
00008c15  NMI_Handler                         
00008c15  PendSV_Handler                      
00008c15  RTC_IRQHandler                      
00008c15  SPI0_IRQHandler                     
00008c15  SPI1_IRQHandler                     
00008c15  SVC_Handler                         
00008c15  TIMA0_IRQHandler                    
00008c15  TIMA1_IRQHandler                    
00008c15  TIMG0_IRQHandler                    
00008c15  TIMG6_IRQHandler                    
00008c15  TIMG8_IRQHandler                    
00008c15  UART0_IRQHandler                    
00008c15  UART1_IRQHandler                    
00008c15  UART2_IRQHandler                    
00008c15  UART3_IRQHandler                    
00008c31  HardFault_Handler                   
00008c4d  _Z9Switch_Inv                       
00008c69  _ZN6PlayerC1Ev                      
00008c69  _ZN6PlayerC2Ev                      
00008cd9  _Z11Switch_Initv                    
00008cf1  _Z11ST7735_openPKcji                
00008d07  _Z11ST7735_readiPcj                 
00008d1d  __TI_zero_init_nomemset             
00008d47  _ZN6Player13setPossessionEh         
00008d59  TI_memcpy_small                     
00008d6b  __TI_decompress_none                
00008d7d  _Z11Clock_Delayj                    
00008d8d  _Z28TExaS_LaunchPadLogicPB27PB26v   
00008dcb  _Z12ST7735_lseekili                 
00008dd9  _ZN6Player7getXPosEv                
00008de7  _ZN6Player7getYPosEv                
00008df5  _ZN8SlidePotC1Ev                    
00008df5  _ZN8SlidePotC2Ev                    
00008e1f  TI_memset_small                     
00008e2d  _Z10Clock_Freqv                     
00008e39  _Z13ST7735_renamePKcS0_             
00008e45  _ZN6Player7getSizeEv                
00008e51  _ZN8SlidePot9DistanceXEv            
00008e5d  _ZN8SlidePot9DistanceYEv            
00008e69  __aeabi_memclr                      
00008e69  __aeabi_memclr4                     
00008e69  __aeabi_memclr8                     
00008e75  malloc                              
00008e81  _Z12ST7735_closei                   
00008e8b  _Z13ST7735_unlinkPKc                
00008e95  _Z8PLL_Initv                        
00008ea1  __aeabi_memcpy                      
00008ea1  __aeabi_memcpy4                     
00008ea1  __aeabi_memcpy8                     
00008ea9  remove                              
00008eb1  Reset_Handler                       
00008eb4  C$$EXIT                             
00008eb5  abort                               
00008f30  __TI_Handler_Table_Base             
00008f3c  __TI_Handler_Table_Limit            
00008f44  __TI_CINIT_Base                     
00008f54  __TI_CINIT_Limit                    
00008f54  __TI_CINIT_Warm                     
20200000  __start___llvm_prf_bits             
20200000  __start___llvm_prf_cnts             
20200000  __stop___llvm_prf_bits              
20200000  __stop___llvm_prf_cnts              
20200000  _ftable                             
202000f0  _device                             
20200168  _stream                             
202001b8  Sensor                              
202001c4  __TI_cleanup_ptr                    
202001c8  __TI_dtors_ptr                      
202001cc  m_anvil                             
202001d4  m_refiner                           
202001dc  p1                                  
202001e4  BusFreq                             
202001e8  StX                                 
202001ec  StY                                 
202001f0  __TI_ft_end                         
202001f4  _lock                               
202001f8  _unlock                             
202001fc  StTextColor                         
20200202  input                               
20200210  _sys_memory                         
20200410  _CIOBUF_                            
20200410  __CIOBUF_                           
20200530  __TI_tmpnams                        
202005d0  parmbuf                             
202005d8  TExaSLogic                          
202005dc  TExaSadc                            
202005e8  key                                 
20207e00  __stack                             
20208000  __STACK_END                         
ffffffff  __TI_pprof_out_hndl                 
ffffffff  __TI_prof_data_size                 
ffffffff  __TI_prof_data_start                
ffffffff  __binit__                           
ffffffff  binit                               
UNDEFED   __mpu_init                          
UNDEFED   _system_post_cinit                  

[204 symbols]
