******************************************************************************
            TI ARM Clang Linker PC v4.0.1                      
******************************************************************************
>> Linked Fri Apr 18 22:22:41 2025

OUTPUT FILE NAME:   <MadMines.out>
ENTRY POINT SYMBOL: "_c_int00_noargs"  address: 00016e5d


MEMORY CONFIGURATION

         name            origin    length      used     unused   attr    fill
----------------------  --------  ---------  --------  --------  ----  --------
  FLASH                 00000000   00020000  000173e0  00008c20  R  X
  SRAM                  20200000   00008000  000009df  00007621  RW X
  BCR_CONFIG            41c00000   00000080  00000000  00000080  R   
  BSL_CONFIG            41c00100   00000080  00000000  00000080  R   


SEGMENT ALLOCATION MAP

run origin  load origin   length   init length attrs members
----------  ----------- ---------- ----------- ----- -------
00000000    00000000    000173e0   000173e0    r-x
  00000000    00000000    000000c0   000000c0    r-- .intvecs
  000000c0    000000c0    00011690   00011690    r-- .rodata
  00011750    00011750    00005b70   00005b70    r-x .text
  000172c0    000172c0    00000008   00000008    r-- .init_array
  000172c8    000172c8    00000118   00000118    r-- .cinit
20200000    20200000    000007e6   00000000    rw-
  20200000    20200000    00000401   00000000    rw- .data
  20200408    20200408    00000200   00000000    rw- .sysmem
  20200608    20200608    000001de   00000000    rw- .bss
20207e00    20207e00    00000200   00000000    rw-
  20207e00    20207e00    00000200   00000000    rw- .stack


SECTION ALLOCATION MAP

 output                                  attributes/
section   page    origin      length       input sections
--------  ----  ----------  ----------   ----------------
.intvecs   0    00000000    000000c0     
                  00000000    000000c0     startup_mspm0g3507_ticlang.o (.intvecs)

.binit     0    00000000    00000000     

.text      0    00011750    00005b70     
                  00011750    00000930     Lab9HMain.o (.text.main)
                  00012080    0000052c     Machine.o (.text._ZN7Machine10updateCartEh)
                  000125ac    000003cc     Machine.o (.text._ZN7Machine13updateRefinerEh)
                  00012978    000003a8     Machine.o (.text._ZN7Machine14updateCountersEhPS_)
                  00012d20    0000030c     Machine.o (.text._ZN7Machine10updateRockEh)
                  0001302c    000002b0     Machine.o (.text._ZN7Machine13printCountersEPS_)
                  000132dc    000002ac     Machine.o (.text._ZN7Machine12printRefinerEv)
                  00013588    00000248     Machine.o (.text._ZN7Machine16updateTurnInAreaEh)
                  000137d0    00000218     Machine.o (.text._ZN7Machine9printCartEv)
                  000139e8    00000210     ST7735.o (.text._Z17ST7735_DrawBitmapssPKtss)
                  00013bf8    000001b4     Clock.o (.text._Z15Clock_Init80MHzi)
                  00013dac    000001a4     ST7735.o (.text._Z15ST7735_DrawCharsscssh)
                  00013f50    000001a0     ST7735.o (.text._Z16ST7735_DrawCharSsscssh)
                  000140f0    0000015c     Machine.o (.text._ZN7Machine13cartSendErrorEhh)
                  0001424c    00000154     libc.a : fopen.c.obj (.text._openfile)
                  000143a0    00000130     Machine.o (.text._ZN7Machine15printTurnInAreaEv)
                  000144d0    0000012c     Player.o (.text._ZN6Player8moveDownEv)
                  000145fc    00000128     TExaS.o (.text._Z8ADC_InitP10ADC12_Regsjj)
                  00014724    00000118     ST7735.o (.text._Z15ST7735_FillRectsssst)
                  0001483c    00000114     libc.a : memory.c.obj (.text.aligned_alloc)
                  00014950    00000108     Player.o (.text._ZN6Player6moveUpEv)
                  00014a58    000000f8     SPI.o (.text._Z8SPI_Initv)
                  00014b50    000000f4     ST7735.o (.text._Z18ST7735_SetRotationh)
                  00014c44    000000ec     libsysbm.a : add_device.c.obj (.text.add_device)
                  00014d30    000000e8     TExaS.o (.text._Z9UART_Initv)
                  00014e18    000000e8     libc.a : memory.c.obj (.text.free)
                  00014f00    000000e0            : setvbuf.c.obj (.text.setvbuf)
                  00014fe0    000000dc     UART2.o (.text._Z10UART2_Initv)
                  000150bc    000000d0     ST7735.o (.text._Z14ST7735_OutCharc)
                  0001518c    000000b0     ST7735.o (.text._Z20ST7735_DrawFastHLinessst)
                  0001523c    000000b0     ST7735.o (.text._Z20ST7735_DrawFastVLinessst)
                  000152ec    000000ac     Machine.o (.text._ZN7Machine9printRockEv)
                  00015398    000000a8     Timer.o (.text._Z14TimerG7_IntArmtjj)
                  00015440    000000a2     ST7735.o (.text._ZL11commandListPKh)
                  000154e2    00000002     Sound.o (.text.SysTick_Handler)
                  000154e4    000000a0     libsysbm.a : open.c.obj (.text.open)
                  00015584    0000009c     ST7735.o (.text._Z17ST7735_InitPrintfv)
                  00015620    0000009c     Player.o (.text._ZN6Player14checkProximityE7Machine)
                  000156bc    00000098     ST7735.o (.text._Z12ST7735_InitR10initRFlags)
                  00015754    00000094     Timer.o (.text._Z15TimerG12_IntArmjj)
                  000157e8    0000008c     SlidePot.o (.text._ZN8SlidePot4InitEv)
                  00015874    0000008a     Machine.o (.text._ZN7MachineC2Ehhhhhhhhhh)
                  000158fe    00000002     libclang_rt.builtins.a : aeabi_div0.c.obj (.text.__aeabi_idiv0)
                  00015900    00000088     ST7735.o (.text._ZL13setAddrWindowhhhh)
                  00015988    00000008     UART2.o (.text._GLOBAL__sub_I_UART2.cpp)
                  00015990    00000088     libc.a : strcmp-armv6m.S.obj (.text:strcmp)
                  00015a18    00000084     ST7735.o (.text._Z17ST7735_DrawStringttPcs)
                  00015a9c    00000082     Machine.o (.text._ZN7MachineC2Ehhhhhhhhh)
                  00015b1e    00000080     Player.o (.text._ZN6Player16resetCoordinatesEv)
                  00015b9e    00000002     libc.a : _lock.c.obj (.text._nop)
                  00015ba0    0000007c     LaunchPad.o (.text._Z14LaunchPad_Initv)
                  00015c1c    0000007c     libc.a : fclose.c.obj (.text.__TI_closefile)
                  00015c98    0000007c            : copy_decompress_lzss.c.obj (.text:decompress:lzss)
                  00015d14    00000078     Player.o (.text._ZN6Player15getMachineInputE7Machine)
                  00015d8c    00000074     UART2.o (.text.UART2_IRQHandler)
                  00015e00    00000074     IRxmt.o (.text._Z13IRxmt_SendBiti)
                  00015e74    00000070     ST7735.o (.text._Z16ST7735_DrawPixelsst)
                  00015ee4    0000006c     libsysbm.a : hostlseek.c.obj (.text.HOSTlseek)
                  00015f50    0000006c                : hostrename.c.obj (.text.HOSTrename)
                  00015fbc    0000006c     libc.a : getdevice.c.obj (.text.getdevice)
                  00016028    00000064            : memory.c.obj (.text.split)
                  0001608c    00000062     Machine.o (.text._ZN7MachineC2Ehhhhhh)
                  000160ee    00000002     --HOLE-- [fill = 0]
                  000160f0    00000060     libsysbm.a : hostopen.c.obj (.text.HOSTopen)
                  00016150    00000058                : hostread.c.obj (.text.HOSTread)
                  000161a8    00000058                : hostwrite.c.obj (.text.HOSTwrite)
                  00016200    00000058     TExaS.o (.text._Z10TExaS_InitP10ADC12_RegsjPFhvE)
                  00016258    00000056     libclang_rt.builtins.a : aeabi_idivmod.S.obj (.text.__aeabi_idivmod)
                  000162ae    00000002     --HOLE-- [fill = 0]
                  000162b0    00000054     Player.o (.text._ZN6Player14printPosessionEh)
                  00016304    00000054     SlidePot.o (.text._ZN8SlidePot2InEv)
                  00016358    00000054     libc.a : autoinit.c.obj (.text:__TI_auto_init_nobinit)
                  000163ac    00000052            : fflush.c.obj (.text.__TI_doflush)
                  000163fe    00000050     Lab9HMain.o (.text._GLOBAL__sub_I_Lab9HMain.cpp)
                  0001644e    00000002     --HOLE-- [fill = 0]
                  00016450    00000050     Lab9HMain.o (.text.__cxx_global_var_init.10)
                  000164a0    00000050     libsysbm.a : close.c.obj (.text.close)
                  000164f0    0000004c     Player.o (.text._ZN6Player8moveLeftEv)
                  0001653c    0000004c     Player.o (.text._ZN6Player9moveRightEv)
                  00016588    00000048     libsysbm.a : hostclose.c.obj (.text.HOSTclose)
                  000165d0    00000048                : hostunlink.c.obj (.text.HOSTunlink)
                  00016618    00000048     IRxmt.o (.text._Z13IRxmt_OutCharc)
                  00016660    00000048     SPI.o (.text._Z14SPI_OutCommandc)
                  000166a8    00000048     FIFO2.o (.text._ZN5Queue3GetEPc)
                  000166f0    00000048     FIFO2.o (.text._ZN5Queue3PutEc)
                  00016738    00000040     TExaS.o (.text.TIMG7_IRQHandler)
                  00016778    00000040     SPI.o (.text._Z9SPI_Resetv)
                  000167b8    00000040     libclang_rt.builtins.a : aeabi_uidivmod.S.obj (.text.__aeabi_uidivmod)
                  000167f8    00000040     Lab9HMain.o (.text.__cxx_global_var_init.18)
                  00016838    00000040     libc.a : fopen.c.obj (.text._search_fp)
                  00016878    0000003c     Lab9HMain.o (.text.TIMG12_IRQHandler)
                  000168b4    0000003c     Sound.o (.text._Z10Sound_Initv)
                  000168f0    00000038     SPI.o (.text._Z11SPI_OutDatac)
                  00016928    00000038     LaunchPad.o (.text._Z15ActivatePortA_Bv)
                  00016960    00000034     ST7735.o (.text._Z12ST7735_writeiPKcj)
                  00016994    00000034     Clock.o (.text._Z14Clock_Delay1msj)
                  000169c8    00000034     ST7735.o (.text._Z16ST7735_SetCursorjj)
                  000169fc    00000034     libc.a : fopen.c.obj (.text.__TI_cleanup)
                  00016a30    00000034     libsysbm.a : trgmsg.c.obj (.text.__TI_readmsg)
                  00016a64    00000034                : trgmsg.c.obj (.text.__TI_writemsg)
                  00016a98    00000034     libc.a : exit.c.obj (.text.exit)
                  00016acc    00000034            : getdevice.c.obj (.text.finddevice)
                  00016b00    00000034            : fopen.c.obj (.text.freopen)
                  00016b34    00000030     ST7735.o (.text._ZL10commonInitPKh)
                  00016b64    00000030     Lab9HMain.o (.text.__cxx_global_var_init.12)
                  00016b94    00000030     Lab9HMain.o (.text.__cxx_global_var_init.15)
                  00016bc4    00000030     Lab9HMain.o (.text.__cxx_global_var_init.16)
                  00016bf4    00000030     Lab9HMain.o (.text.__cxx_global_var_init.17)
                  00016c24    00000030     Lab9HMain.o (.text.__cxx_global_var_init.7)
                  00016c54    00000030     Lab9HMain.o (.text.__cxx_global_var_init.8)
                  00016c84    00000030     Lab9HMain.o (.text.__cxx_global_var_init.9)
                  00016cb4    00000030     libc.a : fopen.c.obj (.text.fopen)
                  00016ce4    0000002c     UART2.o (.text._Z12UART2_InCharv)
                  00016d10    0000002c     ST7735.o (.text._Z17ST7735_FillScreent)
                  00016d3c    0000002c     Lab9HMain.o (.text.__cxx_global_var_init.6)
                  00016d68    0000002c     libsysbm.a : unlink.c.obj (.text.unlink)
                  00016d94    00000028     IRxmt.o (.text._Z10IRxmt_Initv)
                  00016dbc    00000028     TExaS.o (.text._Z9ADC_StartP10ADC12_Regs)
                  00016de4    00000028     Lab9HMain.o (.text.__cxx_global_var_init.4)
                  00016e0c    00000028     libc.a : memory.c.obj (.text.free_list_insert)
                  00016e34    00000028     libsysbm.a : write.c.obj (.text.write)
                  00016e5c    00000028     libc.a : boot_cortex_m.c.obj (.text:_c_int00_noargs)
                  00016e84    00000024     SlidePot.o (.text._ZN8SlidePot4SaveEj)
                  00016ea8    00000024     Lab9HMain.o (.text.__cxx_global_var_init.11)
                  00016ecc    00000024     Lab9HMain.o (.text.__cxx_global_var_init.13)
                  00016ef0    00000024     Lab9HMain.o (.text.__cxx_global_var_init.14)
                  00016f14    00000024     Lab9HMain.o (.text.__cxx_global_var_init.2)
                  00016f38    00000024     Lab9HMain.o (.text.__cxx_global_var_init.3)
                  00016f5c    00000024     Lab9HMain.o (.text.__cxx_global_var_init.5)
                  00016f80    00000022     FIFO2.o (.text._ZN5Queue6IsFullEv)
                  00016fa2    00000020     SlidePot.o (.text._ZN8SlidePot4SyncEv)
                  00016fc2    0000001e     ST7735.o (.text._ZL9pushColort)
                  00016fe0    0000001c     startup_mspm0g3507_ticlang.o (.text.Default_Handler)
                  00016ffc    0000001c     startup_mspm0g3507_ticlang.o (.text.HardFault_Handler)
                  00017018    0000001c     Switch.o (.text._Z9Switch_Inv)
                  00017034    0000001c     Player.o (.text._ZN6PlayerC2Ev)
                  00017050    0000001c     libc.a : memory.c.obj (.text.free_list_remove)
                  0001706c    00000018     Switch.o (.text._Z11Switch_Initv)
                  00017084    00000016     ST7735.o (.text._Z11ST7735_openPKcji)
                  0001709a    00000016     ST7735.o (.text._Z11ST7735_readiPcj)
                  000170b0    00000016     libc.a : copy_zero_init.c.obj (.text:decompress:ZI:__TI_zero_init_nomemset)
                  000170c6    00000014     FIFO2.o (.text._ZN5Queue7IsEmptyEv)
                  000170da    00000012     Player.o (.text._ZN6Player13setPossessionEh)
                  000170ec    00000012     Machine.o (.text._ZN7Machine11setRockTypeEh)
                  000170fe    00000012     Machine.o (.text._ZN7Machine9setSpriteEh)
                  00017110    00000012     libc.a : memcpy16.S.obj (.text:TI_memcpy_small)
                  00017122    00000012            : copy_decompress_none.c.obj (.text:decompress:none)
                  00017134    00000010     Clock.o (.text._Z11Clock_Delayj)
                  00017144    00000010     UART2.o (.text._Z12UART2_Enablev)
                  00017154    00000010     UART2.o (.text._Z13UART2_Disablev)
                  00017164    00000010     Lab9HMain.o (.text._Z28TExaS_LaunchPadLogicPB27PB26v)
                  00017174    00000010     FIFO2.o (.text._ZN5QueueC2Ev)
                  00017184    00000010     Lab9HMain.o (.text.__cxx_global_var_init.1)
                  00017194    00000010     Lab9HMain.o (.text.__cxx_global_var_init)
                  000171a4    00000010     UART2.o (.text.__cxx_global_var_init)
                  000171b4    0000000e     libc.a : memory.c.obj (.text.OUTLINED_FUNCTION_0)
                  000171c2    0000000e     ST7735.o (.text._Z12ST7735_lseekili)
                  000171d0    0000000e     Player.o (.text._ZN6Player7getXPosEv)
                  000171de    0000000e     Player.o (.text._ZN6Player7getYPosEv)
                  000171ec    0000000e     SlidePot.o (.text._ZN8SlidePotC2Ev)
                  000171fa    0000000e     libsysbm.a : hostrename.c.obj (.text.strcpy)
                  00017208    0000000e                : hostrename.c.obj (.text.strlen)
                  00017216    0000000e     libc.a : memset16.S.obj (.text:TI_memset_small)
                  00017224    0000000c     Clock.o (.text._Z10Clock_Freqv)
                  00017230    0000000c     ST7735.o (.text._Z13ST7735_renamePKcS0_)
                  0001723c    0000000c     IRxmt.o (.text._Z5Delayj)
                  00017248    0000000c     Player.o (.text._ZN6Player7getSizeEv)
                  00017254    0000000c     SlidePot.o (.text._ZN8SlidePot9DistanceXEv)
                  00017260    0000000c     SlidePot.o (.text._ZN8SlidePot9DistanceYEv)
                  0001726c    0000000c     libclang_rt.builtins.a : aeabi_memset.S.obj (.text.__aeabi_memclr)
                  00017278    0000000c     libc.a : memory.c.obj (.text.malloc)
                  00017284    0000000a     ST7735.o (.text._Z12ST7735_closei)
                  0001728e    0000000a     ST7735.o (.text._Z13ST7735_unlinkPKc)
                  00017298    0000000a     Lab9HMain.o (.text._Z8PLL_Initv)
                  000172a2    00000002     --HOLE-- [fill = 0]
                  000172a4    00000008     libclang_rt.builtins.a : aeabi_memcpy.S.obj (.text.__aeabi_memcpy)
                  000172ac    00000008     libsysbm.a : remove.c.obj (.text.remove)
                  000172b4    00000004     startup_mspm0g3507_ticlang.o (.text.Reset_Handler)
                  000172b8    00000004     libc.a : pre_init.c.obj (.text._system_pre_init)
                  000172bc    00000004            : exit.c.obj (.text:abort)

.cinit     0    000172c8    00000118     
                  000172c8    000000ef     (.cinit..data.load) [load image, compression = lzss]
                  000173b7    00000001     --HOLE-- [fill = 0]
                  000173b8    0000000c     (__TI_handler_table)
                  000173c4    00000008     (.cinit..bss.load) [load image, compression = zero_init]
                  000173cc    00000010     (__TI_cinit_table)
                  000173dc    00000004     --HOLE-- [fill = 0]

.rodata    0    000000c0    00011690     
                  000000c0    00002800     Lab9HMain.o (.rodata._ZL4todo)
                  000028c0    00002800     Machine.o (.rodata._ZL4todo)
                  000050c0    000010ae     Machine.o (.rodata._ZL14refinerWorking)
                  0000616e    000010ae     Machine.o (.rodata._ZL16refinerHighlight)
                  0000721c    000010ae     Machine.o (.rodata._ZL7refiner)
                  000082ca    00000f74     Machine.o (.rodata._ZL13cartHighlight)
                  0000923e    00000f74     Machine.o (.rodata._ZL4cart)
                  0000a1b2    00000bb0     Machine.o (.rodata._ZL11workingRock)
                  0000ad62    00000bb0     Machine.o (.rodata._ZL13highlightRock)
                  0000b912    00000bb0     Machine.o (.rodata._ZL18rockCrackHighlight)
                  0000c4c2    00000bb0     Machine.o (.rodata._ZL4rock)
                  0000d072    00000960     Machine.o (.rodata._ZL15PortalHighlight)
                  0000d9d2    00000960     Machine.o (.rodata._ZL6Portal)
                  0000e332    000006e0     Machine.o (.rodata._ZL6ladder)
                  0000ea12    00000548     Lab9HMain.o (.rodata._ZL5miner)
                  0000ef5a    00000540     Machine.o (.rodata._ZL7counter)
                  0000f49a    000004fb     ST7735.o (.rodata._ZL4Font)
                  0000f995    00000001     --HOLE-- [fill = 0]
                  0000f996    00000348     Machine.o (.rodata._ZL5watch)
                  0000fcde    00000320     Machine.o (.rodata._ZL5trash)
                  0000fffe    000002d2     Machine.o (.rodata._ZL5sword)
                  000102d0    000002ac     Machine.o (.rodata._ZL3key)
                  0001057c    000002a0     Machine.o (.rodata._ZL6shield)
                  0001081c    00000220     Machine.o (.rodata._ZL4ring)
                  00010a3c    0000018c     Machine.o (.rodata._ZL10rawDiamond)
                  00010bc8    0000018c     Machine.o (.rodata._ZL10rawEmerald)
                  00010d54    0000018c     Machine.o (.rodata._ZL7rawGold)
                  00010ee0    0000018c     Machine.o (.rodata._ZL7rawRuby)
                  0001106c    0000018c     Machine.o (.rodata._ZL9rawSilver)
                  000111f8    0000010e     Machine.o (.rodata._ZL4gold)
                  00011306    0000010e     Machine.o (.rodata._ZL6silver)
                  00011414    000000d8     Machine.o (.rodata._ZL4Ruby)
                  000114ec    000000d8     Machine.o (.rodata._ZL7Diamond)
                  000115c4    000000d8     Machine.o (.rodata._ZL7Emerald)
                  0001169c    0000003b     ST7735.o (.rodata._ZL5Rcmd1)
                  000116d7    0000002b     ST7735.o (.rodata._ZL5Rcmd3)
                  00011702    00000016     ST7735.o (.rodata.str1.43788427057889536241)
                  00011718    0000000d     ST7735.o (.rodata._ZL10Rcmd2green)
                  00011725    0000000d     ST7735.o (.rodata._ZL8Rcmd2red)
                  00011732    00000008     ST7735.o (.rodata.str1.54535931475021008601)
                  0001173a    00000007     ST7735.o (.rodata.str1.103567388005067375301)
                  00011741    00000007     ST7735.o (.rodata.str1.132933244321656697041)
                  00011748    00000002     ST7735.o (.rodata.str1.18657686242476325171)
                  0001174a    00000006     --HOLE-- [fill = 0]

.init_array 
*          0    000172c0    00000008     
                  000172c0    00000004     UART2.o (.init_array)
                  000172c4    00000004     Lab9HMain.o (.init_array)

.data      0    20200000    00000401     UNINITIALIZED
                  20200000    000000f0     libc.a : defs.c.obj (.data._ftable)
                  202000f0    00000088     Machine.o (.data.sprites)
                  20200178    00000078     libsysbm.a : host_device.c.obj (.data._device)
                  202001f0    00000050                : host_device.c.obj (.data._stream)
                  20200240    00000038     Lab9HMain.o (.data.Counters)
                  20200278    0000002c     UART2.o (.data.FIFO2)
                  202002a4    0000002a     Lab9HMain.o (.data.Counters2)
                  202002ce    00000002     ST7735.o (.data.StTextColor)
                  202002d0    00000014     Machine.o (.data._ZL7ToDoArr)
                  202002e4    0000000e     Lab9HMain.o (.data.m_anvil)
                  202002f2    0000000e     Lab9HMain.o (.data.m_cart1)
                  20200300    0000000e     Lab9HMain.o (.data.m_cart2)
                  2020030e    0000000e     Lab9HMain.o (.data.m_counter1)
                  2020031c    0000000e     Lab9HMain.o (.data.m_counter2)
                  2020032a    0000000e     Lab9HMain.o (.data.m_counter3)
                  20200338    0000000e     Lab9HMain.o (.data.m_counter4)
                  20200346    0000000e     Lab9HMain.o (.data.m_counter5)
                  20200354    0000000e     Lab9HMain.o (.data.m_counter6)
                  20200362    0000000e     Lab9HMain.o (.data.m_portal)
                  20200370    0000000e     Lab9HMain.o (.data.m_refiner)
                  2020037e    0000000e     Lab9HMain.o (.data.m_rock1)
                  2020038c    0000000e     Lab9HMain.o (.data.m_rock2)
                  2020039a    0000000e     Lab9HMain.o (.data.m_smelter)
                  202003a8    0000000e     Lab9HMain.o (.data.m_todo)
                  202003b6    00000002     ST7735.o (.data._ZL6_width)
                  202003b8    0000000c     Lab9HMain.o (.data.Sensor)
                  202003c4    00000008     libc.a : exit.c.obj (.data..L_MergedGlobals)
                  202003cc    00000008     Lab9HMain.o (.data.p1)
                  202003d4    00000004     Clock.o (.data.BusFreq)
                  202003d8    00000004     ST7735.o (.data.StX)
                  202003dc    00000004     ST7735.o (.data.StY)
                  202003e0    00000004     libc.a : defs.c.obj (.data.__TI_ft_end)
                  202003e4    00000004            : _lock.c.obj (.data._lock)
                  202003e8    00000004            : _lock.c.obj (.data._unlock)
                  202003ec    00000002     ST7735.o (.data._ZL7_height)
                  202003ee    00000002     Machine.o (.data._ZZN7Machine16updateTurnInAreaEhE5score)
                  202003f0    00000001     Machine.o (.data._ZZN7Machine10updateCartEhE8debounce)
                  202003f1    00000001     Machine.o (.data._ZZN7Machine10updateRockEhE10wasWorking)
                  202003f2    00000001     Machine.o (.data._ZZN7Machine10updateRockEhE7halfway)
                  202003f3    00000001     Machine.o (.data._ZZN7Machine13updateRefinerEhE10wasWorking)
                  202003f4    00000001     Machine.o (.data._ZZN7Machine13updateRefinerEhE8debounce)
                  202003f5    00000001     Machine.o (.data._ZZN7Machine14updateCountersEhPS_E8debounce)
                  202003f6    00000001     Machine.o (.data._ZZN7Machine9printCartEvE2in)
                  202003f7    00000001     Machine.o (.data._ZZN7Machine9printCartEvE4sent)
                  202003f8    00000001     libsysbm.a : add_device.c.obj (.data.add_device.device_init)
                  202003f9    00000001     Lab9HMain.o (.data.input)
                  202003fa    00000001     Lab9HMain.o (.data.numCounters)
                  202003fb    00000001     Machine.o (.data.progH)
                  202003fc    00000001     libc.a : memory.c.obj (.data.memory_is_initialized)
                  202003fd    00000001     Machine.o (.data.progW)
                  202003fe    00000002     --HOLE--
                  20200400    00000001     libsysbm.a : open.c.obj (.data.open.stream_init)

.sysmem    0    20200408    00000200     UNINITIALIZED
                  20200408    00000010     libc.a : memory.c.obj (.sysmem)
                  20200418    000001f0     --HOLE--

.bss       0    20200608    000001de     UNINITIALIZED
                  20200608    00000120     libsysbm.a : trgmsg.c.obj (.bss:_CIOBUF_)
                  20200728    000000a0     libc.a : defs.c.obj (.bss.__TI_tmpnams)
                  202007c8    00000008     libsysbm.a : hostopen.c.obj (.bss.parmbuf)
                  202007d0    00000004     UART2.o (.bss.LostData)
                  202007d4    00000004     TExaS.o (.bss.TExaSLogic)
                  202007d8    00000004     TExaS.o (.bss.TExaSadc)
                  202007dc    00000004     libc.a : memory.c.obj (.bss.sys_free)
                  202007e0    00000001     ST7735.o (.bss._ZL8ColStart)
                  202007e1    00000001     ST7735.o (.bss._ZL8Rotation)
                  202007e2    00000001     ST7735.o (.bss._ZL8RowStart)
                  202007e3    00000001     ST7735.o (.bss._ZL8TabColor)
                  202007e4    00000001     Lab9HMain.o (.bss.buttons)
                  202007e5    00000001     Lab9HMain.o (.bss.toDoOpen)

.stack     0    20207e00    00000200     UNINITIALIZED
                  20207e00    00000004     libc.a : boot_cortex_m.c.obj (.stack)
                  20207e04    000001fc     --HOLE--

__llvm_prf_cnts 
*          0    20200000    00000000     UNINITIALIZED

__llvm_prf_bits 
*          0    20200000    00000000     UNINITIALIZED

MODULE SUMMARY

       Module                         code    ro data   rw data
       ------                         ----    -------   -------
    .\
       Machine.o                      7730    58264     168    
       Lab9HMain.o                    3330    11596     332    
       ST7735.o                       3614    1449      18     
       Player.o                       1290    0         0      
       TExaS.o                        720     0         8      
       Clock.o                        516     0         4      
       UART2.o                        436     4         48     
       SPI.o                          440     0         0      
       SlidePot.o                     330     0         0      
       Timer.o                        316     0         0      
       IRxmt.o                        240     0         0      
       FIFO2.o                        214     0         0      
       LaunchPad.o                    180     0         0      
       Sound.o                        62      0         0      
       Switch.o                       52      0         0      
    +--+------------------------------+-------+---------+---------+
       Total:                         19470   71313     578    
                                                               
    .\ticlang\
       startup_mspm0g3507_ticlang.o   60      192       0      
    +--+------------------------------+-------+---------+---------+
       Total:                         60      192       0      
                                                               
    C:\ti\ccs\tools\compiler\ti-cgt-armllvm_4.0.1.LTS\lib\armv6m-ti-none-eabi/c/libc.a
       memory.c.obj                   702     0         5      
       fopen.c.obj                    556     0         0      
       defs.c.obj                     0       0         404    
       setvbuf.c.obj                  224     0         0      
       getdevice.c.obj                160     0         0      
       strcmp-armv6m.S.obj            136     0         0      
       copy_decompress_lzss.c.obj     124     0         0      
       fclose.c.obj                   124     0         0      
       autoinit.c.obj                 84      0         0      
       fflush.c.obj                   82      0         0      
       exit.c.obj                     56      0         8      
       boot_cortex_m.c.obj            40      0         0      
       copy_zero_init.c.obj           22      0         0      
       copy_decompress_none.c.obj     18      0         0      
       memcpy16.S.obj                 18      0         0      
       memset16.S.obj                 14      0         0      
       _lock.c.obj                    2       0         8      
       pre_init.c.obj                 4       0         0      
    +--+------------------------------+-------+---------+---------+
       Total:                         2366    0         425    
                                                               
    C:\ti\ccs\tools\compiler\ti-cgt-armllvm_4.0.1.LTS\lib\armv6m-ti-none-eabi/c/libsysbm.a
       trgmsg.c.obj                   104     0         288    
       add_device.c.obj               236     0         1      
       host_device.c.obj              0       0         200    
       open.c.obj                     160     0         1      
       hostrename.c.obj               136     0         0      
       hostlseek.c.obj                108     0         0      
       hostopen.c.obj                 96      0         8      
       hostread.c.obj                 88      0         0      
       hostwrite.c.obj                88      0         0      
       close.c.obj                    80      0         0      
       hostclose.c.obj                72      0         0      
       hostunlink.c.obj               72      0         0      
       unlink.c.obj                   44      0         0      
       write.c.obj                    40      0         0      
       remove.c.obj                   8       0         0      
    +--+------------------------------+-------+---------+---------+
       Total:                         1332    0         498    
                                                               
    C:\ti\ccs\tools\compiler\ti-cgt-armllvm_4.0.1.LTS\lib\armv6m-ti-none-eabi/libclang_rt.builtins.a
       aeabi_idivmod.S.obj            86      0         0      
       aeabi_uidivmod.S.obj           64      0         0      
       aeabi_memset.S.obj             12      0         0      
       aeabi_memcpy.S.obj             8       0         0      
       aeabi_div0.c.obj               2       0         0      
    +--+------------------------------+-------+---------+---------+
       Total:                         172     0         0      
                                                               
       Heap:                          0       0         512    
       Stack:                         0       0         512    
       Linker Generated:              0       275       0      
    +--+------------------------------+-------+---------+---------+
       Grand Total:                   23400   71780     2525   


LINKER GENERATED COPY TABLES

__TI_cinit_table @ 000173cc records: 2, size/record: 8, table size: 16
	.data: load addr=000172c8, load size=000000ef bytes, run addr=20200000, run size=00000401 bytes, compression=lzss
	.bss: load addr=000173c4, load size=00000008 bytes, run addr=20200608, run size=000001de bytes, compression=zero_init


LINKER GENERATED HANDLER TABLE

__TI_handler_table @ 000173b8 records: 3, size/record: 4, table size: 12
	index: 0, handler: __TI_decompress_lzss
	index: 1, handler: __TI_decompress_none
	index: 2, handler: __TI_zero_init


GLOBAL SYMBOLS: SORTED ALPHABETICALLY BY Name 

address   name                                
-------   ----                                
00016fe1  ADC0_IRQHandler                     
00016fe1  ADC1_IRQHandler                     
00016fe1  AES_IRQHandler                      
202003d4  BusFreq                             
000172bc  C$$EXIT                             
00016a91  C$$IO$$                             
00016fe1  CANFD0_IRQHandler                   
20200240  Counters                            
202002a4  Counters2                           
00016fe1  DAC0_IRQHandler                     
00016fe1  DMA_IRQHandler                      
00016fe1  Default_Handler                     
20200278  FIFO2                               
00016fe1  GROUP0_IRQHandler                   
00016fe1  GROUP1_IRQHandler                   
00016589  HOSTclose                           
00015ee5  HOSTlseek                           
000160f1  HOSTopen                            
00016151  HOSTread                            
00015f51  HOSTrename                          
000165d1  HOSTunlink                          
000161a9  HOSTwrite                           
00016ffd  HardFault_Handler                   
00016fe1  I2C0_IRQHandler                     
00016fe1  I2C1_IRQHandler                     
202007d0  LostData                            
00016fe1  NMI_Handler                         
00016fe1  PendSV_Handler                      
00016fe1  RTC_IRQHandler                      
000172b5  Reset_Handler                       
000172c0  SHT$$INIT_ARRAY$$Base               
000172c8  SHT$$INIT_ARRAY$$Limit              
00016fe1  SPI0_IRQHandler                     
00016fe1  SPI1_IRQHandler                     
00016fe1  SVC_Handler                         
202003b8  Sensor                              
202002ce  StTextColor                         
202003d8  StX                                 
202003dc  StY                                 
000154e3  SysTick_Handler                     
202007d4  TExaSLogic                          
202007d8  TExaSadc                            
00016fe1  TIMA0_IRQHandler                    
00016fe1  TIMA1_IRQHandler                    
00016fe1  TIMG0_IRQHandler                    
00016879  TIMG12_IRQHandler                   
00016fe1  TIMG6_IRQHandler                    
00016739  TIMG7_IRQHandler                    
00016fe1  TIMG8_IRQHandler                    
00017111  TI_memcpy_small                     
00017217  TI_memset_small                     
00016fe1  UART0_IRQHandler                    
00016fe1  UART1_IRQHandler                    
00015d8d  UART2_IRQHandler                    
00016fe1  UART3_IRQHandler                    
20200608  _CIOBUF_                            
00017225  _Z10Clock_Freqv                     
00016d95  _Z10IRxmt_Initv                     
000168b5  _Z10Sound_Initv                     
00016201  _Z10TExaS_InitP10ADC12_RegsjPFhvE   
00014fe1  _Z10UART2_Initv                     
00017135  _Z11Clock_Delayj                    
000168f1  _Z11SPI_OutDatac                    
00017085  _Z11ST7735_openPKcji                
0001709b  _Z11ST7735_readiPcj                 
0001706d  _Z11Switch_Initv                    
000156bd  _Z12ST7735_InitR10initRFlags        
00017285  _Z12ST7735_closei                   
000171c3  _Z12ST7735_lseekili                 
00016961  _Z12ST7735_writeiPKcj               
00017145  _Z12UART2_Enablev                   
00016ce5  _Z12UART2_InCharv                   
00016619  _Z13IRxmt_OutCharc                  
00015e01  _Z13IRxmt_SendBiti                  
00017231  _Z13ST7735_renamePKcS0_             
0001728f  _Z13ST7735_unlinkPKc                
00017155  _Z13UART2_Disablev                  
00016995  _Z14Clock_Delay1msj                 
00015ba1  _Z14LaunchPad_Initv                 
00016661  _Z14SPI_OutCommandc                 
000150bd  _Z14ST7735_OutCharc                 
00015399  _Z14TimerG7_IntArmtjj               
00016929  _Z15ActivatePortA_Bv                
00013bf9  _Z15Clock_Init80MHzi                
00013dad  _Z15ST7735_DrawCharsscssh           
00014725  _Z15ST7735_FillRectsssst            
00015755  _Z15TimerG12_IntArmjj               
00013f51  _Z16ST7735_DrawCharSsscssh          
00015e75  _Z16ST7735_DrawPixelsst             
000169c9  _Z16ST7735_SetCursorjj              
000139e9  _Z17ST7735_DrawBitmapssPKtss        
00015a19  _Z17ST7735_DrawStringttPcs          
00016d11  _Z17ST7735_FillScreent              
00015585  _Z17ST7735_InitPrintfv              
00014b51  _Z18ST7735_SetRotationh             
0001518d  _Z20ST7735_DrawFastHLinessst        
0001523d  _Z20ST7735_DrawFastVLinessst        
00017165  _Z28TExaS_LaunchPadLogicPB27PB26v   
0001723d  _Z5Delayj                           
000145fd  _Z8ADC_InitP10ADC12_Regsjj          
00017299  _Z8PLL_Initv                        
00014a59  _Z8SPI_Initv                        
00016dbd  _Z9ADC_StartP10ADC12_Regs           
00016779  _Z9SPI_Resetv                       
00017019  _Z9Switch_Inv                       
00014d31  _Z9UART_Initv                       
000166a9  _ZN5Queue3GetEPc                    
000166f1  _ZN5Queue3PutEc                     
00016f81  _ZN5Queue6IsFullEv                  
000170c7  _ZN5Queue7IsEmptyEv                 
00017175  _ZN5QueueC1Ev                       
00017175  _ZN5QueueC2Ev                       
000170db  _ZN6Player13setPossessionEh         
00015621  _ZN6Player14checkProximityE7Machine 
000162b1  _ZN6Player14printPosessionEh        
00015d15  _ZN6Player15getMachineInputE7Machine
00015b1f  _ZN6Player16resetCoordinatesEv      
00014951  _ZN6Player6moveUpEv                 
00017249  _ZN6Player7getSizeEv                
000171d1  _ZN6Player7getXPosEv                
000171df  _ZN6Player7getYPosEv                
000144d1  _ZN6Player8moveDownEv               
000164f1  _ZN6Player8moveLeftEv               
0001653d  _ZN6Player9moveRightEv              
00017035  _ZN6PlayerC1Ev                      
00017035  _ZN6PlayerC2Ev                      
00012081  _ZN7Machine10updateCartEh           
00012d21  _ZN7Machine10updateRockEh           
000170ed  _ZN7Machine11setRockTypeEh          
000132dd  _ZN7Machine12printRefinerEv         
000140f1  _ZN7Machine13cartSendErrorEhh       
0001302d  _ZN7Machine13printCountersEPS_      
000125ad  _ZN7Machine13updateRefinerEh        
00012979  _ZN7Machine14updateCountersEhPS_    
000143a1  _ZN7Machine15printTurnInAreaEv      
00013589  _ZN7Machine16updateTurnInAreaEh     
000137d1  _ZN7Machine9printCartEv             
000152ed  _ZN7Machine9printRockEv             
000170ff  _ZN7Machine9setSpriteEh             
0001608d  _ZN7MachineC1Ehhhhhh                
00015a9d  _ZN7MachineC1Ehhhhhhhhh             
00015875  _ZN7MachineC1Ehhhhhhhhhh            
0001608d  _ZN7MachineC2Ehhhhhh                
00015a9d  _ZN7MachineC2Ehhhhhhhhh             
00015875  _ZN7MachineC2Ehhhhhhhhhh            
00016305  _ZN8SlidePot2InEv                   
000157e9  _ZN8SlidePot4InitEv                 
00016e85  _ZN8SlidePot4SaveEj                 
00016fa3  _ZN8SlidePot4SyncEv                 
00017255  _ZN8SlidePot9DistanceXEv            
00017261  _ZN8SlidePot9DistanceYEv            
000171ed  _ZN8SlidePotC1Ev                    
000171ed  _ZN8SlidePotC2Ev                    
20200608  __CIOBUF_                           
20208000  __STACK_END                         
00000200  __STACK_SIZE                        
00000200  __SYSMEM_SIZE                       
00000000  __TI_ATRegion0_region_sz            
00000000  __TI_ATRegion0_src_addr             
00000000  __TI_ATRegion0_trg_addr             
00000000  __TI_ATRegion1_region_sz            
00000000  __TI_ATRegion1_src_addr             
00000000  __TI_ATRegion1_trg_addr             
00000000  __TI_ATRegion2_region_sz            
00000000  __TI_ATRegion2_src_addr             
00000000  __TI_ATRegion2_trg_addr             
000173cc  __TI_CINIT_Base                     
000173dc  __TI_CINIT_Limit                    
000173dc  __TI_CINIT_Warm                     
000173b8  __TI_Handler_Table_Base             
000173c4  __TI_Handler_Table_Limit            
00016359  __TI_auto_init_nobinit              
000169fd  __TI_cleanup                        
202003c4  __TI_cleanup_ptr                    
00015c1d  __TI_closefile                      
00015c99  __TI_decompress_lzss                
00017123  __TI_decompress_none                
000163ad  __TI_doflush                        
202003c8  __TI_dtors_ptr                      
202003e0  __TI_ft_end                         
ffffffff  __TI_pprof_out_hndl                 
ffffffff  __TI_prof_data_size                 
ffffffff  __TI_prof_data_start                
00016a31  __TI_readmsg                        
00000000  __TI_static_base__                  
20200728  __TI_tmpnams                        
00016a65  __TI_writemsg                       
000170b1  __TI_zero_init_nomemset             
00016259  __aeabi_idiv                        
000158ff  __aeabi_idiv0                       
00016259  __aeabi_idivmod                     
0001726d  __aeabi_memclr                      
0001726d  __aeabi_memclr4                     
0001726d  __aeabi_memclr8                     
000172a5  __aeabi_memcpy                      
000172a5  __aeabi_memcpy4                     
000172a5  __aeabi_memcpy8                     
000167b9  __aeabi_uidiv                       
000167b9  __aeabi_uidivmod                    
ffffffff  __binit__                           
UNDEFED   __mpu_init                          
20207e00  __stack                             
20200000  __start___llvm_prf_bits             
20200000  __start___llvm_prf_cnts             
20200000  __stop___llvm_prf_bits              
20200000  __stop___llvm_prf_cnts              
00016e5d  _c_int00_noargs                     
20200178  _device                             
20200000  _ftable                             
202003e4  _lock                               
00015b9f  _nop                                
202001f0  _stream                             
20200408  _sys_memory                         
UNDEFED   _system_post_cinit                  
000172b9  _system_pre_init                    
202003e8  _unlock                             
000172bd  abort                               
00014c45  add_device                          
0001483d  aligned_alloc                       
ffffffff  binit                               
202007e4  buttons                             
000164a1  close                               
00016a99  exit                                
00016acd  finddevice                          
00016cb5  fopen                               
00014e19  free                                
00016b01  freopen                             
00015fbd  getdevice                           
202003f9  input                               
00000000  interruptVectors                    
202002e4  m_anvil                             
202002f2  m_cart1                             
20200300  m_cart2                             
2020030e  m_counter1                          
2020031c  m_counter2                          
2020032a  m_counter3                          
20200338  m_counter4                          
20200346  m_counter5                          
20200354  m_counter6                          
20200362  m_portal                            
20200370  m_refiner                           
2020037e  m_rock1                             
2020038c  m_rock2                             
2020039a  m_smelter                           
202003a8  m_todo                              
00011751  main                                
00017279  malloc                              
0001483d  memalign                            
202003fa  numCounters                         
000154e5  open                                
202003cc  p1                                  
202007c8  parmbuf                             
202003fb  progH                               
202003fd  progW                               
000172ad  remove                              
00014f01  setvbuf                             
202000f0  sprites                             
00015991  strcmp                              
202007e5  toDoOpen                            
00016d69  unlink                              
00016e35  write                               


GLOBAL SYMBOLS: SORTED BY Symbol Address 

address   name                                
-------   ----                                
00000000  __TI_ATRegion0_region_sz            
00000000  __TI_ATRegion0_src_addr             
00000000  __TI_ATRegion0_trg_addr             
00000000  __TI_ATRegion1_region_sz            
00000000  __TI_ATRegion1_src_addr             
00000000  __TI_ATRegion1_trg_addr             
00000000  __TI_ATRegion2_region_sz            
00000000  __TI_ATRegion2_src_addr             
00000000  __TI_ATRegion2_trg_addr             
00000000  __TI_static_base__                  
00000000  interruptVectors                    
00000200  __STACK_SIZE                        
00000200  __SYSMEM_SIZE                       
00011751  main                                
00012081  _ZN7Machine10updateCartEh           
000125ad  _ZN7Machine13updateRefinerEh        
00012979  _ZN7Machine14updateCountersEhPS_    
00012d21  _ZN7Machine10updateRockEh           
0001302d  _ZN7Machine13printCountersEPS_      
000132dd  _ZN7Machine12printRefinerEv         
00013589  _ZN7Machine16updateTurnInAreaEh     
000137d1  _ZN7Machine9printCartEv             
000139e9  _Z17ST7735_DrawBitmapssPKtss        
00013bf9  _Z15Clock_Init80MHzi                
00013dad  _Z15ST7735_DrawCharsscssh           
00013f51  _Z16ST7735_DrawCharSsscssh          
000140f1  _ZN7Machine13cartSendErrorEhh       
000143a1  _ZN7Machine15printTurnInAreaEv      
000144d1  _ZN6Player8moveDownEv               
000145fd  _Z8ADC_InitP10ADC12_Regsjj          
00014725  _Z15ST7735_FillRectsssst            
0001483d  aligned_alloc                       
0001483d  memalign                            
00014951  _ZN6Player6moveUpEv                 
00014a59  _Z8SPI_Initv                        
00014b51  _Z18ST7735_SetRotationh             
00014c45  add_device                          
00014d31  _Z9UART_Initv                       
00014e19  free                                
00014f01  setvbuf                             
00014fe1  _Z10UART2_Initv                     
000150bd  _Z14ST7735_OutCharc                 
0001518d  _Z20ST7735_DrawFastHLinessst        
0001523d  _Z20ST7735_DrawFastVLinessst        
000152ed  _ZN7Machine9printRockEv             
00015399  _Z14TimerG7_IntArmtjj               
000154e3  SysTick_Handler                     
000154e5  open                                
00015585  _Z17ST7735_InitPrintfv              
00015621  _ZN6Player14checkProximityE7Machine 
000156bd  _Z12ST7735_InitR10initRFlags        
00015755  _Z15TimerG12_IntArmjj               
000157e9  _ZN8SlidePot4InitEv                 
00015875  _ZN7MachineC1Ehhhhhhhhhh            
00015875  _ZN7MachineC2Ehhhhhhhhhh            
000158ff  __aeabi_idiv0                       
00015991  strcmp                              
00015a19  _Z17ST7735_DrawStringttPcs          
00015a9d  _ZN7MachineC1Ehhhhhhhhh             
00015a9d  _ZN7MachineC2Ehhhhhhhhh             
00015b1f  _ZN6Player16resetCoordinatesEv      
00015b9f  _nop                                
00015ba1  _Z14LaunchPad_Initv                 
00015c1d  __TI_closefile                      
00015c99  __TI_decompress_lzss                
00015d15  _ZN6Player15getMachineInputE7Machine
00015d8d  UART2_IRQHandler                    
00015e01  _Z13IRxmt_SendBiti                  
00015e75  _Z16ST7735_DrawPixelsst             
00015ee5  HOSTlseek                           
00015f51  HOSTrename                          
00015fbd  getdevice                           
0001608d  _ZN7MachineC1Ehhhhhh                
0001608d  _ZN7MachineC2Ehhhhhh                
000160f1  HOSTopen                            
00016151  HOSTread                            
000161a9  HOSTwrite                           
00016201  _Z10TExaS_InitP10ADC12_RegsjPFhvE   
00016259  __aeabi_idiv                        
00016259  __aeabi_idivmod                     
000162b1  _ZN6Player14printPosessionEh        
00016305  _ZN8SlidePot2InEv                   
00016359  __TI_auto_init_nobinit              
000163ad  __TI_doflush                        
000164a1  close                               
000164f1  _ZN6Player8moveLeftEv               
0001653d  _ZN6Player9moveRightEv              
00016589  HOSTclose                           
000165d1  HOSTunlink                          
00016619  _Z13IRxmt_OutCharc                  
00016661  _Z14SPI_OutCommandc                 
000166a9  _ZN5Queue3GetEPc                    
000166f1  _ZN5Queue3PutEc                     
00016739  TIMG7_IRQHandler                    
00016779  _Z9SPI_Resetv                       
000167b9  __aeabi_uidiv                       
000167b9  __aeabi_uidivmod                    
00016879  TIMG12_IRQHandler                   
000168b5  _Z10Sound_Initv                     
000168f1  _Z11SPI_OutDatac                    
00016929  _Z15ActivatePortA_Bv                
00016961  _Z12ST7735_writeiPKcj               
00016995  _Z14Clock_Delay1msj                 
000169c9  _Z16ST7735_SetCursorjj              
000169fd  __TI_cleanup                        
00016a31  __TI_readmsg                        
00016a65  __TI_writemsg                       
00016a91  C$$IO$$                             
00016a99  exit                                
00016acd  finddevice                          
00016b01  freopen                             
00016cb5  fopen                               
00016ce5  _Z12UART2_InCharv                   
00016d11  _Z17ST7735_FillScreent              
00016d69  unlink                              
00016d95  _Z10IRxmt_Initv                     
00016dbd  _Z9ADC_StartP10ADC12_Regs           
00016e35  write                               
00016e5d  _c_int00_noargs                     
00016e85  _ZN8SlidePot4SaveEj                 
00016f81  _ZN5Queue6IsFullEv                  
00016fa3  _ZN8SlidePot4SyncEv                 
00016fe1  ADC0_IRQHandler                     
00016fe1  ADC1_IRQHandler                     
00016fe1  AES_IRQHandler                      
00016fe1  CANFD0_IRQHandler                   
00016fe1  DAC0_IRQHandler                     
00016fe1  DMA_IRQHandler                      
00016fe1  Default_Handler                     
00016fe1  GROUP0_IRQHandler                   
00016fe1  GROUP1_IRQHandler                   
00016fe1  I2C0_IRQHandler                     
00016fe1  I2C1_IRQHandler                     
00016fe1  NMI_Handler                         
00016fe1  PendSV_Handler                      
00016fe1  RTC_IRQHandler                      
00016fe1  SPI0_IRQHandler                     
00016fe1  SPI1_IRQHandler                     
00016fe1  SVC_Handler                         
00016fe1  TIMA0_IRQHandler                    
00016fe1  TIMA1_IRQHandler                    
00016fe1  TIMG0_IRQHandler                    
00016fe1  TIMG6_IRQHandler                    
00016fe1  TIMG8_IRQHandler                    
00016fe1  UART0_IRQHandler                    
00016fe1  UART1_IRQHandler                    
00016fe1  UART3_IRQHandler                    
00016ffd  HardFault_Handler                   
00017019  _Z9Switch_Inv                       
00017035  _ZN6PlayerC1Ev                      
00017035  _ZN6PlayerC2Ev                      
0001706d  _Z11Switch_Initv                    
00017085  _Z11ST7735_openPKcji                
0001709b  _Z11ST7735_readiPcj                 
000170b1  __TI_zero_init_nomemset             
000170c7  _ZN5Queue7IsEmptyEv                 
000170db  _ZN6Player13setPossessionEh         
000170ed  _ZN7Machine11setRockTypeEh          
000170ff  _ZN7Machine9setSpriteEh             
00017111  TI_memcpy_small                     
00017123  __TI_decompress_none                
00017135  _Z11Clock_Delayj                    
00017145  _Z12UART2_Enablev                   
00017155  _Z13UART2_Disablev                  
00017165  _Z28TExaS_LaunchPadLogicPB27PB26v   
00017175  _ZN5QueueC1Ev                       
00017175  _ZN5QueueC2Ev                       
000171c3  _Z12ST7735_lseekili                 
000171d1  _ZN6Player7getXPosEv                
000171df  _ZN6Player7getYPosEv                
000171ed  _ZN8SlidePotC1Ev                    
000171ed  _ZN8SlidePotC2Ev                    
00017217  TI_memset_small                     
00017225  _Z10Clock_Freqv                     
00017231  _Z13ST7735_renamePKcS0_             
0001723d  _Z5Delayj                           
00017249  _ZN6Player7getSizeEv                
00017255  _ZN8SlidePot9DistanceXEv            
00017261  _ZN8SlidePot9DistanceYEv            
0001726d  __aeabi_memclr                      
0001726d  __aeabi_memclr4                     
0001726d  __aeabi_memclr8                     
00017279  malloc                              
00017285  _Z12ST7735_closei                   
0001728f  _Z13ST7735_unlinkPKc                
00017299  _Z8PLL_Initv                        
000172a5  __aeabi_memcpy                      
000172a5  __aeabi_memcpy4                     
000172a5  __aeabi_memcpy8                     
000172ad  remove                              
000172b5  Reset_Handler                       
000172b9  _system_pre_init                    
000172bc  C$$EXIT                             
000172bd  abort                               
000172c0  SHT$$INIT_ARRAY$$Base               
000172c8  SHT$$INIT_ARRAY$$Limit              
000173b8  __TI_Handler_Table_Base             
000173c4  __TI_Handler_Table_Limit            
000173cc  __TI_CINIT_Base                     
000173dc  __TI_CINIT_Limit                    
000173dc  __TI_CINIT_Warm                     
20200000  __start___llvm_prf_bits             
20200000  __start___llvm_prf_cnts             
20200000  __stop___llvm_prf_bits              
20200000  __stop___llvm_prf_cnts              
20200000  _ftable                             
202000f0  sprites                             
20200178  _device                             
202001f0  _stream                             
20200240  Counters                            
20200278  FIFO2                               
202002a4  Counters2                           
202002ce  StTextColor                         
202002e4  m_anvil                             
202002f2  m_cart1                             
20200300  m_cart2                             
2020030e  m_counter1                          
2020031c  m_counter2                          
2020032a  m_counter3                          
20200338  m_counter4                          
20200346  m_counter5                          
20200354  m_counter6                          
20200362  m_portal                            
20200370  m_refiner                           
2020037e  m_rock1                             
2020038c  m_rock2                             
2020039a  m_smelter                           
202003a8  m_todo                              
202003b8  Sensor                              
202003c4  __TI_cleanup_ptr                    
202003c8  __TI_dtors_ptr                      
202003cc  p1                                  
202003d4  BusFreq                             
202003d8  StX                                 
202003dc  StY                                 
202003e0  __TI_ft_end                         
202003e4  _lock                               
202003e8  _unlock                             
202003f9  input                               
202003fa  numCounters                         
202003fb  progH                               
202003fd  progW                               
20200408  _sys_memory                         
20200608  _CIOBUF_                            
20200608  __CIOBUF_                           
20200728  __TI_tmpnams                        
202007c8  parmbuf                             
202007d0  LostData                            
202007d4  TExaSLogic                          
202007d8  TExaSadc                            
202007e4  buttons                             
202007e5  toDoOpen                            
20207e00  __stack                             
20208000  __STACK_END                         
ffffffff  __TI_pprof_out_hndl                 
ffffffff  __TI_prof_data_size                 
ffffffff  __TI_prof_data_start                
ffffffff  __binit__                           
ffffffff  binit                               
UNDEFED   __mpu_init                          
UNDEFED   _system_post_cinit                  

[261 symbols]
