******************************************************************************
            TI ARM Clang Linker PC v4.0.1                      
******************************************************************************
>> Linked Thu Apr 17 20:10:08 2025

OUTPUT FILE NAME:   <MadMines.out>
ENTRY POINT SYMBOL: "_c_int00_noargs"  address: 00015fcd


MEMORY CONFIGURATION

         name            origin    length      used     unused   attr    fill
----------------------  --------  ---------  --------  --------  ----  --------
  FLASH                 00000000   00020000  00016590  00009a70  R  X
  SRAM                  20200000   00008000  0000097c  00007684  RW X
  BCR_CONFIG            41c00000   00000080  00000000  00000080  R   
  BSL_CONFIG            41c00100   00000080  00000000  00000080  R   


SEGMENT ALLOCATION MAP

run origin  load origin   length   init length attrs members
----------  ----------- ---------- ----------- ----- -------
00000000    00000000    00016590   00016590    r-x
  00000000    00000000    000000c0   000000c0    r-- .intvecs
  000000c0    000000c0    000115b8   000115b8    r-- .rodata
  00011678    00011678    00000008   00000008    r-- .init_array
  00011680    00011680    00004e10   00004e10    r-x .text
  00016490    00016490    00000100   00000100    r-- .cinit
20200000    20200000    00000783   00000000    rw-
  20200000    20200000    00000399   00000000    rw- .data
  202003a0    202003a0    00000200   00000000    rw- .sysmem
  202005a0    202005a0    000001e3   00000000    rw- .bss
20207e00    20207e00    00000200   00000000    rw-
  20207e00    20207e00    00000200   00000000    rw- .stack


SECTION ALLOCATION MAP

 output                                  attributes/
section   page    origin      length       input sections
--------  ----  ----------  ----------   ----------------
.intvecs   0    00000000    000000c0     
                  00000000    000000c0     startup_mspm0g3507_ticlang.o (.intvecs)

.binit     0    00000000    00000000     

.text      0    00011680    00004e10     
                  00011680    000004f8     Lab9HMain.o (.text.main)
                  00011b78    00000408     Machine.o (.text._ZN7Machine11updateAnvilEh)
                  00011f80    000003e4     Machine.o (.text._ZN7Machine10updateCartEh)
                  00012364    00000330     Machine.o (.text._ZN7Machine13updateSmelterEh)
                  00012694    000002b8     Machine.o (.text._ZN7Machine10updateRockEh)
                  0001294c    00000210     ST7735.o (.text._Z17ST7735_DrawBitmapssPKtss)
                  00012b5c    000001d8     Machine.o (.text._ZN7Machine9printCartEv)
                  00012d34    000001b4     Clock.o (.text._Z15Clock_Init80MHzi)
                  00012ee8    000001ac     Machine.o (.text._ZN7Machine13computeRecipeEPaa)
                  00013094    000001a0     ST7735.o (.text._Z16ST7735_DrawCharSsscssh)
                  00013234    00000190     Machine.o (.text._ZN7Machine12printSmelterEv)
                  000133c4    00000160     Machine.o (.text._ZN7Machine15updateAnvilMenuEPaa)
                  00013524    0000015c     Machine.o (.text._ZN7Machine13cartSendErrorEhh)
                  00013680    00000154     libc.a : fopen.c.obj (.text._openfile)
                  000137d4    0000012c     Player.o (.text._ZN6Player8moveDownEv)
                  00013900    00000128     TExaS.o (.text._Z8ADC_InitP10ADC12_Regsjj)
                  00013a28    00000118     ST7735.o (.text._Z15ST7735_FillRectsssst)
                  00013b40    00000114     libc.a : memory.c.obj (.text.aligned_alloc)
                  00013c54    00000108     Player.o (.text._ZN6Player6moveUpEv)
                  00013d5c    000000f8     SPI.o (.text._Z8SPI_Initv)
                  00013e54    000000f4     ST7735.o (.text._Z18ST7735_SetRotationh)
                  00013f48    000000ec     libsysbm.a : add_device.c.obj (.text.add_device)
                  00014034    000000e8     TExaS.o (.text._Z9UART_Initv)
                  0001411c    000000e8     libc.a : memory.c.obj (.text.free)
                  00014204    000000e0            : setvbuf.c.obj (.text.setvbuf)
                  000142e4    000000dc     UART2.o (.text._Z10UART2_Initv)
                  000143c0    000000d0     ST7735.o (.text._Z14ST7735_OutCharc)
                  00014490    000000b0     ST7735.o (.text._Z20ST7735_DrawFastHLinessst)
                  00014540    000000b0     ST7735.o (.text._Z20ST7735_DrawFastVLinessst)
                  000145f0    000000a8     Timer.o (.text._Z14TimerG7_IntArmtjj)
                  00014698    000000a2     ST7735.o (.text._ZL11commandListPKh)
                  0001473a    00000002     Sound.o (.text.SysTick_Handler)
                  0001473c    000000a0     libsysbm.a : open.c.obj (.text.open)
                  000147dc    0000009c     ST7735.o (.text._Z17ST7735_InitPrintfv)
                  00014878    0000009c     Player.o (.text._ZN6Player14checkProximityE7Machine)
                  00014914    00000098     ST7735.o (.text._Z12ST7735_InitR10initRFlags)
                  000149ac    00000098     Machine.o (.text._ZN7Machine10printAnvilEv)
                  00014a44    00000094     Timer.o (.text._Z15TimerG12_IntArmjj)
                  00014ad8    0000008c     SlidePot.o (.text._ZN8SlidePot4InitEv)
                  00014b64    00000088     ST7735.o (.text._ZL13setAddrWindowhhhh)
                  00014bec    00000004     libc.a : pre_init.c.obj (.text._system_pre_init)
                  00014bf0    00000088            : strcmp-armv6m.S.obj (.text:strcmp)
                  00014c78    00000084     ST7735.o (.text._Z17ST7735_DrawStringttPcs)
                  00014cfc    00000082     Machine.o (.text._ZN7MachineC2Ehhhhhhhhh)
                  00014d7e    00000080     Player.o (.text._ZN6Player16resetCoordinatesEv)
                  00014dfe    00000002     libclang_rt.builtins.a : aeabi_div0.c.obj (.text.__aeabi_idiv0)
                  00014e00    0000007c     LaunchPad.o (.text._Z14LaunchPad_Initv)
                  00014e7c    0000007c     libc.a : fclose.c.obj (.text.__TI_closefile)
                  00014ef8    0000007c            : copy_decompress_lzss.c.obj (.text:decompress:lzss)
                  00014f74    00000078     Player.o (.text._ZN6Player15getMachineInputE7Machine)
                  00014fec    00000078     Machine.o (.text._ZN7Machine9printRockEv)
                  00015064    00000074     UART2.o (.text.UART2_IRQHandler)
                  000150d8    00000074     IRxmt.o (.text._Z13IRxmt_SendBiti)
                  0001514c    00000070     ST7735.o (.text._Z16ST7735_DrawPixelsst)
                  000151bc    0000006c     libsysbm.a : hostlseek.c.obj (.text.HOSTlseek)
                  00015228    0000006c                : hostrename.c.obj (.text.HOSTrename)
                  00015294    0000006c     libc.a : getdevice.c.obj (.text.getdevice)
                  00015300    00000064            : memory.c.obj (.text.split)
                  00015364    00000062     Machine.o (.text._ZN7MachineC2Ehhhhhh)
                  000153c6    00000002     libc.a : _lock.c.obj (.text._nop)
                  000153c8    00000060     libsysbm.a : hostopen.c.obj (.text.HOSTopen)
                  00015428    00000058                : hostread.c.obj (.text.HOSTread)
                  00015480    00000058                : hostwrite.c.obj (.text.HOSTwrite)
                  000154d8    00000058     TExaS.o (.text._Z10TExaS_InitP10ADC12_RegsjPFhvE)
                  00015530    00000056     libclang_rt.builtins.a : aeabi_idivmod.S.obj (.text.__aeabi_idivmod)
                  00015586    00000002     --HOLE-- [fill = 0]
                  00015588    00000054     Player.o (.text._ZN6Player14printPosessionEh)
                  000155dc    00000054     SlidePot.o (.text._ZN8SlidePot2InEv)
                  00015630    00000054     libc.a : autoinit.c.obj (.text:__TI_auto_init_nobinit)
                  00015684    00000052            : fflush.c.obj (.text.__TI_doflush)
                  000156d6    00000002     --HOLE-- [fill = 0]
                  000156d8    00000050     Lab9HMain.o (.text.__cxx_global_var_init.10)
                  00015728    00000050     libsysbm.a : close.c.obj (.text.close)
                  00015778    0000004c     Player.o (.text._ZN6Player8moveLeftEv)
                  000157c4    0000004c     Player.o (.text._ZN6Player9moveRightEv)
                  00015810    00000048     libsysbm.a : hostclose.c.obj (.text.HOSTclose)
                  00015858    00000048                : hostunlink.c.obj (.text.HOSTunlink)
                  000158a0    00000048     IRxmt.o (.text._Z13IRxmt_OutCharc)
                  000158e8    00000048     SPI.o (.text._Z14SPI_OutCommandc)
                  00015930    00000048     FIFO2.o (.text._ZN5Queue3GetEPc)
                  00015978    00000048     FIFO2.o (.text._ZN5Queue3PutEc)
                  000159c0    00000040     TExaS.o (.text.TIMG7_IRQHandler)
                  00015a00    00000040     Lab9HMain.o (.text._GLOBAL__sub_I_Lab9HMain.cpp)
                  00015a40    00000040     SPI.o (.text._Z9SPI_Resetv)
                  00015a80    00000040     libclang_rt.builtins.a : aeabi_uidivmod.S.obj (.text.__aeabi_uidivmod)
                  00015ac0    00000040     libc.a : fopen.c.obj (.text._search_fp)
                  00015b00    0000003c     Lab9HMain.o (.text.TIMG12_IRQHandler)
                  00015b3c    0000003c     Sound.o (.text._Z10Sound_Initv)
                  00015b78    00000038     SPI.o (.text._Z11SPI_OutDatac)
                  00015bb0    00000038     LaunchPad.o (.text._Z15ActivatePortA_Bv)
                  00015be8    00000034     ST7735.o (.text._Z12ST7735_writeiPKcj)
                  00015c1c    00000034     Clock.o (.text._Z14Clock_Delay1msj)
                  00015c50    00000034     ST7735.o (.text._Z16ST7735_SetCursorjj)
                  00015c84    00000034     libc.a : fopen.c.obj (.text.__TI_cleanup)
                  00015cb8    00000034     libsysbm.a : trgmsg.c.obj (.text.__TI_readmsg)
                  00015cec    00000034                : trgmsg.c.obj (.text.__TI_writemsg)
                  00015d20    00000034     libc.a : exit.c.obj (.text.exit)
                  00015d54    00000034            : getdevice.c.obj (.text.finddevice)
                  00015d88    00000034            : fopen.c.obj (.text.freopen)
                  00015dbc    00000030     ST7735.o (.text._ZL10commonInitPKh)
                  00015dec    00000030     Lab9HMain.o (.text.__cxx_global_var_init.7)
                  00015e1c    00000030     Lab9HMain.o (.text.__cxx_global_var_init.8)
                  00015e4c    00000030     Lab9HMain.o (.text.__cxx_global_var_init.9)
                  00015e7c    00000030     libc.a : fopen.c.obj (.text.fopen)
                  00015eac    0000002c     ST7735.o (.text._Z17ST7735_FillScreent)
                  00015ed8    0000002c     libsysbm.a : unlink.c.obj (.text.unlink)
                  00015f04    00000028     IRxmt.o (.text._Z10IRxmt_Initv)
                  00015f2c    00000028     TExaS.o (.text._Z9ADC_StartP10ADC12_Regs)
                  00015f54    00000028     Lab9HMain.o (.text.__cxx_global_var_init.6)
                  00015f7c    00000028     libc.a : memory.c.obj (.text.free_list_insert)
                  00015fa4    00000028     libsysbm.a : write.c.obj (.text.write)
                  00015fcc    00000028     libc.a : boot_cortex_m.c.obj (.text:_c_int00_noargs)
                  00015ff4    00000024     SlidePot.o (.text._ZN8SlidePot4SaveEj)
                  00016018    00000024     Lab9HMain.o (.text.__cxx_global_var_init.11)
                  0001603c    00000024     Lab9HMain.o (.text.__cxx_global_var_init.12)
                  00016060    00000024     Lab9HMain.o (.text.__cxx_global_var_init.13)
                  00016084    00000024     Lab9HMain.o (.text.__cxx_global_var_init.14)
                  000160a8    00000024     Lab9HMain.o (.text.__cxx_global_var_init.2)
                  000160cc    00000024     Lab9HMain.o (.text.__cxx_global_var_init.3)
                  000160f0    00000024     Lab9HMain.o (.text.__cxx_global_var_init.4)
                  00016114    00000024     Lab9HMain.o (.text.__cxx_global_var_init.5)
                  00016138    00000022     FIFO2.o (.text._ZN5Queue6IsFullEv)
                  0001615a    00000020     SlidePot.o (.text._ZN8SlidePot4SyncEv)
                  0001617a    0000001e     ST7735.o (.text._ZL9pushColort)
                  00016198    0000001c     startup_mspm0g3507_ticlang.o (.text.Default_Handler)
                  000161b4    0000001c     startup_mspm0g3507_ticlang.o (.text.HardFault_Handler)
                  000161d0    0000001c     UART2.o (.text._Z12UART2_InCharv)
                  000161ec    0000001c     Switch.o (.text._Z9Switch_Inv)
                  00016208    0000001c     Player.o (.text._ZN6PlayerC2Ev)
                  00016224    0000001c     libc.a : memory.c.obj (.text.free_list_remove)
                  00016240    00000018     Switch.o (.text._Z11Switch_Initv)
                  00016258    00000016     ST7735.o (.text._Z11ST7735_openPKcji)
                  0001626e    00000016     ST7735.o (.text._Z11ST7735_readiPcj)
                  00016284    00000016     libc.a : copy_zero_init.c.obj (.text:decompress:ZI:__TI_zero_init_nomemset)
                  0001629a    00000014     FIFO2.o (.text._ZN5Queue7IsEmptyEv)
                  000162ae    00000012     Player.o (.text._ZN6Player13setPossessionEh)
                  000162c0    00000012     Machine.o (.text._ZN7Machine11setRockTypeEh)
                  000162d2    00000012     libc.a : memcpy16.S.obj (.text:TI_memcpy_small)
                  000162e4    00000012            : copy_decompress_none.c.obj (.text:decompress:none)
                  000162f6    00000010     Clock.o (.text._Z11Clock_Delayj)
                  00016306    00000002     --HOLE-- [fill = 0]
                  00016308    00000010     UART2.o (.text._Z12UART2_Enablev)
                  00016318    00000010     UART2.o (.text._Z13UART2_Disablev)
                  00016328    00000010     Lab9HMain.o (.text._Z28TExaS_LaunchPadLogicPB27PB26v)
                  00016338    00000010     FIFO2.o (.text._ZN5QueueC2Ev)
                  00016348    00000010     Lab9HMain.o (.text.__cxx_global_var_init.1)
                  00016358    00000010     Lab9HMain.o (.text.__cxx_global_var_init)
                  00016368    00000010     UART2.o (.text.__cxx_global_var_init)
                  00016378    0000000e     libc.a : memory.c.obj (.text.OUTLINED_FUNCTION_0)
                  00016386    0000000e     ST7735.o (.text._Z12ST7735_lseekili)
                  00016394    0000000e     Player.o (.text._ZN6Player7getXPosEv)
                  000163a2    0000000e     Player.o (.text._ZN6Player7getYPosEv)
                  000163b0    0000000e     SlidePot.o (.text._ZN8SlidePotC2Ev)
                  000163be    0000000e     libsysbm.a : hostrename.c.obj (.text.strcpy)
                  000163cc    0000000e                : hostrename.c.obj (.text.strlen)
                  000163da    0000000e     libc.a : memset16.S.obj (.text:TI_memset_small)
                  000163e8    0000000c     Clock.o (.text._Z10Clock_Freqv)
                  000163f4    0000000c     ST7735.o (.text._Z13ST7735_renamePKcS0_)
                  00016400    0000000c     IRxmt.o (.text._Z5Delayj)
                  0001640c    0000000c     Player.o (.text._ZN6Player7getSizeEv)
                  00016418    0000000c     SlidePot.o (.text._ZN8SlidePot9DistanceXEv)
                  00016424    0000000c     SlidePot.o (.text._ZN8SlidePot9DistanceYEv)
                  00016430    0000000c     libclang_rt.builtins.a : aeabi_memset.S.obj (.text.__aeabi_memclr)
                  0001643c    0000000c     libc.a : memory.c.obj (.text.malloc)
                  00016448    0000000a     ST7735.o (.text._Z12ST7735_closei)
                  00016452    0000000a     ST7735.o (.text._Z13ST7735_unlinkPKc)
                  0001645c    0000000a     Lab9HMain.o (.text._Z8PLL_Initv)
                  00016466    00000008     UART2.o (.text._GLOBAL__sub_I_UART2.cpp)
                  0001646e    00000002     --HOLE-- [fill = 0]
                  00016470    00000008     libclang_rt.builtins.a : aeabi_memcpy.S.obj (.text.__aeabi_memcpy)
                  00016478    00000008     libsysbm.a : remove.c.obj (.text.remove)
                  00016480    00000004     startup_mspm0g3507_ticlang.o (.text.Reset_Handler)
                  00016484    00000004     libc.a : exit.c.obj (.text:abort)
                  00016488    00000008     --HOLE-- [fill = 0]

.cinit     0    00016490    00000100     
                  00016490    000000db     (.cinit..data.load) [load image, compression = lzss]
                  0001656b    00000001     --HOLE-- [fill = 0]
                  0001656c    0000000c     (__TI_handler_table)
                  00016578    00000008     (.cinit..bss.load) [load image, compression = zero_init]
                  00016580    00000010     (__TI_cinit_table)

.rodata    0    000000c0    000115b8     
                  000000c0    00002700     Machine.o (.rodata._ZL9anvilMenu)
                  000027c0    00001008     Machine.o (.rodata._ZL11smelterFail)
                  000037c8    00001008     Machine.o (.rodata._ZL14smelterWorking)
                  000047d0    00001008     Machine.o (.rodata._ZL16smelterHighlight)
                  000057d8    00001008     Machine.o (.rodata._ZL20smelterFailHighlight)
                  000067e0    00001008     Machine.o (.rodata._ZL7smelter)
                  000077e8    00000f78     Machine.o (.rodata._ZL12anvilWorking)
                  00008760    00000f78     Machine.o (.rodata._ZL14anvilHighlight)
                  000096d8    00000f78     Machine.o (.rodata._ZL5anvil)
                  0000a650    00000f74     Machine.o (.rodata._ZL13cartHighlight)
                  0000b5c4    00000f74     Machine.o (.rodata._ZL4cart)
                  0000c538    00000bb0     Machine.o (.rodata._ZL11workingRock)
                  0000d0e8    00000bb0     Machine.o (.rodata._ZL13highlightRock)
                  0000dc98    00000bb0     Machine.o (.rodata._ZL4rock)
                  0000e848    000006e0     Machine.o (.rodata._ZL6ladder)
                  0000ef28    000004fb     ST7735.o (.rodata._ZL4Font)
                  0000f423    00000001     --HOLE-- [fill = 0]
                  0000f424    00000480     Lab9HMain.o (.rodata._ZL5miner)
                  0000f8a4    00000348     Machine.o (.rodata._ZL5watch)
                  0000fbec    00000320     Machine.o (.rodata._ZL5trash)
                  0000ff0c    000002d2     Machine.o (.rodata._ZL5sword)
                  000101de    000002ac     Machine.o (.rodata._ZL3key)
                  0001048a    000002a0     Machine.o (.rodata._ZL6shield)
                  0001072a    00000220     Machine.o (.rodata._ZL4ring)
                  0001094a    0000018c     Machine.o (.rodata._ZL10rawDiamond)
                  00010ad6    0000018c     Machine.o (.rodata._ZL10rawEmerald)
                  00010c62    0000018c     Machine.o (.rodata._ZL7rawGold)
                  00010dee    0000018c     Machine.o (.rodata._ZL7rawRuby)
                  00010f7a    0000018c     Machine.o (.rodata._ZL9rawSilver)
                  00011106    0000010e     Machine.o (.rodata._ZL4gold)
                  00011214    0000010e     Machine.o (.rodata._ZL6silver)
                  00011322    000000d8     Machine.o (.rodata._ZL4Ruby)
                  000113fa    000000d8     Machine.o (.rodata._ZL7Diamond)
                  000114d2    000000d8     Machine.o (.rodata._ZL7Emerald)
                  000115aa    0000003b     ST7735.o (.rodata._ZL5Rcmd1)
                  000115e5    0000002b     ST7735.o (.rodata._ZL5Rcmd3)
                  00011610    00000019     Machine.o (.rodata._ZL7recipes)
                  00011629    00000016     ST7735.o (.rodata.str1.43788427057889536241)
                  0001163f    0000000d     ST7735.o (.rodata._ZL10Rcmd2green)
                  0001164c    0000000d     ST7735.o (.rodata._ZL8Rcmd2red)
                  00011659    00000008     ST7735.o (.rodata.str1.54535931475021008601)
                  00011661    00000007     ST7735.o (.rodata.str1.103567388005067375301)
                  00011668    00000007     ST7735.o (.rodata.str1.132933244321656697041)
                  0001166f    00000002     ST7735.o (.rodata.str1.18657686242476325171)
                  00011671    00000007     --HOLE-- [fill = 0]

.init_array 
*          0    00011678    00000008     
                  00011678    00000004     UART2.o (.init_array)
                  0001167c    00000004     Lab9HMain.o (.init_array)

.data      0    20200000    00000399     UNINITIALIZED
                  20200000    000000f0     libc.a : defs.c.obj (.data._ftable)
                  202000f0    00000088     Machine.o (.data.sprites)
                  20200178    00000078     libsysbm.a : host_device.c.obj (.data._device)
                  202001f0    00000050                : host_device.c.obj (.data._stream)
                  20200240    00000038     Lab9HMain.o (.data.Counters)
                  20200278    0000002c     UART2.o (.data.FIFO2)
                  202002a4    0000000e     Lab9HMain.o (.data.m_anvil)
                  202002b2    0000000e     Lab9HMain.o (.data.m_cart1)
                  202002c0    0000000e     Lab9HMain.o (.data.m_cart2)
                  202002ce    0000000e     Lab9HMain.o (.data.m_counter1)
                  202002dc    0000000e     Lab9HMain.o (.data.m_counter2)
                  202002ea    0000000e     Lab9HMain.o (.data.m_counter3)
                  202002f8    0000000e     Lab9HMain.o (.data.m_portal)
                  20200306    0000000e     Lab9HMain.o (.data.m_refiner)
                  20200314    0000000e     Lab9HMain.o (.data.m_rock1)
                  20200322    0000000e     Lab9HMain.o (.data.m_rock2)
                  20200330    0000000e     Lab9HMain.o (.data.m_smelter)
                  2020033e    0000000e     Lab9HMain.o (.data.m_todo)
                  2020034c    0000000c     Lab9HMain.o (.data.Sensor)
                  20200358    00000008     libc.a : exit.c.obj (.data..L_MergedGlobals)
                  20200360    00000008     Lab9HMain.o (.data.p1)
                  20200368    00000004     Clock.o (.data.BusFreq)
                  2020036c    00000004     ST7735.o (.data.StX)
                  20200370    00000004     ST7735.o (.data.StY)
                  20200374    00000004     libc.a : defs.c.obj (.data.__TI_ft_end)
                  20200378    00000004            : _lock.c.obj (.data._lock)
                  2020037c    00000004            : _lock.c.obj (.data._unlock)
                  20200380    00000002     ST7735.o (.data.StTextColor)
                  20200382    00000002     ST7735.o (.data._ZL6_width)
                  20200384    00000002     ST7735.o (.data._ZL7_height)
                  20200386    00000001     Machine.o (.data._ZZN7Machine10updateCartEhE8debounce)
                  20200387    00000001     Machine.o (.data._ZZN7Machine10updateRockEhE10wasWorking)
                  20200388    00000001     Machine.o (.data._ZZN7Machine11updateAnvilEhE10wasWorking)
                  20200389    00000001     Machine.o (.data._ZZN7Machine11updateAnvilEhE11anvilLength)
                  2020038a    00000001     Machine.o (.data._ZZN7Machine11updateAnvilEhE12menuDebounce)
                  2020038b    00000001     Machine.o (.data._ZZN7Machine9printCartEvE2in)
                  2020038c    00000001     Machine.o (.data._ZZN7Machine9printCartEvE4sent)
                  2020038d    00000001     Lab9HMain.o (.data.input)
                  2020038e    00000001     Machine.o (.data.progH)
                  2020038f    00000001     Machine.o (.data.progW)
                  20200390    00000001     libsysbm.a : add_device.c.obj (.data.add_device.device_init)
                  20200391    00000003     --HOLE--
                  20200394    00000001     libc.a : memory.c.obj (.data.memory_is_initialized)
                  20200395    00000003     --HOLE--
                  20200398    00000001     libsysbm.a : open.c.obj (.data.open.stream_init)

.sysmem    0    202003a0    00000200     UNINITIALIZED
                  202003a0    00000010     libc.a : memory.c.obj (.sysmem)
                  202003b0    000001f0     --HOLE--

.bss       0    202005a0    000001e3     UNINITIALIZED
                  202005a0    00000120     libsysbm.a : trgmsg.c.obj (.bss:_CIOBUF_)
                  202006c0    000000a0     libc.a : defs.c.obj (.bss.__TI_tmpnams)
                  20200760    00000008     libsysbm.a : hostopen.c.obj (.bss.parmbuf)
                  20200768    00000005     Machine.o (.bss._ZZN7Machine11updateAnvilEhE10AnvilItems)
                  2020076d    00000001     ST7735.o (.bss._ZL8ColStart)
                  2020076e    00000001     ST7735.o (.bss._ZL8Rotation)
                  2020076f    00000001     ST7735.o (.bss._ZL8RowStart)
                  20200770    00000004     UART2.o (.bss.LostData)
                  20200774    00000004     TExaS.o (.bss.TExaSLogic)
                  20200778    00000004     TExaS.o (.bss.TExaSadc)
                  2020077c    00000004     libc.a : memory.c.obj (.bss.sys_free)
                  20200780    00000001     ST7735.o (.bss._ZL8TabColor)
                  20200781    00000001     Lab9HMain.o (.bss.buttons)
                  20200782    00000001     Lab9HMain.o (.bss.menuOpen)

.stack     0    20207e00    00000200     UNINITIALIZED
                  20207e00    00000004     libc.a : boot_cortex_m.c.obj (.stack)
                  20207e04    000001fc     --HOLE--

__llvm_prf_cnts 
*          0    20200000    00000000     UNINITIALIZED

__llvm_prf_bits 
*          0    20200000    00000000     UNINITIALIZED

MODULE SUMMARY

       Module                         code    ro data   rw data
       ------                         ----    -------   -------
    .\
       Machine.o                      6058    68487     150    
       ST7735.o                       3194    1449      18     
       Lab9HMain.o                    2006    1156      247    
       Player.o                       1290    0         0      
       TExaS.o                        720     0         8      
       Clock.o                        516     0         4      
       UART2.o                        420     4         48     
       SPI.o                          440     0         0      
       SlidePot.o                     330     0         0      
       Timer.o                        316     0         0      
       IRxmt.o                        240     0         0      
       FIFO2.o                        214     0         0      
       LaunchPad.o                    180     0         0      
       Sound.o                        62      0         0      
       Switch.o                       52      0         0      
    +--+------------------------------+-------+---------+---------+
       Total:                         16038   71096     475    
                                                               
    .\ticlang\
       startup_mspm0g3507_ticlang.o   60      192       0      
    +--+------------------------------+-------+---------+---------+
       Total:                         60      192       0      
                                                               
    C:\ti\ccs\tools\compiler\ti-cgt-armllvm_4.0.1.LTS\lib\armv6m-ti-none-eabi/c/libc.a
       memory.c.obj                   702     0         5      
       fopen.c.obj                    556     0         0      
       defs.c.obj                     0       0         404    
       setvbuf.c.obj                  224     0         0      
       getdevice.c.obj                160     0         0      
       strcmp-armv6m.S.obj            136     0         0      
       copy_decompress_lzss.c.obj     124     0         0      
       fclose.c.obj                   124     0         0      
       autoinit.c.obj                 84      0         0      
       fflush.c.obj                   82      0         0      
       exit.c.obj                     56      0         8      
       boot_cortex_m.c.obj            40      0         0      
       copy_zero_init.c.obj           22      0         0      
       copy_decompress_none.c.obj     18      0         0      
       memcpy16.S.obj                 18      0         0      
       memset16.S.obj                 14      0         0      
       _lock.c.obj                    2       0         8      
       pre_init.c.obj                 4       0         0      
    +--+------------------------------+-------+---------+---------+
       Total:                         2366    0         425    
                                                               
    C:\ti\ccs\tools\compiler\ti-cgt-armllvm_4.0.1.LTS\lib\armv6m-ti-none-eabi/c/libsysbm.a
       trgmsg.c.obj                   104     0         288    
       add_device.c.obj               236     0         1      
       host_device.c.obj              0       0         200    
       open.c.obj                     160     0         1      
       hostrename.c.obj               136     0         0      
       hostlseek.c.obj                108     0         0      
       hostopen.c.obj                 96      0         8      
       hostread.c.obj                 88      0         0      
       hostwrite.c.obj                88      0         0      
       close.c.obj                    80      0         0      
       hostclose.c.obj                72      0         0      
       hostunlink.c.obj               72      0         0      
       unlink.c.obj                   44      0         0      
       write.c.obj                    40      0         0      
       remove.c.obj                   8       0         0      
    +--+------------------------------+-------+---------+---------+
       Total:                         1332    0         498    
                                                               
    C:\ti\ccs\tools\compiler\ti-cgt-armllvm_4.0.1.LTS\lib\armv6m-ti-none-eabi/libclang_rt.builtins.a
       aeabi_idivmod.S.obj            86      0         0      
       aeabi_uidivmod.S.obj           64      0         0      
       aeabi_memset.S.obj             12      0         0      
       aeabi_memcpy.S.obj             8       0         0      
       aeabi_div0.c.obj               2       0         0      
    +--+------------------------------+-------+---------+---------+
       Total:                         172     0         0      
                                                               
       Heap:                          0       0         512    
       Stack:                         0       0         512    
       Linker Generated:              0       255       0      
    +--+------------------------------+-------+---------+---------+
       Grand Total:                   19968   71543     2422   


LINKER GENERATED COPY TABLES

__TI_cinit_table @ 00016580 records: 2, size/record: 8, table size: 16
	.data: load addr=00016490, load size=000000db bytes, run addr=20200000, run size=00000399 bytes, compression=lzss
	.bss: load addr=00016578, load size=00000008 bytes, run addr=202005a0, run size=000001e3 bytes, compression=zero_init


LINKER GENERATED HANDLER TABLE

__TI_handler_table @ 0001656c records: 3, size/record: 4, table size: 12
	index: 0, handler: __TI_decompress_lzss
	index: 1, handler: __TI_decompress_none
	index: 2, handler: __TI_zero_init


GLOBAL SYMBOLS: SORTED ALPHABETICALLY BY Name 

address   name                                
-------   ----                                
00016199  ADC0_IRQHandler                     
00016199  ADC1_IRQHandler                     
00016199  AES_IRQHandler                      
20200368  BusFreq                             
00016484  C$$EXIT                             
00015d19  C$$IO$$                             
00016199  CANFD0_IRQHandler                   
20200240  Counters                            
00016199  DAC0_IRQHandler                     
00016199  DMA_IRQHandler                      
00016199  Default_Handler                     
20200278  FIFO2                               
00016199  GROUP0_IRQHandler                   
00016199  GROUP1_IRQHandler                   
00015811  HOSTclose                           
000151bd  HOSTlseek                           
000153c9  HOSTopen                            
00015429  HOSTread                            
00015229  HOSTrename                          
00015859  HOSTunlink                          
00015481  HOSTwrite                           
000161b5  HardFault_Handler                   
00016199  I2C0_IRQHandler                     
00016199  I2C1_IRQHandler                     
20200770  LostData                            
00016199  NMI_Handler                         
00016199  PendSV_Handler                      
00016199  RTC_IRQHandler                      
00016481  Reset_Handler                       
00011678  SHT$$INIT_ARRAY$$Base               
00011680  SHT$$INIT_ARRAY$$Limit              
00016199  SPI0_IRQHandler                     
00016199  SPI1_IRQHandler                     
00016199  SVC_Handler                         
2020034c  Sensor                              
20200380  StTextColor                         
2020036c  StX                                 
20200370  StY                                 
0001473b  SysTick_Handler                     
20200774  TExaSLogic                          
20200778  TExaSadc                            
00016199  TIMA0_IRQHandler                    
00016199  TIMA1_IRQHandler                    
00016199  TIMG0_IRQHandler                    
00015b01  TIMG12_IRQHandler                   
00016199  TIMG6_IRQHandler                    
000159c1  TIMG7_IRQHandler                    
00016199  TIMG8_IRQHandler                    
000162d3  TI_memcpy_small                     
000163db  TI_memset_small                     
00016199  UART0_IRQHandler                    
00016199  UART1_IRQHandler                    
00015065  UART2_IRQHandler                    
00016199  UART3_IRQHandler                    
202005a0  _CIOBUF_                            
000163e9  _Z10Clock_Freqv                     
00015f05  _Z10IRxmt_Initv                     
00015b3d  _Z10Sound_Initv                     
000154d9  _Z10TExaS_InitP10ADC12_RegsjPFhvE   
000142e5  _Z10UART2_Initv                     
000162f7  _Z11Clock_Delayj                    
00015b79  _Z11SPI_OutDatac                    
00016259  _Z11ST7735_openPKcji                
0001626f  _Z11ST7735_readiPcj                 
00016241  _Z11Switch_Initv                    
00014915  _Z12ST7735_InitR10initRFlags        
00016449  _Z12ST7735_closei                   
00016387  _Z12ST7735_lseekili                 
00015be9  _Z12ST7735_writeiPKcj               
00016309  _Z12UART2_Enablev                   
000161d1  _Z12UART2_InCharv                   
000158a1  _Z13IRxmt_OutCharc                  
000150d9  _Z13IRxmt_SendBiti                  
000163f5  _Z13ST7735_renamePKcS0_             
00016453  _Z13ST7735_unlinkPKc                
00016319  _Z13UART2_Disablev                  
00015c1d  _Z14Clock_Delay1msj                 
00014e01  _Z14LaunchPad_Initv                 
000158e9  _Z14SPI_OutCommandc                 
000143c1  _Z14ST7735_OutCharc                 
000145f1  _Z14TimerG7_IntArmtjj               
00015bb1  _Z15ActivatePortA_Bv                
00012d35  _Z15Clock_Init80MHzi                
00013a29  _Z15ST7735_FillRectsssst            
00014a45  _Z15TimerG12_IntArmjj               
00013095  _Z16ST7735_DrawCharSsscssh          
0001514d  _Z16ST7735_DrawPixelsst             
00015c51  _Z16ST7735_SetCursorjj              
0001294d  _Z17ST7735_DrawBitmapssPKtss        
00014c79  _Z17ST7735_DrawStringttPcs          
00015ead  _Z17ST7735_FillScreent              
000147dd  _Z17ST7735_InitPrintfv              
00013e55  _Z18ST7735_SetRotationh             
00014491  _Z20ST7735_DrawFastHLinessst        
00014541  _Z20ST7735_DrawFastVLinessst        
00016329  _Z28TExaS_LaunchPadLogicPB27PB26v   
00016401  _Z5Delayj                           
00013901  _Z8ADC_InitP10ADC12_Regsjj          
0001645d  _Z8PLL_Initv                        
00013d5d  _Z8SPI_Initv                        
00015f2d  _Z9ADC_StartP10ADC12_Regs           
00015a41  _Z9SPI_Resetv                       
000161ed  _Z9Switch_Inv                       
00014035  _Z9UART_Initv                       
00015931  _ZN5Queue3GetEPc                    
00015979  _ZN5Queue3PutEc                     
00016139  _ZN5Queue6IsFullEv                  
0001629b  _ZN5Queue7IsEmptyEv                 
00016339  _ZN5QueueC1Ev                       
00016339  _ZN5QueueC2Ev                       
000162af  _ZN6Player13setPossessionEh         
00014879  _ZN6Player14checkProximityE7Machine 
00015589  _ZN6Player14printPosessionEh        
00014f75  _ZN6Player15getMachineInputE7Machine
00014d7f  _ZN6Player16resetCoordinatesEv      
00013c55  _ZN6Player6moveUpEv                 
0001640d  _ZN6Player7getSizeEv                
00016395  _ZN6Player7getXPosEv                
000163a3  _ZN6Player7getYPosEv                
000137d5  _ZN6Player8moveDownEv               
00015779  _ZN6Player8moveLeftEv               
000157c5  _ZN6Player9moveRightEv              
00016209  _ZN6PlayerC1Ev                      
00016209  _ZN6PlayerC2Ev                      
000149ad  _ZN7Machine10printAnvilEv           
00011f81  _ZN7Machine10updateCartEh           
00012695  _ZN7Machine10updateRockEh           
000162c1  _ZN7Machine11setRockTypeEh          
00011b79  _ZN7Machine11updateAnvilEh          
00013235  _ZN7Machine12printSmelterEv         
00013525  _ZN7Machine13cartSendErrorEhh       
00012ee9  _ZN7Machine13computeRecipeEPaa      
00012365  _ZN7Machine13updateSmelterEh        
000133c5  _ZN7Machine15updateAnvilMenuEPaa    
00012b5d  _ZN7Machine9printCartEv             
00014fed  _ZN7Machine9printRockEv             
00015365  _ZN7MachineC1Ehhhhhh                
00014cfd  _ZN7MachineC1Ehhhhhhhhh             
00015365  _ZN7MachineC2Ehhhhhh                
00014cfd  _ZN7MachineC2Ehhhhhhhhh             
000155dd  _ZN8SlidePot2InEv                   
00014ad9  _ZN8SlidePot4InitEv                 
00015ff5  _ZN8SlidePot4SaveEj                 
0001615b  _ZN8SlidePot4SyncEv                 
00016419  _ZN8SlidePot9DistanceXEv            
00016425  _ZN8SlidePot9DistanceYEv            
000163b1  _ZN8SlidePotC1Ev                    
000163b1  _ZN8SlidePotC2Ev                    
202005a0  __CIOBUF_                           
20208000  __STACK_END                         
00000200  __STACK_SIZE                        
00000200  __SYSMEM_SIZE                       
00000000  __TI_ATRegion0_region_sz            
00000000  __TI_ATRegion0_src_addr             
00000000  __TI_ATRegion0_trg_addr             
00000000  __TI_ATRegion1_region_sz            
00000000  __TI_ATRegion1_src_addr             
00000000  __TI_ATRegion1_trg_addr             
00000000  __TI_ATRegion2_region_sz            
00000000  __TI_ATRegion2_src_addr             
00000000  __TI_ATRegion2_trg_addr             
00016580  __TI_CINIT_Base                     
00016590  __TI_CINIT_Limit                    
00016590  __TI_CINIT_Warm                     
0001656c  __TI_Handler_Table_Base             
00016578  __TI_Handler_Table_Limit            
00015631  __TI_auto_init_nobinit              
00015c85  __TI_cleanup                        
20200358  __TI_cleanup_ptr                    
00014e7d  __TI_closefile                      
00014ef9  __TI_decompress_lzss                
000162e5  __TI_decompress_none                
00015685  __TI_doflush                        
2020035c  __TI_dtors_ptr                      
20200374  __TI_ft_end                         
ffffffff  __TI_pprof_out_hndl                 
ffffffff  __TI_prof_data_size                 
ffffffff  __TI_prof_data_start                
00015cb9  __TI_readmsg                        
00000000  __TI_static_base__                  
202006c0  __TI_tmpnams                        
00015ced  __TI_writemsg                       
00016285  __TI_zero_init_nomemset             
00015531  __aeabi_idiv                        
00014dff  __aeabi_idiv0                       
00015531  __aeabi_idivmod                     
00016431  __aeabi_memclr                      
00016431  __aeabi_memclr4                     
00016431  __aeabi_memclr8                     
00016471  __aeabi_memcpy                      
00016471  __aeabi_memcpy4                     
00016471  __aeabi_memcpy8                     
00015a81  __aeabi_uidiv                       
00015a81  __aeabi_uidivmod                    
ffffffff  __binit__                           
UNDEFED   __mpu_init                          
20207e00  __stack                             
20200000  __start___llvm_prf_bits             
20200000  __start___llvm_prf_cnts             
20200000  __stop___llvm_prf_bits              
20200000  __stop___llvm_prf_cnts              
00015fcd  _c_int00_noargs                     
20200178  _device                             
20200000  _ftable                             
20200378  _lock                               
000153c7  _nop                                
202001f0  _stream                             
202003a0  _sys_memory                         
UNDEFED   _system_post_cinit                  
00014bed  _system_pre_init                    
2020037c  _unlock                             
00016485  abort                               
00013f49  add_device                          
00013b41  aligned_alloc                       
ffffffff  binit                               
20200781  buttons                             
00015729  close                               
00015d21  exit                                
00015d55  finddevice                          
00015e7d  fopen                               
0001411d  free                                
00015d89  freopen                             
00015295  getdevice                           
2020038d  input                               
00000000  interruptVectors                    
202002a4  m_anvil                             
202002b2  m_cart1                             
202002c0  m_cart2                             
202002ce  m_counter1                          
202002dc  m_counter2                          
202002ea  m_counter3                          
202002f8  m_portal                            
20200306  m_refiner                           
20200314  m_rock1                             
20200322  m_rock2                             
20200330  m_smelter                           
2020033e  m_todo                              
00011681  main                                
0001643d  malloc                              
00013b41  memalign                            
20200782  menuOpen                            
0001473d  open                                
20200360  p1                                  
20200760  parmbuf                             
2020038e  progH                               
2020038f  progW                               
00016479  remove                              
00014205  setvbuf                             
202000f0  sprites                             
00014bf1  strcmp                              
00015ed9  unlink                              
00015fa5  write                               


GLOBAL SYMBOLS: SORTED BY Symbol Address 

address   name                                
-------   ----                                
00000000  __TI_ATRegion0_region_sz            
00000000  __TI_ATRegion0_src_addr             
00000000  __TI_ATRegion0_trg_addr             
00000000  __TI_ATRegion1_region_sz            
00000000  __TI_ATRegion1_src_addr             
00000000  __TI_ATRegion1_trg_addr             
00000000  __TI_ATRegion2_region_sz            
00000000  __TI_ATRegion2_src_addr             
00000000  __TI_ATRegion2_trg_addr             
00000000  __TI_static_base__                  
00000000  interruptVectors                    
00000200  __STACK_SIZE                        
00000200  __SYSMEM_SIZE                       
00011678  SHT$$INIT_ARRAY$$Base               
00011680  SHT$$INIT_ARRAY$$Limit              
00011681  main                                
00011b79  _ZN7Machine11updateAnvilEh          
00011f81  _ZN7Machine10updateCartEh           
00012365  _ZN7Machine13updateSmelterEh        
00012695  _ZN7Machine10updateRockEh           
0001294d  _Z17ST7735_DrawBitmapssPKtss        
00012b5d  _ZN7Machine9printCartEv             
00012d35  _Z15Clock_Init80MHzi                
00012ee9  _ZN7Machine13computeRecipeEPaa      
00013095  _Z16ST7735_DrawCharSsscssh          
00013235  _ZN7Machine12printSmelterEv         
000133c5  _ZN7Machine15updateAnvilMenuEPaa    
00013525  _ZN7Machine13cartSendErrorEhh       
000137d5  _ZN6Player8moveDownEv               
00013901  _Z8ADC_InitP10ADC12_Regsjj          
00013a29  _Z15ST7735_FillRectsssst            
00013b41  aligned_alloc                       
00013b41  memalign                            
00013c55  _ZN6Player6moveUpEv                 
00013d5d  _Z8SPI_Initv                        
00013e55  _Z18ST7735_SetRotationh             
00013f49  add_device                          
00014035  _Z9UART_Initv                       
0001411d  free                                
00014205  setvbuf                             
000142e5  _Z10UART2_Initv                     
000143c1  _Z14ST7735_OutCharc                 
00014491  _Z20ST7735_DrawFastHLinessst        
00014541  _Z20ST7735_DrawFastVLinessst        
000145f1  _Z14TimerG7_IntArmtjj               
0001473b  SysTick_Handler                     
0001473d  open                                
000147dd  _Z17ST7735_InitPrintfv              
00014879  _ZN6Player14checkProximityE7Machine 
00014915  _Z12ST7735_InitR10initRFlags        
000149ad  _ZN7Machine10printAnvilEv           
00014a45  _Z15TimerG12_IntArmjj               
00014ad9  _ZN8SlidePot4InitEv                 
00014bed  _system_pre_init                    
00014bf1  strcmp                              
00014c79  _Z17ST7735_DrawStringttPcs          
00014cfd  _ZN7MachineC1Ehhhhhhhhh             
00014cfd  _ZN7MachineC2Ehhhhhhhhh             
00014d7f  _ZN6Player16resetCoordinatesEv      
00014dff  __aeabi_idiv0                       
00014e01  _Z14LaunchPad_Initv                 
00014e7d  __TI_closefile                      
00014ef9  __TI_decompress_lzss                
00014f75  _ZN6Player15getMachineInputE7Machine
00014fed  _ZN7Machine9printRockEv             
00015065  UART2_IRQHandler                    
000150d9  _Z13IRxmt_SendBiti                  
0001514d  _Z16ST7735_DrawPixelsst             
000151bd  HOSTlseek                           
00015229  HOSTrename                          
00015295  getdevice                           
00015365  _ZN7MachineC1Ehhhhhh                
00015365  _ZN7MachineC2Ehhhhhh                
000153c7  _nop                                
000153c9  HOSTopen                            
00015429  HOSTread                            
00015481  HOSTwrite                           
000154d9  _Z10TExaS_InitP10ADC12_RegsjPFhvE   
00015531  __aeabi_idiv                        
00015531  __aeabi_idivmod                     
00015589  _ZN6Player14printPosessionEh        
000155dd  _ZN8SlidePot2InEv                   
00015631  __TI_auto_init_nobinit              
00015685  __TI_doflush                        
00015729  close                               
00015779  _ZN6Player8moveLeftEv               
000157c5  _ZN6Player9moveRightEv              
00015811  HOSTclose                           
00015859  HOSTunlink                          
000158a1  _Z13IRxmt_OutCharc                  
000158e9  _Z14SPI_OutCommandc                 
00015931  _ZN5Queue3GetEPc                    
00015979  _ZN5Queue3PutEc                     
000159c1  TIMG7_IRQHandler                    
00015a41  _Z9SPI_Resetv                       
00015a81  __aeabi_uidiv                       
00015a81  __aeabi_uidivmod                    
00015b01  TIMG12_IRQHandler                   
00015b3d  _Z10Sound_Initv                     
00015b79  _Z11SPI_OutDatac                    
00015bb1  _Z15ActivatePortA_Bv                
00015be9  _Z12ST7735_writeiPKcj               
00015c1d  _Z14Clock_Delay1msj                 
00015c51  _Z16ST7735_SetCursorjj              
00015c85  __TI_cleanup                        
00015cb9  __TI_readmsg                        
00015ced  __TI_writemsg                       
00015d19  C$$IO$$                             
00015d21  exit                                
00015d55  finddevice                          
00015d89  freopen                             
00015e7d  fopen                               
00015ead  _Z17ST7735_FillScreent              
00015ed9  unlink                              
00015f05  _Z10IRxmt_Initv                     
00015f2d  _Z9ADC_StartP10ADC12_Regs           
00015fa5  write                               
00015fcd  _c_int00_noargs                     
00015ff5  _ZN8SlidePot4SaveEj                 
00016139  _ZN5Queue6IsFullEv                  
0001615b  _ZN8SlidePot4SyncEv                 
00016199  ADC0_IRQHandler                     
00016199  ADC1_IRQHandler                     
00016199  AES_IRQHandler                      
00016199  CANFD0_IRQHandler                   
00016199  DAC0_IRQHandler                     
00016199  DMA_IRQHandler                      
00016199  Default_Handler                     
00016199  GROUP0_IRQHandler                   
00016199  GROUP1_IRQHandler                   
00016199  I2C0_IRQHandler                     
00016199  I2C1_IRQHandler                     
00016199  NMI_Handler                         
00016199  PendSV_Handler                      
00016199  RTC_IRQHandler                      
00016199  SPI0_IRQHandler                     
00016199  SPI1_IRQHandler                     
00016199  SVC_Handler                         
00016199  TIMA0_IRQHandler                    
00016199  TIMA1_IRQHandler                    
00016199  TIMG0_IRQHandler                    
00016199  TIMG6_IRQHandler                    
00016199  TIMG8_IRQHandler                    
00016199  UART0_IRQHandler                    
00016199  UART1_IRQHandler                    
00016199  UART3_IRQHandler                    
000161b5  HardFault_Handler                   
000161d1  _Z12UART2_InCharv                   
000161ed  _Z9Switch_Inv                       
00016209  _ZN6PlayerC1Ev                      
00016209  _ZN6PlayerC2Ev                      
00016241  _Z11Switch_Initv                    
00016259  _Z11ST7735_openPKcji                
0001626f  _Z11ST7735_readiPcj                 
00016285  __TI_zero_init_nomemset             
0001629b  _ZN5Queue7IsEmptyEv                 
000162af  _ZN6Player13setPossessionEh         
000162c1  _ZN7Machine11setRockTypeEh          
000162d3  TI_memcpy_small                     
000162e5  __TI_decompress_none                
000162f7  _Z11Clock_Delayj                    
00016309  _Z12UART2_Enablev                   
00016319  _Z13UART2_Disablev                  
00016329  _Z28TExaS_LaunchPadLogicPB27PB26v   
00016339  _ZN5QueueC1Ev                       
00016339  _ZN5QueueC2Ev                       
00016387  _Z12ST7735_lseekili                 
00016395  _ZN6Player7getXPosEv                
000163a3  _ZN6Player7getYPosEv                
000163b1  _ZN8SlidePotC1Ev                    
000163b1  _ZN8SlidePotC2Ev                    
000163db  TI_memset_small                     
000163e9  _Z10Clock_Freqv                     
000163f5  _Z13ST7735_renamePKcS0_             
00016401  _Z5Delayj                           
0001640d  _ZN6Player7getSizeEv                
00016419  _ZN8SlidePot9DistanceXEv            
00016425  _ZN8SlidePot9DistanceYEv            
00016431  __aeabi_memclr                      
00016431  __aeabi_memclr4                     
00016431  __aeabi_memclr8                     
0001643d  malloc                              
00016449  _Z12ST7735_closei                   
00016453  _Z13ST7735_unlinkPKc                
0001645d  _Z8PLL_Initv                        
00016471  __aeabi_memcpy                      
00016471  __aeabi_memcpy4                     
00016471  __aeabi_memcpy8                     
00016479  remove                              
00016481  Reset_Handler                       
00016484  C$$EXIT                             
00016485  abort                               
0001656c  __TI_Handler_Table_Base             
00016578  __TI_Handler_Table_Limit            
00016580  __TI_CINIT_Base                     
00016590  __TI_CINIT_Limit                    
00016590  __TI_CINIT_Warm                     
20200000  __start___llvm_prf_bits             
20200000  __start___llvm_prf_cnts             
20200000  __stop___llvm_prf_bits              
20200000  __stop___llvm_prf_cnts              
20200000  _ftable                             
202000f0  sprites                             
20200178  _device                             
202001f0  _stream                             
20200240  Counters                            
20200278  FIFO2                               
202002a4  m_anvil                             
202002b2  m_cart1                             
202002c0  m_cart2                             
202002ce  m_counter1                          
202002dc  m_counter2                          
202002ea  m_counter3                          
202002f8  m_portal                            
20200306  m_refiner                           
20200314  m_rock1                             
20200322  m_rock2                             
20200330  m_smelter                           
2020033e  m_todo                              
2020034c  Sensor                              
20200358  __TI_cleanup_ptr                    
2020035c  __TI_dtors_ptr                      
20200360  p1                                  
20200368  BusFreq                             
2020036c  StX                                 
20200370  StY                                 
20200374  __TI_ft_end                         
20200378  _lock                               
2020037c  _unlock                             
20200380  StTextColor                         
2020038d  input                               
2020038e  progH                               
2020038f  progW                               
202003a0  _sys_memory                         
202005a0  _CIOBUF_                            
202005a0  __CIOBUF_                           
202006c0  __TI_tmpnams                        
20200760  parmbuf                             
20200770  LostData                            
20200774  TExaSLogic                          
20200778  TExaSadc                            
20200781  buttons                             
20200782  menuOpen                            
20207e00  __stack                             
20208000  __STACK_END                         
ffffffff  __TI_pprof_out_hndl                 
ffffffff  __TI_prof_data_size                 
ffffffff  __TI_prof_data_start                
ffffffff  __binit__                           
ffffffff  binit                               
UNDEFED   __mpu_init                          
UNDEFED   _system_post_cinit                  

[252 symbols]
