******************************************************************************
            TI ARM Clang Linker PC v4.0.1                      
******************************************************************************
>> Linked Wed Apr 23 17:18:36 2025

OUTPUT FILE NAME:   <MadMines.out>
ENTRY POINT SYMBOL: "_c_int00_noargs"  address: 0001b149


MEMORY CONFIGURATION

         name            origin    length      used     unused   attr    fill
----------------------  --------  ---------  --------  --------  ----  --------
  FLASH                 00000000   00020000  0001bd48  000042b8  R  X
  SRAM                  20200000   00008000  00001a7c  00006584  RW X
  BCR_CONFIG            41c00000   00000080  00000000  00000080  R   
  BSL_CONFIG            41c00100   00000080  00000000  00000080  R   


SEGMENT ALLOCATION MAP

run origin  load origin   length   init length attrs members
----------  ----------- ---------- ----------- ----- -------
00000000    00000000    0001bd48   0001bd48    r-x
  00000000    00000000    000000c0   000000c0    r-- .intvecs
  000000c0    000000c0    000148b0   000148b0    r-- .rodata
  00014970    00014970    00006da0   00006da0    r-x .text
  0001b710    0001b710    00000008   00000008    r-- .init_array
  0001b718    0001b718    00000630   00000630    r-- .cinit
20200000    20200000    0000187f   00000000    rw-
  20200000    20200000    0000147d   00000000    rw- .data
  20201480    20201480    00000200   00000000    rw- .sysmem
  20201680    20201680    000001ff   00000000    rw- .bss
20207e00    20207e00    00000200   00000000    rw-
  20207e00    20207e00    00000200   00000000    rw- .stack


SECTION ALLOCATION MAP

 output                                  attributes/
section   page    origin      length       input sections
--------  ----  ----------  ----------   ----------------
.intvecs   0    00000000    000000c0     
                  00000000    000000c0     startup_mspm0g3507_ticlang.o (.intvecs)

.binit     0    00000000    00000000     

.text      0    00014970    00006da0     
                  00014970    000010c8     Lab9HMain.o (.text.main)
                  00015a38    00000528     Machine.o (.text._ZN7Machine10updateCartEh)
                  00015f60    00000448     Machine.o (.text._ZN7Machine10updateRockEh)
                  000163a8    000003c4     Machine.o (.text._ZN7Machine13updateRefinerEh)
                  0001676c    0000038c     Machine.o (.text._ZN7Machine14updateCountersEhPS_)
                  00016af8    000002b0     Machine.o (.text._ZN7Machine13printCountersEPS_)
                  00016da8    000002ac     Machine.o (.text._ZN7Machine12printRefinerEv)
                  00017054    00000258     Machine.o (.text._ZN7Machine16updateTurnInAreaEh)
                  000172ac    00000254     Lab9HMain.o (.text._Z17setUpInstructionsh)
                  00017500    00000244     Player.o (.text._ZN6Player8inBoundsEssPP7Machinehh)
                  00017744    00000210     ST7735.o (.text._Z17ST7735_DrawBitmapssPKtss)
                  00017954    000001d8     Machine.o (.text._ZN7Machine9printCartEv)
                  00017b2c    000001b4     Clock.o (.text._Z15Clock_Init80MHzi)
                  00017ce0    000001a4     ST7735.o (.text._Z15ST7735_DrawCharsscssh)
                  00017e84    000001a0     ST7735.o (.text._Z16ST7735_DrawCharSsscssh)
                  00018024    0000017c     Machine.o (.text._ZN7Machine9printRockEv)
                  000181a0    00000170     Machine.o (.text._ZN7Machine13cartSendErrorEhh)
                  00018310    00000154     libc.a : fopen.c.obj (.text._openfile)
                  00018464    0000013c     Machine.o (.text._ZN7Machine15printTurnInAreaEv)
                  000185a0    00000128     TExaS.o (.text._Z8ADC_InitP10ADC12_Regsjj)
                  000186c8    00000118     ST7735.o (.text._Z15ST7735_FillRectsssst)
                  000187e0    00000114     libc.a : memory.c.obj (.text.aligned_alloc)
                  000188f4    00000110     Lab9HMain.o (.text._Z15randomizeOrdersv)
                  00018a04    000000f8     SPI.o (.text._Z8SPI_Initv)
                  00018afc    000000f4     ST7735.o (.text._Z18ST7735_SetRotationh)
                  00018bf0    000000ec     libsysbm.a : add_device.c.obj (.text.add_device)
                  00018cdc    000000e8     TExaS.o (.text._Z9UART_Initv)
                  00018dc4    000000e8     libc.a : memory.c.obj (.text.free)
                  00018eac    000000e0            : setvbuf.c.obj (.text.setvbuf)
                  00018f8c    000000dc     UART2.o (.text._Z10UART2_Initv)
                  00019068    000000d8     ST7735.o (.text._Z14ST7735_OutCharc)
                  00019140    000000cc     Lab9HMain.o (.text._Z10printScoreshhh)
                  0001920c    000000b0     ST7735.o (.text._Z20ST7735_DrawFastHLinessst)
                  000192bc    000000b0     ST7735.o (.text._Z20ST7735_DrawFastVLinessst)
                  0001936c    000000a8     Timer.o (.text._Z14TimerG7_IntArmtjj)
                  00019414    000000a2     ST7735.o (.text._ZL11commandListPKh)
                  000194b6    00000002     libclang_rt.builtins.a : aeabi_div0.c.obj (.text.__aeabi_idiv0)
                  000194b8    000000a0     libsysbm.a : open.c.obj (.text.open)
                  00019558    0000009c     ST7735.o (.text._Z17ST7735_InitPrintfv)
                  000195f4    0000009c     Player.o (.text._ZN6Player14checkProximityE7Machine)
                  00019690    00000098     ST7735.o (.text._Z12ST7735_InitR10initRFlags)
                  00019728    00000098     Player.o (.text._ZN6Player16resetCoordinatesEPsS0_)
                  000197c0    00000094     Timer.o (.text._Z15TimerG12_IntArmjj)
                  00019854    00000090     Sound.o (.text._Z11Sound_Starth)
                  000198e4    0000008c     ST7735.o (.text._Z17ST7735_DrawStringttPcs)
                  00019970    0000008c     Machine.o (.text._ZN7MachineC2Ehhhhhhhhhh)
                  000199fc    0000008c     SlidePot.o (.text._ZN8SlidePot4InitEv)
                  00019a88    00000088     ST7735.o (.text._ZL13setAddrWindowhhhh)
                  00019b10    00000088     libc.a : strcmp-armv6m.S.obj (.text:strcmp)
                  00019b98    00000084     Machine.o (.text._ZN7MachineC2Ehhhhhhhhh)
                  00019c1c    0000007c     LaunchPad.o (.text._Z14LaunchPad_Initv)
                  00019c98    0000007c     libc.a : fclose.c.obj (.text.__TI_closefile)
                  00019d14    0000007c            : copy_decompress_lzss.c.obj (.text:decompress:lzss)
                  00019d90    00000074     UART2.o (.text.UART2_IRQHandler)
                  00019e04    00000074     IRxmt.o (.text._Z13IRxmt_SendBiti)
                  00019e78    00000070     ST7735.o (.text._Z16ST7735_DrawPixelsst)
                  00019ee8    0000006e     Player.o (.text._ZN6Player15getMachineInputE7Machine)
                  00019f56    00000002     libc.a : _lock.c.obj (.text._nop)
                  00019f58    0000006c     libsysbm.a : hostlseek.c.obj (.text.HOSTlseek)
                  00019fc4    0000006c                : hostrename.c.obj (.text.HOSTrename)
                  0001a030    0000006c     Lab9HMain.o (.text._GLOBAL__sub_I_Lab9HMain.cpp)
                  0001a09c    0000006c     libc.a : getdevice.c.obj (.text.getdevice)
                  0001a108    00000064     Machine.o (.text._ZN7MachineC2Ehhhhhh)
                  0001a16c    00000064     libc.a : memory.c.obj (.text.split)
                  0001a1d0    00000060     libsysbm.a : hostopen.c.obj (.text.HOSTopen)
                  0001a230    00000058                : hostread.c.obj (.text.HOSTread)
                  0001a288    00000058                : hostwrite.c.obj (.text.HOSTwrite)
                  0001a2e0    00000058     Sound.o (.text.SysTick_Handler)
                  0001a338    00000058     TExaS.o (.text._Z10TExaS_InitP10ADC12_RegsjPFhvE)
                  0001a390    00000056     libclang_rt.builtins.a : aeabi_idivmod.S.obj (.text.__aeabi_idivmod)
                  0001a3e6    00000002     --HOLE-- [fill = 0]
                  0001a3e8    00000054     Player.o (.text._ZN6Player14printPosessionEh)
                  0001a43c    00000054     Player.o (.text._ZN6Player8moveLeftEv)
                  0001a490    00000054     Player.o (.text._ZN6Player9moveRightEv)
                  0001a4e4    00000054     SlidePot.o (.text._ZN8SlidePot2InEv)
                  0001a538    00000054     libc.a : autoinit.c.obj (.text:__TI_auto_init_nobinit)
                  0001a58c    00000052     Player.o (.text._ZN6Player8moveDownEv)
                  0001a5de    00000052     libc.a : fflush.c.obj (.text.__TI_doflush)
                  0001a630    00000050     Lab9HMain.o (.text.__cxx_global_var_init.13)
                  0001a680    00000050     libsysbm.a : close.c.obj (.text.close)
                  0001a6d0    00000048                : hostclose.c.obj (.text.HOSTclose)
                  0001a718    00000048                : hostunlink.c.obj (.text.HOSTunlink)
                  0001a760    00000048     IRxmt.o (.text._Z13IRxmt_OutCharc)
                  0001a7a8    00000048     SPI.o (.text._Z14SPI_OutCommandc)
                  0001a7f0    00000048     FIFO2.o (.text._ZN5Queue3GetEPc)
                  0001a838    00000048     FIFO2.o (.text._ZN5Queue3PutEc)
                  0001a880    00000044     Lab9HMain.o (.text._Z8checkWinv)
                  0001a8c4    00000040     TExaS.o (.text.TIMG7_IRQHandler)
                  0001a904    00000040     Sound.o (.text._Z10Sound_Initv)
                  0001a944    00000040     SPI.o (.text._Z9SPI_Resetv)
                  0001a984    00000040     libclang_rt.builtins.a : aeabi_uidivmod.S.obj (.text.__aeabi_uidivmod)
                  0001a9c4    00000040     Lab9HMain.o (.text.__cxx_global_var_init.25)
                  0001aa04    00000040     libc.a : fopen.c.obj (.text._search_fp)
                  0001aa44    0000003c     Lab9HMain.o (.text.TIMG12_IRQHandler)
                  0001aa80    0000003c     DAC5.o (.text._Z9DAC5_Initv)
                  0001aabc    0000003c     Player.o (.text._ZN6Player6moveUpEv)
                  0001aaf8    00000038     SPI.o (.text._Z11SPI_OutDatac)
                  0001ab30    00000038     LaunchPad.o (.text._Z15ActivatePortA_Bv)
                  0001ab68    00000034     ST7735.o (.text._Z12ST7735_writeiPKcj)
                  0001ab9c    00000034     Clock.o (.text._Z14Clock_Delay1msj)
                  0001abd0    00000034     ST7735.o (.text._Z16ST7735_SetCursorjj)
                  0001ac04    00000034     libc.a : fopen.c.obj (.text.__TI_cleanup)
                  0001ac38    00000034     libsysbm.a : trgmsg.c.obj (.text.__TI_readmsg)
                  0001ac6c    00000034                : trgmsg.c.obj (.text.__TI_writemsg)
                  0001aca0    00000034     libc.a : exit.c.obj (.text.exit)
                  0001acd4    00000034            : getdevice.c.obj (.text.finddevice)
                  0001ad08    00000034            : fopen.c.obj (.text.freopen)
                  0001ad3c    00000030     ST7735.o (.text._ZL10commonInitPKh)
                  0001ad6c    00000030     Player.o (.text._ZN6Player14translateRightEv)
                  0001ad9c    00000030     Lab9HMain.o (.text.__cxx_global_var_init.10)
                  0001adcc    00000030     Lab9HMain.o (.text.__cxx_global_var_init.11)
                  0001adfc    00000030     Lab9HMain.o (.text.__cxx_global_var_init.12)
                  0001ae2c    00000030     Lab9HMain.o (.text.__cxx_global_var_init.16)
                  0001ae5c    00000030     Lab9HMain.o (.text.__cxx_global_var_init.22)
                  0001ae8c    00000030     Lab9HMain.o (.text.__cxx_global_var_init.23)
                  0001aebc    00000030     Lab9HMain.o (.text.__cxx_global_var_init.24)
                  0001aeec    00000030     Lab9HMain.o (.text.__cxx_global_var_init.5)
                  0001af1c    00000030     libc.a : fopen.c.obj (.text.fopen)
                  0001af4c    0000002c     UART2.o (.text._Z12UART2_InCharv)
                  0001af78    0000002c     ST7735.o (.text._Z17ST7735_FillScreent)
                  0001afa4    0000002c     Player.o (.text._ZN6Player13translateDownEv)
                  0001afd0    0000002c     Player.o (.text._ZN6Player13translateLeftEv)
                  0001affc    0000002c     Lab9HMain.o (.text.__cxx_global_var_init.9)
                  0001b028    0000002c     libsysbm.a : unlink.c.obj (.text.unlink)
                  0001b054    0000002a     Machine.o (.text._ZN7Machine13menuPrintCartEv)
                  0001b07e    00000002     --HOLE-- [fill = 0]
                  0001b080    00000028     IRxmt.o (.text._Z10IRxmt_Initv)
                  0001b0a8    00000028     TExaS.o (.text._Z9ADC_StartP10ADC12_Regs)
                  0001b0d0    00000028     Lab9HMain.o (.text.__cxx_global_var_init.4)
                  0001b0f8    00000028     libc.a : memory.c.obj (.text.free_list_insert)
                  0001b120    00000028     libsysbm.a : write.c.obj (.text.write)
                  0001b148    00000028     libc.a : boot_cortex_m.c.obj (.text:_c_int00_noargs)
                  0001b170    00000026     ST7735.o (.text._Z16ST7735_OutStringPc)
                  0001b196    00000002     --HOLE-- [fill = 0]
                  0001b198    00000024     SlidePot.o (.text._ZN8SlidePot4SaveEj)
                  0001b1bc    00000024     Lab9HMain.o (.text.__cxx_global_var_init.15)
                  0001b1e0    00000024     Lab9HMain.o (.text.__cxx_global_var_init.17)
                  0001b204    00000024     Lab9HMain.o (.text.__cxx_global_var_init.18)
                  0001b228    00000024     Lab9HMain.o (.text.__cxx_global_var_init.19)
                  0001b24c    00000024     Lab9HMain.o (.text.__cxx_global_var_init.20)
                  0001b270    00000024     Lab9HMain.o (.text.__cxx_global_var_init.21)
                  0001b294    00000024     Lab9HMain.o (.text.__cxx_global_var_init.2)
                  0001b2b8    00000024     Lab9HMain.o (.text.__cxx_global_var_init.3)
                  0001b2dc    00000024     Lab9HMain.o (.text.__cxx_global_var_init.6)
                  0001b300    00000024     Lab9HMain.o (.text.__cxx_global_var_init.8)
                  0001b324    00000022     FIFO2.o (.text._ZN5Queue6IsFullEv)
                  0001b346    00000002     --HOLE-- [fill = 0]
                  0001b348    00000020     DAC5.o (.text._Z8DAC5_Outj)
                  0001b368    00000020     SlidePot.o (.text._ZN8SlidePot4SyncEv)
                  0001b388    00000020     Lab9HMain.o (.text.__cxx_global_var_init.14)
                  0001b3a8    00000020     Lab9HMain.o (.text.__cxx_global_var_init.7)
                  0001b3c8    0000001e     ST7735.o (.text._ZL9pushColort)
                  0001b3e6    00000002     --HOLE-- [fill = 0]
                  0001b3e8    0000001c     startup_mspm0g3507_ticlang.o (.text.Default_Handler)
                  0001b404    0000001c     startup_mspm0g3507_ticlang.o (.text.HardFault_Handler)
                  0001b420    0000001c     Switch.o (.text._Z9Switch_Inv)
                  0001b43c    0000001c     Player.o (.text._ZN6PlayerC2Ev)
                  0001b458    0000001c     libc.a : memory.c.obj (.text.free_list_remove)
                  0001b474    00000018     Switch.o (.text._Z11Switch_Initv)
                  0001b48c    00000016     ST7735.o (.text._Z11ST7735_openPKcji)
                  0001b4a2    00000016     ST7735.o (.text._Z11ST7735_readiPcj)
                  0001b4b8    00000016     libc.a : copy_zero_init.c.obj (.text:decompress:ZI:__TI_zero_init_nomemset)
                  0001b4ce    00000014     FIFO2.o (.text._ZN5Queue7IsEmptyEv)
                  0001b4e2    00000012     Player.o (.text._ZN6Player13setPossessionEh)
                  0001b4f4    00000012     Player.o (.text._ZN6Player7setXPosEs)
                  0001b506    00000012     Player.o (.text._ZN6Player7setYPosEs)
                  0001b518    00000012     Machine.o (.text._ZN7Machine11setRockTypeEh)
                  0001b52a    00000012     Machine.o (.text._ZN7Machine9setSpriteEh)
                  0001b53c    00000012     libc.a : memcpy16.S.obj (.text:TI_memcpy_small)
                  0001b54e    00000012            : copy_decompress_none.c.obj (.text:decompress:none)
                  0001b560    00000010     Clock.o (.text._Z11Clock_Delayj)
                  0001b570    00000010     UART2.o (.text._Z12UART2_Enablev)
                  0001b580    00000010     UART2.o (.text._Z13UART2_Disablev)
                  0001b590    00000010     Lab9HMain.o (.text._Z28TExaS_LaunchPadLogicPB27PB26v)
                  0001b5a0    00000010     FIFO2.o (.text._ZN5QueueC2Ev)
                  0001b5b0    00000010     Lab9HMain.o (.text.__cxx_global_var_init.1)
                  0001b5c0    00000010     Lab9HMain.o (.text.__cxx_global_var_init)
                  0001b5d0    00000010     UART2.o (.text.__cxx_global_var_init)
                  0001b5e0    0000000e     libc.a : memory.c.obj (.text.OUTLINED_FUNCTION_0)
                  0001b5ee    0000000e     ST7735.o (.text._Z12ST7735_lseekili)
                  0001b5fc    0000000e     Player.o (.text._ZN6Player7getXPosEv)
                  0001b60a    0000000e     Player.o (.text._ZN6Player7getYPosEv)
                  0001b618    0000000e     SlidePot.o (.text._ZN8SlidePotC2Ev)
                  0001b626    0000000e     libsysbm.a : hostrename.c.obj (.text.strcpy)
                  0001b634    0000000e                : hostrename.c.obj (.text.strlen)
                  0001b642    0000000e     libc.a : memset16.S.obj (.text:TI_memset_small)
                  0001b650    0000000c     Clock.o (.text._Z10Clock_Freqv)
                  0001b65c    0000000c     ST7735.o (.text._Z13ST7735_renamePKcS0_)
                  0001b668    0000000c     IRxmt.o (.text._Z5Delayj)
                  0001b674    0000000c     Player.o (.text._ZN6Player7getSizeEv)
                  0001b680    0000000c     SlidePot.o (.text._ZN8SlidePot9DistanceXEv)
                  0001b68c    0000000c     SlidePot.o (.text._ZN8SlidePot9DistanceYEv)
                  0001b698    0000000c     libclang_rt.builtins.a : aeabi_memset.S.obj (.text.__aeabi_memclr)
                  0001b6a4    0000000c     libc.a : memory.c.obj (.text.malloc)
                  0001b6b0    0000000a     Sound.o (.text._Z11Sound_Clangv)
                  0001b6ba    0000000a     Sound.o (.text._Z11Sound_Wrongv)
                  0001b6c4    0000000a     ST7735.o (.text._Z12ST7735_closei)
                  0001b6ce    0000000a     ST7735.o (.text._Z13ST7735_unlinkPKc)
                  0001b6d8    0000000a     Sound.o (.text._Z13Sound_Correctv)
                  0001b6e2    0000000a     Lab9HMain.o (.text._Z8PLL_Initv)
                  0001b6ec    00000008     UART2.o (.text._GLOBAL__sub_I_UART2.cpp)
                  0001b6f4    00000008     libclang_rt.builtins.a : aeabi_memcpy.S.obj (.text.__aeabi_memcpy)
                  0001b6fc    00000008     libsysbm.a : remove.c.obj (.text.remove)
                  0001b704    00000004     startup_mspm0g3507_ticlang.o (.text.Reset_Handler)
                  0001b708    00000004     libc.a : pre_init.c.obj (.text._system_pre_init)
                  0001b70c    00000004            : exit.c.obj (.text:abort)

.cinit     0    0001b718    00000630     
                  0001b718    00000609     (.cinit..data.load) [load image, compression = lzss]
                  0001bd21    00000003     --HOLE-- [fill = 0]
                  0001bd24    0000000c     (__TI_handler_table)
                  0001bd30    00000008     (.cinit..bss.load) [load image, compression = zero_init]
                  0001bd38    00000010     (__TI_cinit_table)

.rodata    0    000000c0    000148b0     
                  000000c0    00002800     Lab9HMain.o (.rodata._ZL4todo)
                  000028c0    00002800     Machine.o (.rodata._ZL4todo)
                  000050c0    00001ba8     Sound.o (.rodata._ZL7correct)
                  00006c68    00001b44     Sound.o (.rodata._ZL5clang)
                  000087ac    000010ae     Machine.o (.rodata._ZL14refinerWorking)
                  0000985a    000010ae     Machine.o (.rodata._ZL16refinerHighlight)
                  0000a908    000010ae     Machine.o (.rodata._ZL7refiner)
                  0000b9b6    00000f74     Machine.o (.rodata._ZL13cartHighlight)
                  0000c92a    00000f74     Machine.o (.rodata._ZL4cart)
                  0000d89e    00000738     Machine.o (.rodata._ZL13rockWorking_b)
                  0000dfd6    00000738     Machine.o (.rodata._ZL15rockHighlight_b)
                  0000e70e    00000738     Machine.o (.rodata._ZL22rockWorkingHighlight_b)
                  0000ee46    00000738     Machine.o (.rodata._ZL6rock_b)
                  0000f57e    00000720     Machine.o (.rodata._ZL15portalHighlight)
                  0000fc9e    00000720     Machine.o (.rodata._ZL6portal)
                  000103be    000006e0     Machine.o (.rodata._ZL6ladder)
                  00010a9e    00000548     Lab9HMain.o (.rodata._ZL5miner)
                  00010fe6    00000540     Machine.o (.rodata._ZL7counter)
                  00011526    000004fb     ST7735.o (.rodata._ZL4Font)
                  00011a21    00000001     --HOLE-- [fill = 0]
                  00011a22    00000348     Machine.o (.rodata._ZL5watch)
                  00011d6a    00000320     Machine.o (.rodata._ZL5trash)
                  0001208a    000002d2     Machine.o (.rodata._ZL5sword)
                  0001235c    000002ac     Machine.o (.rodata._ZL3key)
                  00012608    000002a0     Machine.o (.rodata._ZL6shield)
                  000128a8    00000220     Machine.o (.rodata._ZL4ring)
                  00012ac8    0000018c     Machine.o (.rodata._ZL10rawDiamond)
                  00012c54    0000018c     Machine.o (.rodata._ZL10rawEmerald)
                  00012de0    0000018c     Machine.o (.rodata._ZL7rawGold)
                  00012f6c    0000018c     Machine.o (.rodata._ZL7rawRuby)
                  000130f8    0000018c     Machine.o (.rodata._ZL9rawSilver)
                  00013284    00000168     Machine.o (.rodata._ZL13rockWorking_m)
                  000133ec    00000168     Machine.o (.rodata._ZL15rockHighlight_m)
                  00013554    00000168     Machine.o (.rodata._ZL22rockWorkingHighlight_m)
                  000136bc    00000168     Machine.o (.rodata._ZL6rock_m)
                  00013824    0000010e     Machine.o (.rodata._ZL4gold)
                  00013932    0000010e     Machine.o (.rodata._ZL6silver)
                  00013a40    0000010a     Machine.o (.rodata._ZL13rockWorking_t)
                  00013b4a    0000010a     Machine.o (.rodata._ZL15rockHighlight_t)
                  00013c54    0000010a     Machine.o (.rodata._ZL22rockWorkingHighlight_t)
                  00013d5e    0000010a     Machine.o (.rodata._ZL6rock_t)
                  00013e68    000000dd     Lab9HMain.o (.rodata._ZL13Page3_Spanish)
                  00013f45    000000d8     Lab9HMain.o (.rodata._ZL13Page2_English)
                  0001401d    00000001     --HOLE-- [fill = 0]
                  0001401e    000000d8     Machine.o (.rodata._ZL4Ruby)
                  000140f6    000000d8     Machine.o (.rodata._ZL7Diamond)
                  000141ce    000000d8     Machine.o (.rodata._ZL7Emerald)
                  000142a6    000000ce     Lab9HMain.o (.rodata._ZL13Page3_English)
                  00014374    000000c9     Lab9HMain.o (.rodata._ZL13Page2_Spanish)
                  0001443d    000000ac     Lab9HMain.o (.rodata._ZL13Page1_English)
                  000144e9    000000a7     Lab9HMain.o (.rodata._ZL13Page1_Spanish)
                  00014590    000000a4     Lab9HMain.o (.rodata._ZL13Page4_English)
                  00014634    000000a2     Lab9HMain.o (.rodata._ZL13Page4_Spanish)
                  000146d6    00000096     Lab9HMain.o (.rodata._ZL13Page5_Spanish)
                  0001476c    00000066     Lab9HMain.o (.rodata._ZL13Page5_English)
                  000147d2    0000003b     ST7735.o (.rodata._ZL5Rcmd1)
                  0001480d    0000002b     ST7735.o (.rodata._ZL5Rcmd3)
                  00014838    0000001f     Lab9HMain.o (.rodata._ZL11Won_Spanish)
                  00014857    0000001f     Lab9HMain.o (.rodata._ZL12Lost_Spanish)
                  00014876    0000001f     Lab9HMain.o (.rodata._ZL12Wait_Spanish)
                  00014895    0000001d     Lab9HMain.o (.rodata._ZL12Lost_English)
                  000148b2    0000001d     Lab9HMain.o (.rodata._ZL12Wait_English)
                  000148cf    0000001c     Lab9HMain.o (.rodata._ZL11Won_English)
                  000148eb    00000016     ST7735.o (.rodata.str1.128370289436029622301)
                  00014901    00000010     Lab9HMain.o (.rodata.str1.36435047076059183751)
                  00014911    0000000d     ST7735.o (.rodata._ZL10Rcmd2green)
                  0001491e    0000000d     ST7735.o (.rodata._ZL8Rcmd2red)
                  0001492b    00000008     Lab9HMain.o (.rodata._ZL15Goodbye_English)
                  00014933    00000008     Lab9HMain.o (.rodata._ZL16Language_English)
                  0001493b    00000008     Lab9HMain.o (.rodata._ZL16Language_Spanish)
                  00014943    00000008     ST7735.o (.rodata.str1.53591972959378542101)
                  0001494b    00000007     Lab9HMain.o (.rodata._ZL13Hello_Spanish)
                  00014952    00000007     ST7735.o (.rodata.str1.28611865845488554281)
                  00014959    00000007     ST7735.o (.rodata.str1.63348317913043414121)
                  00014960    00000006     Lab9HMain.o (.rodata._ZL13Hello_English)
                  00014966    00000006     Lab9HMain.o (.rodata._ZL15Goodbye_Spanish)
                  0001496c    00000002     ST7735.o (.rodata.str1.90642305370257400361)
                  0001496e    00000002     --HOLE-- [fill = 0]

.init_array 
*          0    0001b710    00000008     
                  0001b710    00000004     UART2.o (.init_array)
                  0001b714    00000004     Lab9HMain.o (.init_array)

.data      0    20200000    0000147d     UNINITIALIZED
                  20200000    00000f83     Sound.o (.data._ZL5wrong)
                  20200f83    00000001     Lab9HMain.o (.data._ZZ17setUpInstructionshE10currOption)
                  20200f84    000000f0     libc.a : defs.c.obj (.data._ftable)
                  20201074    00000088     Machine.o (.data.sprites)
                  202010fc    00000078     libsysbm.a : host_device.c.obj (.data._device)
                  20201174    00000050                : host_device.c.obj (.data._stream)
                  202011c4    0000003c     Lab9HMain.o (.data.Counters)
                  20201200    00000030     Lab9HMain.o (.data.Phrases)
                  20201230    00000030     Lab9HMain.o (.data.machineArr1)
                  20201260    0000002d     Lab9HMain.o (.data.Counters2)
                  2020128d    00000003     Machine.o (.data._ZZN7Machine10updateRockEhE8lastOuts)
                  20201290    0000002c     UART2.o (.data.FIFO2)
                  202012bc    00000028     Lab9HMain.o (.data.Instructions)
                  202012e4    0000000f     Lab9HMain.o (.data.m_anvil)
                  202012f3    0000000f     Lab9HMain.o (.data.m_cart1)
                  20201302    0000000f     Lab9HMain.o (.data.m_cart2)
                  20201311    0000000f     Lab9HMain.o (.data.m_counter1)
                  20201320    0000000f     Lab9HMain.o (.data.m_counter2)
                  2020132f    0000000f     Lab9HMain.o (.data.m_counter3)
                  2020133e    0000000f     Lab9HMain.o (.data.m_counter4)
                  2020134d    0000000f     Lab9HMain.o (.data.m_counter5)
                  2020135c    0000000f     Lab9HMain.o (.data.m_counter6)
                  2020136b    0000000f     Lab9HMain.o (.data.m_portal)
                  2020137a    0000000f     Lab9HMain.o (.data.m_refiner)
                  20201389    0000000f     Lab9HMain.o (.data.m_rock1)
                  20201398    0000000f     Lab9HMain.o (.data.m_rock1Mid)
                  202013a7    0000000f     Lab9HMain.o (.data.m_rock1Progress)
                  202013b6    0000000f     Lab9HMain.o (.data.m_rock1Top)
                  202013c5    0000000f     Lab9HMain.o (.data.m_rock2)
                  202013d4    0000000f     Lab9HMain.o (.data.m_rock2Mid)
                  202013e3    0000000f     Lab9HMain.o (.data.m_rock2Top)
                  202013f2    0000000f     Lab9HMain.o (.data.m_smelter)
                  20201401    0000000f     Lab9HMain.o (.data.m_smelterProgress)
                  20201410    0000000f     Lab9HMain.o (.data.m_todo)
                  2020141f    0000000f     Lab9HMain.o (.data.m_todoDown)
                  2020142e    00000002     ST7735.o (.data.StTextColor)
                  20201430    0000000c     Lab9HMain.o (.data.Sensor)
                  2020143c    00000008     libc.a : exit.c.obj (.data..L_MergedGlobals)
                  20201444    00000008     Lab9HMain.o (.data.p1)
                  2020144c    00000004     Clock.o (.data.BusFreq)
                  20201450    00000004     ST7735.o (.data.StX)
                  20201454    00000004     ST7735.o (.data.StY)
                  20201458    00000004     libc.a : defs.c.obj (.data.__TI_ft_end)
                  2020145c    00000004            : _lock.c.obj (.data._lock)
                  20201460    00000004            : _lock.c.obj (.data._unlock)
                  20201464    00000002     ST7735.o (.data._ZL6_width)
                  20201466    00000002     ST7735.o (.data._ZL7_height)
                  20201468    00000002     Sound.o (.data.clang_size)
                  2020146a    00000002     Sound.o (.data.correct_size)
                  2020146c    00000002     Sound.o (.data.wrong_size)
                  2020146e    00000001     Machine.o (.data._ZZN7Machine10updateCartEhE8debounce)
                  2020146f    00000001     Machine.o (.data._ZZN7Machine10updateRockEhE7halfway)
                  20201470    00000001     Machine.o (.data._ZZN7Machine13updateRefinerEhE8debounce)
                  20201471    00000001     Machine.o (.data._ZZN7Machine14updateCountersEhPS_E8debounce)
                  20201472    00000001     Machine.o (.data._ZZN7Machine9printCartEvE2in)
                  20201473    00000001     Machine.o (.data._ZZN7Machine9printCartEvE4sent)
                  20201474    00000001     libsysbm.a : add_device.c.obj (.data.add_device.device_init)
                  20201475    00000001     Lab9HMain.o (.data.deadTimer)
                  20201476    00000001     Lab9HMain.o (.data.input)
                  20201477    00000001     Lab9HMain.o (.data.numCounters)
                  20201478    00000001     libc.a : memory.c.obj (.data.memory_is_initialized)
                  20201479    00000001     Machine.o (.data.progH)
                  2020147a    00000001     Machine.o (.data.progW)
                  2020147b    00000001     --HOLE--
                  2020147c    00000001     libsysbm.a : open.c.obj (.data.open.stream_init)

.sysmem    0    20201480    00000200     UNINITIALIZED
                  20201480    00000010     libc.a : memory.c.obj (.sysmem)
                  20201490    000001f0     --HOLE--

.bss       0    20201680    000001ff     UNINITIALIZED
                  20201680    00000120     libsysbm.a : trgmsg.c.obj (.bss:_CIOBUF_)
                  202017a0    000000a0     libc.a : defs.c.obj (.bss.__TI_tmpnams)
                  20201840    00000014     Machine.o (.bss.ToDoArr)
                  20201854    00000008     libsysbm.a : hostopen.c.obj (.bss.parmbuf)
                  2020185c    00000004     UART2.o (.bss.LostData)
                  20201860    00000004     TExaS.o (.bss.TExaSLogic)
                  20201864    00000004     TExaS.o (.bss.TExaSadc)
                  20201868    00000004     Sound.o (.bss.soundArr)
                  2020186c    00000004     Sound.o (.bss.soundIndex)
                  20201870    00000004     libc.a : memory.c.obj (.bss.sys_free)
                  20201874    00000002     Lab9HMain.o (.bss.score)
                  20201876    00000002     Sound.o (.bss.soundLength)
                  20201878    00000001     ST7735.o (.bss._ZL8ColStart)
                  20201879    00000001     ST7735.o (.bss._ZL8Rotation)
                  2020187a    00000001     ST7735.o (.bss._ZL8RowStart)
                  2020187b    00000001     ST7735.o (.bss._ZL8TabColor)
                  2020187c    00000001     Lab9HMain.o (.bss.buttons)
                  2020187d    00000001     Sound.o (.bss.sound_flag)
                  2020187e    00000001     Lab9HMain.o (.bss.toDoOpen)

.stack     0    20207e00    00000200     UNINITIALIZED
                  20207e00    00000004     libc.a : boot_cortex_m.c.obj (.stack)
                  20207e04    000001fc     --HOLE--

__llvm_prf_cnts 
*          0    20200000    00000000     UNINITIALIZED

__llvm_prf_bits 
*          0    20200000    00000000     UNINITIALIZED

MODULE SUMMARY

       Module                         code    ro data   rw data
       ------                         ----    -------   -------
    .\
       Machine.o                      8246    55040     167    
       Lab9HMain.o                    6698    13595     599    
       Sound.o                        326     14060     3988   
       ST7735.o                       3668    1449      18     
       Player.o                       1650    0         0      
       TExaS.o                        720     0         8      
       Clock.o                        516     0         4      
       UART2.o                        436     4         48     
       SPI.o                          440     0         0      
       SlidePot.o                     330     0         0      
       Timer.o                        316     0         0      
       IRxmt.o                        240     0         0      
       FIFO2.o                        214     0         0      
       LaunchPad.o                    180     0         0      
       DAC5.o                         92      0         0      
       Switch.o                       52      0         0      
    +--+------------------------------+-------+---------+---------+
       Total:                         24124   84148     4832   
                                                               
    .\ticlang\
       startup_mspm0g3507_ticlang.o   60      192       0      
    +--+------------------------------+-------+---------+---------+
       Total:                         60      192       0      
                                                               
    C:\ti\ccs\tools\compiler\ti-cgt-armllvm_4.0.1.LTS\lib\armv6m-ti-none-eabi/c/libc.a
       memory.c.obj                   702     0         5      
       fopen.c.obj                    556     0         0      
       defs.c.obj                     0       0         404    
       setvbuf.c.obj                  224     0         0      
       getdevice.c.obj                160     0         0      
       strcmp-armv6m.S.obj            136     0         0      
       copy_decompress_lzss.c.obj     124     0         0      
       fclose.c.obj                   124     0         0      
       autoinit.c.obj                 84      0         0      
       fflush.c.obj                   82      0         0      
       exit.c.obj                     56      0         8      
       boot_cortex_m.c.obj            40      0         0      
       copy_zero_init.c.obj           22      0         0      
       copy_decompress_none.c.obj     18      0         0      
       memcpy16.S.obj                 18      0         0      
       memset16.S.obj                 14      0         0      
       _lock.c.obj                    2       0         8      
       pre_init.c.obj                 4       0         0      
    +--+------------------------------+-------+---------+---------+
       Total:                         2366    0         425    
                                                               
    C:\ti\ccs\tools\compiler\ti-cgt-armllvm_4.0.1.LTS\lib\armv6m-ti-none-eabi/c/libsysbm.a
       trgmsg.c.obj                   104     0         288    
       add_device.c.obj               236     0         1      
       host_device.c.obj              0       0         200    
       open.c.obj                     160     0         1      
       hostrename.c.obj               136     0         0      
       hostlseek.c.obj                108     0         0      
       hostopen.c.obj                 96      0         8      
       hostread.c.obj                 88      0         0      
       hostwrite.c.obj                88      0         0      
       close.c.obj                    80      0         0      
       hostclose.c.obj                72      0         0      
       hostunlink.c.obj               72      0         0      
       unlink.c.obj                   44      0         0      
       write.c.obj                    40      0         0      
       remove.c.obj                   8       0         0      
    +--+------------------------------+-------+---------+---------+
       Total:                         1332    0         498    
                                                               
    C:\ti\ccs\tools\compiler\ti-cgt-armllvm_4.0.1.LTS\lib\armv6m-ti-none-eabi/libclang_rt.builtins.a
       aeabi_idivmod.S.obj            86      0         0      
       aeabi_uidivmod.S.obj           64      0         0      
       aeabi_memset.S.obj             12      0         0      
       aeabi_memcpy.S.obj             8       0         0      
       aeabi_div0.c.obj               2       0         0      
    +--+------------------------------+-------+---------+---------+
       Total:                         172     0         0      
                                                               
       Heap:                          0       0         512    
       Stack:                         0       0         512    
       Linker Generated:              0       1581      0      
    +--+------------------------------+-------+---------+---------+
       Grand Total:                   28054   85921     6779   


LINKER GENERATED COPY TABLES

__TI_cinit_table @ 0001bd38 records: 2, size/record: 8, table size: 16
	.data: load addr=0001b718, load size=00000609 bytes, run addr=20200000, run size=0000147d bytes, compression=lzss
	.bss: load addr=0001bd30, load size=00000008 bytes, run addr=20201680, run size=000001ff bytes, compression=zero_init


LINKER GENERATED HANDLER TABLE

__TI_handler_table @ 0001bd24 records: 3, size/record: 4, table size: 12
	index: 0, handler: __TI_decompress_lzss
	index: 1, handler: __TI_decompress_none
	index: 2, handler: __TI_zero_init


GLOBAL SYMBOLS: SORTED ALPHABETICALLY BY Name 

address   name                                
-------   ----                                
0001b3e9  ADC0_IRQHandler                     
0001b3e9  ADC1_IRQHandler                     
0001b3e9  AES_IRQHandler                      
2020144c  BusFreq                             
0001b70c  C$$EXIT                             
0001ac99  C$$IO$$                             
0001b3e9  CANFD0_IRQHandler                   
202011c4  Counters                            
20201260  Counters2                           
0001b3e9  DAC0_IRQHandler                     
0001b3e9  DMA_IRQHandler                      
0001b3e9  Default_Handler                     
20201290  FIFO2                               
0001b3e9  GROUP0_IRQHandler                   
0001b3e9  GROUP1_IRQHandler                   
0001a6d1  HOSTclose                           
00019f59  HOSTlseek                           
0001a1d1  HOSTopen                            
0001a231  HOSTread                            
00019fc5  HOSTrename                          
0001a719  HOSTunlink                          
0001a289  HOSTwrite                           
0001b405  HardFault_Handler                   
0001b3e9  I2C0_IRQHandler                     
0001b3e9  I2C1_IRQHandler                     
202012bc  Instructions                        
2020185c  LostData                            
0001b3e9  NMI_Handler                         
0001b3e9  PendSV_Handler                      
20201200  Phrases                             
0001b3e9  RTC_IRQHandler                      
0001b705  Reset_Handler                       
0001b710  SHT$$INIT_ARRAY$$Base               
0001b718  SHT$$INIT_ARRAY$$Limit              
0001b3e9  SPI0_IRQHandler                     
0001b3e9  SPI1_IRQHandler                     
0001b3e9  SVC_Handler                         
20201430  Sensor                              
2020142e  StTextColor                         
20201450  StX                                 
20201454  StY                                 
0001a2e1  SysTick_Handler                     
20201860  TExaSLogic                          
20201864  TExaSadc                            
0001b3e9  TIMA0_IRQHandler                    
0001b3e9  TIMA1_IRQHandler                    
0001b3e9  TIMG0_IRQHandler                    
0001aa45  TIMG12_IRQHandler                   
0001b3e9  TIMG6_IRQHandler                    
0001a8c5  TIMG7_IRQHandler                    
0001b3e9  TIMG8_IRQHandler                    
0001b53d  TI_memcpy_small                     
0001b643  TI_memset_small                     
20201840  ToDoArr                             
0001b3e9  UART0_IRQHandler                    
0001b3e9  UART1_IRQHandler                    
00019d91  UART2_IRQHandler                    
0001b3e9  UART3_IRQHandler                    
20201680  _CIOBUF_                            
0001b651  _Z10Clock_Freqv                     
0001b081  _Z10IRxmt_Initv                     
0001a905  _Z10Sound_Initv                     
0001a339  _Z10TExaS_InitP10ADC12_RegsjPFhvE   
00018f8d  _Z10UART2_Initv                     
00019141  _Z10printScoreshhh                  
0001b561  _Z11Clock_Delayj                    
0001aaf9  _Z11SPI_OutDatac                    
0001b48d  _Z11ST7735_openPKcji                
0001b4a3  _Z11ST7735_readiPcj                 
0001b6b1  _Z11Sound_Clangv                    
00019855  _Z11Sound_Starth                    
0001b6bb  _Z11Sound_Wrongv                    
0001b475  _Z11Switch_Initv                    
00019691  _Z12ST7735_InitR10initRFlags        
0001b6c5  _Z12ST7735_closei                   
0001b5ef  _Z12ST7735_lseekili                 
0001ab69  _Z12ST7735_writeiPKcj               
0001b571  _Z12UART2_Enablev                   
0001af4d  _Z12UART2_InCharv                   
0001a761  _Z13IRxmt_OutCharc                  
00019e05  _Z13IRxmt_SendBiti                  
0001b65d  _Z13ST7735_renamePKcS0_             
0001b6cf  _Z13ST7735_unlinkPKc                
0001b6d9  _Z13Sound_Correctv                  
0001b581  _Z13UART2_Disablev                  
0001ab9d  _Z14Clock_Delay1msj                 
00019c1d  _Z14LaunchPad_Initv                 
0001a7a9  _Z14SPI_OutCommandc                 
00019069  _Z14ST7735_OutCharc                 
0001936d  _Z14TimerG7_IntArmtjj               
0001ab31  _Z15ActivatePortA_Bv                
00017b2d  _Z15Clock_Init80MHzi                
00017ce1  _Z15ST7735_DrawCharsscssh           
000186c9  _Z15ST7735_FillRectsssst            
000197c1  _Z15TimerG12_IntArmjj               
000188f5  _Z15randomizeOrdersv                
00017e85  _Z16ST7735_DrawCharSsscssh          
00019e79  _Z16ST7735_DrawPixelsst             
0001b171  _Z16ST7735_OutStringPc              
0001abd1  _Z16ST7735_SetCursorjj              
00017745  _Z17ST7735_DrawBitmapssPKtss        
000198e5  _Z17ST7735_DrawStringttPcs          
0001af79  _Z17ST7735_FillScreent              
00019559  _Z17ST7735_InitPrintfv              
000172ad  _Z17setUpInstructionsh              
00018afd  _Z18ST7735_SetRotationh             
0001920d  _Z20ST7735_DrawFastHLinessst        
000192bd  _Z20ST7735_DrawFastVLinessst        
0001b591  _Z28TExaS_LaunchPadLogicPB27PB26v   
0001b669  _Z5Delayj                           
000185a1  _Z8ADC_InitP10ADC12_Regsjj          
0001b349  _Z8DAC5_Outj                        
0001b6e3  _Z8PLL_Initv                        
00018a05  _Z8SPI_Initv                        
0001a881  _Z8checkWinv                        
0001b0a9  _Z9ADC_StartP10ADC12_Regs           
0001aa81  _Z9DAC5_Initv                       
0001a945  _Z9SPI_Resetv                       
0001b421  _Z9Switch_Inv                       
00018cdd  _Z9UART_Initv                       
0001a7f1  _ZN5Queue3GetEPc                    
0001a839  _ZN5Queue3PutEc                     
0001b325  _ZN5Queue6IsFullEv                  
0001b4cf  _ZN5Queue7IsEmptyEv                 
0001b5a1  _ZN5QueueC1Ev                       
0001b5a1  _ZN5QueueC2Ev                       
0001b4e3  _ZN6Player13setPossessionEh         
0001afa5  _ZN6Player13translateDownEv         
0001afd1  _ZN6Player13translateLeftEv         
000195f5  _ZN6Player14checkProximityE7Machine 
0001a3e9  _ZN6Player14printPosessionEh        
0001ad6d  _ZN6Player14translateRightEv        
00019ee9  _ZN6Player15getMachineInputE7Machine
00019729  _ZN6Player16resetCoordinatesEPsS0_  
0001aabd  _ZN6Player6moveUpEv                 
0001b675  _ZN6Player7getSizeEv                
0001b5fd  _ZN6Player7getXPosEv                
0001b60b  _ZN6Player7getYPosEv                
0001b4f5  _ZN6Player7setXPosEs                
0001b507  _ZN6Player7setYPosEs                
00017501  _ZN6Player8inBoundsEssPP7Machinehh  
0001a58d  _ZN6Player8moveDownEv               
0001a43d  _ZN6Player8moveLeftEv               
0001a491  _ZN6Player9moveRightEv              
0001b43d  _ZN6PlayerC1Ev                      
0001b43d  _ZN6PlayerC2Ev                      
00015a39  _ZN7Machine10updateCartEh           
00015f61  _ZN7Machine10updateRockEh           
0001b519  _ZN7Machine11setRockTypeEh          
00016da9  _ZN7Machine12printRefinerEv         
000181a1  _ZN7Machine13cartSendErrorEhh       
0001b055  _ZN7Machine13menuPrintCartEv        
00016af9  _ZN7Machine13printCountersEPS_      
000163a9  _ZN7Machine13updateRefinerEh        
0001676d  _ZN7Machine14updateCountersEhPS_    
00018465  _ZN7Machine15printTurnInAreaEv      
00017055  _ZN7Machine16updateTurnInAreaEh     
00017955  _ZN7Machine9printCartEv             
00018025  _ZN7Machine9printRockEv             
0001b52b  _ZN7Machine9setSpriteEh             
0001a109  _ZN7MachineC1Ehhhhhh                
00019b99  _ZN7MachineC1Ehhhhhhhhh             
00019971  _ZN7MachineC1Ehhhhhhhhhh            
0001a109  _ZN7MachineC2Ehhhhhh                
00019b99  _ZN7MachineC2Ehhhhhhhhh             
00019971  _ZN7MachineC2Ehhhhhhhhhh            
0001a4e5  _ZN8SlidePot2InEv                   
000199fd  _ZN8SlidePot4InitEv                 
0001b199  _ZN8SlidePot4SaveEj                 
0001b369  _ZN8SlidePot4SyncEv                 
0001b681  _ZN8SlidePot9DistanceXEv            
0001b68d  _ZN8SlidePot9DistanceYEv            
0001b619  _ZN8SlidePotC1Ev                    
0001b619  _ZN8SlidePotC2Ev                    
20201680  __CIOBUF_                           
20208000  __STACK_END                         
00000200  __STACK_SIZE                        
00000200  __SYSMEM_SIZE                       
00000000  __TI_ATRegion0_region_sz            
00000000  __TI_ATRegion0_src_addr             
00000000  __TI_ATRegion0_trg_addr             
00000000  __TI_ATRegion1_region_sz            
00000000  __TI_ATRegion1_src_addr             
00000000  __TI_ATRegion1_trg_addr             
00000000  __TI_ATRegion2_region_sz            
00000000  __TI_ATRegion2_src_addr             
00000000  __TI_ATRegion2_trg_addr             
0001bd38  __TI_CINIT_Base                     
0001bd48  __TI_CINIT_Limit                    
0001bd48  __TI_CINIT_Warm                     
0001bd24  __TI_Handler_Table_Base             
0001bd30  __TI_Handler_Table_Limit            
0001a539  __TI_auto_init_nobinit              
0001ac05  __TI_cleanup                        
2020143c  __TI_cleanup_ptr                    
00019c99  __TI_closefile                      
00019d15  __TI_decompress_lzss                
0001b54f  __TI_decompress_none                
0001a5df  __TI_doflush                        
20201440  __TI_dtors_ptr                      
20201458  __TI_ft_end                         
ffffffff  __TI_pprof_out_hndl                 
ffffffff  __TI_prof_data_size                 
ffffffff  __TI_prof_data_start                
0001ac39  __TI_readmsg                        
00000000  __TI_static_base__                  
202017a0  __TI_tmpnams                        
0001ac6d  __TI_writemsg                       
0001b4b9  __TI_zero_init_nomemset             
0001a391  __aeabi_idiv                        
000194b7  __aeabi_idiv0                       
0001a391  __aeabi_idivmod                     
0001b699  __aeabi_memclr                      
0001b699  __aeabi_memclr4                     
0001b699  __aeabi_memclr8                     
0001b6f5  __aeabi_memcpy                      
0001b6f5  __aeabi_memcpy4                     
0001b6f5  __aeabi_memcpy8                     
0001a985  __aeabi_uidiv                       
0001a985  __aeabi_uidivmod                    
ffffffff  __binit__                           
UNDEFED   __mpu_init                          
20207e00  __stack                             
20200000  __start___llvm_prf_bits             
20200000  __start___llvm_prf_cnts             
20200000  __stop___llvm_prf_bits              
20200000  __stop___llvm_prf_cnts              
0001b149  _c_int00_noargs                     
202010fc  _device                             
20200f84  _ftable                             
2020145c  _lock                               
00019f57  _nop                                
20201174  _stream                             
20201480  _sys_memory                         
UNDEFED   _system_post_cinit                  
0001b709  _system_pre_init                    
20201460  _unlock                             
0001b70d  abort                               
00018bf1  add_device                          
000187e1  aligned_alloc                       
ffffffff  binit                               
2020187c  buttons                             
20201468  clang_size                          
0001a681  close                               
2020146a  correct_size                        
20201475  deadTimer                           
0001aca1  exit                                
0001acd5  finddevice                          
0001af1d  fopen                               
00018dc5  free                                
0001ad09  freopen                             
0001a09d  getdevice                           
20201476  input                               
00000000  interruptVectors                    
202012e4  m_anvil                             
202012f3  m_cart1                             
20201302  m_cart2                             
20201311  m_counter1                          
20201320  m_counter2                          
2020132f  m_counter3                          
2020133e  m_counter4                          
2020134d  m_counter5                          
2020135c  m_counter6                          
2020136b  m_portal                            
2020137a  m_refiner                           
20201389  m_rock1                             
20201398  m_rock1Mid                          
202013a7  m_rock1Progress                     
202013b6  m_rock1Top                          
202013c5  m_rock2                             
202013d4  m_rock2Mid                          
202013e3  m_rock2Top                          
202013f2  m_smelter                           
20201401  m_smelterProgress                   
20201410  m_todo                              
2020141f  m_todoDown                          
20201230  machineArr1                         
00014971  main                                
0001b6a5  malloc                              
000187e1  memalign                            
20201477  numCounters                         
000194b9  open                                
20201444  p1                                  
20201854  parmbuf                             
20201479  progH                               
2020147a  progW                               
0001b6fd  remove                              
20201874  score                               
00018ead  setvbuf                             
20201868  soundArr                            
2020186c  soundIndex                          
20201876  soundLength                         
2020187d  sound_flag                          
20201074  sprites                             
00019b11  strcmp                              
2020187e  toDoOpen                            
0001b029  unlink                              
0001b121  write                               
2020146c  wrong_size                          


GLOBAL SYMBOLS: SORTED BY Symbol Address 

address   name                                
-------   ----                                
00000000  __TI_ATRegion0_region_sz            
00000000  __TI_ATRegion0_src_addr             
00000000  __TI_ATRegion0_trg_addr             
00000000  __TI_ATRegion1_region_sz            
00000000  __TI_ATRegion1_src_addr             
00000000  __TI_ATRegion1_trg_addr             
00000000  __TI_ATRegion2_region_sz            
00000000  __TI_ATRegion2_src_addr             
00000000  __TI_ATRegion2_trg_addr             
00000000  __TI_static_base__                  
00000000  interruptVectors                    
00000200  __STACK_SIZE                        
00000200  __SYSMEM_SIZE                       
00014971  main                                
00015a39  _ZN7Machine10updateCartEh           
00015f61  _ZN7Machine10updateRockEh           
000163a9  _ZN7Machine13updateRefinerEh        
0001676d  _ZN7Machine14updateCountersEhPS_    
00016af9  _ZN7Machine13printCountersEPS_      
00016da9  _ZN7Machine12printRefinerEv         
00017055  _ZN7Machine16updateTurnInAreaEh     
000172ad  _Z17setUpInstructionsh              
00017501  _ZN6Player8inBoundsEssPP7Machinehh  
00017745  _Z17ST7735_DrawBitmapssPKtss        
00017955  _ZN7Machine9printCartEv             
00017b2d  _Z15Clock_Init80MHzi                
00017ce1  _Z15ST7735_DrawCharsscssh           
00017e85  _Z16ST7735_DrawCharSsscssh          
00018025  _ZN7Machine9printRockEv             
000181a1  _ZN7Machine13cartSendErrorEhh       
00018465  _ZN7Machine15printTurnInAreaEv      
000185a1  _Z8ADC_InitP10ADC12_Regsjj          
000186c9  _Z15ST7735_FillRectsssst            
000187e1  aligned_alloc                       
000187e1  memalign                            
000188f5  _Z15randomizeOrdersv                
00018a05  _Z8SPI_Initv                        
00018afd  _Z18ST7735_SetRotationh             
00018bf1  add_device                          
00018cdd  _Z9UART_Initv                       
00018dc5  free                                
00018ead  setvbuf                             
00018f8d  _Z10UART2_Initv                     
00019069  _Z14ST7735_OutCharc                 
00019141  _Z10printScoreshhh                  
0001920d  _Z20ST7735_DrawFastHLinessst        
000192bd  _Z20ST7735_DrawFastVLinessst        
0001936d  _Z14TimerG7_IntArmtjj               
000194b7  __aeabi_idiv0                       
000194b9  open                                
00019559  _Z17ST7735_InitPrintfv              
000195f5  _ZN6Player14checkProximityE7Machine 
00019691  _Z12ST7735_InitR10initRFlags        
00019729  _ZN6Player16resetCoordinatesEPsS0_  
000197c1  _Z15TimerG12_IntArmjj               
00019855  _Z11Sound_Starth                    
000198e5  _Z17ST7735_DrawStringttPcs          
00019971  _ZN7MachineC1Ehhhhhhhhhh            
00019971  _ZN7MachineC2Ehhhhhhhhhh            
000199fd  _ZN8SlidePot4InitEv                 
00019b11  strcmp                              
00019b99  _ZN7MachineC1Ehhhhhhhhh             
00019b99  _ZN7MachineC2Ehhhhhhhhh             
00019c1d  _Z14LaunchPad_Initv                 
00019c99  __TI_closefile                      
00019d15  __TI_decompress_lzss                
00019d91  UART2_IRQHandler                    
00019e05  _Z13IRxmt_SendBiti                  
00019e79  _Z16ST7735_DrawPixelsst             
00019ee9  _ZN6Player15getMachineInputE7Machine
00019f57  _nop                                
00019f59  HOSTlseek                           
00019fc5  HOSTrename                          
0001a09d  getdevice                           
0001a109  _ZN7MachineC1Ehhhhhh                
0001a109  _ZN7MachineC2Ehhhhhh                
0001a1d1  HOSTopen                            
0001a231  HOSTread                            
0001a289  HOSTwrite                           
0001a2e1  SysTick_Handler                     
0001a339  _Z10TExaS_InitP10ADC12_RegsjPFhvE   
0001a391  __aeabi_idiv                        
0001a391  __aeabi_idivmod                     
0001a3e9  _ZN6Player14printPosessionEh        
0001a43d  _ZN6Player8moveLeftEv               
0001a491  _ZN6Player9moveRightEv              
0001a4e5  _ZN8SlidePot2InEv                   
0001a539  __TI_auto_init_nobinit              
0001a58d  _ZN6Player8moveDownEv               
0001a5df  __TI_doflush                        
0001a681  close                               
0001a6d1  HOSTclose                           
0001a719  HOSTunlink                          
0001a761  _Z13IRxmt_OutCharc                  
0001a7a9  _Z14SPI_OutCommandc                 
0001a7f1  _ZN5Queue3GetEPc                    
0001a839  _ZN5Queue3PutEc                     
0001a881  _Z8checkWinv                        
0001a8c5  TIMG7_IRQHandler                    
0001a905  _Z10Sound_Initv                     
0001a945  _Z9SPI_Resetv                       
0001a985  __aeabi_uidiv                       
0001a985  __aeabi_uidivmod                    
0001aa45  TIMG12_IRQHandler                   
0001aa81  _Z9DAC5_Initv                       
0001aabd  _ZN6Player6moveUpEv                 
0001aaf9  _Z11SPI_OutDatac                    
0001ab31  _Z15ActivatePortA_Bv                
0001ab69  _Z12ST7735_writeiPKcj               
0001ab9d  _Z14Clock_Delay1msj                 
0001abd1  _Z16ST7735_SetCursorjj              
0001ac05  __TI_cleanup                        
0001ac39  __TI_readmsg                        
0001ac6d  __TI_writemsg                       
0001ac99  C$$IO$$                             
0001aca1  exit                                
0001acd5  finddevice                          
0001ad09  freopen                             
0001ad6d  _ZN6Player14translateRightEv        
0001af1d  fopen                               
0001af4d  _Z12UART2_InCharv                   
0001af79  _Z17ST7735_FillScreent              
0001afa5  _ZN6Player13translateDownEv         
0001afd1  _ZN6Player13translateLeftEv         
0001b029  unlink                              
0001b055  _ZN7Machine13menuPrintCartEv        
0001b081  _Z10IRxmt_Initv                     
0001b0a9  _Z9ADC_StartP10ADC12_Regs           
0001b121  write                               
0001b149  _c_int00_noargs                     
0001b171  _Z16ST7735_OutStringPc              
0001b199  _ZN8SlidePot4SaveEj                 
0001b325  _ZN5Queue6IsFullEv                  
0001b349  _Z8DAC5_Outj                        
0001b369  _ZN8SlidePot4SyncEv                 
0001b3e9  ADC0_IRQHandler                     
0001b3e9  ADC1_IRQHandler                     
0001b3e9  AES_IRQHandler                      
0001b3e9  CANFD0_IRQHandler                   
0001b3e9  DAC0_IRQHandler                     
0001b3e9  DMA_IRQHandler                      
0001b3e9  Default_Handler                     
0001b3e9  GROUP0_IRQHandler                   
0001b3e9  GROUP1_IRQHandler                   
0001b3e9  I2C0_IRQHandler                     
0001b3e9  I2C1_IRQHandler                     
0001b3e9  NMI_Handler                         
0001b3e9  PendSV_Handler                      
0001b3e9  RTC_IRQHandler                      
0001b3e9  SPI0_IRQHandler                     
0001b3e9  SPI1_IRQHandler                     
0001b3e9  SVC_Handler                         
0001b3e9  TIMA0_IRQHandler                    
0001b3e9  TIMA1_IRQHandler                    
0001b3e9  TIMG0_IRQHandler                    
0001b3e9  TIMG6_IRQHandler                    
0001b3e9  TIMG8_IRQHandler                    
0001b3e9  UART0_IRQHandler                    
0001b3e9  UART1_IRQHandler                    
0001b3e9  UART3_IRQHandler                    
0001b405  HardFault_Handler                   
0001b421  _Z9Switch_Inv                       
0001b43d  _ZN6PlayerC1Ev                      
0001b43d  _ZN6PlayerC2Ev                      
0001b475  _Z11Switch_Initv                    
0001b48d  _Z11ST7735_openPKcji                
0001b4a3  _Z11ST7735_readiPcj                 
0001b4b9  __TI_zero_init_nomemset             
0001b4cf  _ZN5Queue7IsEmptyEv                 
0001b4e3  _ZN6Player13setPossessionEh         
0001b4f5  _ZN6Player7setXPosEs                
0001b507  _ZN6Player7setYPosEs                
0001b519  _ZN7Machine11setRockTypeEh          
0001b52b  _ZN7Machine9setSpriteEh             
0001b53d  TI_memcpy_small                     
0001b54f  __TI_decompress_none                
0001b561  _Z11Clock_Delayj                    
0001b571  _Z12UART2_Enablev                   
0001b581  _Z13UART2_Disablev                  
0001b591  _Z28TExaS_LaunchPadLogicPB27PB26v   
0001b5a1  _ZN5QueueC1Ev                       
0001b5a1  _ZN5QueueC2Ev                       
0001b5ef  _Z12ST7735_lseekili                 
0001b5fd  _ZN6Player7getXPosEv                
0001b60b  _ZN6Player7getYPosEv                
0001b619  _ZN8SlidePotC1Ev                    
0001b619  _ZN8SlidePotC2Ev                    
0001b643  TI_memset_small                     
0001b651  _Z10Clock_Freqv                     
0001b65d  _Z13ST7735_renamePKcS0_             
0001b669  _Z5Delayj                           
0001b675  _ZN6Player7getSizeEv                
0001b681  _ZN8SlidePot9DistanceXEv            
0001b68d  _ZN8SlidePot9DistanceYEv            
0001b699  __aeabi_memclr                      
0001b699  __aeabi_memclr4                     
0001b699  __aeabi_memclr8                     
0001b6a5  malloc                              
0001b6b1  _Z11Sound_Clangv                    
0001b6bb  _Z11Sound_Wrongv                    
0001b6c5  _Z12ST7735_closei                   
0001b6cf  _Z13ST7735_unlinkPKc                
0001b6d9  _Z13Sound_Correctv                  
0001b6e3  _Z8PLL_Initv                        
0001b6f5  __aeabi_memcpy                      
0001b6f5  __aeabi_memcpy4                     
0001b6f5  __aeabi_memcpy8                     
0001b6fd  remove                              
0001b705  Reset_Handler                       
0001b709  _system_pre_init                    
0001b70c  C$$EXIT                             
0001b70d  abort                               
0001b710  SHT$$INIT_ARRAY$$Base               
0001b718  SHT$$INIT_ARRAY$$Limit              
0001bd24  __TI_Handler_Table_Base             
0001bd30  __TI_Handler_Table_Limit            
0001bd38  __TI_CINIT_Base                     
0001bd48  __TI_CINIT_Limit                    
0001bd48  __TI_CINIT_Warm                     
20200000  __start___llvm_prf_bits             
20200000  __start___llvm_prf_cnts             
20200000  __stop___llvm_prf_bits              
20200000  __stop___llvm_prf_cnts              
20200f84  _ftable                             
20201074  sprites                             
202010fc  _device                             
20201174  _stream                             
202011c4  Counters                            
20201200  Phrases                             
20201230  machineArr1                         
20201260  Counters2                           
20201290  FIFO2                               
202012bc  Instructions                        
202012e4  m_anvil                             
202012f3  m_cart1                             
20201302  m_cart2                             
20201311  m_counter1                          
20201320  m_counter2                          
2020132f  m_counter3                          
2020133e  m_counter4                          
2020134d  m_counter5                          
2020135c  m_counter6                          
2020136b  m_portal                            
2020137a  m_refiner                           
20201389  m_rock1                             
20201398  m_rock1Mid                          
202013a7  m_rock1Progress                     
202013b6  m_rock1Top                          
202013c5  m_rock2                             
202013d4  m_rock2Mid                          
202013e3  m_rock2Top                          
202013f2  m_smelter                           
20201401  m_smelterProgress                   
20201410  m_todo                              
2020141f  m_todoDown                          
2020142e  StTextColor                         
20201430  Sensor                              
2020143c  __TI_cleanup_ptr                    
20201440  __TI_dtors_ptr                      
20201444  p1                                  
2020144c  BusFreq                             
20201450  StX                                 
20201454  StY                                 
20201458  __TI_ft_end                         
2020145c  _lock                               
20201460  _unlock                             
20201468  clang_size                          
2020146a  correct_size                        
2020146c  wrong_size                          
20201475  deadTimer                           
20201476  input                               
20201477  numCounters                         
20201479  progH                               
2020147a  progW                               
20201480  _sys_memory                         
20201680  _CIOBUF_                            
20201680  __CIOBUF_                           
202017a0  __TI_tmpnams                        
20201840  ToDoArr                             
20201854  parmbuf                             
2020185c  LostData                            
20201860  TExaSLogic                          
20201864  TExaSadc                            
20201868  soundArr                            
2020186c  soundIndex                          
20201874  score                               
20201876  soundLength                         
2020187c  buttons                             
2020187d  sound_flag                          
2020187e  toDoOpen                            
20207e00  __stack                             
20208000  __STACK_END                         
ffffffff  __TI_pprof_out_hndl                 
ffffffff  __TI_prof_data_size                 
ffffffff  __TI_prof_data_start                
ffffffff  __binit__                           
ffffffff  binit                               
UNDEFED   __mpu_init                          
UNDEFED   _system_post_cinit                  

[299 symbols]
