******************************************************************************
            TI ARM Clang Linker PC v4.0.1                      
******************************************************************************
>> Linked Wed Apr 23 21:14:54 2025

OUTPUT FILE NAME:   <MadMines.out>
ENTRY POINT SYMBOL: "_c_int00_noargs"  address: 0001eb69


MEMORY CONFIGURATION

         name            origin    length      used     unused   attr    fill
----------------------  --------  ---------  --------  --------  ----  --------
  FLASH                 00000000   00020000  0001fa00  00000600  R  X
  SRAM                  20200000   00008000  00002644  000059bc  RW X
  BCR_CONFIG            41c00000   00000080  00000000  00000080  R   
  BSL_CONFIG            41c00100   00000080  00000000  00000080  R   


SEGMENT ALLOCATION MAP

run origin  load origin   length   init length attrs members
----------  ----------- ---------- ----------- ----- -------
00000000    00000000    0001fa00   0001fa00    r-x
  00000000    00000000    000000c0   000000c0    r-- .intvecs
  000000c0    000000c0    00017ed0   00017ed0    r-- .rodata
  00017f90    00017f90    00007180   00007180    r-x .text
  0001f110    0001f110    00000008   00000008    r-- .init_array
  0001f118    0001f118    000008e8   000008e8    r-- .cinit
20200000    20200000    00002448   00000000    rw-
  20200000    20200000    00002041   00000000    rw- .data
  20202044    20202044    00000203   00000000    rw- .bss
  20202248    20202248    00000200   00000000    rw- .sysmem
20207e00    20207e00    00000200   00000000    rw-
  20207e00    20207e00    00000200   00000000    rw- .stack


SECTION ALLOCATION MAP

 output                                  attributes/
section   page    origin      length       input sections
--------  ----  ----------  ----------   ----------------
.intvecs   0    00000000    000000c0     
                  00000000    000000c0     startup_mspm0g3507_ticlang.o (.intvecs)

.binit     0    00000000    00000000     

.text      0    00017f90    00007180     
                  00017f90    00000efc     Lab9HMain.o (.text.main)
                  00018e8c    00000510     Machine.o (.text._ZN7Machine10updateCartEh)
                  0001939c    000004dc     Machine.o (.text._ZN7Machine11updateAnvilEh)
                  00019878    00000450     Machine.o (.text._ZN7Machine10updateRockEh)
                  00019cc8    00000410     Lab9HMain.o (.text._Z17setUpInstructionsh)
                  0001a0d8    0000038c     Machine.o (.text._ZN7Machine14updateCountersEhPS_)
                  0001a464    00000354     Machine.o (.text._ZN7Machine13updateSmelterEh)
                  0001a7b8    000002b8     Machine.o (.text._ZN7Machine10printAnvilEv)
                  0001aa70    000002b0     Machine.o (.text._ZN7Machine13printCountersEPS_)
                  0001ad20    00000244     Player.o (.text._ZN6Player8inBoundsEssPP7Machinehh)
                  0001af64    00000210     ST7735.o (.text._Z17ST7735_DrawBitmapssPKtss)
                  0001b174    000001d8     Machine.o (.text._ZN7Machine9printCartEv)
                  0001b34c    000001b8     Machine.o (.text._ZN7Machine12printSmelterEv)
                  0001b504    000001b4     Clock.o (.text._Z15Clock_Init80MHzi)
                  0001b6b8    000001a4     ST7735.o (.text._Z15ST7735_DrawCharsscssh)
                  0001b85c    000001a0     ST7735.o (.text._Z16ST7735_DrawCharSsscssh)
                  0001b9fc    00000198     Machine.o (.text._ZN7Machine13computeRecipeEPaa)
                  0001bb94    0000017c     Machine.o (.text._ZN7Machine9printRockEv)
                  0001bd10    0000016e     Machine.o (.text._ZN7Machine13cartSendErrorEhh)
                  0001be7e    00000002     libclang_rt.builtins.a : aeabi_div0.c.obj (.text.__aeabi_idiv0)
                  0001be80    00000160     Machine.o (.text._ZN7Machine15updateAnvilMenuEPaa)
                  0001bfe0    00000154     libc.a : fopen.c.obj (.text._openfile)
                  0001c134    00000128     TExaS.o (.text._Z8ADC_InitP10ADC12_Regsjj)
                  0001c25c    00000118     ST7735.o (.text._Z15ST7735_FillRectsssst)
                  0001c374    00000114     libc.a : memory.c.obj (.text.aligned_alloc)
                  0001c488    000000f8     SPI.o (.text._Z8SPI_Initv)
                  0001c580    000000f4     ST7735.o (.text._Z18ST7735_SetRotationh)
                  0001c674    000000ec     libsysbm.a : add_device.c.obj (.text.add_device)
                  0001c760    000000e8     TExaS.o (.text._Z9UART_Initv)
                  0001c848    000000e8     libc.a : memory.c.obj (.text.free)
                  0001c930    000000e0            : setvbuf.c.obj (.text.setvbuf)
                  0001ca10    000000dc     UART2.o (.text._Z10UART2_Initv)
                  0001caec    000000d8     ST7735.o (.text._Z14ST7735_OutCharc)
                  0001cbc4    000000cc     Lab9HMain.o (.text._Z10printScoreshhh)
                  0001cc90    000000b0     ST7735.o (.text._Z20ST7735_DrawFastHLinessst)
                  0001cd40    000000b0     ST7735.o (.text._Z20ST7735_DrawFastVLinessst)
                  0001cdf0    000000a8     Timer.o (.text._Z14TimerG7_IntArmtjj)
                  0001ce98    000000a2     ST7735.o (.text._ZL11commandListPKh)
                  0001cf3a    00000002     libc.a : _lock.c.obj (.text._nop)
                  0001cf3c    000000a0     libsysbm.a : open.c.obj (.text.open)
                  0001cfdc    0000009c     ST7735.o (.text._Z17ST7735_InitPrintfv)
                  0001d078    0000009c     Player.o (.text._ZN6Player14checkProximityE7Machine)
                  0001d114    00000098     ST7735.o (.text._Z12ST7735_InitR10initRFlags)
                  0001d1ac    00000098     Player.o (.text._ZN6Player16resetCoordinatesEPsS0_)
                  0001d244    00000094     Timer.o (.text._Z15TimerG12_IntArmjj)
                  0001d2d8    00000090     Sound.o (.text._Z11Sound_Starth)
                  0001d368    0000008c     ST7735.o (.text._Z17ST7735_DrawStringttPcs)
                  0001d3f4    0000008c     Machine.o (.text._ZN7MachineC2Ehhhhhhhhhh)
                  0001d480    0000008c     SlidePot.o (.text._ZN8SlidePot4InitEv)
                  0001d50c    00000088     ST7735.o (.text._ZL13setAddrWindowhhhh)
                  0001d594    0000000c     Clock.o (.text._Z10Clock_Freqv)
                  0001d5a0    00000088     libc.a : strcmp-armv6m.S.obj (.text:strcmp)
                  0001d628    00000084     Machine.o (.text._ZN7MachineC2Ehhhhhhhhh)
                  0001d6ac    0000007c     LaunchPad.o (.text._Z14LaunchPad_Initv)
                  0001d728    0000007c     libc.a : fclose.c.obj (.text.__TI_closefile)
                  0001d7a4    0000007c            : copy_decompress_lzss.c.obj (.text:decompress:lzss)
                  0001d820    00000074     UART2.o (.text.UART2_IRQHandler)
                  0001d894    00000074     IRxmt.o (.text._Z13IRxmt_SendBiti)
                  0001d908    00000070     ST7735.o (.text._Z16ST7735_DrawPixelsst)
                  0001d978    0000006e     Player.o (.text._ZN6Player15getMachineInputE7Machine)
                  0001d9e6    00000002     --HOLE-- [fill = 0]
                  0001d9e8    0000006c     libsysbm.a : hostlseek.c.obj (.text.HOSTlseek)
                  0001da54    0000006c                : hostrename.c.obj (.text.HOSTrename)
                  0001dac0    0000006c     Lab9HMain.o (.text._GLOBAL__sub_I_Lab9HMain.cpp)
                  0001db2c    0000006c     libc.a : getdevice.c.obj (.text.getdevice)
                  0001db98    00000064     Machine.o (.text._ZN7MachineC2Ehhhhhh)
                  0001dbfc    00000064     libc.a : memory.c.obj (.text.split)
                  0001dc60    00000060     libsysbm.a : hostopen.c.obj (.text.HOSTopen)
                  0001dcc0    00000058                : hostread.c.obj (.text.HOSTread)
                  0001dd18    00000058                : hostwrite.c.obj (.text.HOSTwrite)
                  0001dd70    00000058     Sound.o (.text.SysTick_Handler)
                  0001ddc8    00000058     TExaS.o (.text._Z10TExaS_InitP10ADC12_RegsjPFhvE)
                  0001de20    00000056     libclang_rt.builtins.a : aeabi_idivmod.S.obj (.text.__aeabi_idivmod)
                  0001de76    00000002     --HOLE-- [fill = 0]
                  0001de78    00000054     Player.o (.text._ZN6Player14printPosessionEh)
                  0001decc    00000054     Player.o (.text._ZN6Player8moveLeftEv)
                  0001df20    00000054     Player.o (.text._ZN6Player9moveRightEv)
                  0001df74    00000054     SlidePot.o (.text._ZN8SlidePot2InEv)
                  0001dfc8    00000054     libc.a : autoinit.c.obj (.text:__TI_auto_init_nobinit)
                  0001e01c    00000052     Player.o (.text._ZN6Player8moveDownEv)
                  0001e06e    00000052     libc.a : fflush.c.obj (.text.__TI_doflush)
                  0001e0c0    00000050     Lab9HMain.o (.text.__cxx_global_var_init.14)
                  0001e110    00000050     libsysbm.a : close.c.obj (.text.close)
                  0001e160    00000048                : hostclose.c.obj (.text.HOSTclose)
                  0001e1a8    00000048                : hostunlink.c.obj (.text.HOSTunlink)
                  0001e1f0    00000048     IRxmt.o (.text._Z13IRxmt_OutCharc)
                  0001e238    00000048     SPI.o (.text._Z14SPI_OutCommandc)
                  0001e280    00000048     FIFO2.o (.text._ZN5Queue3GetEPc)
                  0001e2c8    00000048     FIFO2.o (.text._ZN5Queue3PutEc)
                  0001e310    00000040     TExaS.o (.text.TIMG7_IRQHandler)
                  0001e350    00000040     Sound.o (.text._Z10Sound_Initv)
                  0001e390    00000040     SPI.o (.text._Z9SPI_Resetv)
                  0001e3d0    00000040     libclang_rt.builtins.a : aeabi_uidivmod.S.obj (.text.__aeabi_uidivmod)
                  0001e410    00000040     Lab9HMain.o (.text.__cxx_global_var_init.26)
                  0001e450    00000040     libc.a : fopen.c.obj (.text._search_fp)
                  0001e490    0000003c     Lab9HMain.o (.text.TIMG12_IRQHandler)
                  0001e4cc    0000003c     DAC5.o (.text._Z9DAC5_Initv)
                  0001e508    0000003c     Player.o (.text._ZN6Player6moveUpEv)
                  0001e544    00000038     SPI.o (.text._Z11SPI_OutDatac)
                  0001e57c    00000038     LaunchPad.o (.text._Z15ActivatePortA_Bv)
                  0001e5b4    00000034     ST7735.o (.text._Z12ST7735_writeiPKcj)
                  0001e5e8    00000034     Clock.o (.text._Z14Clock_Delay1msj)
                  0001e61c    00000034     ST7735.o (.text._Z16ST7735_SetCursorjj)
                  0001e650    00000034     libc.a : fopen.c.obj (.text.__TI_cleanup)
                  0001e684    00000034     libsysbm.a : trgmsg.c.obj (.text.__TI_readmsg)
                  0001e6b8    00000034                : trgmsg.c.obj (.text.__TI_writemsg)
                  0001e6ec    00000034     libc.a : exit.c.obj (.text.exit)
                  0001e720    00000034            : getdevice.c.obj (.text.finddevice)
                  0001e754    00000034            : fopen.c.obj (.text.freopen)
                  0001e788    00000030     ST7735.o (.text._ZL10commonInitPKh)
                  0001e7b8    00000030     Player.o (.text._ZN6Player14translateRightEv)
                  0001e7e8    00000030     Lab9HMain.o (.text.__cxx_global_var_init.11)
                  0001e818    00000030     Lab9HMain.o (.text.__cxx_global_var_init.12)
                  0001e848    00000030     Lab9HMain.o (.text.__cxx_global_var_init.13)
                  0001e878    00000030     Lab9HMain.o (.text.__cxx_global_var_init.17)
                  0001e8a8    00000030     Lab9HMain.o (.text.__cxx_global_var_init.23)
                  0001e8d8    00000030     Lab9HMain.o (.text.__cxx_global_var_init.24)
                  0001e908    00000030     Lab9HMain.o (.text.__cxx_global_var_init.25)
                  0001e938    00000030     Lab9HMain.o (.text.__cxx_global_var_init.6)
                  0001e968    00000030     libc.a : fopen.c.obj (.text.fopen)
                  0001e998    0000002c     UART2.o (.text._Z12UART2_InCharv)
                  0001e9c4    0000002c     ST7735.o (.text._Z17ST7735_FillScreent)
                  0001e9f0    0000002c     Player.o (.text._ZN6Player13translateDownEv)
                  0001ea1c    0000002c     Player.o (.text._ZN6Player13translateLeftEv)
                  0001ea48    0000002c     Lab9HMain.o (.text.__cxx_global_var_init.10)
                  0001ea74    0000002c     libsysbm.a : unlink.c.obj (.text.unlink)
                  0001eaa0    00000028     IRxmt.o (.text._Z10IRxmt_Initv)
                  0001eac8    00000028     TExaS.o (.text._Z9ADC_StartP10ADC12_Regs)
                  0001eaf0    00000028     Lab9HMain.o (.text.__cxx_global_var_init.5)
                  0001eb18    00000028     libc.a : memory.c.obj (.text.free_list_insert)
                  0001eb40    00000028     libsysbm.a : write.c.obj (.text.write)
                  0001eb68    00000028     libc.a : boot_cortex_m.c.obj (.text:_c_int00_noargs)
                  0001eb90    00000026     ST7735.o (.text._Z16ST7735_OutStringPc)
                  0001ebb6    00000002     --HOLE-- [fill = 0]
                  0001ebb8    00000024     SlidePot.o (.text._ZN8SlidePot4SaveEj)
                  0001ebdc    00000024     Lab9HMain.o (.text.__cxx_global_var_init.16)
                  0001ec00    00000024     Lab9HMain.o (.text.__cxx_global_var_init.18)
                  0001ec24    00000024     Lab9HMain.o (.text.__cxx_global_var_init.19)
                  0001ec48    00000024     Lab9HMain.o (.text.__cxx_global_var_init.20)
                  0001ec6c    00000024     Lab9HMain.o (.text.__cxx_global_var_init.21)
                  0001ec90    00000024     Lab9HMain.o (.text.__cxx_global_var_init.22)
                  0001ecb4    00000024     Lab9HMain.o (.text.__cxx_global_var_init.3)
                  0001ecd8    00000024     Lab9HMain.o (.text.__cxx_global_var_init.4)
                  0001ecfc    00000024     Lab9HMain.o (.text.__cxx_global_var_init.7)
                  0001ed20    00000024     Lab9HMain.o (.text.__cxx_global_var_init.9)
                  0001ed44    00000022     FIFO2.o (.text._ZN5Queue6IsFullEv)
                  0001ed66    00000002     --HOLE-- [fill = 0]
                  0001ed68    00000020     DAC5.o (.text._Z8DAC5_Outj)
                  0001ed88    00000020     SlidePot.o (.text._ZN8SlidePot4SyncEv)
                  0001eda8    00000020     Lab9HMain.o (.text.__cxx_global_var_init.15)
                  0001edc8    00000020     Lab9HMain.o (.text.__cxx_global_var_init.8)
                  0001ede8    0000001e     ST7735.o (.text._ZL9pushColort)
                  0001ee06    00000002     --HOLE-- [fill = 0]
                  0001ee08    0000001c     startup_mspm0g3507_ticlang.o (.text.Default_Handler)
                  0001ee24    0000001c     startup_mspm0g3507_ticlang.o (.text.HardFault_Handler)
                  0001ee40    0000001c     Switch.o (.text._Z9Switch_Inv)
                  0001ee5c    0000001c     Player.o (.text._ZN6PlayerC2Ev)
                  0001ee78    0000001c     libc.a : memory.c.obj (.text.free_list_remove)
                  0001ee94    00000018     Switch.o (.text._Z11Switch_Initv)
                  0001eeac    00000016     ST7735.o (.text._Z11ST7735_openPKcji)
                  0001eec2    00000016     ST7735.o (.text._Z11ST7735_readiPcj)
                  0001eed8    00000016     libc.a : copy_zero_init.c.obj (.text:decompress:ZI:__TI_zero_init_nomemset)
                  0001eeee    00000014     FIFO2.o (.text._ZN5Queue7IsEmptyEv)
                  0001ef02    00000012     Player.o (.text._ZN6Player13setPossessionEh)
                  0001ef14    00000012     Player.o (.text._ZN6Player7setXPosEs)
                  0001ef26    00000012     Player.o (.text._ZN6Player7setYPosEs)
                  0001ef38    00000012     Machine.o (.text._ZN7Machine11setRockTypeEh)
                  0001ef4a    00000012     libc.a : memcpy16.S.obj (.text:TI_memcpy_small)
                  0001ef5c    00000012            : copy_decompress_none.c.obj (.text:decompress:none)
                  0001ef6e    00000010     Clock.o (.text._Z11Clock_Delayj)
                  0001ef7e    00000002     --HOLE-- [fill = 0]
                  0001ef80    00000010     UART2.o (.text._Z12UART2_Enablev)
                  0001ef90    00000010     UART2.o (.text._Z13UART2_Disablev)
                  0001efa0    00000010     Lab9HMain.o (.text._Z28TExaS_LaunchPadLogicPB27PB26v)
                  0001efb0    00000010     FIFO2.o (.text._ZN5QueueC2Ev)
                  0001efc0    00000010     Lab9HMain.o (.text.__cxx_global_var_init.2)
                  0001efd0    00000010     Lab9HMain.o (.text.__cxx_global_var_init)
                  0001efe0    00000010     UART2.o (.text.__cxx_global_var_init)
                  0001eff0    0000000e     libc.a : memory.c.obj (.text.OUTLINED_FUNCTION_0)
                  0001effe    0000000e     ST7735.o (.text._Z12ST7735_lseekili)
                  0001f00c    0000000e     Player.o (.text._ZN6Player7getXPosEv)
                  0001f01a    0000000e     Player.o (.text._ZN6Player7getYPosEv)
                  0001f028    0000000e     SlidePot.o (.text._ZN8SlidePotC2Ev)
                  0001f036    0000000e     libsysbm.a : hostrename.c.obj (.text.strcpy)
                  0001f044    0000000e                : hostrename.c.obj (.text.strlen)
                  0001f052    0000000e     libc.a : memset16.S.obj (.text:TI_memset_small)
                  0001f060    0000000c     ST7735.o (.text._Z13ST7735_renamePKcS0_)
                  0001f06c    0000000c     IRxmt.o (.text._Z5Delayj)
                  0001f078    0000000c     Player.o (.text._ZN6Player7getSizeEv)
                  0001f084    0000000c     SlidePot.o (.text._ZN8SlidePot9DistanceXEv)
                  0001f090    0000000c     SlidePot.o (.text._ZN8SlidePot9DistanceYEv)
                  0001f09c    0000000c     libclang_rt.builtins.a : aeabi_memset.S.obj (.text.__aeabi_memclr)
                  0001f0a8    0000000c     libc.a : memory.c.obj (.text.malloc)
                  0001f0b4    0000000a     Sound.o (.text._Z11Sound_Clangv)
                  0001f0be    0000000a     Sound.o (.text._Z11Sound_Wrongv)
                  0001f0c8    0000000a     ST7735.o (.text._Z12ST7735_closei)
                  0001f0d2    0000000a     ST7735.o (.text._Z13ST7735_unlinkPKc)
                  0001f0dc    0000000a     Lab9HMain.o (.text._Z8PLL_Initv)
                  0001f0e6    00000008     UART2.o (.text._GLOBAL__sub_I_UART2.cpp)
                  0001f0ee    00000002     --HOLE-- [fill = 0]
                  0001f0f0    00000008     libclang_rt.builtins.a : aeabi_memcpy.S.obj (.text.__aeabi_memcpy)
                  0001f0f8    00000008     libsysbm.a : remove.c.obj (.text.remove)
                  0001f100    00000004     startup_mspm0g3507_ticlang.o (.text.Reset_Handler)
                  0001f104    00000004     libc.a : pre_init.c.obj (.text._system_pre_init)
                  0001f108    00000004            : exit.c.obj (.text:abort)
                  0001f10c    00000004     --HOLE-- [fill = 0]

.cinit     0    0001f118    000008e8     
                  0001f118    000008c3     (.cinit..data.load) [load image, compression = lzss]
                  0001f9db    00000001     --HOLE-- [fill = 0]
                  0001f9dc    0000000c     (__TI_handler_table)
                  0001f9e8    00000008     (.cinit..bss.load) [load image, compression = zero_init]
                  0001f9f0    00000010     (__TI_cinit_table)

.rodata    0    000000c0    00017ed0     
                  000000c0    00002800     Machine.o (.rodata._ZL4todo)
                  000028c0    00002700     Machine.o (.rodata._ZL9anvilMenu)
                  00004fc0    00001ba8     Sound.o (.rodata._ZL7correct)
                  00006b68    00001008     Machine.o (.rodata._ZL11smelterFail)
                  00007b70    00001008     Machine.o (.rodata._ZL14smelterWorking)
                  00008b78    00001008     Machine.o (.rodata._ZL16smelterHighlight)
                  00009b80    00001008     Machine.o (.rodata._ZL20smelterFailHighlight)
                  0000ab88    00001008     Machine.o (.rodata._ZL7smelter)
                  0000bb90    00000f83     Sound.o (.rodata._ZL5wrong)
                  0000cb13    00000001     --HOLE-- [fill = 0]
                  0000cb14    00000f78     Machine.o (.rodata._ZL12anvilWorking)
                  0000da8c    00000f78     Machine.o (.rodata._ZL14anvilHighlight)
                  0000ea04    00000f78     Machine.o (.rodata._ZL5anvil)
                  0000f97c    00000f74     Machine.o (.rodata._ZL13cartHighlight)
                  000108f0    00000f74     Machine.o (.rodata._ZL4cart)
                  00011864    00000738     Machine.o (.rodata._ZL13rockWorking_b)
                  00011f9c    00000738     Machine.o (.rodata._ZL15rockHighlight_b)
                  000126d4    00000738     Machine.o (.rodata._ZL22rockWorkingHighlight_b)
                  00012e0c    00000738     Machine.o (.rodata._ZL6rock_b)
                  00013544    000006e0     Machine.o (.rodata._ZL6ladder)
                  00013c24    00000548     Lab9HMain.o (.rodata._ZL5miner)
                  0001416c    00000540     Machine.o (.rodata._ZL7counter)
                  000146ac    000004fb     ST7735.o (.rodata._ZL4Font)
                  00014ba7    00000001     --HOLE-- [fill = 0]
                  00014ba8    00000348     Machine.o (.rodata._ZL5watch)
                  00014ef0    00000320     Machine.o (.rodata._ZL4boot)
                  00015210    000002d2     Machine.o (.rodata._ZL5sword)
                  000154e2    000002ac     Machine.o (.rodata._ZL3key)
                  0001578e    000002a0     Machine.o (.rodata._ZL6shield)
                  00015a2e    00000220     Machine.o (.rodata._ZL4ring)
                  00015c4e    000001ee     Machine.o (.rodata._ZL6turnip)
                  00015e3c    0000018c     Machine.o (.rodata._ZL10rawDiamond)
                  00015fc8    0000018c     Machine.o (.rodata._ZL10rawEmerald)
                  00016154    0000018c     Machine.o (.rodata._ZL7rawGold)
                  000162e0    0000018c     Machine.o (.rodata._ZL7rawRuby)
                  0001646c    0000018c     Machine.o (.rodata._ZL9rawSilver)
                  000165f8    00000168     Machine.o (.rodata._ZL13rockWorking_m)
                  00016760    00000168     Machine.o (.rodata._ZL15rockHighlight_m)
                  000168c8    00000168     Machine.o (.rodata._ZL22rockWorkingHighlight_m)
                  00016a30    00000168     Machine.o (.rodata._ZL6rock_m)
                  00016b98    0000010e     Machine.o (.rodata._ZL4gold)
                  00016ca6    0000010e     Machine.o (.rodata._ZL6silver)
                  00016db4    0000010a     Machine.o (.rodata._ZL13rockWorking_t)
                  00016ebe    0000010a     Machine.o (.rodata._ZL15rockHighlight_t)
                  00016fc8    0000010a     Machine.o (.rodata._ZL22rockWorkingHighlight_t)
                  000170d2    0000010a     Machine.o (.rodata._ZL6rock_t)
                  000171dc    000000dd     Lab9HMain.o (.rodata._ZL13Page3_Spanish)
                  000172b9    000000d8     Lab9HMain.o (.rodata._ZL13Page2_English)
                  00017391    00000001     --HOLE-- [fill = 0]
                  00017392    000000d8     Lab9HMain.o (.rodata._ZL4Ruby)
                  0001746a    000000d8     Machine.o (.rodata._ZL4Ruby)
                  00017542    000000d8     Lab9HMain.o (.rodata._ZL7Diamond)
                  0001761a    000000d8     Machine.o (.rodata._ZL7Diamond)
                  000176f2    000000d8     Lab9HMain.o (.rodata._ZL7Emerald)
                  000177ca    000000d8     Machine.o (.rodata._ZL7Emerald)
                  000178a2    000000ce     Lab9HMain.o (.rodata._ZL13Page3_English)
                  00017970    000000c9     Lab9HMain.o (.rodata._ZL13Page2_Spanish)
                  00017a39    000000ac     Lab9HMain.o (.rodata._ZL13Page1_English)
                  00017ae5    000000a7     Lab9HMain.o (.rodata._ZL13Page1_Spanish)
                  00017b8c    000000a4     Lab9HMain.o (.rodata._ZL13Page4_English)
                  00017c30    000000a2     Lab9HMain.o (.rodata._ZL13Page4_Spanish)
                  00017cd2    00000096     Lab9HMain.o (.rodata._ZL13Page5_Spanish)
                  00017d68    00000066     Lab9HMain.o (.rodata._ZL13Page5_English)
                  00017dce    0000003b     ST7735.o (.rodata._ZL5Rcmd1)
                  00017e09    0000002b     ST7735.o (.rodata._ZL5Rcmd3)
                  00017e34    0000001f     Lab9HMain.o (.rodata._ZL11Won_Spanish)
                  00017e53    0000001f     Lab9HMain.o (.rodata._ZL12Lost_Spanish)
                  00017e72    0000001f     Lab9HMain.o (.rodata._ZL12Wait_Spanish)
                  00017e91    0000001d     Lab9HMain.o (.rodata._ZL12Lost_English)
                  00017eae    0000001d     Lab9HMain.o (.rodata._ZL12Wait_English)
                  00017ecb    0000001c     Lab9HMain.o (.rodata._ZL11Won_English)
                  00017ee7    00000016     ST7735.o (.rodata.str1.128370289436029622301)
                  00017efd    00000013     Lab9HMain.o (.rodata.str1.173505494541024909531)
                  00017f10    00000010     Lab9HMain.o (.rodata.str1.36435047076059183751)
                  00017f20    0000000f     Machine.o (.rodata._ZL7recipes)
                  00017f2f    0000000d     ST7735.o (.rodata._ZL10Rcmd2green)
                  00017f3c    0000000d     ST7735.o (.rodata._ZL8Rcmd2red)
                  00017f49    00000008     Lab9HMain.o (.rodata._ZL15Goodbye_English)
                  00017f51    00000008     Lab9HMain.o (.rodata._ZL16Language_English)
                  00017f59    00000008     Lab9HMain.o (.rodata._ZL16Language_Spanish)
                  00017f61    00000008     ST7735.o (.rodata.str1.53591972959378542101)
                  00017f69    00000007     Lab9HMain.o (.rodata._ZL13Hello_Spanish)
                  00017f70    00000007     ST7735.o (.rodata.str1.28611865845488554281)
                  00017f77    00000007     ST7735.o (.rodata.str1.63348317913043414121)
                  00017f7e    00000006     Lab9HMain.o (.rodata._ZL13Hello_English)
                  00017f84    00000006     Lab9HMain.o (.rodata._ZL15Goodbye_Spanish)
                  00017f8a    00000002     ST7735.o (.rodata.str1.90642305370257400361)
                  00017f8c    00000004     --HOLE-- [fill = 0]

.init_array 
*          0    0001f110    00000008     
                  0001f110    00000004     UART2.o (.init_array)
                  0001f114    00000004     Lab9HMain.o (.init_array)

.data      0    20200000    00002041     UNINITIALIZED
                  20200000    00001b44     Sound.o (.data._ZL5clang)
                  20201b44    000000f0     libc.a : defs.c.obj (.data._ftable)
                  20201c34    00000090     Machine.o (.data.sprites)
                  20201cc4    00000078     libsysbm.a : host_device.c.obj (.data._device)
                  20201d3c    00000050                : host_device.c.obj (.data._stream)
                  20201d8c    0000003c     Lab9HMain.o (.data.Counters)
                  20201dc8    00000030     Lab9HMain.o (.data.Phrases)
                  20201df8    0000002d     Lab9HMain.o (.data.Counters2)
                  20201e25    00000003     Machine.o (.data._ZZN7Machine10updateRockEhE8lastOuts)
                  20201e28    0000002c     UART2.o (.data.FIFO2)
                  20201e54    00000028     Lab9HMain.o (.data.Instructions)
                  20201e7c    00000028     Lab9HMain.o (.data.machineArr2)
                  20201ea4    0000000f     Lab9HMain.o (.data.m_anvil)
                  20201eb3    0000000f     Lab9HMain.o (.data.m_cart1)
                  20201ec2    0000000f     Lab9HMain.o (.data.m_cart2)
                  20201ed1    0000000f     Lab9HMain.o (.data.m_counter1)
                  20201ee0    0000000f     Lab9HMain.o (.data.m_counter2)
                  20201eef    0000000f     Lab9HMain.o (.data.m_counter3)
                  20201efe    0000000f     Lab9HMain.o (.data.m_counter4)
                  20201f0d    0000000f     Lab9HMain.o (.data.m_counter5)
                  20201f1c    0000000f     Lab9HMain.o (.data.m_counter6)
                  20201f2b    0000000f     Lab9HMain.o (.data.m_portal)
                  20201f3a    0000000f     Lab9HMain.o (.data.m_refiner)
                  20201f49    0000000f     Lab9HMain.o (.data.m_rock1)
                  20201f58    0000000f     Lab9HMain.o (.data.m_rock1Mid)
                  20201f67    0000000f     Lab9HMain.o (.data.m_rock1Progress)
                  20201f76    0000000f     Lab9HMain.o (.data.m_rock1Top)
                  20201f85    0000000f     Lab9HMain.o (.data.m_rock2)
                  20201f94    0000000f     Lab9HMain.o (.data.m_rock2Mid)
                  20201fa3    0000000f     Lab9HMain.o (.data.m_rock2Top)
                  20201fb2    0000000f     Lab9HMain.o (.data.m_smelter)
                  20201fc1    0000000f     Lab9HMain.o (.data.m_smelterProgress)
                  20201fd0    0000000f     Lab9HMain.o (.data.m_todo)
                  20201fdf    0000000f     Lab9HMain.o (.data.m_todoDown)
                  20201fee    00000002     ST7735.o (.data.StTextColor)
                  20201ff0    0000000c     Lab9HMain.o (.data.Sensor)
                  20201ffc    00000008     libc.a : exit.c.obj (.data..L_MergedGlobals)
                  20202004    00000008     Lab9HMain.o (.data.p1)
                  2020200c    00000004     Clock.o (.data.BusFreq)
                  20202010    00000004     ST7735.o (.data.StX)
                  20202014    00000004     ST7735.o (.data.StY)
                  20202018    00000004     libc.a : defs.c.obj (.data.__TI_ft_end)
                  2020201c    00000004            : _lock.c.obj (.data._lock)
                  20202020    00000004            : _lock.c.obj (.data._unlock)
                  20202024    00000002     ST7735.o (.data._ZL6_width)
                  20202026    00000002     ST7735.o (.data._ZL7_height)
                  20202028    00000002     Sound.o (.data.clang_size)
                  2020202a    00000002     Sound.o (.data.correct_size)
                  2020202c    00000002     Sound.o (.data.wrong_size)
                  2020202e    00000001     Lab9HMain.o (.data._ZZ17setUpInstructionshE10currOption)
                  2020202f    00000001     Machine.o (.data._ZZN7Machine10updateCartEhE8debounce)
                  20202030    00000001     Machine.o (.data._ZZN7Machine10updateRockEhE7halfway)
                  20202031    00000001     Machine.o (.data._ZZN7Machine11updateAnvilEhE10wasWorking)
                  20202032    00000001     Machine.o (.data._ZZN7Machine11updateAnvilEhE11anvilLength)
                  20202033    00000001     Machine.o (.data._ZZN7Machine11updateAnvilEhE12menuDebounce)
                  20202034    00000001     Machine.o (.data._ZZN7Machine14updateCountersEhPS_E8debounce)
                  20202035    00000001     Machine.o (.data._ZZN7Machine9printCartEvE2in)
                  20202036    00000001     Machine.o (.data._ZZN7Machine9printCartEvE4sent)
                  20202037    00000001     Lab9HMain.o (.data.deadTimer)
                  20202038    00000001     libsysbm.a : add_device.c.obj (.data.add_device.device_init)
                  20202039    00000001     Lab9HMain.o (.data.input)
                  2020203a    00000001     Lab9HMain.o (.data.numCounters)
                  2020203b    00000001     Machine.o (.data.progH)
                  2020203c    00000001     libc.a : memory.c.obj (.data.memory_is_initialized)
                  2020203d    00000001     Machine.o (.data.progW)
                  2020203e    00000002     --HOLE--
                  20202040    00000001     libsysbm.a : open.c.obj (.data.open.stream_init)

.bss       0    20202044    00000203     UNINITIALIZED
                  20202044    00000120     libsysbm.a : trgmsg.c.obj (.bss:_CIOBUF_)
                  20202164    000000a0     libc.a : defs.c.obj (.bss.__TI_tmpnams)
                  20202204    00000014     Machine.o (.bss.ToDoArr)
                  20202218    00000008     libsysbm.a : hostopen.c.obj (.bss.parmbuf)
                  20202220    00000005     Machine.o (.bss._ZZN7Machine11updateAnvilEhE10AnvilItems)
                  20202225    00000001     ST7735.o (.bss._ZL8ColStart)
                  20202226    00000002     Sound.o (.bss.soundLength)
                  20202228    00000004     UART2.o (.bss.LostData)
                  2020222c    00000004     TExaS.o (.bss.TExaSLogic)
                  20202230    00000004     TExaS.o (.bss.TExaSadc)
                  20202234    00000004     Sound.o (.bss.soundArr)
                  20202238    00000004     Sound.o (.bss.soundIndex)
                  2020223c    00000004     libc.a : memory.c.obj (.bss.sys_free)
                  20202240    00000001     ST7735.o (.bss._ZL8Rotation)
                  20202241    00000001     ST7735.o (.bss._ZL8RowStart)
                  20202242    00000001     ST7735.o (.bss._ZL8TabColor)
                  20202243    00000001     Lab9HMain.o (.bss.buttons)
                  20202244    00000001     Lab9HMain.o (.bss.menuOpen)
                  20202245    00000001     Sound.o (.bss.sound_flag)
                  20202246    00000001     Lab9HMain.o (.bss.toDoOpen)

.sysmem    0    20202248    00000200     UNINITIALIZED
                  20202248    00000010     libc.a : memory.c.obj (.sysmem)
                  20202258    000001f0     --HOLE--

.stack     0    20207e00    00000200     UNINITIALIZED
                  20207e00    00000004     libc.a : boot_cortex_m.c.obj (.stack)
                  20207e04    000001fc     --HOLE--

__llvm_prf_cnts 
*          0    20200000    00000000     UNINITIALIZED

__llvm_prf_bits 
*          0    20200000    00000000     UNINITIALIZED

MODULE SUMMARY

       Module                         code    ro data   rw data
       ------                         ----    -------   -------
    .\
       Machine.o                      9596    81475     182    
       Sound.o                        316     11051     6997   
       Lab9HMain.o                    6342    4022      590    
       ST7735.o                       3668    1449      18     
       Player.o                       1650    0         0      
       TExaS.o                        720     0         8      
       Clock.o                        516     0         4      
       UART2.o                        436     4         48     
       SPI.o                          440     0         0      
       SlidePot.o                     330     0         0      
       Timer.o                        316     0         0      
       IRxmt.o                        240     0         0      
       FIFO2.o                        214     0         0      
       LaunchPad.o                    180     0         0      
       DAC5.o                         92      0         0      
       Switch.o                       52      0         0      
    +--+------------------------------+-------+---------+---------+
       Total:                         25108   98001     7847   
                                                               
    .\ticlang\
       startup_mspm0g3507_ticlang.o   60      192       0      
    +--+------------------------------+-------+---------+---------+
       Total:                         60      192       0      
                                                               
    C:\ti\ccs\tools\compiler\ti-cgt-armllvm_4.0.1.LTS\lib\armv6m-ti-none-eabi/c/libc.a
       memory.c.obj                   702     0         5      
       fopen.c.obj                    556     0         0      
       defs.c.obj                     0       0         404    
       setvbuf.c.obj                  224     0         0      
       getdevice.c.obj                160     0         0      
       strcmp-armv6m.S.obj            136     0         0      
       copy_decompress_lzss.c.obj     124     0         0      
       fclose.c.obj                   124     0         0      
       autoinit.c.obj                 84      0         0      
       fflush.c.obj                   82      0         0      
       exit.c.obj                     56      0         8      
       boot_cortex_m.c.obj            40      0         0      
       copy_zero_init.c.obj           22      0         0      
       copy_decompress_none.c.obj     18      0         0      
       memcpy16.S.obj                 18      0         0      
       memset16.S.obj                 14      0         0      
       _lock.c.obj                    2       0         8      
       pre_init.c.obj                 4       0         0      
    +--+------------------------------+-------+---------+---------+
       Total:                         2366    0         425    
                                                               
    C:\ti\ccs\tools\compiler\ti-cgt-armllvm_4.0.1.LTS\lib\armv6m-ti-none-eabi/c/libsysbm.a
       trgmsg.c.obj                   104     0         288    
       add_device.c.obj               236     0         1      
       host_device.c.obj              0       0         200    
       open.c.obj                     160     0         1      
       hostrename.c.obj               136     0         0      
       hostlseek.c.obj                108     0         0      
       hostopen.c.obj                 96      0         8      
       hostread.c.obj                 88      0         0      
       hostwrite.c.obj                88      0         0      
       close.c.obj                    80      0         0      
       hostclose.c.obj                72      0         0      
       hostunlink.c.obj               72      0         0      
       unlink.c.obj                   44      0         0      
       write.c.obj                    40      0         0      
       remove.c.obj                   8       0         0      
    +--+------------------------------+-------+---------+---------+
       Total:                         1332    0         498    
                                                               
    C:\ti\ccs\tools\compiler\ti-cgt-armllvm_4.0.1.LTS\lib\armv6m-ti-none-eabi/libclang_rt.builtins.a
       aeabi_idivmod.S.obj            86      0         0      
       aeabi_uidivmod.S.obj           64      0         0      
       aeabi_memset.S.obj             12      0         0      
       aeabi_memcpy.S.obj             8       0         0      
       aeabi_div0.c.obj               2       0         0      
    +--+------------------------------+-------+---------+---------+
       Total:                         172     0         0      
                                                               
       Heap:                          0       0         512    
       Stack:                         0       0         512    
       Linker Generated:              0       2279      0      
    +--+------------------------------+-------+---------+---------+
       Grand Total:                   29038   100472    9794   


LINKER GENERATED COPY TABLES

__TI_cinit_table @ 0001f9f0 records: 2, size/record: 8, table size: 16
	.data: load addr=0001f118, load size=000008c3 bytes, run addr=20200000, run size=00002041 bytes, compression=lzss
	.bss: load addr=0001f9e8, load size=00000008 bytes, run addr=20202044, run size=00000203 bytes, compression=zero_init


LINKER GENERATED HANDLER TABLE

__TI_handler_table @ 0001f9dc records: 3, size/record: 4, table size: 12
	index: 0, handler: __TI_decompress_lzss
	index: 1, handler: __TI_decompress_none
	index: 2, handler: __TI_zero_init


GLOBAL SYMBOLS: SORTED ALPHABETICALLY BY Name 

address   name                                
-------   ----                                
0001ee09  ADC0_IRQHandler                     
0001ee09  ADC1_IRQHandler                     
0001ee09  AES_IRQHandler                      
2020200c  BusFreq                             
0001f108  C$$EXIT                             
0001e6e5  C$$IO$$                             
0001ee09  CANFD0_IRQHandler                   
20201d8c  Counters                            
20201df8  Counters2                           
0001ee09  DAC0_IRQHandler                     
0001ee09  DMA_IRQHandler                      
0001ee09  Default_Handler                     
20201e28  FIFO2                               
0001ee09  GROUP0_IRQHandler                   
0001ee09  GROUP1_IRQHandler                   
0001e161  HOSTclose                           
0001d9e9  HOSTlseek                           
0001dc61  HOSTopen                            
0001dcc1  HOSTread                            
0001da55  HOSTrename                          
0001e1a9  HOSTunlink                          
0001dd19  HOSTwrite                           
0001ee25  HardFault_Handler                   
0001ee09  I2C0_IRQHandler                     
0001ee09  I2C1_IRQHandler                     
20201e54  Instructions                        
20202228  LostData                            
0001ee09  NMI_Handler                         
0001ee09  PendSV_Handler                      
20201dc8  Phrases                             
0001ee09  RTC_IRQHandler                      
0001f101  Reset_Handler                       
0001f110  SHT$$INIT_ARRAY$$Base               
0001f118  SHT$$INIT_ARRAY$$Limit              
0001ee09  SPI0_IRQHandler                     
0001ee09  SPI1_IRQHandler                     
0001ee09  SVC_Handler                         
20201ff0  Sensor                              
20201fee  StTextColor                         
20202010  StX                                 
20202014  StY                                 
0001dd71  SysTick_Handler                     
2020222c  TExaSLogic                          
20202230  TExaSadc                            
0001ee09  TIMA0_IRQHandler                    
0001ee09  TIMA1_IRQHandler                    
0001ee09  TIMG0_IRQHandler                    
0001e491  TIMG12_IRQHandler                   
0001ee09  TIMG6_IRQHandler                    
0001e311  TIMG7_IRQHandler                    
0001ee09  TIMG8_IRQHandler                    
0001ef4b  TI_memcpy_small                     
0001f053  TI_memset_small                     
20202204  ToDoArr                             
0001ee09  UART0_IRQHandler                    
0001ee09  UART1_IRQHandler                    
0001d821  UART2_IRQHandler                    
0001ee09  UART3_IRQHandler                    
20202044  _CIOBUF_                            
0001d595  _Z10Clock_Freqv                     
0001eaa1  _Z10IRxmt_Initv                     
0001e351  _Z10Sound_Initv                     
0001ddc9  _Z10TExaS_InitP10ADC12_RegsjPFhvE   
0001ca11  _Z10UART2_Initv                     
0001cbc5  _Z10printScoreshhh                  
0001ef6f  _Z11Clock_Delayj                    
0001e545  _Z11SPI_OutDatac                    
0001eead  _Z11ST7735_openPKcji                
0001eec3  _Z11ST7735_readiPcj                 
0001f0b5  _Z11Sound_Clangv                    
0001d2d9  _Z11Sound_Starth                    
0001f0bf  _Z11Sound_Wrongv                    
0001ee95  _Z11Switch_Initv                    
0001d115  _Z12ST7735_InitR10initRFlags        
0001f0c9  _Z12ST7735_closei                   
0001efff  _Z12ST7735_lseekili                 
0001e5b5  _Z12ST7735_writeiPKcj               
0001ef81  _Z12UART2_Enablev                   
0001e999  _Z12UART2_InCharv                   
0001e1f1  _Z13IRxmt_OutCharc                  
0001d895  _Z13IRxmt_SendBiti                  
0001f061  _Z13ST7735_renamePKcS0_             
0001f0d3  _Z13ST7735_unlinkPKc                
0001ef91  _Z13UART2_Disablev                  
0001e5e9  _Z14Clock_Delay1msj                 
0001d6ad  _Z14LaunchPad_Initv                 
0001e239  _Z14SPI_OutCommandc                 
0001caed  _Z14ST7735_OutCharc                 
0001cdf1  _Z14TimerG7_IntArmtjj               
0001e57d  _Z15ActivatePortA_Bv                
0001b505  _Z15Clock_Init80MHzi                
0001b6b9  _Z15ST7735_DrawCharsscssh           
0001c25d  _Z15ST7735_FillRectsssst            
0001d245  _Z15TimerG12_IntArmjj               
0001b85d  _Z16ST7735_DrawCharSsscssh          
0001d909  _Z16ST7735_DrawPixelsst             
0001eb91  _Z16ST7735_OutStringPc              
0001e61d  _Z16ST7735_SetCursorjj              
0001af65  _Z17ST7735_DrawBitmapssPKtss        
0001d369  _Z17ST7735_DrawStringttPcs          
0001e9c5  _Z17ST7735_FillScreent              
0001cfdd  _Z17ST7735_InitPrintfv              
00019cc9  _Z17setUpInstructionsh              
0001c581  _Z18ST7735_SetRotationh             
0001cc91  _Z20ST7735_DrawFastHLinessst        
0001cd41  _Z20ST7735_DrawFastVLinessst        
0001efa1  _Z28TExaS_LaunchPadLogicPB27PB26v   
0001f06d  _Z5Delayj                           
0001c135  _Z8ADC_InitP10ADC12_Regsjj          
0001ed69  _Z8DAC5_Outj                        
0001f0dd  _Z8PLL_Initv                        
0001c489  _Z8SPI_Initv                        
0001eac9  _Z9ADC_StartP10ADC12_Regs           
0001e4cd  _Z9DAC5_Initv                       
0001e391  _Z9SPI_Resetv                       
0001ee41  _Z9Switch_Inv                       
0001c761  _Z9UART_Initv                       
0001e281  _ZN5Queue3GetEPc                    
0001e2c9  _ZN5Queue3PutEc                     
0001ed45  _ZN5Queue6IsFullEv                  
0001eeef  _ZN5Queue7IsEmptyEv                 
0001efb1  _ZN5QueueC1Ev                       
0001efb1  _ZN5QueueC2Ev                       
0001ef03  _ZN6Player13setPossessionEh         
0001e9f1  _ZN6Player13translateDownEv         
0001ea1d  _ZN6Player13translateLeftEv         
0001d079  _ZN6Player14checkProximityE7Machine 
0001de79  _ZN6Player14printPosessionEh        
0001e7b9  _ZN6Player14translateRightEv        
0001d979  _ZN6Player15getMachineInputE7Machine
0001d1ad  _ZN6Player16resetCoordinatesEPsS0_  
0001e509  _ZN6Player6moveUpEv                 
0001f079  _ZN6Player7getSizeEv                
0001f00d  _ZN6Player7getXPosEv                
0001f01b  _ZN6Player7getYPosEv                
0001ef15  _ZN6Player7setXPosEs                
0001ef27  _ZN6Player7setYPosEs                
0001ad21  _ZN6Player8inBoundsEssPP7Machinehh  
0001e01d  _ZN6Player8moveDownEv               
0001decd  _ZN6Player8moveLeftEv               
0001df21  _ZN6Player9moveRightEv              
0001ee5d  _ZN6PlayerC1Ev                      
0001ee5d  _ZN6PlayerC2Ev                      
0001a7b9  _ZN7Machine10printAnvilEv           
00018e8d  _ZN7Machine10updateCartEh           
00019879  _ZN7Machine10updateRockEh           
0001ef39  _ZN7Machine11setRockTypeEh          
0001939d  _ZN7Machine11updateAnvilEh          
0001b34d  _ZN7Machine12printSmelterEv         
0001bd11  _ZN7Machine13cartSendErrorEhh       
0001b9fd  _ZN7Machine13computeRecipeEPaa      
0001aa71  _ZN7Machine13printCountersEPS_      
0001a465  _ZN7Machine13updateSmelterEh        
0001a0d9  _ZN7Machine14updateCountersEhPS_    
0001be81  _ZN7Machine15updateAnvilMenuEPaa    
0001b175  _ZN7Machine9printCartEv             
0001bb95  _ZN7Machine9printRockEv             
0001db99  _ZN7MachineC1Ehhhhhh                
0001d629  _ZN7MachineC1Ehhhhhhhhh             
0001d3f5  _ZN7MachineC1Ehhhhhhhhhh            
0001db99  _ZN7MachineC2Ehhhhhh                
0001d629  _ZN7MachineC2Ehhhhhhhhh             
0001d3f5  _ZN7MachineC2Ehhhhhhhhhh            
0001df75  _ZN8SlidePot2InEv                   
0001d481  _ZN8SlidePot4InitEv                 
0001ebb9  _ZN8SlidePot4SaveEj                 
0001ed89  _ZN8SlidePot4SyncEv                 
0001f085  _ZN8SlidePot9DistanceXEv            
0001f091  _ZN8SlidePot9DistanceYEv            
0001f029  _ZN8SlidePotC1Ev                    
0001f029  _ZN8SlidePotC2Ev                    
20202044  __CIOBUF_                           
20208000  __STACK_END                         
00000200  __STACK_SIZE                        
00000200  __SYSMEM_SIZE                       
00000000  __TI_ATRegion0_region_sz            
00000000  __TI_ATRegion0_src_addr             
00000000  __TI_ATRegion0_trg_addr             
00000000  __TI_ATRegion1_region_sz            
00000000  __TI_ATRegion1_src_addr             
00000000  __TI_ATRegion1_trg_addr             
00000000  __TI_ATRegion2_region_sz            
00000000  __TI_ATRegion2_src_addr             
00000000  __TI_ATRegion2_trg_addr             
0001f9f0  __TI_CINIT_Base                     
0001fa00  __TI_CINIT_Limit                    
0001fa00  __TI_CINIT_Warm                     
0001f9dc  __TI_Handler_Table_Base             
0001f9e8  __TI_Handler_Table_Limit            
0001dfc9  __TI_auto_init_nobinit              
0001e651  __TI_cleanup                        
20201ffc  __TI_cleanup_ptr                    
0001d729  __TI_closefile                      
0001d7a5  __TI_decompress_lzss                
0001ef5d  __TI_decompress_none                
0001e06f  __TI_doflush                        
20202000  __TI_dtors_ptr                      
20202018  __TI_ft_end                         
ffffffff  __TI_pprof_out_hndl                 
ffffffff  __TI_prof_data_size                 
ffffffff  __TI_prof_data_start                
0001e685  __TI_readmsg                        
00000000  __TI_static_base__                  
20202164  __TI_tmpnams                        
0001e6b9  __TI_writemsg                       
0001eed9  __TI_zero_init_nomemset             
0001de21  __aeabi_idiv                        
0001be7f  __aeabi_idiv0                       
0001de21  __aeabi_idivmod                     
0001f09d  __aeabi_memclr                      
0001f09d  __aeabi_memclr4                     
0001f09d  __aeabi_memclr8                     
0001f0f1  __aeabi_memcpy                      
0001f0f1  __aeabi_memcpy4                     
0001f0f1  __aeabi_memcpy8                     
0001e3d1  __aeabi_uidiv                       
0001e3d1  __aeabi_uidivmod                    
ffffffff  __binit__                           
UNDEFED   __mpu_init                          
20207e00  __stack                             
20200000  __start___llvm_prf_bits             
20200000  __start___llvm_prf_cnts             
20200000  __stop___llvm_prf_bits              
20200000  __stop___llvm_prf_cnts              
0001eb69  _c_int00_noargs                     
20201cc4  _device                             
20201b44  _ftable                             
2020201c  _lock                               
0001cf3b  _nop                                
20201d3c  _stream                             
20202248  _sys_memory                         
UNDEFED   _system_post_cinit                  
0001f105  _system_pre_init                    
20202020  _unlock                             
0001f109  abort                               
0001c675  add_device                          
0001c375  aligned_alloc                       
ffffffff  binit                               
20202243  buttons                             
20202028  clang_size                          
0001e111  close                               
2020202a  correct_size                        
20202037  deadTimer                           
0001e6ed  exit                                
0001e721  finddevice                          
0001e969  fopen                               
0001c849  free                                
0001e755  freopen                             
0001db2d  getdevice                           
20202039  input                               
00000000  interruptVectors                    
20201ea4  m_anvil                             
20201eb3  m_cart1                             
20201ec2  m_cart2                             
20201ed1  m_counter1                          
20201ee0  m_counter2                          
20201eef  m_counter3                          
20201efe  m_counter4                          
20201f0d  m_counter5                          
20201f1c  m_counter6                          
20201f2b  m_portal                            
20201f3a  m_refiner                           
20201f49  m_rock1                             
20201f58  m_rock1Mid                          
20201f67  m_rock1Progress                     
20201f76  m_rock1Top                          
20201f85  m_rock2                             
20201f94  m_rock2Mid                          
20201fa3  m_rock2Top                          
20201fb2  m_smelter                           
20201fc1  m_smelterProgress                   
20201fd0  m_todo                              
20201fdf  m_todoDown                          
20201e7c  machineArr2                         
00017f91  main                                
0001f0a9  malloc                              
0001c375  memalign                            
20202244  menuOpen                            
2020203a  numCounters                         
0001cf3d  open                                
20202004  p1                                  
20202218  parmbuf                             
2020203b  progH                               
2020203d  progW                               
0001f0f9  remove                              
0001c931  setvbuf                             
20202234  soundArr                            
20202238  soundIndex                          
20202226  soundLength                         
20202245  sound_flag                          
20201c34  sprites                             
0001d5a1  strcmp                              
20202246  toDoOpen                            
0001ea75  unlink                              
0001eb41  write                               
2020202c  wrong_size                          


GLOBAL SYMBOLS: SORTED BY Symbol Address 

address   name                                
-------   ----                                
00000000  __TI_ATRegion0_region_sz            
00000000  __TI_ATRegion0_src_addr             
00000000  __TI_ATRegion0_trg_addr             
00000000  __TI_ATRegion1_region_sz            
00000000  __TI_ATRegion1_src_addr             
00000000  __TI_ATRegion1_trg_addr             
00000000  __TI_ATRegion2_region_sz            
00000000  __TI_ATRegion2_src_addr             
00000000  __TI_ATRegion2_trg_addr             
00000000  __TI_static_base__                  
00000000  interruptVectors                    
00000200  __STACK_SIZE                        
00000200  __SYSMEM_SIZE                       
00017f91  main                                
00018e8d  _ZN7Machine10updateCartEh           
0001939d  _ZN7Machine11updateAnvilEh          
00019879  _ZN7Machine10updateRockEh           
00019cc9  _Z17setUpInstructionsh              
0001a0d9  _ZN7Machine14updateCountersEhPS_    
0001a465  _ZN7Machine13updateSmelterEh        
0001a7b9  _ZN7Machine10printAnvilEv           
0001aa71  _ZN7Machine13printCountersEPS_      
0001ad21  _ZN6Player8inBoundsEssPP7Machinehh  
0001af65  _Z17ST7735_DrawBitmapssPKtss        
0001b175  _ZN7Machine9printCartEv             
0001b34d  _ZN7Machine12printSmelterEv         
0001b505  _Z15Clock_Init80MHzi                
0001b6b9  _Z15ST7735_DrawCharsscssh           
0001b85d  _Z16ST7735_DrawCharSsscssh          
0001b9fd  _ZN7Machine13computeRecipeEPaa      
0001bb95  _ZN7Machine9printRockEv             
0001bd11  _ZN7Machine13cartSendErrorEhh       
0001be7f  __aeabi_idiv0                       
0001be81  _ZN7Machine15updateAnvilMenuEPaa    
0001c135  _Z8ADC_InitP10ADC12_Regsjj          
0001c25d  _Z15ST7735_FillRectsssst            
0001c375  aligned_alloc                       
0001c375  memalign                            
0001c489  _Z8SPI_Initv                        
0001c581  _Z18ST7735_SetRotationh             
0001c675  add_device                          
0001c761  _Z9UART_Initv                       
0001c849  free                                
0001c931  setvbuf                             
0001ca11  _Z10UART2_Initv                     
0001caed  _Z14ST7735_OutCharc                 
0001cbc5  _Z10printScoreshhh                  
0001cc91  _Z20ST7735_DrawFastHLinessst        
0001cd41  _Z20ST7735_DrawFastVLinessst        
0001cdf1  _Z14TimerG7_IntArmtjj               
0001cf3b  _nop                                
0001cf3d  open                                
0001cfdd  _Z17ST7735_InitPrintfv              
0001d079  _ZN6Player14checkProximityE7Machine 
0001d115  _Z12ST7735_InitR10initRFlags        
0001d1ad  _ZN6Player16resetCoordinatesEPsS0_  
0001d245  _Z15TimerG12_IntArmjj               
0001d2d9  _Z11Sound_Starth                    
0001d369  _Z17ST7735_DrawStringttPcs          
0001d3f5  _ZN7MachineC1Ehhhhhhhhhh            
0001d3f5  _ZN7MachineC2Ehhhhhhhhhh            
0001d481  _ZN8SlidePot4InitEv                 
0001d595  _Z10Clock_Freqv                     
0001d5a1  strcmp                              
0001d629  _ZN7MachineC1Ehhhhhhhhh             
0001d629  _ZN7MachineC2Ehhhhhhhhh             
0001d6ad  _Z14LaunchPad_Initv                 
0001d729  __TI_closefile                      
0001d7a5  __TI_decompress_lzss                
0001d821  UART2_IRQHandler                    
0001d895  _Z13IRxmt_SendBiti                  
0001d909  _Z16ST7735_DrawPixelsst             
0001d979  _ZN6Player15getMachineInputE7Machine
0001d9e9  HOSTlseek                           
0001da55  HOSTrename                          
0001db2d  getdevice                           
0001db99  _ZN7MachineC1Ehhhhhh                
0001db99  _ZN7MachineC2Ehhhhhh                
0001dc61  HOSTopen                            
0001dcc1  HOSTread                            
0001dd19  HOSTwrite                           
0001dd71  SysTick_Handler                     
0001ddc9  _Z10TExaS_InitP10ADC12_RegsjPFhvE   
0001de21  __aeabi_idiv                        
0001de21  __aeabi_idivmod                     
0001de79  _ZN6Player14printPosessionEh        
0001decd  _ZN6Player8moveLeftEv               
0001df21  _ZN6Player9moveRightEv              
0001df75  _ZN8SlidePot2InEv                   
0001dfc9  __TI_auto_init_nobinit              
0001e01d  _ZN6Player8moveDownEv               
0001e06f  __TI_doflush                        
0001e111  close                               
0001e161  HOSTclose                           
0001e1a9  HOSTunlink                          
0001e1f1  _Z13IRxmt_OutCharc                  
0001e239  _Z14SPI_OutCommandc                 
0001e281  _ZN5Queue3GetEPc                    
0001e2c9  _ZN5Queue3PutEc                     
0001e311  TIMG7_IRQHandler                    
0001e351  _Z10Sound_Initv                     
0001e391  _Z9SPI_Resetv                       
0001e3d1  __aeabi_uidiv                       
0001e3d1  __aeabi_uidivmod                    
0001e491  TIMG12_IRQHandler                   
0001e4cd  _Z9DAC5_Initv                       
0001e509  _ZN6Player6moveUpEv                 
0001e545  _Z11SPI_OutDatac                    
0001e57d  _Z15ActivatePortA_Bv                
0001e5b5  _Z12ST7735_writeiPKcj               
0001e5e9  _Z14Clock_Delay1msj                 
0001e61d  _Z16ST7735_SetCursorjj              
0001e651  __TI_cleanup                        
0001e685  __TI_readmsg                        
0001e6b9  __TI_writemsg                       
0001e6e5  C$$IO$$                             
0001e6ed  exit                                
0001e721  finddevice                          
0001e755  freopen                             
0001e7b9  _ZN6Player14translateRightEv        
0001e969  fopen                               
0001e999  _Z12UART2_InCharv                   
0001e9c5  _Z17ST7735_FillScreent              
0001e9f1  _ZN6Player13translateDownEv         
0001ea1d  _ZN6Player13translateLeftEv         
0001ea75  unlink                              
0001eaa1  _Z10IRxmt_Initv                     
0001eac9  _Z9ADC_StartP10ADC12_Regs           
0001eb41  write                               
0001eb69  _c_int00_noargs                     
0001eb91  _Z16ST7735_OutStringPc              
0001ebb9  _ZN8SlidePot4SaveEj                 
0001ed45  _ZN5Queue6IsFullEv                  
0001ed69  _Z8DAC5_Outj                        
0001ed89  _ZN8SlidePot4SyncEv                 
0001ee09  ADC0_IRQHandler                     
0001ee09  ADC1_IRQHandler                     
0001ee09  AES_IRQHandler                      
0001ee09  CANFD0_IRQHandler                   
0001ee09  DAC0_IRQHandler                     
0001ee09  DMA_IRQHandler                      
0001ee09  Default_Handler                     
0001ee09  GROUP0_IRQHandler                   
0001ee09  GROUP1_IRQHandler                   
0001ee09  I2C0_IRQHandler                     
0001ee09  I2C1_IRQHandler                     
0001ee09  NMI_Handler                         
0001ee09  PendSV_Handler                      
0001ee09  RTC_IRQHandler                      
0001ee09  SPI0_IRQHandler                     
0001ee09  SPI1_IRQHandler                     
0001ee09  SVC_Handler                         
0001ee09  TIMA0_IRQHandler                    
0001ee09  TIMA1_IRQHandler                    
0001ee09  TIMG0_IRQHandler                    
0001ee09  TIMG6_IRQHandler                    
0001ee09  TIMG8_IRQHandler                    
0001ee09  UART0_IRQHandler                    
0001ee09  UART1_IRQHandler                    
0001ee09  UART3_IRQHandler                    
0001ee25  HardFault_Handler                   
0001ee41  _Z9Switch_Inv                       
0001ee5d  _ZN6PlayerC1Ev                      
0001ee5d  _ZN6PlayerC2Ev                      
0001ee95  _Z11Switch_Initv                    
0001eead  _Z11ST7735_openPKcji                
0001eec3  _Z11ST7735_readiPcj                 
0001eed9  __TI_zero_init_nomemset             
0001eeef  _ZN5Queue7IsEmptyEv                 
0001ef03  _ZN6Player13setPossessionEh         
0001ef15  _ZN6Player7setXPosEs                
0001ef27  _ZN6Player7setYPosEs                
0001ef39  _ZN7Machine11setRockTypeEh          
0001ef4b  TI_memcpy_small                     
0001ef5d  __TI_decompress_none                
0001ef6f  _Z11Clock_Delayj                    
0001ef81  _Z12UART2_Enablev                   
0001ef91  _Z13UART2_Disablev                  
0001efa1  _Z28TExaS_LaunchPadLogicPB27PB26v   
0001efb1  _ZN5QueueC1Ev                       
0001efb1  _ZN5QueueC2Ev                       
0001efff  _Z12ST7735_lseekili                 
0001f00d  _ZN6Player7getXPosEv                
0001f01b  _ZN6Player7getYPosEv                
0001f029  _ZN8SlidePotC1Ev                    
0001f029  _ZN8SlidePotC2Ev                    
0001f053  TI_memset_small                     
0001f061  _Z13ST7735_renamePKcS0_             
0001f06d  _Z5Delayj                           
0001f079  _ZN6Player7getSizeEv                
0001f085  _ZN8SlidePot9DistanceXEv            
0001f091  _ZN8SlidePot9DistanceYEv            
0001f09d  __aeabi_memclr                      
0001f09d  __aeabi_memclr4                     
0001f09d  __aeabi_memclr8                     
0001f0a9  malloc                              
0001f0b5  _Z11Sound_Clangv                    
0001f0bf  _Z11Sound_Wrongv                    
0001f0c9  _Z12ST7735_closei                   
0001f0d3  _Z13ST7735_unlinkPKc                
0001f0dd  _Z8PLL_Initv                        
0001f0f1  __aeabi_memcpy                      
0001f0f1  __aeabi_memcpy4                     
0001f0f1  __aeabi_memcpy8                     
0001f0f9  remove                              
0001f101  Reset_Handler                       
0001f105  _system_pre_init                    
0001f108  C$$EXIT                             
0001f109  abort                               
0001f110  SHT$$INIT_ARRAY$$Base               
0001f118  SHT$$INIT_ARRAY$$Limit              
0001f9dc  __TI_Handler_Table_Base             
0001f9e8  __TI_Handler_Table_Limit            
0001f9f0  __TI_CINIT_Base                     
0001fa00  __TI_CINIT_Limit                    
0001fa00  __TI_CINIT_Warm                     
20200000  __start___llvm_prf_bits             
20200000  __start___llvm_prf_cnts             
20200000  __stop___llvm_prf_bits              
20200000  __stop___llvm_prf_cnts              
20201b44  _ftable                             
20201c34  sprites                             
20201cc4  _device                             
20201d3c  _stream                             
20201d8c  Counters                            
20201dc8  Phrases                             
20201df8  Counters2                           
20201e28  FIFO2                               
20201e54  Instructions                        
20201e7c  machineArr2                         
20201ea4  m_anvil                             
20201eb3  m_cart1                             
20201ec2  m_cart2                             
20201ed1  m_counter1                          
20201ee0  m_counter2                          
20201eef  m_counter3                          
20201efe  m_counter4                          
20201f0d  m_counter5                          
20201f1c  m_counter6                          
20201f2b  m_portal                            
20201f3a  m_refiner                           
20201f49  m_rock1                             
20201f58  m_rock1Mid                          
20201f67  m_rock1Progress                     
20201f76  m_rock1Top                          
20201f85  m_rock2                             
20201f94  m_rock2Mid                          
20201fa3  m_rock2Top                          
20201fb2  m_smelter                           
20201fc1  m_smelterProgress                   
20201fd0  m_todo                              
20201fdf  m_todoDown                          
20201fee  StTextColor                         
20201ff0  Sensor                              
20201ffc  __TI_cleanup_ptr                    
20202000  __TI_dtors_ptr                      
20202004  p1                                  
2020200c  BusFreq                             
20202010  StX                                 
20202014  StY                                 
20202018  __TI_ft_end                         
2020201c  _lock                               
20202020  _unlock                             
20202028  clang_size                          
2020202a  correct_size                        
2020202c  wrong_size                          
20202037  deadTimer                           
20202039  input                               
2020203a  numCounters                         
2020203b  progH                               
2020203d  progW                               
20202044  _CIOBUF_                            
20202044  __CIOBUF_                           
20202164  __TI_tmpnams                        
20202204  ToDoArr                             
20202218  parmbuf                             
20202226  soundLength                         
20202228  LostData                            
2020222c  TExaSLogic                          
20202230  TExaSadc                            
20202234  soundArr                            
20202238  soundIndex                          
20202243  buttons                             
20202244  menuOpen                            
20202245  sound_flag                          
20202246  toDoOpen                            
20202248  _sys_memory                         
20207e00  __stack                             
20208000  __STACK_END                         
ffffffff  __TI_pprof_out_hndl                 
ffffffff  __TI_prof_data_size                 
ffffffff  __TI_prof_data_start                
ffffffff  __binit__                           
ffffffff  binit                               
UNDEFED   __mpu_init                          
UNDEFED   _system_post_cinit                  

[296 symbols]
