******************************************************************************
            TI ARM Clang Linker PC v4.0.1                      
******************************************************************************
>> Linked Tue Apr 22 23:13:34 2025

OUTPUT FILE NAME:   <MadMines.out>
ENTRY POINT SYMBOL: "_c_int00_noargs"  address: 0001afbd


MEMORY CONFIGURATION

         name            origin    length      used     unused   attr    fill
----------------------  --------  ---------  --------  --------  ----  --------
  FLASH                 00000000   00020000  0001bbb0  00004450  R  X
  SRAM                  20200000   00008000  00001a70  00006590  RW X
  BCR_CONFIG            41c00000   00000080  00000000  00000080  R   
  BSL_CONFIG            41c00100   00000080  00000000  00000080  R   


SEGMENT ALLOCATION MAP

run origin  load origin   length   init length attrs members
----------  ----------- ---------- ----------- ----- -------
00000000    00000000    0001bbb0   0001bbb0    r-x
  00000000    00000000    000000c0   000000c0    r-- .intvecs
  000000c0    000000c0    00014890   00014890    r-- .rodata
  00014950    00014950    00006c30   00006c30    r-x .text
  0001b580    0001b580    00000008   00000008    r-- .init_array
  0001b588    0001b588    00000628   00000628    r-- .cinit
20200000    20200000    00001877   00000000    rw-
  20200000    20200000    00001471   00000000    rw- .data
  20201478    20201478    00000200   00000000    rw- .sysmem
  20201678    20201678    000001ff   00000000    rw- .bss
20207e00    20207e00    00000200   00000000    rw-
  20207e00    20207e00    00000200   00000000    rw- .stack


SECTION ALLOCATION MAP

 output                                  attributes/
section   page    origin      length       input sections
--------  ----  ----------  ----------   ----------------
.intvecs   0    00000000    000000c0     
                  00000000    000000c0     startup_mspm0g3507_ticlang.o (.intvecs)

.binit     0    00000000    00000000     

.text      0    00014950    00006c30     
                  00014950    000010a8     Lab9HMain.o (.text.main)
                  000159f8    00000510     Machine.o (.text._ZN7Machine10updateCartEh)
                  00015f08    0000040c     Machine.o (.text._ZN7Machine10updateRockEh)
                  00016314    000003c4     Machine.o (.text._ZN7Machine13updateRefinerEh)
                  000166d8    0000038c     Machine.o (.text._ZN7Machine14updateCountersEhPS_)
                  00016a64    000002b0     Machine.o (.text._ZN7Machine13printCountersEPS_)
                  00016d14    000002ac     Machine.o (.text._ZN7Machine12printRefinerEv)
                  00016fc0    00000258     Machine.o (.text._ZN7Machine16updateTurnInAreaEh)
                  00017218    00000244     Player.o (.text._ZN6Player8inBoundsEssPP7Machinehh)
                  0001745c    00000230     Lab9HMain.o (.text._Z17setUpInstructionsh)
                  0001768c    00000210     ST7735.o (.text._Z17ST7735_DrawBitmapssPKtss)
                  0001789c    000001d8     Machine.o (.text._ZN7Machine9printCartEv)
                  00017a74    000001b4     Clock.o (.text._Z15Clock_Init80MHzi)
                  00017c28    000001a4     ST7735.o (.text._Z15ST7735_DrawCharsscssh)
                  00017dcc    000001a0     ST7735.o (.text._Z16ST7735_DrawCharSsscssh)
                  00017f6c    0000017c     Machine.o (.text._ZN7Machine9printRockEv)
                  000180e8    0000015c     Machine.o (.text._ZN7Machine13cartSendErrorEhh)
                  00018244    00000154     libc.a : fopen.c.obj (.text._openfile)
                  00018398    0000013c     Machine.o (.text._ZN7Machine15printTurnInAreaEv)
                  000184d4    00000128     TExaS.o (.text._Z8ADC_InitP10ADC12_Regsjj)
                  000185fc    00000118     ST7735.o (.text._Z15ST7735_FillRectsssst)
                  00018714    00000114     libc.a : memory.c.obj (.text.aligned_alloc)
                  00018828    000000f8     SPI.o (.text._Z8SPI_Initv)
                  00018920    000000f4     ST7735.o (.text._Z18ST7735_SetRotationh)
                  00018a14    000000ec     libsysbm.a : add_device.c.obj (.text.add_device)
                  00018b00    000000e8     TExaS.o (.text._Z9UART_Initv)
                  00018be8    000000e8     libc.a : memory.c.obj (.text.free)
                  00018cd0    000000e0            : setvbuf.c.obj (.text.setvbuf)
                  00018db0    000000dc     UART2.o (.text._Z10UART2_Initv)
                  00018e8c    000000d8     ST7735.o (.text._Z14ST7735_OutCharc)
                  00018f64    000000cc     Lab9HMain.o (.text._Z10printScoreshhh)
                  00019030    000000b0     ST7735.o (.text._Z20ST7735_DrawFastHLinessst)
                  000190e0    000000b0     ST7735.o (.text._Z20ST7735_DrawFastVLinessst)
                  00019190    000000a8     Timer.o (.text._Z14TimerG7_IntArmtjj)
                  00019238    000000a2     ST7735.o (.text._ZL11commandListPKh)
                  000192da    00000002     libclang_rt.builtins.a : aeabi_div0.c.obj (.text.__aeabi_idiv0)
                  000192dc    000000a0     libsysbm.a : open.c.obj (.text.open)
                  0001937c    0000009c     ST7735.o (.text._Z17ST7735_InitPrintfv)
                  00019418    0000009c     Player.o (.text._ZN6Player14checkProximityE7Machine)
                  000194b4    00000098     ST7735.o (.text._Z12ST7735_InitR10initRFlags)
                  0001954c    00000098     Player.o (.text._ZN6Player16resetCoordinatesEPsS0_)
                  000195e4    00000094     Timer.o (.text._Z15TimerG12_IntArmjj)
                  00019678    00000090     Sound.o (.text._Z11Sound_Starth)
                  00019708    0000008c     ST7735.o (.text._Z17ST7735_DrawStringttPcs)
                  00019794    0000008c     Machine.o (.text._ZN7MachineC2Ehhhhhhhhhh)
                  00019820    0000008c     SlidePot.o (.text._ZN8SlidePot4InitEv)
                  000198ac    00000088     ST7735.o (.text._ZL13setAddrWindowhhhh)
                  00019934    0000000c     Clock.o (.text._Z10Clock_Freqv)
                  00019940    00000088     libc.a : strcmp-armv6m.S.obj (.text:strcmp)
                  000199c8    00000084     Machine.o (.text._ZN7MachineC2Ehhhhhhhhh)
                  00019a4c    0000007c     LaunchPad.o (.text._Z14LaunchPad_Initv)
                  00019ac8    0000007c     libc.a : fclose.c.obj (.text.__TI_closefile)
                  00019b44    0000007c            : copy_decompress_lzss.c.obj (.text:decompress:lzss)
                  00019bc0    00000074     UART2.o (.text.UART2_IRQHandler)
                  00019c34    00000074     IRxmt.o (.text._Z13IRxmt_SendBiti)
                  00019ca8    00000070     ST7735.o (.text._Z16ST7735_DrawPixelsst)
                  00019d18    0000006e     Player.o (.text._ZN6Player15getMachineInputE7Machine)
                  00019d86    00000002     libc.a : _lock.c.obj (.text._nop)
                  00019d88    0000006c     libsysbm.a : hostlseek.c.obj (.text.HOSTlseek)
                  00019df4    0000006c                : hostrename.c.obj (.text.HOSTrename)
                  00019e60    0000006c     Lab9HMain.o (.text._GLOBAL__sub_I_Lab9HMain.cpp)
                  00019ecc    0000006c     libc.a : getdevice.c.obj (.text.getdevice)
                  00019f38    00000064     Machine.o (.text._ZN7MachineC2Ehhhhhh)
                  00019f9c    00000064     libc.a : memory.c.obj (.text.split)
                  0001a000    00000060     libsysbm.a : hostopen.c.obj (.text.HOSTopen)
                  0001a060    00000058                : hostread.c.obj (.text.HOSTread)
                  0001a0b8    00000058                : hostwrite.c.obj (.text.HOSTwrite)
                  0001a110    00000058     Sound.o (.text.SysTick_Handler)
                  0001a168    00000058     TExaS.o (.text._Z10TExaS_InitP10ADC12_RegsjPFhvE)
                  0001a1c0    00000056     libclang_rt.builtins.a : aeabi_idivmod.S.obj (.text.__aeabi_idivmod)
                  0001a216    00000002     --HOLE-- [fill = 0]
                  0001a218    00000054     Player.o (.text._ZN6Player14printPosessionEh)
                  0001a26c    00000054     Player.o (.text._ZN6Player8moveLeftEv)
                  0001a2c0    00000054     Player.o (.text._ZN6Player9moveRightEv)
                  0001a314    00000054     SlidePot.o (.text._ZN8SlidePot2InEv)
                  0001a368    00000054     libc.a : autoinit.c.obj (.text:__TI_auto_init_nobinit)
                  0001a3bc    00000052     Player.o (.text._ZN6Player8moveDownEv)
                  0001a40e    00000052     libc.a : fflush.c.obj (.text.__TI_doflush)
                  0001a460    00000050     Lab9HMain.o (.text.__cxx_global_var_init.13)
                  0001a4b0    00000050     libsysbm.a : close.c.obj (.text.close)
                  0001a500    0000004c     FIFO2.o (.text._ZN5Queue3GetEPc)
                  0001a54c    0000004c     FIFO2.o (.text._ZN5Queue3PutEc)
                  0001a598    00000048     libsysbm.a : hostclose.c.obj (.text.HOSTclose)
                  0001a5e0    00000048                : hostunlink.c.obj (.text.HOSTunlink)
                  0001a628    00000048     IRxmt.o (.text._Z13IRxmt_OutCharc)
                  0001a670    00000048     SPI.o (.text._Z14SPI_OutCommandc)
                  0001a6b8    00000044     Lab9HMain.o (.text._Z8checkWinv)
                  0001a6fc    00000040     TExaS.o (.text.TIMG7_IRQHandler)
                  0001a73c    00000040     Sound.o (.text._Z10Sound_Initv)
                  0001a77c    00000040     SPI.o (.text._Z9SPI_Resetv)
                  0001a7bc    00000040     libclang_rt.builtins.a : aeabi_uidivmod.S.obj (.text.__aeabi_uidivmod)
                  0001a7fc    00000040     Lab9HMain.o (.text.__cxx_global_var_init.26)
                  0001a83c    00000040     libc.a : fopen.c.obj (.text._search_fp)
                  0001a87c    0000003c     Lab9HMain.o (.text.TIMG12_IRQHandler)
                  0001a8b8    0000003c     Lab9HMain.o (.text._Z15randomizeOrdersv)
                  0001a8f4    0000003c     DAC5.o (.text._Z9DAC5_Initv)
                  0001a930    0000003c     Player.o (.text._ZN6Player6moveUpEv)
                  0001a96c    00000038     SPI.o (.text._Z11SPI_OutDatac)
                  0001a9a4    00000038     LaunchPad.o (.text._Z15ActivatePortA_Bv)
                  0001a9dc    00000034     ST7735.o (.text._Z12ST7735_writeiPKcj)
                  0001aa10    00000034     Clock.o (.text._Z14Clock_Delay1msj)
                  0001aa44    00000034     ST7735.o (.text._Z16ST7735_SetCursorjj)
                  0001aa78    00000034     libc.a : fopen.c.obj (.text.__TI_cleanup)
                  0001aaac    00000034     libsysbm.a : trgmsg.c.obj (.text.__TI_readmsg)
                  0001aae0    00000034                : trgmsg.c.obj (.text.__TI_writemsg)
                  0001ab14    00000034     libc.a : exit.c.obj (.text.exit)
                  0001ab48    00000034            : getdevice.c.obj (.text.finddevice)
                  0001ab7c    00000034            : fopen.c.obj (.text.freopen)
                  0001abb0    00000030     ST7735.o (.text._ZL10commonInitPKh)
                  0001abe0    00000030     Player.o (.text._ZN6Player14translateRightEv)
                  0001ac10    00000030     Lab9HMain.o (.text.__cxx_global_var_init.10)
                  0001ac40    00000030     Lab9HMain.o (.text.__cxx_global_var_init.11)
                  0001ac70    00000030     Lab9HMain.o (.text.__cxx_global_var_init.12)
                  0001aca0    00000030     Lab9HMain.o (.text.__cxx_global_var_init.17)
                  0001acd0    00000030     Lab9HMain.o (.text.__cxx_global_var_init.23)
                  0001ad00    00000030     Lab9HMain.o (.text.__cxx_global_var_init.24)
                  0001ad30    00000030     Lab9HMain.o (.text.__cxx_global_var_init.25)
                  0001ad60    00000030     Lab9HMain.o (.text.__cxx_global_var_init.5)
                  0001ad90    00000030     libc.a : fopen.c.obj (.text.fopen)
                  0001adc0    0000002c     UART2.o (.text._Z12UART2_InCharv)
                  0001adec    0000002c     ST7735.o (.text._Z17ST7735_FillScreent)
                  0001ae18    0000002c     Player.o (.text._ZN6Player13translateDownEv)
                  0001ae44    0000002c     Player.o (.text._ZN6Player13translateLeftEv)
                  0001ae70    0000002c     Lab9HMain.o (.text.__cxx_global_var_init.9)
                  0001ae9c    0000002c     libsysbm.a : unlink.c.obj (.text.unlink)
                  0001aec8    0000002a     Machine.o (.text._ZN7Machine13menuPrintCartEv)
                  0001aef2    00000002     --HOLE-- [fill = 0]
                  0001aef4    00000028     IRxmt.o (.text._Z10IRxmt_Initv)
                  0001af1c    00000028     TExaS.o (.text._Z9ADC_StartP10ADC12_Regs)
                  0001af44    00000028     Lab9HMain.o (.text.__cxx_global_var_init.4)
                  0001af6c    00000028     libc.a : memory.c.obj (.text.free_list_insert)
                  0001af94    00000028     libsysbm.a : write.c.obj (.text.write)
                  0001afbc    00000028     libc.a : boot_cortex_m.c.obj (.text:_c_int00_noargs)
                  0001afe4    00000026     ST7735.o (.text._Z16ST7735_OutStringPc)
                  0001b00a    00000002     --HOLE-- [fill = 0]
                  0001b00c    00000024     SlidePot.o (.text._ZN8SlidePot4SaveEj)
                  0001b030    00000024     Lab9HMain.o (.text.__cxx_global_var_init.16)
                  0001b054    00000024     Lab9HMain.o (.text.__cxx_global_var_init.18)
                  0001b078    00000024     Lab9HMain.o (.text.__cxx_global_var_init.19)
                  0001b09c    00000024     Lab9HMain.o (.text.__cxx_global_var_init.20)
                  0001b0c0    00000024     Lab9HMain.o (.text.__cxx_global_var_init.21)
                  0001b0e4    00000024     Lab9HMain.o (.text.__cxx_global_var_init.22)
                  0001b108    00000024     Lab9HMain.o (.text.__cxx_global_var_init.2)
                  0001b12c    00000024     Lab9HMain.o (.text.__cxx_global_var_init.3)
                  0001b150    00000024     Lab9HMain.o (.text.__cxx_global_var_init.6)
                  0001b174    00000024     Lab9HMain.o (.text.__cxx_global_var_init.8)
                  0001b198    00000022     FIFO2.o (.text._ZN5Queue6IsFullEv)
                  0001b1ba    00000002     --HOLE-- [fill = 0]
                  0001b1bc    00000020     DAC5.o (.text._Z8DAC5_Outj)
                  0001b1dc    00000020     SlidePot.o (.text._ZN8SlidePot4SyncEv)
                  0001b1fc    00000020     Lab9HMain.o (.text.__cxx_global_var_init.14)
                  0001b21c    00000020     Lab9HMain.o (.text.__cxx_global_var_init.7)
                  0001b23c    0000001e     ST7735.o (.text._ZL9pushColort)
                  0001b25a    00000002     --HOLE-- [fill = 0]
                  0001b25c    0000001c     startup_mspm0g3507_ticlang.o (.text.Default_Handler)
                  0001b278    0000001c     startup_mspm0g3507_ticlang.o (.text.HardFault_Handler)
                  0001b294    0000001c     Switch.o (.text._Z9Switch_Inv)
                  0001b2b0    0000001c     Player.o (.text._ZN6PlayerC2Ev)
                  0001b2cc    0000001c     libc.a : memory.c.obj (.text.free_list_remove)
                  0001b2e8    00000018     Switch.o (.text._Z11Switch_Initv)
                  0001b300    00000016     ST7735.o (.text._Z11ST7735_openPKcji)
                  0001b316    00000016     ST7735.o (.text._Z11ST7735_readiPcj)
                  0001b32c    00000016     libc.a : copy_zero_init.c.obj (.text:decompress:ZI:__TI_zero_init_nomemset)
                  0001b342    00000014     FIFO2.o (.text._ZN5Queue7IsEmptyEv)
                  0001b356    00000012     Player.o (.text._ZN6Player13setPossessionEh)
                  0001b368    00000012     Player.o (.text._ZN6Player7setXPosEs)
                  0001b37a    00000012     Player.o (.text._ZN6Player7setYPosEs)
                  0001b38c    00000012     Machine.o (.text._ZN7Machine11setRockTypeEh)
                  0001b39e    00000012     Machine.o (.text._ZN7Machine9setSpriteEh)
                  0001b3b0    00000012     libc.a : memcpy16.S.obj (.text:TI_memcpy_small)
                  0001b3c2    00000012            : copy_decompress_none.c.obj (.text:decompress:none)
                  0001b3d4    00000010     Clock.o (.text._Z11Clock_Delayj)
                  0001b3e4    00000010     UART2.o (.text._Z12UART2_Enablev)
                  0001b3f4    00000010     UART2.o (.text._Z13UART2_Disablev)
                  0001b404    00000010     Lab9HMain.o (.text._Z28TExaS_LaunchPadLogicPB27PB26v)
                  0001b414    00000010     FIFO2.o (.text._ZN5QueueC2Ev)
                  0001b424    00000010     Lab9HMain.o (.text.__cxx_global_var_init.1)
                  0001b434    00000010     Lab9HMain.o (.text.__cxx_global_var_init)
                  0001b444    00000010     UART2.o (.text.__cxx_global_var_init)
                  0001b454    0000000e     libc.a : memory.c.obj (.text.OUTLINED_FUNCTION_0)
                  0001b462    0000000e     ST7735.o (.text._Z12ST7735_lseekili)
                  0001b470    0000000e     Player.o (.text._ZN6Player7getXPosEv)
                  0001b47e    0000000e     Player.o (.text._ZN6Player7getYPosEv)
                  0001b48c    0000000e     SlidePot.o (.text._ZN8SlidePotC2Ev)
                  0001b49a    0000000e     libsysbm.a : hostrename.c.obj (.text.strcpy)
                  0001b4a8    0000000e                : hostrename.c.obj (.text.strlen)
                  0001b4b6    0000000e     libc.a : memset16.S.obj (.text:TI_memset_small)
                  0001b4c4    0000000c     ST7735.o (.text._Z13ST7735_renamePKcS0_)
                  0001b4d0    0000000c     IRxmt.o (.text._Z5Delayj)
                  0001b4dc    0000000c     Player.o (.text._ZN6Player7getSizeEv)
                  0001b4e8    0000000c     SlidePot.o (.text._ZN8SlidePot9DistanceXEv)
                  0001b4f4    0000000c     SlidePot.o (.text._ZN8SlidePot9DistanceYEv)
                  0001b500    0000000c     libclang_rt.builtins.a : aeabi_memset.S.obj (.text.__aeabi_memclr)
                  0001b50c    0000000c     libc.a : memory.c.obj (.text.malloc)
                  0001b518    0000000a     Sound.o (.text._Z11Sound_Clangv)
                  0001b522    0000000a     Sound.o (.text._Z11Sound_Wrongv)
                  0001b52c    0000000a     ST7735.o (.text._Z12ST7735_closei)
                  0001b536    0000000a     ST7735.o (.text._Z13ST7735_unlinkPKc)
                  0001b540    0000000a     Sound.o (.text._Z13Sound_Correctv)
                  0001b54a    0000000a     Lab9HMain.o (.text._Z8PLL_Initv)
                  0001b554    00000008     UART2.o (.text._GLOBAL__sub_I_UART2.cpp)
                  0001b55c    00000008     libclang_rt.builtins.a : aeabi_memcpy.S.obj (.text.__aeabi_memcpy)
                  0001b564    00000008     libsysbm.a : remove.c.obj (.text.remove)
                  0001b56c    00000004     startup_mspm0g3507_ticlang.o (.text.Reset_Handler)
                  0001b570    00000004     libc.a : pre_init.c.obj (.text._system_pre_init)
                  0001b574    00000004            : exit.c.obj (.text:abort)
                  0001b578    00000008     --HOLE-- [fill = 0]

.cinit     0    0001b588    00000628     
                  0001b588    000005fe     (.cinit..data.load) [load image, compression = lzss]
                  0001bb86    00000002     --HOLE-- [fill = 0]
                  0001bb88    0000000c     (__TI_handler_table)
                  0001bb94    00000008     (.cinit..bss.load) [load image, compression = zero_init]
                  0001bb9c    00000010     (__TI_cinit_table)
                  0001bbac    00000004     --HOLE-- [fill = 0]

.rodata    0    000000c0    00014890     
                  000000c0    00002800     Lab9HMain.o (.rodata._ZL4todo)
                  000028c0    00002800     Machine.o (.rodata._ZL4todo)
                  000050c0    00001ba8     Sound.o (.rodata._ZL7correct)
                  00006c68    00001b44     Sound.o (.rodata._ZL5clang)
                  000087ac    000010ae     Machine.o (.rodata._ZL14refinerWorking)
                  0000985a    000010ae     Machine.o (.rodata._ZL16refinerHighlight)
                  0000a908    000010ae     Machine.o (.rodata._ZL7refiner)
                  0000b9b6    00000f74     Machine.o (.rodata._ZL13cartHighlight)
                  0000c92a    00000f74     Machine.o (.rodata._ZL4cart)
                  0000d89e    00000738     Machine.o (.rodata._ZL13rockWorking_b)
                  0000dfd6    00000738     Machine.o (.rodata._ZL15rockHighlight_b)
                  0000e70e    00000738     Machine.o (.rodata._ZL22rockWorkingHighlight_b)
                  0000ee46    00000738     Machine.o (.rodata._ZL6rock_b)
                  0000f57e    00000720     Machine.o (.rodata._ZL15portalHighlight)
                  0000fc9e    00000720     Machine.o (.rodata._ZL6portal)
                  000103be    000006e0     Machine.o (.rodata._ZL6ladder)
                  00010a9e    00000548     Lab9HMain.o (.rodata._ZL5miner)
                  00010fe6    00000540     Machine.o (.rodata._ZL7counter)
                  00011526    000004fb     ST7735.o (.rodata._ZL4Font)
                  00011a21    00000001     --HOLE-- [fill = 0]
                  00011a22    00000348     Machine.o (.rodata._ZL5watch)
                  00011d6a    00000320     Machine.o (.rodata._ZL5trash)
                  0001208a    000002d2     Machine.o (.rodata._ZL5sword)
                  0001235c    000002ac     Machine.o (.rodata._ZL3key)
                  00012608    000002a0     Machine.o (.rodata._ZL6shield)
                  000128a8    00000220     Machine.o (.rodata._ZL4ring)
                  00012ac8    0000018c     Machine.o (.rodata._ZL10rawDiamond)
                  00012c54    0000018c     Machine.o (.rodata._ZL10rawEmerald)
                  00012de0    0000018c     Machine.o (.rodata._ZL7rawGold)
                  00012f6c    0000018c     Machine.o (.rodata._ZL7rawRuby)
                  000130f8    0000018c     Machine.o (.rodata._ZL9rawSilver)
                  00013284    00000168     Machine.o (.rodata._ZL13rockWorking_m)
                  000133ec    00000168     Machine.o (.rodata._ZL15rockHighlight_m)
                  00013554    00000168     Machine.o (.rodata._ZL22rockWorkingHighlight_m)
                  000136bc    00000168     Machine.o (.rodata._ZL6rock_m)
                  00013824    0000010e     Machine.o (.rodata._ZL4gold)
                  00013932    0000010e     Machine.o (.rodata._ZL6silver)
                  00013a40    0000010a     Machine.o (.rodata._ZL13rockWorking_t)
                  00013b4a    0000010a     Machine.o (.rodata._ZL15rockHighlight_t)
                  00013c54    0000010a     Machine.o (.rodata._ZL22rockWorkingHighlight_t)
                  00013d5e    0000010a     Machine.o (.rodata._ZL6rock_t)
                  00013e68    000000dd     Lab9HMain.o (.rodata._ZL13Page3_Spanish)
                  00013f45    000000d8     Lab9HMain.o (.rodata._ZL13Page2_English)
                  0001401d    00000001     --HOLE-- [fill = 0]
                  0001401e    000000d8     Machine.o (.rodata._ZL4Ruby)
                  000140f6    000000d8     Machine.o (.rodata._ZL7Diamond)
                  000141ce    000000d8     Machine.o (.rodata._ZL7Emerald)
                  000142a6    000000ce     Lab9HMain.o (.rodata._ZL13Page3_English)
                  00014374    000000c9     Lab9HMain.o (.rodata._ZL13Page2_Spanish)
                  0001443d    000000ac     Lab9HMain.o (.rodata._ZL13Page1_English)
                  000144e9    000000a7     Lab9HMain.o (.rodata._ZL13Page1_Spanish)
                  00014590    000000a4     Lab9HMain.o (.rodata._ZL13Page4_English)
                  00014634    000000a2     Lab9HMain.o (.rodata._ZL13Page4_Spanish)
                  000146d6    00000096     Lab9HMain.o (.rodata._ZL13Page5_Spanish)
                  0001476c    00000066     Lab9HMain.o (.rodata._ZL13Page5_English)
                  000147d2    0000003b     ST7735.o (.rodata._ZL5Rcmd1)
                  0001480d    0000002b     ST7735.o (.rodata._ZL5Rcmd3)
                  00014838    00000023     Lab9HMain.o (.rodata._ZL11Won_Spanish)
                  0001485b    00000023     Lab9HMain.o (.rodata._ZL12Lost_Spanish)
                  0001487e    0000001d     Lab9HMain.o (.rodata._ZL12Lost_English)
                  0001489b    0000001c     Lab9HMain.o (.rodata._ZL11Won_English)
                  000148b7    00000016     ST7735.o (.rodata.str1.128370289436029622301)
                  000148cd    00000015     Lab9HMain.o (.rodata.str1.77946550721901366211)
                  000148e2    00000010     Lab9HMain.o (.rodata.str1.36435047076059183751)
                  000148f2    0000000d     ST7735.o (.rodata._ZL10Rcmd2green)
                  000148ff    0000000d     ST7735.o (.rodata._ZL8Rcmd2red)
                  0001490c    00000008     Lab9HMain.o (.rodata._ZL15Goodbye_English)
                  00014914    00000008     Lab9HMain.o (.rodata._ZL16Language_English)
                  0001491c    00000008     Lab9HMain.o (.rodata._ZL16Language_Spanish)
                  00014924    00000008     ST7735.o (.rodata.str1.53591972959378542101)
                  0001492c    00000007     Lab9HMain.o (.rodata._ZL13Hello_Spanish)
                  00014933    00000007     ST7735.o (.rodata.str1.28611865845488554281)
                  0001493a    00000007     ST7735.o (.rodata.str1.63348317913043414121)
                  00014941    00000006     Lab9HMain.o (.rodata._ZL13Hello_English)
                  00014947    00000006     Lab9HMain.o (.rodata._ZL15Goodbye_Spanish)
                  0001494d    00000002     ST7735.o (.rodata.str1.90642305370257400361)
                  0001494f    00000001     --HOLE-- [fill = 0]

.init_array 
*          0    0001b580    00000008     
                  0001b580    00000004     UART2.o (.init_array)
                  0001b584    00000004     Lab9HMain.o (.init_array)

.data      0    20200000    00001471     UNINITIALIZED
                  20200000    00000f83     Sound.o (.data._ZL5wrong)
                  20200f83    00000001     Lab9HMain.o (.data._ZZ17setUpInstructionshE10currOption)
                  20200f84    000000f0     libc.a : defs.c.obj (.data._ftable)
                  20201074    00000088     Machine.o (.data.sprites)
                  202010fc    00000078     libsysbm.a : host_device.c.obj (.data._device)
                  20201174    00000050                : host_device.c.obj (.data._stream)
                  202011c4    0000003c     Lab9HMain.o (.data.Counters)
                  20201200    00000030     Lab9HMain.o (.data.machineArr1)
                  20201230    0000002d     Lab9HMain.o (.data.Counters2)
                  2020125d    00000001     Machine.o (.data._ZZN7Machine10updateCartEhE8debounce)
                  2020125e    00000002     ST7735.o (.data.StTextColor)
                  20201260    00000028     UART2.o (.data.FIFO2)
                  20201288    00000028     Lab9HMain.o (.data.Instructions)
                  202012b0    00000028     Lab9HMain.o (.data.Phrases)
                  202012d8    0000000f     Lab9HMain.o (.data.m_anvil)
                  202012e7    0000000f     Lab9HMain.o (.data.m_cart1)
                  202012f6    0000000f     Lab9HMain.o (.data.m_cart2)
                  20201305    0000000f     Lab9HMain.o (.data.m_counter1)
                  20201314    0000000f     Lab9HMain.o (.data.m_counter2)
                  20201323    0000000f     Lab9HMain.o (.data.m_counter3)
                  20201332    0000000f     Lab9HMain.o (.data.m_counter4)
                  20201341    0000000f     Lab9HMain.o (.data.m_counter5)
                  20201350    0000000f     Lab9HMain.o (.data.m_counter6)
                  2020135f    0000000f     Lab9HMain.o (.data.m_portal)
                  2020136e    0000000f     Lab9HMain.o (.data.m_refiner)
                  2020137d    0000000f     Lab9HMain.o (.data.m_rock1)
                  2020138c    0000000f     Lab9HMain.o (.data.m_rock1Mid)
                  2020139b    0000000f     Lab9HMain.o (.data.m_rock1Progress)
                  202013aa    0000000f     Lab9HMain.o (.data.m_rock1Top)
                  202013b9    0000000f     Lab9HMain.o (.data.m_rock2)
                  202013c8    0000000f     Lab9HMain.o (.data.m_rock2Mid)
                  202013d7    0000000f     Lab9HMain.o (.data.m_rock2Top)
                  202013e6    0000000f     Lab9HMain.o (.data.m_smelter)
                  202013f5    0000000f     Lab9HMain.o (.data.m_smelterProgress)
                  20201404    0000000f     Lab9HMain.o (.data.m_todo)
                  20201413    0000000f     Lab9HMain.o (.data.m_todoDown)
                  20201422    00000002     ST7735.o (.data._ZL6_width)
                  20201424    0000000c     Lab9HMain.o (.data.Sensor)
                  20201430    00000008     libc.a : exit.c.obj (.data..L_MergedGlobals)
                  20201438    00000008     Lab9HMain.o (.data.p1)
                  20201440    00000004     Clock.o (.data.BusFreq)
                  20201444    00000004     ST7735.o (.data.StX)
                  20201448    00000004     ST7735.o (.data.StY)
                  2020144c    00000004     libc.a : defs.c.obj (.data.__TI_ft_end)
                  20201450    00000004            : _lock.c.obj (.data._lock)
                  20201454    00000004            : _lock.c.obj (.data._unlock)
                  20201458    00000002     ST7735.o (.data._ZL7_height)
                  2020145a    00000002     Sound.o (.data.clang_size)
                  2020145c    00000002     Sound.o (.data.correct_size)
                  2020145e    00000002     Sound.o (.data.wrong_size)
                  20201460    00000001     Machine.o (.data._ZZN7Machine10updateRockEhE7halfway)
                  20201461    00000001     Machine.o (.data._ZZN7Machine13updateRefinerEhE8debounce)
                  20201462    00000001     Machine.o (.data._ZZN7Machine14updateCountersEhPS_E8debounce)
                  20201463    00000001     Machine.o (.data._ZZN7Machine9printCartEvE2in)
                  20201464    00000001     Machine.o (.data._ZZN7Machine9printCartEvE4sent)
                  20201465    00000001     Lab9HMain.o (.data.deadTimer)
                  20201466    00000001     Lab9HMain.o (.data.input)
                  20201467    00000001     Lab9HMain.o (.data.numCounters)
                  20201468    00000001     libsysbm.a : add_device.c.obj (.data.add_device.device_init)
                  20201469    00000001     Machine.o (.data.progH)
                  2020146a    00000001     Machine.o (.data.progW)
                  2020146b    00000001     --HOLE--
                  2020146c    00000001     libc.a : memory.c.obj (.data.memory_is_initialized)
                  2020146d    00000003     --HOLE--
                  20201470    00000001     libsysbm.a : open.c.obj (.data.open.stream_init)

.sysmem    0    20201478    00000200     UNINITIALIZED
                  20201478    00000010     libc.a : memory.c.obj (.sysmem)
                  20201488    000001f0     --HOLE--

.bss       0    20201678    000001ff     UNINITIALIZED
                  20201678    00000120     libsysbm.a : trgmsg.c.obj (.bss:_CIOBUF_)
                  20201798    000000a0     libc.a : defs.c.obj (.bss.__TI_tmpnams)
                  20201838    00000014     Machine.o (.bss.ToDoArr)
                  2020184c    00000008     libsysbm.a : hostopen.c.obj (.bss.parmbuf)
                  20201854    00000004     UART2.o (.bss.LostData)
                  20201858    00000004     TExaS.o (.bss.TExaSLogic)
                  2020185c    00000004     TExaS.o (.bss.TExaSadc)
                  20201860    00000004     Sound.o (.bss.soundArr)
                  20201864    00000004     Sound.o (.bss.soundIndex)
                  20201868    00000004     libc.a : memory.c.obj (.bss.sys_free)
                  2020186c    00000002     Lab9HMain.o (.bss.score)
                  2020186e    00000002     Sound.o (.bss.soundLength)
                  20201870    00000001     ST7735.o (.bss._ZL8ColStart)
                  20201871    00000001     ST7735.o (.bss._ZL8Rotation)
                  20201872    00000001     ST7735.o (.bss._ZL8RowStart)
                  20201873    00000001     ST7735.o (.bss._ZL8TabColor)
                  20201874    00000001     Lab9HMain.o (.bss.buttons)
                  20201875    00000001     Sound.o (.bss.sound_flag)
                  20201876    00000001     Lab9HMain.o (.bss.toDoOpen)

.stack     0    20207e00    00000200     UNINITIALIZED
                  20207e00    00000004     libc.a : boot_cortex_m.c.obj (.stack)
                  20207e04    000001fc     --HOLE--

__llvm_prf_cnts 
*          0    20200000    00000000     UNINITIALIZED

__llvm_prf_bits 
*          0    20200000    00000000     UNINITIALIZED

MODULE SUMMARY

       Module                         code    ro data   rw data
       ------                         ----    -------   -------
    .\
       Machine.o                      8142    55040     164    
       Lab9HMain.o                    6418    13564     591    
       Sound.o                        326     14060     3988   
       ST7735.o                       3668    1449      18     
       Player.o                       1650    0         0      
       TExaS.o                        720     0         8      
       Clock.o                        516     0         4      
       UART2.o                        436     4         44     
       SPI.o                          440     0         0      
       SlidePot.o                     330     0         0      
       Timer.o                        316     0         0      
       IRxmt.o                        240     0         0      
       FIFO2.o                        222     0         0      
       LaunchPad.o                    180     0         0      
       DAC5.o                         92      0         0      
       Switch.o                       52      0         0      
    +--+------------------------------+-------+---------+---------+
       Total:                         23748   84117     4817   
                                                               
    .\ticlang\
       startup_mspm0g3507_ticlang.o   60      192       0      
    +--+------------------------------+-------+---------+---------+
       Total:                         60      192       0      
                                                               
    C:\ti\ccs2000\ccs\tools\compiler\ti-cgt-armllvm_4.0.1.LTS\lib\armv6m-ti-none-eabi/c/libc.a
       memory.c.obj                   702     0         5      
       fopen.c.obj                    556     0         0      
       defs.c.obj                     0       0         404    
       setvbuf.c.obj                  224     0         0      
       getdevice.c.obj                160     0         0      
       strcmp-armv6m.S.obj            136     0         0      
       copy_decompress_lzss.c.obj     124     0         0      
       fclose.c.obj                   124     0         0      
       autoinit.c.obj                 84      0         0      
       fflush.c.obj                   82      0         0      
       exit.c.obj                     56      0         8      
       boot_cortex_m.c.obj            40      0         0      
       copy_zero_init.c.obj           22      0         0      
       copy_decompress_none.c.obj     18      0         0      
       memcpy16.S.obj                 18      0         0      
       memset16.S.obj                 14      0         0      
       _lock.c.obj                    2       0         8      
       pre_init.c.obj                 4       0         0      
    +--+------------------------------+-------+---------+---------+
       Total:                         2366    0         425    
                                                               
    C:\ti\ccs2000\ccs\tools\compiler\ti-cgt-armllvm_4.0.1.LTS\lib\armv6m-ti-none-eabi/c/libsysbm.a
       trgmsg.c.obj                   104     0         288    
       add_device.c.obj               236     0         1      
       host_device.c.obj              0       0         200    
       open.c.obj                     160     0         1      
       hostrename.c.obj               136     0         0      
       hostlseek.c.obj                108     0         0      
       hostopen.c.obj                 96      0         8      
       hostread.c.obj                 88      0         0      
       hostwrite.c.obj                88      0         0      
       close.c.obj                    80      0         0      
       hostclose.c.obj                72      0         0      
       hostunlink.c.obj               72      0         0      
       unlink.c.obj                   44      0         0      
       write.c.obj                    40      0         0      
       remove.c.obj                   8       0         0      
    +--+------------------------------+-------+---------+---------+
       Total:                         1332    0         498    
                                                               
    C:\ti\ccs2000\ccs\tools\compiler\ti-cgt-armllvm_4.0.1.LTS\lib\armv6m-ti-none-eabi/libclang_rt.builtins.a
       aeabi_idivmod.S.obj            86      0         0      
       aeabi_uidivmod.S.obj           64      0         0      
       aeabi_memset.S.obj             12      0         0      
       aeabi_memcpy.S.obj             8       0         0      
       aeabi_div0.c.obj               2       0         0      
    +--+------------------------------+-------+---------+---------+
       Total:                         172     0         0      
                                                               
       Heap:                          0       0         512    
       Stack:                         0       0         512    
       Linker Generated:              0       1570      0      
    +--+------------------------------+-------+---------+---------+
       Grand Total:                   27678   85879     6764   


LINKER GENERATED COPY TABLES

__TI_cinit_table @ 0001bb9c records: 2, size/record: 8, table size: 16
	.data: load addr=0001b588, load size=000005fe bytes, run addr=20200000, run size=00001471 bytes, compression=lzss
	.bss: load addr=0001bb94, load size=00000008 bytes, run addr=20201678, run size=000001ff bytes, compression=zero_init


LINKER GENERATED HANDLER TABLE

__TI_handler_table @ 0001bb88 records: 3, size/record: 4, table size: 12
	index: 0, handler: __TI_decompress_lzss
	index: 1, handler: __TI_decompress_none
	index: 2, handler: __TI_zero_init


GLOBAL SYMBOLS: SORTED ALPHABETICALLY BY Name 

address   name                                
-------   ----                                
0001b25d  ADC0_IRQHandler                     
0001b25d  ADC1_IRQHandler                     
0001b25d  AES_IRQHandler                      
20201440  BusFreq                             
0001b574  C$$EXIT                             
0001ab0d  C$$IO$$                             
0001b25d  CANFD0_IRQHandler                   
202011c4  Counters                            
20201230  Counters2                           
0001b25d  DAC0_IRQHandler                     
0001b25d  DMA_IRQHandler                      
0001b25d  Default_Handler                     
20201260  FIFO2                               
0001b25d  GROUP0_IRQHandler                   
0001b25d  GROUP1_IRQHandler                   
0001a599  HOSTclose                           
00019d89  HOSTlseek                           
0001a001  HOSTopen                            
0001a061  HOSTread                            
00019df5  HOSTrename                          
0001a5e1  HOSTunlink                          
0001a0b9  HOSTwrite                           
0001b279  HardFault_Handler                   
0001b25d  I2C0_IRQHandler                     
0001b25d  I2C1_IRQHandler                     
20201288  Instructions                        
20201854  LostData                            
0001b25d  NMI_Handler                         
0001b25d  PendSV_Handler                      
202012b0  Phrases                             
0001b25d  RTC_IRQHandler                      
0001b56d  Reset_Handler                       
0001b580  SHT$$INIT_ARRAY$$Base               
0001b588  SHT$$INIT_ARRAY$$Limit              
0001b25d  SPI0_IRQHandler                     
0001b25d  SPI1_IRQHandler                     
0001b25d  SVC_Handler                         
20201424  Sensor                              
2020125e  StTextColor                         
20201444  StX                                 
20201448  StY                                 
0001a111  SysTick_Handler                     
20201858  TExaSLogic                          
2020185c  TExaSadc                            
0001b25d  TIMA0_IRQHandler                    
0001b25d  TIMA1_IRQHandler                    
0001b25d  TIMG0_IRQHandler                    
0001a87d  TIMG12_IRQHandler                   
0001b25d  TIMG6_IRQHandler                    
0001a6fd  TIMG7_IRQHandler                    
0001b25d  TIMG8_IRQHandler                    
0001b3b1  TI_memcpy_small                     
0001b4b7  TI_memset_small                     
20201838  ToDoArr                             
0001b25d  UART0_IRQHandler                    
0001b25d  UART1_IRQHandler                    
00019bc1  UART2_IRQHandler                    
0001b25d  UART3_IRQHandler                    
20201678  _CIOBUF_                            
00019935  _Z10Clock_Freqv                     
0001aef5  _Z10IRxmt_Initv                     
0001a73d  _Z10Sound_Initv                     
0001a169  _Z10TExaS_InitP10ADC12_RegsjPFhvE   
00018db1  _Z10UART2_Initv                     
00018f65  _Z10printScoreshhh                  
0001b3d5  _Z11Clock_Delayj                    
0001a96d  _Z11SPI_OutDatac                    
0001b301  _Z11ST7735_openPKcji                
0001b317  _Z11ST7735_readiPcj                 
0001b519  _Z11Sound_Clangv                    
00019679  _Z11Sound_Starth                    
0001b523  _Z11Sound_Wrongv                    
0001b2e9  _Z11Switch_Initv                    
000194b5  _Z12ST7735_InitR10initRFlags        
0001b52d  _Z12ST7735_closei                   
0001b463  _Z12ST7735_lseekili                 
0001a9dd  _Z12ST7735_writeiPKcj               
0001b3e5  _Z12UART2_Enablev                   
0001adc1  _Z12UART2_InCharv                   
0001a629  _Z13IRxmt_OutCharc                  
00019c35  _Z13IRxmt_SendBiti                  
0001b4c5  _Z13ST7735_renamePKcS0_             
0001b537  _Z13ST7735_unlinkPKc                
0001b541  _Z13Sound_Correctv                  
0001b3f5  _Z13UART2_Disablev                  
0001aa11  _Z14Clock_Delay1msj                 
00019a4d  _Z14LaunchPad_Initv                 
0001a671  _Z14SPI_OutCommandc                 
00018e8d  _Z14ST7735_OutCharc                 
00019191  _Z14TimerG7_IntArmtjj               
0001a9a5  _Z15ActivatePortA_Bv                
00017a75  _Z15Clock_Init80MHzi                
00017c29  _Z15ST7735_DrawCharsscssh           
000185fd  _Z15ST7735_FillRectsssst            
000195e5  _Z15TimerG12_IntArmjj               
0001a8b9  _Z15randomizeOrdersv                
00017dcd  _Z16ST7735_DrawCharSsscssh          
00019ca9  _Z16ST7735_DrawPixelsst             
0001afe5  _Z16ST7735_OutStringPc              
0001aa45  _Z16ST7735_SetCursorjj              
0001768d  _Z17ST7735_DrawBitmapssPKtss        
00019709  _Z17ST7735_DrawStringttPcs          
0001aded  _Z17ST7735_FillScreent              
0001937d  _Z17ST7735_InitPrintfv              
0001745d  _Z17setUpInstructionsh              
00018921  _Z18ST7735_SetRotationh             
00019031  _Z20ST7735_DrawFastHLinessst        
000190e1  _Z20ST7735_DrawFastVLinessst        
0001b405  _Z28TExaS_LaunchPadLogicPB27PB26v   
0001b4d1  _Z5Delayj                           
000184d5  _Z8ADC_InitP10ADC12_Regsjj          
0001b1bd  _Z8DAC5_Outj                        
0001b54b  _Z8PLL_Initv                        
00018829  _Z8SPI_Initv                        
0001a6b9  _Z8checkWinv                        
0001af1d  _Z9ADC_StartP10ADC12_Regs           
0001a8f5  _Z9DAC5_Initv                       
0001a77d  _Z9SPI_Resetv                       
0001b295  _Z9Switch_Inv                       
00018b01  _Z9UART_Initv                       
0001a501  _ZN5Queue3GetEPc                    
0001a54d  _ZN5Queue3PutEc                     
0001b199  _ZN5Queue6IsFullEv                  
0001b343  _ZN5Queue7IsEmptyEv                 
0001b415  _ZN5QueueC1Ev                       
0001b415  _ZN5QueueC2Ev                       
0001b357  _ZN6Player13setPossessionEh         
0001ae19  _ZN6Player13translateDownEv         
0001ae45  _ZN6Player13translateLeftEv         
00019419  _ZN6Player14checkProximityE7Machine 
0001a219  _ZN6Player14printPosessionEh        
0001abe1  _ZN6Player14translateRightEv        
00019d19  _ZN6Player15getMachineInputE7Machine
0001954d  _ZN6Player16resetCoordinatesEPsS0_  
0001a931  _ZN6Player6moveUpEv                 
0001b4dd  _ZN6Player7getSizeEv                
0001b471  _ZN6Player7getXPosEv                
0001b47f  _ZN6Player7getYPosEv                
0001b369  _ZN6Player7setXPosEs                
0001b37b  _ZN6Player7setYPosEs                
00017219  _ZN6Player8inBoundsEssPP7Machinehh  
0001a3bd  _ZN6Player8moveDownEv               
0001a26d  _ZN6Player8moveLeftEv               
0001a2c1  _ZN6Player9moveRightEv              
0001b2b1  _ZN6PlayerC1Ev                      
0001b2b1  _ZN6PlayerC2Ev                      
000159f9  _ZN7Machine10updateCartEh           
00015f09  _ZN7Machine10updateRockEh           
0001b38d  _ZN7Machine11setRockTypeEh          
00016d15  _ZN7Machine12printRefinerEv         
000180e9  _ZN7Machine13cartSendErrorEhh       
0001aec9  _ZN7Machine13menuPrintCartEv        
00016a65  _ZN7Machine13printCountersEPS_      
00016315  _ZN7Machine13updateRefinerEh        
000166d9  _ZN7Machine14updateCountersEhPS_    
00018399  _ZN7Machine15printTurnInAreaEv      
00016fc1  _ZN7Machine16updateTurnInAreaEh     
0001789d  _ZN7Machine9printCartEv             
00017f6d  _ZN7Machine9printRockEv             
0001b39f  _ZN7Machine9setSpriteEh             
00019f39  _ZN7MachineC1Ehhhhhh                
000199c9  _ZN7MachineC1Ehhhhhhhhh             
00019795  _ZN7MachineC1Ehhhhhhhhhh            
00019f39  _ZN7MachineC2Ehhhhhh                
000199c9  _ZN7MachineC2Ehhhhhhhhh             
00019795  _ZN7MachineC2Ehhhhhhhhhh            
0001a315  _ZN8SlidePot2InEv                   
00019821  _ZN8SlidePot4InitEv                 
0001b00d  _ZN8SlidePot4SaveEj                 
0001b1dd  _ZN8SlidePot4SyncEv                 
0001b4e9  _ZN8SlidePot9DistanceXEv            
0001b4f5  _ZN8SlidePot9DistanceYEv            
0001b48d  _ZN8SlidePotC1Ev                    
0001b48d  _ZN8SlidePotC2Ev                    
20201678  __CIOBUF_                           
20208000  __STACK_END                         
00000200  __STACK_SIZE                        
00000200  __SYSMEM_SIZE                       
00000000  __TI_ATRegion0_region_sz            
00000000  __TI_ATRegion0_src_addr             
00000000  __TI_ATRegion0_trg_addr             
00000000  __TI_ATRegion1_region_sz            
00000000  __TI_ATRegion1_src_addr             
00000000  __TI_ATRegion1_trg_addr             
00000000  __TI_ATRegion2_region_sz            
00000000  __TI_ATRegion2_src_addr             
00000000  __TI_ATRegion2_trg_addr             
0001bb9c  __TI_CINIT_Base                     
0001bbac  __TI_CINIT_Limit                    
0001bbac  __TI_CINIT_Warm                     
0001bb88  __TI_Handler_Table_Base             
0001bb94  __TI_Handler_Table_Limit            
0001a369  __TI_auto_init_nobinit              
0001aa79  __TI_cleanup                        
20201430  __TI_cleanup_ptr                    
00019ac9  __TI_closefile                      
00019b45  __TI_decompress_lzss                
0001b3c3  __TI_decompress_none                
0001a40f  __TI_doflush                        
20201434  __TI_dtors_ptr                      
2020144c  __TI_ft_end                         
ffffffff  __TI_pprof_out_hndl                 
ffffffff  __TI_prof_data_size                 
ffffffff  __TI_prof_data_start                
0001aaad  __TI_readmsg                        
00000000  __TI_static_base__                  
20201798  __TI_tmpnams                        
0001aae1  __TI_writemsg                       
0001b32d  __TI_zero_init_nomemset             
0001a1c1  __aeabi_idiv                        
000192db  __aeabi_idiv0                       
0001a1c1  __aeabi_idivmod                     
0001b501  __aeabi_memclr                      
0001b501  __aeabi_memclr4                     
0001b501  __aeabi_memclr8                     
0001b55d  __aeabi_memcpy                      
0001b55d  __aeabi_memcpy4                     
0001b55d  __aeabi_memcpy8                     
0001a7bd  __aeabi_uidiv                       
0001a7bd  __aeabi_uidivmod                    
ffffffff  __binit__                           
UNDEFED   __mpu_init                          
20207e00  __stack                             
20200000  __start___llvm_prf_bits             
20200000  __start___llvm_prf_cnts             
20200000  __stop___llvm_prf_bits              
20200000  __stop___llvm_prf_cnts              
0001afbd  _c_int00_noargs                     
202010fc  _device                             
20200f84  _ftable                             
20201450  _lock                               
00019d87  _nop                                
20201174  _stream                             
20201478  _sys_memory                         
UNDEFED   _system_post_cinit                  
0001b571  _system_pre_init                    
20201454  _unlock                             
0001b575  abort                               
00018a15  add_device                          
00018715  aligned_alloc                       
ffffffff  binit                               
20201874  buttons                             
2020145a  clang_size                          
0001a4b1  close                               
2020145c  correct_size                        
20201465  deadTimer                           
0001ab15  exit                                
0001ab49  finddevice                          
0001ad91  fopen                               
00018be9  free                                
0001ab7d  freopen                             
00019ecd  getdevice                           
20201466  input                               
00000000  interruptVectors                    
202012d8  m_anvil                             
202012e7  m_cart1                             
202012f6  m_cart2                             
20201305  m_counter1                          
20201314  m_counter2                          
20201323  m_counter3                          
20201332  m_counter4                          
20201341  m_counter5                          
20201350  m_counter6                          
2020135f  m_portal                            
2020136e  m_refiner                           
2020137d  m_rock1                             
2020138c  m_rock1Mid                          
2020139b  m_rock1Progress                     
202013aa  m_rock1Top                          
202013b9  m_rock2                             
202013c8  m_rock2Mid                          
202013d7  m_rock2Top                          
202013e6  m_smelter                           
202013f5  m_smelterProgress                   
20201404  m_todo                              
20201413  m_todoDown                          
20201200  machineArr1                         
00014951  main                                
0001b50d  malloc                              
00018715  memalign                            
20201467  numCounters                         
000192dd  open                                
20201438  p1                                  
2020184c  parmbuf                             
20201469  progH                               
2020146a  progW                               
0001b565  remove                              
2020186c  score                               
00018cd1  setvbuf                             
20201860  soundArr                            
20201864  soundIndex                          
2020186e  soundLength                         
20201875  sound_flag                          
20201074  sprites                             
00019941  strcmp                              
20201876  toDoOpen                            
0001ae9d  unlink                              
0001af95  write                               
2020145e  wrong_size                          


GLOBAL SYMBOLS: SORTED BY Symbol Address 

address   name                                
-------   ----                                
00000000  __TI_ATRegion0_region_sz            
00000000  __TI_ATRegion0_src_addr             
00000000  __TI_ATRegion0_trg_addr             
00000000  __TI_ATRegion1_region_sz            
00000000  __TI_ATRegion1_src_addr             
00000000  __TI_ATRegion1_trg_addr             
00000000  __TI_ATRegion2_region_sz            
00000000  __TI_ATRegion2_src_addr             
00000000  __TI_ATRegion2_trg_addr             
00000000  __TI_static_base__                  
00000000  interruptVectors                    
00000200  __STACK_SIZE                        
00000200  __SYSMEM_SIZE                       
00014951  main                                
000159f9  _ZN7Machine10updateCartEh           
00015f09  _ZN7Machine10updateRockEh           
00016315  _ZN7Machine13updateRefinerEh        
000166d9  _ZN7Machine14updateCountersEhPS_    
00016a65  _ZN7Machine13printCountersEPS_      
00016d15  _ZN7Machine12printRefinerEv         
00016fc1  _ZN7Machine16updateTurnInAreaEh     
00017219  _ZN6Player8inBoundsEssPP7Machinehh  
0001745d  _Z17setUpInstructionsh              
0001768d  _Z17ST7735_DrawBitmapssPKtss        
0001789d  _ZN7Machine9printCartEv             
00017a75  _Z15Clock_Init80MHzi                
00017c29  _Z15ST7735_DrawCharsscssh           
00017dcd  _Z16ST7735_DrawCharSsscssh          
00017f6d  _ZN7Machine9printRockEv             
000180e9  _ZN7Machine13cartSendErrorEhh       
00018399  _ZN7Machine15printTurnInAreaEv      
000184d5  _Z8ADC_InitP10ADC12_Regsjj          
000185fd  _Z15ST7735_FillRectsssst            
00018715  aligned_alloc                       
00018715  memalign                            
00018829  _Z8SPI_Initv                        
00018921  _Z18ST7735_SetRotationh             
00018a15  add_device                          
00018b01  _Z9UART_Initv                       
00018be9  free                                
00018cd1  setvbuf                             
00018db1  _Z10UART2_Initv                     
00018e8d  _Z14ST7735_OutCharc                 
00018f65  _Z10printScoreshhh                  
00019031  _Z20ST7735_DrawFastHLinessst        
000190e1  _Z20ST7735_DrawFastVLinessst        
00019191  _Z14TimerG7_IntArmtjj               
000192db  __aeabi_idiv0                       
000192dd  open                                
0001937d  _Z17ST7735_InitPrintfv              
00019419  _ZN6Player14checkProximityE7Machine 
000194b5  _Z12ST7735_InitR10initRFlags        
0001954d  _ZN6Player16resetCoordinatesEPsS0_  
000195e5  _Z15TimerG12_IntArmjj               
00019679  _Z11Sound_Starth                    
00019709  _Z17ST7735_DrawStringttPcs          
00019795  _ZN7MachineC1Ehhhhhhhhhh            
00019795  _ZN7MachineC2Ehhhhhhhhhh            
00019821  _ZN8SlidePot4InitEv                 
00019935  _Z10Clock_Freqv                     
00019941  strcmp                              
000199c9  _ZN7MachineC1Ehhhhhhhhh             
000199c9  _ZN7MachineC2Ehhhhhhhhh             
00019a4d  _Z14LaunchPad_Initv                 
00019ac9  __TI_closefile                      
00019b45  __TI_decompress_lzss                
00019bc1  UART2_IRQHandler                    
00019c35  _Z13IRxmt_SendBiti                  
00019ca9  _Z16ST7735_DrawPixelsst             
00019d19  _ZN6Player15getMachineInputE7Machine
00019d87  _nop                                
00019d89  HOSTlseek                           
00019df5  HOSTrename                          
00019ecd  getdevice                           
00019f39  _ZN7MachineC1Ehhhhhh                
00019f39  _ZN7MachineC2Ehhhhhh                
0001a001  HOSTopen                            
0001a061  HOSTread                            
0001a0b9  HOSTwrite                           
0001a111  SysTick_Handler                     
0001a169  _Z10TExaS_InitP10ADC12_RegsjPFhvE   
0001a1c1  __aeabi_idiv                        
0001a1c1  __aeabi_idivmod                     
0001a219  _ZN6Player14printPosessionEh        
0001a26d  _ZN6Player8moveLeftEv               
0001a2c1  _ZN6Player9moveRightEv              
0001a315  _ZN8SlidePot2InEv                   
0001a369  __TI_auto_init_nobinit              
0001a3bd  _ZN6Player8moveDownEv               
0001a40f  __TI_doflush                        
0001a4b1  close                               
0001a501  _ZN5Queue3GetEPc                    
0001a54d  _ZN5Queue3PutEc                     
0001a599  HOSTclose                           
0001a5e1  HOSTunlink                          
0001a629  _Z13IRxmt_OutCharc                  
0001a671  _Z14SPI_OutCommandc                 
0001a6b9  _Z8checkWinv                        
0001a6fd  TIMG7_IRQHandler                    
0001a73d  _Z10Sound_Initv                     
0001a77d  _Z9SPI_Resetv                       
0001a7bd  __aeabi_uidiv                       
0001a7bd  __aeabi_uidivmod                    
0001a87d  TIMG12_IRQHandler                   
0001a8b9  _Z15randomizeOrdersv                
0001a8f5  _Z9DAC5_Initv                       
0001a931  _ZN6Player6moveUpEv                 
0001a96d  _Z11SPI_OutDatac                    
0001a9a5  _Z15ActivatePortA_Bv                
0001a9dd  _Z12ST7735_writeiPKcj               
0001aa11  _Z14Clock_Delay1msj                 
0001aa45  _Z16ST7735_SetCursorjj              
0001aa79  __TI_cleanup                        
0001aaad  __TI_readmsg                        
0001aae1  __TI_writemsg                       
0001ab0d  C$$IO$$                             
0001ab15  exit                                
0001ab49  finddevice                          
0001ab7d  freopen                             
0001abe1  _ZN6Player14translateRightEv        
0001ad91  fopen                               
0001adc1  _Z12UART2_InCharv                   
0001aded  _Z17ST7735_FillScreent              
0001ae19  _ZN6Player13translateDownEv         
0001ae45  _ZN6Player13translateLeftEv         
0001ae9d  unlink                              
0001aec9  _ZN7Machine13menuPrintCartEv        
0001aef5  _Z10IRxmt_Initv                     
0001af1d  _Z9ADC_StartP10ADC12_Regs           
0001af95  write                               
0001afbd  _c_int00_noargs                     
0001afe5  _Z16ST7735_OutStringPc              
0001b00d  _ZN8SlidePot4SaveEj                 
0001b199  _ZN5Queue6IsFullEv                  
0001b1bd  _Z8DAC5_Outj                        
0001b1dd  _ZN8SlidePot4SyncEv                 
0001b25d  ADC0_IRQHandler                     
0001b25d  ADC1_IRQHandler                     
0001b25d  AES_IRQHandler                      
0001b25d  CANFD0_IRQHandler                   
0001b25d  DAC0_IRQHandler                     
0001b25d  DMA_IRQHandler                      
0001b25d  Default_Handler                     
0001b25d  GROUP0_IRQHandler                   
0001b25d  GROUP1_IRQHandler                   
0001b25d  I2C0_IRQHandler                     
0001b25d  I2C1_IRQHandler                     
0001b25d  NMI_Handler                         
0001b25d  PendSV_Handler                      
0001b25d  RTC_IRQHandler                      
0001b25d  SPI0_IRQHandler                     
0001b25d  SPI1_IRQHandler                     
0001b25d  SVC_Handler                         
0001b25d  TIMA0_IRQHandler                    
0001b25d  TIMA1_IRQHandler                    
0001b25d  TIMG0_IRQHandler                    
0001b25d  TIMG6_IRQHandler                    
0001b25d  TIMG8_IRQHandler                    
0001b25d  UART0_IRQHandler                    
0001b25d  UART1_IRQHandler                    
0001b25d  UART3_IRQHandler                    
0001b279  HardFault_Handler                   
0001b295  _Z9Switch_Inv                       
0001b2b1  _ZN6PlayerC1Ev                      
0001b2b1  _ZN6PlayerC2Ev                      
0001b2e9  _Z11Switch_Initv                    
0001b301  _Z11ST7735_openPKcji                
0001b317  _Z11ST7735_readiPcj                 
0001b32d  __TI_zero_init_nomemset             
0001b343  _ZN5Queue7IsEmptyEv                 
0001b357  _ZN6Player13setPossessionEh         
0001b369  _ZN6Player7setXPosEs                
0001b37b  _ZN6Player7setYPosEs                
0001b38d  _ZN7Machine11setRockTypeEh          
0001b39f  _ZN7Machine9setSpriteEh             
0001b3b1  TI_memcpy_small                     
0001b3c3  __TI_decompress_none                
0001b3d5  _Z11Clock_Delayj                    
0001b3e5  _Z12UART2_Enablev                   
0001b3f5  _Z13UART2_Disablev                  
0001b405  _Z28TExaS_LaunchPadLogicPB27PB26v   
0001b415  _ZN5QueueC1Ev                       
0001b415  _ZN5QueueC2Ev                       
0001b463  _Z12ST7735_lseekili                 
0001b471  _ZN6Player7getXPosEv                
0001b47f  _ZN6Player7getYPosEv                
0001b48d  _ZN8SlidePotC1Ev                    
0001b48d  _ZN8SlidePotC2Ev                    
0001b4b7  TI_memset_small                     
0001b4c5  _Z13ST7735_renamePKcS0_             
0001b4d1  _Z5Delayj                           
0001b4dd  _ZN6Player7getSizeEv                
0001b4e9  _ZN8SlidePot9DistanceXEv            
0001b4f5  _ZN8SlidePot9DistanceYEv            
0001b501  __aeabi_memclr                      
0001b501  __aeabi_memclr4                     
0001b501  __aeabi_memclr8                     
0001b50d  malloc                              
0001b519  _Z11Sound_Clangv                    
0001b523  _Z11Sound_Wrongv                    
0001b52d  _Z12ST7735_closei                   
0001b537  _Z13ST7735_unlinkPKc                
0001b541  _Z13Sound_Correctv                  
0001b54b  _Z8PLL_Initv                        
0001b55d  __aeabi_memcpy                      
0001b55d  __aeabi_memcpy4                     
0001b55d  __aeabi_memcpy8                     
0001b565  remove                              
0001b56d  Reset_Handler                       
0001b571  _system_pre_init                    
0001b574  C$$EXIT                             
0001b575  abort                               
0001b580  SHT$$INIT_ARRAY$$Base               
0001b588  SHT$$INIT_ARRAY$$Limit              
0001bb88  __TI_Handler_Table_Base             
0001bb94  __TI_Handler_Table_Limit            
0001bb9c  __TI_CINIT_Base                     
0001bbac  __TI_CINIT_Limit                    
0001bbac  __TI_CINIT_Warm                     
20200000  __start___llvm_prf_bits             
20200000  __start___llvm_prf_cnts             
20200000  __stop___llvm_prf_bits              
20200000  __stop___llvm_prf_cnts              
20200f84  _ftable                             
20201074  sprites                             
202010fc  _device                             
20201174  _stream                             
202011c4  Counters                            
20201200  machineArr1                         
20201230  Counters2                           
2020125e  StTextColor                         
20201260  FIFO2                               
20201288  Instructions                        
202012b0  Phrases                             
202012d8  m_anvil                             
202012e7  m_cart1                             
202012f6  m_cart2                             
20201305  m_counter1                          
20201314  m_counter2                          
20201323  m_counter3                          
20201332  m_counter4                          
20201341  m_counter5                          
20201350  m_counter6                          
2020135f  m_portal                            
2020136e  m_refiner                           
2020137d  m_rock1                             
2020138c  m_rock1Mid                          
2020139b  m_rock1Progress                     
202013aa  m_rock1Top                          
202013b9  m_rock2                             
202013c8  m_rock2Mid                          
202013d7  m_rock2Top                          
202013e6  m_smelter                           
202013f5  m_smelterProgress                   
20201404  m_todo                              
20201413  m_todoDown                          
20201424  Sensor                              
20201430  __TI_cleanup_ptr                    
20201434  __TI_dtors_ptr                      
20201438  p1                                  
20201440  BusFreq                             
20201444  StX                                 
20201448  StY                                 
2020144c  __TI_ft_end                         
20201450  _lock                               
20201454  _unlock                             
2020145a  clang_size                          
2020145c  correct_size                        
2020145e  wrong_size                          
20201465  deadTimer                           
20201466  input                               
20201467  numCounters                         
20201469  progH                               
2020146a  progW                               
20201478  _sys_memory                         
20201678  _CIOBUF_                            
20201678  __CIOBUF_                           
20201798  __TI_tmpnams                        
20201838  ToDoArr                             
2020184c  parmbuf                             
20201854  LostData                            
20201858  TExaSLogic                          
2020185c  TExaSadc                            
20201860  soundArr                            
20201864  soundIndex                          
2020186c  score                               
2020186e  soundLength                         
20201874  buttons                             
20201875  sound_flag                          
20201876  toDoOpen                            
20207e00  __stack                             
20208000  __STACK_END                         
ffffffff  __TI_pprof_out_hndl                 
ffffffff  __TI_prof_data_size                 
ffffffff  __TI_prof_data_start                
ffffffff  __binit__                           
ffffffff  binit                               
UNDEFED   __mpu_init                          
UNDEFED   _system_post_cinit                  

[299 symbols]
