******************************************************************************
            TI ARM Clang Linker PC v4.0.1                      
******************************************************************************
>> Linked Wed Apr 23 18:59:49 2025

OUTPUT FILE NAME:   <MadMines.out>
ENTRY POINT SYMBOL: "_c_int00_noargs"  address: 0001abf1


MEMORY CONFIGURATION

         name            origin    length      used     unused   attr    fill
----------------------  --------  ---------  --------  --------  ----  --------
  FLASH                 00000000   00020000  0001baa8  00004558  R  X
  SRAM                  20200000   00008000  00002644  000059bc  RW X
  BCR_CONFIG            41c00000   00000080  00000000  00000080  R   
  BSL_CONFIG            41c00100   00000080  00000000  00000080  R   


SEGMENT ALLOCATION MAP

run origin  load origin   length   init length attrs members
----------  ----------- ---------- ----------- ----- -------
00000000    00000000    0001baa8   0001baa8    r-x
  00000000    00000000    000000c0   000000c0    r-- .intvecs
  000000c0    000000c0    00014178   00014178    r-- .rodata
  00014238    00014238    00000008   00000008    r-- .init_array
  00014240    00014240    00006f80   00006f80    r-x .text
  0001b1c0    0001b1c0    000008e8   000008e8    r-- .cinit
20200000    20200000    00002447   00000000    rw-
  20200000    20200000    00002045   00000000    rw- .data
  20202048    20202048    00000200   00000000    rw- .sysmem
  20202248    20202248    000001ff   00000000    rw- .bss
20207e00    20207e00    00000200   00000000    rw-
  20207e00    20207e00    00000200   00000000    rw- .stack


SECTION ALLOCATION MAP

 output                                  attributes/
section   page    origin      length       input sections
--------  ----  ----------  ----------   ----------------
.intvecs   0    00000000    000000c0     
                  00000000    000000c0     startup_mspm0g3507_ticlang.o (.intvecs)

.binit     0    00000000    00000000     

.text      0    00014240    00006f80     
                  00014240    000010dc     Lab9HMain.o (.text.main)
                  0001531c    00000528     Machine.o (.text._ZN7Machine10updateCartEh)
                  00015844    00000448     Machine.o (.text._ZN7Machine10updateRockEh)
                  00015c8c    00000410     Lab9HMain.o (.text._Z17setUpInstructionsh)
                  0001609c    000003c4     Machine.o (.text._ZN7Machine13updateRefinerEh)
                  00016460    0000038c     Machine.o (.text._ZN7Machine14updateCountersEhPS_)
                  000167ec    000002b0     Machine.o (.text._ZN7Machine13printCountersEPS_)
                  00016a9c    000002ac     Machine.o (.text._ZN7Machine12printRefinerEv)
                  00016d48    00000258     Machine.o (.text._ZN7Machine16updateTurnInAreaEh)
                  00016fa0    00000244     Player.o (.text._ZN6Player8inBoundsEssPP7Machinehh)
                  000171e4    00000210     ST7735.o (.text._Z17ST7735_DrawBitmapssPKtss)
                  000173f4    000001d8     Machine.o (.text._ZN7Machine9printCartEv)
                  000175cc    000001b4     Clock.o (.text._Z15Clock_Init80MHzi)
                  00017780    000001a4     ST7735.o (.text._Z15ST7735_DrawCharsscssh)
                  00017924    000001a0     ST7735.o (.text._Z16ST7735_DrawCharSsscssh)
                  00017ac4    0000017c     Machine.o (.text._ZN7Machine9printRockEv)
                  00017c40    00000170     Machine.o (.text._ZN7Machine13cartSendErrorEhh)
                  00017db0    00000154     libc.a : fopen.c.obj (.text._openfile)
                  00017f04    0000013c     Machine.o (.text._ZN7Machine15printTurnInAreaEv)
                  00018040    00000128     TExaS.o (.text._Z8ADC_InitP10ADC12_Regsjj)
                  00018168    00000118     ST7735.o (.text._Z15ST7735_FillRectsssst)
                  00018280    00000114     libc.a : memory.c.obj (.text.aligned_alloc)
                  00018394    00000110     Lab9HMain.o (.text._Z15randomizeOrdersv)
                  000184a4    000000f8     SPI.o (.text._Z8SPI_Initv)
                  0001859c    000000f4     ST7735.o (.text._Z18ST7735_SetRotationh)
                  00018690    000000ec     libsysbm.a : add_device.c.obj (.text.add_device)
                  0001877c    000000e8     TExaS.o (.text._Z9UART_Initv)
                  00018864    000000e8     libc.a : memory.c.obj (.text.free)
                  0001894c    000000e0            : setvbuf.c.obj (.text.setvbuf)
                  00018a2c    000000dc     UART2.o (.text._Z10UART2_Initv)
                  00018b08    000000d8     ST7735.o (.text._Z14ST7735_OutCharc)
                  00018be0    000000cc     Lab9HMain.o (.text._Z10printScoreshhh)
                  00018cac    000000b0     ST7735.o (.text._Z20ST7735_DrawFastHLinessst)
                  00018d5c    000000b0     ST7735.o (.text._Z20ST7735_DrawFastVLinessst)
                  00018e0c    000000a8     Timer.o (.text._Z14TimerG7_IntArmtjj)
                  00018eb4    000000a2     ST7735.o (.text._ZL11commandListPKh)
                  00018f56    00000002     libclang_rt.builtins.a : aeabi_div0.c.obj (.text.__aeabi_idiv0)
                  00018f58    000000a0     libsysbm.a : open.c.obj (.text.open)
                  00018ff8    0000009c     ST7735.o (.text._Z17ST7735_InitPrintfv)
                  00019094    0000009c     Player.o (.text._ZN6Player14checkProximityE7Machine)
                  00019130    00000098     ST7735.o (.text._Z12ST7735_InitR10initRFlags)
                  000191c8    00000098     Player.o (.text._ZN6Player16resetCoordinatesEPsS0_)
                  00019260    00000094     Timer.o (.text._Z15TimerG12_IntArmjj)
                  000192f4    00000090     Sound.o (.text._Z11Sound_Starth)
                  00019384    0000008c     ST7735.o (.text._Z17ST7735_DrawStringttPcs)
                  00019410    0000008c     Machine.o (.text._ZN7MachineC2Ehhhhhhhhhh)
                  0001949c    0000008c     SlidePot.o (.text._ZN8SlidePot4InitEv)
                  00019528    00000088     ST7735.o (.text._ZL13setAddrWindowhhhh)
                  000195b0    00000088     libc.a : strcmp-armv6m.S.obj (.text:strcmp)
                  00019638    00000084     Machine.o (.text._ZN7MachineC2Ehhhhhhhhh)
                  000196bc    0000007c     LaunchPad.o (.text._Z14LaunchPad_Initv)
                  00019738    0000007c     libc.a : fclose.c.obj (.text.__TI_closefile)
                  000197b4    0000007c            : copy_decompress_lzss.c.obj (.text:decompress:lzss)
                  00019830    00000074     UART2.o (.text.UART2_IRQHandler)
                  000198a4    00000074     IRxmt.o (.text._Z13IRxmt_SendBiti)
                  00019918    00000070     ST7735.o (.text._Z16ST7735_DrawPixelsst)
                  00019988    0000006e     Player.o (.text._ZN6Player15getMachineInputE7Machine)
                  000199f6    00000002     libc.a : _lock.c.obj (.text._nop)
                  000199f8    0000006c     libsysbm.a : hostlseek.c.obj (.text.HOSTlseek)
                  00019a64    0000006c                : hostrename.c.obj (.text.HOSTrename)
                  00019ad0    0000006c     Lab9HMain.o (.text._GLOBAL__sub_I_Lab9HMain.cpp)
                  00019b3c    0000006c     libc.a : getdevice.c.obj (.text.getdevice)
                  00019ba8    00000064     Machine.o (.text._ZN7MachineC2Ehhhhhh)
                  00019c0c    00000064     libc.a : memory.c.obj (.text.split)
                  00019c70    00000060     libsysbm.a : hostopen.c.obj (.text.HOSTopen)
                  00019cd0    00000058                : hostread.c.obj (.text.HOSTread)
                  00019d28    00000058                : hostwrite.c.obj (.text.HOSTwrite)
                  00019d80    00000058     Sound.o (.text.SysTick_Handler)
                  00019dd8    00000058     TExaS.o (.text._Z10TExaS_InitP10ADC12_RegsjPFhvE)
                  00019e30    00000056     libclang_rt.builtins.a : aeabi_idivmod.S.obj (.text.__aeabi_idivmod)
                  00019e86    00000002     --HOLE-- [fill = 0]
                  00019e88    00000054     Player.o (.text._ZN6Player14printPosessionEh)
                  00019edc    00000054     Player.o (.text._ZN6Player8moveLeftEv)
                  00019f30    00000054     Player.o (.text._ZN6Player9moveRightEv)
                  00019f84    00000054     SlidePot.o (.text._ZN8SlidePot2InEv)
                  00019fd8    00000054     libc.a : autoinit.c.obj (.text:__TI_auto_init_nobinit)
                  0001a02c    00000052     Player.o (.text._ZN6Player8moveDownEv)
                  0001a07e    00000052     libc.a : fflush.c.obj (.text.__TI_doflush)
                  0001a0d0    00000050     Lab9HMain.o (.text.__cxx_global_var_init.14)
                  0001a120    00000050     libsysbm.a : close.c.obj (.text.close)
                  0001a170    0000004c     FIFO2.o (.text._ZN5Queue3GetEPc)
                  0001a1bc    0000004c     FIFO2.o (.text._ZN5Queue3PutEc)
                  0001a208    00000048     libsysbm.a : hostclose.c.obj (.text.HOSTclose)
                  0001a250    00000048                : hostunlink.c.obj (.text.HOSTunlink)
                  0001a298    00000048     IRxmt.o (.text._Z13IRxmt_OutCharc)
                  0001a2e0    00000048     SPI.o (.text._Z14SPI_OutCommandc)
                  0001a328    00000044     Lab9HMain.o (.text._Z8checkWinv)
                  0001a36c    00000040     TExaS.o (.text.TIMG7_IRQHandler)
                  0001a3ac    00000040     Sound.o (.text._Z10Sound_Initv)
                  0001a3ec    00000040     SPI.o (.text._Z9SPI_Resetv)
                  0001a42c    00000040     libclang_rt.builtins.a : aeabi_uidivmod.S.obj (.text.__aeabi_uidivmod)
                  0001a46c    00000040     Lab9HMain.o (.text.__cxx_global_var_init.26)
                  0001a4ac    00000040     libc.a : fopen.c.obj (.text._search_fp)
                  0001a4ec    0000003c     Lab9HMain.o (.text.TIMG12_IRQHandler)
                  0001a528    0000003c     DAC5.o (.text._Z9DAC5_Initv)
                  0001a564    0000003c     Player.o (.text._ZN6Player6moveUpEv)
                  0001a5a0    00000038     SPI.o (.text._Z11SPI_OutDatac)
                  0001a5d8    00000038     LaunchPad.o (.text._Z15ActivatePortA_Bv)
                  0001a610    00000034     ST7735.o (.text._Z12ST7735_writeiPKcj)
                  0001a644    00000034     Clock.o (.text._Z14Clock_Delay1msj)
                  0001a678    00000034     ST7735.o (.text._Z16ST7735_SetCursorjj)
                  0001a6ac    00000034     libc.a : fopen.c.obj (.text.__TI_cleanup)
                  0001a6e0    00000034     libsysbm.a : trgmsg.c.obj (.text.__TI_readmsg)
                  0001a714    00000034                : trgmsg.c.obj (.text.__TI_writemsg)
                  0001a748    00000034     libc.a : exit.c.obj (.text.exit)
                  0001a77c    00000034            : getdevice.c.obj (.text.finddevice)
                  0001a7b0    00000034            : fopen.c.obj (.text.freopen)
                  0001a7e4    00000030     ST7735.o (.text._ZL10commonInitPKh)
                  0001a814    00000030     Player.o (.text._ZN6Player14translateRightEv)
                  0001a844    00000030     Lab9HMain.o (.text.__cxx_global_var_init.11)
                  0001a874    00000030     Lab9HMain.o (.text.__cxx_global_var_init.12)
                  0001a8a4    00000030     Lab9HMain.o (.text.__cxx_global_var_init.13)
                  0001a8d4    00000030     Lab9HMain.o (.text.__cxx_global_var_init.17)
                  0001a904    00000030     Lab9HMain.o (.text.__cxx_global_var_init.23)
                  0001a934    00000030     Lab9HMain.o (.text.__cxx_global_var_init.24)
                  0001a964    00000030     Lab9HMain.o (.text.__cxx_global_var_init.25)
                  0001a994    00000030     Lab9HMain.o (.text.__cxx_global_var_init.6)
                  0001a9c4    00000030     libc.a : fopen.c.obj (.text.fopen)
                  0001a9f4    0000002c     UART2.o (.text._Z12UART2_InCharv)
                  0001aa20    0000002c     ST7735.o (.text._Z17ST7735_FillScreent)
                  0001aa4c    0000002c     Player.o (.text._ZN6Player13translateDownEv)
                  0001aa78    0000002c     Player.o (.text._ZN6Player13translateLeftEv)
                  0001aaa4    0000002c     Lab9HMain.o (.text.__cxx_global_var_init.10)
                  0001aad0    0000002c     libsysbm.a : unlink.c.obj (.text.unlink)
                  0001aafc    0000002a     Machine.o (.text._ZN7Machine13menuPrintCartEv)
                  0001ab26    00000002     --HOLE-- [fill = 0]
                  0001ab28    00000028     IRxmt.o (.text._Z10IRxmt_Initv)
                  0001ab50    00000028     TExaS.o (.text._Z9ADC_StartP10ADC12_Regs)
                  0001ab78    00000028     Lab9HMain.o (.text.__cxx_global_var_init.5)
                  0001aba0    00000028     libc.a : memory.c.obj (.text.free_list_insert)
                  0001abc8    00000028     libsysbm.a : write.c.obj (.text.write)
                  0001abf0    00000028     libc.a : boot_cortex_m.c.obj (.text:_c_int00_noargs)
                  0001ac18    00000026     ST7735.o (.text._Z16ST7735_OutStringPc)
                  0001ac3e    00000002     --HOLE-- [fill = 0]
                  0001ac40    00000024     SlidePot.o (.text._ZN8SlidePot4SaveEj)
                  0001ac64    00000024     Lab9HMain.o (.text.__cxx_global_var_init.16)
                  0001ac88    00000024     Lab9HMain.o (.text.__cxx_global_var_init.18)
                  0001acac    00000024     Lab9HMain.o (.text.__cxx_global_var_init.19)
                  0001acd0    00000024     Lab9HMain.o (.text.__cxx_global_var_init.20)
                  0001acf4    00000024     Lab9HMain.o (.text.__cxx_global_var_init.21)
                  0001ad18    00000024     Lab9HMain.o (.text.__cxx_global_var_init.22)
                  0001ad3c    00000024     Lab9HMain.o (.text.__cxx_global_var_init.3)
                  0001ad60    00000024     Lab9HMain.o (.text.__cxx_global_var_init.4)
                  0001ad84    00000024     Lab9HMain.o (.text.__cxx_global_var_init.7)
                  0001ada8    00000024     Lab9HMain.o (.text.__cxx_global_var_init.9)
                  0001adcc    00000022     FIFO2.o (.text._ZN5Queue6IsFullEv)
                  0001adee    00000002     --HOLE-- [fill = 0]
                  0001adf0    00000020     DAC5.o (.text._Z8DAC5_Outj)
                  0001ae10    00000020     SlidePot.o (.text._ZN8SlidePot4SyncEv)
                  0001ae30    00000020     Lab9HMain.o (.text.__cxx_global_var_init.15)
                  0001ae50    00000020     Lab9HMain.o (.text.__cxx_global_var_init.8)
                  0001ae70    0000001e     ST7735.o (.text._ZL9pushColort)
                  0001ae8e    00000002     --HOLE-- [fill = 0]
                  0001ae90    0000001c     startup_mspm0g3507_ticlang.o (.text.Default_Handler)
                  0001aeac    0000001c     startup_mspm0g3507_ticlang.o (.text.HardFault_Handler)
                  0001aec8    0000001c     Switch.o (.text._Z9Switch_Inv)
                  0001aee4    0000001c     Player.o (.text._ZN6PlayerC2Ev)
                  0001af00    0000001c     libc.a : memory.c.obj (.text.free_list_remove)
                  0001af1c    00000018     Switch.o (.text._Z11Switch_Initv)
                  0001af34    00000016     ST7735.o (.text._Z11ST7735_openPKcji)
                  0001af4a    00000016     ST7735.o (.text._Z11ST7735_readiPcj)
                  0001af60    00000016     libc.a : copy_zero_init.c.obj (.text:decompress:ZI:__TI_zero_init_nomemset)
                  0001af76    00000014     FIFO2.o (.text._ZN5Queue7IsEmptyEv)
                  0001af8a    00000012     Player.o (.text._ZN6Player13setPossessionEh)
                  0001af9c    00000012     Player.o (.text._ZN6Player7setXPosEs)
                  0001afae    00000012     Player.o (.text._ZN6Player7setYPosEs)
                  0001afc0    00000012     Machine.o (.text._ZN7Machine11setRockTypeEh)
                  0001afd2    00000012     Machine.o (.text._ZN7Machine9setSpriteEh)
                  0001afe4    00000012     libc.a : memcpy16.S.obj (.text:TI_memcpy_small)
                  0001aff6    00000012            : copy_decompress_none.c.obj (.text:decompress:none)
                  0001b008    00000010     Clock.o (.text._Z11Clock_Delayj)
                  0001b018    00000010     UART2.o (.text._Z12UART2_Enablev)
                  0001b028    00000010     UART2.o (.text._Z13UART2_Disablev)
                  0001b038    00000010     Lab9HMain.o (.text._Z28TExaS_LaunchPadLogicPB27PB26v)
                  0001b048    00000010     FIFO2.o (.text._ZN5QueueC2Ev)
                  0001b058    00000010     Lab9HMain.o (.text.__cxx_global_var_init.2)
                  0001b068    00000010     Lab9HMain.o (.text.__cxx_global_var_init)
                  0001b078    00000010     UART2.o (.text.__cxx_global_var_init)
                  0001b088    0000000e     libc.a : memory.c.obj (.text.OUTLINED_FUNCTION_0)
                  0001b096    0000000e     ST7735.o (.text._Z12ST7735_lseekili)
                  0001b0a4    0000000e     Player.o (.text._ZN6Player7getXPosEv)
                  0001b0b2    0000000e     Player.o (.text._ZN6Player7getYPosEv)
                  0001b0c0    0000000e     SlidePot.o (.text._ZN8SlidePotC2Ev)
                  0001b0ce    0000000e     libsysbm.a : hostrename.c.obj (.text.strcpy)
                  0001b0dc    0000000e                : hostrename.c.obj (.text.strlen)
                  0001b0ea    0000000e     libc.a : memset16.S.obj (.text:TI_memset_small)
                  0001b0f8    0000000c     Clock.o (.text._Z10Clock_Freqv)
                  0001b104    0000000c     ST7735.o (.text._Z13ST7735_renamePKcS0_)
                  0001b110    0000000c     IRxmt.o (.text._Z5Delayj)
                  0001b11c    0000000c     Player.o (.text._ZN6Player7getSizeEv)
                  0001b128    0000000c     SlidePot.o (.text._ZN8SlidePot9DistanceXEv)
                  0001b134    0000000c     SlidePot.o (.text._ZN8SlidePot9DistanceYEv)
                  0001b140    0000000c     libclang_rt.builtins.a : aeabi_memset.S.obj (.text.__aeabi_memclr)
                  0001b14c    0000000c     libc.a : memory.c.obj (.text.malloc)
                  0001b158    0000000a     Sound.o (.text._Z11Sound_Clangv)
                  0001b162    0000000a     Sound.o (.text._Z11Sound_Wrongv)
                  0001b16c    0000000a     ST7735.o (.text._Z12ST7735_closei)
                  0001b176    0000000a     ST7735.o (.text._Z13ST7735_unlinkPKc)
                  0001b180    0000000a     Sound.o (.text._Z13Sound_Correctv)
                  0001b18a    0000000a     Lab9HMain.o (.text._Z8PLL_Initv)
                  0001b194    00000008     UART2.o (.text._GLOBAL__sub_I_UART2.cpp)
                  0001b19c    00000008     libclang_rt.builtins.a : aeabi_memcpy.S.obj (.text.__aeabi_memcpy)
                  0001b1a4    00000008     libsysbm.a : remove.c.obj (.text.remove)
                  0001b1ac    00000004     startup_mspm0g3507_ticlang.o (.text.Reset_Handler)
                  0001b1b0    00000004     libc.a : pre_init.c.obj (.text._system_pre_init)
                  0001b1b4    00000004            : exit.c.obj (.text:abort)
                  0001b1b8    00000008     --HOLE-- [fill = 0]

.cinit     0    0001b1c0    000008e8     
                  0001b1c0    000008c2     (.cinit..data.load) [load image, compression = lzss]
                  0001ba82    00000002     --HOLE-- [fill = 0]
                  0001ba84    0000000c     (__TI_handler_table)
                  0001ba90    00000008     (.cinit..bss.load) [load image, compression = zero_init]
                  0001ba98    00000010     (__TI_cinit_table)

.rodata    0    000000c0    00014178     
                  000000c0    00002800     Lab9HMain.o (.rodata._ZL4todo)
                  000028c0    00002800     Machine.o (.rodata._ZL4todo)
                  000050c0    00001ba8     Sound.o (.rodata._ZL7correct)
                  00006c68    000010ae     Machine.o (.rodata._ZL14refinerWorking)
                  00007d16    000010ae     Machine.o (.rodata._ZL16refinerHighlight)
                  00008dc4    000010ae     Machine.o (.rodata._ZL7refiner)
                  00009e72    00000f83     Sound.o (.rodata._ZL5wrong)
                  0000adf5    00000001     --HOLE-- [fill = 0]
                  0000adf6    00000f74     Machine.o (.rodata._ZL13cartHighlight)
                  0000bd6a    00000f74     Machine.o (.rodata._ZL4cart)
                  0000ccde    00000738     Machine.o (.rodata._ZL13rockWorking_b)
                  0000d416    00000738     Machine.o (.rodata._ZL15rockHighlight_b)
                  0000db4e    00000738     Machine.o (.rodata._ZL22rockWorkingHighlight_b)
                  0000e286    00000738     Machine.o (.rodata._ZL6rock_b)
                  0000e9be    00000720     Machine.o (.rodata._ZL15portalHighlight)
                  0000f0de    00000720     Machine.o (.rodata._ZL6portal)
                  0000f7fe    000006e0     Machine.o (.rodata._ZL6ladder)
                  0000fede    00000548     Lab9HMain.o (.rodata._ZL5miner)
                  00010426    00000540     Machine.o (.rodata._ZL7counter)
                  00010966    000004fb     ST7735.o (.rodata._ZL4Font)
                  00010e61    00000001     --HOLE-- [fill = 0]
                  00010e62    00000348     Machine.o (.rodata._ZL5watch)
                  000111aa    00000320     Machine.o (.rodata._ZL4boot)
                  000114ca    000002d2     Machine.o (.rodata._ZL5sword)
                  0001179c    000002ac     Machine.o (.rodata._ZL3key)
                  00011a48    000002a0     Machine.o (.rodata._ZL6shield)
                  00011ce8    00000220     Machine.o (.rodata._ZL4ring)
                  00011f08    000001ee     Machine.o (.rodata._ZL6turnip)
                  000120f6    0000018c     Machine.o (.rodata._ZL10rawDiamond)
                  00012282    0000018c     Machine.o (.rodata._ZL10rawEmerald)
                  0001240e    0000018c     Machine.o (.rodata._ZL7rawGold)
                  0001259a    0000018c     Machine.o (.rodata._ZL7rawRuby)
                  00012726    0000018c     Machine.o (.rodata._ZL9rawSilver)
                  000128b2    00000168     Machine.o (.rodata._ZL13rockWorking_m)
                  00012a1a    00000168     Machine.o (.rodata._ZL15rockHighlight_m)
                  00012b82    00000168     Machine.o (.rodata._ZL22rockWorkingHighlight_m)
                  00012cea    00000168     Machine.o (.rodata._ZL6rock_m)
                  00012e52    0000010e     Machine.o (.rodata._ZL4gold)
                  00012f60    0000010e     Machine.o (.rodata._ZL6silver)
                  0001306e    0000010a     Machine.o (.rodata._ZL13rockWorking_t)
                  00013178    0000010a     Machine.o (.rodata._ZL15rockHighlight_t)
                  00013282    0000010a     Machine.o (.rodata._ZL22rockWorkingHighlight_t)
                  0001338c    0000010a     Machine.o (.rodata._ZL6rock_t)
                  00013496    000000dd     Lab9HMain.o (.rodata._ZL13Page3_Spanish)
                  00013573    000000d8     Lab9HMain.o (.rodata._ZL13Page2_English)
                  0001364b    00000001     --HOLE-- [fill = 0]
                  0001364c    000000d8     Lab9HMain.o (.rodata._ZL4Ruby)
                  00013724    000000d8     Machine.o (.rodata._ZL4Ruby)
                  000137fc    000000d8     Lab9HMain.o (.rodata._ZL7Diamond)
                  000138d4    000000d8     Machine.o (.rodata._ZL7Diamond)
                  000139ac    000000d8     Lab9HMain.o (.rodata._ZL7Emerald)
                  00013a84    000000d8     Machine.o (.rodata._ZL7Emerald)
                  00013b5c    000000ce     Lab9HMain.o (.rodata._ZL13Page3_English)
                  00013c2a    000000c9     Lab9HMain.o (.rodata._ZL13Page2_Spanish)
                  00013cf3    000000ac     Lab9HMain.o (.rodata._ZL13Page1_English)
                  00013d9f    000000a7     Lab9HMain.o (.rodata._ZL13Page1_Spanish)
                  00013e46    000000a4     Lab9HMain.o (.rodata._ZL13Page4_English)
                  00013eea    000000a2     Lab9HMain.o (.rodata._ZL13Page4_Spanish)
                  00013f8c    00000096     Lab9HMain.o (.rodata._ZL13Page5_Spanish)
                  00014022    00000066     Lab9HMain.o (.rodata._ZL13Page5_English)
                  00014088    0000003b     ST7735.o (.rodata._ZL5Rcmd1)
                  000140c3    0000002b     ST7735.o (.rodata._ZL5Rcmd3)
                  000140ee    0000001f     Lab9HMain.o (.rodata._ZL11Won_Spanish)
                  0001410d    0000001f     Lab9HMain.o (.rodata._ZL12Lost_Spanish)
                  0001412c    0000001f     Lab9HMain.o (.rodata._ZL12Wait_Spanish)
                  0001414b    0000001d     Lab9HMain.o (.rodata._ZL12Lost_English)
                  00014168    0000001d     Lab9HMain.o (.rodata._ZL12Wait_English)
                  00014185    0000001c     Lab9HMain.o (.rodata._ZL11Won_English)
                  000141a1    00000016     ST7735.o (.rodata.str1.128370289436029622301)
                  000141b7    00000013     Lab9HMain.o (.rodata.str1.173505494541024909531)
                  000141ca    00000010     Lab9HMain.o (.rodata.str1.36435047076059183751)
                  000141da    0000000d     ST7735.o (.rodata._ZL10Rcmd2green)
                  000141e7    0000000d     ST7735.o (.rodata._ZL8Rcmd2red)
                  000141f4    00000008     Lab9HMain.o (.rodata._ZL15Goodbye_English)
                  000141fc    00000008     Lab9HMain.o (.rodata._ZL16Language_English)
                  00014204    00000008     Lab9HMain.o (.rodata._ZL16Language_Spanish)
                  0001420c    00000008     ST7735.o (.rodata.str1.53591972959378542101)
                  00014214    00000007     Lab9HMain.o (.rodata._ZL13Hello_Spanish)
                  0001421b    00000007     ST7735.o (.rodata.str1.28611865845488554281)
                  00014222    00000007     ST7735.o (.rodata.str1.63348317913043414121)
                  00014229    00000006     Lab9HMain.o (.rodata._ZL13Hello_English)
                  0001422f    00000006     Lab9HMain.o (.rodata._ZL15Goodbye_Spanish)
                  00014235    00000002     ST7735.o (.rodata.str1.90642305370257400361)
                  00014237    00000001     --HOLE-- [fill = 0]

.init_array 
*          0    00014238    00000008     
                  00014238    00000004     UART2.o (.init_array)
                  0001423c    00000004     Lab9HMain.o (.init_array)

.data      0    20200000    00002045     UNINITIALIZED
                  20200000    00001b44     Sound.o (.data._ZL5clang)
                  20201b44    000000f0     libc.a : defs.c.obj (.data._ftable)
                  20201c34    00000090     Machine.o (.data.sprites)
                  20201cc4    00000078     libsysbm.a : host_device.c.obj (.data._device)
                  20201d3c    00000050                : host_device.c.obj (.data._stream)
                  20201d8c    0000003c     Lab9HMain.o (.data.Counters)
                  20201dc8    00000030     Lab9HMain.o (.data.Phrases)
                  20201df8    00000030     Lab9HMain.o (.data.machineArr1)
                  20201e28    0000002d     Lab9HMain.o (.data.Counters2)
                  20201e55    00000003     Machine.o (.data._ZZN7Machine10updateRockEhE8lastOuts)
                  20201e58    00000028     UART2.o (.data.FIFO2)
                  20201e80    00000028     Lab9HMain.o (.data.Instructions)
                  20201ea8    0000000f     Lab9HMain.o (.data.m_anvil)
                  20201eb7    0000000f     Lab9HMain.o (.data.m_cart1)
                  20201ec6    0000000f     Lab9HMain.o (.data.m_cart2)
                  20201ed5    0000000f     Lab9HMain.o (.data.m_counter1)
                  20201ee4    0000000f     Lab9HMain.o (.data.m_counter2)
                  20201ef3    0000000f     Lab9HMain.o (.data.m_counter3)
                  20201f02    0000000f     Lab9HMain.o (.data.m_counter4)
                  20201f11    0000000f     Lab9HMain.o (.data.m_counter5)
                  20201f20    0000000f     Lab9HMain.o (.data.m_counter6)
                  20201f2f    0000000f     Lab9HMain.o (.data.m_portal)
                  20201f3e    0000000f     Lab9HMain.o (.data.m_refiner)
                  20201f4d    0000000f     Lab9HMain.o (.data.m_rock1)
                  20201f5c    0000000f     Lab9HMain.o (.data.m_rock1Mid)
                  20201f6b    0000000f     Lab9HMain.o (.data.m_rock1Progress)
                  20201f7a    0000000f     Lab9HMain.o (.data.m_rock1Top)
                  20201f89    0000000f     Lab9HMain.o (.data.m_rock2)
                  20201f98    0000000f     Lab9HMain.o (.data.m_rock2Mid)
                  20201fa7    0000000f     Lab9HMain.o (.data.m_rock2Top)
                  20201fb6    0000000f     Lab9HMain.o (.data.m_smelter)
                  20201fc5    0000000f     Lab9HMain.o (.data.m_smelterProgress)
                  20201fd4    0000000f     Lab9HMain.o (.data.m_todo)
                  20201fe3    0000000f     Lab9HMain.o (.data.m_todoDown)
                  20201ff2    00000002     ST7735.o (.data.StTextColor)
                  20201ff4    0000000c     Lab9HMain.o (.data.Sensor)
                  20202000    00000008     libc.a : exit.c.obj (.data..L_MergedGlobals)
                  20202008    00000008     Lab9HMain.o (.data.p1)
                  20202010    00000004     Clock.o (.data.BusFreq)
                  20202014    00000004     ST7735.o (.data.StX)
                  20202018    00000004     ST7735.o (.data.StY)
                  2020201c    00000004     libc.a : defs.c.obj (.data.__TI_ft_end)
                  20202020    00000004            : _lock.c.obj (.data._lock)
                  20202024    00000004            : _lock.c.obj (.data._unlock)
                  20202028    00000002     ST7735.o (.data._ZL6_width)
                  2020202a    00000002     ST7735.o (.data._ZL7_height)
                  2020202c    00000002     Sound.o (.data.clang_size)
                  2020202e    00000002     Sound.o (.data.correct_size)
                  20202030    00000002     Sound.o (.data.wrong_size)
                  20202032    00000001     Lab9HMain.o (.data._ZZ17setUpInstructionshE10currOption)
                  20202033    00000001     Machine.o (.data._ZZN7Machine10updateCartEhE8debounce)
                  20202034    00000001     Machine.o (.data._ZZN7Machine10updateRockEhE7halfway)
                  20202035    00000001     Machine.o (.data._ZZN7Machine13updateRefinerEhE8debounce)
                  20202036    00000001     Machine.o (.data._ZZN7Machine14updateCountersEhPS_E8debounce)
                  20202037    00000001     Machine.o (.data._ZZN7Machine9printCartEvE2in)
                  20202038    00000001     Machine.o (.data._ZZN7Machine9printCartEvE4sent)
                  20202039    00000001     Lab9HMain.o (.data.deadTimer)
                  2020203a    00000001     Lab9HMain.o (.data.input)
                  2020203b    00000001     Lab9HMain.o (.data.numCounters)
                  2020203c    00000001     libsysbm.a : add_device.c.obj (.data.add_device.device_init)
                  2020203d    00000001     Machine.o (.data.progH)
                  2020203e    00000001     Machine.o (.data.progW)
                  2020203f    00000001     --HOLE--
                  20202040    00000001     libc.a : memory.c.obj (.data.memory_is_initialized)
                  20202041    00000003     --HOLE--
                  20202044    00000001     libsysbm.a : open.c.obj (.data.open.stream_init)

.sysmem    0    20202048    00000200     UNINITIALIZED
                  20202048    00000010     libc.a : memory.c.obj (.sysmem)
                  20202058    000001f0     --HOLE--

.bss       0    20202248    000001ff     UNINITIALIZED
                  20202248    00000120     libsysbm.a : trgmsg.c.obj (.bss:_CIOBUF_)
                  20202368    000000a0     libc.a : defs.c.obj (.bss.__TI_tmpnams)
                  20202408    00000014     Machine.o (.bss.ToDoArr)
                  2020241c    00000008     libsysbm.a : hostopen.c.obj (.bss.parmbuf)
                  20202424    00000004     UART2.o (.bss.LostData)
                  20202428    00000004     TExaS.o (.bss.TExaSLogic)
                  2020242c    00000004     TExaS.o (.bss.TExaSadc)
                  20202430    00000004     Sound.o (.bss.soundArr)
                  20202434    00000004     Sound.o (.bss.soundIndex)
                  20202438    00000004     libc.a : memory.c.obj (.bss.sys_free)
                  2020243c    00000002     Lab9HMain.o (.bss.score)
                  2020243e    00000002     Sound.o (.bss.soundLength)
                  20202440    00000001     ST7735.o (.bss._ZL8ColStart)
                  20202441    00000001     ST7735.o (.bss._ZL8Rotation)
                  20202442    00000001     ST7735.o (.bss._ZL8RowStart)
                  20202443    00000001     ST7735.o (.bss._ZL8TabColor)
                  20202444    00000001     Lab9HMain.o (.bss.buttons)
                  20202445    00000001     Sound.o (.bss.sound_flag)
                  20202446    00000001     Lab9HMain.o (.bss.toDoOpen)

.stack     0    20207e00    00000200     UNINITIALIZED
                  20207e00    00000004     libc.a : boot_cortex_m.c.obj (.stack)
                  20207e04    000001fc     --HOLE--

__llvm_prf_cnts 
*          0    20200000    00000000     UNINITIALIZED

__llvm_prf_bits 
*          0    20200000    00000000     UNINITIALIZED

MODULE SUMMARY

       Module                         code    ro data   rw data
       ------                         ----    -------   -------
    .\
       Machine.o                      8246    55534     175    
       Lab9HMain.o                    7162    14262     599    
       Sound.o                        326     11051     6997   
       ST7735.o                       3668    1449      18     
       Player.o                       1650    0         0      
       TExaS.o                        720     0         8      
       Clock.o                        516     0         4      
       UART2.o                        436     4         44     
       SPI.o                          440     0         0      
       SlidePot.o                     330     0         0      
       Timer.o                        316     0         0      
       IRxmt.o                        240     0         0      
       FIFO2.o                        222     0         0      
       LaunchPad.o                    180     0         0      
       DAC5.o                         92      0         0      
       Switch.o                       52      0         0      
    +--+------------------------------+-------+---------+---------+
       Total:                         24596   82300     7845   
                                                               
    .\ticlang\
       startup_mspm0g3507_ticlang.o   60      192       0      
    +--+------------------------------+-------+---------+---------+
       Total:                         60      192       0      
                                                               
    C:\ti\ccs2000\ccs\tools\compiler\ti-cgt-armllvm_4.0.1.LTS\lib\armv6m-ti-none-eabi/c/libc.a
       memory.c.obj                   702     0         5      
       fopen.c.obj                    556     0         0      
       defs.c.obj                     0       0         404    
       setvbuf.c.obj                  224     0         0      
       getdevice.c.obj                160     0         0      
       strcmp-armv6m.S.obj            136     0         0      
       copy_decompress_lzss.c.obj     124     0         0      
       fclose.c.obj                   124     0         0      
       autoinit.c.obj                 84      0         0      
       fflush.c.obj                   82      0         0      
       exit.c.obj                     56      0         8      
       boot_cortex_m.c.obj            40      0         0      
       copy_zero_init.c.obj           22      0         0      
       copy_decompress_none.c.obj     18      0         0      
       memcpy16.S.obj                 18      0         0      
       memset16.S.obj                 14      0         0      
       _lock.c.obj                    2       0         8      
       pre_init.c.obj                 4       0         0      
    +--+------------------------------+-------+---------+---------+
       Total:                         2366    0         425    
                                                               
    C:\ti\ccs2000\ccs\tools\compiler\ti-cgt-armllvm_4.0.1.LTS\lib\armv6m-ti-none-eabi/c/libsysbm.a
       trgmsg.c.obj                   104     0         288    
       add_device.c.obj               236     0         1      
       host_device.c.obj              0       0         200    
       open.c.obj                     160     0         1      
       hostrename.c.obj               136     0         0      
       hostlseek.c.obj                108     0         0      
       hostopen.c.obj                 96      0         8      
       hostread.c.obj                 88      0         0      
       hostwrite.c.obj                88      0         0      
       close.c.obj                    80      0         0      
       hostclose.c.obj                72      0         0      
       hostunlink.c.obj               72      0         0      
       unlink.c.obj                   44      0         0      
       write.c.obj                    40      0         0      
       remove.c.obj                   8       0         0      
    +--+------------------------------+-------+---------+---------+
       Total:                         1332    0         498    
                                                               
    C:\ti\ccs2000\ccs\tools\compiler\ti-cgt-armllvm_4.0.1.LTS\lib\armv6m-ti-none-eabi/libclang_rt.builtins.a
       aeabi_idivmod.S.obj            86      0         0      
       aeabi_uidivmod.S.obj           64      0         0      
       aeabi_memset.S.obj             12      0         0      
       aeabi_memcpy.S.obj             8       0         0      
       aeabi_div0.c.obj               2       0         0      
    +--+------------------------------+-------+---------+---------+
       Total:                         172     0         0      
                                                               
       Heap:                          0       0         512    
       Stack:                         0       0         512    
       Linker Generated:              0       2278      0      
    +--+------------------------------+-------+---------+---------+
       Grand Total:                   28526   84770     9792   


LINKER GENERATED COPY TABLES

__TI_cinit_table @ 0001ba98 records: 2, size/record: 8, table size: 16
	.data: load addr=0001b1c0, load size=000008c2 bytes, run addr=20200000, run size=00002045 bytes, compression=lzss
	.bss: load addr=0001ba90, load size=00000008 bytes, run addr=20202248, run size=000001ff bytes, compression=zero_init


LINKER GENERATED HANDLER TABLE

__TI_handler_table @ 0001ba84 records: 3, size/record: 4, table size: 12
	index: 0, handler: __TI_decompress_lzss
	index: 1, handler: __TI_decompress_none
	index: 2, handler: __TI_zero_init


GLOBAL SYMBOLS: SORTED ALPHABETICALLY BY Name 

address   name                                
-------   ----                                
0001ae91  ADC0_IRQHandler                     
0001ae91  ADC1_IRQHandler                     
0001ae91  AES_IRQHandler                      
20202010  BusFreq                             
0001b1b4  C$$EXIT                             
0001a741  C$$IO$$                             
0001ae91  CANFD0_IRQHandler                   
20201d8c  Counters                            
20201e28  Counters2                           
0001ae91  DAC0_IRQHandler                     
0001ae91  DMA_IRQHandler                      
0001ae91  Default_Handler                     
20201e58  FIFO2                               
0001ae91  GROUP0_IRQHandler                   
0001ae91  GROUP1_IRQHandler                   
0001a209  HOSTclose                           
000199f9  HOSTlseek                           
00019c71  HOSTopen                            
00019cd1  HOSTread                            
00019a65  HOSTrename                          
0001a251  HOSTunlink                          
00019d29  HOSTwrite                           
0001aead  HardFault_Handler                   
0001ae91  I2C0_IRQHandler                     
0001ae91  I2C1_IRQHandler                     
20201e80  Instructions                        
20202424  LostData                            
0001ae91  NMI_Handler                         
0001ae91  PendSV_Handler                      
20201dc8  Phrases                             
0001ae91  RTC_IRQHandler                      
0001b1ad  Reset_Handler                       
00014238  SHT$$INIT_ARRAY$$Base               
00014240  SHT$$INIT_ARRAY$$Limit              
0001ae91  SPI0_IRQHandler                     
0001ae91  SPI1_IRQHandler                     
0001ae91  SVC_Handler                         
20201ff4  Sensor                              
20201ff2  StTextColor                         
20202014  StX                                 
20202018  StY                                 
00019d81  SysTick_Handler                     
20202428  TExaSLogic                          
2020242c  TExaSadc                            
0001ae91  TIMA0_IRQHandler                    
0001ae91  TIMA1_IRQHandler                    
0001ae91  TIMG0_IRQHandler                    
0001a4ed  TIMG12_IRQHandler                   
0001ae91  TIMG6_IRQHandler                    
0001a36d  TIMG7_IRQHandler                    
0001ae91  TIMG8_IRQHandler                    
0001afe5  TI_memcpy_small                     
0001b0eb  TI_memset_small                     
20202408  ToDoArr                             
0001ae91  UART0_IRQHandler                    
0001ae91  UART1_IRQHandler                    
00019831  UART2_IRQHandler                    
0001ae91  UART3_IRQHandler                    
20202248  _CIOBUF_                            
0001b0f9  _Z10Clock_Freqv                     
0001ab29  _Z10IRxmt_Initv                     
0001a3ad  _Z10Sound_Initv                     
00019dd9  _Z10TExaS_InitP10ADC12_RegsjPFhvE   
00018a2d  _Z10UART2_Initv                     
00018be1  _Z10printScoreshhh                  
0001b009  _Z11Clock_Delayj                    
0001a5a1  _Z11SPI_OutDatac                    
0001af35  _Z11ST7735_openPKcji                
0001af4b  _Z11ST7735_readiPcj                 
0001b159  _Z11Sound_Clangv                    
000192f5  _Z11Sound_Starth                    
0001b163  _Z11Sound_Wrongv                    
0001af1d  _Z11Switch_Initv                    
00019131  _Z12ST7735_InitR10initRFlags        
0001b16d  _Z12ST7735_closei                   
0001b097  _Z12ST7735_lseekili                 
0001a611  _Z12ST7735_writeiPKcj               
0001b019  _Z12UART2_Enablev                   
0001a9f5  _Z12UART2_InCharv                   
0001a299  _Z13IRxmt_OutCharc                  
000198a5  _Z13IRxmt_SendBiti                  
0001b105  _Z13ST7735_renamePKcS0_             
0001b177  _Z13ST7735_unlinkPKc                
0001b181  _Z13Sound_Correctv                  
0001b029  _Z13UART2_Disablev                  
0001a645  _Z14Clock_Delay1msj                 
000196bd  _Z14LaunchPad_Initv                 
0001a2e1  _Z14SPI_OutCommandc                 
00018b09  _Z14ST7735_OutCharc                 
00018e0d  _Z14TimerG7_IntArmtjj               
0001a5d9  _Z15ActivatePortA_Bv                
000175cd  _Z15Clock_Init80MHzi                
00017781  _Z15ST7735_DrawCharsscssh           
00018169  _Z15ST7735_FillRectsssst            
00019261  _Z15TimerG12_IntArmjj               
00018395  _Z15randomizeOrdersv                
00017925  _Z16ST7735_DrawCharSsscssh          
00019919  _Z16ST7735_DrawPixelsst             
0001ac19  _Z16ST7735_OutStringPc              
0001a679  _Z16ST7735_SetCursorjj              
000171e5  _Z17ST7735_DrawBitmapssPKtss        
00019385  _Z17ST7735_DrawStringttPcs          
0001aa21  _Z17ST7735_FillScreent              
00018ff9  _Z17ST7735_InitPrintfv              
00015c8d  _Z17setUpInstructionsh              
0001859d  _Z18ST7735_SetRotationh             
00018cad  _Z20ST7735_DrawFastHLinessst        
00018d5d  _Z20ST7735_DrawFastVLinessst        
0001b039  _Z28TExaS_LaunchPadLogicPB27PB26v   
0001b111  _Z5Delayj                           
00018041  _Z8ADC_InitP10ADC12_Regsjj          
0001adf1  _Z8DAC5_Outj                        
0001b18b  _Z8PLL_Initv                        
000184a5  _Z8SPI_Initv                        
0001a329  _Z8checkWinv                        
0001ab51  _Z9ADC_StartP10ADC12_Regs           
0001a529  _Z9DAC5_Initv                       
0001a3ed  _Z9SPI_Resetv                       
0001aec9  _Z9Switch_Inv                       
0001877d  _Z9UART_Initv                       
0001a171  _ZN5Queue3GetEPc                    
0001a1bd  _ZN5Queue3PutEc                     
0001adcd  _ZN5Queue6IsFullEv                  
0001af77  _ZN5Queue7IsEmptyEv                 
0001b049  _ZN5QueueC1Ev                       
0001b049  _ZN5QueueC2Ev                       
0001af8b  _ZN6Player13setPossessionEh         
0001aa4d  _ZN6Player13translateDownEv         
0001aa79  _ZN6Player13translateLeftEv         
00019095  _ZN6Player14checkProximityE7Machine 
00019e89  _ZN6Player14printPosessionEh        
0001a815  _ZN6Player14translateRightEv        
00019989  _ZN6Player15getMachineInputE7Machine
000191c9  _ZN6Player16resetCoordinatesEPsS0_  
0001a565  _ZN6Player6moveUpEv                 
0001b11d  _ZN6Player7getSizeEv                
0001b0a5  _ZN6Player7getXPosEv                
0001b0b3  _ZN6Player7getYPosEv                
0001af9d  _ZN6Player7setXPosEs                
0001afaf  _ZN6Player7setYPosEs                
00016fa1  _ZN6Player8inBoundsEssPP7Machinehh  
0001a02d  _ZN6Player8moveDownEv               
00019edd  _ZN6Player8moveLeftEv               
00019f31  _ZN6Player9moveRightEv              
0001aee5  _ZN6PlayerC1Ev                      
0001aee5  _ZN6PlayerC2Ev                      
0001531d  _ZN7Machine10updateCartEh           
00015845  _ZN7Machine10updateRockEh           
0001afc1  _ZN7Machine11setRockTypeEh          
00016a9d  _ZN7Machine12printRefinerEv         
00017c41  _ZN7Machine13cartSendErrorEhh       
0001aafd  _ZN7Machine13menuPrintCartEv        
000167ed  _ZN7Machine13printCountersEPS_      
0001609d  _ZN7Machine13updateRefinerEh        
00016461  _ZN7Machine14updateCountersEhPS_    
00017f05  _ZN7Machine15printTurnInAreaEv      
00016d49  _ZN7Machine16updateTurnInAreaEh     
000173f5  _ZN7Machine9printCartEv             
00017ac5  _ZN7Machine9printRockEv             
0001afd3  _ZN7Machine9setSpriteEh             
00019ba9  _ZN7MachineC1Ehhhhhh                
00019639  _ZN7MachineC1Ehhhhhhhhh             
00019411  _ZN7MachineC1Ehhhhhhhhhh            
00019ba9  _ZN7MachineC2Ehhhhhh                
00019639  _ZN7MachineC2Ehhhhhhhhh             
00019411  _ZN7MachineC2Ehhhhhhhhhh            
00019f85  _ZN8SlidePot2InEv                   
0001949d  _ZN8SlidePot4InitEv                 
0001ac41  _ZN8SlidePot4SaveEj                 
0001ae11  _ZN8SlidePot4SyncEv                 
0001b129  _ZN8SlidePot9DistanceXEv            
0001b135  _ZN8SlidePot9DistanceYEv            
0001b0c1  _ZN8SlidePotC1Ev                    
0001b0c1  _ZN8SlidePotC2Ev                    
20202248  __CIOBUF_                           
20208000  __STACK_END                         
00000200  __STACK_SIZE                        
00000200  __SYSMEM_SIZE                       
00000000  __TI_ATRegion0_region_sz            
00000000  __TI_ATRegion0_src_addr             
00000000  __TI_ATRegion0_trg_addr             
00000000  __TI_ATRegion1_region_sz            
00000000  __TI_ATRegion1_src_addr             
00000000  __TI_ATRegion1_trg_addr             
00000000  __TI_ATRegion2_region_sz            
00000000  __TI_ATRegion2_src_addr             
00000000  __TI_ATRegion2_trg_addr             
0001ba98  __TI_CINIT_Base                     
0001baa8  __TI_CINIT_Limit                    
0001baa8  __TI_CINIT_Warm                     
0001ba84  __TI_Handler_Table_Base             
0001ba90  __TI_Handler_Table_Limit            
00019fd9  __TI_auto_init_nobinit              
0001a6ad  __TI_cleanup                        
20202000  __TI_cleanup_ptr                    
00019739  __TI_closefile                      
000197b5  __TI_decompress_lzss                
0001aff7  __TI_decompress_none                
0001a07f  __TI_doflush                        
20202004  __TI_dtors_ptr                      
2020201c  __TI_ft_end                         
ffffffff  __TI_pprof_out_hndl                 
ffffffff  __TI_prof_data_size                 
ffffffff  __TI_prof_data_start                
0001a6e1  __TI_readmsg                        
00000000  __TI_static_base__                  
20202368  __TI_tmpnams                        
0001a715  __TI_writemsg                       
0001af61  __TI_zero_init_nomemset             
00019e31  __aeabi_idiv                        
00018f57  __aeabi_idiv0                       
00019e31  __aeabi_idivmod                     
0001b141  __aeabi_memclr                      
0001b141  __aeabi_memclr4                     
0001b141  __aeabi_memclr8                     
0001b19d  __aeabi_memcpy                      
0001b19d  __aeabi_memcpy4                     
0001b19d  __aeabi_memcpy8                     
0001a42d  __aeabi_uidiv                       
0001a42d  __aeabi_uidivmod                    
ffffffff  __binit__                           
UNDEFED   __mpu_init                          
20207e00  __stack                             
20200000  __start___llvm_prf_bits             
20200000  __start___llvm_prf_cnts             
20200000  __stop___llvm_prf_bits              
20200000  __stop___llvm_prf_cnts              
0001abf1  _c_int00_noargs                     
20201cc4  _device                             
20201b44  _ftable                             
20202020  _lock                               
000199f7  _nop                                
20201d3c  _stream                             
20202048  _sys_memory                         
UNDEFED   _system_post_cinit                  
0001b1b1  _system_pre_init                    
20202024  _unlock                             
0001b1b5  abort                               
00018691  add_device                          
00018281  aligned_alloc                       
ffffffff  binit                               
20202444  buttons                             
2020202c  clang_size                          
0001a121  close                               
2020202e  correct_size                        
20202039  deadTimer                           
0001a749  exit                                
0001a77d  finddevice                          
0001a9c5  fopen                               
00018865  free                                
0001a7b1  freopen                             
00019b3d  getdevice                           
2020203a  input                               
00000000  interruptVectors                    
20201ea8  m_anvil                             
20201eb7  m_cart1                             
20201ec6  m_cart2                             
20201ed5  m_counter1                          
20201ee4  m_counter2                          
20201ef3  m_counter3                          
20201f02  m_counter4                          
20201f11  m_counter5                          
20201f20  m_counter6                          
20201f2f  m_portal                            
20201f3e  m_refiner                           
20201f4d  m_rock1                             
20201f5c  m_rock1Mid                          
20201f6b  m_rock1Progress                     
20201f7a  m_rock1Top                          
20201f89  m_rock2                             
20201f98  m_rock2Mid                          
20201fa7  m_rock2Top                          
20201fb6  m_smelter                           
20201fc5  m_smelterProgress                   
20201fd4  m_todo                              
20201fe3  m_todoDown                          
20201df8  machineArr1                         
00014241  main                                
0001b14d  malloc                              
00018281  memalign                            
2020203b  numCounters                         
00018f59  open                                
20202008  p1                                  
2020241c  parmbuf                             
2020203d  progH                               
2020203e  progW                               
0001b1a5  remove                              
2020243c  score                               
0001894d  setvbuf                             
20202430  soundArr                            
20202434  soundIndex                          
2020243e  soundLength                         
20202445  sound_flag                          
20201c34  sprites                             
000195b1  strcmp                              
20202446  toDoOpen                            
0001aad1  unlink                              
0001abc9  write                               
20202030  wrong_size                          


GLOBAL SYMBOLS: SORTED BY Symbol Address 

address   name                                
-------   ----                                
00000000  __TI_ATRegion0_region_sz            
00000000  __TI_ATRegion0_src_addr             
00000000  __TI_ATRegion0_trg_addr             
00000000  __TI_ATRegion1_region_sz            
00000000  __TI_ATRegion1_src_addr             
00000000  __TI_ATRegion1_trg_addr             
00000000  __TI_ATRegion2_region_sz            
00000000  __TI_ATRegion2_src_addr             
00000000  __TI_ATRegion2_trg_addr             
00000000  __TI_static_base__                  
00000000  interruptVectors                    
00000200  __STACK_SIZE                        
00000200  __SYSMEM_SIZE                       
00014238  SHT$$INIT_ARRAY$$Base               
00014240  SHT$$INIT_ARRAY$$Limit              
00014241  main                                
0001531d  _ZN7Machine10updateCartEh           
00015845  _ZN7Machine10updateRockEh           
00015c8d  _Z17setUpInstructionsh              
0001609d  _ZN7Machine13updateRefinerEh        
00016461  _ZN7Machine14updateCountersEhPS_    
000167ed  _ZN7Machine13printCountersEPS_      
00016a9d  _ZN7Machine12printRefinerEv         
00016d49  _ZN7Machine16updateTurnInAreaEh     
00016fa1  _ZN6Player8inBoundsEssPP7Machinehh  
000171e5  _Z17ST7735_DrawBitmapssPKtss        
000173f5  _ZN7Machine9printCartEv             
000175cd  _Z15Clock_Init80MHzi                
00017781  _Z15ST7735_DrawCharsscssh           
00017925  _Z16ST7735_DrawCharSsscssh          
00017ac5  _ZN7Machine9printRockEv             
00017c41  _ZN7Machine13cartSendErrorEhh       
00017f05  _ZN7Machine15printTurnInAreaEv      
00018041  _Z8ADC_InitP10ADC12_Regsjj          
00018169  _Z15ST7735_FillRectsssst            
00018281  aligned_alloc                       
00018281  memalign                            
00018395  _Z15randomizeOrdersv                
000184a5  _Z8SPI_Initv                        
0001859d  _Z18ST7735_SetRotationh             
00018691  add_device                          
0001877d  _Z9UART_Initv                       
00018865  free                                
0001894d  setvbuf                             
00018a2d  _Z10UART2_Initv                     
00018b09  _Z14ST7735_OutCharc                 
00018be1  _Z10printScoreshhh                  
00018cad  _Z20ST7735_DrawFastHLinessst        
00018d5d  _Z20ST7735_DrawFastVLinessst        
00018e0d  _Z14TimerG7_IntArmtjj               
00018f57  __aeabi_idiv0                       
00018f59  open                                
00018ff9  _Z17ST7735_InitPrintfv              
00019095  _ZN6Player14checkProximityE7Machine 
00019131  _Z12ST7735_InitR10initRFlags        
000191c9  _ZN6Player16resetCoordinatesEPsS0_  
00019261  _Z15TimerG12_IntArmjj               
000192f5  _Z11Sound_Starth                    
00019385  _Z17ST7735_DrawStringttPcs          
00019411  _ZN7MachineC1Ehhhhhhhhhh            
00019411  _ZN7MachineC2Ehhhhhhhhhh            
0001949d  _ZN8SlidePot4InitEv                 
000195b1  strcmp                              
00019639  _ZN7MachineC1Ehhhhhhhhh             
00019639  _ZN7MachineC2Ehhhhhhhhh             
000196bd  _Z14LaunchPad_Initv                 
00019739  __TI_closefile                      
000197b5  __TI_decompress_lzss                
00019831  UART2_IRQHandler                    
000198a5  _Z13IRxmt_SendBiti                  
00019919  _Z16ST7735_DrawPixelsst             
00019989  _ZN6Player15getMachineInputE7Machine
000199f7  _nop                                
000199f9  HOSTlseek                           
00019a65  HOSTrename                          
00019b3d  getdevice                           
00019ba9  _ZN7MachineC1Ehhhhhh                
00019ba9  _ZN7MachineC2Ehhhhhh                
00019c71  HOSTopen                            
00019cd1  HOSTread                            
00019d29  HOSTwrite                           
00019d81  SysTick_Handler                     
00019dd9  _Z10TExaS_InitP10ADC12_RegsjPFhvE   
00019e31  __aeabi_idiv                        
00019e31  __aeabi_idivmod                     
00019e89  _ZN6Player14printPosessionEh        
00019edd  _ZN6Player8moveLeftEv               
00019f31  _ZN6Player9moveRightEv              
00019f85  _ZN8SlidePot2InEv                   
00019fd9  __TI_auto_init_nobinit              
0001a02d  _ZN6Player8moveDownEv               
0001a07f  __TI_doflush                        
0001a121  close                               
0001a171  _ZN5Queue3GetEPc                    
0001a1bd  _ZN5Queue3PutEc                     
0001a209  HOSTclose                           
0001a251  HOSTunlink                          
0001a299  _Z13IRxmt_OutCharc                  
0001a2e1  _Z14SPI_OutCommandc                 
0001a329  _Z8checkWinv                        
0001a36d  TIMG7_IRQHandler                    
0001a3ad  _Z10Sound_Initv                     
0001a3ed  _Z9SPI_Resetv                       
0001a42d  __aeabi_uidiv                       
0001a42d  __aeabi_uidivmod                    
0001a4ed  TIMG12_IRQHandler                   
0001a529  _Z9DAC5_Initv                       
0001a565  _ZN6Player6moveUpEv                 
0001a5a1  _Z11SPI_OutDatac                    
0001a5d9  _Z15ActivatePortA_Bv                
0001a611  _Z12ST7735_writeiPKcj               
0001a645  _Z14Clock_Delay1msj                 
0001a679  _Z16ST7735_SetCursorjj              
0001a6ad  __TI_cleanup                        
0001a6e1  __TI_readmsg                        
0001a715  __TI_writemsg                       
0001a741  C$$IO$$                             
0001a749  exit                                
0001a77d  finddevice                          
0001a7b1  freopen                             
0001a815  _ZN6Player14translateRightEv        
0001a9c5  fopen                               
0001a9f5  _Z12UART2_InCharv                   
0001aa21  _Z17ST7735_FillScreent              
0001aa4d  _ZN6Player13translateDownEv         
0001aa79  _ZN6Player13translateLeftEv         
0001aad1  unlink                              
0001aafd  _ZN7Machine13menuPrintCartEv        
0001ab29  _Z10IRxmt_Initv                     
0001ab51  _Z9ADC_StartP10ADC12_Regs           
0001abc9  write                               
0001abf1  _c_int00_noargs                     
0001ac19  _Z16ST7735_OutStringPc              
0001ac41  _ZN8SlidePot4SaveEj                 
0001adcd  _ZN5Queue6IsFullEv                  
0001adf1  _Z8DAC5_Outj                        
0001ae11  _ZN8SlidePot4SyncEv                 
0001ae91  ADC0_IRQHandler                     
0001ae91  ADC1_IRQHandler                     
0001ae91  AES_IRQHandler                      
0001ae91  CANFD0_IRQHandler                   
0001ae91  DAC0_IRQHandler                     
0001ae91  DMA_IRQHandler                      
0001ae91  Default_Handler                     
0001ae91  GROUP0_IRQHandler                   
0001ae91  GROUP1_IRQHandler                   
0001ae91  I2C0_IRQHandler                     
0001ae91  I2C1_IRQHandler                     
0001ae91  NMI_Handler                         
0001ae91  PendSV_Handler                      
0001ae91  RTC_IRQHandler                      
0001ae91  SPI0_IRQHandler                     
0001ae91  SPI1_IRQHandler                     
0001ae91  SVC_Handler                         
0001ae91  TIMA0_IRQHandler                    
0001ae91  TIMA1_IRQHandler                    
0001ae91  TIMG0_IRQHandler                    
0001ae91  TIMG6_IRQHandler                    
0001ae91  TIMG8_IRQHandler                    
0001ae91  UART0_IRQHandler                    
0001ae91  UART1_IRQHandler                    
0001ae91  UART3_IRQHandler                    
0001aead  HardFault_Handler                   
0001aec9  _Z9Switch_Inv                       
0001aee5  _ZN6PlayerC1Ev                      
0001aee5  _ZN6PlayerC2Ev                      
0001af1d  _Z11Switch_Initv                    
0001af35  _Z11ST7735_openPKcji                
0001af4b  _Z11ST7735_readiPcj                 
0001af61  __TI_zero_init_nomemset             
0001af77  _ZN5Queue7IsEmptyEv                 
0001af8b  _ZN6Player13setPossessionEh         
0001af9d  _ZN6Player7setXPosEs                
0001afaf  _ZN6Player7setYPosEs                
0001afc1  _ZN7Machine11setRockTypeEh          
0001afd3  _ZN7Machine9setSpriteEh             
0001afe5  TI_memcpy_small                     
0001aff7  __TI_decompress_none                
0001b009  _Z11Clock_Delayj                    
0001b019  _Z12UART2_Enablev                   
0001b029  _Z13UART2_Disablev                  
0001b039  _Z28TExaS_LaunchPadLogicPB27PB26v   
0001b049  _ZN5QueueC1Ev                       
0001b049  _ZN5QueueC2Ev                       
0001b097  _Z12ST7735_lseekili                 
0001b0a5  _ZN6Player7getXPosEv                
0001b0b3  _ZN6Player7getYPosEv                
0001b0c1  _ZN8SlidePotC1Ev                    
0001b0c1  _ZN8SlidePotC2Ev                    
0001b0eb  TI_memset_small                     
0001b0f9  _Z10Clock_Freqv                     
0001b105  _Z13ST7735_renamePKcS0_             
0001b111  _Z5Delayj                           
0001b11d  _ZN6Player7getSizeEv                
0001b129  _ZN8SlidePot9DistanceXEv            
0001b135  _ZN8SlidePot9DistanceYEv            
0001b141  __aeabi_memclr                      
0001b141  __aeabi_memclr4                     
0001b141  __aeabi_memclr8                     
0001b14d  malloc                              
0001b159  _Z11Sound_Clangv                    
0001b163  _Z11Sound_Wrongv                    
0001b16d  _Z12ST7735_closei                   
0001b177  _Z13ST7735_unlinkPKc                
0001b181  _Z13Sound_Correctv                  
0001b18b  _Z8PLL_Initv                        
0001b19d  __aeabi_memcpy                      
0001b19d  __aeabi_memcpy4                     
0001b19d  __aeabi_memcpy8                     
0001b1a5  remove                              
0001b1ad  Reset_Handler                       
0001b1b1  _system_pre_init                    
0001b1b4  C$$EXIT                             
0001b1b5  abort                               
0001ba84  __TI_Handler_Table_Base             
0001ba90  __TI_Handler_Table_Limit            
0001ba98  __TI_CINIT_Base                     
0001baa8  __TI_CINIT_Limit                    
0001baa8  __TI_CINIT_Warm                     
20200000  __start___llvm_prf_bits             
20200000  __start___llvm_prf_cnts             
20200000  __stop___llvm_prf_bits              
20200000  __stop___llvm_prf_cnts              
20201b44  _ftable                             
20201c34  sprites                             
20201cc4  _device                             
20201d3c  _stream                             
20201d8c  Counters                            
20201dc8  Phrases                             
20201df8  machineArr1                         
20201e28  Counters2                           
20201e58  FIFO2                               
20201e80  Instructions                        
20201ea8  m_anvil                             
20201eb7  m_cart1                             
20201ec6  m_cart2                             
20201ed5  m_counter1                          
20201ee4  m_counter2                          
20201ef3  m_counter3                          
20201f02  m_counter4                          
20201f11  m_counter5                          
20201f20  m_counter6                          
20201f2f  m_portal                            
20201f3e  m_refiner                           
20201f4d  m_rock1                             
20201f5c  m_rock1Mid                          
20201f6b  m_rock1Progress                     
20201f7a  m_rock1Top                          
20201f89  m_rock2                             
20201f98  m_rock2Mid                          
20201fa7  m_rock2Top                          
20201fb6  m_smelter                           
20201fc5  m_smelterProgress                   
20201fd4  m_todo                              
20201fe3  m_todoDown                          
20201ff2  StTextColor                         
20201ff4  Sensor                              
20202000  __TI_cleanup_ptr                    
20202004  __TI_dtors_ptr                      
20202008  p1                                  
20202010  BusFreq                             
20202014  StX                                 
20202018  StY                                 
2020201c  __TI_ft_end                         
20202020  _lock                               
20202024  _unlock                             
2020202c  clang_size                          
2020202e  correct_size                        
20202030  wrong_size                          
20202039  deadTimer                           
2020203a  input                               
2020203b  numCounters                         
2020203d  progH                               
2020203e  progW                               
20202048  _sys_memory                         
20202248  _CIOBUF_                            
20202248  __CIOBUF_                           
20202368  __TI_tmpnams                        
20202408  ToDoArr                             
2020241c  parmbuf                             
20202424  LostData                            
20202428  TExaSLogic                          
2020242c  TExaSadc                            
20202430  soundArr                            
20202434  soundIndex                          
2020243c  score                               
2020243e  soundLength                         
20202444  buttons                             
20202445  sound_flag                          
20202446  toDoOpen                            
20207e00  __stack                             
20208000  __STACK_END                         
ffffffff  __TI_pprof_out_hndl                 
ffffffff  __TI_prof_data_size                 
ffffffff  __TI_prof_data_start                
ffffffff  __binit__                           
ffffffff  binit                               
UNDEFED   __mpu_init                          
UNDEFED   _system_post_cinit                  

[299 symbols]
