******************************************************************************
            TI ARM Clang Linker PC v4.0.1                      
******************************************************************************
>> Linked Thu Apr 10 12:48:36 2025

OUTPUT FILE NAME:   <MadMines.out>
ENTRY POINT SYMBOL: "_c_int00_noargs"  address: 00001f11


MEMORY CONFIGURATION

         name            origin    length      used     unused   attr    fill
----------------------  --------  ---------  --------  --------  ----  --------
  FLASH                 00000000   00020000  00003270  0001cd90  R  X
  SRAM                  20200000   00008000  000007d9  00007827  RW X
  BCR_CONFIG            41c00000   00000080  00000000  00000080  R   
  BSL_CONFIG            41c00100   00000080  00000000  00000080  R   


SEGMENT ALLOCATION MAP

run origin  load origin   length   init length attrs members
----------  ----------- ---------- ----------- ----- -------
00000000    00000000    00003270   00003270    r-x
  00000000    00000000    000000c0   000000c0    r-- .intvecs
  000000c0    000000c0    00002050   00002050    r-x .text
  00002110    00002110    000010c0   000010c0    r-- .rodata
  000031d0    000031d0    00000008   00000008    r-- .init_array
  000031d8    000031d8    00000098   00000098    r-- .cinit
20200000    20200000    000005dc   00000000    rw-
  20200000    20200000    00000200   00000000    rw- .sysmem
  20200200    20200200    00000201   00000000    rw- .data
  20200404    20200404    000001d8   00000000    rw- .bss
20207e00    20207e00    00000200   00000000    rw-
  20207e00    20207e00    00000200   00000000    rw- .stack


SECTION ALLOCATION MAP

 output                                  attributes/
section   page    origin      length       input sections
--------  ----  ----------  ----------   ----------------
.intvecs   0    00000000    000000c0     
                  00000000    000000c0     startup_mspm0g3507_ticlang.o (.intvecs)

.binit     0    00000000    00000000     

.text      0    000000c0    00002050     
                  000000c0    00000210     ST7735.o (.text._Z17ST7735_DrawBitmapssPKtss)
                  000002d0    000001b4     Clock.o (.text._Z15Clock_Init80MHzi)
                  00000484    000001a0     ST7735.o (.text._Z16ST7735_DrawCharSsscssh)
                  00000624    00000154     libc.a : fopen.c.obj (.text._openfile)
                  00000778    00000118     ST7735.o (.text._Z15ST7735_FillRectsssst)
                  00000890    00000114     libc.a : memory.c.obj (.text.aligned_alloc)
                  000009a4    000000f8     SPI.o (.text._Z8SPI_Initv)
                  00000a9c    000000f4     ST7735.o (.text._Z18ST7735_SetRotationh)
                  00000b90    000000ec     libsysbm.a : add_device.c.obj (.text.add_device)
                  00000c7c    000000e8     libc.a : memory.c.obj (.text.free)
                  00000d64    000000e0            : setvbuf.c.obj (.text.setvbuf)
                  00000e44    000000d8     Lab9HMain.o (.text.main)
                  00000f1c    000000d0     ST7735.o (.text._Z14ST7735_OutCharc)
                  00000fec    000000a2     ST7735.o (.text._ZL11commandListPKh)
                  0000108e    00000002     Sound.o (.text.SysTick_Handler)
                  00001090    000000a0     libsysbm.a : open.c.obj (.text.open)
                  00001130    0000009c     ST7735.o (.text._Z17ST7735_InitPrintfv)
                  000011cc    00000098     ST7735.o (.text._Z12ST7735_InitR10initRFlags)
                  00001264    00000088     ST7735.o (.text._ZL13setAddrWindowhhhh)
                  000012ec    00000004     libc.a : pre_init.c.obj (.text._system_pre_init)
                  000012f0    00000088            : strcmp-armv6m.S.obj (.text:strcmp)
                  00001378    00000084     ST7735.o (.text._Z17ST7735_DrawStringttPcs)
                  000013fc    0000007c     LaunchPad.o (.text._Z14LaunchPad_Initv)
                  00001478    0000007c     libc.a : fclose.c.obj (.text.__TI_closefile)
                  000014f4    0000007c            : copy_decompress_lzss.c.obj (.text:decompress:lzss)
                  00001570    00000070     ST7735.o (.text._Z16ST7735_DrawPixelsst)
                  000015e0    0000006c     libsysbm.a : hostlseek.c.obj (.text.HOSTlseek)
                  0000164c    0000006c                : hostrename.c.obj (.text.HOSTrename)
                  000016b8    0000006c     libc.a : getdevice.c.obj (.text.getdevice)
                  00001724    00000064            : memory.c.obj (.text.split)
                  00001788    00000060     libsysbm.a : hostopen.c.obj (.text.HOSTopen)
                  000017e8    00000058                : hostread.c.obj (.text.HOSTread)
                  00001840    00000058                : hostwrite.c.obj (.text.HOSTwrite)
                  00001898    00000054     libc.a : autoinit.c.obj (.text:__TI_auto_init_nobinit)
                  000018ec    00000052            : fflush.c.obj (.text.__TI_doflush)
                  0000193e    00000002     libclang_rt.builtins.a : aeabi_div0.c.obj (.text.__aeabi_idiv0)
                  00001940    00000050     libsysbm.a : close.c.obj (.text.close)
                  00001990    00000048                : hostclose.c.obj (.text.HOSTclose)
                  000019d8    00000048                : hostunlink.c.obj (.text.HOSTunlink)
                  00001a20    00000048     SPI.o (.text._Z14SPI_OutCommandc)
                  00001a68    00000040     TExaS.o (.text.TIMG7_IRQHandler)
                  00001aa8    00000040     SPI.o (.text._Z9SPI_Resetv)
                  00001ae8    00000040     libclang_rt.builtins.a : aeabi_uidivmod.S.obj (.text.__aeabi_uidivmod)
                  00001b28    00000040     libc.a : fopen.c.obj (.text._search_fp)
                  00001b68    00000038     SPI.o (.text._Z11SPI_OutDatac)
                  00001ba0    00000038     LaunchPad.o (.text._Z15ActivatePortA_Bv)
                  00001bd8    00000034     ST7735.o (.text._Z12ST7735_writeiPKcj)
                  00001c0c    00000034     Clock.o (.text._Z14Clock_Delay1msj)
                  00001c40    00000034     ST7735.o (.text._Z16ST7735_SetCursorjj)
                  00001c74    00000034     libc.a : fopen.c.obj (.text.__TI_cleanup)
                  00001ca8    00000034     libsysbm.a : trgmsg.c.obj (.text.__TI_readmsg)
                  00001cdc    00000034                : trgmsg.c.obj (.text.__TI_writemsg)
                  00001d10    00000034     libc.a : exit.c.obj (.text.exit)
                  00001d44    00000034            : getdevice.c.obj (.text.finddevice)
                  00001d78    00000034            : fopen.c.obj (.text.freopen)
                  00001dac    00000032     ST7735.o (.text._Z15ST7735_Color565hhh)
                  00001dde    00000002     libc.a : _lock.c.obj (.text._nop)
                  00001de0    00000030     ST7735.o (.text._ZL10commonInitPKh)
                  00001e10    00000030     libc.a : fopen.c.obj (.text.fopen)
                  00001e40    0000002c     ST7735.o (.text._Z17ST7735_FillScreent)
                  00001e6c    0000002c     libsysbm.a : unlink.c.obj (.text.unlink)
                  00001e98    00000028     Lab9HMain.o (.text.TIMG12_IRQHandler)
                  00001ec0    00000028     libc.a : memory.c.obj (.text.free_list_insert)
                  00001ee8    00000028     libsysbm.a : write.c.obj (.text.write)
                  00001f10    00000028     libc.a : boot_cortex_m.c.obj (.text:_c_int00_noargs)
                  00001f38    0000001e     ST7735.o (.text._ZL9pushColort)
                  00001f56    00000002     --HOLE-- [fill = 0]
                  00001f58    0000001c     startup_mspm0g3507_ticlang.o (.text.Default_Handler)
                  00001f74    0000001c     startup_mspm0g3507_ticlang.o (.text.HardFault_Handler)
                  00001f90    0000001c     libc.a : memory.c.obj (.text.free_list_remove)
                  00001fac    00000018     Lab9HMain.o (.text.__cxx_global_var_init)
                  00001fc4    00000016     ST7735.o (.text._Z11ST7735_openPKcji)
                  00001fda    00000016     ST7735.o (.text._Z11ST7735_readiPcj)
                  00001ff0    00000016     SlidePot.o (.text._ZN8SlidePotC2Ejj)
                  00002006    00000016     libc.a : copy_zero_init.c.obj (.text:decompress:ZI:__TI_zero_init_nomemset)
                  0000201c    00000012            : memcpy16.S.obj (.text:TI_memcpy_small)
                  0000202e    00000012            : copy_decompress_none.c.obj (.text:decompress:none)
                  00002040    00000010     Clock.o (.text._Z11Clock_Delayj)
                  00002050    0000000e     libc.a : memory.c.obj (.text.OUTLINED_FUNCTION_0)
                  0000205e    0000000e     ST7735.o (.text._Z12ST7735_lseekili)
                  0000206c    0000000e     libsysbm.a : hostrename.c.obj (.text.strcpy)
                  0000207a    0000000e                : hostrename.c.obj (.text.strlen)
                  00002088    0000000e     libc.a : memset16.S.obj (.text:TI_memset_small)
                  00002096    00000002     --HOLE-- [fill = 0]
                  00002098    0000000c     Clock.o (.text._Z10Clock_Freqv)
                  000020a4    0000000c     ST7735.o (.text._Z13ST7735_renamePKcS0_)
                  000020b0    0000000c     libclang_rt.builtins.a : aeabi_memset.S.obj (.text.__aeabi_memclr)
                  000020bc    0000000c     libc.a : memory.c.obj (.text.malloc)
                  000020c8    0000000a     ST7735.o (.text._Z12ST7735_closei)
                  000020d2    0000000a     ST7735.o (.text._Z13ST7735_unlinkPKc)
                  000020dc    0000000a     Lab9HMain.o (.text._Z8PLL_Initv)
                  000020e6    00000008     Lab9HMain.o (.text._GLOBAL__sub_I_Lab9HMain.cpp)
                  000020ee    00000002     --HOLE-- [fill = 0]
                  000020f0    00000008     libclang_rt.builtins.a : aeabi_memcpy.S.obj (.text.__aeabi_memcpy)
                  000020f8    00000008     libsysbm.a : remove.c.obj (.text.remove)
                  00002100    00000004     startup_mspm0g3507_ticlang.o (.text.Reset_Handler)
                  00002104    00000004     libc.a : exit.c.obj (.text:abort)
                  00002108    00000008     --HOLE-- [fill = 0]

.cinit     0    000031d8    00000098     
                  000031d8    0000006e     (.cinit..data.load) [load image, compression = lzss]
                  00003246    00000002     --HOLE-- [fill = 0]
                  00003248    0000000c     (__TI_handler_table)
                  00003254    00000008     (.cinit..bss.load) [load image, compression = zero_init]
                  0000325c    00000010     (__TI_cinit_table)
                  0000326c    00000004     --HOLE-- [fill = 0]

.rodata    0    00002110    000010c0     
                  00002110    00000888     Lab9HMain.o (.rodata._ZL4Rock)
                  00002998    000004fb     ST7735.o (.rodata._ZL4Font)
                  00002e93    00000001     --HOLE-- [fill = 0]
                  00002e94    000000d8     Lab9HMain.o (.rodata._ZL4Ruby)
                  00002f6c    000000d8     Lab9HMain.o (.rodata._ZL7Diamond)
                  00003044    000000d8     Lab9HMain.o (.rodata._ZL7Emerald)
                  0000311c    0000003b     ST7735.o (.rodata._ZL5Rcmd1)
                  00003157    0000002b     ST7735.o (.rodata._ZL5Rcmd3)
                  00003182    00000016     ST7735.o (.rodata.str1.145533100666594254441)
                  00003198    0000000d     ST7735.o (.rodata._ZL10Rcmd2green)
                  000031a5    0000000d     ST7735.o (.rodata._ZL8Rcmd2red)
                  000031b2    00000008     ST7735.o (.rodata.str1.74455504091578136031)
                  000031ba    00000007     ST7735.o (.rodata.str1.70397418904557661531)
                  000031c1    00000007     ST7735.o (.rodata.str1.94386759871288863331)
                  000031c8    00000002     ST7735.o (.rodata.str1.79068154596109554801)
                  000031ca    00000006     --HOLE-- [fill = 0]

.init_array 
*          0    000031d0    00000008     
                  000031d0    00000004     Lab9HMain.o (.init_array)
                  000031d4    00000004     --HOLE-- [fill = 0]

.sysmem    0    20200000    00000200     UNINITIALIZED
                  20200000    00000010     libc.a : memory.c.obj (.sysmem)
                  20200010    000001f0     --HOLE--

.data      0    20200200    00000201     UNINITIALIZED
                  20200200    000000f0     libc.a : defs.c.obj (.data._ftable)
                  202002f0    00000078     libsysbm.a : host_device.c.obj (.data._device)
                  20200368    00000050                : host_device.c.obj (.data._stream)
                  202003b8    00000018     Lab9HMain.o (.data.Sensor)
                  202003d0    00000008     libc.a : exit.c.obj (.data..L_MergedGlobals)
                  202003d8    00000004     Clock.o (.data.BusFreq)
                  202003dc    00000004     ST7735.o (.data.StX)
                  202003e0    00000004     ST7735.o (.data.StY)
                  202003e4    00000004     libc.a : defs.c.obj (.data.__TI_ft_end)
                  202003e8    00000004            : _lock.c.obj (.data._lock)
                  202003ec    00000004            : _lock.c.obj (.data._unlock)
                  202003f0    00000002     ST7735.o (.data.StTextColor)
                  202003f2    00000002     ST7735.o (.data._ZL6_width)
                  202003f4    00000002     ST7735.o (.data._ZL7_height)
                  202003f6    00000002     --HOLE--
                  202003f8    00000001     libsysbm.a : add_device.c.obj (.data.add_device.device_init)
                  202003f9    00000003     --HOLE--
                  202003fc    00000001     libc.a : memory.c.obj (.data.memory_is_initialized)
                  202003fd    00000003     --HOLE--
                  20200400    00000001     libsysbm.a : open.c.obj (.data.open.stream_init)

.bss       0    20200404    000001d8     UNINITIALIZED
                  20200404    00000120     libsysbm.a : trgmsg.c.obj (.bss:_CIOBUF_)
                  20200524    000000a0     libc.a : defs.c.obj (.bss.__TI_tmpnams)
                  202005c4    00000008     libsysbm.a : hostopen.c.obj (.bss.parmbuf)
                  202005cc    00000004     TExaS.o (.bss.TExaSLogic)
                  202005d0    00000004     TExaS.o (.bss.TExaSadc)
                  202005d4    00000004     libc.a : memory.c.obj (.bss.sys_free)
                  202005d8    00000001     ST7735.o (.bss._ZL8ColStart)
                  202005d9    00000001     ST7735.o (.bss._ZL8Rotation)
                  202005da    00000001     ST7735.o (.bss._ZL8RowStart)
                  202005db    00000001     ST7735.o (.bss._ZL8TabColor)

.stack     0    20207e00    00000200     UNINITIALIZED
                  20207e00    00000004     libc.a : boot_cortex_m.c.obj (.stack)
                  20207e04    000001fc     --HOLE--

__llvm_prf_cnts 
*          0    20200000    00000000     UNINITIALIZED

__llvm_prf_bits 
*          0    20200000    00000000     UNINITIALIZED

MODULE SUMMARY

       Module                         code   ro data   rw data
       ------                         ----   -------   -------
    .\
       ST7735.o                       2892   1449      18     
       Lab9HMain.o                    298    2836      24     
       Clock.o                        516    0         4      
       SPI.o                          440    0         0      
       LaunchPad.o                    180    0         0      
       TExaS.o                        64     0         8      
       SlidePot.o                     22     0         0      
       Sound.o                        2      0         0      
    +--+------------------------------+------+---------+---------+
       Total:                         4414   4285      54     
                                                              
    .\ticlang\
       startup_mspm0g3507_ticlang.o   60     192       0      
    +--+------------------------------+------+---------+---------+
       Total:                         60     192       0      
                                                              
    C:\ti\ccs2000\ccs\tools\compiler\ti-cgt-armllvm_4.0.1.LTS\lib\armv6m-ti-none-eabi/c/libc.a
       memory.c.obj                   702    0         5      
       fopen.c.obj                    556    0         0      
       defs.c.obj                     0      0         404    
       setvbuf.c.obj                  224    0         0      
       getdevice.c.obj                160    0         0      
       strcmp-armv6m.S.obj            136    0         0      
       copy_decompress_lzss.c.obj     124    0         0      
       fclose.c.obj                   124    0         0      
       autoinit.c.obj                 84     0         0      
       fflush.c.obj                   82     0         0      
       exit.c.obj                     56     0         8      
       boot_cortex_m.c.obj            40     0         0      
       copy_zero_init.c.obj           22     0         0      
       copy_decompress_none.c.obj     18     0         0      
       memcpy16.S.obj                 18     0         0      
       memset16.S.obj                 14     0         0      
       _lock.c.obj                    2      0         8      
       pre_init.c.obj                 4      0         0      
    +--+------------------------------+------+---------+---------+
       Total:                         2366   0         425    
                                                              
    C:\ti\ccs2000\ccs\tools\compiler\ti-cgt-armllvm_4.0.1.LTS\lib\armv6m-ti-none-eabi/c/libsysbm.a
       trgmsg.c.obj                   104    0         288    
       add_device.c.obj               236    0         1      
       host_device.c.obj              0      0         200    
       open.c.obj                     160    0         1      
       hostrename.c.obj               136    0         0      
       hostlseek.c.obj                108    0         0      
       hostopen.c.obj                 96     0         8      
       hostread.c.obj                 88     0         0      
       hostwrite.c.obj                88     0         0      
       close.c.obj                    80     0         0      
       hostclose.c.obj                72     0         0      
       hostunlink.c.obj               72     0         0      
       unlink.c.obj                   44     0         0      
       write.c.obj                    40     0         0      
       remove.c.obj                   8      0         0      
    +--+------------------------------+------+---------+---------+
       Total:                         1332   0         498    
                                                              
    C:\ti\ccs2000\ccs\tools\compiler\ti-cgt-armllvm_4.0.1.LTS\lib\armv6m-ti-none-eabi/libclang_rt.builtins.a
       aeabi_uidivmod.S.obj           64     0         0      
       aeabi_memset.S.obj             12     0         0      
       aeabi_memcpy.S.obj             8      0         0      
       aeabi_div0.c.obj               2      0         0      
    +--+------------------------------+------+---------+---------+
       Total:                         86     0         0      
                                                              
       Heap:                          0      0         512    
       Stack:                         0      0         512    
       Linker Generated:              0      146       0      
    +--+------------------------------+------+---------+---------+
       Grand Total:                   8258   4623      2001   


LINKER GENERATED COPY TABLES

__TI_cinit_table @ 0000325c records: 2, size/record: 8, table size: 16
	.data: load addr=000031d8, load size=0000006e bytes, run addr=20200200, run size=00000201 bytes, compression=lzss
	.bss: load addr=00003254, load size=00000008 bytes, run addr=20200404, run size=000001d8 bytes, compression=zero_init


LINKER GENERATED HANDLER TABLE

__TI_handler_table @ 00003248 records: 3, size/record: 4, table size: 12
	index: 0, handler: __TI_decompress_lzss
	index: 1, handler: __TI_decompress_none
	index: 2, handler: __TI_zero_init


GLOBAL SYMBOLS: SORTED ALPHABETICALLY BY Name 

address   name                        
-------   ----                        
00001f59  ADC0_IRQHandler             
00001f59  ADC1_IRQHandler             
00001f59  AES_IRQHandler              
202003d8  BusFreq                     
00002104  C$$EXIT                     
00001d09  C$$IO$$                     
00001f59  CANFD0_IRQHandler           
00001f59  DAC0_IRQHandler             
00001f59  DMA_IRQHandler              
00001f59  Default_Handler             
00001f59  GROUP0_IRQHandler           
00001f59  GROUP1_IRQHandler           
00001991  HOSTclose                   
000015e1  HOSTlseek                   
00001789  HOSTopen                    
000017e9  HOSTread                    
0000164d  HOSTrename                  
000019d9  HOSTunlink                  
00001841  HOSTwrite                   
00001f75  HardFault_Handler           
00001f59  I2C0_IRQHandler             
00001f59  I2C1_IRQHandler             
00001f59  NMI_Handler                 
00001f59  PendSV_Handler              
00001f59  RTC_IRQHandler              
00002101  Reset_Handler               
000031d0  SHT$$INIT_ARRAY$$Base       
000031d4  SHT$$INIT_ARRAY$$Limit      
00001f59  SPI0_IRQHandler             
00001f59  SPI1_IRQHandler             
00001f59  SVC_Handler                 
202003b8  Sensor                      
202003f0  StTextColor                 
202003dc  StX                         
202003e0  StY                         
0000108f  SysTick_Handler             
202005cc  TExaSLogic                  
202005d0  TExaSadc                    
00001f59  TIMA0_IRQHandler            
00001f59  TIMA1_IRQHandler            
00001f59  TIMG0_IRQHandler            
00001e99  TIMG12_IRQHandler           
00001f59  TIMG6_IRQHandler            
00001a69  TIMG7_IRQHandler            
00001f59  TIMG8_IRQHandler            
0000201d  TI_memcpy_small             
00002089  TI_memset_small             
00001f59  UART0_IRQHandler            
00001f59  UART1_IRQHandler            
00001f59  UART2_IRQHandler            
00001f59  UART3_IRQHandler            
20200404  _CIOBUF_                    
00002099  _Z10Clock_Freqv             
00002041  _Z11Clock_Delayj            
00001b69  _Z11SPI_OutDatac            
00001fc5  _Z11ST7735_openPKcji        
00001fdb  _Z11ST7735_readiPcj         
000011cd  _Z12ST7735_InitR10initRFlags
000020c9  _Z12ST7735_closei           
0000205f  _Z12ST7735_lseekili         
00001bd9  _Z12ST7735_writeiPKcj       
000020a5  _Z13ST7735_renamePKcS0_     
000020d3  _Z13ST7735_unlinkPKc        
00001c0d  _Z14Clock_Delay1msj         
000013fd  _Z14LaunchPad_Initv         
00001a21  _Z14SPI_OutCommandc         
00000f1d  _Z14ST7735_OutCharc         
00001ba1  _Z15ActivatePortA_Bv        
000002d1  _Z15Clock_Init80MHzi        
00001dad  _Z15ST7735_Color565hhh      
00000779  _Z15ST7735_FillRectsssst    
00000485  _Z16ST7735_DrawCharSsscssh  
00001571  _Z16ST7735_DrawPixelsst     
00001c41  _Z16ST7735_SetCursorjj      
000000c1  _Z17ST7735_DrawBitmapssPKtss
00001379  _Z17ST7735_DrawStringttPcs  
00001e41  _Z17ST7735_FillScreent      
00001131  _Z17ST7735_InitPrintfv      
00000a9d  _Z18ST7735_SetRotationh     
000020dd  _Z8PLL_Initv                
000009a5  _Z8SPI_Initv                
00001aa9  _Z9SPI_Resetv               
00001ff1  _ZN8SlidePotC1Ejj           
00001ff1  _ZN8SlidePotC2Ejj           
20200404  __CIOBUF_                   
20208000  __STACK_END                 
00000200  __STACK_SIZE                
00000200  __SYSMEM_SIZE               
00000000  __TI_ATRegion0_region_sz    
00000000  __TI_ATRegion0_src_addr     
00000000  __TI_ATRegion0_trg_addr     
00000000  __TI_ATRegion1_region_sz    
00000000  __TI_ATRegion1_src_addr     
00000000  __TI_ATRegion1_trg_addr     
00000000  __TI_ATRegion2_region_sz    
00000000  __TI_ATRegion2_src_addr     
00000000  __TI_ATRegion2_trg_addr     
0000325c  __TI_CINIT_Base             
0000326c  __TI_CINIT_Limit            
0000326c  __TI_CINIT_Warm             
00003248  __TI_Handler_Table_Base     
00003254  __TI_Handler_Table_Limit    
00001899  __TI_auto_init_nobinit      
00001c75  __TI_cleanup                
202003d0  __TI_cleanup_ptr            
00001479  __TI_closefile              
000014f5  __TI_decompress_lzss        
0000202f  __TI_decompress_none        
000018ed  __TI_doflush                
202003d4  __TI_dtors_ptr              
202003e4  __TI_ft_end                 
ffffffff  __TI_pprof_out_hndl         
ffffffff  __TI_prof_data_size         
ffffffff  __TI_prof_data_start        
00001ca9  __TI_readmsg                
00000000  __TI_static_base__          
20200524  __TI_tmpnams                
00001cdd  __TI_writemsg               
00002007  __TI_zero_init_nomemset     
0000193f  __aeabi_idiv0               
000020b1  __aeabi_memclr              
000020b1  __aeabi_memclr4             
000020b1  __aeabi_memclr8             
000020f1  __aeabi_memcpy              
000020f1  __aeabi_memcpy4             
000020f1  __aeabi_memcpy8             
00001ae9  __aeabi_uidiv               
00001ae9  __aeabi_uidivmod            
ffffffff  __binit__                   
UNDEFED   __mpu_init                  
20207e00  __stack                     
20200000  __start___llvm_prf_bits     
20200000  __start___llvm_prf_cnts     
20200000  __stop___llvm_prf_bits      
20200000  __stop___llvm_prf_cnts      
00001f11  _c_int00_noargs             
202002f0  _device                     
20200200  _ftable                     
202003e8  _lock                       
00001ddf  _nop                        
20200368  _stream                     
20200000  _sys_memory                 
UNDEFED   _system_post_cinit          
000012ed  _system_pre_init            
202003ec  _unlock                     
00002105  abort                       
00000b91  add_device                  
00000891  aligned_alloc               
ffffffff  binit                       
00001941  close                       
00001d11  exit                        
00001d45  finddevice                  
00001e11  fopen                       
00000c7d  free                        
00001d79  freopen                     
000016b9  getdevice                   
00000000  interruptVectors            
00000e45  main                        
000020bd  malloc                      
00000891  memalign                    
00001091  open                        
202005c4  parmbuf                     
000020f9  remove                      
00000d65  setvbuf                     
000012f1  strcmp                      
00001e6d  unlink                      
00001ee9  write                       


GLOBAL SYMBOLS: SORTED BY Symbol Address 

address   name                        
-------   ----                        
00000000  __TI_ATRegion0_region_sz    
00000000  __TI_ATRegion0_src_addr     
00000000  __TI_ATRegion0_trg_addr     
00000000  __TI_ATRegion1_region_sz    
00000000  __TI_ATRegion1_src_addr     
00000000  __TI_ATRegion1_trg_addr     
00000000  __TI_ATRegion2_region_sz    
00000000  __TI_ATRegion2_src_addr     
00000000  __TI_ATRegion2_trg_addr     
00000000  __TI_static_base__          
00000000  interruptVectors            
000000c1  _Z17ST7735_DrawBitmapssPKtss
00000200  __STACK_SIZE                
00000200  __SYSMEM_SIZE               
000002d1  _Z15Clock_Init80MHzi        
00000485  _Z16ST7735_DrawCharSsscssh  
00000779  _Z15ST7735_FillRectsssst    
00000891  aligned_alloc               
00000891  memalign                    
000009a5  _Z8SPI_Initv                
00000a9d  _Z18ST7735_SetRotationh     
00000b91  add_device                  
00000c7d  free                        
00000d65  setvbuf                     
00000e45  main                        
00000f1d  _Z14ST7735_OutCharc         
0000108f  SysTick_Handler             
00001091  open                        
00001131  _Z17ST7735_InitPrintfv      
000011cd  _Z12ST7735_InitR10initRFlags
000012ed  _system_pre_init            
000012f1  strcmp                      
00001379  _Z17ST7735_DrawStringttPcs  
000013fd  _Z14LaunchPad_Initv         
00001479  __TI_closefile              
000014f5  __TI_decompress_lzss        
00001571  _Z16ST7735_DrawPixelsst     
000015e1  HOSTlseek                   
0000164d  HOSTrename                  
000016b9  getdevice                   
00001789  HOSTopen                    
000017e9  HOSTread                    
00001841  HOSTwrite                   
00001899  __TI_auto_init_nobinit      
000018ed  __TI_doflush                
0000193f  __aeabi_idiv0               
00001941  close                       
00001991  HOSTclose                   
000019d9  HOSTunlink                  
00001a21  _Z14SPI_OutCommandc         
00001a69  TIMG7_IRQHandler            
00001aa9  _Z9SPI_Resetv               
00001ae9  __aeabi_uidiv               
00001ae9  __aeabi_uidivmod            
00001b69  _Z11SPI_OutDatac            
00001ba1  _Z15ActivatePortA_Bv        
00001bd9  _Z12ST7735_writeiPKcj       
00001c0d  _Z14Clock_Delay1msj         
00001c41  _Z16ST7735_SetCursorjj      
00001c75  __TI_cleanup                
00001ca9  __TI_readmsg                
00001cdd  __TI_writemsg               
00001d09  C$$IO$$                     
00001d11  exit                        
00001d45  finddevice                  
00001d79  freopen                     
00001dad  _Z15ST7735_Color565hhh      
00001ddf  _nop                        
00001e11  fopen                       
00001e41  _Z17ST7735_FillScreent      
00001e6d  unlink                      
00001e99  TIMG12_IRQHandler           
00001ee9  write                       
00001f11  _c_int00_noargs             
00001f59  ADC0_IRQHandler             
00001f59  ADC1_IRQHandler             
00001f59  AES_IRQHandler              
00001f59  CANFD0_IRQHandler           
00001f59  DAC0_IRQHandler             
00001f59  DMA_IRQHandler              
00001f59  Default_Handler             
00001f59  GROUP0_IRQHandler           
00001f59  GROUP1_IRQHandler           
00001f59  I2C0_IRQHandler             
00001f59  I2C1_IRQHandler             
00001f59  NMI_Handler                 
00001f59  PendSV_Handler              
00001f59  RTC_IRQHandler              
00001f59  SPI0_IRQHandler             
00001f59  SPI1_IRQHandler             
00001f59  SVC_Handler                 
00001f59  TIMA0_IRQHandler            
00001f59  TIMA1_IRQHandler            
00001f59  TIMG0_IRQHandler            
00001f59  TIMG6_IRQHandler            
00001f59  TIMG8_IRQHandler            
00001f59  UART0_IRQHandler            
00001f59  UART1_IRQHandler            
00001f59  UART2_IRQHandler            
00001f59  UART3_IRQHandler            
00001f75  HardFault_Handler           
00001fc5  _Z11ST7735_openPKcji        
00001fdb  _Z11ST7735_readiPcj         
00001ff1  _ZN8SlidePotC1Ejj           
00001ff1  _ZN8SlidePotC2Ejj           
00002007  __TI_zero_init_nomemset     
0000201d  TI_memcpy_small             
0000202f  __TI_decompress_none        
00002041  _Z11Clock_Delayj            
0000205f  _Z12ST7735_lseekili         
00002089  TI_memset_small             
00002099  _Z10Clock_Freqv             
000020a5  _Z13ST7735_renamePKcS0_     
000020b1  __aeabi_memclr              
000020b1  __aeabi_memclr4             
000020b1  __aeabi_memclr8             
000020bd  malloc                      
000020c9  _Z12ST7735_closei           
000020d3  _Z13ST7735_unlinkPKc        
000020dd  _Z8PLL_Initv                
000020f1  __aeabi_memcpy              
000020f1  __aeabi_memcpy4             
000020f1  __aeabi_memcpy8             
000020f9  remove                      
00002101  Reset_Handler               
00002104  C$$EXIT                     
00002105  abort                       
000031d0  SHT$$INIT_ARRAY$$Base       
000031d4  SHT$$INIT_ARRAY$$Limit      
00003248  __TI_Handler_Table_Base     
00003254  __TI_Handler_Table_Limit    
0000325c  __TI_CINIT_Base             
0000326c  __TI_CINIT_Limit            
0000326c  __TI_CINIT_Warm             
20200000  __start___llvm_prf_bits     
20200000  __start___llvm_prf_cnts     
20200000  __stop___llvm_prf_bits      
20200000  __stop___llvm_prf_cnts      
20200000  _sys_memory                 
20200200  _ftable                     
202002f0  _device                     
20200368  _stream                     
202003b8  Sensor                      
202003d0  __TI_cleanup_ptr            
202003d4  __TI_dtors_ptr              
202003d8  BusFreq                     
202003dc  StX                         
202003e0  StY                         
202003e4  __TI_ft_end                 
202003e8  _lock                       
202003ec  _unlock                     
202003f0  StTextColor                 
20200404  _CIOBUF_                    
20200404  __CIOBUF_                   
20200524  __TI_tmpnams                
202005c4  parmbuf                     
202005cc  TExaSLogic                  
202005d0  TExaSadc                    
20207e00  __stack                     
20208000  __STACK_END                 
ffffffff  __TI_pprof_out_hndl         
ffffffff  __TI_prof_data_size         
ffffffff  __TI_prof_data_start        
ffffffff  __binit__                   
ffffffff  binit                       
UNDEFED   __mpu_init                  
UNDEFED   _system_post_cinit          

[167 symbols]
